
  EPA STORM WATER MANAGEMENT MODEL - VERSION 5.2 (Build 5.2.4)
  ------------------------------------------------------------

  Brunnmuehle (Twann) 
  WARNING 08: elevation drop exceeds length for Conduit SS3_L
  WARNING 08: elevation drop exceeds length for Conduit SS6_L
  WARNING 08: elevation drop exceeds length for Conduit 2
  WARNING 08: elevation drop exceeds length for Conduit 3
  WARNING 08: elevation drop exceeds length for Conduit 68
  WARNING 08: elevation drop exceeds length for Conduit 1_2_b_
  WARNING 08: elevation drop exceeds length for Conduit 1_2_b_2
  WARNING 08: elevation drop exceeds length for Conduit 1_4_b
  WARNING 08: elevation drop exceeds length for Conduit 1_5_a
  WARNING 08: elevation drop exceeds length for Conduit 1_6_b_1
  WARNING 04: minimum elevation drop used for Conduit 1_7_a
  WARNING 08: elevation drop exceeds length for Conduit 1_7_a_
  WARNING 08: elevation drop exceeds length for Conduit 1_7_a__
  WARNING 02: maximum depth increased for Node 2
  
  ****************
  Analysis Options
  ****************
  Flow Units ............... CMS
  Process Models:
    Rainfall/Runoff ........ NO
    RDII ................... NO
    Snowmelt ............... NO
    Groundwater ............ NO
    Flow Routing ........... YES
    Ponding Allowed ........ NO
    Water Quality .......... NO
  Flow Routing Method ...... DYNWAVE
  Surcharge Method ......... EXTRAN
  Starting Date ............ 01/01/2000 00:00:00
  Ending Date .............. 01/02/2000 00:00:00
  Antecedent Dry Days ...... 0.0
  Report Time Step ......... 01:00:00
  Routing Time Step ........ 0.50 sec
  Variable Time Step ....... YES
  Maximum Trials ........... 8
  Number of Threads ........ 1
  Head Tolerance ........... 0.001500 m
  
  
  **************************        Volume        Volume
  Flow Routing Continuity        hectare-m      10^6 ltr
  **************************     ---------     ---------
  Dry Weather Inflow .......         0.000         0.000
  Wet Weather Inflow .......         0.000         0.000
  Groundwater Inflow .......         0.000         0.000
  RDII Inflow ..............         0.000         0.000
  External Inflow ..........       133.343      1333.445
  External Outflow .........       126.321      1263.226
  Flooding Loss ............         0.000         0.000
  Evaporation Loss .........         0.000         0.000
  Exfiltration Loss ........         0.000         0.000
  Initial Stored Volume ....         0.056         0.563
  Final Stored Volume ......         0.455         4.546
  Continuity Error (%) .....         4.965
  
  
  *************************
  Highest Continuity Errors
  *************************
  Node 2 (-108.54%)
  Node Syst_Est_interm (100.00%)
  Node CentraleVentilation_1C (92.57%)
  Node Amont_Trappe (-81.44%)
  Node 54 (62.75%)
  
  
  ***************************
  Time-Step Critical Elements
  ***************************
  Link 1_7_a_ (13633.36%)
  Link 20 (74.90%)
  Link 1_4_a (3.18%)
  Link 1_7_a_1 (2.78%)
  
  
  ********************************
  Highest Flow Instability Indexes
  ********************************
  All links are stable.
  
  
  *********************************
  Most Frequent Nonconverging Nodes
  *********************************
  Node Brunnm_Fassung (29.55%)
  Node Brunnmuehle(Teich) (29.55%)
  Node Fensterstollen (29.55%)
  Node Gischeren (29.55%)
  Node Schuettstein (29.55%)
  
  
  *************************
  Routing Time Step Summary
  *************************
  Minimum Time Step           :     0.50 sec
  Average Time Step           :     0.50 sec
  Maximum Time Step           :     0.50 sec
  % of Time in Steady State   :    99.27
  Average Iterations per Step :     6.45
  % of Steps Not Converging   :    29.55
  Time Step Frequencies       :
      0.500 -  0.500 sec      :   100.00 %
      0.500 -  0.500 sec      :     0.00 %
      0.500 -  0.500 sec      :     0.00 %
      0.500 -  0.500 sec      :     0.00 %
      0.500 -  0.500 sec      :     0.00 %
  
  
  ******************
  Node Depth Summary
  ******************
  
  ---------------------------------------------------------------------------------
                                 Average  Maximum  Maximum  Time of Max    Reported
                                   Depth    Depth      HGL   Occurrence   Max Depth
  Node                 Type       Meters   Meters   Meters  days hr:min      Meters
  ---------------------------------------------------------------------------------
  9                    JUNCTION    43.07    46.37   484.87     0  00:00       43.10
  Holiloch_sonde       JUNCTION    40.09    44.84   484.84     0  00:00       40.12
  11                   JUNCTION    28.78    29.02   439.02     0  00:00       28.78
  13                   JUNCTION    50.98    52.12   490.12     0  00:03       51.00
  21                   JUNCTION    37.41    37.54   437.54     0  00:08       37.42
  SonSto_F             JUNCTION     0.19     0.21   438.01     0  00:09        0.19
  Sondierstollen       JUNCTION     0.00     0.00   440.80     0  00:00        0.00
  Aval_Trappe          JUNCTION     0.35     0.53   438.13     0  00:10        0.35
  30                   JUNCTION     0.53     0.53   437.83     0  00:10        0.53
  Gischeren_node       JUNCTION     1.54     1.55   478.05     0  00:10        1.55
  34                   JUNCTION    16.94    17.22   437.22     0  00:00       16.95
  38                   JUNCTION    17.65    17.75   437.75     0  00:08       17.66
  SS6                  JUNCTION     0.07     0.07   448.07     0  00:02        0.07
  40                   JUNCTION    20.77    21.26   440.26     0  00:03       20.77
  41                   JUNCTION    51.31    52.42   489.92     0  00:03       51.33
  SondeSchuettstein    JUNCTION    21.13    23.92   482.92     0  00:01       21.14
  SS4                  JUNCTION     0.06     0.06   448.06     0  00:10        0.06
  47                   JUNCTION    13.82    13.91   478.81     0  00:03       13.84
  48                   JUNCTION     8.92    11.50   482.50     0  00:01        8.93
  SondeGischeren       JUNCTION    13.00    13.05   478.05     0  00:10       13.05
  49                   JUNCTION    13.09    14.66   480.66     0  00:02       13.10
  50                   JUNCTION     7.05     7.08   470.08     0  00:10        7.08
  51                   JUNCTION    69.31    70.44   490.44     0  00:03       69.33
  Amont_C              JUNCTION    72.57    87.47   505.47     0  00:00       72.60
  52                   JUNCTION     0.48     0.48   457.48     0  00:10        0.48
  53                   JUNCTION     9.67    18.30   485.30     0  00:01        9.67
  54                   JUNCTION     4.72     4.74   467.74     0  00:10        4.74
  56                   JUNCTION     6.17     6.22   436.22     0  00:03        6.17
  2                    JUNCTION     0.18     0.19   438.19     0  00:09        0.18
  4                    JUNCTION     8.11     8.61   436.61     0  00:00        8.11
  5                    JUNCTION     5.93     5.98   478.48     0  00:04        5.94
  6                    JUNCTION    21.26    21.48   479.48     0  00:01       21.27
  7                    JUNCTION     3.43     3.46   478.46     0  00:03        3.43
  SS3                  JUNCTION     0.08     0.08   448.08     0  00:10        0.08
  SS5                  JUNCTION     0.59     0.59   439.49     0  00:10        0.59
  8                    JUNCTION     4.07     4.09   478.09     0  00:10        4.09
  10                   JUNCTION    11.09    12.70   480.70     0  00:02       11.10
  SonSto_SS5           JUNCTION     0.12     0.12   439.42     0  00:10        0.12
  SonSto_SS3           JUNCTION     0.10     0.11   439.81     0  00:10        0.11
  SonSto_SS4           JUNCTION     0.08     0.08   439.48     0  00:10        0.08
  Amont_Trappe         JUNCTION     0.19     0.46   438.16     0  00:09        0.19
  SonSto_SS6           JUNCTION     0.12     0.12   438.82     0  00:05        0.12
  SS2                  JUNCTION     0.00     0.00   448.00     0  00:00        0.00
  SonSto_SS2           JUNCTION     0.00     0.00   441.50     0  00:00        0.00
  12                   JUNCTION    17.19    17.84   466.84     0  00:03       17.20
  14                   JUNCTION     6.48     8.50   473.50     0  00:03        6.49
  15                   JUNCTION     0.35     0.35   472.35     0  00:04        0.35
  TWT_PointHaut_60+749 JUNCTION     0.16     0.17   438.67     0  00:05        0.16
  TWT_Fensterstollen_60+375 JUNCTION     0.80     0.80   438.10     0  00:09        0.80
  TWT_Acces_LT_60+110  JUNCTION     0.67     0.69   438.19     0  00:09        0.68
  TWT_Liaison_LT_59+738 JUNCTION     0.00     0.00   446.50     0  00:00        0.00
  Syst_Est_amont       JUNCTION     0.50     0.52   430.52     0  00:03        0.50
  Syst_Est_interm      JUNCTION     1.45     1.46   411.46     0  00:10        1.46
  TWT_Branche_Est_Sonsto_60+540 JUNCTION     0.43     0.47   438.87     0  00:02        0.43
  TWT_Intersection_Sonsto_60+345 JUNCTION     1.14     1.16   438.16     0  00:10        1.15
  TWT_Chrosweg_61+140  JUNCTION     0.14     0.14   432.14     0  00:10        0.14
  SonSto_F_sup         JUNCTION     0.04     0.04   448.04     0  00:04        0.04
  SonSto_porte         JUNCTION     0.00     0.00   438.50     0  00:00        0.00
  CentraleVentilation_1C JUNCTION     3.46    17.43   471.43     0  00:05        3.47
  Brunnm_Fassung       OUTFALL      0.08     0.08   433.88     0  00:08        0.08
  Brunnmuehle(Teich)   OUTFALL      0.17     0.17   435.67     0  00:08        0.17
  Fensterstollen       OUTFALL      0.51     0.51   437.51     0  00:10        0.51
  Gischeren            OUTFALL      0.00     0.00   480.00     0  00:00        0.00
  Schuettstein         OUTFALL      0.21     0.23   477.78     0  00:01        0.21
  Holiloch             OUTFALL      1.57     1.60   478.10     0  00:03        1.58
  Sauserquelle         OUTFALL      0.25     0.26   435.81     0  00:03        0.25
  Entw_Stollen         OUTFALL      0.17     0.17   436.67     0  00:08        0.17
  Sous_lacustre        OUTFALL      0.09     0.09   429.29     0  00:08        0.09
  Sous_ecoul.          OUTFALL      0.00     0.00   433.00     0  00:00        0.00
  Syst_Est_aval        OUTFALL      0.00     0.00   429.00     0  00:00        0.00
  TWT_Portail_Est_61+665 OUTFALL      0.14     0.14   421.74     0  00:10        0.14
  
  
  *******************
  Node Inflow Summary
  *******************
  
  -------------------------------------------------------------------------------------------------
                                  Maximum  Maximum                  Lateral       Total        Flow
                                  Lateral    Total  Time of Max      Inflow      Inflow     Balance
                                   Inflow   Inflow   Occurrence      Volume      Volume       Error
  Node                 Type           CMS      CMS  days hr:min    10^6 ltr    10^6 ltr     Percent
  -------------------------------------------------------------------------------------------------
  9                    JUNCTION         0     12.7     0  00:00           0         612       0.014
  Holiloch_sonde       JUNCTION         0       12     0  00:00           0         573       0.028
  11                   JUNCTION         0    0.325     0  00:02           0        27.6      -0.033
  13                   JUNCTION         0       15     0  00:00           0    1.03e+03       0.008
  21                   JUNCTION         0     0.26     0  00:08           0        21.8       0.024
  SonSto_F             JUNCTION         0    0.613     0  00:10           0        52.9     104.082
  Sondierstollen       JUNCTION         0        0     0  00:00           0           0       0.000 ltr
  Aval_Trappe          JUNCTION         0     3.23     0  00:10           0         125     -32.719
  30                   JUNCTION         0     6.81     0  00:10           0         585       7.648
  Gischeren_node       JUNCTION         0    0.265     0  00:08           0        13.713738838.766 ltr
  34                   JUNCTION         0    0.231     0  00:08           0        19.3      -0.029
  38                   JUNCTION         0    0.163     0  00:00           0        5.71       0.028
  SS6                  JUNCTION         0    0.157     0  00:02           0        12.9      -0.001
  40                   JUNCTION         0     2.24     0  00:03           0         191      -0.001
  41                   JUNCTION         0     1.58     0  00:00           0        37.7       0.023
  SondeSchuettstein    JUNCTION         0    0.676     0  00:00           0        37.7       0.034
  SS4                  JUNCTION         0   0.0883     0  00:10           0        7.62       0.067
  47                   JUNCTION         0     8.99     0  00:01           0         560      -0.023
  48                   JUNCTION         0    0.557     0  00:01           0        37.7       0.007
  SondeGischeren       JUNCTION         0    0.304     0  00:08           0        16.9       0.354
  49                   JUNCTION         0     0.97     0  00:02           0          13      -0.072
  50                   JUNCTION         0     0.18     0  00:05           0          13       0.025
  51                   JUNCTION         0     28.4     0  00:00           0    1.27e+03       0.010
  Amont_C              JUNCTION      14.7     39.7     0  00:00    1.27e+03    1.27e+03       0.022
  52                   JUNCTION         0    0.252     0  00:08           0        20.2      26.011
  53                   JUNCTION         0    0.375     0  00:01           0        26.4       0.029
  54                   JUNCTION         0    0.306     0  00:10           0        26.4     168.461
  56                   JUNCTION         0    0.562     0  00:03           0        47.8       0.001
  2                    JUNCTION         0    0.224     0  00:08           0        2.62     -52.049
  4                    JUNCTION         0    0.208     0  00:08           0        17.4       0.014
  5                    JUNCTION         0     7.63     0  00:01           0         560       0.044
  6                    JUNCTION         0     9.99     0  00:00           0         573       0.043
  7                    JUNCTION         0     6.93     0  00:02           0         560       0.067
  SS3                  JUNCTION         0    0.151     0  00:10           0          13       0.039
  SS5                  JUNCTION         0    0.251     0  00:10           0        21.7       0.150
  8                    JUNCTION         0    0.499     0  00:07           0        40.3      50.045
  10                   JUNCTION         0    0.758     0  00:02           0          13       0.839
  SonSto_SS5           JUNCTION         0    0.276     0  00:10           0        23.8       0.088
  SonSto_SS3           JUNCTION         0    0.151     0  00:10           0          13       0.185
  SonSto_SS4           JUNCTION         0    0.239     0  00:10           0        20.6       0.065
  Amont_Trappe         JUNCTION         0    0.953     0  00:09           0          22     -44.885
  SonSto_SS6           JUNCTION         0    0.426     0  00:10           0        36.7       0.053
  SS2                  JUNCTION         0        0     0  00:00           0           0       0.000 ltr
  SonSto_SS2           JUNCTION         0        0     0  00:00           0           0       0.000 ltr
  12                   JUNCTION         0    0.369     0  00:00           0        26.6       0.018
  14                   JUNCTION         0     1.94     0  00:03           0         155       0.034
  15                   JUNCTION         0    0.452     0  00:03           0        38.2       0.038
  TWT_PointHaut_60+749 JUNCTION         0    0.681     0  00:03           0        50.1      -1.512
  TWT_Fensterstollen_60+375 JUNCTION         0     6.39     0  00:10           0         550      14.351
  TWT_Acces_LT_60+110  JUNCTION         0     2.08     0  00:06           0         112     -17.911
  TWT_Liaison_LT_59+738 JUNCTION         0        0     0  00:00           0           0       0.000 ltr
  Syst_Est_amont       JUNCTION     0.735    0.735     0  00:00        63.5        63.5       0.072
  Syst_Est_interm      JUNCTION         0    0.781     0  00:04           0        63.563451331.688 ltr
  TWT_Branche_Est_Sonsto_60+540 JUNCTION         0     4.24     0  00:03           0         362       0.034
  TWT_Intersection_Sonsto_60+345 JUNCTION         0      4.1     0  00:03           0         158     -32.324
  TWT_Chrosweg_61+140  JUNCTION         0    0.615     0  00:06           0        50.9       3.309
  SonSto_F_sup         JUNCTION         0    0.451     0  00:04           0        38.2       0.002
  SonSto_porte         JUNCTION         0        0     0  00:00           0           0       0.000 ltr
  CentraleVentilation_1C JUNCTION         0   0.0653     0  00:05           0      0.0114    1246.018
  Brunnm_Fassung       OUTFALL          0   0.0226     0  00:08           0        1.91       0.000
  Brunnmuehle(Teich)   OUTFALL          0    0.203     0  00:08           0        16.9       0.000
  Fensterstollen       OUTFALL          0     6.32     0  00:10           0         544       0.000
  Gischeren            OUTFALL          0        0     0  00:00           0           0       0.000 ltr
  Schuettstein         OUTFALL          0    0.497     0  00:01           0        37.7       0.000
  Holiloch             OUTFALL          0     6.75     0  00:03           0         559       0.000
  Sauserquelle         OUTFALL          0    0.562     0  00:03           0        47.8       0.000
  Entw_Stollen         OUTFALL          0   0.0464     0  00:08           0        3.87       0.000
  Sous_lacustre        OUTFALL          0   0.0289     0  00:08           0        2.47       0.000
  Sous_ecoul.          OUTFALL          0  0.00552     0  00:00           0       0.465       0.000
  Syst_Est_aval        OUTFALL          0        0     0  00:00           0           0       0.000 ltr
  TWT_Portail_Est_61+665 OUTFALL          0    0.572     0  00:10           0        49.2       0.000
  
  
  **********************
  Node Surcharge Summary
  **********************
  
  Surcharging occurs when water rises above the top of the highest conduit.
  ---------------------------------------------------------------------
                                               Max. Height   Min. Depth
                                   Hours       Above Crown    Below Rim
  Node                 Type      Surcharged         Meters       Meters
  ---------------------------------------------------------------------
  9                    JUNCTION       23.99         44.570       53.630
  Holiloch_sonde       JUNCTION       23.99         42.938      155.162
  11                   JUNCTION       24.00         28.518      120.982
  13                   JUNCTION       23.99         49.115      347.885
  21                   JUNCTION       24.00         36.935      112.465
  34                   JUNCTION       24.00         16.622       82.778
  38                   JUNCTION       24.00         17.147      132.253
  40                   JUNCTION       24.00         17.256       78.744
  41                   JUNCTION       23.99         51.571      197.579
  SondeSchuettstein    JUNCTION       23.98         23.119        0.000
  47                   JUNCTION       23.98         12.012       86.088
  48                   JUNCTION       23.98         10.699       88.501
  SondeGischeren       JUNCTION       23.92         11.851       86.949
  49                   JUNCTION       23.96          6.659      185.341
  50                   JUNCTION       23.91          6.777      192.923
  51                   JUNCTION       24.00         66.439      329.561
  Amont_C              JUNCTION       24.00         84.475      312.525
  53                   JUNCTION       23.97         13.297      181.703
  56                   JUNCTION       23.99          5.223       93.777
  4                    JUNCTION       23.98          7.965       91.385
  5                    JUNCTION       23.96          0.975       44.025
  6                    JUNCTION       23.98         16.484      178.516
  10                   JUNCTION       23.96          4.699      187.301
  12                   JUNCTION       23.98         17.487      182.163
  14                   JUNCTION       23.95          4.503      191.497
  CentraleVentilation_1C JUNCTION       23.90         16.934      182.566
  
  
  *********************
  Node Flooding Summary
  *********************
  
  No nodes were flooded.
  
  
  ***********************
  Outfall Loading Summary
  ***********************
  
  -----------------------------------------------------------
                         Flow       Avg       Max       Total
                         Freq      Flow      Flow      Volume
  Outfall Node           Pcnt       CMS       CMS    10^6 ltr
  -----------------------------------------------------------
  Brunnm_Fassung        99.93    0.0222    0.0226       1.913
  Brunnmuehle(Teich)    99.93     0.196     0.203      16.909
  Fensterstollen        99.94       6.3      6.32     543.645
  Gischeren              0.00         0         0       0.000
  Schuettstein          99.92     0.437     0.497      37.694
  Holiloch              99.87      6.48      6.75     559.257
  Sauserquelle          99.97     0.553     0.562      47.767
  Entw_Stollen          99.88    0.0448    0.0464       3.868
  Sous_lacustre         99.99    0.0286    0.0289       2.468
  Sous_ecoul.           99.94   0.00538   0.00552       0.465
  Syst_Est_aval          0.00         0         0       0.000
  TWT_Portail_Est_61+665  99.94      0.57     0.572      49.235
  -----------------------------------------------------------
  System                83.28      14.6      14.7    1263.220
  
  
  ********************
  Link Flow Summary
  ********************
  
  -----------------------------------------------------------------------------
                                 Maximum  Time of Max   Maximum    Max/    Max/
                                  |Flow|   Occurrence   |Veloc|    Full    Full
  Link                 Type          CMS  days hr:min     m/sec    Flow   Depth
  -----------------------------------------------------------------------------
  Brunn_Fassung_L      CONDUIT    0.0226     0  00:08      1.05    0.37    0.71
  11                   CONDUIT        12     0  00:00      6.69    1.80    1.00
  14                   CONDUIT      12.7     0  00:00      9.37    6.92    1.00
  16                   CONDUIT     0.325     0  00:02      3.80    2.26    1.00
  17                   CONDUIT     0.163     0  00:00      0.58    0.28    1.00
  26                   CONDUIT      1.58     0  00:00      2.79    2.14    1.00
  27                   CONDUIT     0.052     0  00:09      1.47    0.67    0.98
  Gischeren_L          CONDUIT         0     0  00:00      0.00    0.00    0.50
  Schuettstein_L       CONDUIT     0.497     0  00:01      3.24    0.42    0.73
  Brunnmuehle_L        CONDUIT     0.231     0  00:08      0.82    0.11    1.00
  32                   CONDUIT         0     0  00:00      0.00    0.00    0.00
  35                   CONDUIT     0.156     0  00:08      0.22    0.03    1.00
  45                   CONDUIT     0.425     0  00:10      5.22    0.00    0.06
  46                   CONDUIT     0.562     0  00:03      1.99    0.56    1.00
  47                   CONDUIT     0.114     0  00:03      3.00    7.11    1.00
  50                   CONDUIT     0.557     0  00:01      1.87    0.10    1.00
  51                   CONDUIT    0.0438     0  00:03      0.45    0.12    1.00
  53                   CONDUIT     0.163     0  00:00      0.98    0.83    1.00
  Fenster_L            CONDUIT      6.32     0  00:10      7.75    0.06    0.17
  58                   CONDUIT      2.41     0  00:09      4.17    0.03    0.17
  59                   CONDUIT     0.276     0  00:10      2.90    0.00    0.04
  61                   CONDUIT     0.676     0  00:00      3.47    0.95    1.00
  63                   CONDUIT     0.157     0  00:02      2.17    0.71    0.52
  66                   CONDUIT      0.18     0  00:05      2.66    2.37    1.00
  67                   CONDUIT      14.6     0  00:00      3.97    0.14    1.00
  Amont_L              CONDUIT      28.4     0  00:00      4.02    1.54    1.00
  69                   CONDUIT     0.252     0  00:08      2.15    0.99    1.00
  70                   CONDUIT     0.199     0  00:08      1.63    0.62    1.00
  71                   CONDUIT     0.375     0  00:01      1.65    0.66    1.00
  72                   CONDUIT     0.306     0  00:10      1.52    1.45    0.97
  Sauser_L             CONDUIT     0.562     0  00:03      1.08    0.14    0.63
  75                   CONDUIT    0.0883     0  00:10      2.80    0.90    0.63
  Entw_Sto_L           CONDUIT    0.0464     0  00:08      1.89    1.07    0.98
  4                    CONDUIT    0.0259     0  00:10      1.31    1.16    0.99
  5                    CONDUIT   0.00421     0  00:10      0.18    0.15    1.00
  6                    CONDUIT    0.0289     0  00:08      1.17    0.43    0.73
  7                    CONDUIT     0.208     0  00:08      1.06    0.32    1.00
  Brunn_Teich_L        CONDUIT     0.203     0  00:08      0.92    0.15    0.63
  9                    CONDUIT   0.00552     0  00:00      1.39    0.00    0.50
  12                   CONDUIT      7.63     0  00:01      4.43    0.16    1.00
  15                   CONDUIT      9.99     0  00:00      4.96    0.26    1.00
  18                   CONDUIT      8.99     0  00:01      4.56    0.36    1.00
  19                   CONDUIT      0.97     0  00:02      1.27    0.92    1.00
  20                   CONDUIT     0.902     0  00:09      4.55    0.07    0.48
  21                   CONDUIT      6.93     0  00:02      0.82    0.05    0.85
  Hooliloch_L          CONDUIT      6.75     0  00:03      1.32    0.13    0.63
  23                   CONDUIT     0.151     0  00:10      3.25    0.95    0.63
  25                   CONDUIT     0.499     0  00:07      1.82    0.41    1.00
  28                   CONDUIT     0.151     0  00:10      2.39    0.00    0.03
  29                   CONDUIT    0.0247     0  00:10      0.67    0.00    0.03
  31                   CONDUIT     0.116     0  00:10      0.46    0.07    0.56
  33                   CONDUIT     0.758     0  00:02      0.80    0.29    1.00
  37                   CONDUIT     0.251     0  00:10      0.53    0.01    0.12
  SS3_L                CONDUIT     0.151     0  00:10      3.05    0.00    0.05
  40                   CONDUIT     0.953     0  00:09      2.05    0.01    0.08
  SS6_L                CONDUIT     0.157     0  00:02      4.01    0.00    0.05
  1                    CONDUIT         0     0  00:00      0.00    0.00    0.02
  2                    CONDUIT         0     0  00:00      0.00    0.00    0.00
  3                    CONDUIT    0.0882     0  00:10      4.32    0.01    0.07
  10                   CONDUIT     0.214     0  00:10      0.54    0.00    0.11
  13                   CONDUIT     0.369     0  00:00      4.36    0.80    1.00
  22                   CONDUIT     0.312     0  00:03      3.24    0.77    1.00
  24                   CONDUIT      1.94     0  00:03      2.78    0.00    1.00
  30                   CONDUIT      1.81     0  00:03      2.52    0.76    1.00
  34                   CONDUIT     0.452     0  00:03      2.17    0.50    0.82
  36                   CONDUIT     0.451     0  00:04      5.90    0.48    0.36
  38                   CONDUIT     0.304     0  00:08      2.59    0.11    1.00
  48                   CONDUIT     0.781     0  00:04      2.40    0.52    0.75
  54                   CONDUIT         0     0  00:00      0.00    0.00    0.49
  68                   CONDUIT     0.191     0  00:04      7.81    0.00    0.04
  73                   CONDUIT         0     0  00:00      0.00    0.00    0.05
  TWT1                 CONDUIT     0.572     0  00:10      2.92    0.00    0.02
  TWT2                 CONDUIT     0.615     0  00:06      3.09    0.00    0.02
  TWT3                 CONDUIT     0.681     0  00:03      1.22    0.00    0.04
  TWT4                 CONDUIT      3.91     0  00:02      3.68    0.01    0.08
  1_2_b_               CONDUIT         0     0  00:00      0.00    0.00    0.08
  1_2_b_2              CONDUIT    0.0454     0  00:04      0.69    0.01    0.54
  TWT5                 CONDUIT      3.17     0  00:03      2.70    0.00    0.12
  1_4_a                CONDUIT      2.77     0  00:09      2.82    0.04    0.22
  TWT6                 CONDUIT      1.59     0  00:10      0.91    0.00    0.12
  1_4_b                CONDUIT         0     0  00:00      0.00    0.00    0.19
  1_4_b_2              CONDUIT      1.29     0  00:06      8.16   10.18    1.00
  TWT7                 CONDUIT         0     0  00:00      0.00    0.00    0.04
  1_5_a                CONDUIT         0     0  00:00      0.00    0.00    0.05
  1_6_b_1              CONDUIT     0.255     0  00:08      1.97    0.16    1.00
  1_7_a                CONDUIT       4.6     0  00:10      2.98    1.05    0.13
  1_7_a_               CONDUIT     0.215     0  00:04      2.40    0.01    0.51
  1_7_a__              CONDUIT      1.64     0  00:03      8.65    0.24    0.97
  1_7_a_1              CONDUIT      2.39     0  00:03     12.77   12.17    0.97
  1_8_a                CONDUIT     0.197     0  00:08      0.30    0.00    0.09
  CV_1C_to_52          CONDUIT    0.0653     0  00:05      0.83    0.39    0.98
  
  
  ***************************
  Flow Classification Summary
  ***************************
  
  -------------------------------------------------------------------------------------
                      Adjusted    ---------- Fraction of Time in Flow Class ---------- 
                       /Actual         Up    Down  Sub   Sup   Up    Down  Norm  Inlet 
  Conduit               Length    Dry  Dry   Dry   Crit  Crit  Crit  Crit  Ltd   Ctrl  
  -------------------------------------------------------------------------------------
  Brunn_Fassung_L         1.00   0.00  0.00  0.00  1.00  0.00  0.00  0.00  0.00  0.00
  11                      1.00   0.00  0.00  0.00  1.00  0.00  0.00  0.00  0.00  0.00
  14                      1.00   0.00  0.00  0.00  1.00  0.00  0.00  0.00  0.00  0.00
  16                      1.00   0.00  0.00  0.00  1.00  0.00  0.00  0.00  0.00  0.00
  17                      1.00   0.00  0.00  0.00  1.00  0.00  0.00  0.00  0.00  0.00
  26                      1.00   0.00  0.00  0.00  1.00  0.00  0.00  0.00  0.00  0.00
  27                      1.00   0.00  0.00  0.00  1.00  0.00  0.00  0.00  0.00  0.00
  Gischeren_L             1.00   0.00  1.00  0.00  0.00  0.00  0.00  0.00  0.00  0.00
  Schuettstein_L          1.00   0.00  0.00  0.00  0.00  1.00  0.00  0.00  0.00  0.00
  Brunnmuehle_L           1.00   0.00  0.00  0.00  1.00  0.00  0.00  0.00  0.00  0.00
  32                      1.00   1.00  0.00  0.00  0.00  0.00  0.00  0.00  0.00  0.00
  35                      1.00   0.00  0.00  0.00  1.00  0.00  0.00  0.00  0.00  0.00
  45                      1.00   0.00  0.00  0.00  0.00  1.00  0.00  0.00  0.99  0.00
  46                      1.00   0.00  0.00  0.00  1.00  0.00  0.00  0.00  0.00  0.00
  47                      1.00   0.00  0.00  0.00  1.00  0.00  0.00  0.00  0.00  0.00
  50                      1.00   0.00  0.00  0.00  1.00  0.00  0.00  0.00  0.00  0.00
  51                      1.00   0.00  0.00  0.00  1.00  0.00  0.00  0.00  0.00  0.00
  53                      1.00   0.00  0.00  0.00  1.00  0.00  0.00  0.00  0.00  0.00
  Fenster_L               1.00   0.00  0.00  0.00  0.00  1.00  0.00  0.00  0.00  0.00
  58                      1.00   0.00  0.00  0.00  0.00  1.00  0.00  0.00  0.00  0.00
  59                      1.00   0.00  0.00  0.00  0.00  1.00  0.00  0.00  1.00  0.00
  61                      1.00   0.00  0.00  0.00  1.00  0.00  0.00  0.00  0.00  0.00
  63                      1.00   0.00  0.00  0.00  1.00  0.00  0.00  0.00  0.00  0.00
  66                      1.00   0.00  0.00  0.00  1.00  0.00  0.00  0.00  0.00  0.00
  67                      1.00   0.00  0.00  0.00  1.00  0.00  0.00  0.00  0.00  0.00
  Amont_L                 1.00   0.00  0.00  0.00  1.00  0.00  0.00  0.00  0.00  0.00
  69                      1.00   0.00  0.00  0.00  1.00  0.00  0.00  0.00  0.00  0.00
  70                      1.00   0.00  0.00  0.00  1.00  0.00  0.00  0.00  0.00  0.00
  71                      1.00   0.00  0.00  0.00  1.00  0.00  0.00  0.00  0.00  0.00
  72                      1.00   0.00  0.00  0.00  1.00  0.00  0.00  0.00  0.00  0.00
  Sauser_L                1.00   0.00  0.00  0.00  1.00  0.00  0.00  0.00  0.00  0.00
  75                      1.00   0.00  0.00  0.00  0.00  1.00  0.00  0.00  0.00  0.00
  Entw_Sto_L              1.00   0.00  0.00  0.00  0.99  0.01  0.00  0.00  0.00  0.00
  4                       1.00   0.00  0.00  0.00  1.00  0.00  0.00  0.00  0.00  0.00
  5                       1.00   0.00  0.00  0.00  1.00  0.00  0.00  0.00  0.00  0.00
  6                       1.00   0.00  0.00  0.00  0.01  0.99  0.00  0.00  0.00  0.00
  7                       1.00   0.00  0.00  0.00  1.00  0.00  0.00  0.00  0.00  0.00
  Brunn_Teich_L           1.00   0.00  0.00  0.00  1.00  0.00  0.00  0.00  0.00  0.00
  9                       1.00   0.00  0.00  0.00  0.00  1.00  0.00  0.00  0.00  0.00
  12                      1.00   0.00  0.00  0.00  1.00  0.00  0.00  0.00  0.00  0.00
  15                      1.00   0.00  0.00  0.00  1.00  0.00  0.00  0.00  0.00  0.00
  18                      1.00   0.00  0.00  0.00  1.00  0.00  0.00  0.00  0.00  0.00
  19                      1.00   0.00  0.00  0.00  1.00  0.00  0.00  0.00  0.00  0.00
  20                      1.00   0.00  0.00  0.00  0.00  1.00  0.00  0.00  0.00  0.00
  21                      1.00   0.00  0.00  0.00  1.00  0.00  0.00  0.00  0.00  0.00
  Hooliloch_L             1.00   0.00  0.00  0.00  1.00  0.00  0.00  0.00  0.00  0.00
  23                      1.00   0.00  0.00  0.00  0.00  1.00  0.00  0.00  0.00  0.00
  25                      1.00   0.00  0.00  0.00  1.00  0.00  0.00  0.00  0.00  0.00
  28                      1.00   0.00  0.00  0.00  0.00  1.00  0.00  0.00  0.00  0.00
  29                      1.00   0.00  0.00  0.00  1.00  0.00  0.00  0.00  1.00  0.00
  31                      1.00   0.00  0.00  0.00  1.00  0.00  0.00  0.00  0.00  0.00
  33                      1.00   0.00  0.00  0.00  1.00  0.00  0.00  0.00  0.00  0.00
  37                      1.00   0.00  0.00  0.00  1.00  0.00  0.00  0.00  0.00  0.00
  SS3_L                   1.00   0.00  0.00  0.00  0.00  1.00  0.00  0.00  1.00  0.00
  40                      1.00   0.00  0.00  0.00  1.00  0.00  0.00  0.00  0.00  0.00
  SS6_L                   1.00   0.00  0.00  0.00  0.00  1.00  0.00  0.00  1.00  0.00
  1                       1.00   0.00  1.00  0.00  0.00  0.00  0.00  0.00  0.00  0.00
  2                       1.00   1.00  0.00  0.00  0.00  0.00  0.00  0.00  0.00  0.00
  3                       1.00   0.00  0.00  0.00  0.00  1.00  0.00  0.00  1.00  0.00
  10                      1.00   0.00  0.00  0.00  1.00  0.00  0.00  0.00  1.00  0.00
  13                      1.00   0.00  0.00  0.00  1.00  0.00  0.00  0.00  0.00  0.00
  22                      1.00   0.00  0.00  0.00  1.00  0.00  0.00  0.00  0.00  0.00
  24                      1.00   0.00  0.00  0.00  1.00  0.00  0.00  0.00  0.00  0.00
  30                      1.00   0.00  0.00  0.00  1.00  0.00  0.00  0.00  0.00  0.00
  34                      1.00   0.00  0.00  0.00  1.00  0.00  0.00  0.00  0.00  0.00
  36                      1.00   0.00  0.00  0.00  0.00  1.00  0.00  0.00  0.00  0.00
  38                      1.00   0.00  0.00  0.00  1.00  0.00  0.00  0.00  0.00  0.00
  48                      1.00   0.00  0.00  0.00  1.00  0.00  0.00  0.00  1.00  0.00
  54                      1.00   0.00  1.00  0.00  0.00  0.00  0.00  0.00  0.00  0.00
  68                      1.00   0.00  0.00  0.00  0.00  1.00  0.00  0.00  1.00  0.00
  73                      1.00   0.00  1.00  0.00  0.00  0.00  0.00  0.00  0.00  0.00
  TWT1                    1.00   0.00  0.00  0.00  0.00  1.00  0.00  0.00  0.00  0.00
  TWT2                    1.00   0.00  0.00  0.00  0.00  1.00  0.00  0.00  0.00  0.00
  TWT3                    1.00   0.00  0.00  0.00  1.00  0.00  0.00  0.00  0.00  0.00
  TWT4                    1.00   0.00  0.00  0.00  0.00  1.00  0.00  0.00  1.00  0.00
  1_2_b_                  1.00   0.00  1.00  0.00  0.00  0.00  0.00  0.00  0.00  0.00
  1_2_b_2                 1.00   0.00  0.00  0.00  1.00  0.00  0.00  0.00  1.00  0.00
  TWT5                    1.00   0.00  0.00  0.00  1.00  0.00  0.00  0.00  0.00  0.00
  1_4_a                   1.00   0.00  0.00  0.00  1.00  0.00  0.00  0.00  0.00  0.00
  TWT6                    1.00   0.00  0.00  0.00  1.00  0.00  0.00  0.00  0.00  0.00
  1_4_b                   1.00   0.00  1.00  0.00  0.00  0.00  0.00  0.00  0.00  0.00
  1_4_b_2                 1.00   0.00  0.00  0.00  1.00  0.00  0.00  0.00  0.00  0.00
  TWT7                    1.00   0.00  1.00  0.00  0.00  0.00  0.00  0.00  0.00  0.00
  1_5_a                   1.00   0.00  1.00  0.00  0.00  0.00  0.00  0.00  0.00  0.00
  1_6_b_1                 1.00   0.00  0.00  0.00  1.00  0.00  0.00  0.00  0.00  0.00
  1_7_a                   1.00   0.00  0.00  0.00  0.00  1.00  0.00  0.00  0.00  0.00
  1_7_a_                  1.00   0.00  0.00  0.00  0.00  1.00  0.00  0.00  1.00  0.00
  1_7_a__                 1.00   0.00  0.00  0.00  0.00  1.00  0.00  0.00  0.00  0.00
  1_7_a_1                 1.00   0.00  0.00  0.00  0.00  1.00  0.00  0.00  0.00  0.00
  1_8_a                   1.00   0.00  0.00  0.00  1.00  0.00  0.00  0.00  0.00  0.00
  CV_1C_to_52             1.00   0.00  0.00  0.00  1.00  0.00  0.00  0.00  0.00  0.00
  
  
  *************************
  Conduit Surcharge Summary
  *************************
  
  ----------------------------------------------------------------------------
                                                           Hours        Hours 
                         --------- Hours Full --------   Above Full   Capacity
  Conduit                Both Ends  Upstream  Dnstream   Normal Flow   Limited
  ----------------------------------------------------------------------------
  Brunn_Fassung_L             0.01      0.01     24.00      0.01         0.01
  11                         23.99     23.99     23.99      0.11         0.01
  14                         23.99     23.99     23.99     23.99         0.01
  16                         24.00     24.00     24.00     23.99        23.99
  17                         24.00     24.00     24.00      0.01         0.01
  26                         23.99     23.99     23.99      0.01         0.01
  27                          0.01      0.01     23.95      0.01         0.01
  Schuettstein_L              0.01      0.01     23.98      0.01         0.01
  Brunnmuehle_L              24.00     24.00     24.00      0.01         0.01
  35                         23.83     23.83     23.92      0.01         0.01
  46                         24.00     24.00     24.00      0.01         0.01
  47                         24.00     24.00     24.00     24.00        24.00
  50                         23.98     23.98     23.98      0.01         0.01
  51                         23.97     23.97     24.00      0.01         0.01
  53                         24.00     24.00     24.00      0.01         0.01
  61                         23.98     23.98     23.99      0.01         0.01
  63                          0.01     23.97      0.01      0.01         0.01
  66                         23.91     23.97     23.91     23.96        23.91
  67                         23.99     23.99     24.00      0.01         0.01
  Amont_L                    24.00     24.00     24.00      0.01         0.01
  69                         23.84     23.84     24.00      0.01         0.01
  70                         23.84     23.84     24.00      0.01         0.01
  71                         23.98     23.98     23.99      0.01         0.01
  72                          0.01     23.97      0.01     23.97         0.01
  Sauser_L                    0.01      0.01     24.00      0.01         0.01
  75                          0.01     23.97      0.01      0.01         0.01
  Entw_Sto_L                  0.01      0.02      0.01     23.86         0.01
  4                           0.01     23.97      0.01     23.87         0.01
  5                           0.02      0.02     24.00      0.01         0.01
  6                           0.01      0.01     24.00      0.01         0.01
  7                          23.99     23.99     24.00      0.01         0.01
  Brunn_Teich_L               0.01      0.01     23.98      0.01         0.01
  9                           0.01      0.01     23.98      0.01         0.01
  12                         23.98     23.98     23.98      0.01         0.01
  15                         23.98     23.98     23.99      0.01         0.01
  18                         23.98     23.98     23.98      0.01         0.01
  19                         23.97     23.97     23.98      0.01         0.01
  21                          0.01      0.01     23.96      0.01         0.01
  23                          0.01     23.91      0.01      0.01         0.01
  25                         23.87     23.87     23.99      0.01         0.01
  33                         23.96     23.96     23.96      0.01         0.01
  13                         23.98     23.98     24.00      0.01         0.01
  22                         23.98     23.98     24.00      0.01         0.01
  24                         23.95     23.95     24.00      0.01         0.01
  30                         23.95     23.95     24.00      0.01         0.01
  34                          0.01      0.01     23.99      0.01         0.01
  38                         23.89     23.89     23.93      0.01         0.01
  48                          0.01      0.01     23.87      0.01         0.01
  1_2_b_2                     0.01      0.01     23.93      0.01         0.01
  1_4_b_2                    23.89     24.00     23.89     23.99        23.89
  1_6_b_1                    23.95     23.95     24.00      0.01         0.01
  1_7_a                       0.01      0.01      0.01     23.83         0.01
  1_7_a__                     0.01      0.01     24.00      0.01         0.01
  1_7_a_1                     0.01      0.01     24.00     23.99         0.01
  CV_1C_to_52                 0.01      0.01     23.90      0.01         0.01
  

  Analysis begun on:  Wed Sep 30 11:06:35 2026
  Analysis ended on:  Wed Sep 30 11:06:39 2026
  Total elapsed time: 00:00:04