
  EPA STORM WATER MANAGEMENT MODEL - VERSION 5.2 (Build 5.2.4)
  ------------------------------------------------------------

  Brunnmuehle (Twann) 
  WARNING 08: elevation drop exceeds length for Conduit SS3_L
  WARNING 08: elevation drop exceeds length for Conduit SS6_L
  WARNING 08: elevation drop exceeds length for Conduit 2
  WARNING 08: elevation drop exceeds length for Conduit 3
  WARNING 08: elevation drop exceeds length for Conduit 68
  WARNING 08: elevation drop exceeds length for Conduit 1_2_b_
  WARNING 08: elevation drop exceeds length for Conduit 1_2_b_2
  WARNING 08: elevation drop exceeds length for Conduit 1_2_b_3
  WARNING 08: elevation drop exceeds length for Conduit 1_2_b_6
  WARNING 08: elevation drop exceeds length for Conduit 1_4_b
  WARNING 08: elevation drop exceeds length for Conduit 1_5_a
  WARNING 04: minimum elevation drop used for Conduit 1_7_a
  WARNING 08: elevation drop exceeds length for Conduit 1_7_a_
  WARNING 08: elevation drop exceeds length for Conduit 1_7_a__
  WARNING 02: maximum depth increased for Node 2
  
  ****************
  Analysis Options
  ****************
  Flow Units ............... CMS
  Process Models:
    Rainfall/Runoff ........ NO
    RDII ................... NO
    Snowmelt ............... NO
    Groundwater ............ NO
    Flow Routing ........... YES
    Ponding Allowed ........ NO
    Water Quality .......... NO
  Flow Routing Method ...... DYNWAVE
  Surcharge Method ......... EXTRAN
  Starting Date ............ 01/01/2000 00:00:00
  Ending Date .............. 01/02/2000 00:00:00
  Antecedent Dry Days ...... 0.0
  Report Time Step ......... 01:00:00
  Routing Time Step ........ 0.50 sec
  Variable Time Step ....... YES
  Maximum Trials ........... 8
  Number of Threads ........ 1
  Head Tolerance ........... 0.001500 m
  
  
  **************************        Volume        Volume
  Flow Routing Continuity        hectare-m      10^6 ltr
  **************************     ---------     ---------
  Dry Weather Inflow .......         0.000         0.000
  Wet Weather Inflow .......         0.000         0.000
  Groundwater Inflow .......         0.000         0.000
  RDII Inflow ..............         0.000         0.000
  External Inflow ..........       133.343      1333.447
  External Outflow .........       126.448      1264.493
  Flooding Loss ............         0.000         0.000
  Evaporation Loss .........         0.000         0.000
  Exfiltration Loss ........         0.000         0.000
  Initial Stored Volume ....         0.056         0.563
  Final Stored Volume ......         0.497         4.968
  Continuity Error (%) .....         4.839
  
  
  *************************
  Highest Continuity Errors
  *************************
  Node TWT_Acces_LT_60+110 (-5927.91%)
  Node Syst_Est_interm (100.00%)
  Node Amont_Trappe (99.19%)
  Node 54 (49.38%)
  Node SondeGischeren (45.74%)
  
  
  ***************************
  Time-Step Critical Elements
  ***************************
  Link 1_4_a (16140.32%)
  Link 1_4_a_1 (9.26%)
  Link 20 (3.37%)
  
  
  ********************************
  Highest Flow Instability Indexes
  ********************************
  All links are stable.
  
  
  *********************************
  Most Frequent Nonconverging Nodes
  *********************************
  Node Brunnm_Fassung (39.29%)
  Node Brunnmuehle(Teich) (39.29%)
  Node Fensterstollen (39.29%)
  Node Gischeren (39.29%)
  Node Schuettstein (39.29%)
  
  
  *************************
  Routing Time Step Summary
  *************************
  Minimum Time Step           :     0.50 sec
  Average Time Step           :     0.50 sec
  Maximum Time Step           :     0.50 sec
  % of Time in Steady State   :    99.38
  Average Iterations per Step :     5.23
  % of Steps Not Converging   :    39.29
  Time Step Frequencies       :
      0.500 -  0.500 sec      :   100.00 %
      0.500 -  0.500 sec      :     0.00 %
      0.500 -  0.500 sec      :     0.00 %
      0.500 -  0.500 sec      :     0.00 %
      0.500 -  0.500 sec      :     0.00 %
  
  
  ******************
  Node Depth Summary
  ******************
  
  ---------------------------------------------------------------------------------
                                 Average  Maximum  Maximum  Time of Max    Reported
                                   Depth    Depth      HGL   Occurrence   Max Depth
  Node                 Type       Meters   Meters   Meters  days hr:min      Meters
  ---------------------------------------------------------------------------------
  9                    JUNCTION    39.21    39.58   478.08     0  00:00       39.24
  Holiloch_sonde       JUNCTION    37.61    37.65   477.65     0  00:08       37.65
  11                   JUNCTION    43.50    43.52   453.52     0  00:08       43.51
  13                   JUNCTION    40.29    40.32   478.32     0  00:08       40.32
  21                   JUNCTION    40.00    40.02   440.02     0  00:08       40.01
  SonSto_F             JUNCTION     0.42     0.50   438.30     0  00:05        0.42
  Sondierstollen       JUNCTION     0.00     0.00   440.80     0  00:00        0.00
  Aval_Trappe          JUNCTION     0.59     0.70   438.30     0  00:04        0.59
  30                   JUNCTION     0.73     0.73   438.03     0  00:08        0.73
  Gischeren_node       JUNCTION     0.00     0.00   476.50     0  00:00        0.00
  34                   JUNCTION    18.85    18.86   438.86     0  00:08       18.86
  38                   JUNCTION    22.50    22.52   442.52     0  00:08       22.51
  SS6                  JUNCTION     0.05     0.05   448.05     0  00:08        0.05
  40                   JUNCTION    19.95    19.96   438.96     0  00:08       19.96
  41                   JUNCTION    40.79    40.81   478.31     0  00:08       40.81
  SondeSchuettstein    JUNCTION    18.89    19.80   478.80     0  00:01       18.91
  SS4                  JUNCTION     0.06     0.06   448.06     0  00:03        0.06
  47                   JUNCTION    12.64    12.66   477.56     0  00:08       12.66
  48                   JUNCTION     6.89     7.85   478.85     0  00:01        6.90
  SondeGischeren       JUNCTION     0.72     0.72   465.72     0  00:08        0.72
  49                   JUNCTION    11.42    11.45   477.45     0  00:08       11.45
  50                   JUNCTION     0.18     0.18   463.18     0  00:08        0.18
  51                   JUNCTION    58.66    58.69   478.69     0  00:08       58.69
  Amont_C              JUNCTION    61.92    87.47   505.47     0  00:00       61.95
  52                   JUNCTION     0.35     0.35   457.35     0  00:08        0.35
  53                   JUNCTION     6.02     6.63   473.63     0  00:05        6.03
  54                   JUNCTION     1.64     1.64   464.64     0  00:08        1.64
  56                   JUNCTION     6.10     6.11   436.11     0  00:01        6.10
  2                    JUNCTION     0.10     0.10   438.10     0  00:08        0.10
  4                    JUNCTION     8.62     8.86   436.86     0  00:00        8.63
  5                    JUNCTION     5.04     5.05   477.55     0  00:08        5.05
  6                    JUNCTION    19.57    19.59   477.59     0  00:08       19.59
  7                    JUNCTION     2.54     2.54   477.54     0  00:08        2.54
  SS3                  JUNCTION     0.06     0.06   448.06     0  00:08        0.06
  SS5                  JUNCTION     0.50     0.50   439.40     0  00:08        0.50
  8                    JUNCTION     0.16     0.16   474.16     0  00:08        0.16
  10                   JUNCTION     9.42     9.44   477.44     0  00:08        9.44
  SonSto_SS5           JUNCTION     0.08     0.08   439.38     0  00:08        0.08
  SonSto_SS3           JUNCTION     0.08     0.08   439.78     0  00:08        0.08
  SonSto_SS4           JUNCTION     0.06     0.06   439.46     0  00:08        0.06
  Amont_Trappe         JUNCTION     0.54     0.68   438.38     0  00:04        0.54
  SonSto_SS6           JUNCTION     0.08     0.08   438.78     0  00:08        0.08
  SS2                  JUNCTION     0.00     0.00   448.00     0  00:00        0.00
  SonSto_SS2           JUNCTION     0.00     0.00   441.50     0  00:00        0.00
  12                   JUNCTION    11.13    11.15   460.15     0  00:08       11.15
  14                   JUNCTION     1.77     1.77   466.77     0  00:08        1.77
  15                   JUNCTION     0.28     0.28   472.28     0  00:08        0.28
  TWT_PointHaut_60+650 JUNCTION     0.13     0.13   438.63     0  00:08        0.13
  TWT_Fensterstollen_60+375 JUNCTION     1.00     1.01   438.31     0  00:05        1.00
  TWT_Acces_LT_60+110  JUNCTION     0.97     0.98   438.48     0  00:08        0.97
  TWT_Liaison_LT_59+738 JUNCTION     0.00     0.00   450.60     0  00:00        0.00
  Syst_Est_amont       JUNCTION     0.50     0.52   430.52     0  00:03        0.50
  Syst_Est_interm      JUNCTION     1.17     1.18   411.18     0  00:08        1.18
  TWT_Branche_Est_Sonsto_60+540 JUNCTION     0.36     0.36   438.76     0  00:08        0.36
  TWT_Intersection_Sonsto_60+345 JUNCTION     1.40     1.40   438.40     0  00:08        1.40
  TWT_Chrosweg_61+140  JUNCTION     0.09     0.10   432.10     0  00:08        0.10
  SonSto_F_sup         JUNCTION     0.03     0.03   448.03     0  00:08        0.03
  SonSto_porte         JUNCTION     0.00     0.00   438.50     0  00:00        0.00
  Brunnm_Fassung       OUTFALL      0.09     0.09   433.89     0  00:08        0.09
  Brunnmuehle(Teich)   OUTFALL      0.22     0.22   435.72     0  00:08        0.22
  Fensterstollen       OUTFALL      0.69     0.69   437.69     0  00:08        0.69
  Gischeren            OUTFALL      0.00     0.00   480.00     0  00:00        0.00
  Schuettstein         OUTFALL      0.10     0.11   477.66     0  00:01        0.10
  Holiloch             OUTFALL      0.91     0.92   477.42     0  00:08        0.92
  Sauserquelle         OUTFALL      0.24     0.24   435.79     0  00:08        0.24
  Entw_Stollen         OUTFALL      0.10     0.10   436.60     0  00:08        0.10
  Sous_lacustre        OUTFALL      0.10     0.10   429.30     0  00:08        0.10
  Sous_ecoul.          OUTFALL      0.00     0.00   433.00     0  00:08        0.00
  Syst_Est_aval        OUTFALL      0.00     0.00   429.00     0  00:00        0.00
  TWT_Portail_Est_61+665 OUTFALL      0.09     0.09   421.69     0  00:08        0.09
  
  
  *******************
  Node Inflow Summary
  *******************
  
  -------------------------------------------------------------------------------------------------
                                  Maximum  Maximum                  Lateral       Total        Flow
                                  Lateral    Total  Time of Max      Inflow      Inflow     Balance
                                   Inflow   Inflow   Occurrence      Volume      Volume       Error
  Node                 Type           CMS      CMS  days hr:min    10^6 ltr    10^6 ltr     Percent
  -------------------------------------------------------------------------------------------------
  9                    JUNCTION         0     10.1     0  00:00           0         172       0.069
  Holiloch_sonde       JUNCTION         0     9.28     0  00:00           0         145       0.052
  11                   JUNCTION         0    0.226     0  00:05           0        19.5      -0.001
  13                   JUNCTION         0       15     0  00:00           0    1.11e+03       0.022
  21                   JUNCTION         0    0.392     0  00:08           0        33.9       0.003
  SonSto_F             JUNCTION         0     1.35     0  00:05           0        28.1      33.407
  Sondierstollen       JUNCTION         0        0     0  00:00           0           0       0.000 ltr
  Aval_Trappe          JUNCTION         0     6.54     0  00:08           0         502      -1.083
  30                   JUNCTION         0     11.7     0  00:08           0       1e+03      -1.933
  Gischeren_node       JUNCTION         0        0     0  00:00           0           0       0.000 ltr
  34                   JUNCTION         0    0.358     0  00:08           0        30.9      -0.003
  38                   JUNCTION         0    0.212     0  00:01           0        17.8      -0.001
  SS6                  JUNCTION         0    0.142     0  00:08           0        12.2       0.001
  40                   JUNCTION         0     1.46     0  00:08           0         126      -0.001
  41                   JUNCTION         0     1.56     0  00:00           0        8.15       0.192
  SondeSchuettstein    JUNCTION         0    0.492     0  00:01           0        8.14       0.150
  SS4                  JUNCTION         0   0.0819     0  00:03           0        6.96       0.031
  47                   JUNCTION         0     4.65     0  00:01           0         132       0.028
  48                   JUNCTION         0    0.289     0  00:01           0        8.12       0.063
  SondeGischeren       JUNCTION         0    0.148     0  00:08           0        12.8      84.285
  49                   JUNCTION         0     0.78     0  00:02           0        12.3       0.453
  50                   JUNCTION         0   0.0806     0  00:08           0        6.95       0.419
  51                   JUNCTION         0     28.4     0  00:00           0    1.27e+03      -0.001
  Amont_C              JUNCTION      14.7     39.7     0  00:00    1.27e+03    1.27e+03       0.020
  52                   JUNCTION         0    0.206     0  00:08           0        17.8      10.823
  53                   JUNCTION         0     0.22     0  00:02           0        17.3      -0.067
  54                   JUNCTION         0    0.201     0  00:08           0        17.3      97.548
  56                   JUNCTION         0    0.493     0  00:08           0        42.6       0.001
  2                    JUNCTION         0   0.0406     0  00:08           0         3.5      63.588
  4                    JUNCTION         0    0.328     0  00:08           0        28.3       0.020
  5                    JUNCTION         0     3.17     0  00:01           0         132       0.254
  6                    JUNCTION         0     6.25     0  00:00           0         144       0.102
  7                    JUNCTION         0     1.65     0  00:06           0         132       0.298
  SS3                  JUNCTION         0   0.0803     0  00:08           0        6.92       0.070
  SS5                  JUNCTION         0    0.144     0  00:08           0        12.4       0.156
  8                    JUNCTION         0    0.149     0  00:08           0        12.8       0.039
  10                   JUNCTION         0    0.472     0  00:03           0        12.3       0.132
  SonSto_SS5           JUNCTION         0    0.114     0  00:08           0        9.84       0.131
  SonSto_SS3           JUNCTION         0   0.0802     0  00:08           0        6.92       0.333
  SonSto_SS4           JUNCTION         0    0.161     0  00:08           0        13.8       0.062
  Amont_Trappe         JUNCTION         0     1.47     0  00:04           0        17.3   12246.858
  SonSto_SS6           JUNCTION         0    0.189     0  00:08           0        16.3       0.091
  SS2                  JUNCTION         0        0     0  00:00           0           0       0.000 ltr
  SonSto_SS2           JUNCTION         0        0     0  00:00           0           0       0.000 ltr
  12                   JUNCTION         0    0.298     0  00:01           0        23.8       0.016
  14                   JUNCTION         0     1.04     0  00:08           0        89.5       0.036
  15                   JUNCTION         0    0.313     0  00:08           0          27       0.043
  TWT_PointHaut_60+650 JUNCTION         0    0.344     0  00:08           0        29.6       1.371
  TWT_Fensterstollen_60+375 JUNCTION         0     10.7     0  00:08           0         922      -7.295
  TWT_Acces_LT_60+110  JUNCTION         0     4.12     0  00:05           0        1.04     -98.341
  TWT_Liaison_LT_59+738 JUNCTION         0        0     0  00:00           0           0       0.000 ltr
  Syst_Est_amont       JUNCTION     0.735    0.735     0  00:00        63.5        63.5      -0.016
  Syst_Est_interm      JUNCTION         0    0.781     0  00:04           0        63.563507254.896 ltr
  TWT_Branche_Est_Sonsto_60+540 JUNCTION         0     2.89     0  00:08           0         250       0.216
  TWT_Intersection_Sonsto_60+345 JUNCTION         0     7.16     0  00:08           0         618      22.703
  TWT_Chrosweg_61+140  JUNCTION         0     0.34     0  00:08           0        29.2      26.837
  SonSto_F_sup         JUNCTION         0    0.313     0  00:08           0          27       0.002
  SonSto_porte         JUNCTION         0        0     0  00:00           0           0       0.000 ltr
  Brunnm_Fassung       OUTFALL          0   0.0302     0  00:08           0        2.61       0.000
  Brunnmuehle(Teich)   OUTFALL          0    0.322     0  00:08           0        27.8       0.000
  Fensterstollen       OUTFALL          0     11.9     0  00:08           0    1.02e+03       0.000
  Gischeren            OUTFALL          0        0     0  00:00           0           0       0.000 ltr
  Schuettstein         OUTFALL          0    0.121     0  00:01           0        8.12       0.000
  Holiloch             OUTFALL          0     1.52     0  00:08           0         131       0.000
  Sauserquelle         OUTFALL          0    0.493     0  00:08           0        42.6       0.000
  Entw_Stollen         OUTFALL          0   0.0248     0  00:08           0        2.14       0.000
  Sous_lacustre        OUTFALL          0   0.0342     0  00:08           0        2.95       0.000
  Sous_ecoul.          OUTFALL          0  0.00581     0  00:08           0       0.502       0.000
  Syst_Est_aval        OUTFALL          0        0     0  00:00           0           0       0.000 ltr
  TWT_Portail_Est_61+665 OUTFALL          0    0.268     0  00:08           0        23.1       0.000
  
  
  **********************
  Node Surcharge Summary
  **********************
  
  Surcharging occurs when water rises above the top of the highest conduit.
  ---------------------------------------------------------------------
                                               Max. Height   Min. Depth
                                   Hours       Above Crown    Below Rim
  Node                 Type      Surcharged         Meters       Meters
  ---------------------------------------------------------------------
  9                    JUNCTION       23.99         37.782       60.418
  Holiloch_sonde       JUNCTION       23.98         35.745      162.355
  11                   JUNCTION       24.00         43.062      106.478
  13                   JUNCTION       23.99         37.322      359.678
  21                   JUNCTION       24.00         39.416      109.984
  34                   JUNCTION       24.00         18.258       81.142
  38                   JUNCTION       24.00         21.916      127.484
  40                   JUNCTION       24.00         15.959       80.041
  41                   JUNCTION       23.99         39.963      209.187
  SondeSchuettstein    JUNCTION       23.98         18.998        0.000
  47                   JUNCTION       23.98         10.762       87.338
  48                   JUNCTION       23.97          7.051       92.149
  49                   JUNCTION       23.95          3.445      188.555
  51                   JUNCTION       24.00         54.685      341.315
  Amont_C              JUNCTION       24.00         84.467      312.533
  53                   JUNCTION       23.94          1.629      193.371
  56                   JUNCTION       23.99          5.109       93.891
  4                    JUNCTION       23.99          8.214       91.136
  5                    JUNCTION       23.90          0.045       44.955
  6                    JUNCTION       23.98         14.592      180.408
  10                   JUNCTION       23.94          1.439      190.561
  12                   JUNCTION       23.98         10.796      188.854
  
  
  *********************
  Node Flooding Summary
  *********************
  
  No nodes were flooded.
  
  
  ***********************
  Outfall Loading Summary
  ***********************
  
  -----------------------------------------------------------
                         Flow       Avg       Max       Total
                         Freq      Flow      Flow      Volume
  Outfall Node           Pcnt       CMS       CMS    10^6 ltr
  -----------------------------------------------------------
  Brunnm_Fassung        99.94    0.0302    0.0302       2.605
  Brunnmuehle(Teich)    99.94     0.322     0.322      27.796
  Fensterstollen        99.97      11.9      11.9    1023.508
  Gischeren              0.00         0         0       0.000
  Schuettstein          99.88    0.0941     0.121       8.120
  Holiloch              99.73      1.52      1.52     131.248
  Sauserquelle          99.97     0.493     0.493      42.567
  Entw_Stollen          99.94    0.0248    0.0248       2.138
  Sous_lacustre        100.00    0.0342    0.0342       2.953
  Sous_ecoul.           99.94   0.00581   0.00581       0.502
  Syst_Est_aval          0.00         0         0       0.000
  TWT_Portail_Est_61+665  99.93     0.267     0.268      23.052
  -----------------------------------------------------------
  System                83.27      14.6      14.7    1264.489
  
  
  ********************
  Link Flow Summary
  ********************
  
  -----------------------------------------------------------------------------
                                 Maximum  Time of Max   Maximum    Max/    Max/
                                  |Flow|   Occurrence   |Veloc|    Full    Full
  Link                 Type          CMS  days hr:min     m/sec    Flow   Depth
  -----------------------------------------------------------------------------
  Brunn_Fassung_L      CONDUIT    0.0302     0  00:08      1.32    0.50    0.75
  11                   CONDUIT      9.28     0  00:00      5.27    1.39    1.00
  14                   CONDUIT      10.1     0  00:00      7.08    5.52    1.00
  16                   CONDUIT     0.226     0  00:05      2.64    1.57    1.00
  17                   CONDUIT     0.212     0  00:01      0.75    0.36    1.00
  26                   CONDUIT      1.56     0  00:00      2.75    2.11    1.00
  27                   CONDUIT    0.0708     0  00:05      1.86    0.91    1.00
  Gischeren_L          CONDUIT         0     0  00:00      0.00    0.00    0.00
  Schuettstein_L       CONDUIT     0.121     0  00:01      0.97    0.10    0.61
  Brunnmuehle_L        CONDUIT     0.358     0  00:08      1.27    0.17    1.00
  32                   CONDUIT         0     0  00:00      0.00    0.00    0.00
  35                   CONDUIT         0     0  00:00      0.00    0.00    0.30
  45                   CONDUIT     0.189     0  00:08      2.44    0.00    0.10
  46                   CONDUIT     0.493     0  00:08      1.74    0.49    1.00
  47                   CONDUIT     0.101     0  00:08      2.66    6.30    1.00
  50                   CONDUIT     0.289     0  00:01      1.08    0.05    1.00
  51                   CONDUIT    0.0471     0  00:04      0.49    0.13    1.00
  53                   CONDUIT     0.212     0  00:01      1.28    1.08    1.00
  Fenster_L            CONDUIT      11.9     0  00:08      9.28    0.12    0.24
  58                   CONDUIT      6.11     0  00:08      6.03    0.08    0.22
  59                   CONDUIT     0.114     0  00:08      2.15    0.00    0.03
  61                   CONDUIT     0.492     0  00:01      2.23    0.69    1.00
  63                   CONDUIT     0.142     0  00:08      2.03    0.64    0.51
  66                   CONDUIT    0.0806     0  00:08      1.39    1.06    0.80
  67                   CONDUIT      14.8     0  00:00      3.98    0.15    1.00
  Amont_L              CONDUIT      28.4     0  00:00      4.02    1.54    1.00
  69                   CONDUIT     0.206     0  00:08      1.74    0.81    0.94
  70                   CONDUIT     0.186     0  00:08      1.53    0.58    0.94
  71                   CONDUIT      0.22     0  00:02      1.02    0.39    1.00
  72                   CONDUIT     0.201     0  00:08      1.10    0.95    0.66
  Sauser_L             CONDUIT     0.493     0  00:08      0.96    0.13    0.62
  75                   CONDUIT    0.0819     0  00:03      2.81    0.83    0.63
  Entw_Sto_L           CONDUIT    0.0248     0  00:08      1.75    0.57    0.55
  4                    CONDUIT    0.0211     0  00:08      1.20    0.94    0.76
  5                    CONDUIT    0.0195     0  00:08      0.92    0.69    0.77
  6                    CONDUIT    0.0342     0  00:08      1.35    0.51    0.75
  7                    CONDUIT     0.328     0  00:08      1.67    0.51    1.00
  Brunn_Teich_L        CONDUIT     0.322     0  00:08      1.37    0.24    0.67
  9                    CONDUIT   0.00581     0  00:08      1.46    0.00    0.50
  12                   CONDUIT      3.17     0  00:01      2.00    0.06    1.00
  15                   CONDUIT      6.25     0  00:00      3.57    0.16    1.00
  18                   CONDUIT      4.65     0  00:01      2.70    0.19    1.00
  19                   CONDUIT      0.78     0  00:02      1.14    0.74    1.00
  20                   CONDUIT      1.22     0  00:04      2.55    0.10    0.69
  21                   CONDUIT      1.65     0  00:06      0.26    0.01    0.75
  Hooliloch_L          CONDUIT      1.52     0  00:08      0.64    0.03    0.43
  23                   CONDUIT    0.0803     0  00:08      3.08    0.50    0.40
  25                   CONDUIT     0.149     0  00:08      0.93    0.12    0.53
  28                   CONDUIT      0.08     0  00:08      1.84    0.00    0.02
  29                   CONDUIT    0.0166     0  00:08      0.66    0.00    0.02
  31                   CONDUIT         0     0  00:00      0.00    0.00    0.02
  33                   CONDUIT     0.472     0  00:03      0.72    0.18    1.00
  37                   CONDUIT    0.0976     0  00:08      0.28    0.00    0.10
  SS3_L                CONDUIT    0.0802     0  00:08      2.47    0.00    0.03
  40                   CONDUIT      1.38     0  00:04      1.15    0.01    0.14
  SS6_L                CONDUIT    0.0752     0  00:08      3.24    0.00    0.03
  1                    CONDUIT         0     0  00:00      0.00    0.00    0.01
  2                    CONDUIT         0     0  00:00      0.00    0.00    0.00
  3                    CONDUIT     0.082     0  00:03      4.23    0.01    0.06
  10                   CONDUIT     0.144     0  00:08      1.48    0.00    0.09
  13                   CONDUIT     0.298     0  00:01      3.29    0.65    1.00
  22                   CONDUIT     0.276     0  00:08      2.87    0.68    1.00
  24                   CONDUIT      1.04     0  00:08      2.00    0.00    0.72
  30                   CONDUIT      1.04     0  00:08      2.00    0.43    0.72
  34                   CONDUIT     0.313     0  00:08      1.62    0.35    0.76
  36                   CONDUIT     0.313     0  00:08      5.52    0.33    0.29
  38                   CONDUIT     0.148     0  00:08      1.99    0.06    0.44
  48                   CONDUIT     0.781     0  00:04      2.40    0.52    0.75
  54                   CONDUIT         0     0  00:00      0.00    0.00    0.39
  68                   CONDUIT     0.136     0  00:08      6.61    0.00    0.09
  73                   CONDUIT         0     0  00:00      0.00    0.00    0.02
  TWT1                 CONDUIT     0.268     0  00:08      2.42    0.00    0.01
  TWT2                 CONDUIT      0.34     0  00:08      2.43    0.00    0.01
  TWT3                 CONDUIT     0.344     0  00:08      0.79    0.00    0.03
  TWT4                 CONDUIT      2.54     0  00:08      1.43    0.00    0.09
  1_2_b_               CONDUIT         0     0  00:00      0.00    0.00    0.06
  1_2_b_1              CONDUIT      1.97     0  00:06     10.98    7.56    1.00
  1_2_b_2              CONDUIT    0.0308     0  00:08      0.29    0.01    0.53
  1_2_b_3              CONDUIT     0.346     0  00:01      1.97    0.26    1.00
  1_2_b_6              CONDUIT    0.0666     0  00:08      0.60    0.02    0.55
  TWT5                 CONDUIT      5.84     0  00:08      1.31    0.01    0.15
  1_4_a                CONDUIT      6.11     0  00:08      4.09    0.09    0.28
  1_4_a_1              CONDUIT      6.45     0  00:07     33.74    8.65    1.00
  TWT6                 CONDUIT      4.12     0  00:05      1.28    0.01    0.15
  1_4_b                CONDUIT         0     0  00:00      0.00    0.00    0.23
  TWT7                 CONDUIT         0     0  00:00      0.00    0.00    0.06
  1_5_a                CONDUIT         0     0  00:00      0.00    0.00    0.02
  1_7_a                CONDUIT      5.98     0  00:08      3.25    1.36    0.17
  1_7_a_               CONDUIT     0.146     0  00:08      2.02    0.01    0.40
  1_7_a__              CONDUIT     0.717     0  00:08      3.99    0.10    0.86
  1_7_a_1              CONDUIT      2.03     0  00:08     11.29   10.34    0.86
  
  
  ***************************
  Flow Classification Summary
  ***************************
  
  -------------------------------------------------------------------------------------
                      Adjusted    ---------- Fraction of Time in Flow Class ---------- 
                       /Actual         Up    Down  Sub   Sup   Up    Down  Norm  Inlet 
  Conduit               Length    Dry  Dry   Dry   Crit  Crit  Crit  Crit  Ltd   Ctrl  
  -------------------------------------------------------------------------------------
  Brunn_Fassung_L         1.00   0.00  0.00  0.00  0.00  1.00  0.00  0.00  0.00  0.00
  11                      1.00   0.00  0.00  0.00  1.00  0.00  0.00  0.00  0.00  0.00
  14                      1.00   0.00  0.00  0.00  1.00  0.00  0.00  0.00  0.00  0.00
  16                      1.00   0.00  0.00  0.00  1.00  0.00  0.00  0.00  0.00  0.00
  17                      1.00   0.00  0.00  0.00  1.00  0.00  0.00  0.00  0.00  0.00
  26                      1.00   0.00  0.00  0.00  1.00  0.00  0.00  0.00  0.00  0.00
  27                      1.00   0.00  0.00  0.00  1.00  0.00  0.00  0.00  0.00  0.00
  Gischeren_L             1.00   1.00  0.00  0.00  0.00  0.00  0.00  0.00  0.00  0.00
  Schuettstein_L          1.00   0.00  0.00  0.00  1.00  0.00  0.00  0.00  0.00  0.00
  Brunnmuehle_L           1.00   0.00  0.00  0.00  1.00  0.00  0.00  0.00  0.00  0.00
  32                      1.00   1.00  0.00  0.00  0.00  0.00  0.00  0.00  0.00  0.00
  35                      1.00   0.00  1.00  0.00  0.00  0.00  0.00  0.00  0.00  0.00
  45                      1.00   0.00  0.00  0.00  1.00  0.00  0.00  0.00  1.00  0.00
  46                      1.00   0.00  0.00  0.00  1.00  0.00  0.00  0.00  0.00  0.00
  47                      1.00   0.00  0.00  0.00  1.00  0.00  0.00  0.00  0.00  0.00
  50                      1.00   0.00  0.00  0.00  1.00  0.00  0.00  0.00  0.00  0.00
  51                      1.00   0.00  0.00  0.00  1.00  0.00  0.00  0.00  0.00  0.00
  53                      1.00   0.00  0.00  0.00  1.00  0.00  0.00  0.00  0.00  0.00
  Fenster_L               1.00   0.00  0.00  0.00  0.00  1.00  0.00  0.00  0.00  0.00
  58                      1.00   0.00  0.00  0.00  0.00  1.00  0.00  0.00  0.00  0.00
  59                      1.00   0.00  0.00  0.00  0.00  1.00  0.00  0.00  1.00  0.00
  61                      1.00   0.00  0.00  0.00  1.00  0.00  0.00  0.00  0.00  0.00
  63                      1.00   0.00  0.00  0.00  1.00  0.00  0.00  0.00  0.00  0.00
  66                      1.00   0.00  0.00  0.00  1.00  0.00  0.00  0.00  0.00  0.00
  67                      1.00   0.00  0.00  0.00  1.00  0.00  0.00  0.00  0.00  0.00
  Amont_L                 1.00   0.00  0.00  0.00  1.00  0.00  0.00  0.00  0.00  0.00
  69                      1.00   0.00  0.00  0.00  1.00  0.00  0.00  0.00  0.00  0.00
  70                      1.00   0.00  0.00  0.00  1.00  0.00  0.00  0.00  0.00  0.00
  71                      1.00   0.00  0.00  0.00  1.00  0.00  0.00  0.00  0.00  0.00
  72                      1.00   0.00  0.00  0.00  1.00  0.00  0.00  0.00  0.00  0.00
  Sauser_L                1.00   0.00  0.00  0.00  1.00  0.00  0.00  0.00  0.00  0.00
  75                      1.00   0.00  0.00  0.00  0.00  1.00  0.00  0.00  0.00  0.00
  Entw_Sto_L              1.00   0.00  0.00  0.00  0.00  1.00  0.00  0.00  0.00  0.00
  4                       1.00   0.00  0.00  0.00  1.00  0.00  0.00  0.00  0.00  0.00
  5                       1.00   0.00  0.00  0.00  1.00  0.00  0.00  0.00  0.00  0.00
  6                       1.00   0.00  0.00  0.00  0.00  1.00  0.00  0.00  0.00  0.00
  7                       1.00   0.00  0.00  0.00  1.00  0.00  0.00  0.00  0.00  0.00
  Brunn_Teich_L           1.00   0.00  0.00  0.00  1.00  0.00  0.00  0.00  0.00  0.00
  9                       1.00   0.00  0.00  0.00  0.00  1.00  0.00  0.00  0.00  0.00
  12                      1.00   0.00  0.00  0.00  1.00  0.00  0.00  0.00  0.00  0.00
  15                      1.00   0.00  0.00  0.00  1.00  0.00  0.00  0.00  0.00  0.00
  18                      1.00   0.00  0.00  0.00  1.00  0.00  0.00  0.00  0.00  0.00
  19                      1.00   0.00  0.00  0.00  1.00  0.00  0.00  0.00  0.00  0.00
  20                      1.00   0.00  0.00  0.00  1.00  0.00  0.00  0.00  0.00  0.00
  21                      1.00   0.00  0.00  0.00  1.00  0.00  0.00  0.00  0.00  0.00
  Hooliloch_L             1.00   0.00  0.00  0.00  1.00  0.00  0.00  0.00  0.00  0.00
  23                      1.00   0.00  0.00  0.00  0.00  1.00  0.00  0.00  0.00  0.00
  25                      1.00   0.00  0.00  0.00  1.00  0.00  0.00  0.00  0.00  0.00
  28                      1.00   0.00  0.00  0.00  0.00  1.00  0.00  0.00  0.00  0.00
  29                      1.00   0.00  0.00  0.00  1.00  0.00  0.00  0.00  1.00  0.00
  31                      1.00   0.00  1.00  0.00  0.00  0.00  0.00  0.00  0.00  0.00
  33                      1.00   0.00  0.00  0.00  1.00  0.00  0.00  0.00  0.00  0.00
  37                      1.00   0.00  0.00  0.00  1.00  0.00  0.00  0.00  0.00  0.00
  SS3_L                   1.00   0.00  0.00  0.00  0.00  1.00  0.00  0.00  1.00  0.00
  40                      1.00   0.00  0.00  0.00  1.00  0.00  0.00  0.00  0.00  0.00
  SS6_L                   1.00   0.00  0.00  0.00  0.00  1.00  0.00  0.00  1.00  0.00
  1                       1.00   0.00  1.00  0.00  0.00  0.00  0.00  0.00  0.00  0.00
  2                       1.00   1.00  0.00  0.00  0.00  0.00  0.00  0.00  0.00  0.00
  3                       1.00   0.00  0.00  0.00  0.00  1.00  0.00  0.00  1.00  0.00
  10                      1.00   0.00  0.00  0.00  1.00  0.00  0.00  0.00  1.00  0.00
  13                      1.00   0.00  0.00  0.00  1.00  0.00  0.00  0.00  0.00  0.00
  22                      1.00   0.00  0.00  0.00  1.00  0.00  0.00  0.00  0.00  0.00
  24                      1.00   0.00  0.00  0.00  1.00  0.00  0.00  0.00  0.00  0.00
  30                      1.00   0.00  0.00  0.00  1.00  0.00  0.00  0.00  1.00  0.00
  34                      1.00   0.00  0.00  0.00  1.00  0.00  0.00  0.00  0.00  0.00
  36                      1.00   0.00  0.00  0.00  0.00  1.00  0.00  0.00  0.00  0.00
  38                      1.00   0.00  0.00  0.00  1.00  0.00  0.00  0.00  1.00  0.00
  48                      1.00   0.00  0.00  0.00  1.00  0.00  0.00  0.00  1.00  0.00
  54                      1.00   0.00  1.00  0.00  0.00  0.00  0.00  0.00  0.00  0.00
  68                      1.00   0.00  0.00  0.00  1.00  0.00  0.00  0.00  1.00  0.00
  73                      1.00   0.00  1.00  0.00  0.00  0.00  0.00  0.00  0.00  0.00
  TWT1                    1.00   0.00  0.00  0.00  0.00  1.00  0.00  0.00  0.00  0.00
  TWT2                    1.00   0.00  0.00  0.00  0.00  1.00  0.00  0.00  0.00  0.00
  TWT3                    1.00   0.00  0.00  0.00  1.00  0.00  0.00  0.00  0.00  0.00
  TWT4                    1.00   0.00  0.00  0.00  1.00  0.00  0.00  0.00  1.00  0.00
  1_2_b_                  1.00   0.00  1.00  0.00  0.00  0.00  0.00  0.00  0.00  0.00
  1_2_b_1                 1.00   0.00  0.00  0.00  1.00  0.00  0.00  0.00  0.00  0.00
  1_2_b_2                 1.00   0.00  0.00  0.00  1.00  0.00  0.00  0.00  1.00  0.00
  1_2_b_3                 1.00   0.00  0.00  0.00  1.00  0.00  0.00  0.00  0.00  0.00
  1_2_b_6                 1.00   0.00  0.00  0.00  1.00  0.00  0.00  0.00  1.00  0.00
  TWT5                    1.00   0.00  0.00  0.00  1.00  0.00  0.00  0.00  0.00  0.00
  1_4_a                   1.00   0.00  0.00  0.00  0.00  1.00  0.00  0.00  0.00  0.00
  1_4_a_1                 1.00   0.00  0.00  0.00  1.00  0.00  0.00  0.00  0.00  0.00
  TWT6                    1.00   0.00  0.00  0.00  1.00  0.00  0.00  0.00  0.00  0.00
  1_4_b                   1.00   0.00  1.00  0.00  0.00  0.00  0.00  0.00  0.00  0.00
  TWT7                    1.00   0.00  1.00  0.00  0.00  0.00  0.00  0.00  0.00  0.00
  1_5_a                   1.00   0.00  1.00  0.00  0.00  0.00  0.00  0.00  0.00  0.00
  1_7_a                   1.00   0.00  0.00  0.00  0.00  1.00  0.00  0.00  0.00  0.00
  1_7_a_                  1.00   0.00  0.00  0.00  0.00  1.00  0.00  0.00  1.00  0.00
  1_7_a__                 1.00   0.00  0.00  0.00  0.00  1.00  0.00  0.00  0.00  0.00
  1_7_a_1                 1.00   0.00  0.00  0.00  0.00  1.00  0.00  0.00  0.00  0.00
  
  
  *************************
  Conduit Surcharge Summary
  *************************
  
  ----------------------------------------------------------------------------
                                                           Hours        Hours 
                         --------- Hours Full --------   Above Full   Capacity
  Conduit                Both Ends  Upstream  Dnstream   Normal Flow   Limited
  ----------------------------------------------------------------------------
  Brunn_Fassung_L             0.01      0.01     24.00      0.01         0.01
  11                         23.98     23.98     23.99      0.01         0.01
  14                         23.99     23.99     23.99     23.99         0.01
  16                         24.00     24.00     24.00     23.99        23.99
  17                         24.00     24.00     24.00      0.01         0.01
  26                         23.99     23.99     23.99      0.01         0.01
  27                         23.95     23.95     23.96      0.01         0.01
  Schuettstein_L              0.01      0.01     23.97      0.01         0.01
  Brunnmuehle_L              24.00     24.00     24.00      0.01         0.01
  46                         24.00     24.00     24.00      0.01         0.01
  47                         24.00     24.00     24.00     24.00        24.00
  50                         23.97     23.97     23.98      0.01         0.01
  51                         23.94     23.94     23.98      0.01         0.01
  53                         24.00     24.00     24.00     23.98         0.01
  61                         23.98     23.98     23.99      0.01         0.01
  63                          0.01     23.96      0.01      0.01         0.01
  66                          0.01     23.93      0.01     23.90         0.01
  67                         23.99     23.99     24.00      0.01         0.01
  Amont_L                    24.00     24.00     24.00      0.01         0.01
  69                          0.01      0.01     24.00      0.01         0.01
  70                          0.01      0.01     24.00      0.01         0.01
  71                         23.96     23.96     23.99      0.01         0.01
  72                          0.01     23.94      0.01      0.01         0.01
  Sauser_L                    0.01      0.01     24.00      0.01         0.01
  75                          0.01     23.94      0.01      0.01         0.01
  4                           0.01     23.95      0.01      0.01         0.01
  5                           0.01      0.01     24.00      0.01         0.01
  6                           0.01      0.01     24.00      0.01         0.01
  7                          23.99     23.99     24.00      0.01         0.01
  Brunn_Teich_L               0.01      0.01     23.98      0.01         0.01
  9                           0.01      0.01     23.99      0.01         0.01
  12                         23.97     23.97     23.98      0.01         0.01
  15                         23.98     23.98     23.98      0.01         0.01
  18                         23.98     23.98     23.98      0.01         0.01
  19                         23.96     23.96     23.98      0.01         0.01
  21                          0.01      0.01     23.90      0.01         0.01
  25                          0.01      0.01     23.98      0.01         0.01
  33                         23.94     23.94     23.95      0.01         0.01
  13                         23.98     23.98     24.00      0.01         0.01
  22                         23.98     23.98     24.00      0.01         0.01
  24                          0.01      0.01     24.00      0.01         0.01
  30                          0.01      0.01     24.00      0.01         0.01
  34                          0.01      0.01     23.99      0.01         0.01
  48                          0.01      0.01     23.87      0.01         0.01
  1_2_b_1                    23.97     24.00     23.97     23.99        23.97
  1_2_b_2                     0.01      0.01     23.97      0.01         0.01
  1_2_b_3                    23.97     23.97     24.00      0.01         0.01
  1_2_b_6                     0.01      0.01     23.97      0.01         0.01
  1_4_a_1                    23.98     24.00     23.98     23.99        23.98
  1_7_a                       0.01      0.01      0.01     23.90         0.01
  1_7_a__                     0.01      0.01     24.00      0.01         0.01
  1_7_a_1                     0.01      0.01     24.00     23.99         0.01
  

  Analysis begun on:  Thu Aug 20 13:02:46 2026
  Analysis ended on:  Thu Aug 20 13:02:48 2026
  Total elapsed time: 00:00:02