
  EPA STORM WATER MANAGEMENT MODEL - VERSION 5.2 (Build 5.2.4)
  ------------------------------------------------------------

  Brunnmuehle (Twann) 
  WARNING 08: elevation drop exceeds length for Conduit SS3_L
  WARNING 08: elevation drop exceeds length for Conduit SS6_L
  WARNING 08: elevation drop exceeds length for Conduit 2
  WARNING 08: elevation drop exceeds length for Conduit 3
  WARNING 08: elevation drop exceeds length for Conduit 68
  WARNING 08: elevation drop exceeds length for Conduit 1_2_b_
  WARNING 08: elevation drop exceeds length for Conduit 1_2_b_2
  WARNING 08: elevation drop exceeds length for Conduit 1_4_b
  WARNING 08: elevation drop exceeds length for Conduit 1_5_a
  WARNING 04: minimum elevation drop used for Conduit 1_7_a
  WARNING 08: elevation drop exceeds length for Conduit 1_7_a_
  WARNING 08: elevation drop exceeds length for Conduit 1_7_a__
  WARNING 08: elevation drop exceeds length for Conduit 1_7_a_4
  WARNING 02: maximum depth increased for Node 2
  
  ****************
  Analysis Options
  ****************
  Flow Units ............... CMS
  Process Models:
    Rainfall/Runoff ........ NO
    RDII ................... NO
    Snowmelt ............... NO
    Groundwater ............ NO
    Flow Routing ........... YES
    Ponding Allowed ........ NO
    Water Quality .......... NO
  Flow Routing Method ...... DYNWAVE
  Surcharge Method ......... EXTRAN
  Starting Date ............ 01/01/2000 00:00:00
  Ending Date .............. 01/02/2000 00:00:00
  Antecedent Dry Days ...... 0.0
  Report Time Step ......... 01:00:00
  Routing Time Step ........ 0.50 sec
  Variable Time Step ....... YES
  Maximum Trials ........... 8
  Number of Threads ........ 1
  Head Tolerance ........... 0.001500 m
  
  
  **************************        Volume        Volume
  Flow Routing Continuity        hectare-m      10^6 ltr
  **************************     ---------     ---------
  Dry Weather Inflow .......         0.000         0.000
  Wet Weather Inflow .......         0.000         0.000
  Groundwater Inflow .......         0.000         0.000
  RDII Inflow ..............         0.000         0.000
  External Inflow ..........       133.343      1333.445
  External Outflow .........       126.429      1264.299
  Flooding Loss ............         0.000         0.000
  Evaporation Loss .........         0.000         0.000
  Exfiltration Loss ........         0.000         0.000
  Initial Stored Volume ....         0.056         0.562
  Final Stored Volume ......         0.414         4.141
  Continuity Error (%) .....         4.915
  
  
  *************************
  Highest Continuity Errors
  *************************
  Node TWT_Acces_LT_60+110 (96.13%)
  Node 2 (90.79%)
  Node 54 (67.36%)
  Node TWT_Intersection_Sonsto_60+345 (63.40%)
  Node Syst_Est_amont (57.85%)
  
  
  ***************************
  Time-Step Critical Elements
  ***************************
  Link 20 (14458.56%)
  Link 1_8_a (17.45%)
  Link 1_7_a_ (15.77%)
  
  
  ********************************
  Highest Flow Instability Indexes
  ********************************
  All links are stable.
  
  
  *********************************
  Most Frequent Nonconverging Nodes
  *********************************
  Node Brunnm_Fassung (41.44%)
  Node Brunnmuehle(Teich) (41.44%)
  Node Fensterstollen (41.44%)
  Node Gischeren (41.44%)
  Node Schuettstein (41.44%)
  
  
  *************************
  Routing Time Step Summary
  *************************
  Minimum Time Step           :     0.50 sec
  Average Time Step           :     0.50 sec
  Maximum Time Step           :     0.50 sec
  % of Time in Steady State   :    99.31
  Average Iterations per Step :     6.84
  % of Steps Not Converging   :    41.44
  Time Step Frequencies       :
      0.500 -  0.500 sec      :   100.00 %
      0.500 -  0.500 sec      :     0.00 %
      0.500 -  0.500 sec      :     0.00 %
      0.500 -  0.500 sec      :     0.00 %
      0.500 -  0.500 sec      :     0.00 %
  
  
  ******************
  Node Depth Summary
  ******************
  
  ---------------------------------------------------------------------------------
                                 Average  Maximum  Maximum  Time of Max    Reported
                                   Depth    Depth      HGL   Occurrence   Max Depth
  Node                 Type       Meters   Meters   Meters  days hr:min      Meters
  ---------------------------------------------------------------------------------
  9                    JUNCTION    44.21    48.05   486.55     0  00:00       44.23
  Holiloch_sonde       JUNCTION    40.75    43.57   483.57     0  00:00       40.78
  11                   JUNCTION    49.23    49.68   459.68     0  00:05       49.25
  13                   JUNCTION    54.41    55.45   493.45     0  00:02       54.43
  21                   JUNCTION    40.47    40.51   440.51     0  00:09       40.48
  SonSto_F             JUNCTION     0.10     0.11   437.91     0  00:09        0.10
  Sondierstollen       JUNCTION     0.00     0.00   440.80     0  00:00        0.00
  Aval_Trappe          JUNCTION     0.28     0.31   437.91     0  00:09        0.28
  30                   JUNCTION     0.46     0.46   437.76     0  00:09        0.46
  Gischeren_node       JUNCTION     2.33     2.34   478.84     0  00:09        2.34
  34                   JUNCTION    19.18    19.21   439.21     0  00:09       19.19
  38                   JUNCTION    23.93    24.05   444.05     0  00:09       23.95
  SS6                  JUNCTION     0.05     0.05   448.05     0  00:02        0.05
  40                   JUNCTION    20.85    21.72   440.72     0  00:02       20.85
  41                   JUNCTION    54.68    55.70   493.20     0  00:02       54.70
  SondeSchuettstein    JUNCTION    21.74    23.76   482.76     0  00:01       21.76
  SS4                  JUNCTION     0.06     0.06   448.06     0  00:09        0.06
  47                   JUNCTION    14.04    15.57   480.47     0  00:01       14.06
  48                   JUNCTION     9.46    11.16   482.16     0  00:01        9.47
  SondeGischeren       JUNCTION    13.80    13.85   478.85     0  00:09       13.85
  49                   JUNCTION    13.47    15.12   481.12     0  00:02       13.49
  50                   JUNCTION     7.62     7.65   470.65     0  00:09        7.65
  51                   JUNCTION    72.73    73.78   493.78     0  00:02       72.76
  Amont_C              JUNCTION    76.00    87.54   505.54     0  00:00       76.03
  52                   JUNCTION     0.29     0.29   457.29     0  00:09        0.29
  53                   JUNCTION    11.34    20.77   487.77     0  00:01       11.33
  54                   JUNCTION     4.41     4.42   467.42     0  00:09        4.42
  56                   JUNCTION     6.18     6.33   436.33     0  00:02        6.18
  2                    JUNCTION     0.04     0.04   438.04     0  00:09        0.04
  4                    JUNCTION     8.70     9.63   437.63     0  00:00        8.70
  5                    JUNCTION     6.05     6.09   478.59     0  00:03        6.06
  6                    JUNCTION    21.64    21.80   479.80     0  00:02       21.65
  7                    JUNCTION     3.54     3.57   478.57     0  00:03        3.55
  SS3                  JUNCTION     0.08     0.08   448.08     0  00:09        0.08
  SS5                  JUNCTION     0.59     0.59   439.49     0  00:09        0.59
  8                    JUNCTION     4.86     4.89   478.89     0  00:09        4.89
  10                   JUNCTION    11.47    13.16   481.16     0  00:02       11.49
  SonSto_SS5           JUNCTION     0.12     0.12   439.42     0  00:09        0.12
  SonSto_SS3           JUNCTION     0.11     0.11   439.81     0  00:09        0.11
  SonSto_SS4           JUNCTION     0.08     0.08   439.48     0  00:09        0.08
  Amont_Trappe         JUNCTION     0.19     0.22   437.92     0  00:09        0.19
  SonSto_SS6           JUNCTION     0.11     0.12   438.82     0  00:08        0.11
  SS2                  JUNCTION     0.00     0.00   448.00     0  00:00        0.00
  SonSto_SS2           JUNCTION     0.00     0.00   441.50     0  00:00        0.00
  12                   JUNCTION    19.06    19.68   468.68     0  00:02       19.07
  14                   JUNCTION     8.70    11.81   476.81     0  00:02        8.71
  15                   JUNCTION     0.37     0.37   472.37     0  00:04        0.37
  TWT_PointHaut_60+749 JUNCTION     0.14     0.16   438.66     0  00:05        0.14
  TWT_Fensterstollen_60+375 JUNCTION     0.70     0.72   438.02     0  00:09        0.70
  TWT_Acces_LT_60+110  JUNCTION     0.54     0.54   438.04     0  00:09        0.54
  TWT_Liaison_LT_59+738 JUNCTION     0.00     0.00   446.50     0  00:00        0.00
  Syst_Est_amont       JUNCTION     0.82     0.82   430.82     0  00:09        0.82
  Syst_Est_interm      JUNCTION    19.45    37.64   447.64     0  00:08       19.57
  TWT_Branche_Est_Sonsto_60+540 JUNCTION     0.43     0.49   438.89     0  00:02        0.43
  TWT_Intersection_Sonsto_60+345 JUNCTION     0.88     1.05   438.05     0  00:08        0.88
  TWT_Chrosweg_61+140  JUNCTION     0.12     0.12   432.12     0  00:09        0.12
  SonSto_F_sup         JUNCTION     0.04     0.04   448.04     0  00:04        0.04
  SonSto_porte         JUNCTION     0.00     0.00   438.50     0  00:00        0.00
  Brunnm_Fassung       OUTFALL      0.10     0.10   433.90     0  00:09        0.10
  Brunnmuehle(Teich)   OUTFALL      0.23     0.23   435.73     0  00:09        0.23
  Fensterstollen       OUTFALL      0.44     0.44   437.44     0  00:09        0.44
  Gischeren            OUTFALL      0.00     0.00   480.00     0  00:00        0.00
  Schuettstein         OUTFALL      0.23     0.23   477.78     0  00:02        0.23
  Holiloch             OUTFALL      1.66     1.68   478.18     0  00:03        1.66
  Sauserquelle         OUTFALL      0.25     0.26   435.81     0  00:02        0.25
  Entw_Stollen         OUTFALL      0.04     0.04   436.54     0  00:09        0.04
  Sous_lacustre        OUTFALL      0.10     0.10   429.30     0  00:09        0.10
  Sous_ecoul.          OUTFALL      0.00     0.00   433.00     0  00:00        0.00
  Syst_Est_aval        OUTFALL      0.28     0.39   429.39     0  00:08        0.28
  TWT_Portail_Est_61+665 OUTFALL      0.13     0.13   421.73     0  00:09        0.13
  CentraleVentilation_1C OUTFALL      0.19     0.19   454.19     0  00:09        0.19
  
  
  *******************
  Node Inflow Summary
  *******************
  
  -------------------------------------------------------------------------------------------------
                                  Maximum  Maximum                  Lateral       Total        Flow
                                  Lateral    Total  Time of Max      Inflow      Inflow     Balance
                                   Inflow   Inflow   Occurrence      Volume      Volume       Error
  Node                 Type           CMS      CMS  days hr:min    10^6 ltr    10^6 ltr     Percent
  -------------------------------------------------------------------------------------------------
  9                    JUNCTION         0     13.4     0  00:00           0         700       0.020
  Holiloch_sonde       JUNCTION         0     12.5     0  00:00           0         658       0.010
  11                   JUNCTION         0    0.264     0  00:01           0        22.5      -0.001
  13                   JUNCTION         0     15.1     0  00:00           0    1.03e+03       0.014
  21                   JUNCTION         0    0.414     0  00:09           0        35.6       0.005
  SonSto_F             JUNCTION         0    0.569     0  00:09           0        48.8       1.870
  Sondierstollen       JUNCTION         0        0     0  00:00           0           0       0.000 ltr
  Aval_Trappe          JUNCTION         0     1.32     0  00:09           0         107      -3.884
  30                   JUNCTION         0     4.79     0  00:09           0         412       0.195
  Gischeren_node       JUNCTION         0    0.316     0  00:07           0        15.915931519.828 ltr
  34                   JUNCTION         0    0.379     0  00:09           0        32.6       0.000
  38                   JUNCTION         0    0.252     0  00:01           0          21      -0.004
  SS6                  JUNCTION         0    0.159     0  00:02           0        13.1      -0.003
  40                   JUNCTION         0     2.31     0  00:02           0         198      -0.002
  41                   JUNCTION         0     1.84     0  00:00           0        43.3       0.033
  SondeSchuettstein    JUNCTION         0     0.75     0  00:00           0        43.3       0.071
  SS4                  JUNCTION         0   0.0875     0  00:09           0        7.55       0.052
  47                   JUNCTION         0     9.69     0  00:01           0         645       0.022
  48                   JUNCTION         0    0.585     0  00:01           0        43.3      -0.014
  SondeGischeren       JUNCTION         0    0.338     0  00:07           0        16.5       0.411
  49                   JUNCTION         0        1     0  00:01           0        13.1      -0.126
  50                   JUNCTION         0    0.181     0  00:04           0        13.2       0.026
  51                   JUNCTION         0     28.4     0  00:00           0    1.27e+03       0.004
  Amont_C              JUNCTION      14.7     39.7     0  00:00    1.27e+03    1.27e+03       0.021
  52                   JUNCTION         0    0.257     0  00:09           0        22.2       1.694
  53                   JUNCTION         0      0.4     0  00:01           0        28.3       0.030
  54                   JUNCTION         0    0.328     0  00:09           0        28.3     206.340
  56                   JUNCTION         0    0.579     0  00:02           0        48.3      -0.000
  2                    JUNCTION         0     0.08     0  00:09           0        4.88     986.192
  4                    JUNCTION         0    0.347     0  00:09           0        29.9       0.020
  5                    JUNCTION         0     8.41     0  00:01           0         645       0.092
  6                    JUNCTION         0     10.6     0  00:00           0         658       0.010
  7                    JUNCTION         0      7.9     0  00:02           0         644      -0.005
  SS3                  JUNCTION         0    0.153     0  00:09           0        13.2       0.046
  SS5                  JUNCTION         0    0.257     0  00:09           0        22.2       0.128
  8                    JUNCTION         0    0.564     0  00:06           0        44.9      53.586
  10                   JUNCTION         0    0.789     0  00:02           0        13.1       0.504
  SonSto_SS5           JUNCTION         0    0.282     0  00:09           0        24.3       0.119
  SonSto_SS3           JUNCTION         0    0.153     0  00:09           0        13.2       0.212
  SonSto_SS4           JUNCTION         0    0.241     0  00:09           0        20.7       0.062
  Amont_Trappe         JUNCTION         0    0.554     0  00:07           0        45.2      -2.324
  SonSto_SS6           JUNCTION         0    0.364     0  00:09           0        31.4      -0.269
  SS2                  JUNCTION         0        0     0  00:00           0           0       0.000 ltr
  SonSto_SS2           JUNCTION         0        0     0  00:00           0           0       0.000 ltr
  12                   JUNCTION         0    0.393     0  00:00           0        27.5       0.018
  14                   JUNCTION         0     2.07     0  00:02           0         160       0.033
  15                   JUNCTION         0    0.484     0  00:03           0        41.2       0.035
  TWT_PointHaut_60+749 JUNCTION         0     0.82     0  00:03           0        58.3      -2.234
  TWT_Fensterstollen_60+375 JUNCTION         0     5.81     0  00:09           0         328     -31.752
  TWT_Acces_LT_60+110  JUNCTION         0     1.73     0  00:06           0        44.7    2482.434
  TWT_Liaison_LT_59+738 JUNCTION         0        0     0  00:00           0           0       0.000 ltr
  Syst_Est_amont       JUNCTION     0.735     1.01     0  00:05        63.5        83.1     137.260
  Syst_Est_interm      JUNCTION         0        1     0  00:06           0          35       1.152
  TWT_Branche_Est_Sonsto_60+540 JUNCTION         0     4.46     0  00:03           0         382       0.069
  TWT_Intersection_Sonsto_60+345 JUNCTION         0     3.93     0  00:08           0         122     173.247
  TWT_Chrosweg_61+140  JUNCTION         0    0.523     0  00:06           0        40.1       1.197
  SonSto_F_sup         JUNCTION         0    0.484     0  00:04           0        41.1       0.001
  SonSto_porte         JUNCTION         0        0     0  00:00           0           0       0.000 ltr
  Brunnm_Fassung       OUTFALL          0   0.0316     0  00:09           0        2.72       0.000
  Brunnmuehle(Teich)   OUTFALL          0    0.341     0  00:09           0        29.4       0.000
  Fensterstollen       OUTFALL          0     4.78     0  00:09           0         411       0.000
  Gischeren            OUTFALL          0        0     0  00:00           0           0       0.000 ltr
  Schuettstein         OUTFALL          0    0.519     0  00:02           0        43.3       0.000
  Holiloch             OUTFALL          0     7.69     0  00:03           0         644       0.000
  Sauserquelle         OUTFALL          0    0.576     0  00:02           0        48.3       0.000
  Entw_Stollen         OUTFALL          0  0.00507     0  00:09           0       0.435       0.000
  Sous_lacustre        OUTFALL          0   0.0352     0  00:09           0        3.04       0.000
  Sous_ecoul.          OUTFALL          0  0.00589     0  00:00           0       0.507       0.000
  Syst_Est_aval        OUTFALL          0    0.772     0  00:08           0        34.6       0.000
  TWT_Portail_Est_61+665 OUTFALL          0     0.46     0  00:09           0        39.6       0.000
  CentraleVentilation_1C OUTFALL          0   0.0832     0  00:09           0        7.17       0.000
  
  
  **********************
  Node Surcharge Summary
  **********************
  
  Surcharging occurs when water rises above the top of the highest conduit.
  ---------------------------------------------------------------------
                                               Max. Height   Min. Depth
                                   Hours       Above Crown    Below Rim
  Node                 Type      Surcharged         Meters       Meters
  ---------------------------------------------------------------------
  9                    JUNCTION       23.99         46.251       51.949
  Holiloch_sonde       JUNCTION       23.99         41.667      156.433
  11                   JUNCTION       24.00         49.217      100.323
  13                   JUNCTION       23.99         52.451      344.549
  21                   JUNCTION       24.00         39.908      109.492
  34                   JUNCTION       24.00         18.610       80.790
  38                   JUNCTION       24.00         23.450      125.950
  40                   JUNCTION       24.00         17.720       78.280
  41                   JUNCTION       23.99         54.853      194.297
  SondeSchuettstein    JUNCTION       23.98         22.962        0.000
  47                   JUNCTION       23.98         13.667       84.433
  48                   JUNCTION       23.98         10.356       88.844
  SondeGischeren       JUNCTION       23.93         12.647       86.153
  49                   JUNCTION       23.96          7.118      184.882
  50                   JUNCTION       23.92          7.352      192.348
  51                   JUNCTION       24.00         69.780      326.220
  Amont_C              JUNCTION       24.00         84.542      312.458
  53                   JUNCTION       23.97         15.767      179.233
  56                   JUNCTION       23.99          5.332       93.668
  4                    JUNCTION       23.99          8.981       90.369
  5                    JUNCTION       23.97          1.085       43.915
  6                    JUNCTION       23.98         16.796      178.204
  10                   JUNCTION       23.96          5.160      186.840
  12                   JUNCTION       23.98         19.329      180.321
  14                   JUNCTION       23.96          7.806      188.194
  Syst_Est_interm      JUNCTION       23.85         36.142       62.358
  
  
  *********************
  Node Flooding Summary
  *********************
  
  No nodes were flooded.
  
  
  ***********************
  Outfall Loading Summary
  ***********************
  
  -----------------------------------------------------------
                         Flow       Avg       Max       Total
                         Freq      Flow      Flow      Volume
  Outfall Node           Pcnt       CMS       CMS    10^6 ltr
  -----------------------------------------------------------
  Brunnm_Fassung        99.94    0.0315    0.0316       2.717
  Brunnmuehle(Teich)    99.94      0.34     0.341      29.364
  Fensterstollen        99.94      4.76      4.78     410.937
  Gischeren              0.00         0         0       0.000
  Schuettstein          99.92     0.501     0.519      43.261
  Holiloch              99.88      7.47      7.69     644.369
  Sauserquelle          99.97     0.559     0.576      48.256
  Entw_Stollen          99.93   0.00504   0.00507       0.435
  Sous_lacustre        100.00    0.0351    0.0352       3.036
  Sous_ecoul.           99.94   0.00587   0.00589       0.507
  Syst_Est_aval         99.38     0.403     0.772      34.611
  TWT_Portail_Est_61+665  99.94     0.459      0.46      39.629
  CentraleVentilation_1C  99.96     0.083    0.0832       7.170
  -----------------------------------------------------------
  System                92.21      14.7      14.7    1264.293
  
  
  ********************
  Link Flow Summary
  ********************
  
  -----------------------------------------------------------------------------
                                 Maximum  Time of Max   Maximum    Max/    Max/
                                  |Flow|   Occurrence   |Veloc|    Full    Full
  Link                 Type          CMS  days hr:min     m/sec    Flow   Depth
  -----------------------------------------------------------------------------
  Brunn_Fassung_L      CONDUIT    0.0316     0  00:09      1.37    0.52    0.76
  11                   CONDUIT      12.5     0  00:00      6.91    1.88    1.00
  14                   CONDUIT      13.4     0  00:00      9.86    7.27    1.00
  16                   CONDUIT     0.264     0  00:01      3.09    1.84    1.00
  17                   CONDUIT     0.252     0  00:01      0.89    0.43    1.00
  26                   CONDUIT      1.84     0  00:00      3.24    2.49    1.00
  27                   CONDUIT    0.0346     0  00:09      1.15    0.44    0.74
  Gischeren_L          CONDUIT         0     0  00:00      0.00    0.00    0.50
  Schuettstein_L       CONDUIT     0.519     0  00:02      3.36    0.44    0.73
  Brunnmuehle_L        CONDUIT     0.379     0  00:09      1.34    0.18    1.00
  32                   CONDUIT         0     0  00:00      0.00    0.00    0.00
  35                   CONDUIT      0.19     0  00:07      0.26    0.03    1.00
  45                   CONDUIT     0.368     0  00:09      5.13    0.00    0.04
  46                   CONDUIT     0.579     0  00:02      2.05    0.58    1.00
  47                   CONDUIT     0.118     0  00:02      3.10    7.34    1.00
  50                   CONDUIT     0.585     0  00:01      1.89    0.11    1.00
  51                   CONDUIT    0.0528     0  00:02      0.55    0.15    1.00
  53                   CONDUIT     0.252     0  00:01      1.52    1.28    1.00
  Fenster_L            CONDUIT      4.78     0  00:09      7.18    0.05    0.15
  58                   CONDUIT      1.33     0  00:09      2.79    0.02    0.13
  59                   CONDUIT     0.282     0  00:09      3.05    0.00    0.04
  61                   CONDUIT      0.75     0  00:00      3.69    1.05    1.00
  63                   CONDUIT     0.159     0  00:02      2.22    0.72    0.51
  66                   CONDUIT     0.181     0  00:04      2.74    2.38    1.00
  67                   CONDUIT      14.6     0  00:00      3.98    0.14    1.00
  Amont_L              CONDUIT      28.4     0  00:00      4.02    1.54    1.00
  69                   CONDUIT     0.257     0  00:09      2.27    1.00    0.86
  70                   CONDUIT      0.17     0  00:09      1.48    0.53    0.86
  71                   CONDUIT       0.4     0  00:01      1.77    0.71    1.00
  72                   CONDUIT     0.328     0  00:09      1.60    1.55    0.94
  Sauser_L             CONDUIT     0.576     0  00:02      1.11    0.15    0.63
  75                   CONDUIT    0.0875     0  00:09      2.80    0.89    0.63
  Entw_Sto_L           CONDUIT   0.00507     0  00:09      1.10    0.12    0.24
  4                    CONDUIT    0.0194     0  00:09      1.29    0.87    0.62
  5                    CONDUIT    0.0171     0  00:09      1.03    0.61    0.62
  6                    CONDUIT    0.0352     0  00:09      1.38    0.53    0.76
  7                    CONDUIT     0.347     0  00:09      1.77    0.54    1.00
  Brunn_Teich_L        CONDUIT     0.341     0  00:09      1.44    0.26    0.67
  9                    CONDUIT   0.00589     0  00:00      1.48    0.00    0.50
  12                   CONDUIT      8.41     0  00:01      4.79    0.17    1.00
  15                   CONDUIT      10.6     0  00:00      5.18    0.28    1.00
  18                   CONDUIT      9.69     0  00:01      4.86    0.39    1.00
  19                   CONDUIT         1     0  00:01      1.29    0.95    1.00
  20                   CONDUIT     0.564     0  00:05      4.37    0.04    0.26
  21                   CONDUIT       7.9     0  00:02      0.88    0.05    0.86
  Hooliloch_L          CONDUIT      7.69     0  00:03      1.40    0.15    0.66
  23                   CONDUIT     0.153     0  00:09      3.29    0.96    0.63
  25                   CONDUIT     0.564     0  00:06      2.01    0.46    1.00
  28                   CONDUIT     0.153     0  00:09      2.41    0.00    0.03
  29                   CONDUIT    0.0248     0  00:09      0.66    0.00    0.03
  31                   CONDUIT     0.148     0  00:09      0.51    0.09    0.72
  33                   CONDUIT     0.789     0  00:02      0.81    0.30    1.00
  37                   CONDUIT     0.257     0  00:09      0.54    0.01    0.12
  SS3_L                CONDUIT     0.153     0  00:09      3.05    0.00    0.05
  40                   CONDUIT     0.554     0  00:07      1.99    0.00    0.04
  SS6_L                CONDUIT    0.0868     0  00:02      3.38    0.00    0.04
  1                    CONDUIT         0     0  00:00      0.00    0.00    0.02
  2                    CONDUIT         0     0  00:00      0.00    0.00    0.00
  3                    CONDUIT    0.0875     0  00:09      4.36    0.01    0.07
  10                   CONDUIT     0.216     0  00:09      0.53    0.00    0.11
  13                   CONDUIT     0.393     0  00:00      4.54    0.85    1.00
  22                   CONDUIT     0.321     0  00:02      3.34    0.80    1.00
  24                   CONDUIT      2.07     0  00:02      2.97    0.00    1.00
  30                   CONDUIT      1.87     0  00:02      2.60    0.78    1.00
  34                   CONDUIT     0.484     0  00:03      2.29    0.54    0.84
  36                   CONDUIT     0.484     0  00:04      5.95    0.52    0.37
  38                   CONDUIT     0.338     0  00:07      2.64    0.13    1.00
  48                   CONDUIT         1     0  00:06      2.40    0.67    0.91
  54                   CONDUIT     0.772     0  00:08      0.66    0.15    0.63
  68                   CONDUIT     0.204     0  00:04      8.61    0.00    0.02
  73                   CONDUIT         0     0  00:00      0.00    0.00    0.01
  TWT1                 CONDUIT      0.46     0  00:09      2.72    0.00    0.02
  TWT2                 CONDUIT     0.523     0  00:06      2.95    0.00    0.02
  1_1_b_1              CONDUIT     0.276     0  00:05      2.01    0.22    0.66
  TWT3                 CONDUIT      0.82     0  00:03      1.42    0.00    0.04
  TWT4                 CONDUIT      4.16     0  00:02      3.84    0.01    0.07
  1_2_b_               CONDUIT         0     0  00:00      0.00    0.00    0.08
  1_2_b_2              CONDUIT    0.0489     0  00:04      0.76    0.02    0.54
  TWT5                 CONDUIT      3.93     0  00:08      3.41    0.00    0.10
  1_4_a                CONDUIT      0.78     0  00:09      0.98    0.01    0.17
  TWT6                 CONDUIT       1.7     0  00:06      0.84    0.00    0.10
  1_4_b                CONDUIT         0     0  00:00      0.00    0.00    0.18
  TWT7                 CONDUIT         0     0  00:00      0.00    0.00    0.03
  1_5_a                CONDUIT         0     0  00:00      0.00    0.00    0.01
  1_7_a                CONDUIT      3.46     0  00:09      2.72    0.79    0.12
  1_7_a_               CONDUIT     0.231     0  00:04      2.54    0.02    0.53
  1_7_a__              CONDUIT       1.7     0  00:03      8.95    0.25    0.99
  1_7_a_1              CONDUIT      2.46     0  00:03     13.18   12.55    0.99
  1_7_a_4              CONDUIT    0.0726     0  00:02      0.74    0.02    0.53
  1_8_a                CONDUIT    0.0479     0  00:09      3.57    0.00    0.06
  CV_1C_to_52          CONDUIT    0.0832     0  00:09      0.89    0.50    0.48
  
  
  ***************************
  Flow Classification Summary
  ***************************
  
  -------------------------------------------------------------------------------------
                      Adjusted    ---------- Fraction of Time in Flow Class ---------- 
                       /Actual         Up    Down  Sub   Sup   Up    Down  Norm  Inlet 
  Conduit               Length    Dry  Dry   Dry   Crit  Crit  Crit  Crit  Ltd   Ctrl  
  -------------------------------------------------------------------------------------
  Brunn_Fassung_L         1.00   0.00  0.00  0.00  0.00  1.00  0.00  0.00  0.00  0.00
  11                      1.00   0.00  0.00  0.00  1.00  0.00  0.00  0.00  0.00  0.00
  14                      1.00   0.00  0.00  0.00  1.00  0.00  0.00  0.00  0.00  0.00
  16                      1.00   0.00  0.00  0.00  1.00  0.00  0.00  0.00  0.00  0.00
  17                      1.00   0.00  0.00  0.00  1.00  0.00  0.00  0.00  0.00  0.00
  26                      1.00   0.00  0.00  0.00  1.00  0.00  0.00  0.00  0.00  0.00
  27                      1.00   0.00  0.00  0.00  1.00  0.00  0.00  0.00  0.00  0.00
  Gischeren_L             1.00   0.00  1.00  0.00  0.00  0.00  0.00  0.00  0.00  0.00
  Schuettstein_L          1.00   0.00  0.00  0.00  0.00  1.00  0.00  0.00  0.00  0.00
  Brunnmuehle_L           1.00   0.00  0.00  0.00  1.00  0.00  0.00  0.00  0.00  0.00
  32                      1.00   1.00  0.00  0.00  0.00  0.00  0.00  0.00  0.00  0.00
  35                      1.00   0.00  0.00  0.00  1.00  0.00  0.00  0.00  0.00  0.00
  45                      1.00   0.00  0.00  0.00  0.00  1.00  0.00  0.00  0.00  0.00
  46                      1.00   0.00  0.00  0.00  1.00  0.00  0.00  0.00  0.00  0.00
  47                      1.00   0.00  0.00  0.00  1.00  0.00  0.00  0.00  0.00  0.00
  50                      1.00   0.00  0.00  0.00  1.00  0.00  0.00  0.00  0.00  0.00
  51                      1.00   0.00  0.00  0.00  1.00  0.00  0.00  0.00  0.00  0.00
  53                      1.00   0.00  0.00  0.00  1.00  0.00  0.00  0.00  0.00  0.00
  Fenster_L               1.00   0.00  0.00  0.00  0.00  1.00  0.00  0.00  0.00  0.00
  58                      1.00   0.00  0.00  0.00  0.00  1.00  0.00  0.00  0.00  0.00
  59                      1.00   0.00  0.00  0.00  0.00  1.00  0.00  0.00  0.00  0.00
  61                      1.00   0.00  0.00  0.00  1.00  0.00  0.00  0.00  0.00  0.00
  63                      1.00   0.00  0.00  0.00  1.00  0.00  0.00  0.00  0.00  0.00
  66                      1.00   0.00  0.00  0.00  1.00  0.00  0.00  0.00  0.00  0.00
  67                      1.00   0.00  0.00  0.00  1.00  0.00  0.00  0.00  0.00  0.00
  Amont_L                 1.00   0.00  0.00  0.00  1.00  0.00  0.00  0.00  0.00  0.00
  69                      1.00   0.00  0.00  0.00  0.00  1.00  0.00  0.00  0.00  0.00
  70                      1.00   0.00  0.00  0.00  1.00  0.00  0.00  0.00  0.00  0.00
  71                      1.00   0.00  0.00  0.00  1.00  0.00  0.00  0.00  0.00  0.00
  72                      1.00   0.00  0.00  0.00  1.00  0.00  0.00  0.00  0.00  0.00
  Sauser_L                1.00   0.00  0.00  0.00  1.00  0.00  0.00  0.00  0.00  0.00
  75                      1.00   0.00  0.00  0.00  0.00  1.00  0.00  0.00  0.00  0.00
  Entw_Sto_L              1.00   0.00  0.00  0.00  0.00  1.00  0.00  0.00  0.00  0.00
  4                       1.00   0.00  0.00  0.00  0.00  1.00  0.00  0.00  0.00  0.00
  5                       1.00   0.00  0.00  0.00  0.00  1.00  0.00  0.00  0.00  0.00
  6                       1.00   0.00  0.00  0.00  0.00  1.00  0.00  0.00  0.00  0.00
  7                       1.00   0.00  0.00  0.00  1.00  0.00  0.00  0.00  0.00  0.00
  Brunn_Teich_L           1.00   0.00  0.00  0.00  1.00  0.00  0.00  0.00  0.00  0.00
  9                       1.00   0.00  0.00  0.00  0.00  1.00  0.00  0.00  0.00  0.00
  12                      1.00   0.00  0.00  0.00  1.00  0.00  0.00  0.00  0.00  0.00
  15                      1.00   0.00  0.00  0.00  1.00  0.00  0.00  0.00  0.00  0.00
  18                      1.00   0.00  0.00  0.00  1.00  0.00  0.00  0.00  0.00  0.00
  19                      1.00   0.00  0.00  0.00  1.00  0.00  0.00  0.00  0.00  0.00
  20                      1.00   0.00  0.00  0.00  0.00  1.00  0.00  0.00  0.00  0.00
  21                      1.00   0.00  0.00  0.00  1.00  0.00  0.00  0.00  0.00  0.00
  Hooliloch_L             1.00   0.00  0.00  0.00  1.00  0.00  0.00  0.00  0.00  0.00
  23                      1.00   0.00  0.00  0.00  0.00  1.00  0.00  0.00  0.00  0.00
  25                      1.00   0.00  0.00  0.00  1.00  0.00  0.00  0.00  0.00  0.00
  28                      1.00   0.00  0.00  0.00  0.00  1.00  0.00  0.00  0.00  0.00
  29                      1.00   0.00  0.00  0.00  1.00  0.00  0.00  0.00  1.00  0.00
  31                      1.00   0.00  0.00  0.00  1.00  0.00  0.00  0.00  0.00  0.00
  33                      1.00   0.00  0.00  0.00  1.00  0.00  0.00  0.00  0.00  0.00
  37                      1.00   0.00  0.00  0.00  1.00  0.00  0.00  0.00  0.00  0.00
  SS3_L                   1.00   0.00  0.00  0.00  0.00  1.00  0.00  0.00  1.00  0.00
  40                      1.00   0.00  0.00  0.00  0.99  0.01  0.00  0.00  0.00  0.00
  SS6_L                   1.00   0.00  0.00  0.00  0.00  1.00  0.00  0.00  1.00  0.00
  1                       1.00   0.00  1.00  0.00  0.00  0.00  0.00  0.00  0.00  0.00
  2                       1.00   1.00  0.00  0.00  0.00  0.00  0.00  0.00  0.00  0.00
  3                       1.00   0.00  0.00  0.00  0.00  1.00  0.00  0.00  1.00  0.00
  10                      1.00   0.00  0.00  0.00  1.00  0.00  0.00  0.00  1.00  0.00
  13                      1.00   0.00  0.00  0.00  1.00  0.00  0.00  0.00  0.00  0.00
  22                      1.00   0.00  0.00  0.00  1.00  0.00  0.00  0.00  0.00  0.00
  24                      1.00   0.00  0.00  0.00  1.00  0.00  0.00  0.00  0.00  0.00
  30                      1.00   0.00  0.00  0.00  1.00  0.00  0.00  0.00  0.00  0.00
  34                      1.00   0.00  0.00  0.00  0.00  1.00  0.00  0.00  0.00  0.00
  36                      1.00   0.00  0.00  0.00  0.00  1.00  0.00  0.00  0.00  0.00
  38                      1.00   0.00  0.00  0.00  1.00  0.00  0.00  0.00  0.00  0.00
  48                      1.00   0.00  0.00  0.00  1.00  0.00  0.00  0.00  0.00  0.00
  54                      1.00   0.00  0.01  0.00  0.99  0.00  0.00  0.00  0.00  0.00
  68                      1.00   0.00  0.00  0.00  0.00  1.00  0.00  0.00  1.00  0.00
  73                      1.00   0.00  1.00  0.00  0.00  0.00  0.00  0.00  0.00  0.00
  TWT1                    1.00   0.00  0.00  0.00  0.00  1.00  0.00  0.00  0.99  0.00
  TWT2                    1.00   0.00  0.00  0.00  0.00  1.00  0.00  0.00  0.00  0.00
  1_1_b_1                 1.00   0.00  0.00  0.00  0.00  1.00  0.00  0.00  1.00  0.00
  TWT3                    1.00   0.00  0.00  0.00  1.00  0.00  0.00  0.00  0.00  0.00
  TWT4                    1.00   0.00  0.00  0.00  0.00  1.00  0.00  0.00  1.00  0.00
  1_2_b_                  1.00   0.00  1.00  0.00  0.00  0.00  0.00  0.00  0.00  0.00
  1_2_b_2                 1.00   0.00  0.00  0.00  1.00  0.00  0.00  0.00  1.00  0.00
  TWT5                    1.00   0.00  0.00  0.00  1.00  0.00  0.00  0.00  0.00  0.00
  1_4_a                   1.00   0.00  0.00  0.00  1.00  0.00  0.00  0.00  0.00  0.00
  TWT6                    1.00   0.00  0.00  0.00  1.00  0.00  0.00  0.00  0.00  0.00
  1_4_b                   1.00   0.00  1.00  0.00  0.00  0.00  0.00  0.00  0.00  0.00
  TWT7                    1.00   0.00  1.00  0.00  0.00  0.00  0.00  0.00  0.00  0.00
  1_5_a                   1.00   0.00  1.00  0.00  0.00  0.00  0.00  0.00  0.00  0.00
  1_7_a                   1.00   0.00  0.00  0.00  0.00  1.00  0.00  0.00  0.00  0.00
  1_7_a_                  1.00   0.00  0.00  0.00  0.00  1.00  0.00  0.00  1.00  0.00
  1_7_a__                 1.00   0.00  0.00  0.00  0.00  1.00  0.00  0.00  0.00  0.00
  1_7_a_1                 1.00   0.00  0.00  0.00  0.00  1.00  0.00  0.00  0.00  0.00
  1_7_a_4                 1.00   0.00  0.00  0.00  1.00  0.00  0.00  0.00  1.00  0.00
  1_8_a                   1.00   0.00  0.00  0.00  1.00  0.00  0.00  0.00  0.01  0.00
  CV_1C_to_52             1.00   0.00  0.00  0.00  1.00  0.00  0.00  0.00  0.00  0.00
  
  
  *************************
  Conduit Surcharge Summary
  *************************
  
  ----------------------------------------------------------------------------
                                                           Hours        Hours 
                         --------- Hours Full --------   Above Full   Capacity
  Conduit                Both Ends  Upstream  Dnstream   Normal Flow   Limited
  ----------------------------------------------------------------------------
  Brunn_Fassung_L             0.01      0.01     24.00      0.01         0.01
  11                         23.99     23.99     23.99     23.99         0.01
  14                         23.99     23.99     23.99     23.99         0.01
  16                         24.00     24.00     24.00     23.99        23.99
  17                         24.00     24.00     24.00      0.01         0.01
  26                         23.99     23.99     23.99      0.01         0.01
  27                          0.01      0.01     23.95      0.01         0.01
  Schuettstein_L              0.01      0.01     23.98      0.01         0.01
  Brunnmuehle_L              24.00     24.00     24.00      0.01         0.01
  35                         23.86     23.86     23.93      0.01         0.01
  46                         24.00     24.00     24.00      0.01         0.01
  47                         24.00     24.00     24.00     24.00        24.00
  50                         23.98     23.98     23.98      0.01         0.01
  51                         23.97     23.97     24.00      0.01         0.01
  53                         24.00     24.00     24.00     23.99         0.01
  61                         23.99     23.99     23.99      0.01         0.01
  63                          0.01     23.97      0.01      0.01         0.01
  66                         23.92     23.97     23.92     23.96        23.92
  67                         23.99     23.99     24.00      0.01         0.01
  Amont_L                    24.00     24.00     24.00      0.01         0.01
  69                          0.01      0.01     24.00     23.85         0.01
  70                          0.01      0.01     24.00      0.01         0.01
  71                         23.98     23.98     23.99      0.01         0.01
  72                          0.01     23.97      0.01     23.97         0.01
  Sauser_L                    0.01      0.01     24.00      0.01         0.01
  75                          0.01     23.97      0.01      0.01         0.01
  4                           0.01     23.97      0.01      0.01         0.01
  5                           0.01      0.01     24.00      0.01         0.01
  6                           0.01      0.01     24.00      0.01         0.01
  7                          23.99     23.99     24.00      0.01         0.01
  Brunn_Teich_L               0.01      0.01     23.99      0.01         0.01
  9                           0.01      0.01     23.99      0.01         0.01
  12                         23.98     23.98     23.98      0.01         0.01
  15                         23.98     23.98     23.99      0.01         0.01
  18                         23.98     23.98     23.98      0.01         0.01
  19                         23.97     23.97     23.98      0.01         0.01
  21                          0.01      0.01     23.97      0.01         0.01
  23                          0.01     23.92      0.01      0.01         0.01
  25                         23.89     23.89     23.99      0.01         0.01
  33                         23.96     23.96     23.96      0.01         0.01
  13                         23.98     23.98     24.00      0.01         0.01
  22                         23.98     23.98     24.00      0.01         0.01
  24                         23.96     23.96     24.00      0.01         0.01
  30                         23.96     23.96     24.00      0.01         0.01
  34                          0.01      0.01     23.99      0.01         0.01
  38                         23.90     23.90     23.94      0.01         0.01
  48                          0.01      0.01     23.89      0.01         0.01
  54                          0.01      0.01     23.85      0.01         0.01
  1_1_b_1                     0.01      0.01     23.96      0.01         0.01
  1_2_b_2                     0.01      0.01     23.91      0.01         0.01
  1_7_a__                     0.01      0.01     24.00      0.01         0.01
  1_7_a_1                     0.01      0.01     24.00     23.99         0.01
  

  Analysis begun on:  Mon Oct  5 08:26:35 2026
  Analysis ended on:  Mon Oct  5 08:26:37 2026
  Total elapsed time: 00:00:02