
  EPA STORM WATER MANAGEMENT MODEL - VERSION 5.2 (Build 5.2.4)
  ------------------------------------------------------------

  Brunnmuehle (Twann) 
  WARNING 08: elevation drop exceeds length for Conduit SS3_L
  WARNING 08: elevation drop exceeds length for Conduit SS6_L
  WARNING 08: elevation drop exceeds length for Conduit 2
  WARNING 08: elevation drop exceeds length for Conduit 3
  WARNING 08: elevation drop exceeds length for Conduit 68
  WARNING 08: elevation drop exceeds length for Conduit 1_2_b_
  WARNING 08: elevation drop exceeds length for Conduit 1_2_b_2
  WARNING 08: elevation drop exceeds length for Conduit 1_4_b
  WARNING 08: elevation drop exceeds length for Conduit 1_5_a
  WARNING 04: minimum elevation drop used for Conduit 1_7_a
  WARNING 08: elevation drop exceeds length for Conduit 1_7_a_
  WARNING 08: elevation drop exceeds length for Conduit 1_7_a__
  WARNING 08: elevation drop exceeds length for Conduit 1_7_a_4
  WARNING 02: maximum depth increased for Node 2
  
  ****************
  Analysis Options
  ****************
  Flow Units ............... CMS
  Process Models:
    Rainfall/Runoff ........ NO
    RDII ................... NO
    Snowmelt ............... NO
    Groundwater ............ NO
    Flow Routing ........... YES
    Ponding Allowed ........ NO
    Water Quality .......... NO
  Flow Routing Method ...... DYNWAVE
  Surcharge Method ......... EXTRAN
  Starting Date ............ 01/01/2000 00:00:00
  Ending Date .............. 01/02/2000 00:00:00
  Antecedent Dry Days ...... 0.0
  Report Time Step ......... 01:00:00
  Routing Time Step ........ 0.50 sec
  Variable Time Step ....... YES
  Maximum Trials ........... 8
  Number of Threads ........ 1
  Head Tolerance ........... 0.001500 m
  
  
  **************************        Volume        Volume
  Flow Routing Continuity        hectare-m      10^6 ltr
  **************************     ---------     ---------
  Dry Weather Inflow .......         0.000         0.000
  Wet Weather Inflow .......         0.000         0.000
  Groundwater Inflow .......         0.000         0.000
  RDII Inflow ..............         0.000         0.000
  External Inflow ..........       195.026      1950.277
  External Outflow .........       184.927      1849.288
  Flooding Loss ............         0.000         0.000
  Evaporation Loss .........         0.000         0.000
  Exfiltration Loss ........         0.000         0.000
  Initial Stored Volume ....         0.056         0.562
  Final Stored Volume ......         0.542         5.420
  Continuity Error (%) .....         4.928
  
  
  *************************
  Highest Continuity Errors
  *************************
  Node TWT_Acces_LT_60+110 (-713.76%)
  Node 2 (-169.33%)
  Node SonSto_F (-103.87%)
  Node 54 (63.54%)
  Node TWT_Chrosweg_61+140 (25.11%)
  
  
  ***************************
  Time-Step Critical Elements
  ***************************
  Link 1_4_a (16593.26%)
  Link 1_7_a_ (21.37%)
  Link 1_8_a (7.51%)
  Link 1_4_a_1 (5.20%)
  Link 20 (1.92%)
  
  
  ********************************
  Highest Flow Instability Indexes
  ********************************
  All links are stable.
  
  
  *********************************
  Most Frequent Nonconverging Nodes
  *********************************
  Node Brunnm_Fassung (45.24%)
  Node Brunnmuehle(Teich) (45.24%)
  Node Fensterstollen (45.24%)
  Node Gischeren (45.24%)
  Node Schuettstein (45.24%)
  
  
  *************************
  Routing Time Step Summary
  *************************
  Minimum Time Step           :     0.50 sec
  Average Time Step           :     0.50 sec
  Maximum Time Step           :     0.50 sec
  % of Time in Steady State   :    99.40
  Average Iterations per Step :     6.95
  % of Steps Not Converging   :    45.24
  Time Step Frequencies       :
      0.500 -  0.500 sec      :   100.00 %
      0.500 -  0.500 sec      :     0.00 %
      0.500 -  0.500 sec      :     0.00 %
      0.500 -  0.500 sec      :     0.00 %
      0.500 -  0.500 sec      :     0.00 %
  
  
  ******************
  Node Depth Summary
  ******************
  
  ---------------------------------------------------------------------------------
                                 Average  Maximum  Maximum  Time of Max    Reported
                                   Depth    Depth      HGL   Occurrence   Max Depth
  Node                 Type       Meters   Meters   Meters  days hr:min      Meters
  ---------------------------------------------------------------------------------
  9                    JUNCTION    43.14    52.19   490.69     0  00:00       43.17
  Holiloch_sonde       JUNCTION    40.14    48.79   488.79     0  00:00       40.16
  11                   JUNCTION    47.43    48.29   458.29     0  00:03       47.44
  13                   JUNCTION    51.19    51.81   489.81     0  00:02       51.21
  21                   JUNCTION    40.07    40.09   440.09     0  00:08       40.08
  SonSto_F             JUNCTION     0.40     0.53   438.33     0  00:04        0.40
  Sondierstollen       JUNCTION     0.00     0.00   440.80     0  00:00        0.00
  Aval_Trappe          JUNCTION     0.62     0.75   438.35     0  00:03        0.62
  30                   JUNCTION     0.74     0.74   438.04     0  00:08        0.74
  Gischeren_node       JUNCTION     0.55     0.55   477.05     0  00:08        0.55
  34                   JUNCTION    18.90    18.91   438.91     0  00:08       18.91
  38                   JUNCTION    23.29    23.30   443.30     0  00:08       23.30
  SS6                  JUNCTION     0.05     0.05   448.05     0  00:02        0.05
  40                   JUNCTION    20.85    21.41   440.41     0  00:02       20.85
  41                   JUNCTION    51.51    67.45   504.95     0  00:00       51.53
  SondeSchuettstein    JUNCTION    21.17    22.83   481.83     0  00:00       21.18
  SS4                  JUNCTION     0.06     0.06   448.06     0  00:08        0.06
  47                   JUNCTION    13.85    14.57   479.47     0  00:00       13.86
  48                   JUNCTION     8.96    10.41   481.41     0  00:00        8.96
  SondeGischeren       JUNCTION    12.02    12.06   477.06     0  00:08       12.06
  49                   JUNCTION    13.11    14.62   480.62     0  00:02       13.12
  50                   JUNCTION     6.34     6.98   469.98     0  00:05        6.36
  51                   JUNCTION    69.98    70.60   490.60     0  00:02       69.99
  Amont_C              JUNCTION    74.69   101.03   519.03     0  00:00       74.71
  52                   JUNCTION     0.26     0.26   457.26     0  00:08        0.26
  53                   JUNCTION     9.94    18.14   485.14     0  00:01        9.93
  54                   JUNCTION     4.39     4.41   467.41     0  00:08        4.41
  56                   JUNCTION     6.18     6.27   436.27     0  00:02        6.18
  2                    JUNCTION     0.53     0.53   438.53     0  00:08        0.53
  4                    JUNCTION     8.63     9.47   437.47     0  00:00        8.64
  5                    JUNCTION     5.94     5.97   478.47     0  00:04        5.95
  6                    JUNCTION    21.28    21.36   479.36     0  00:02       21.29
  7                    JUNCTION     3.44     3.46   478.46     0  00:03        3.44
  SS3                  JUNCTION     0.08     0.08   448.08     0  00:08        0.08
  SS5                  JUNCTION     0.59     0.59   439.49     0  00:08        0.59
  8                    JUNCTION     3.14     3.15   477.15     0  00:08        3.15
  10                   JUNCTION    11.11    12.66   480.66     0  00:02       11.13
  SonSto_SS5           JUNCTION     0.12     0.12   439.42     0  00:08        0.12
  SonSto_SS3           JUNCTION     0.10     0.10   439.80     0  00:05        0.10
  SonSto_SS4           JUNCTION     0.08     0.08   439.48     0  00:08        0.08
  Amont_Trappe         JUNCTION     0.56     0.72   438.42     0  00:03        0.56
  SonSto_SS6           JUNCTION     0.11     0.11   438.81     0  00:08        0.11
  SS2                  JUNCTION     0.00     0.00   448.00     0  00:00        0.00
  SonSto_SS2           JUNCTION     0.00     0.00   441.50     0  00:00        0.00
  12                   JUNCTION    17.58    18.07   467.07     0  00:02       17.59
  14                   JUNCTION     6.93     8.87   473.87     0  00:02        6.94
  15                   JUNCTION     0.35     0.35   472.35     0  00:04        0.35
  TWT_PointHaut_60+749 JUNCTION     0.09     0.09   438.59     0  00:08        0.09
  TWT_Fensterstollen_60+375 JUNCTION     0.99     1.03   438.33     0  00:04        0.99
  TWT_Acces_LT_60+110  JUNCTION     1.03     1.03   438.53     0  00:08        1.03
  TWT_Liaison_LT_59+738 JUNCTION     0.00     0.00   446.50     0  00:00        0.00
  Syst_Est_amont       JUNCTION     0.95     0.95   430.95     0  00:08        0.95
  Syst_Est_interm      JUNCTION    19.49    38.43   448.43     0  00:07       19.60
  TWT_Branche_Est_Sonsto_60+540 JUNCTION     0.30     0.30   438.70     0  00:04        0.30
  TWT_Intersection_Sonsto_60+345 JUNCTION     1.45     1.45   438.45     0  00:08        1.45
  TWT_Chrosweg_61+140  JUNCTION     0.07     0.07   432.07     0  00:08        0.07
  SonSto_F_sup         JUNCTION     0.04     0.04   448.04     0  00:04        0.04
  SonSto_porte         JUNCTION     0.01     0.01   438.51     0  00:08        0.01
  Brunnm_Fassung       OUTFALL      0.10     0.10   433.90     0  00:08        0.10
  Brunnmuehle(Teich)   OUTFALL      0.22     0.22   435.72     0  00:08        0.22
  Fensterstollen       OUTFALL      0.72     0.72   437.72     0  00:08        0.72
  Gischeren            OUTFALL      0.00     0.00   480.00     0  00:00        0.00
  Schuettstein         OUTFALL      0.21     0.22   477.77     0  00:02        0.21
  Holiloch             OUTFALL      1.58     1.59   478.09     0  00:03        1.58
  Sauserquelle         OUTFALL      0.25     0.26   435.81     0  00:02        0.25
  Entw_Stollen         OUTFALL      0.18     0.18   436.68     0  00:05        0.18
  Sous_lacustre        OUTFALL      0.10     0.10   429.30     0  00:08        0.10
  Sous_ecoul.          OUTFALL      0.00     0.00   433.00     0  00:00        0.00
  Syst_Est_aval        OUTFALL      0.28     0.51   429.51     0  00:07        0.29
  TWT_Portail_Est_61+665 OUTFALL      0.05     0.05   421.65     0  00:08        0.05
  CentraleVentilation_1C OUTFALL      0.18     0.18   454.18     0  00:08        0.18
  
  
  *******************
  Node Inflow Summary
  *******************
  
  -------------------------------------------------------------------------------------------------
                                  Maximum  Maximum                  Lateral       Total        Flow
                                  Lateral    Total  Time of Max      Inflow      Inflow     Balance
                                   Inflow   Inflow   Occurrence      Volume      Volume       Error
  Node                 Type           CMS      CMS  days hr:min    10^6 ltr    10^6 ltr     Percent
  -------------------------------------------------------------------------------------------------
  9                    JUNCTION         0     14.3     0  00:00           0         617       0.015
  Holiloch_sonde       JUNCTION         0     12.9     0  00:00           0         579       0.009
  11                   JUNCTION         0    0.259     0  00:04           0        22.2       0.003
  13                   JUNCTION         0     21.4     0  00:00           0    1.62e+03       0.008
  21                   JUNCTION         0    0.396     0  00:08           0        34.1      -0.005
  SonSto_F             JUNCTION         0     1.24     0  00:04           0        47.2     -50.950
  Sondierstollen       JUNCTION         0        0     0  00:00           0           0       0.000 ltr
  Aval_Trappe          JUNCTION         0     6.78     0  00:04           0         500       2.183
  30                   JUNCTION         0     12.9     0  00:08           0    1.08e+03      -2.011
  Gischeren_node       JUNCTION         0    0.272     0  00:08           0        19.919870012.760 ltr
  34                   JUNCTION         0    0.361     0  00:08           0        31.2       0.001
  38                   JUNCTION         0    0.247     0  00:00           0        20.2       0.002
  SS6                  JUNCTION         0    0.157     0  00:02           0        12.9      -0.001
  40                   JUNCTION         0     2.24     0  00:02           0         192      -0.001
  41                   JUNCTION         0     5.03     0  00:00           0        38.1      -0.001
  SondeSchuettstein    JUNCTION         0     0.72     0  00:00           0        38.1       0.035
  SS4                  JUNCTION         0   0.0875     0  00:08           0        7.55       0.069
  47                   JUNCTION         0      9.1     0  00:00           0         565       0.048
  48                   JUNCTION         0    0.534     0  00:00           0        38.1       0.010
  SondeGischeren       JUNCTION         0     0.31     0  00:08           0        23.6       0.250
  49                   JUNCTION         0    0.968     0  00:01           0          13      -0.356
  50                   JUNCTION         0     0.18     0  00:05           0        12.8       0.029
  51                   JUNCTION         0     38.2     0  00:00           0    1.86e+03       0.003
  Amont_C              JUNCTION      21.5     46.6     0  00:00    1.86e+03    1.86e+03       0.016
  52                   JUNCTION         0     0.24     0  00:08           0        20.7       2.462
  53                   JUNCTION         0     0.37     0  00:01           0        26.4       0.022
  54                   JUNCTION         0    0.306     0  00:08           0        26.4     174.262
  56                   JUNCTION         0    0.571     0  00:02           0        48.2       0.001
  2                    JUNCTION         0     0.68     0  00:05           0        4.13     -62.870
  4                    JUNCTION         0    0.331     0  00:08           0        28.6       0.023
  5                    JUNCTION         0     7.71     0  00:00           0         565      -0.016
  6                    JUNCTION         0     10.2     0  00:00           0         579       0.030
  7                    JUNCTION         0     6.82     0  00:02           0         565       0.076
  SS3                  JUNCTION         0    0.149     0  00:08           0        12.8       0.027
  SS5                  JUNCTION         0    0.253     0  00:08           0        21.8       0.133
  8                    JUNCTION         0    0.504     0  00:07           0        42.3      29.262
  10                   JUNCTION         0    0.759     0  00:02           0          13       0.863
  SonSto_SS5           JUNCTION         0    0.277     0  00:08           0        23.9       0.077
  SonSto_SS3           JUNCTION         0    0.149     0  00:08           0        12.8       0.141
  SonSto_SS4           JUNCTION         0    0.236     0  00:08           0        20.3       0.059
  Amont_Trappe         JUNCTION         0     1.61     0  00:03           0        92.1       3.880
  SonSto_SS6           JUNCTION         0    0.358     0  00:08           0        30.9       0.061
  SS2                  JUNCTION         0        0     0  00:00           0           0       0.000 ltr
  SonSto_SS2           JUNCTION         0        0     0  00:00           0           0       0.000 ltr
  12                   JUNCTION         0    0.386     0  00:00           0        26.8       0.015
  14                   JUNCTION         0     1.95     0  00:02           0         156       0.032
  15                   JUNCTION         0     0.45     0  00:04           0        38.4       0.032
  TWT_PointHaut_60+749 JUNCTION         0      0.2     0  00:06           0        17.1       1.920
  TWT_Fensterstollen_60+375 JUNCTION         0     12.5     0  00:08           0    1.07e+03       7.381
  TWT_Acces_LT_60+110  JUNCTION         0     4.69     0  00:04           0        6.43     -87.711
  TWT_Liaison_LT_59+738 JUNCTION         0        0     0  00:00           0           0       0.000 ltr
  Syst_Est_amont       JUNCTION      1.08     1.08     0  00:00        92.9        92.9     154.147
  Syst_Est_interm      JUNCTION         0     1.13     0  00:04           0        36.5       1.129
  TWT_Branche_Est_Sonsto_60+540 JUNCTION         0     1.92     0  00:04           0         165       0.056
  TWT_Intersection_Sonsto_60+345 JUNCTION         0      9.1     0  00:00           0         760       3.634
  TWT_Chrosweg_61+140  JUNCTION         0    0.195     0  00:08           0        16.8      33.521
  SonSto_F_sup         JUNCTION         0     0.45     0  00:04           0        38.4       0.001
  SonSto_porte         JUNCTION         0   0.0204     0  00:08           0        1.75      65.888
  Brunnm_Fassung       OUTFALL          0   0.0304     0  00:08           0        2.62       0.000
  Brunnmuehle(Teich)   OUTFALL          0    0.325     0  00:08           0        28.1       0.000
  Fensterstollen       OUTFALL          0     12.8     0  00:08           0     1.1e+03       0.000
  Gischeren            OUTFALL          0        0     0  00:00           0           0       0.000 ltr
  Schuettstein         OUTFALL          0    0.452     0  00:02           0        38.1       0.000
  Holiloch             OUTFALL          0     6.69     0  00:03           0         565       0.000
  Sauserquelle         OUTFALL          0    0.571     0  00:02           0        48.2       0.000
  Entw_Stollen         OUTFALL          0   0.0481     0  00:08           0        4.14       0.000
  Sous_lacustre        OUTFALL          0   0.0344     0  00:08           0        2.97       0.000
  Sous_ecoul.          OUTFALL          0  0.00588     0  00:00           0       0.503       0.000
  Syst_Est_aval        OUTFALL          0     1.32     0  00:07           0        36.1       0.000
  TWT_Portail_Est_61+665 OUTFALL          0    0.146     0  00:08           0        12.5       0.000
  CentraleVentilation_1C OUTFALL          0   0.0728     0  00:08           0        6.28       0.000
  
  
  **********************
  Node Surcharge Summary
  **********************
  
  Surcharging occurs when water rises above the top of the highest conduit.
  ---------------------------------------------------------------------
                                               Max. Height   Min. Depth
                                   Hours       Above Crown    Below Rim
  Node                 Type      Surcharged         Meters       Meters
  ---------------------------------------------------------------------
  9                    JUNCTION       23.99         50.393       47.807
  Holiloch_sonde       JUNCTION       23.99         46.888      151.212
  11                   JUNCTION       24.00         47.834      101.706
  13                   JUNCTION       23.99         48.807      348.193
  21                   JUNCTION       24.00         39.488      109.912
  34                   JUNCTION       24.00         18.310       81.090
  38                   JUNCTION       24.00         22.699      126.701
  40                   JUNCTION       24.00         17.408       78.592
  41                   JUNCTION       23.99         66.597      182.553
  SondeSchuettstein    JUNCTION       23.99         22.031        0.000
  47                   JUNCTION       23.98         12.669       85.431
  48                   JUNCTION       23.98          9.614       89.586
  SondeGischeren       JUNCTION       23.92         10.860       87.940
  49                   JUNCTION       23.96          6.615      185.385
  50                   JUNCTION       23.92          6.681      193.019
  51                   JUNCTION       24.00         66.599      329.401
  Amont_C              JUNCTION       24.00         98.030      298.970
  53                   JUNCTION       23.98         13.136      181.864
  56                   JUNCTION       24.00          5.268       93.732
  4                    JUNCTION       23.99          8.817       90.533
  5                    JUNCTION       23.97          0.967       44.033
  6                    JUNCTION       23.99         16.359      178.641
  10                   JUNCTION       23.96          4.655      187.345
  12                   JUNCTION       23.99         17.715      181.935
  14                   JUNCTION       23.95          4.875      191.125
  Syst_Est_interm      JUNCTION       23.87         36.929       61.571
  
  
  *********************
  Node Flooding Summary
  *********************
  
  No nodes were flooded.
  
  
  ***********************
  Outfall Loading Summary
  ***********************
  
  -----------------------------------------------------------
                         Flow       Avg       Max       Total
                         Freq      Flow      Flow      Volume
  Outfall Node           Pcnt       CMS       CMS    10^6 ltr
  -----------------------------------------------------------
  Brunnm_Fassung        99.95    0.0304    0.0304       2.624
  Brunnmuehle(Teich)    99.95     0.325     0.325      28.050
  Fensterstollen        99.97      12.8      12.8    1104.987
  Gischeren              0.00         0         0       0.000
  Schuettstein          99.93     0.441     0.452      38.055
  Holiloch              99.89      6.55      6.69     564.785
  Sauserquelle          99.98     0.558     0.571      48.214
  Entw_Stollen          99.95    0.0479    0.0481       4.139
  Sous_lacustre         99.99    0.0343    0.0344       2.966
  Sous_ecoul.           99.95   0.00582   0.00588       0.503
  Syst_Est_aval         99.47      0.42      1.32      36.134
  TWT_Portail_Est_61+665  99.91     0.145     0.146      12.545
  CentraleVentilation_1C  99.97    0.0727    0.0728       6.278
  -----------------------------------------------------------
  System                92.22      21.4      21.5    1849.279
  
  
  ********************
  Link Flow Summary
  ********************
  
  -----------------------------------------------------------------------------
                                 Maximum  Time of Max   Maximum    Max/    Max/
                                  |Flow|   Occurrence   |Veloc|    Full    Full
  Link                 Type          CMS  days hr:min     m/sec    Flow   Depth
  -----------------------------------------------------------------------------
  Brunn_Fassung_L      CONDUIT    0.0304     0  00:08      1.33    0.50    0.75
  11                   CONDUIT      12.9     0  00:00      7.30    1.93    1.00
  14                   CONDUIT      14.3     0  00:00      9.60    7.77    1.00
  16                   CONDUIT     0.259     0  00:04      3.03    1.81    1.00
  17                   CONDUIT     0.248     0  00:00      0.88    0.42    1.00
  26                   CONDUIT      5.03     0  00:00      8.98    6.81    1.00
  27                   CONDUIT     0.071     0  00:04      1.87    0.91    1.00
  Gischeren_L          CONDUIT         0     0  00:00      0.00    0.00    0.23
  Schuettstein_L       CONDUIT     0.452     0  00:02      3.01    0.39    0.72
  Brunnmuehle_L        CONDUIT     0.361     0  00:08      1.28    0.17    1.00
  32                   CONDUIT         0     0  00:00      0.00    0.00    0.00
  35                   CONDUIT     0.162     0  00:08      0.23    0.03    0.73
  45                   CONDUIT     0.358     0  00:08      2.79    0.00    0.11
  46                   CONDUIT     0.571     0  00:02      2.02    0.57    1.00
  47                   CONDUIT     0.114     0  00:02      3.00    7.12    1.00
  50                   CONDUIT     0.534     0  00:00      1.82    0.10    1.00
  51                   CONDUIT    0.0495     0  00:02      0.58    0.14    1.00
  53                   CONDUIT     0.247     0  00:00      1.49    1.26    1.00
  Fenster_L            CONDUIT      12.8     0  00:08      9.65    0.13    0.24
  58                   CONDUIT      6.62     0  00:04      6.41    0.09    0.23
  59                   CONDUIT     0.277     0  00:08      3.06    0.00    0.04
  61                   CONDUIT      0.72     0  00:00      3.46    1.01    1.00
  63                   CONDUIT     0.157     0  00:02      2.18    0.70    0.51
  66                   CONDUIT      0.18     0  00:05      2.66    2.37    1.00
  67                   CONDUIT      21.4     0  00:00      5.54    0.21    1.00
  Amont_L              CONDUIT      38.2     0  00:00      5.40    2.07    1.00
  69                   CONDUIT      0.24     0  00:08      2.17    0.94    0.83
  70                   CONDUIT     0.162     0  00:08      1.45    0.50    0.83
  71                   CONDUIT      0.37     0  00:01      1.61    0.65    1.00
  72                   CONDUIT     0.306     0  00:08      1.51    1.45    0.94
  Sauser_L             CONDUIT     0.571     0  00:02      1.10    0.15    0.63
  75                   CONDUIT    0.0875     0  00:08      2.80    0.89    0.63
  Entw_Sto_L           CONDUIT    0.0481     0  00:08      1.89    1.11    1.00
  4                    CONDUIT    0.0247     0  00:04      1.29    1.10    1.00
  5                    CONDUIT    0.0248     0  00:04      1.03    0.88    1.00
  6                    CONDUIT    0.0344     0  00:08      1.35    0.52    0.75
  7                    CONDUIT     0.331     0  00:08      1.68    0.51    1.00
  Brunn_Teich_L        CONDUIT     0.325     0  00:08      1.38    0.25    0.67
  9                    CONDUIT   0.00588     0  00:00      1.48    0.00    0.50
  12                   CONDUIT      7.71     0  00:00      4.53    0.16    1.00
  15                   CONDUIT      10.2     0  00:00      5.46    0.26    1.00
  18                   CONDUIT       9.1     0  00:00      4.72    0.37    1.00
  19                   CONDUIT     0.968     0  00:01      1.27    0.92    1.00
  20                   CONDUIT      1.33     0  00:04      2.60    0.11    0.73
  21                   CONDUIT      6.82     0  00:02      0.81    0.05    0.85
  Hooliloch_L          CONDUIT      6.69     0  00:03      1.31    0.13    0.63
  23                   CONDUIT     0.149     0  00:08      3.20    0.93    0.63
  25                   CONDUIT     0.504     0  00:07      1.80    0.41    1.00
  28                   CONDUIT     0.149     0  00:08      2.38    0.00    0.03
  29                   CONDUIT    0.0244     0  00:08      0.65    0.00    0.03
  31                   CONDUIT     0.116     0  00:07      0.46    0.07    0.37
  33                   CONDUIT     0.759     0  00:02      0.80    0.29    1.00
  37                   CONDUIT     0.253     0  00:08      0.53    0.01    0.12
  SS3_L                CONDUIT     0.149     0  00:08      3.05    0.00    0.04
  40                   CONDUIT      1.61     0  00:03      1.18    0.01    0.14
  SS6_L                CONDUIT    0.0854     0  00:02      3.34    0.00    0.04
  1                    CONDUIT         0     0  00:00      0.00    0.00    0.02
  2                    CONDUIT         0     0  00:00      0.00    0.00    0.00
  3                    CONDUIT    0.0874     0  00:08      4.35    0.01    0.07
  10                   CONDUIT     0.211     0  00:08      0.49    0.00    0.11
  13                   CONDUIT     0.386     0  00:00      4.38    0.84    1.00
  22                   CONDUIT     0.312     0  00:02      3.24    0.77    1.00
  24                   CONDUIT      1.95     0  00:02      2.77    0.00    1.00
  30                   CONDUIT      1.81     0  00:02      2.52    0.76    1.00
  34                   CONDUIT      0.45     0  00:04      2.16    0.50    0.82
  36                   CONDUIT      0.45     0  00:04      5.89    0.48    0.36
  38                   CONDUIT      0.31     0  00:08      2.56    0.12    1.00
  48                   CONDUIT      1.13     0  00:04      2.61    0.76    0.98
  54                   CONDUIT      1.32     0  00:07      1.08    0.25    0.65
  68                   CONDUIT      0.19     0  00:04      8.29    0.00    0.10
  73                   CONDUIT    0.0204     0  00:08      0.08    0.00    0.13
  TWT1                 CONDUIT     0.146     0  00:08      2.28    0.00    0.01
  TWT2                 CONDUIT     0.195     0  00:08      2.07    0.00    0.01
  TWT3                 CONDUIT       0.2     0  00:06      0.64    0.00    0.02
  TWT4                 CONDUIT      1.72     0  00:04      1.01    0.00    0.08
  1_2_b_               CONDUIT         0     0  00:00      0.00    0.00    0.05
  1_2_b_1              CONDUIT      2.23     0  00:02     14.04    8.57    1.00
  1_2_b_2              CONDUIT    0.0452     0  00:04      0.42    0.01    0.54
  TWT5                 CONDUIT       8.5     0  00:08      1.75    0.01    0.15
  1_4_a                CONDUIT      6.64     0  00:04      4.30    0.10    0.29
  1_4_a_1              CONDUIT       8.3     0  00:02    >50.00   11.12    1.00
  TWT6                 CONDUIT      4.69     0  00:04      1.37    0.01    0.15
  1_4_b                CONDUIT    0.0123     0  00:08      0.01    0.00    0.24
  TWT7                 CONDUIT         0     0  00:00      0.00    0.00    0.06
  1_5_a                CONDUIT         0     0  00:00      0.00    0.00    0.13
  1_7_a                CONDUIT      7.18     0  00:08      3.28    1.63    0.17
  1_7_a_               CONDUIT     0.214     0  00:04      4.01    0.01    0.34
  1_7_a__              CONDUIT      1.64     0  00:04      9.90    0.24    0.80
  1_7_a_4              CONDUIT    0.0715     0  00:02      1.43    0.02    0.35
  1_8_a                CONDUIT     0.634     0  00:05      5.29    0.00    0.16
  CV_1C_to_52          CONDUIT    0.0728     0  00:08      0.86    0.44    0.44
  
  
  ***************************
  Flow Classification Summary
  ***************************
  
  -------------------------------------------------------------------------------------
                      Adjusted    ---------- Fraction of Time in Flow Class ---------- 
                       /Actual         Up    Down  Sub   Sup   Up    Down  Norm  Inlet 
  Conduit               Length    Dry  Dry   Dry   Crit  Crit  Crit  Crit  Ltd   Ctrl  
  -------------------------------------------------------------------------------------
  Brunn_Fassung_L         1.00   0.00  0.00  0.00  0.00  1.00  0.00  0.00  0.00  0.00
  11                      1.00   0.00  0.00  0.00  1.00  0.00  0.00  0.00  0.00  0.00
  14                      1.00   0.00  0.00  0.00  1.00  0.00  0.00  0.00  0.00  0.00
  16                      1.00   0.00  0.00  0.00  1.00  0.00  0.00  0.00  0.00  0.00
  17                      1.00   0.00  0.00  0.00  1.00  0.00  0.00  0.00  0.00  0.00
  26                      1.00   0.00  0.00  0.00  1.00  0.00  0.00  0.00  0.00  0.00
  27                      1.00   0.00  0.00  0.00  1.00  0.00  0.00  0.00  0.00  0.00
  Gischeren_L             1.00   0.00  1.00  0.00  0.00  0.00  0.00  0.00  0.00  0.00
  Schuettstein_L          1.00   0.00  0.00  0.00  0.00  1.00  0.00  0.00  0.00  0.00
  Brunnmuehle_L           1.00   0.00  0.00  0.00  1.00  0.00  0.00  0.00  0.00  0.00
  32                      1.00   1.00  0.00  0.00  0.00  0.00  0.00  0.00  0.00  0.00
  35                      1.00   0.00  0.00  0.00  1.00  0.00  0.00  0.00  0.00  0.00
  45                      1.00   0.00  0.00  0.00  1.00  0.00  0.00  0.00  1.00  0.00
  46                      1.00   0.00  0.00  0.00  1.00  0.00  0.00  0.00  0.00  0.00
  47                      1.00   0.00  0.00  0.00  1.00  0.00  0.00  0.00  0.00  0.00
  50                      1.00   0.00  0.00  0.00  1.00  0.00  0.00  0.00  0.00  0.00
  51                      1.00   0.00  0.00  0.00  1.00  0.00  0.00  0.00  0.00  0.00
  53                      1.00   0.00  0.00  0.00  1.00  0.00  0.00  0.00  0.00  0.00
  Fenster_L               1.00   0.00  0.00  0.00  0.00  1.00  0.00  0.00  0.00  0.00
  58                      1.00   0.00  0.00  0.00  0.00  1.00  0.00  0.00  0.00  0.00
  59                      1.00   0.00  0.00  0.00  0.00  1.00  0.00  0.00  0.00  0.00
  61                      1.00   0.00  0.00  0.00  1.00  0.00  0.00  0.00  0.00  0.00
  63                      1.00   0.00  0.00  0.00  1.00  0.00  0.00  0.00  0.00  0.00
  66                      1.00   0.00  0.00  0.00  1.00  0.00  0.00  0.00  0.00  0.00
  67                      1.00   0.00  0.00  0.00  1.00  0.00  0.00  0.00  0.00  0.00
  Amont_L                 1.00   0.00  0.00  0.00  1.00  0.00  0.00  0.00  0.00  0.00
  69                      1.00   0.00  0.00  0.00  0.00  1.00  0.00  0.00  0.00  0.00
  70                      1.00   0.00  0.00  0.00  1.00  0.00  0.00  0.00  0.00  0.00
  71                      1.00   0.00  0.00  0.00  1.00  0.00  0.00  0.00  0.00  0.00
  72                      1.00   0.00  0.00  0.00  1.00  0.00  0.00  0.00  0.00  0.00
  Sauser_L                1.00   0.00  0.00  0.00  1.00  0.00  0.00  0.00  0.00  0.00
  75                      1.00   0.00  0.00  0.00  0.00  1.00  0.00  0.00  0.00  0.00
  Entw_Sto_L              1.00   0.00  0.00  0.00  1.00  0.00  0.00  0.00  0.00  0.00
  4                       1.00   0.00  0.00  0.00  1.00  0.00  0.00  0.00  0.00  0.00
  5                       1.00   0.00  0.00  0.00  1.00  0.00  0.00  0.00  0.00  0.00
  6                       1.00   0.00  0.00  0.00  0.00  1.00  0.00  0.00  0.00  0.00
  7                       1.00   0.00  0.00  0.00  1.00  0.00  0.00  0.00  0.00  0.00
  Brunn_Teich_L           1.00   0.00  0.00  0.00  1.00  0.00  0.00  0.00  0.00  0.00
  9                       1.00   0.00  0.00  0.00  0.00  1.00  0.00  0.00  0.00  0.00
  12                      1.00   0.00  0.00  0.00  1.00  0.00  0.00  0.00  0.00  0.00
  15                      1.00   0.00  0.00  0.00  1.00  0.00  0.00  0.00  0.00  0.00
  18                      1.00   0.00  0.00  0.00  1.00  0.00  0.00  0.00  0.00  0.00
  19                      1.00   0.00  0.00  0.00  1.00  0.00  0.00  0.00  0.00  0.00
  20                      1.00   0.00  0.00  0.00  1.00  0.00  0.00  0.00  0.00  0.00
  21                      1.00   0.00  0.00  0.00  1.00  0.00  0.00  0.00  0.00  0.00
  Hooliloch_L             1.00   0.00  0.00  0.00  1.00  0.00  0.00  0.00  0.00  0.00
  23                      1.00   0.00  0.00  0.00  0.00  1.00  0.00  0.00  0.00  0.00
  25                      1.00   0.00  0.00  0.00  1.00  0.00  0.00  0.00  0.00  0.00
  28                      1.00   0.00  0.00  0.00  0.00  1.00  0.00  0.00  0.00  0.00
  29                      1.00   0.00  0.00  0.00  1.00  0.00  0.00  0.00  1.00  0.00
  31                      1.00   0.00  0.00  0.00  1.00  0.00  0.00  0.00  0.00  0.00
  33                      1.00   0.00  0.00  0.00  1.00  0.00  0.00  0.00  0.00  0.00
  37                      1.00   0.00  0.00  0.00  1.00  0.00  0.00  0.00  0.00  0.00
  SS3_L                   1.00   0.00  0.00  0.00  0.00  1.00  0.00  0.00  1.00  0.00
  40                      1.00   0.00  0.00  0.00  1.00  0.00  0.00  0.00  0.00  0.00
  SS6_L                   1.00   0.00  0.00  0.00  0.00  1.00  0.00  0.00  1.00  0.00
  1                       1.00   0.00  1.00  0.00  0.00  0.00  0.00  0.00  0.00  0.00
  2                       1.00   1.00  0.00  0.00  0.00  0.00  0.00  0.00  0.00  0.00
  3                       1.00   0.00  0.00  0.00  0.00  1.00  0.00  0.00  1.00  0.00
  10                      1.00   0.00  0.00  0.00  1.00  0.00  0.00  0.00  1.00  0.00
  13                      1.00   0.00  0.00  0.00  1.00  0.00  0.00  0.00  0.00  0.00
  22                      1.00   0.00  0.00  0.00  1.00  0.00  0.00  0.00  0.00  0.00
  24                      1.00   0.00  0.00  0.00  1.00  0.00  0.00  0.00  0.00  0.00
  30                      1.00   0.00  0.00  0.00  1.00  0.00  0.00  0.00  0.00  0.00
  34                      1.00   0.00  0.00  0.00  1.00  0.00  0.00  0.00  0.00  0.00
  36                      1.00   0.00  0.00  0.00  0.00  1.00  0.00  0.00  0.00  0.00
  38                      1.00   0.00  0.00  0.00  1.00  0.00  0.00  0.00  0.00  0.00
  48                      1.00   0.00  0.00  0.00  1.00  0.00  0.00  0.00  0.00  0.00
  54                      1.00   0.00  0.01  0.00  0.99  0.00  0.00  0.00  0.00  0.00
  68                      1.00   0.00  0.00  0.00  1.00  0.00  0.00  0.00  1.00  0.00
  73                      1.00   0.00  0.00  0.00  1.00  0.00  0.00  0.00  0.00  0.00
  TWT1                    1.00   0.00  0.00  0.00  0.00  1.00  0.00  0.00  0.00  0.00
  TWT2                    1.00   0.00  0.00  0.00  0.00  1.00  0.00  0.00  0.00  0.00
  TWT3                    1.00   0.00  0.00  0.00  1.00  0.00  0.00  0.00  0.00  0.00
  TWT4                    1.00   0.00  0.00  0.00  1.00  0.00  0.00  0.00  1.00  0.00
  1_2_b_                  1.00   0.00  1.00  0.00  0.00  0.00  0.00  0.00  0.00  0.00
  1_2_b_1                 1.00   0.00  0.00  0.00  1.00  0.00  0.00  0.00  0.00  0.00
  1_2_b_2                 1.00   0.00  0.00  0.00  1.00  0.00  0.00  0.00  1.00  0.00
  TWT5                    1.00   0.00  0.00  0.00  1.00  0.00  0.00  0.00  0.00  0.00
  1_4_a                   1.00   0.00  0.00  0.00  0.00  1.00  0.00  0.00  0.00  0.00
  1_4_a_1                 1.00   0.00  0.00  0.00  1.00  0.00  0.00  0.00  0.00  0.00
  TWT6                    1.00   0.00  0.00  0.00  1.00  0.00  0.00  0.00  0.00  0.00
  1_4_b                   1.00   0.00  0.00  0.00  1.00  0.00  0.00  0.00  1.00  0.00
  TWT7                    1.00   0.00  1.00  0.00  0.00  0.00  0.00  0.00  0.00  0.00
  1_5_a                   1.00   0.00  1.00  0.00  0.00  0.00  0.00  0.00  0.00  0.00
  1_7_a                   1.00   0.00  0.00  0.00  0.00  1.00  0.00  0.00  0.00  0.00
  1_7_a_                  1.00   0.00  0.00  0.00  0.00  1.00  0.00  0.00  1.00  0.00
  1_7_a__                 1.00   0.00  0.00  0.00  0.00  1.00  0.00  0.00  0.00  0.00
  1_7_a_4                 1.00   0.00  0.00  0.00  1.00  0.00  0.00  0.00  1.00  0.00
  1_8_a                   1.00   0.00  0.00  0.00  1.00  0.00  0.00  0.00  0.00  0.00
  CV_1C_to_52             1.00   0.00  0.00  0.00  1.00  0.00  0.00  0.00  0.00  0.00
  
  
  *************************
  Conduit Surcharge Summary
  *************************
  
  ----------------------------------------------------------------------------
                                                           Hours        Hours 
                         --------- Hours Full --------   Above Full   Capacity
  Conduit                Both Ends  Upstream  Dnstream   Normal Flow   Limited
  ----------------------------------------------------------------------------
  Brunn_Fassung_L             0.01      0.01     24.00      0.01         0.01
  11                         23.99     23.99     23.99     23.99         0.01
  14                         23.99     23.99     24.00     23.99         0.01
  16                         24.00     24.00     24.00     23.99        23.99
  17                         24.00     24.00     24.00      0.01         0.01
  26                         23.99     24.00     23.99      0.01         0.01
  27                         23.96     23.96     23.97      0.01         0.01
  Schuettstein_L              0.01      0.01     23.98      0.01         0.01
  Brunnmuehle_L              24.00     24.00     24.00      0.01         0.01
  35                          0.01      0.01     23.92      0.01         0.01
  46                         24.00     24.00     24.00      0.01         0.01
  47                         24.00     24.00     24.00     24.00        24.00
  50                         23.98     23.98     23.99      0.01         0.01
  51                         23.97     23.97     24.00      0.01         0.01
  53                         24.00     24.00     24.00     23.99         0.01
  61                         23.99     23.99     23.99      0.01         0.01
  63                          0.01     23.97      0.01      0.01         0.01
  66                         23.92     23.97     23.92     23.96        23.92
  67                         23.99     23.99     24.00      0.01         0.01
  Amont_L                    24.00     24.00     24.00     24.00         0.01
  69                          0.01      0.01     24.00      0.01         0.01
  70                          0.01      0.01     24.00      0.01         0.01
  71                         23.98     23.98     23.99      0.01         0.01
  72                          0.01     23.98      0.01     23.98         0.01
  Sauser_L                    0.01      0.01     24.00      0.01         0.01
  75                          0.01     23.97      0.01      0.01         0.01
  Entw_Sto_L                 23.90     23.92     23.90     23.91        23.90
  4                          23.92     23.97     23.92     23.92        23.92
  5                          23.92     23.92     24.00      0.01         0.01
  6                           0.01      0.01     24.00      0.01         0.01
  7                          23.99     23.99     24.00      0.01         0.01
  Brunn_Teich_L               0.01      0.01     23.99      0.01         0.01
  9                           0.01      0.01     23.99      0.01         0.01
  12                         23.98     23.98     23.98      0.01         0.01
  15                         23.99     23.99     23.99      0.01         0.01
  18                         23.98     23.98     23.99      0.01         0.01
  19                         23.97     23.97     23.99      0.01         0.01
  21                          0.01      0.01     23.97      0.01         0.01
  23                          0.01     23.92      0.01      0.01         0.01
  25                         23.87     23.87     23.99      0.01         0.01
  33                         23.96     23.96     23.96      0.01         0.01
  13                         23.99     23.99     24.00      0.01         0.01
  22                         23.99     23.99     24.00      0.01         0.01
  24                         23.95     23.95     24.00      0.01         0.01
  30                         23.95     23.95     24.00      0.01         0.01
  34                          0.01      0.01     23.99      0.01         0.01
  38                         23.89     23.89     23.93      0.01         0.01
  48                          0.01      0.01     23.91      0.01         0.01
  54                          0.01      0.01     23.87      0.01         0.01
  1_2_b_1                    23.97     24.00     23.97     24.00        23.97
  1_2_b_2                     0.01      0.01     23.97      0.01         0.01
  1_4_a_1                    23.99     24.00     23.99     24.00        23.99
  1_7_a                       0.01      0.01      0.01     23.92         0.01
  1_7_a__                     0.01      0.01     24.00      0.01         0.01
  

  Analysis begun on:  Wed Sep 30 15:38:11 2026
  Analysis ended on:  Wed Sep 30 15:38:13 2026
  Total elapsed time: 00:00:02