
  EPA STORM WATER MANAGEMENT MODEL - VERSION 5.2 (Build 5.2.4)
  ------------------------------------------------------------

  Brunnmuehle (Twann) 
  WARNING 08: elevation drop exceeds length for Conduit SS3_L
  WARNING 08: elevation drop exceeds length for Conduit SS6_L
  WARNING 08: elevation drop exceeds length for Conduit 2
  WARNING 08: elevation drop exceeds length for Conduit 3
  WARNING 08: elevation drop exceeds length for Conduit 68
  WARNING 08: elevation drop exceeds length for Conduit 1_1_b_2
  WARNING 08: elevation drop exceeds length for Conduit 1_2_b_
  WARNING 08: elevation drop exceeds length for Conduit 1_2_b_2
  WARNING 08: elevation drop exceeds length for Conduit 1_2_b_3
  WARNING 08: elevation drop exceeds length for Conduit 1_3_a_2
  WARNING 08: elevation drop exceeds length for Conduit 1_4_b
  WARNING 08: elevation drop exceeds length for Conduit 1_5_a
  WARNING 04: minimum elevation drop used for Conduit 1_7_a
  WARNING 08: elevation drop exceeds length for Conduit 1_7_a_
  WARNING 08: elevation drop exceeds length for Conduit 1_7_a__
  WARNING 02: maximum depth increased for Node 2
  
  ****************
  Analysis Options
  ****************
  Flow Units ............... CMS
  Process Models:
    Rainfall/Runoff ........ NO
    RDII ................... NO
    Snowmelt ............... NO
    Groundwater ............ NO
    Flow Routing ........... YES
    Ponding Allowed ........ NO
    Water Quality .......... NO
  Flow Routing Method ...... DYNWAVE
  Surcharge Method ......... EXTRAN
  Starting Date ............ 01/01/2000 00:00:00
  Ending Date .............. 01/02/2000 00:00:00
  Antecedent Dry Days ...... 0.0
  Report Time Step ......... 01:00:00
  Routing Time Step ........ 0.50 sec
  Variable Time Step ....... YES
  Maximum Trials ........... 8
  Number of Threads ........ 1
  Head Tolerance ........... 0.001500 m
  
  
  **************************        Volume        Volume
  Flow Routing Continuity        hectare-m      10^6 ltr
  **************************     ---------     ---------
  Dry Weather Inflow .......         0.000         0.000
  Wet Weather Inflow .......         0.000         0.000
  Groundwater Inflow .......         0.000         0.000
  RDII Inflow ..............         0.000         0.000
  External Inflow ..........       133.343      1333.445
  External Outflow .........       126.577      1265.779
  Flooding Loss ............         0.000         0.000
  Evaporation Loss .........         0.000         0.000
  Exfiltration Loss ........         0.000         0.000
  Initial Stored Volume ....         0.057         0.569
  Final Stored Volume ......         0.512         5.119
  Continuity Error (%) .....         4.731
  
  
  *************************
  Highest Continuity Errors
  *************************
  Node TWT_Intersection_Sonsto_60+345 (-19804.45%)
  Node SonSto_F (-290.91%)
  Node TWT_Acces_LT_60+110 (100.00%)
  Node Amont_Trappe (99.87%)
  Node 5 (99.86%)
  
  
  ***************************
  Time-Step Critical Elements
  ***************************
  Link 1_4_a (17479.53%)
  Link 1_7_a_1 (13.17%)
  Link 20 (4.86%)
  
  
  ********************************
  Highest Flow Instability Indexes
  ********************************
  All links are stable.
  
  
  *********************************
  Most Frequent Nonconverging Nodes
  *********************************
  Node Brunnm_Fassung (34.85%)
  Node Brunnmuehle(Teich) (34.85%)
  Node Fensterstollen (34.85%)
  Node Gischeren (34.85%)
  Node Schuettstein (34.85%)
  
  
  *************************
  Routing Time Step Summary
  *************************
  Minimum Time Step           :     0.50 sec
  Average Time Step           :     0.50 sec
  Maximum Time Step           :     0.50 sec
  % of Time in Steady State   :    99.43
  Average Iterations per Step :     5.21
  % of Steps Not Converging   :    34.85
  Time Step Frequencies       :
      0.500 -  0.500 sec      :   100.00 %
      0.500 -  0.500 sec      :     0.00 %
      0.500 -  0.500 sec      :     0.00 %
      0.500 -  0.500 sec      :     0.00 %
      0.500 -  0.500 sec      :     0.00 %
  
  
  ******************
  Node Depth Summary
  ******************
  
  ---------------------------------------------------------------------------------
                                 Average  Maximum  Maximum  Time of Max    Reported
                                   Depth    Depth      HGL   Occurrence   Max Depth
  Node                 Type       Meters   Meters   Meters  days hr:min      Meters
  ---------------------------------------------------------------------------------
  9                    JUNCTION    34.89    36.53   475.03     0  00:00       34.92
  Holiloch_sonde       JUNCTION    33.40    33.56   473.56     0  00:01       33.42
  11                   JUNCTION    41.31    41.58   451.58     0  00:00       41.32
  13                   JUNCTION    35.40    35.43   473.43     0  00:08       35.42
  21                   JUNCTION    39.12    39.13   439.13     0  00:08       39.13
  SonSto_F             JUNCTION     0.45     0.47   438.27     0  00:08        0.46
  Sondierstollen       JUNCTION     0.00     0.00   440.80     0  00:00        0.00
  Aval_Trappe          JUNCTION     0.64     0.76   438.36     0  00:08        0.64
  30                   JUNCTION     0.73     0.73   438.03     0  00:08        0.73
  Gischeren_node       JUNCTION     0.00     0.00   476.50     0  00:00        0.00
  34                   JUNCTION    18.21    18.22   438.22     0  00:08       18.22
  38                   JUNCTION    21.37    21.39   441.39     0  00:08       21.39
  SS6                  JUNCTION     0.06     0.06   448.06     0  00:08        0.06
  40                   JUNCTION    20.13    20.24   439.24     0  00:01       20.13
  41                   JUNCTION    35.90    35.93   473.43     0  00:08       35.93
  SondeSchuettstein    JUNCTION    14.41    14.65   473.65     0  00:02       14.42
  SS4                  JUNCTION     0.06     0.07   448.07     0  00:05        0.06
  47                   JUNCTION     8.52     8.72   473.62     0  00:01        8.53
  48                   JUNCTION     2.42     2.74   473.74     0  00:02        2.42
  SondeGischeren       JUNCTION     0.00     0.00   465.00     0  00:00        0.00
  49                   JUNCTION     7.29     7.31   473.31     0  00:08        7.31
  50                   JUNCTION     0.00     0.00   463.00     0  00:00        0.00
  51                   JUNCTION    53.78    53.81   473.81     0  00:08       53.81
  Amont_C              JUNCTION    57.05    87.55   505.55     0  00:00       57.08
  52                   JUNCTION     0.24     0.24   457.24     0  00:08        0.24
  53                   JUNCTION     4.12     4.13   471.13     0  00:07        4.12
  54                   JUNCTION     0.53     0.53   463.53     0  00:08        0.53
  56                   JUNCTION     6.11     6.26   436.26     0  00:00        6.11
  2                    JUNCTION     0.09     0.09   438.09     0  00:08        0.09
  4                    JUNCTION     8.46     8.66   436.66     0  00:00        8.47
  5                    JUNCTION     0.93     0.93   473.43     0  00:08        0.93
  6                    JUNCTION    15.41    15.90   473.90     0  00:01       15.43
  7                    JUNCTION     0.00     0.00   475.00     0  00:00        0.00
  SS3                  JUNCTION     0.00     0.00   448.00     0  00:00        0.00
  SS5                  JUNCTION     0.46     0.46   439.36     0  00:05        0.46
  8                    JUNCTION     0.00     0.00   474.00     0  00:00        0.00
  10                   JUNCTION     5.29     5.30   473.30     0  00:08        5.30
  SonSto_SS5           JUNCTION     0.05     0.05   439.35     0  00:05        0.05
  SonSto_SS3           JUNCTION     0.00     0.00   439.70     0  00:00        0.00
  SonSto_SS4           JUNCTION     0.05     0.05   439.45     0  00:05        0.05
  Amont_Trappe         JUNCTION     0.50     0.69   438.39     0  00:08        0.50
  SonSto_SS6           JUNCTION     0.08     0.08   438.78     0  00:08        0.08
  SS2                  JUNCTION     0.00     0.00   448.00     0  00:00        0.00
  SonSto_SS2           JUNCTION     0.00     0.00   441.50     0  00:00        0.00
  12                   JUNCTION     8.62     8.64   457.64     0  00:08        8.63
  14                   JUNCTION     1.30     1.30   466.30     0  00:08        1.30
  15                   JUNCTION     0.17     0.17   472.17     0  00:08        0.17
  TWT_PointHaut_60+650 JUNCTION     0.25     0.25   438.75     0  00:07        0.25
  TWT_Fensterstollen_60+375 JUNCTION     1.05     1.05   438.35     0  00:08        1.05
  TWT_Acces_LT_60+110  JUNCTION     0.99     0.99   438.49     0  00:08        0.99
  TWT_Liaison_LT_59+738 JUNCTION     0.00     0.00   450.60     0  00:00        0.00
  Syst_Est_amont       JUNCTION     7.21   100.00   530.00     0  00:06        7.23
  Syst_Est_interm      JUNCTION    22.29    34.28   444.28     0  00:04       22.37
  TWT_Branche_Est_Sonsto_60+540 JUNCTION     0.65     0.79   439.19     0  00:02        0.65
  TWT_Intersection_Sonsto_60+345 JUNCTION     1.22     1.45   438.45     0  00:07        1.22
  TWT_Chrosweg_61+140  JUNCTION     0.23     0.23   432.23     0  00:08        0.23
  SonSto_F_sup         JUNCTION     0.02     0.02   448.02     0  00:08        0.02
  SonSto_porte         JUNCTION     0.00     0.00   438.50     0  00:00        0.00
  Brunnm_Fassung       OUTFALL      0.09     0.09   433.89     0  00:08        0.09
  Brunnmuehle(Teich)   OUTFALL      0.20     0.21   435.71     0  00:08        0.21
  Fensterstollen       OUTFALL      0.65     0.66   437.66     0  00:06        0.66
  Gischeren            OUTFALL      0.00     0.00   480.00     0  00:00        0.00
  Schuettstein         OUTFALL      0.00     0.00   477.55     0  00:00        0.00
  Holiloch             OUTFALL      0.00     0.00   476.50     0  00:00        0.00
  Sauserquelle         OUTFALL      0.24     0.24   435.79     0  00:02        0.24
  Entw_Stollen         OUTFALL      0.09     0.09   436.59     0  00:08        0.09
  Sous_lacustre        OUTFALL      0.10     0.10   429.30     0  00:08        0.10
  Sous_ecoul.          OUTFALL      0.00     0.00   433.00     0  00:08        0.00
  Syst_Est_aval        OUTFALL      0.57     0.57   429.57     0  00:06        0.57
  TWT_Portail_Est_61+665 OUTFALL      0.23     0.23   421.83     0  00:08        0.23
  
  
  *******************
  Node Inflow Summary
  *******************
  
  -------------------------------------------------------------------------------------------------
                                  Maximum  Maximum                  Lateral       Total        Flow
                                  Lateral    Total  Time of Max      Inflow      Inflow     Balance
                                   Inflow   Inflow   Occurrence      Volume      Volume       Error
  Node                 Type           CMS      CMS  days hr:min    10^6 ltr    10^6 ltr     Percent
  -------------------------------------------------------------------------------------------------
  9                    JUNCTION         0     9.52     0  00:00           0        23.9       0.469
  Holiloch_sonde       JUNCTION         0     8.54     0  00:00           0        13.3       0.539
  11                   JUNCTION         0    0.214     0  00:01           0        18.4       0.000
  13                   JUNCTION         0     14.9     0  00:00           0    1.14e+03       0.018
  21                   JUNCTION         0     0.35     0  00:08           0        30.2       0.006
  SonSto_F             JUNCTION         0     1.16     0  00:06           0        18.9     -74.418
  Sondierstollen       JUNCTION         0        0     0  00:00           0           0       0.000 ltr
  Aval_Trappe          JUNCTION         0     6.59     0  00:08           0         567      62.681
  30                   JUNCTION         0     11.5     0  00:08           0         963       5.705
  Gischeren_node       JUNCTION         0        0     0  00:00           0           0       0.000 ltr
  34                   JUNCTION         0    0.318     0  00:08           0        27.4       0.002
  38                   JUNCTION         0    0.203     0  00:01           0        16.9       0.002
  SS6                  JUNCTION         0    0.123     0  00:08           0        10.6       0.003
  40                   JUNCTION         0     2.77     0  00:02           0         195      -0.009
  41                   JUNCTION         0     1.57     0  00:00           0       0.033      75.125
  SondeSchuettstein    JUNCTION         0    0.396     0  00:01           0      0.0177     196.443
  SS4                  JUNCTION         0   0.0823     0  00:05           0        6.75       0.015
  47                   JUNCTION         0     2.74     0  00:01           0        1.81       2.425
  48                   JUNCTION         0    0.198     0  00:01           0     0.00483     438.781
  SondeGischeren       JUNCTION         0        0     0  00:00           0           0       0.000 ltr
  49                   JUNCTION         0    0.541     0  00:02           0        11.2       4.942
  50                   JUNCTION         0        0     0  00:00           0           0       0.000 ltr
  51                   JUNCTION         0     28.4     0  00:00           0    1.27e+03      -0.001
  Amont_C              JUNCTION      14.7     39.7     0  00:00    1.27e+03    1.27e+03       0.019
  52                   JUNCTION         0    0.165     0  00:08           0        14.3       7.306
  53                   JUNCTION         0    0.145     0  00:03           0        11.4      -0.544
  54                   JUNCTION         0    0.133     0  00:08           0        11.5      35.512
  56                   JUNCTION         0    0.513     0  00:02           0        43.7       0.003
  2                    JUNCTION         0   0.0373     0  00:08           0        3.22      82.022
  4                    JUNCTION         0     0.29     0  00:08           0          25       0.025
  5                    JUNCTION         0     1.04     0  00:01           0        1.77   73808.472
  6                    JUNCTION         0     5.49     0  00:00           0        13.2       1.079
  7                    JUNCTION         0        0     0  00:00           0           0       0.000 ltr
  SS3                  JUNCTION         0        0     0  00:00           0           0       0.000 ltr
  SS5                  JUNCTION         0   0.0738     0  00:05           0        6.05      -0.226
  8                    JUNCTION         0        0     0  00:00           0           0       0.000 ltr
  10                   JUNCTION         0    0.205     0  00:02           0        10.7       1.311
  SonSto_SS5           JUNCTION         0    0.048     0  00:05           0        3.96      -0.537
  SonSto_SS3           JUNCTION         0        0     0  00:00           0           0       0.000 ltr
  SonSto_SS4           JUNCTION         0   0.0823     0  00:05           0        6.75       0.021
  Amont_Trappe         JUNCTION         0     1.36     0  00:04           0        78.7   75702.930
  SonSto_SS6           JUNCTION         0    0.169     0  00:08           0        14.5       0.113
  SS2                  JUNCTION         0        0     0  00:00           0           0       0.000 ltr
  SonSto_SS2           JUNCTION         0        0     0  00:00           0           0       0.000 ltr
  12                   JUNCTION         0    0.272     0  00:01           0        22.3       0.016
  14                   JUNCTION         0    0.752     0  00:08           0        64.9       0.046
  15                   JUNCTION         0    0.122     0  00:08           0        10.5       0.625
  TWT_PointHaut_60+650 JUNCTION         0     3.01     0  00:02           0         237      -2.299
  TWT_Fensterstollen_60+375 JUNCTION         0     14.5     0  00:07           0     1.1e+03      -7.583
  TWT_Acces_LT_60+110  JUNCTION         0     4.63     0  00:05           0         148148274536.761 ltr
  TWT_Liaison_LT_59+738 JUNCTION         0        0     0  00:00           0           0       0.000 ltr
  Syst_Est_amont       JUNCTION     0.735     1.12     0  00:05        63.5        63.5       0.199
  Syst_Est_interm      JUNCTION         0     2.58     0  00:04           0         172       0.247
  TWT_Branche_Est_Sonsto_60+540 JUNCTION         0     12.9     0  00:07           0    1.11e+03       2.594
  TWT_Intersection_Sonsto_60+345 JUNCTION         0     8.44     0  00:07           0        1.73     -99.498
  TWT_Chrosweg_61+140  JUNCTION         0     2.56     0  00:04           0         165      18.374
  SonSto_F_sup         JUNCTION         0    0.121     0  00:08           0        10.5       0.032
  SonSto_porte         JUNCTION         0        0     0  00:00           0           0       0.000 ltr
  Brunnm_Fassung       OUTFALL          0   0.0276     0  00:08           0        2.38       0.000
  Brunnmuehle(Teich)   OUTFALL          0    0.284     0  00:08           0        24.5       0.000
  Fensterstollen       OUTFALL          0     10.8     0  00:06           0         911       0.000
  Gischeren            OUTFALL          0        0     0  00:00           0           0       0.000 ltr
  Schuettstein         OUTFALL          0        0     0  00:00           0           0       0.000 ltr
  Holiloch             OUTFALL          0        0     0  00:00           0           0       0.000 ltr
  Sauserquelle         OUTFALL          0    0.513     0  00:02           0        43.7       0.000
  Entw_Stollen         OUTFALL          0   0.0205     0  00:08           0        1.77       0.000
  Sous_lacustre        OUTFALL          0   0.0323     0  00:08           0        2.79       0.000
  Sous_ecoul.          OUTFALL          0  0.00568     0  00:08           0       0.491       0.000
  Syst_Est_aval        OUTFALL          0     1.63     0  00:06           0         140       0.000
  TWT_Portail_Est_61+665 OUTFALL          0     1.62     0  00:08           0         140       0.000
  
  
  **********************
  Node Surcharge Summary
  **********************
  
  Surcharging occurs when water rises above the top of the highest conduit.
  ---------------------------------------------------------------------
                                               Max. Height   Min. Depth
                                   Hours       Above Crown    Below Rim
  Node                 Type      Surcharged         Meters       Meters
  ---------------------------------------------------------------------
  9                    JUNCTION       23.99         34.734       63.466
  Holiloch_sonde       JUNCTION       23.98         31.658      166.442
  11                   JUNCTION       24.00         41.125      108.415
  13                   JUNCTION       23.99         32.430      364.570
  21                   JUNCTION       24.00         38.527      110.873
  34                   JUNCTION       24.00         17.615       81.785
  38                   JUNCTION       24.00         20.785      128.615
  40                   JUNCTION       24.00         16.236       79.764
  41                   JUNCTION       23.99         35.080      214.070
  SondeSchuettstein    JUNCTION       23.97         13.854        0.000
  47                   JUNCTION       23.97          6.816       91.284
  48                   JUNCTION       23.96          1.937       97.263
  51                   JUNCTION       24.00         49.815      346.185
  Amont_C              JUNCTION       24.00         84.553      312.447
  56                   JUNCTION       24.00          5.256       93.744
  4                    JUNCTION       23.99          8.008       91.342
  6                    JUNCTION       23.98         10.905      184.095
  12                   JUNCTION       23.98          8.295      191.355
  Syst_Est_amont       JUNCTION       23.90         99.000        0.000
  Syst_Est_interm      JUNCTION       23.92         32.784       65.716
  
  
  *********************
  Node Flooding Summary
  *********************
  
  Flooding refers to all water that overflows a node, whether it ponds or not.
  --------------------------------------------------------------------------
                                                             Total   Maximum
                                 Maximum   Time of Max       Flood    Ponded
                        Hours       Rate    Occurrence      Volume     Depth
  Node                 Flooded       CMS   days hr:min    10^6 ltr    Meters
  --------------------------------------------------------------------------
  Syst_Est_amont          0.01      0.61      0  00:06       0.000     0.000
  
  
  ***********************
  Outfall Loading Summary
  ***********************
  
  -----------------------------------------------------------
                         Flow       Avg       Max       Total
                         Freq      Flow      Flow      Volume
  Outfall Node           Pcnt       CMS       CMS    10^6 ltr
  -----------------------------------------------------------
  Brunnm_Fassung        99.94    0.0276    0.0276       2.383
  Brunnmuehle(Teich)    99.94     0.284     0.284      24.535
  Fensterstollen        99.96      10.5      10.8     910.585
  Gischeren              0.00         0         0       0.000
  Schuettstein           0.00         0         0       0.000
  Holiloch               0.00         0         0       0.000
  Sauserquelle          99.97     0.507     0.513      43.748
  Entw_Stollen          99.94    0.0205    0.0205       1.766
  Sous_lacustre        100.00    0.0323    0.0323       2.792
  Sous_ecoul.           99.94   0.00568   0.00568       0.491
  Syst_Est_aval         99.66      1.62      1.63     139.805
  TWT_Portail_Est_61+665  99.95      1.62      1.62     139.668
  -----------------------------------------------------------
  System                74.94      14.7      14.7    1265.774
  
  
  ********************
  Link Flow Summary
  ********************
  
  -----------------------------------------------------------------------------
                                 Maximum  Time of Max   Maximum    Max/    Max/
                                  |Flow|   Occurrence   |Veloc|    Full    Full
  Link                 Type          CMS  days hr:min     m/sec    Flow   Depth
  -----------------------------------------------------------------------------
  Brunn_Fassung_L      CONDUIT    0.0276     0  00:08      1.23    0.46    0.74
  11                   CONDUIT      8.54     0  00:00      5.01    1.28    1.00
  14                   CONDUIT      9.52     0  00:00      7.28    5.18    1.00
  16                   CONDUIT     0.214     0  00:01      2.50    1.49    1.00
  17                   CONDUIT     0.205     0  00:00      0.73    0.35    1.00
  26                   CONDUIT      1.57     0  00:00      2.79    2.12    1.00
  27                   CONDUIT    0.0696     0  00:06      1.83    0.90    1.00
  Gischeren_L          CONDUIT         0     0  00:00      0.00    0.00    0.00
  Schuettstein_L       CONDUIT         0     0  00:00      0.00    0.00    0.50
  Brunnmuehle_L        CONDUIT     0.318     0  00:08      1.12    0.15    1.00
  32                   CONDUIT         0     0  00:00      0.00    0.00    0.00
  35                   CONDUIT         0     0  00:00      0.00    0.00    0.00
  45                   CONDUIT     0.169     0  00:08      4.11    0.00    0.09
  46                   CONDUIT     0.513     0  00:02      1.82    0.51    1.00
  47                   CONDUIT    0.0945     0  00:07      2.48    5.89    1.00
  50                   CONDUIT     0.198     0  00:01      0.77    0.04    1.00
  51                   CONDUIT    0.0337     0  00:06      0.36    0.09    1.00
  53                   CONDUIT     0.203     0  00:01      1.22    1.03    1.00
  Fenster_L            CONDUIT      10.8     0  00:06      9.29    0.11    0.23
  58                   CONDUIT      5.28     0  00:06      6.20    0.07    0.24
  59                   CONDUIT    0.0473     0  00:05      1.24    0.00    0.02
  61                   CONDUIT     0.396     0  00:01      1.80    0.56    1.00
  63                   CONDUIT     0.123     0  00:08      2.02    0.55    0.52
  66                   CONDUIT         0     0  00:00      0.00    0.00    0.00
  67                   CONDUIT      14.9     0  00:00      3.98    0.15    1.00
  Amont_L              CONDUIT      28.4     0  00:00      4.01    1.54    1.00
  69                   CONDUIT     0.165     0  00:08      1.53    0.65    0.80
  70                   CONDUIT     0.154     0  00:08      1.43    0.48    0.80
  71                   CONDUIT     0.145     0  00:03      0.81    0.26    1.00
  72                   CONDUIT     0.133     0  00:08      0.97    0.63    0.47
  Sauser_L             CONDUIT     0.513     0  00:02      1.00    0.13    0.62
  75                   CONDUIT    0.0823     0  00:05      2.80    0.84    0.63
  Entw_Sto_L           CONDUIT    0.0205     0  00:08      1.67    0.47    0.49
  4                    CONDUIT      0.02     0  00:08      1.17    0.90    0.73
  5                    CONDUIT    0.0173     0  00:08      0.85    0.61    0.74
  6                    CONDUIT    0.0323     0  00:08      1.29    0.49    0.75
  7                    CONDUIT      0.29     0  00:08      1.48    0.45    1.00
  Brunn_Teich_L        CONDUIT     0.284     0  00:08      1.23    0.22    0.66
  9                    CONDUIT   0.00568     0  00:08      1.43    0.00    0.50
  12                   CONDUIT      1.04     0  00:01      0.70    0.02    0.74
  15                   CONDUIT      5.49     0  00:00      3.06    0.14    1.00
  18                   CONDUIT      2.74     0  00:01      1.77    0.11    1.00
  19                   CONDUIT     0.541     0  00:02      1.07    0.51    1.00
  20                   CONDUIT      1.12     0  00:07      2.67    0.09    0.72
  21                   CONDUIT         0     0  00:00      0.00    0.00    0.09
  Hooliloch_L          CONDUIT         0     0  00:00      0.00    0.00    0.00
  23                   CONDUIT         0     0  00:00      0.00    0.00    0.00
  25                   CONDUIT         0     0  00:00      0.00    0.00    0.50
  28                   CONDUIT         0     0  00:00      0.00    0.00    0.01
  29                   CONDUIT    0.0085     0  00:05      0.53    0.00    0.02
  31                   CONDUIT         0     0  00:00      0.00    0.00    0.00
  33                   CONDUIT     0.205     0  00:02      0.60    0.08    0.79
  37                   CONDUIT    0.0396     0  00:05      0.14    0.00    0.08
  SS3_L                CONDUIT         0     0  00:00      0.00    0.00    0.00
  40                   CONDUIT      1.17     0  00:06      1.13    0.01    0.13
  SS6_L                CONDUIT     0.123     0  00:08      3.92    0.00    0.04
  1                    CONDUIT         0     0  00:00      0.00    0.00    0.00
  2                    CONDUIT         0     0  00:00      0.00    0.00    0.00
  3                    CONDUIT    0.0823     0  00:05      4.68    0.01    0.06
  10                   CONDUIT    0.0738     0  00:05      0.27    0.00    0.08
  13                   CONDUIT     0.272     0  00:01      3.11    0.59    1.00
  22                   CONDUIT     0.258     0  00:07      2.68    0.64    1.00
  24                   CONDUIT     0.752     0  00:08      1.58    0.00    0.66
  30                   CONDUIT     0.752     0  00:08      1.58    0.31    0.66
  34                   CONDUIT     0.122     0  00:08      0.74    0.14    0.66
  36                   CONDUIT     0.121     0  00:08      4.43    0.13    0.17
  38                   CONDUIT         0     0  00:00      0.00    0.00    0.00
  48                   CONDUIT     0.744     0  00:02      2.38    0.50    1.00
  54                   CONDUIT      1.63     0  00:06      1.25    0.31    0.69
  68                   CONDUIT    0.0504     0  00:08      1.83    0.00    0.08
  73                   CONDUIT         0     0  00:00      0.00    0.00    0.02
  TWT1                 CONDUIT      1.62     0  00:08      3.96    0.00    0.03
  TWT2                 CONDUIT      1.55     0  00:08      4.32    0.00    0.03
  1_1_b_2              CONDUIT      1.47     0  00:03      5.70    0.14    0.63
  TWT3                 CONDUIT      3.01     0  00:02      2.68    0.01    0.06
  TWT4                 CONDUIT      10.5     0  00:02      4.82    0.02    0.11
  1_2_b_               CONDUIT         0     0  00:00      0.00    0.00    0.13
  1_2_b_2              CONDUIT    0.0124     0  00:08      0.04    0.00    0.51
  1_2_b_3              CONDUIT      2.23     0  00:02      3.31    0.26    1.00
  1_3_a_2              CONDUIT      1.24     0  00:04      2.67    0.13    0.62
  TWT5                 CONDUIT      8.44     0  00:07      4.02    0.01    0.14
  1_4_a                CONDUIT      6.59     0  00:08      4.17    0.10    0.30
  TWT6                 CONDUIT      4.63     0  00:05      1.38    0.01    0.15
  1_4_b                CONDUIT         0     0  00:00      0.00    0.00    0.24
  TWT7                 CONDUIT         0     0  00:00      0.00    0.00    0.06
  1_5_a                CONDUIT         0     0  00:00      0.00    0.00    0.02
  1_7_a                CONDUIT      7.19     0  00:08      3.25    1.64    0.18
  1_7_a_               CONDUIT    0.0585     0  00:08      0.25    0.00    0.40
  1_7_a__              CONDUIT      2.11     0  00:01      2.95    0.05    0.90
  1_7_a_1              CONDUIT      12.9     0  00:01     18.46   10.35    0.90
  
  
  ***************************
  Flow Classification Summary
  ***************************
  
  -------------------------------------------------------------------------------------
                      Adjusted    ---------- Fraction of Time in Flow Class ---------- 
                       /Actual         Up    Down  Sub   Sup   Up    Down  Norm  Inlet 
  Conduit               Length    Dry  Dry   Dry   Crit  Crit  Crit  Crit  Ltd   Ctrl  
  -------------------------------------------------------------------------------------
  Brunn_Fassung_L         1.00   0.00  0.00  0.00  0.00  1.00  0.00  0.00  0.00  0.00
  11                      1.00   0.00  0.00  0.00  1.00  0.00  0.00  0.00  0.00  0.00
  14                      1.00   0.00  0.00  0.00  1.00  0.00  0.00  0.00  0.00  0.00
  16                      1.00   0.00  0.00  0.00  1.00  0.00  0.00  0.00  0.00  0.00
  17                      1.00   0.00  0.00  0.00  1.00  0.00  0.00  0.00  0.00  0.00
  26                      1.00   0.00  0.00  0.00  1.00  0.00  0.00  0.00  0.00  0.00
  27                      1.00   0.00  0.00  0.00  1.00  0.00  0.00  0.00  0.00  0.00
  Gischeren_L             1.00   1.00  0.00  0.00  0.00  0.00  0.00  0.00  0.00  0.00
  Schuettstein_L          1.00   0.00  1.00  0.00  0.00  0.00  0.00  0.00  0.00  0.00
  Brunnmuehle_L           1.00   0.00  0.00  0.00  1.00  0.00  0.00  0.00  0.00  0.00
  32                      1.00   1.00  0.00  0.00  0.00  0.00  0.00  0.00  0.00  0.00
  35                      1.00   1.00  0.00  0.00  0.00  0.00  0.00  0.00  0.00  0.00
  45                      1.00   0.00  0.00  0.00  1.00  0.00  0.00  0.00  1.00  0.00
  46                      1.00   0.00  0.00  0.00  1.00  0.00  0.00  0.00  0.00  0.00
  47                      1.00   0.00  0.00  0.00  1.00  0.00  0.00  0.00  0.00  0.00
  50                      1.00   0.00  0.00  0.00  1.00  0.00  0.00  0.00  0.00  0.00
  51                      1.00   0.00  0.00  0.00  1.00  0.00  0.00  0.00  0.00  0.00
  53                      1.00   0.00  0.00  0.00  1.00  0.00  0.00  0.00  0.00  0.00
  Fenster_L               1.00   0.00  0.00  0.00  0.00  1.00  0.00  0.00  0.00  0.00
  58                      1.00   0.00  0.00  0.00  0.00  1.00  0.00  0.00  0.00  0.00
  59                      1.00   0.00  0.00  0.00  0.00  1.00  0.00  0.00  1.00  0.00
  61                      1.00   0.00  0.00  0.00  1.00  0.00  0.00  0.00  0.00  0.00
  63                      1.00   0.00  0.00  0.00  1.00  0.00  0.00  0.00  0.00  0.00
  66                      1.00   1.00  0.00  0.00  0.00  0.00  0.00  0.00  0.00  0.00
  67                      1.00   0.00  0.00  0.00  1.00  0.00  0.00  0.00  0.00  0.00
  Amont_L                 1.00   0.00  0.00  0.00  1.00  0.00  0.00  0.00  0.00  0.00
  69                      1.00   0.00  0.00  0.00  1.00  0.00  0.00  0.00  0.00  0.00
  70                      1.00   0.00  0.00  0.00  1.00  0.00  0.00  0.00  0.00  0.00
  71                      1.00   0.00  0.00  0.00  1.00  0.00  0.00  0.00  0.00  0.00
  72                      1.00   0.00  0.00  0.00  1.00  0.00  0.00  0.00  0.00  0.00
  Sauser_L                1.00   0.00  0.00  0.00  1.00  0.00  0.00  0.00  0.00  0.00
  75                      1.00   0.00  0.00  0.00  0.00  1.00  0.00  0.00  0.00  0.00
  Entw_Sto_L              1.00   0.00  0.00  0.00  0.00  1.00  0.00  0.00  0.00  0.00
  4                       1.00   0.00  0.00  0.00  1.00  0.00  0.00  0.00  0.00  0.00
  5                       1.00   0.00  0.00  0.00  1.00  0.00  0.00  0.00  0.00  0.00
  6                       1.00   0.00  0.00  0.00  0.00  1.00  0.00  0.00  0.00  0.00
  7                       1.00   0.00  0.00  0.00  1.00  0.00  0.00  0.00  0.00  0.00
  Brunn_Teich_L           1.00   0.00  0.00  0.00  1.00  0.00  0.00  0.00  0.00  0.00
  9                       1.00   0.00  0.00  0.00  0.00  1.00  0.00  0.00  0.00  0.00
  12                      1.00   0.00  0.00  0.00  1.00  0.00  0.00  0.00  0.00  0.00
  15                      1.00   0.00  0.00  0.00  1.00  0.00  0.00  0.00  0.00  0.00
  18                      1.00   0.00  0.00  0.00  1.00  0.00  0.00  0.00  0.00  0.00
  19                      1.00   0.00  0.00  0.00  1.00  0.00  0.00  0.00  0.00  0.00
  20                      1.00   0.00  0.00  0.00  1.00  0.00  0.00  0.00  0.00  0.00
  21                      1.00   0.00  1.00  0.00  0.00  0.00  0.00  0.00  0.00  0.00
  Hooliloch_L             1.00   1.00  0.00  0.00  0.00  0.00  0.00  0.00  0.00  0.00
  23                      1.00   1.00  0.00  0.00  0.00  0.00  0.00  0.00  0.00  0.00
  25                      1.00   0.00  1.00  0.00  0.00  0.00  0.00  0.00  0.00  0.00
  28                      1.00   0.00  1.00  0.00  0.00  0.00  0.00  0.00  0.00  0.00
  29                      1.00   0.00  0.00  0.00  1.00  0.00  0.00  0.00  1.00  0.00
  31                      1.00   1.00  0.00  0.00  0.00  0.00  0.00  0.00  0.00  0.00
  33                      1.00   0.00  0.00  0.00  1.00  0.00  0.00  0.00  0.00  0.00
  37                      1.00   0.00  0.00  0.00  1.00  0.00  0.00  0.00  0.00  0.00
  SS3_L                   1.00   1.00  0.00  0.00  0.00  0.00  0.00  0.00  0.00  0.00
  40                      1.00   0.00  0.00  0.00  1.00  0.00  0.00  0.00  0.00  0.00
  SS6_L                   1.00   0.00  0.00  0.00  0.00  1.00  0.00  0.00  1.00  0.00
  1                       1.00   1.00  0.00  0.00  0.00  0.00  0.00  0.00  0.00  0.00
  2                       1.00   1.00  0.00  0.00  0.00  0.00  0.00  0.00  0.00  0.00
  3                       1.00   0.00  0.00  0.00  0.00  1.00  0.00  0.00  0.00  0.00
  10                      1.00   0.00  0.00  0.00  1.00  0.00  0.00  0.00  1.00  0.00
  13                      1.00   0.00  0.00  0.00  1.00  0.00  0.00  0.00  0.00  0.00
  22                      1.00   0.00  0.00  0.00  1.00  0.00  0.00  0.00  0.00  0.00
  24                      1.00   0.00  0.00  0.00  1.00  0.00  0.00  0.00  0.00  0.00
  30                      1.00   0.00  0.00  0.00  1.00  0.00  0.00  0.00  1.00  0.00
  34                      1.00   0.00  0.00  0.00  1.00  0.00  0.00  0.00  0.00  0.00
  36                      1.00   0.00  0.00  0.00  0.00  1.00  0.00  0.00  0.00  0.00
  38                      1.00   1.00  0.00  0.00  0.00  0.00  0.00  0.00  0.00  0.00
  48                      1.00   0.00  0.00  0.00  1.00  0.00  0.00  0.00  0.00  0.00
  54                      1.00   0.00  0.00  0.00  1.00  0.00  0.00  0.00  0.00  0.00
  68                      1.00   0.00  0.00  0.00  1.00  0.00  0.00  0.00  1.00  0.00
  73                      1.00   0.00  1.00  0.00  0.00  0.00  0.00  0.00  0.00  0.00
  TWT1                    1.00   0.00  0.00  0.00  0.00  1.00  0.00  0.00  0.00  0.00
  TWT2                    1.00   0.00  0.00  0.00  0.00  1.00  0.00  0.00  0.00  0.00
  1_1_b_2                 1.00   0.00  0.00  0.00  0.00  1.00  0.00  0.00  0.00  0.00
  TWT3                    1.00   0.00  0.00  0.00  0.00  1.00  0.00  0.00  0.00  0.00
  TWT4                    1.00   0.00  0.00  0.00  0.00  1.00  0.00  0.00  0.00  0.00
  1_2_b_                  1.00   0.00  1.00  0.00  0.00  0.00  0.00  0.00  0.00  0.00
  1_2_b_2                 1.00   0.00  0.00  0.00  1.00  0.00  0.00  0.00  1.00  0.00
  1_2_b_3                 1.00   0.00  0.00  0.00  1.00  0.00  0.00  0.00  0.00  0.00
  1_3_a_2                 1.00   0.00  0.00  0.00  1.00  0.00  0.00  0.00  0.00  0.00
  TWT5                    1.00   0.00  0.00  0.00  1.00  0.00  0.00  0.00  0.00  0.00
  1_4_a                   1.00   0.00  0.00  0.00  0.00  1.00  0.00  0.00  0.00  0.00
  TWT6                    1.00   0.00  0.00  0.00  1.00  0.00  0.00  0.00  0.00  0.00
  1_4_b                   1.00   0.00  1.00  0.00  0.00  0.00  0.00  0.00  0.00  0.00
  TWT7                    1.00   0.00  1.00  0.00  0.00  0.00  0.00  0.00  0.00  0.00
  1_5_a                   1.00   0.00  1.00  0.00  0.00  0.00  0.00  0.00  0.00  0.00
  1_7_a                   1.00   0.00  0.00  0.00  0.00  1.00  0.00  0.00  0.00  0.00
  1_7_a_                  1.00   0.00  0.00  0.00  1.00  0.00  0.00  0.00  1.00  0.00
  1_7_a__                 1.00   0.00  0.00  0.00  1.00  0.00  0.00  0.00  0.00  0.00
  1_7_a_1                 1.00   0.00  0.00  0.00  0.00  1.00  0.00  0.00  0.00  0.00
  
  
  *************************
  Conduit Surcharge Summary
  *************************
  
  ----------------------------------------------------------------------------
                                                           Hours        Hours 
                         --------- Hours Full --------   Above Full   Capacity
  Conduit                Both Ends  Upstream  Dnstream   Normal Flow   Limited
  ----------------------------------------------------------------------------
  Brunn_Fassung_L             0.01      0.01     24.00      0.01         0.01
  11                         23.98     23.98     23.99      0.01         0.01
  14                         23.99     23.99     23.99      0.02         0.01
  16                         24.00     24.00     24.00     23.99        23.99
  17                         24.00     24.00     24.00      0.01         0.01
  26                         23.99     23.99     23.99      0.01         0.01
  27                         23.92     23.92     23.97      0.01         0.01
  Brunnmuehle_L              24.00     24.00     24.00      0.01         0.01
  46                         24.00     24.00     24.00      0.01         0.01
  47                         24.00     24.00     24.00     24.00        24.00
  50                         23.96     23.96     23.97      0.01         0.01
  51                         23.93     23.93     23.98      0.01         0.01
  53                         24.00     24.00     24.00      0.09         0.01
  61                         23.98     23.98     23.99      0.01         0.01
  63                          0.01     23.95      0.01      0.01         0.01
  67                         23.99     23.99     24.00      0.01         0.01
  Amont_L                    24.00     24.00     24.00      0.01         0.01
  69                          0.01      0.01     24.00      0.01         0.01
  70                          0.01      0.01     24.00      0.01         0.01
  71                         23.95     23.95     23.99      0.01         0.01
  Sauser_L                    0.01      0.01     24.00      0.01         0.01
  75                          0.01     23.91      0.01      0.01         0.01
  4                           0.01     23.93      0.01      0.01         0.01
  5                           0.01      0.01     24.00      0.01         0.01
  6                           0.01      0.01     24.00      0.01         0.01
  7                          23.99     23.99     24.00      0.01         0.01
  Brunn_Teich_L               0.01      0.01     23.98      0.01         0.01
  9                           0.01      0.01     23.98      0.01         0.01
  12                          0.01      0.01     23.97      0.01         0.01
  15                         23.98     23.98     23.98      0.01         0.01
  18                         23.97     23.97     23.98      0.01         0.01
  19                         23.95     23.95     23.98      0.01         0.01
  13                         23.98     23.98     24.00      0.01         0.01
  22                         23.98     23.98     24.00      0.01         0.01
  24                          0.01      0.01     24.00      0.01         0.01
  30                          0.01      0.01     24.00      0.01         0.01
  34                          0.01      0.01     23.99      0.01         0.01
  48                         23.90     23.90     23.93      0.01         0.01
  54                          0.01      0.01     23.92      0.01         0.01
  1_1_b_2                     0.01      0.01     23.93      0.01         0.01
  1_2_b_2                     0.01      0.01     23.87      0.01         0.01
  1_2_b_3                    23.87     23.87     23.99      0.01         0.01
  1_3_a_2                     0.01      0.01     23.93      0.01         0.01
  1_7_a                       0.01      0.01      0.01     23.90         0.01
  1_7_a__                     0.01      0.01     24.00      0.01         0.01
  1_7_a_1                     0.01      0.01     23.99     23.99         0.01
  

  Analysis begun on:  Fri Jul 10 13:17:09 2026
  Analysis ended on:  Fri Jul 10 13:17:11 2026
  Total elapsed time: 00:00:02