
  EPA STORM WATER MANAGEMENT MODEL - VERSION 5.2 (Build 5.2.4)
  ------------------------------------------------------------

  Brunnmuehle (Twann) 
  WARNING 08: elevation drop exceeds length for Conduit SS3_L
  WARNING 08: elevation drop exceeds length for Conduit SS6_L
  WARNING 08: elevation drop exceeds length for Conduit 2
  WARNING 08: elevation drop exceeds length for Conduit 3
  WARNING 08: elevation drop exceeds length for Conduit 68
  WARNING 08: elevation drop exceeds length for Conduit 1_2_b_
  WARNING 08: elevation drop exceeds length for Conduit 1_2_b_2
  WARNING 08: elevation drop exceeds length for Conduit 1_2_b_3
  WARNING 08: elevation drop exceeds length for Conduit 1_4_b
  WARNING 08: elevation drop exceeds length for Conduit 1_5_a
  WARNING 08: elevation drop exceeds length for Conduit 1_6_b_1
  WARNING 04: minimum elevation drop used for Conduit 1_7_a
  WARNING 08: elevation drop exceeds length for Conduit 1_7_a_
  WARNING 08: elevation drop exceeds length for Conduit 1_7_a__
  WARNING 02: maximum depth increased for Node 2
  
  ****************
  Analysis Options
  ****************
  Flow Units ............... CMS
  Process Models:
    Rainfall/Runoff ........ NO
    RDII ................... NO
    Snowmelt ............... NO
    Groundwater ............ NO
    Flow Routing ........... YES
    Ponding Allowed ........ NO
    Water Quality .......... NO
  Flow Routing Method ...... DYNWAVE
  Surcharge Method ......... EXTRAN
  Starting Date ............ 01/01/2000 00:00:00
  Ending Date .............. 01/02/2000 00:00:00
  Antecedent Dry Days ...... 0.0
  Report Time Step ......... 01:00:00
  Routing Time Step ........ 0.50 sec
  Variable Time Step ....... YES
  Maximum Trials ........... 8
  Number of Threads ........ 1
  Head Tolerance ........... 0.001500 m
  
  
  **************************        Volume        Volume
  Flow Routing Continuity        hectare-m      10^6 ltr
  **************************     ---------     ---------
  Dry Weather Inflow .......         0.000         0.000
  Wet Weather Inflow .......         0.000         0.000
  Groundwater Inflow .......         0.000         0.000
  RDII Inflow ..............         0.000         0.000
  External Inflow ..........       133.343      1333.445
  External Outflow .........       126.524      1265.257
  Flooding Loss ............         0.000         0.000
  Evaporation Loss .........         0.000         0.000
  Exfiltration Loss ........         0.000         0.000
  Initial Stored Volume ....         0.056         0.564
  Final Stored Volume ......         0.368         3.682
  Continuity Error (%) .....         4.878
  
  
  *************************
  Highest Continuity Errors
  *************************
  Node Syst_Est_interm (100.00%)
  Node TWT_Acces_LT_60+110 (100.00%)
  Node TWT_Intersection_Sonsto_60+345 (-83.53%)
  Node TWT_Fensterstollen_60+375 (-18.49%)
  Node TWT_Chrosweg_61+140 (9.67%)
  
  
  ***************************
  Time-Step Critical Elements
  ***************************
  Link 1_7_a_ (13771.23%)
  Link 20 (51.28%)
  Link 1_8_a (18.19%)
  
  
  ********************************
  Highest Flow Instability Indexes
  ********************************
  All links are stable.
  
  
  *********************************
  Most Frequent Nonconverging Nodes
  *********************************
  Node Brunnm_Fassung (36.70%)
  Node Brunnmuehle(Teich) (36.70%)
  Node Fensterstollen (36.70%)
  Node Gischeren (36.70%)
  Node Schuettstein (36.70%)
  
  
  *************************
  Routing Time Step Summary
  *************************
  Minimum Time Step           :     0.50 sec
  Average Time Step           :     0.50 sec
  Maximum Time Step           :     0.50 sec
  % of Time in Steady State   :    99.28
  Average Iterations per Step :     6.15
  % of Steps Not Converging   :    36.70
  Time Step Frequencies       :
      0.500 -  0.500 sec      :   100.00 %
      0.500 -  0.500 sec      :     0.00 %
      0.500 -  0.500 sec      :     0.00 %
      0.500 -  0.500 sec      :     0.00 %
      0.500 -  0.500 sec      :     0.00 %
  
  
  ******************
  Node Depth Summary
  ******************
  
  ---------------------------------------------------------------------------------
                                 Average  Maximum  Maximum  Time of Max    Reported
                                   Depth    Depth      HGL   Occurrence   Max Depth
  Node                 Type       Meters   Meters   Meters  days hr:min      Meters
  ---------------------------------------------------------------------------------
  9                    JUNCTION    46.81    50.47   488.97     0  00:00       46.83
  Holiloch_sonde       JUNCTION    42.24    48.75   488.75     0  00:00       42.27
  11                   JUNCTION    28.74    29.36   439.36     0  00:00       28.75
  13                   JUNCTION    62.41    63.36   501.36     0  00:03       62.44
  21                   JUNCTION    37.91    38.94   438.94     0  00:03       37.91
  SonSto_F             JUNCTION     0.10     0.11   437.91     0  00:10        0.10
  Sondierstollen       JUNCTION     0.00     0.00   440.80     0  00:00        0.00
  Aval_Trappe          JUNCTION     0.25     0.27   437.87     0  00:10        0.25
  30                   JUNCTION     0.38     0.38   437.68     0  00:10        0.38
  Gischeren_node       JUNCTION     3.79     3.81   480.31     0  00:09        3.81
  34                   JUNCTION    17.32    18.03   438.03     0  00:03       17.33
  38                   JUNCTION    18.06    18.74   438.74     0  00:03       18.07
  SS6                  JUNCTION     0.07     0.07   448.07     0  00:02        0.07
  40                   JUNCTION    20.66    22.02   441.02     0  00:01       20.66
  41                   JUNCTION    62.54    63.49   500.99     0  00:03       62.57
  SondeSchuettstein    JUNCTION    23.05    25.28   484.28     0  00:01       23.06
  SS4                  JUNCTION     0.06     0.06   448.06     0  00:02        0.06
  47                   JUNCTION    14.49    16.97   481.87     0  00:01       14.50
  48                   JUNCTION    10.62    12.67   483.67     0  00:01       10.63
  SondeGischeren       JUNCTION    15.27    15.32   480.32     0  00:09       15.32
  49                   JUNCTION    14.31    16.07   482.07     0  00:02       14.33
  50                   JUNCTION     8.68     8.72   471.72     0  00:09        8.72
  51                   JUNCTION    80.70    81.66   501.66     0  00:03       80.73
  Amont_C              JUNCTION    83.97    87.46   505.46     0  00:00       84.00
  52                   JUNCTION    12.29    25.56   482.56     0  00:03       12.32
  53                   JUNCTION    22.31    26.53   493.53     0  00:01       22.33
  54                   JUNCTION     0.50     0.50   463.50     0  00:10        0.50
  56                   JUNCTION     6.16     6.30   436.30     0  00:01        6.16
  2                    JUNCTION     0.01     0.01   438.01     0  00:02        0.01
  4                    JUNCTION     8.22     8.66   436.66     0  00:00        8.23
  5                    JUNCTION     6.26     6.29   478.79     0  00:03        6.27
  6                    JUNCTION    22.49    23.82   481.82     0  00:01       22.51
  7                    JUNCTION     3.75     3.77   478.77     0  00:04        3.75
  SS3                  JUNCTION     0.08     0.08   448.08     0  00:09        0.08
  SS5                  JUNCTION     0.58     0.58   439.48     0  00:10        0.58
  8                    JUNCTION     6.42     6.44   480.44     0  00:09        6.44
  10                   JUNCTION    12.31    14.12   482.12     0  00:02       12.33
  SonSto_SS5           JUNCTION     0.12     0.12   439.42     0  00:10        0.12
  SonSto_SS3           JUNCTION     0.11     0.11   439.81     0  00:08        0.11
  SonSto_SS4           JUNCTION     0.08     0.08   439.48     0  00:08        0.08
  Amont_Trappe         JUNCTION     0.17     0.20   437.90     0  00:10        0.17
  SonSto_SS6           JUNCTION     0.12     0.13   438.83     0  00:09        0.12
  SS2                  JUNCTION     0.00     0.00   448.00     0  00:00        0.00
  SonSto_SS2           JUNCTION     0.00     0.00   441.50     0  00:00        0.00
  12                   JUNCTION    23.22    23.72   472.72     0  00:03       23.23
  14                   JUNCTION    13.73    17.88   482.88     0  00:01       13.75
  15                   JUNCTION     0.40     0.41   472.41     0  00:04        0.40
  TWT_PointHaut_60+749 JUNCTION     0.09     0.09   438.59     0  00:08        0.09
  TWT_Fensterstollen_60+375 JUNCTION     0.59     0.60   437.90     0  00:10        0.60
  TWT_Acces_LT_60+110  JUNCTION     0.42     0.42   437.92     0  00:10        0.42
  TWT_Liaison_LT_59+738 JUNCTION     0.00     0.00   446.50     0  00:00        0.00
  Syst_Est_amont       JUNCTION     0.50     0.52   430.52     0  00:03        0.50
  Syst_Est_interm      JUNCTION     1.43     1.44   411.44     0  00:10        1.44
  TWT_Branche_Est_Sonsto_60+540 JUNCTION     0.29     0.31   438.71     0  00:02        0.29
  TWT_Intersection_Sonsto_60+345 JUNCTION     0.81     0.93   437.93     0  00:09        0.81
  TWT_Chrosweg_61+140  JUNCTION     0.07     0.07   432.07     0  00:10        0.07
  SonSto_F_sup         JUNCTION     0.05     0.05   448.05     0  00:04        0.05
  SonSto_porte         JUNCTION     0.00     0.00   438.50     0  00:00        0.00
  Brunnm_Fassung       OUTFALL      0.08     0.09   433.89     0  00:03        0.08
  Brunnmuehle(Teich)   OUTFALL      0.18     0.19   435.69     0  00:03        0.18
  Fensterstollen       OUTFALL      0.35     0.37   437.37     0  00:08        0.35
  Gischeren            OUTFALL      0.20     0.20   480.20     0  00:09        0.20
  Schuettstein         OUTFALL      0.26     0.26   477.81     0  00:03        0.26
  Holiloch             OUTFALL      1.81     1.82   478.32     0  00:04        1.81
  Sauserquelle         OUTFALL      0.25     0.26   435.81     0  00:01        0.25
  Entw_Stollen         OUTFALL      0.01     0.01   436.51     0  00:02        0.01
  Sous_lacustre        OUTFALL      0.09     0.10   429.30     0  00:03        0.09
  Sous_ecoul.          OUTFALL      0.00     0.00   433.00     0  00:03        0.00
  Syst_Est_aval        OUTFALL      0.00     0.00   429.00     0  00:00        0.00
  TWT_Portail_Est_61+665 OUTFALL      0.05     0.05   421.65     0  00:10        0.05
  CentraleVentilation_1C OUTFALL      0.29     0.29   454.29     0  00:10        0.29
  
  
  *******************
  Node Inflow Summary
  *******************
  
  -------------------------------------------------------------------------------------------------
                                  Maximum  Maximum                  Lateral       Total        Flow
                                  Lateral    Total  Time of Max      Inflow      Inflow     Balance
                                   Inflow   Inflow   Occurrence      Volume      Volume       Error
  Node                 Type           CMS      CMS  days hr:min    10^6 ltr    10^6 ltr     Percent
  -------------------------------------------------------------------------------------------------
  9                    JUNCTION         0     14.4     0  00:00           0         873       0.013
  Holiloch_sonde       JUNCTION         0     13.4     0  00:00           0         825       0.009
  11                   JUNCTION         0    0.358     0  00:02           0        30.6      -0.003
  13                   JUNCTION         0       15     0  00:00           0    1.01e+03       0.022
  21                   JUNCTION         0    0.287     0  00:03           0        24.5      -0.001
  SonSto_F             JUNCTION         0    0.663     0  00:10           0        55.6      -0.170
  Sondierstollen       JUNCTION         0        0     0  00:00           0           0       0.000 ltr
  Aval_Trappe          JUNCTION         0    0.999     0  00:10           0          86      -0.120
  30                   JUNCTION         0     3.18     0  00:10           0         274       5.737
  Gischeren_node       JUNCTION         0    0.518     0  00:07           0        40.8       0.151
  34                   JUNCTION         0    0.258     0  00:03           0        21.9      -0.001
  38                   JUNCTION         0    0.165     0  00:00           0        4.43      -0.002
  SS6                  JUNCTION         0    0.164     0  00:02           0        13.4       0.001
  40                   JUNCTION         0     2.48     0  00:03           0         212      -0.001
  41                   JUNCTION         0     1.66     0  00:00           0        54.3       0.029
  SondeSchuettstein    JUNCTION         0    0.851     0  00:00           0        54.3       0.022
  SS4                  JUNCTION         0   0.0817     0  00:02           0         6.7       0.005
  47                   JUNCTION         0     11.1     0  00:01           0         811       0.004
  48                   JUNCTION         0    0.688     0  00:01           0        54.3       0.009
  SondeGischeren       JUNCTION         0    0.407     0  00:05           0        26.7       0.189
  49                   JUNCTION         0     1.08     0  00:01           0        13.5       0.407
  50                   JUNCTION         0    0.181     0  00:03           0        13.6       0.017
  51                   JUNCTION         0     28.4     0  00:00           0    1.27e+03      -0.001
  Amont_C              JUNCTION      14.7     39.7     0  00:00    1.27e+03    1.27e+03       0.020
  52                   JUNCTION         0    0.297     0  00:03           0        20.1       0.108
  53                   JUNCTION         0    0.462     0  00:01           0        25.1       0.047
  54                   JUNCTION         0    0.291     0  00:10           0        25.1       6.181
  56                   JUNCTION         0    0.572     0  00:01           0        47.1       0.000
  2                    JUNCTION         0   0.0188     0  00:09           0        1.61      -0.146
  4                    JUNCTION         0    0.237     0  00:03           0        19.9       0.028
  5                    JUNCTION         0     9.87     0  00:01           0         811       0.031
  6                    JUNCTION         0     11.7     0  00:00           0         825       0.017
  7                    JUNCTION         0     9.74     0  00:02           0         811       0.034
  SS3                  JUNCTION         0    0.157     0  00:09           0        13.6       0.003
  SS5                  JUNCTION         0     0.24     0  00:10           0        20.7       0.022
  8                    JUNCTION         0    0.689     0  00:05           0        54.5       0.137
  10                   JUNCTION         0    0.857     0  00:02           0        13.4       0.110
  SonSto_SS5           JUNCTION         0    0.264     0  00:10           0        22.8       0.011
  SonSto_SS3           JUNCTION         0    0.157     0  00:09           0        13.6       0.013
  SonSto_SS4           JUNCTION         0    0.235     0  00:08           0        20.3       0.004
  Amont_Trappe         JUNCTION         0    0.645     0  00:10           0        52.9      -4.691
  SonSto_SS6           JUNCTION         0     0.42     0  00:10           0        36.2       1.117
  SS2                  JUNCTION         0        0     0  00:00           0           0       0.000 ltr
  SonSto_SS2           JUNCTION         0        0     0  00:00           0           0       0.000 ltr
  12                   JUNCTION         0    0.429     0  00:00           0        29.6       0.012
  14                   JUNCTION         0     2.34     0  00:01           0         172       0.026
  15                   JUNCTION         0    0.557     0  00:03           0        47.4       0.024
  TWT_PointHaut_60+749 JUNCTION         0    0.188     0  00:03           0        14.7      -1.243
  TWT_Fensterstollen_60+375 JUNCTION         0     3.69     0  00:07           0         182     -15.602
  TWT_Acces_LT_60+110  JUNCTION         0     1.19     0  00:07           0        42.715397732.683
  TWT_Liaison_LT_59+738 JUNCTION         0        0     0  00:00           0           0       0.000 ltr
  Syst_Est_amont       JUNCTION     0.735    0.735     0  00:00        63.5        63.5       0.070
  Syst_Est_interm      JUNCTION         0    0.781     0  00:04           0        63.563452779.194 ltr
  TWT_Branche_Est_Sonsto_60+540 JUNCTION         0     1.74     0  00:02           0         150       0.625
  TWT_Intersection_Sonsto_60+345 JUNCTION         0     2.88     0  00:06           0        26.5     -45.513
  TWT_Chrosweg_61+140  JUNCTION         0    0.173     0  00:10           0        14.9      10.701
  SonSto_F_sup         JUNCTION         0    0.556     0  00:04           0        47.4       0.001
  SonSto_porte         JUNCTION         0        0     0  00:00           0           0       0.000 ltr
  Brunnm_Fassung       OUTFALL          0   0.0253     0  00:03           0        2.06       0.000
  Brunnmuehle(Teich)   OUTFALL          0    0.233     0  00:03           0        19.4       0.000
  Fensterstollen       OUTFALL          0     3.24     0  00:08           0         259       0.000
  Gischeren            OUTFALL          0    0.475     0  00:09           0        40.8       0.000
  Schuettstein         OUTFALL          0    0.642     0  00:03           0        54.3       0.000
  Holiloch             OUTFALL          0     9.57     0  00:04           0         811       0.000
  Sauserquelle         OUTFALL          0    0.571     0  00:01           0        47.1       0.000
  Entw_Stollen         OUTFALL          0 0.000126     0  00:02           0      0.0102       0.000
  Sous_lacustre        OUTFALL          0   0.0307     0  00:03           0        2.57       0.000
  Sous_ecoul.          OUTFALL          0  0.00574     0  00:03           0       0.473       0.000
  Syst_Est_aval        OUTFALL          0        0     0  00:00           0           0       0.000 ltr
  TWT_Portail_Est_61+665 OUTFALL          0    0.156     0  00:10           0        13.5       0.000
  CentraleVentilation_1C OUTFALL          0     0.18     0  00:10           0        15.5       0.000
  
  
  **********************
  Node Surcharge Summary
  **********************
  
  Surcharging occurs when water rises above the top of the highest conduit.
  ---------------------------------------------------------------------
                                               Max. Height   Min. Depth
                                   Hours       Above Crown    Below Rim
  Node                 Type      Surcharged         Meters       Meters
  ---------------------------------------------------------------------
  9                    JUNCTION       23.99         48.674       49.526
  Holiloch_sonde       JUNCTION       23.99         46.848      151.252
  11                   JUNCTION       24.00         28.859      120.641
  13                   JUNCTION       23.99         60.363      336.637
  21                   JUNCTION       24.00         38.345      111.055
  34                   JUNCTION       24.00         17.429       81.971
  38                   JUNCTION       24.00         18.140      131.260
  40                   JUNCTION       24.00         18.024       77.976
  41                   JUNCTION       23.99         62.638      186.512
  SondeSchuettstein    JUNCTION       23.98         24.481        0.000
  47                   JUNCTION       23.98         15.071       83.029
  48                   JUNCTION       23.98         11.871       87.329
  SondeGischeren       JUNCTION       23.94         14.119       84.681
  49                   JUNCTION       23.96          8.075      183.925
  50                   JUNCTION       23.93          8.415      191.285
  51                   JUNCTION       24.00         77.663      318.337
  Amont_C              JUNCTION       24.00         84.464      312.536
  52                   JUNCTION       23.94         25.159       74.441
  53                   JUNCTION       23.98         21.535      173.465
  56                   JUNCTION       23.99          5.296       93.704
  4                    JUNCTION       23.98          8.008       91.342
  5                    JUNCTION       23.97          1.294       43.706
  6                    JUNCTION       23.98         18.823      176.177
  8                    JUNCTION       23.87          1.443      193.557
  10                   JUNCTION       23.96          6.117      185.883
  12                   JUNCTION       23.99         23.367      176.283
  14                   JUNCTION       23.97         13.878      182.122
  
  
  *********************
  Node Flooding Summary
  *********************
  
  No nodes were flooded.
  
  
  ***********************
  Outfall Loading Summary
  ***********************
  
  -----------------------------------------------------------
                         Flow       Avg       Max       Total
                         Freq      Flow      Flow      Volume
  Outfall Node           Pcnt       CMS       CMS    10^6 ltr
  -----------------------------------------------------------
  Brunnm_Fassung        99.94    0.0239    0.0253       2.061
  Brunnmuehle(Teich)    99.94     0.225     0.233      19.409
  Fensterstollen        99.94         3      3.24     258.946
  Gischeren             99.42     0.475     0.475      40.786
  Schuettstein          99.93     0.628     0.642      54.252
  Holiloch              99.89      9.39      9.57     810.716
  Sauserquelle          99.96     0.545     0.571      47.060
  Entw_Stollen          99.88  0.000118  0.000126       0.010
  Sous_lacustre         99.99    0.0297    0.0307       2.565
  Sous_ecoul.           99.94   0.00548   0.00574       0.473
  Syst_Est_aval          0.00         0         0       0.000
  TWT_Portail_Est_61+665  99.90     0.156     0.156      13.454
  CentraleVentilation_1C  99.94      0.18      0.18      15.518
  -----------------------------------------------------------
  System                92.21      14.7      14.7    1265.252
  
  
  ********************
  Link Flow Summary
  ********************
  
  -----------------------------------------------------------------------------
                                 Maximum  Time of Max   Maximum    Max/    Max/
                                  |Flow|   Occurrence   |Veloc|    Full    Full
  Link                 Type          CMS  days hr:min     m/sec    Flow   Depth
  -----------------------------------------------------------------------------
  Brunn_Fassung_L      CONDUIT    0.0253     0  00:03      1.15    0.42    0.73
  11                   CONDUIT      13.4     0  00:00      7.23    2.01    1.00
  14                   CONDUIT      14.4     0  00:00     10.49    7.85    1.00
  16                   CONDUIT     0.358     0  00:02      4.18    2.49    1.00
  17                   CONDUIT     0.164     0  00:00      0.58    0.28    1.00
  26                   CONDUIT      1.66     0  00:00      2.92    2.25    1.00
  27                   CONDUIT     0.037     0  00:10      1.25    0.48    0.75
  Gischeren_L          CONDUIT     0.475     0  00:09      0.69    0.06    0.58
  Schuettstein_L       CONDUIT     0.642     0  00:03      3.99    0.55    0.76
  Brunnmuehle_L        CONDUIT     0.258     0  00:03      0.91    0.12    1.00
  32                   CONDUIT         0     0  00:00      0.00    0.00    0.00
  35                   CONDUIT     0.259     0  00:05      0.34    0.05    1.00
  45                   CONDUIT     0.433     0  00:10      5.48    0.00    0.04
  46                   CONDUIT     0.572     0  00:01      2.02    0.57    1.00
  47                   CONDUIT     0.126     0  00:03      3.32    7.87    1.00
  50                   CONDUIT     0.688     0  00:01      2.36    0.13    1.00
  51                   CONDUIT     0.065     0  00:01      0.69    0.18    1.00
  53                   CONDUIT     0.165     0  00:00      0.99    0.84    1.00
  Fenster_L            CONDUIT      3.24     0  00:08      6.54    0.03    0.12
  58                   CONDUIT         1     0  00:10      2.57    0.01    0.11
  59                   CONDUIT     0.264     0  00:10      2.81    0.00    0.04
  61                   CONDUIT     0.851     0  00:00      4.01    1.20    1.00
  63                   CONDUIT     0.164     0  00:02      2.26    0.74    0.52
  66                   CONDUIT     0.181     0  00:03      2.73    2.39    1.00
  67                   CONDUIT      14.6     0  00:00      3.97    0.14    1.00
  Amont_L              CONDUIT      28.4     0  00:00      4.02    1.54    1.00
  69                   CONDUIT     0.297     0  00:03      2.51    1.16    1.00
  70                   CONDUIT     0.234     0  00:03      1.87    0.73    1.00
  71                   CONDUIT     0.462     0  00:01      2.00    0.82    1.00
  72                   CONDUIT     0.291     0  00:10      1.81    1.38    0.55
  Sauser_L             CONDUIT     0.571     0  00:01      1.10    0.15    0.63
  75                   CONDUIT    0.0817     0  00:02      2.83    0.83    0.62
  Entw_Sto_L           CONDUIT  0.000126     0  00:02      0.38    0.00    0.04
  4                    CONDUIT     0.017     0  00:02      1.33    0.76    0.52
  5                    CONDUIT   0.00255     0  00:09      0.19    0.09    0.52
  6                    CONDUIT    0.0307     0  00:03      1.24    0.46    0.74
  7                    CONDUIT     0.237     0  00:03      1.20    0.36    1.00
  Brunn_Teich_L        CONDUIT     0.233     0  00:03      1.03    0.18    0.64
  9                    CONDUIT   0.00574     0  00:03      1.44    0.00    0.50
  12                   CONDUIT      9.87     0  00:01      5.54    0.20    1.00
  15                   CONDUIT      11.7     0  00:00      5.59    0.30    1.00
  18                   CONDUIT      11.1     0  00:01      5.43    0.45    1.00
  19                   CONDUIT      1.08     0  00:01      1.37    1.03    1.00
  20                   CONDUIT     0.684     0  00:05      5.10    0.05    0.23
  21                   CONDUIT      9.74     0  00:02      1.02    0.06    0.88
  Hooliloch_L          CONDUIT      9.57     0  00:04      1.55    0.19    0.70
  23                   CONDUIT     0.157     0  00:09      3.36    0.98    0.63
  25                   CONDUIT     0.689     0  00:05      2.39    0.56    1.00
  28                   CONDUIT     0.157     0  00:08      2.46    0.00    0.03
  29                   CONDUIT    0.0243     0  00:08      0.62    0.00    0.03
  31                   CONDUIT     0.382     0  00:07      0.60    0.23    0.88
  33                   CONDUIT     0.857     0  00:02      0.84    0.33    1.00
  37                   CONDUIT      0.24     0  00:10      0.52    0.01    0.12
  SS3_L                CONDUIT     0.157     0  00:09      3.05    0.00    0.05
  40                   CONDUIT     0.645     0  00:10      2.25    0.00    0.04
  SS6_L                CONDUIT     0.164     0  00:02      4.08    0.00    0.05
  1                    CONDUIT         0     0  00:00      0.00    0.00    0.02
  2                    CONDUIT         0     0  00:00      0.00    0.00    0.00
  3                    CONDUIT    0.0817     0  00:02      3.90    0.01    0.07
  10                   CONDUIT     0.211     0  00:08      0.50    0.00    0.11
  13                   CONDUIT     0.429     0  00:00      4.83    0.93    1.00
  22                   CONDUIT     0.345     0  00:03      3.59    0.85    1.00
  24                   CONDUIT      2.34     0  00:01      3.32    0.00    1.00
  30                   CONDUIT      2.01     0  00:03      2.79    0.84    1.00
  34                   CONDUIT     0.557     0  00:03      2.55    0.62    0.87
  36                   CONDUIT     0.556     0  00:04      6.01    0.59    0.41
  38                   CONDUIT     0.407     0  00:05      2.76    0.15    1.00
  48                   CONDUIT     0.781     0  00:04      2.40    0.52    0.75
  54                   CONDUIT         0     0  00:00      0.00    0.00    0.48
  68                   CONDUIT     0.232     0  00:04      8.47    0.00    0.03
  73                   CONDUIT         0     0  00:00      0.00    0.00    0.00
  TWT1                 CONDUIT     0.156     0  00:10      2.30    0.00    0.01
  TWT2                 CONDUIT     0.173     0  00:10      2.02    0.00    0.01
  TWT3                 CONDUIT     0.188     0  00:03      0.66    0.00    0.02
  TWT4                 CONDUIT      1.74     0  00:03      2.61    0.00    0.06
  1_2_b_               CONDUIT         0     0  00:00      0.00    0.00    0.05
  1_2_b_2              CONDUIT    0.0564     0  00:04      1.58    0.02    0.55
  1_2_b_3              CONDUIT     0.458     0  00:05      2.86    0.34    1.00
  TWT5                 CONDUIT      2.58     0  00:06      1.93    0.00    0.09
  1_4_a                CONDUIT     0.392     0  00:06      1.34    0.01    0.14
  TWT6                 CONDUIT      1.17     0  00:07      0.72    0.00    0.08
  1_4_b                CONDUIT         0     0  00:00      0.00    0.00    0.15
  TWT7                 CONDUIT         0     0  00:00      0.00    0.00    0.03
  1_5_a                CONDUIT         0     0  00:00      0.00    0.00    0.00
  1_6_b_1              CONDUIT     0.306     0  00:03      2.14    0.19    1.00
  1_7_a                CONDUIT      2.17     0  00:08      2.44    0.49    0.10
  1_7_a_               CONDUIT     0.267     0  00:04      4.63    0.02    0.36
  1_7_a__              CONDUIT       1.5     0  00:02      9.40    0.22    0.81
  1_8_a                CONDUIT    0.0187     0  00:09      4.74    0.00    0.04
  CV_1C_to_54          CONDUIT      0.18     0  00:10      1.10    0.97    0.79
  
  
  ***************************
  Flow Classification Summary
  ***************************
  
  -------------------------------------------------------------------------------------
                      Adjusted    ---------- Fraction of Time in Flow Class ---------- 
                       /Actual         Up    Down  Sub   Sup   Up    Down  Norm  Inlet 
  Conduit               Length    Dry  Dry   Dry   Crit  Crit  Crit  Crit  Ltd   Ctrl  
  -------------------------------------------------------------------------------------
  Brunn_Fassung_L         1.00   0.00  0.00  0.00  1.00  0.00  0.00  0.00  0.00  0.00
  11                      1.00   0.00  0.00  0.00  1.00  0.00  0.00  0.00  0.00  0.00
  14                      1.00   0.00  0.00  0.00  1.00  0.00  0.00  0.00  0.00  0.00
  16                      1.00   0.00  0.00  0.00  1.00  0.00  0.00  0.00  0.00  0.00
  17                      1.00   0.00  0.00  0.00  1.00  0.00  0.00  0.00  0.00  0.00
  26                      1.00   0.00  0.00  0.00  1.00  0.00  0.00  0.00  0.00  0.00
  27                      1.00   0.00  0.00  0.00  1.00  0.00  0.00  0.00  1.00  0.00
  Gischeren_L             1.00   0.00  0.00  0.00  0.99  0.00  0.00  0.00  0.00  0.00
  Schuettstein_L          1.00   0.00  0.00  0.00  0.00  1.00  0.00  0.00  0.00  0.00
  Brunnmuehle_L           1.00   0.00  0.00  0.00  1.00  0.00  0.00  0.00  0.00  0.00
  32                      1.00   1.00  0.00  0.00  0.00  0.00  0.00  0.00  0.00  0.00
  35                      1.00   0.00  0.00  0.00  1.00  0.00  0.00  0.00  0.00  0.00
  45                      1.00   0.00  0.00  0.00  0.00  1.00  0.00  0.00  0.00  0.00
  46                      1.00   0.00  0.00  0.00  1.00  0.00  0.00  0.00  0.00  0.00
  47                      1.00   0.00  0.00  0.00  1.00  0.00  0.00  0.00  0.00  0.00
  50                      1.00   0.00  0.00  0.00  1.00  0.00  0.00  0.00  0.00  0.00
  51                      1.00   0.00  0.00  0.00  1.00  0.00  0.00  0.00  0.00  0.00
  53                      1.00   0.00  0.00  0.00  1.00  0.00  0.00  0.00  0.00  0.00
  Fenster_L               1.00   0.00  0.00  0.00  0.00  1.00  0.00  0.00  0.00  0.00
  58                      1.00   0.00  0.00  0.00  0.00  1.00  0.00  0.00  0.00  0.00
  59                      1.00   0.00  0.00  0.00  0.00  1.00  0.00  0.00  1.00  0.00
  61                      1.00   0.00  0.00  0.00  1.00  0.00  0.00  0.00  0.00  0.00
  63                      1.00   0.00  0.00  0.00  1.00  0.00  0.00  0.00  0.00  0.00
  66                      1.00   0.00  0.00  0.00  1.00  0.00  0.00  0.00  0.00  0.00
  67                      1.00   0.00  0.00  0.00  1.00  0.00  0.00  0.00  0.00  0.00
  Amont_L                 1.00   0.00  0.00  0.00  1.00  0.00  0.00  0.00  0.00  0.00
  69                      1.00   0.00  0.00  0.00  1.00  0.00  0.00  0.00  0.00  0.00
  70                      1.00   0.00  0.00  0.00  1.00  0.00  0.00  0.00  0.00  0.00
  71                      1.00   0.00  0.00  0.00  1.00  0.00  0.00  0.00  0.00  0.00
  72                      1.00   0.00  0.00  0.00  1.00  0.00  0.00  0.00  0.00  0.00
  Sauser_L                1.00   0.00  0.00  0.00  1.00  0.00  0.00  0.00  0.00  0.00
  75                      1.00   0.00  0.00  0.00  0.00  1.00  0.00  0.00  0.00  0.00
  Entw_Sto_L              1.00   0.00  0.00  0.00  0.00  1.00  0.00  0.00  1.00  0.00
  4                       1.00   0.00  0.00  0.00  0.00  1.00  0.00  0.00  0.00  0.00
  5                       1.00   0.00  0.00  0.00  1.00  0.00  0.00  0.00  0.00  0.00
  6                       1.00   0.00  0.00  0.00  0.00  1.00  0.00  0.00  0.00  0.00
  7                       1.00   0.00  0.00  0.00  1.00  0.00  0.00  0.00  0.00  0.00
  Brunn_Teich_L           1.00   0.00  0.00  0.00  1.00  0.00  0.00  0.00  0.00  0.00
  9                       1.00   0.00  0.00  0.00  0.00  1.00  0.00  0.00  0.00  0.00
  12                      1.00   0.00  0.00  0.00  1.00  0.00  0.00  0.00  0.00  0.00
  15                      1.00   0.00  0.00  0.00  1.00  0.00  0.00  0.00  0.00  0.00
  18                      1.00   0.00  0.00  0.00  1.00  0.00  0.00  0.00  0.00  0.00
  19                      1.00   0.00  0.00  0.00  1.00  0.00  0.00  0.00  0.00  0.00
  20                      1.00   0.00  0.00  0.00  0.00  1.00  0.00  0.00  0.00  0.00
  21                      1.00   0.00  0.00  0.00  1.00  0.00  0.00  0.00  0.00  0.00
  Hooliloch_L             1.00   0.00  0.00  0.00  1.00  0.00  0.00  0.00  0.00  0.00
  23                      1.00   0.00  0.00  0.00  0.00  1.00  0.00  0.00  0.00  0.00
  25                      1.00   0.00  0.00  0.00  1.00  0.00  0.00  0.00  0.00  0.00
  28                      1.00   0.00  0.00  0.00  0.00  1.00  0.00  0.00  0.00  0.00
  29                      1.00   0.00  0.00  0.00  1.00  0.00  0.00  0.00  1.00  0.00
  31                      1.00   0.00  0.00  0.00  1.00  0.00  0.00  0.00  0.00  0.00
  33                      1.00   0.00  0.00  0.00  1.00  0.00  0.00  0.00  0.00  0.00
  37                      1.00   0.00  0.00  0.00  1.00  0.00  0.00  0.00  0.00  0.00
  SS3_L                   1.00   0.00  0.00  0.00  0.00  1.00  0.00  0.00  1.00  0.00
  40                      1.00   0.00  0.00  0.00  0.00  1.00  0.00  0.00  0.00  0.00
  SS6_L                   1.00   0.00  0.00  0.00  0.00  1.00  0.00  0.00  1.00  0.00
  1                       1.00   0.00  1.00  0.00  0.00  0.00  0.00  0.00  0.00  0.00
  2                       1.00   1.00  0.00  0.00  0.00  0.00  0.00  0.00  0.00  0.00
  3                       1.00   0.00  0.00  0.00  0.00  1.00  0.00  0.00  1.00  0.00
  10                      1.00   0.00  0.00  0.00  1.00  0.00  0.00  0.00  1.00  0.00
  13                      1.00   0.00  0.00  0.00  1.00  0.00  0.00  0.00  0.00  0.00
  22                      1.00   0.00  0.00  0.00  1.00  0.00  0.00  0.00  0.00  0.00
  24                      1.00   0.00  0.00  0.00  1.00  0.00  0.00  0.00  0.00  0.00
  30                      1.00   0.00  0.00  0.00  1.00  0.00  0.00  0.00  0.00  0.00
  34                      1.00   0.00  0.00  0.00  0.00  1.00  0.00  0.00  0.00  0.00
  36                      1.00   0.00  0.00  0.00  0.00  1.00  0.00  0.00  0.00  0.00
  38                      1.00   0.00  0.00  0.00  1.00  0.00  0.00  0.00  0.00  0.00
  48                      1.00   0.00  0.00  0.00  1.00  0.00  0.00  0.00  1.00  0.00
  54                      1.00   0.00  1.00  0.00  0.00  0.00  0.00  0.00  0.00  0.00
  68                      1.00   0.00  0.00  0.00  0.00  1.00  0.00  0.00  1.00  0.00
  73                      1.00   0.00  1.00  0.00  0.00  0.00  0.00  0.00  0.00  0.00
  TWT1                    1.00   0.00  0.00  0.00  0.00  1.00  0.00  0.00  0.00  0.00
  TWT2                    1.00   0.00  0.00  0.00  0.00  1.00  0.00  0.00  0.00  0.00
  TWT3                    1.00   0.00  0.00  0.00  1.00  0.00  0.00  0.00  0.00  0.00
  TWT4                    1.00   0.00  0.00  0.00  0.99  0.00  0.00  0.00  1.00  0.00
  1_2_b_                  1.00   0.00  1.00  0.00  0.00  0.00  0.00  0.00  0.00  0.00
  1_2_b_2                 1.00   0.00  0.00  0.00  1.00  0.00  0.00  0.00  1.00  0.00
  1_2_b_3                 1.00   0.00  0.00  0.00  1.00  0.00  0.00  0.00  0.00  0.00
  TWT5                    1.00   0.00  0.00  0.00  1.00  0.00  0.00  0.00  0.00  0.00
  1_4_a                   1.00   0.00  0.00  0.00  1.00  0.00  0.00  0.00  0.00  0.00
  TWT6                    1.00   0.00  0.00  0.00  1.00  0.00  0.00  0.00  0.00  0.00
  1_4_b                   1.00   0.00  1.00  0.00  0.00  0.00  0.00  0.00  0.00  0.00
  TWT7                    1.00   0.00  1.00  0.00  0.00  0.00  0.00  0.00  0.00  0.00
  1_5_a                   1.00   0.00  1.00  0.00  0.00  0.00  0.00  0.00  0.00  0.00
  1_6_b_1                 1.00   0.00  0.00  0.00  1.00  0.00  0.00  0.00  0.00  0.00
  1_7_a                   1.00   0.00  0.00  0.00  0.00  1.00  0.00  0.00  0.00  0.00
  1_7_a_                  1.00   0.00  0.00  0.00  0.00  1.00  0.00  0.00  1.00  0.00
  1_7_a__                 1.00   0.00  0.00  0.00  0.00  1.00  0.00  0.00  0.00  0.00
  1_8_a                   1.00   0.00  0.00  0.00  1.00  0.00  0.00  0.00  1.00  0.00
  CV_1C_to_54             1.00   0.00  0.00  0.00  1.00  0.00  0.00  0.00  0.00  0.00
  
  
  *************************
  Conduit Surcharge Summary
  *************************
  
  ----------------------------------------------------------------------------
                                                           Hours        Hours 
                         --------- Hours Full --------   Above Full   Capacity
  Conduit                Both Ends  Upstream  Dnstream   Normal Flow   Limited
  ----------------------------------------------------------------------------
  Brunn_Fassung_L             0.01      0.01     24.00      0.01         0.01
  11                         23.99     23.99     23.99     23.99         0.01
  14                         23.99     23.99     23.99     23.99         0.01
  16                         24.00     24.00     24.00     23.99        23.99
  17                         24.00     24.00     24.00      0.01         0.01
  26                         23.99     23.99     23.99      0.01         0.01
  27                          0.01      0.01     23.91      0.01         0.01
  Gischeren_L                 0.01      0.01     23.86      0.01         0.01
  Schuettstein_L              0.01      0.01     23.98      0.01         0.01
  Brunnmuehle_L              24.00     24.00     24.00      0.01         0.01
  35                         23.89     23.89     23.94      0.01         0.01
  46                         24.00     24.00     24.00      0.01         0.01
  47                         24.00     24.00     24.00     24.00        24.00
  50                         23.98     23.98     23.98      0.01         0.01
  51                         23.97     23.97     23.99      0.01         0.01
  53                         24.00     24.00     24.00      0.01         0.01
  61                         23.99     23.99     23.99      0.01         0.01
  63                          0.01     23.97      0.01      0.01         0.01
  66                         23.93     23.97     23.93     23.97        23.93
  67                         23.99     23.99     24.00      0.01         0.01
  Amont_L                    24.00     24.00     24.00      0.01         0.01
  69                         23.94     23.94     24.00      0.03         0.01
  70                         23.94     23.94     24.00      0.01         0.01
  71                         23.98     23.98     23.99      0.01         0.01
  72                          0.01     23.98      0.01     23.98         0.01
  Sauser_L                    0.01      0.01     24.00      0.01         0.01
  75                          0.01     23.95      0.01      0.01         0.01
  4                           0.01     23.96      0.01      0.01         0.01
  5                           0.01      0.01     24.00      0.01         0.01
  6                           0.01      0.01     24.00      0.01         0.01
  7                          23.99     23.99     24.00      0.01         0.01
  Brunn_Teich_L               0.01      0.01     23.98      0.01         0.01
  9                           0.01      0.01     23.98      0.01         0.01
  12                         23.98     23.98     23.98      0.01         0.01
  15                         23.99     23.99     23.99      0.01         0.01
  18                         23.98     23.98     23.98      0.01         0.01
  19                         23.97     23.97     23.98      0.01         0.01
  21                          0.01      0.01     23.97      0.01         0.01
  23                          0.01     23.93      0.01      0.01         0.01
  25                         23.91     23.91     23.99      0.01         0.01
  31                          0.01      0.01     23.87      0.01         0.01
  33                         23.96     23.96     23.96      0.01         0.01
  13                         23.99     23.99     24.00      0.01         0.01
  22                         23.99     23.99     24.00      0.01         0.01
  24                         23.97     23.97     24.00      0.01         0.01
  30                         23.97     23.97     24.00      0.01         0.01
  34                          0.01      0.01     23.99      0.01         0.01
  38                         23.92     23.92     23.95      0.01         0.01
  48                          0.01      0.01     23.87      0.01         0.01
  1_2_b_2                     0.01      0.01     23.87      0.01         0.01
  1_2_b_3                    23.87     23.87     24.00      0.01         0.01
  1_6_b_1                    23.94     23.94     24.00      0.01         0.01
  1_7_a__                     0.01      0.01     23.99      0.01         0.01
  CV_1C_to_54                 0.01     23.83      0.01      0.01         0.01
  

  Analysis begun on:  Wed Sep 30 16:13:18 2026
  Analysis ended on:  Wed Sep 30 16:13:22 2026
  Total elapsed time: 00:00:04