
  EPA STORM WATER MANAGEMENT MODEL - VERSION 5.2 (Build 5.2.4)
  ------------------------------------------------------------

  Brunnmuehle (Twann) 
  WARNING 08: elevation drop exceeds length for Conduit SS3_L
  WARNING 08: elevation drop exceeds length for Conduit SS6_L
  WARNING 08: elevation drop exceeds length for Conduit 2
  WARNING 08: elevation drop exceeds length for Conduit 3
  WARNING 08: elevation drop exceeds length for Conduit 68
  WARNING 08: elevation drop exceeds length for Conduit 1_2_b_
  WARNING 08: elevation drop exceeds length for Conduit 1_2_b_2
  WARNING 08: elevation drop exceeds length for Conduit 1_4_b
  WARNING 08: elevation drop exceeds length for Conduit 1_5_a
  WARNING 04: minimum elevation drop used for Conduit 1_7_a
  WARNING 08: elevation drop exceeds length for Conduit 1_7_a_
  WARNING 08: elevation drop exceeds length for Conduit 1_7_a__
  WARNING 08: elevation drop exceeds length for Conduit 1_7_a_4
  WARNING 02: maximum depth increased for Node 2
  
  ****************
  Analysis Options
  ****************
  Flow Units ............... CMS
  Process Models:
    Rainfall/Runoff ........ NO
    RDII ................... NO
    Snowmelt ............... NO
    Groundwater ............ NO
    Flow Routing ........... YES
    Ponding Allowed ........ NO
    Water Quality .......... NO
  Flow Routing Method ...... DYNWAVE
  Surcharge Method ......... EXTRAN
  Starting Date ............ 01/01/2000 00:00:00
  Ending Date .............. 01/02/2000 00:00:00
  Antecedent Dry Days ...... 0.0
  Report Time Step ......... 01:00:00
  Routing Time Step ........ 0.50 sec
  Variable Time Step ....... YES
  Maximum Trials ........... 8
  Number of Threads ........ 1
  Head Tolerance ........... 0.001500 m
  
  
  **************************        Volume        Volume
  Flow Routing Continuity        hectare-m      10^6 ltr
  **************************     ---------     ---------
  Dry Weather Inflow .......         0.000         0.000
  Wet Weather Inflow .......         0.000         0.000
  Groundwater Inflow .......         0.000         0.000
  RDII Inflow ..............         0.000         0.000
  External Inflow ..........       166.906      1669.074
  External Outflow .........       158.183      1581.845
  Flooding Loss ............         0.000         0.000
  Evaporation Loss .........         0.000         0.000
  Exfiltration Loss ........         0.000         0.000
  Initial Stored Volume ....         0.056         0.562
  Final Stored Volume ......         0.527         5.268
  Continuity Error (%) .....         4.943
  
  
  *************************
  Highest Continuity Errors
  *************************
  Node SonSto_F (-105.51%)
  Node Syst_Est_interm (100.00%)
  Node TWT_Acces_LT_60+110 (85.50%)
  Node 8 (50.08%)
  Node 2 (37.69%)
  
  
  ***************************
  Time-Step Critical Elements
  ***************************
  Link 1_4_a (16868.36%)
  Link 1_7_a_ (33.30%)
  Link 1_8_a (7.84%)
  Link 1_4_a_1 (6.46%)
  Link 20 (5.97%)
  
  
  ********************************
  Highest Flow Instability Indexes
  ********************************
  All links are stable.
  
  
  *********************************
  Most Frequent Nonconverging Nodes
  *********************************
  Node Brunnm_Fassung (37.02%)
  Node Brunnmuehle(Teich) (37.02%)
  Node Fensterstollen (37.02%)
  Node Gischeren (37.02%)
  Node Schuettstein (37.02%)
  
  
  *************************
  Routing Time Step Summary
  *************************
  Minimum Time Step           :     0.50 sec
  Average Time Step           :     0.50 sec
  Maximum Time Step           :     0.50 sec
  % of Time in Steady State   :    99.41
  Average Iterations per Step :     5.82
  % of Steps Not Converging   :    37.02
  Time Step Frequencies       :
      0.500 -  0.500 sec      :   100.00 %
      0.500 -  0.500 sec      :     0.00 %
      0.500 -  0.500 sec      :     0.00 %
      0.500 -  0.500 sec      :     0.00 %
      0.500 -  0.500 sec      :     0.00 %
  
  
  ******************
  Node Depth Summary
  ******************
  
  ---------------------------------------------------------------------------------
                                 Average  Maximum  Maximum  Time of Max    Reported
                                   Depth    Depth      HGL   Occurrence   Max Depth
  Node                 Type       Meters   Meters   Meters  days hr:min      Meters
  ---------------------------------------------------------------------------------
  9                    JUNCTION    41.59    46.22   484.72     0  00:00       41.61
  Holiloch_sonde       JUNCTION    39.20    42.19   482.19     0  00:00       39.23
  11                   JUNCTION    46.04    46.73   456.73     0  00:04       46.05
  13                   JUNCTION    46.62    46.89   484.89     0  00:03       46.64
  21                   JUNCTION    40.56    41.01   441.01     0  00:05       40.57
  SonSto_F             JUNCTION     0.34     0.53   438.33     0  00:08        0.34
  Sondierstollen       JUNCTION     0.00     0.00   440.80     0  00:00        0.00
  Aval_Trappe          JUNCTION     0.62     0.79   438.39     0  00:08        0.62
  30                   JUNCTION     0.73     0.74   438.04     0  00:08        0.74
  Gischeren_node       JUNCTION     0.00     0.00   476.50     0  00:00        0.00
  34                   JUNCTION    19.25    19.63   439.63     0  00:05       19.26
  38                   JUNCTION    23.43    23.94   443.94     0  00:05       23.44
  SS6                  JUNCTION     0.05     0.05   448.05     0  00:02        0.05
  40                   JUNCTION    20.64    20.65   439.65     0  00:08       20.65
  41                   JUNCTION    47.02    47.28   484.78     0  00:03       47.04
  SondeSchuettstein    JUNCTION    20.29    21.97   480.97     0  00:01       20.30
  SS4                  JUNCTION     0.06     0.06   448.06     0  00:04        0.06
  47                   JUNCTION    13.51    13.54   478.44     0  00:03       13.52
  48                   JUNCTION     8.17     9.74   480.74     0  00:01        8.18
  SondeGischeren       JUNCTION     9.74    10.77   475.77     0  00:06        9.78
  49                   JUNCTION    12.55    13.72   479.72     0  00:02       12.57
  50                   JUNCTION     4.69     6.67   469.67     0  00:06        4.71
  51                   JUNCTION    65.18    65.46   485.46     0  00:03       65.20
  Amont_C              JUNCTION    69.17    93.25   511.25     0  00:00       69.19
  52                   JUNCTION     5.86    12.74   469.74     0  00:05        5.89
  53                   JUNCTION    11.55    12.88   479.88     0  00:01       11.56
  54                   JUNCTION     0.30     0.30   463.30     0  00:08        0.30
  56                   JUNCTION     6.16     6.19   436.19     0  00:00        6.16
  2                    JUNCTION     0.51     0.51   438.51     0  00:08        0.51
  4                    JUNCTION     8.71     9.17   437.17     0  00:00        8.72
  5                    JUNCTION     5.74     5.75   478.25     0  00:03        5.74
  6                    JUNCTION    20.71    20.76   478.76     0  00:03       20.73
  7                    JUNCTION     3.23     3.24   478.24     0  00:04        3.23
  SS3                  JUNCTION     0.07     0.07   448.07     0  00:08        0.07
  SS5                  JUNCTION     0.57     0.58   439.48     0  00:07        0.58
  8                    JUNCTION     0.79     0.80   474.80     0  00:08        0.80
  10                   JUNCTION    10.55    11.76   479.76     0  00:02       10.57
  SonSto_SS5           JUNCTION     0.11     0.12   439.42     0  00:07        0.11
  SonSto_SS3           JUNCTION     0.10     0.10   439.80     0  00:06        0.10
  SonSto_SS4           JUNCTION     0.07     0.07   439.47     0  00:07        0.07
  Amont_Trappe         JUNCTION     0.47     0.77   438.47     0  00:08        0.47
  SonSto_SS6           JUNCTION     0.11     0.11   438.81     0  00:07        0.11
  SS2                  JUNCTION     0.00     0.00   448.00     0  00:00        0.00
  SonSto_SS2           JUNCTION     0.00     0.00   441.50     0  00:00        0.00
  12                   JUNCTION    14.93    14.99   463.99     0  00:05       14.94
  14                   JUNCTION     3.57     3.57   468.57     0  00:08        3.57
  15                   JUNCTION     0.32     0.33   472.33     0  00:04        0.32
  TWT_PointHaut_60+749 JUNCTION     0.08     0.08   438.58     0  00:08        0.08
  TWT_Fensterstollen_60+375 JUNCTION     1.02     1.08   438.38     0  00:08        1.02
  TWT_Acces_LT_60+110  JUNCTION     1.01     1.01   438.51     0  00:08        1.01
  TWT_Liaison_LT_59+738 JUNCTION     0.00     0.00   446.50     0  00:00        0.00
  Syst_Est_amont       JUNCTION     0.57     0.60   430.60     0  00:03        0.57
  Syst_Est_interm      JUNCTION     1.44     1.44   411.44     0  00:08        1.44
  TWT_Branche_Est_Sonsto_60+540 JUNCTION     0.29     0.29   438.69     0  00:08        0.29
  TWT_Intersection_Sonsto_60+345 JUNCTION     1.45     1.45   438.45     0  00:08        1.45
  TWT_Chrosweg_61+140  JUNCTION     0.06     0.06   432.06     0  00:08        0.06
  SonSto_F_sup         JUNCTION     0.04     0.04   448.04     0  00:04        0.04
  SonSto_porte         JUNCTION     0.00     0.00   438.50     0  00:08        0.00
  Brunnm_Fassung       OUTFALL      0.10     0.10   433.90     0  00:05        0.10
  Brunnmuehle(Teich)   OUTFALL      0.23     0.23   435.73     0  00:05        0.23
  Fensterstollen       OUTFALL      0.69     0.69   437.69     0  00:08        0.69
  Gischeren            OUTFALL      0.00     0.00   480.00     0  00:00        0.00
  Schuettstein         OUTFALL      0.18     0.19   477.74     0  00:01        0.18
  Holiloch             OUTFALL      1.43     1.44   477.94     0  00:04        1.43
  Sauserquelle         OUTFALL      0.25     0.25   435.80     0  00:08        0.25
  Entw_Stollen         OUTFALL      0.18     0.18   436.68     0  00:06        0.18
  Sous_lacustre        OUTFALL      0.10     0.10   429.30     0  00:05        0.10
  Sous_ecoul.          OUTFALL      0.00     0.00   433.00     0  00:05        0.00
  Syst_Est_aval        OUTFALL      0.00     0.00   429.00     0  00:00        0.00
  TWT_Portail_Est_61+665 OUTFALL      0.03     0.03   421.63     0  00:08        0.03
  CentraleVentilation_1C OUTFALL      0.22     0.22   454.22     0  00:08        0.22
  
  
  *******************
  Node Inflow Summary
  *******************
  
  -------------------------------------------------------------------------------------------------
                                  Maximum  Maximum                  Lateral       Total        Flow
                                  Lateral    Total  Time of Max      Inflow      Inflow     Balance
                                   Inflow   Inflow   Occurrence      Volume      Volume       Error
  Node                 Type           CMS      CMS  days hr:min    10^6 ltr    10^6 ltr     Percent
  -------------------------------------------------------------------------------------------------
  9                    JUNCTION         0     12.8     0  00:00           0         478       0.011
  Holiloch_sonde       JUNCTION         0     11.6     0  00:00           0         443      -0.010
  11                   JUNCTION         0    0.244     0  00:05           0          21       0.000
  13                   JUNCTION         0     18.3     0  00:00           0    1.38e+03       0.013
  21                   JUNCTION         0    0.417     0  00:05           0          36       0.000
  SonSto_F             JUNCTION         0      1.3     0  00:07           0        42.8     -51.340
  Sondierstollen       JUNCTION         0        0     0  00:00           0           0       0.000 ltr
  Aval_Trappe          JUNCTION         0     7.41     0  00:07           0         570      -0.323
  30                   JUNCTION         0     12.2     0  00:08           0    1.05e+03       3.029
  Gischeren_node       JUNCTION         0        0     0  00:00           0           0       0.000 ltr
  34                   JUNCTION         0    0.382     0  00:05           0        32.9      -0.000
  38                   JUNCTION         0    0.233     0  00:00           0        19.1       0.001
  SS6                  JUNCTION         0    0.153     0  00:02           0        12.7       0.001
  40                   JUNCTION         0     2.03     0  00:08           0         175       0.010
  41                   JUNCTION         0     3.06     0  00:00           0        29.3       0.070
  SondeSchuettstein    JUNCTION         0    0.602     0  00:00           0        29.3       0.042
  SS4                  JUNCTION         0   0.0817     0  00:04           0        6.66       0.004
  47                   JUNCTION         0      7.6     0  00:01           0         431       0.034
  48                   JUNCTION         0    0.472     0  00:01           0        29.2       0.015
  SondeGischeren       JUNCTION         0    0.242     0  00:03           0        12.4       0.558
  49                   JUNCTION         0    0.908     0  00:02           0        12.8       0.387
  50                   JUNCTION         0     0.18     0  00:06           0        12.3       0.029
  51                   JUNCTION         0       34     0  00:00           0    1.59e+03      -0.001
  Amont_C              JUNCTION      18.4     43.2     0  00:00    1.59e+03    1.59e+03       0.017
  52                   JUNCTION         0    0.236     0  00:05           0        16.9       0.129
  53                   JUNCTION         0    0.316     0  00:01           0        18.6       0.070
  54                   JUNCTION         0    0.215     0  00:08           0        18.6       3.962
  56                   JUNCTION         0    0.544     0  00:08           0        46.9       0.005
  2                    JUNCTION         0     0.61     0  00:05           0         6.9      60.483
  4                    JUNCTION         0    0.351     0  00:05           0        30.2       0.019
  5                    JUNCTION         0      6.2     0  00:01           0         430       0.314
  6                    JUNCTION         0     8.72     0  00:00           0         443       0.026
  7                    JUNCTION         0     5.28     0  00:02           0         429      -0.232
  SS3                  JUNCTION         0    0.143     0  00:06           0        12.3       0.024
  SS5                  JUNCTION         0    0.225     0  00:07           0        19.4       0.108
  8                    JUNCTION         0    0.287     0  00:08           0        24.7     100.301
  10                   JUNCTION         0     0.69     0  00:02           0        12.7       0.110
  SonSto_SS5           JUNCTION         0    0.247     0  00:07           0        21.3       0.063
  SonSto_SS3           JUNCTION         0    0.143     0  00:08           0        12.3       0.130
  SonSto_SS4           JUNCTION         0    0.223     0  00:07           0        18.9       0.022
  Amont_Trappe         JUNCTION         0     1.67     0  00:08           0        83.6       6.170
  SonSto_SS6           JUNCTION         0     0.33     0  00:07           0        28.2       0.047
  SS2                  JUNCTION         0        0     0  00:00           0           0       0.000 ltr
  SonSto_SS2           JUNCTION         0        0     0  00:00           0           0       0.000 ltr
  12                   JUNCTION         0    0.348     0  00:00           0        25.5       0.012
  14                   JUNCTION         0     1.64     0  00:08           0         141       0.792
  15                   JUNCTION         0    0.398     0  00:03           0        34.2       0.008
  TWT_PointHaut_60+749 JUNCTION         0    0.167     0  00:08           0        14.4       9.185
  TWT_Fensterstollen_60+375 JUNCTION         0     9.49     0  00:08           0         819     -14.985
  TWT_Acces_LT_60+110  JUNCTION         0     4.21     0  00:04           0        21.3     589.670
  TWT_Liaison_LT_59+738 JUNCTION         0        0     0  00:00           0           0       0.000 ltr
  Syst_Est_amont       JUNCTION      0.92     0.92     0  00:00        79.5        79.5      -0.010
  Syst_Est_interm      JUNCTION         0    0.974     0  00:04           0        79.579487472.068 ltr
  TWT_Branche_Est_Sonsto_60+540 JUNCTION         0     1.71     0  00:08           0         147       0.582
  TWT_Intersection_Sonsto_60+345 JUNCTION         0     8.17     0  00:01           0         643      23.151
  TWT_Chrosweg_61+140  JUNCTION         0    0.153     0  00:08           0        13.2      43.819
  SonSto_F_sup         JUNCTION         0    0.398     0  00:04           0        34.2       0.000
  SonSto_porte         JUNCTION         0  0.00211     0  00:08           0       0.181     414.801
  Brunnm_Fassung       OUTFALL          0   0.0323     0  00:05           0        2.74       0.000
  Brunnmuehle(Teich)   OUTFALL          0    0.346     0  00:05           0        29.7       0.000
  Fensterstollen       OUTFALL          0     11.8     0  00:08           0    1.02e+03       0.000
  Gischeren            OUTFALL          0        0     0  00:00           0           0       0.000 ltr
  Schuettstein         OUTFALL          0    0.357     0  00:01           0        29.2       0.000
  Holiloch             OUTFALL          0     5.06     0  00:04           0         430       0.000
  Sauserquelle         OUTFALL          0    0.544     0  00:08           0        46.9       0.000
  Entw_Stollen         OUTFALL          0   0.0478     0  00:08           0        4.12       0.000
  Sous_lacustre        OUTFALL          0   0.0357     0  00:05           0        3.05       0.000
  Sous_ecoul.          OUTFALL          0    0.006     0  00:05           0       0.508       0.000
  Syst_Est_aval        OUTFALL          0        0     0  00:00           0           0       0.000 ltr
  TWT_Portail_Est_61+665 OUTFALL          0    0.107     0  00:08           0        9.17       0.000
  CentraleVentilation_1C OUTFALL          0    0.108     0  00:08           0        9.29       0.000
  
  
  **********************
  Node Surcharge Summary
  **********************
  
  Surcharging occurs when water rises above the top of the highest conduit.
  ---------------------------------------------------------------------
                                               Max. Height   Min. Depth
                                   Hours       Above Crown    Below Rim
  Node                 Type      Surcharged         Meters       Meters
  ---------------------------------------------------------------------
  9                    JUNCTION       23.99         44.416       53.784
  Holiloch_sonde       JUNCTION       23.99         40.294      157.806
  11                   JUNCTION       24.00         46.266      103.274
  13                   JUNCTION       23.99         43.889      353.111
  21                   JUNCTION       24.00         40.406      108.994
  34                   JUNCTION       24.00         19.032       80.368
  38                   JUNCTION       24.00         23.344      126.056
  40                   JUNCTION       24.00         16.646       79.354
  41                   JUNCTION       23.99         46.433      202.717
  SondeSchuettstein    JUNCTION       23.98         21.166        0.000
  47                   JUNCTION       23.98         11.639       86.461
  48                   JUNCTION       23.98          8.943       90.257
  SondeGischeren       JUNCTION       23.90          9.567       89.233
  49                   JUNCTION       23.96          5.722      186.278
  50                   JUNCTION       23.89          6.365      193.335
  51                   JUNCTION       24.00         61.455      334.545
  Amont_C              JUNCTION       24.00         90.251      306.749
  52                   JUNCTION       23.91         12.338       87.262
  53                   JUNCTION       23.97          7.885      187.115
  56                   JUNCTION       23.99          5.194       93.806
  4                    JUNCTION       23.99          8.522       90.828
  5                    JUNCTION       23.96          0.750       44.250
  6                    JUNCTION       23.98         15.763      179.237
  10                   JUNCTION       23.95          3.757      188.243
  12                   JUNCTION       23.99         14.638      185.012
  
  
  *********************
  Node Flooding Summary
  *********************
  
  No nodes were flooded.
  
  
  ***********************
  Outfall Loading Summary
  ***********************
  
  -----------------------------------------------------------
                         Flow       Avg       Max       Total
                         Freq      Flow      Flow      Volume
  Outfall Node           Pcnt       CMS       CMS    10^6 ltr
  -----------------------------------------------------------
  Brunnm_Fassung        99.95    0.0317    0.0323       2.740
  Brunnmuehle(Teich)    99.95     0.344     0.346      29.682
  Fensterstollen        99.97      11.8      11.8    1017.040
  Gischeren              0.00         0         0       0.000
  Schuettstein          99.92     0.339     0.357      29.240
  Holiloch              99.86      4.99      5.06     430.074
  Sauserquelle          99.97     0.543     0.544      46.929
  Entw_Stollen          99.94    0.0477    0.0478       4.117
  Sous_lacustre        100.00    0.0353    0.0357       3.053
  Sous_ecoul.           99.95   0.00588     0.006       0.508
  Syst_Est_aval          0.00         0         0       0.000
  TWT_Portail_Est_61+665  99.89     0.106     0.107       9.169
  CentraleVentilation_1C  99.94     0.108     0.108       9.287
  -----------------------------------------------------------
  System                84.56      18.3      18.4    1581.837
  
  
  ********************
  Link Flow Summary
  ********************
  
  -----------------------------------------------------------------------------
                                 Maximum  Time of Max   Maximum    Max/    Max/
                                  |Flow|   Occurrence   |Veloc|    Full    Full
  Link                 Type          CMS  days hr:min     m/sec    Flow   Depth
  -----------------------------------------------------------------------------
  Brunn_Fassung_L      CONDUIT    0.0323     0  00:05      1.40    0.53    0.76
  11                   CONDUIT      11.6     0  00:00      6.62    1.73    1.00
  14                   CONDUIT      12.8     0  00:00      8.64    6.99    1.00
  16                   CONDUIT     0.244     0  00:05      2.86    1.70    1.00
  17                   CONDUIT     0.233     0  00:00      0.82    0.40    1.00
  26                   CONDUIT      3.06     0  00:00      5.44    4.14    1.00
  27                   CONDUIT     0.072     0  00:07      1.89    0.93    1.00
  Gischeren_L          CONDUIT         0     0  00:00      0.00    0.00    0.00
  Schuettstein_L       CONDUIT     0.357     0  00:01      2.47    0.30    0.69
  Brunnmuehle_L        CONDUIT     0.382     0  00:05      1.35    0.18    1.00
  32                   CONDUIT         0     0  00:00      0.00    0.00    0.00
  35                   CONDUIT         0     0  00:00      0.00    0.00    0.50
  45                   CONDUIT      0.33     0  00:07      2.83    0.00    0.11
  46                   CONDUIT     0.544     0  00:08      1.92    0.54    1.00
  47                   CONDUIT     0.109     0  00:03      2.86    6.78    1.00
  50                   CONDUIT     0.472     0  00:01      1.49    0.09    1.00
  51                   CONDUIT    0.0354     0  00:02      0.44    0.10    1.00
  53                   CONDUIT     0.233     0  00:00      1.40    1.18    1.00
  Fenster_L            CONDUIT      11.8     0  00:08      9.16    0.12    0.24
  58                   CONDUIT      6.68     0  00:08      6.52    0.09    0.24
  59                   CONDUIT      0.25     0  00:07      2.96    0.00    0.04
  61                   CONDUIT     0.602     0  00:00      2.97    0.85    1.00
  63                   CONDUIT     0.153     0  00:02      2.12    0.69    0.51
  66                   CONDUIT      0.18     0  00:06      2.64    2.37    1.00
  67                   CONDUIT      18.3     0  00:00      4.86    0.18    1.00
  Amont_L              CONDUIT        34     0  00:00      4.80    1.84    1.00
  69                   CONDUIT     0.236     0  00:05      2.00    0.92    1.00
  70                   CONDUIT     0.196     0  00:05      1.56    0.61    1.00
  71                   CONDUIT     0.316     0  00:01      1.38    0.56    1.00
  72                   CONDUIT     0.215     0  00:08      1.37    1.02    0.53
  Sauser_L             CONDUIT     0.544     0  00:08      1.05    0.14    0.63
  75                   CONDUIT    0.0817     0  00:04      2.83    0.83    0.62
  Entw_Sto_L           CONDUIT    0.0478     0  00:08      1.88    1.10    1.00
  4                    CONDUIT    0.0241     0  00:05      1.31    1.08    1.00
  5                    CONDUIT    0.0238     0  00:05      0.99    0.85    1.00
  6                    CONDUIT    0.0357     0  00:05      1.39    0.54    0.76
  7                    CONDUIT     0.351     0  00:05      1.79    0.54    1.00
  Brunn_Teich_L        CONDUIT     0.346     0  00:05      1.45    0.26    0.68
  9                    CONDUIT     0.006     0  00:05      1.51    0.00    0.50
  12                   CONDUIT       6.2     0  00:01      3.73    0.13    1.00
  15                   CONDUIT      8.72     0  00:00      4.74    0.23    1.00
  18                   CONDUIT       7.6     0  00:01      4.04    0.31    1.00
  19                   CONDUIT     0.908     0  00:02      1.21    0.86    1.00
  20                   CONDUIT       1.4     0  00:06      3.28    0.11    0.77
  21                   CONDUIT      5.28     0  00:02      0.66    0.04    0.82
  Hooliloch_L          CONDUIT      5.06     0  00:04      1.15    0.10    0.59
  23                   CONDUIT     0.143     0  00:06      3.20    0.89    0.62
  25                   CONDUIT     0.287     0  00:08      1.49    0.23    0.66
  28                   CONDUIT     0.146     0  00:07      2.39    0.00    0.03
  29                   CONDUIT     0.023     0  00:07      0.60    0.00    0.03
  31                   CONDUIT         0     0  00:00      0.00    0.00    0.08
  33                   CONDUIT      0.69     0  00:02      0.78    0.26    1.00
  37                   CONDUIT     0.225     0  00:07      0.50    0.01    0.12
  SS3_L                CONDUIT     0.143     0  00:08      3.04    0.00    0.04
  40                   CONDUIT       1.6     0  00:08      1.42    0.01    0.15
  SS6_L                CONDUIT    0.0831     0  00:02      3.31    0.00    0.04
  1                    CONDUIT         0     0  00:00      0.00    0.00    0.02
  2                    CONDUIT         0     0  00:00      0.00    0.00    0.00
  3                    CONDUIT    0.0817     0  00:04      3.89    0.01    0.07
  10                   CONDUIT       0.2     0  00:07      0.48    0.00    0.11
  13                   CONDUIT     0.348     0  00:00      3.98    0.75    1.00
  22                   CONDUIT     0.297     0  00:03      3.09    0.74    1.00
  24                   CONDUIT      1.64     0  00:08      2.47    0.00    0.95
  30                   CONDUIT      1.62     0  00:08      2.38    0.68    0.95
  34                   CONDUIT     0.398     0  00:03      1.96    0.44    0.80
  36                   CONDUIT     0.398     0  00:04      5.78    0.42    0.33
  38                   CONDUIT     0.242     0  00:03      2.46    0.09    0.90
  48                   CONDUIT     0.974     0  00:04      2.53    0.65    0.79
  54                   CONDUIT         0     0  00:00      0.00    0.00    0.48
  68                   CONDUIT      0.17     0  00:04      7.84    0.00    0.09
  73                   CONDUIT   0.00211     0  00:08      0.01    0.00    0.13
  TWT1                 CONDUIT     0.107     0  00:08      2.18    0.00    0.01
  TWT2                 CONDUIT     0.153     0  00:08      1.92    0.00    0.01
  TWT3                 CONDUIT     0.167     0  00:08      0.57    0.00    0.02
  TWT4                 CONDUIT      1.53     0  00:08      0.87    0.00    0.09
  1_2_b_               CONDUIT         0     0  00:00      0.00    0.00    0.05
  1_2_b_1              CONDUIT      2.12     0  00:03     13.05    8.16    1.00
  1_2_b_2              CONDUIT    0.0397     0  00:04      0.37    0.01    0.54
  TWT5                 CONDUIT      5.81     0  00:08      1.59    0.01    0.15
  1_4_a                CONDUIT      7.33     0  00:08      4.56    0.11    0.31
  1_4_a_1              CONDUIT      7.51     0  00:03     47.96   10.07    1.00
  TWT6                 CONDUIT      4.21     0  00:04      1.32    0.01    0.15
  1_4_b                CONDUIT  0.000409     0  00:08      0.00    0.00    0.24
  TWT7                 CONDUIT         0     0  00:00      0.00    0.00    0.06
  1_5_a                CONDUIT         0     0  00:00      0.00    0.00    0.13
  1_7_a                CONDUIT      6.51     0  00:07      3.24    1.48    0.18
  1_7_a_               CONDUIT     0.188     0  00:04      3.79    0.01    0.33
  1_7_a__              CONDUIT      1.45     0  00:08      8.78    0.21    0.79
  1_7_a_4              CONDUIT    0.0695     0  00:02      1.65    0.02    0.34
  1_8_a                CONDUIT     0.565     0  00:05      5.17    0.00    0.15
  CV_1C_to_54          CONDUIT     0.108     0  00:08      1.03    0.58    0.52
  
  
  ***************************
  Flow Classification Summary
  ***************************
  
  -------------------------------------------------------------------------------------
                      Adjusted    ---------- Fraction of Time in Flow Class ---------- 
                       /Actual         Up    Down  Sub   Sup   Up    Down  Norm  Inlet 
  Conduit               Length    Dry  Dry   Dry   Crit  Crit  Crit  Crit  Ltd   Ctrl  
  -------------------------------------------------------------------------------------
  Brunn_Fassung_L         1.00   0.00  0.00  0.00  0.00  1.00  0.00  0.00  0.00  0.00
  11                      1.00   0.00  0.00  0.00  1.00  0.00  0.00  0.00  0.00  0.00
  14                      1.00   0.00  0.00  0.00  1.00  0.00  0.00  0.00  0.00  0.00
  16                      1.00   0.00  0.00  0.00  1.00  0.00  0.00  0.00  0.00  0.00
  17                      1.00   0.00  0.00  0.00  1.00  0.00  0.00  0.00  0.00  0.00
  26                      1.00   0.00  0.00  0.00  1.00  0.00  0.00  0.00  0.00  0.00
  27                      1.00   0.00  0.00  0.00  1.00  0.00  0.00  0.00  0.00  0.00
  Gischeren_L             1.00   1.00  0.00  0.00  0.00  0.00  0.00  0.00  0.00  0.00
  Schuettstein_L          1.00   0.00  0.00  0.00  0.00  1.00  0.00  0.00  0.00  0.00
  Brunnmuehle_L           1.00   0.00  0.00  0.00  1.00  0.00  0.00  0.00  0.00  0.00
  32                      1.00   1.00  0.00  0.00  0.00  0.00  0.00  0.00  0.00  0.00
  35                      1.00   0.00  1.00  0.00  0.00  0.00  0.00  0.00  0.00  0.00
  45                      1.00   0.00  0.00  0.00  0.00  1.00  0.00  0.00  1.00  0.00
  46                      1.00   0.00  0.00  0.00  1.00  0.00  0.00  0.00  0.00  0.00
  47                      1.00   0.00  0.00  0.00  1.00  0.00  0.00  0.00  0.00  0.00
  50                      1.00   0.00  0.00  0.00  1.00  0.00  0.00  0.00  0.00  0.00
  51                      1.00   0.00  0.00  0.00  1.00  0.00  0.00  0.00  0.00  0.00
  53                      1.00   0.00  0.00  0.00  1.00  0.00  0.00  0.00  0.00  0.00
  Fenster_L               1.00   0.00  0.00  0.00  0.00  1.00  0.00  0.00  0.00  0.00
  58                      1.00   0.00  0.00  0.00  0.00  1.00  0.00  0.00  0.00  0.00
  59                      1.00   0.00  0.00  0.00  0.00  1.00  0.00  0.00  0.00  0.00
  61                      1.00   0.00  0.00  0.00  1.00  0.00  0.00  0.00  0.00  0.00
  63                      1.00   0.00  0.00  0.00  1.00  0.00  0.00  0.00  0.00  0.00
  66                      1.00   0.00  0.00  0.00  1.00  0.00  0.00  0.00  0.00  0.00
  67                      1.00   0.00  0.00  0.00  1.00  0.00  0.00  0.00  0.00  0.00
  Amont_L                 1.00   0.00  0.00  0.00  1.00  0.00  0.00  0.00  0.00  0.00
  69                      1.00   0.00  0.00  0.00  1.00  0.00  0.00  0.00  0.00  0.00
  70                      1.00   0.00  0.00  0.00  1.00  0.00  0.00  0.00  0.00  0.00
  71                      1.00   0.00  0.00  0.00  1.00  0.00  0.00  0.00  0.00  0.00
  72                      1.00   0.00  0.00  0.00  1.00  0.00  0.00  0.00  0.00  0.00
  Sauser_L                1.00   0.00  0.00  0.00  1.00  0.00  0.00  0.00  0.00  0.00
  75                      1.00   0.00  0.00  0.00  0.00  1.00  0.00  0.00  0.00  0.00
  Entw_Sto_L              1.00   0.00  0.00  0.00  1.00  0.00  0.00  0.00  0.00  0.00
  4                       1.00   0.00  0.00  0.00  1.00  0.00  0.00  0.00  0.00  0.00
  5                       1.00   0.00  0.00  0.00  1.00  0.00  0.00  0.00  0.00  0.00
  6                       1.00   0.00  0.00  0.00  0.00  1.00  0.00  0.00  0.00  0.00
  7                       1.00   0.00  0.00  0.00  1.00  0.00  0.00  0.00  0.00  0.00
  Brunn_Teich_L           1.00   0.00  0.00  0.00  1.00  0.00  0.00  0.00  0.00  0.00
  9                       1.00   0.00  0.00  0.00  0.00  1.00  0.00  0.00  0.00  0.00
  12                      1.00   0.00  0.00  0.00  1.00  0.00  0.00  0.00  0.00  0.00
  15                      1.00   0.00  0.00  0.00  1.00  0.00  0.00  0.00  0.00  0.00
  18                      1.00   0.00  0.00  0.00  1.00  0.00  0.00  0.00  0.00  0.00
  19                      1.00   0.00  0.00  0.00  1.00  0.00  0.00  0.00  0.00  0.00
  20                      1.00   0.00  0.00  0.00  1.00  0.00  0.00  0.00  0.00  0.00
  21                      1.00   0.00  0.00  0.00  1.00  0.00  0.00  0.00  0.00  0.00
  Hooliloch_L             1.00   0.00  0.00  0.00  1.00  0.00  0.00  0.00  0.00  0.00
  23                      1.00   0.00  0.00  0.00  0.00  1.00  0.00  0.00  0.00  0.00
  25                      1.00   0.00  0.00  0.00  1.00  0.00  0.00  0.00  0.00  0.00
  28                      1.00   0.00  0.00  0.00  0.00  1.00  0.00  0.00  0.00  0.00
  29                      1.00   0.00  0.00  0.00  1.00  0.00  0.00  0.00  1.00  0.00
  31                      1.00   0.00  1.00  0.00  0.00  0.00  0.00  0.00  0.00  0.00
  33                      1.00   0.00  0.00  0.00  1.00  0.00  0.00  0.00  0.00  0.00
  37                      1.00   0.00  0.00  0.00  1.00  0.00  0.00  0.00  0.00  0.00
  SS3_L                   1.00   0.00  0.00  0.00  0.00  1.00  0.00  0.00  1.00  0.00
  40                      1.00   0.00  0.00  0.00  1.00  0.00  0.00  0.00  0.00  0.00
  SS6_L                   1.00   0.00  0.00  0.00  0.00  1.00  0.00  0.00  1.00  0.00
  1                       1.00   0.00  1.00  0.00  0.00  0.00  0.00  0.00  0.00  0.00
  2                       1.00   1.00  0.00  0.00  0.00  0.00  0.00  0.00  0.00  0.00
  3                       1.00   0.00  0.00  0.00  0.00  1.00  0.00  0.00  1.00  0.00
  10                      1.00   0.00  0.00  0.00  1.00  0.00  0.00  0.00  1.00  0.00
  13                      1.00   0.00  0.00  0.00  1.00  0.00  0.00  0.00  0.00  0.00
  22                      1.00   0.00  0.00  0.00  1.00  0.00  0.00  0.00  0.00  0.00
  24                      1.00   0.00  0.00  0.00  1.00  0.00  0.00  0.00  0.00  0.00
  30                      1.00   0.00  0.00  0.00  1.00  0.00  0.00  0.00  0.00  0.00
  34                      1.00   0.00  0.00  0.00  1.00  0.00  0.00  0.00  0.00  0.00
  36                      1.00   0.00  0.00  0.00  0.00  1.00  0.00  0.00  0.00  0.00
  38                      1.00   0.00  0.00  0.00  1.00  0.00  0.00  0.00  0.00  0.00
  48                      1.00   0.00  0.00  0.00  1.00  0.00  0.00  0.00  1.00  0.00
  54                      1.00   0.00  1.00  0.00  0.00  0.00  0.00  0.00  0.00  0.00
  68                      1.00   0.00  0.00  0.00  1.00  0.00  0.00  0.00  1.00  0.00
  73                      1.00   0.00  0.01  0.00  0.99  0.00  0.00  0.00  0.00  0.00
  TWT1                    1.00   0.00  0.00  0.00  0.00  1.00  0.00  0.00  0.00  0.00
  TWT2                    1.00   0.00  0.00  0.00  0.00  1.00  0.00  0.00  0.00  0.00
  TWT3                    1.00   0.00  0.00  0.00  1.00  0.00  0.00  0.00  0.00  0.00
  TWT4                    1.00   0.00  0.00  0.00  1.00  0.00  0.00  0.00  1.00  0.00
  1_2_b_                  1.00   0.00  1.00  0.00  0.00  0.00  0.00  0.00  0.00  0.00
  1_2_b_1                 1.00   0.00  0.00  0.00  1.00  0.00  0.00  0.00  0.00  0.00
  1_2_b_2                 1.00   0.00  0.00  0.00  1.00  0.00  0.00  0.00  1.00  0.00
  TWT5                    1.00   0.00  0.00  0.00  1.00  0.00  0.00  0.00  0.00  0.00
  1_4_a                   1.00   0.00  0.00  0.00  0.00  1.00  0.00  0.00  0.00  0.00
  1_4_a_1                 1.00   0.00  0.00  0.00  1.00  0.00  0.00  0.00  0.00  0.00
  TWT6                    1.00   0.00  0.00  0.00  1.00  0.00  0.00  0.00  0.00  0.00
  1_4_b                   1.00   0.00  0.01  0.00  0.99  0.00  0.00  0.00  0.99  0.00
  TWT7                    1.00   0.00  1.00  0.00  0.00  0.00  0.00  0.00  0.00  0.00
  1_5_a                   1.00   0.00  1.00  0.00  0.00  0.00  0.00  0.00  0.00  0.00
  1_7_a                   1.00   0.00  0.00  0.00  1.00  0.00  0.00  0.00  0.00  0.00
  1_7_a_                  1.00   0.00  0.00  0.00  0.00  1.00  0.00  0.00  1.00  0.00
  1_7_a__                 1.00   0.00  0.00  0.00  0.00  1.00  0.00  0.00  0.00  0.00
  1_7_a_4                 1.00   0.00  0.00  0.00  0.00  1.00  0.00  0.00  1.00  0.00
  1_8_a                   1.00   0.00  0.00  0.00  1.00  0.00  0.00  0.00  0.00  0.00
  CV_1C_to_54             1.00   0.00  0.00  0.00  1.00  0.00  0.00  0.00  0.00  0.00
  
  
  *************************
  Conduit Surcharge Summary
  *************************
  
  ----------------------------------------------------------------------------
                                                           Hours        Hours 
                         --------- Hours Full --------   Above Full   Capacity
  Conduit                Both Ends  Upstream  Dnstream   Normal Flow   Limited
  ----------------------------------------------------------------------------
  Brunn_Fassung_L             0.01      0.01     24.00      0.01         0.01
  11                         23.99     23.99     23.99      0.01         0.01
  14                         23.99     23.99     23.99     23.99         0.01
  16                         24.00     24.00     24.00     23.99        23.99
  17                         24.00     24.00     24.00      0.01         0.01
  26                         23.99     24.00     23.99      0.01         0.01
  27                         23.95     23.95     23.97      0.01         0.01
  Schuettstein_L              0.01      0.01     23.98      0.01         0.01
  Brunnmuehle_L              24.00     24.00     24.00      0.01         0.01
  46                         24.00     24.00     24.00      0.01         0.01
  47                         24.00     24.00     24.00     24.00        24.00
  50                         23.98     23.98     23.98      0.01         0.01
  51                         23.96     23.96     24.00      0.01         0.01
  53                         24.00     24.00     24.00     23.99         0.01
  61                         23.99     23.99     23.99      0.01         0.01
  63                          0.01     23.97      0.01      0.01         0.01
  66                         23.89     23.96     23.89     23.95        23.89
  67                         23.99     23.99     24.00      0.01         0.01
  Amont_L                    24.00     24.00     24.00      0.01         0.01
  69                         23.91     23.91     24.00      0.01         0.01
  70                         23.91     23.91     24.00      0.01         0.01
  71                         23.98     23.98     23.99      0.01         0.01
  72                          0.01     23.97      0.01     23.96         0.01
  Sauser_L                    0.01      0.01     24.00      0.01         0.01
  75                          0.01     23.92      0.01      0.01         0.01
  Entw_Sto_L                 23.89     23.91     23.89     23.91        23.89
  4                          23.91     23.95     23.91      0.01         0.01
  5                          23.91     23.91     24.00      0.01         0.01
  6                           0.01      0.01     24.00      0.01         0.01
  7                          23.99     23.99     24.00      0.01         0.01
  Brunn_Teich_L               0.01      0.01     23.99      0.01         0.01
  9                           0.01      0.01     23.99      0.01         0.01
  12                         23.98     23.98     23.98      0.01         0.01
  15                         23.99     23.99     23.99      0.01         0.01
  18                         23.98     23.98     23.98      0.01         0.01
  19                         23.97     23.97     23.98      0.01         0.01
  21                          0.01      0.01     23.96      0.01         0.01
  23                          0.01     23.89      0.01      0.01         0.01
  25                          0.01      0.01     23.99      0.01         0.01
  33                         23.95     23.95     23.96      0.01         0.01
  13                         23.99     23.99     24.00      0.01         0.01
  22                         23.99     23.99     24.00      0.01         0.01
  24                          0.01      0.01     23.99      0.01         0.01
  30                          0.01      0.01     23.99      0.01         0.01
  34                          0.01      0.01     23.99      0.01         0.01
  38                          0.01      0.01     23.91      0.01         0.01
  48                          0.01      0.01     23.89      0.01         0.01
  1_2_b_1                    23.97     24.00     23.97     24.00        23.97
  1_2_b_2                     0.01      0.01     23.97      0.01         0.01
  1_4_a_1                    23.99     24.00     23.99     24.00        23.99
  1_7_a                       0.01      0.01      0.01     23.90         0.01
  1_7_a__                     0.01      0.01     24.00      0.01         0.01
  

  Analysis begun on:  Wed Sep 30 17:16:02 2026
  Analysis ended on:  Wed Sep 30 17:16:06 2026
  Total elapsed time: 00:00:04