
  EPA STORM WATER MANAGEMENT MODEL - VERSION 5.2 (Build 5.2.4)
  ------------------------------------------------------------

  Brunnmuehle (Twann) 
  WARNING 08: elevation drop exceeds length for Conduit SS3_L
  WARNING 08: elevation drop exceeds length for Conduit SS6_L
  WARNING 08: elevation drop exceeds length for Conduit 2
  WARNING 08: elevation drop exceeds length for Conduit 3
  WARNING 08: elevation drop exceeds length for Conduit 68
  WARNING 08: elevation drop exceeds length for Conduit 1_2_b_
  WARNING 08: elevation drop exceeds length for Conduit 1_2_b_2
  WARNING 08: elevation drop exceeds length for Conduit 1_2_b_3
  WARNING 02: maximum depth increased for Node 2
  
  ****************
  Analysis Options
  ****************
  Flow Units ............... CMS
  Process Models:
    Rainfall/Runoff ........ NO
    RDII ................... NO
    Snowmelt ............... NO
    Groundwater ............ NO
    Flow Routing ........... YES
    Ponding Allowed ........ NO
    Water Quality .......... NO
  Flow Routing Method ...... DYNWAVE
  Surcharge Method ......... EXTRAN
  Starting Date ............ 01/01/2000 00:00:00
  Ending Date .............. 01/02/2000 00:00:00
  Antecedent Dry Days ...... 0.0
  Report Time Step ......... 01:00:00
  Routing Time Step ........ 0.50 sec
  Variable Time Step ....... YES
  Maximum Trials ........... 8
  Number of Threads ........ 1
  Head Tolerance ........... 0.001500 m
  
  
  **************************        Volume        Volume
  Flow Routing Continuity        hectare-m      10^6 ltr
  **************************     ---------     ---------
  Dry Weather Inflow .......         0.000         0.000
  Wet Weather Inflow .......         0.000         0.000
  Groundwater Inflow .......         0.000         0.000
  RDII Inflow ..............         0.000         0.000
  External Inflow ..........       195.026      1950.277
  External Outflow .........       188.718      1887.200
  Flooding Loss ............         0.000         0.000
  Evaporation Loss .........         0.000         0.000
  Exfiltration Loss ........         0.000         0.000
  Initial Stored Volume ....         0.056         0.562
  Final Stored Volume ......         0.363         3.635
  Continuity Error (%) .....         3.076
  
  
  *************************
  Highest Continuity Errors
  *************************
  Node SonSto_SS4 (-54.66%)
  Node 2 (43.10%)
  Node TWT_Chrosweg_61+140 (40.87%)
  Node SonSto_SS5 (29.85%)
  Node TWT_PointHaut_60+650 (14.41%)
  
  
  ***************************
  Time-Step Critical Elements
  ***************************
  Link 20 (16352.94%)
  
  
  ********************************
  Highest Flow Instability Indexes
  ********************************
  All links are stable.
  
  
  *********************************
  Most Frequent Nonconverging Nodes
  *********************************
  Node Brunnm_Fassung (57.10%)
  Node Brunnmuehle(Teich) (57.10%)
  Node Fensterstollen (57.10%)
  Node Gischeren (57.10%)
  Node Schuettstein (57.10%)
  
  
  *************************
  Routing Time Step Summary
  *************************
  Minimum Time Step           :     0.50 sec
  Average Time Step           :     0.50 sec
  Maximum Time Step           :     0.50 sec
  % of Time in Steady State   :    99.39
  Average Iterations per Step :     6.85
  % of Steps Not Converging   :    57.10
  Time Step Frequencies       :
      0.500 -  0.500 sec      :   100.00 %
      0.500 -  0.500 sec      :     0.00 %
      0.500 -  0.500 sec      :     0.00 %
      0.500 -  0.500 sec      :     0.00 %
      0.500 -  0.500 sec      :     0.00 %
  
  
  ******************
  Node Depth Summary
  ******************
  
  ---------------------------------------------------------------------------------
                                 Average  Maximum  Maximum  Time of Max    Reported
                                   Depth    Depth      HGL   Occurrence   Max Depth
  Node                 Type       Meters   Meters   Meters  days hr:min      Meters
  ---------------------------------------------------------------------------------
  9                    JUNCTION    56.53    68.63   507.13     0  00:00       56.56
  Holiloch_sonde       JUNCTION    47.70    64.72   504.72     0  00:00       47.73
  11                   JUNCTION    64.45    67.49   477.49     0  00:02       64.47
  13                   JUNCTION    92.41    94.11   532.11     0  00:02       92.44
  21                   JUNCTION    44.91    46.94   446.94     0  00:02       44.92
  SonSto_F             JUNCTION     0.21     0.23   438.03     0  00:08        0.21
  Sondierstollen       JUNCTION     0.93     0.94   441.74     0  00:08        0.94
  Aval_Trappe          JUNCTION     0.36     0.36   437.96     0  00:08        0.36
  30                   JUNCTION     0.30     0.30   437.60     0  00:08        0.30
  Gischeren_node       JUNCTION     4.03     4.05   480.55     0  00:06        4.04
  34                   JUNCTION    22.34    23.84   443.84     0  00:02       22.35
  38                   JUNCTION    30.37    32.89   452.89     0  00:02       30.38
  SS6                  JUNCTION     0.07     0.07   448.07     0  00:02        0.07
  40                   JUNCTION    37.41    42.63   461.63     0  00:01       37.43
  41                   JUNCTION    92.05    93.72   531.22     0  00:02       92.08
  SondeSchuettstein    JUNCTION    27.36    28.54   487.54     0  00:00       27.38
  SS4                  JUNCTION     0.09     0.09   448.09     0  00:06        0.09
  47                   JUNCTION    15.93    21.73   486.63     0  00:00       15.94
  48                   JUNCTION    14.32    15.37   486.37     0  00:00       14.33
  SondeGischeren       JUNCTION    15.55    15.59   480.59     0  00:07       15.58
  49                   JUNCTION    17.29    19.19   485.19     0  00:02       17.31
  50                   JUNCTION     8.88     8.91   471.91     0  00:06        8.90
  51                   JUNCTION   111.14   112.84   532.84     0  00:02      111.18
  Amont_C              JUNCTION   115.85   117.55   535.55     0  00:02      115.89
  52                   JUNCTION    31.00    51.43   508.43     0  00:02       31.05
  53                   JUNCTION    57.23    58.91   525.91     0  00:06       57.35
  54                   JUNCTION    56.91    59.06   522.06     0  00:06       57.14
  56                   JUNCTION     6.96     8.09   438.09     0  00:01        6.97
  2                    JUNCTION     0.14     0.14   438.14     0  00:08        0.14
  4                    JUNCTION     9.34    10.47   438.47     0  00:00        9.34
  5                    JUNCTION     6.80     6.84   479.34     0  00:02        6.80
  6                    JUNCTION    25.51    31.64   489.64     0  00:00       25.52
  7                    JUNCTION     4.28     4.30   479.30     0  00:02        4.29
  SS3                  JUNCTION     0.08     0.08   448.08     0  00:06        0.08
  SS5                  JUNCTION     0.96     0.96   439.86     0  00:08        0.96
  8                    JUNCTION     6.85     6.88   480.88     0  00:07        6.87
  10                   JUNCTION    15.28    17.23   485.23     0  00:02       15.30
  SonSto_SS5           JUNCTION     0.28     0.29   439.59     0  00:08        0.28
  SonSto_SS3           JUNCTION     0.21     0.24   439.94     0  00:08        0.22
  SonSto_SS4           JUNCTION     0.19     0.31   439.71     0  00:08        0.19
  Amont_Trappe         JUNCTION     0.29     0.29   437.99     0  00:08        0.29
  SonSto_SS6           JUNCTION     0.20     0.23   438.93     0  00:08        0.20
  SS2                  JUNCTION     0.00     0.00   448.00     0  00:00        0.00
  SonSto_SS2           JUNCTION     0.13     0.13   441.63     0  00:08        0.13
  12                   JUNCTION    47.26    48.48   497.48     0  00:01       47.29
  14                   JUNCTION    39.23    51.48   516.48     0  00:01       39.26
  15                   JUNCTION     1.16     1.92   473.92     0  00:02        1.16
  TWT_PointHaut_60+650 JUNCTION     0.22     0.22   438.72     0  00:08        0.22
  TWT_Fensterstollen_60+375 JUNCTION     1.32     1.32   442.62     0  00:07        1.32
  TWT_Acces_LT_60+110  JUNCTION     0.00     0.00   441.50     0  00:00        0.00
  TWT_Liaison_LT_59+738 JUNCTION     0.00     0.00   450.60     0  00:00        0.00
  Syst_Est_amont       JUNCTION     1.00    98.60   528.60     0  00:08        1.00
  Syst_Est_interm      JUNCTION    19.66    40.17   450.17     0  00:08       19.76
  TWT_Branche_Est_Sonsto_60+540 JUNCTION     0.13     0.13   442.53     0  00:08        0.13
  TWT_Intersection_Sonsto_60+345 JUNCTION     0.00     0.00   440.90     0  00:00        0.00
  TWT_Chrosweg_61+140  JUNCTION     0.15     0.15   432.15     0  00:08        0.15
  SonSto_F_sup         JUNCTION     0.07     0.07   448.07     0  00:02        0.07
  SonSto_porte         JUNCTION     0.00     0.00   438.50     0  00:00        0.00
  Brunnm_Fassung       OUTFALL      0.12     0.12   433.92     0  00:02        0.12
  Brunnmuehle(Teich)   OUTFALL      0.27     0.28   435.78     0  00:02        0.27
  Fensterstollen       OUTFALL      0.28     0.28   437.28     0  00:08        0.28
  Gischeren            OUTFALL      0.27     0.27   480.27     0  00:06        0.27
  Schuettstein         OUTFALL      0.35     0.35   477.90     0  00:02        0.35
  Holiloch             OUTFALL      2.14     2.15   478.65     0  00:02        2.14
  Sauserquelle         OUTFALL      0.39     0.40   435.95     0  00:01        0.39
  Entw_Stollen         OUTFALL      0.14     0.14   436.64     0  00:08        0.14
  Sous_lacustre        OUTFALL      0.12     0.12   429.32     0  00:02        0.12
  Sous_ecoul.          OUTFALL      0.00     0.00   433.00     0  00:02        0.00
  Syst_Est_aval        OUTFALL      0.47     0.51   429.51     0  00:07        0.47
  TWT_Portail_Est_61+665 OUTFALL      0.15     0.15   421.75     0  00:08        0.15
  
  
  *******************
  Node Inflow Summary
  *******************
  
  -------------------------------------------------------------------------------------------------
                                  Maximum  Maximum                  Lateral       Total        Flow
                                  Lateral    Total  Time of Max      Inflow      Inflow     Balance
                                   Inflow   Inflow   Occurrence      Volume      Volume       Error
  Node                 Type           CMS      CMS  days hr:min    10^6 ltr    10^6 ltr     Percent
  -------------------------------------------------------------------------------------------------
  9                    JUNCTION         0     20.6     0  00:00           0    1.34e+03       0.007
  Holiloch_sonde       JUNCTION         0     18.1     0  00:00           0    1.28e+03       0.002
  11                   JUNCTION         0    0.342     0  00:01           0        29.2       0.001
  13                   JUNCTION         0     21.9     0  00:00           0    1.57e+03       0.018
  21                   JUNCTION         0    0.588     0  00:02           0        49.9       0.001
  SonSto_F             JUNCTION         0     1.97     0  00:08           0         154      -7.925
  Sondierstollen       JUNCTION         0    0.557     0  00:08           0        47.9       0.000
  Aval_Trappe          JUNCTION         0     1.88     0  00:08           0         162       3.804
  30                   JUNCTION         0     1.89     0  00:08           0         162       4.913
  Gischeren_node       JUNCTION         0    0.876     0  00:04           0        72.2       0.096
  34                   JUNCTION         0    0.545     0  00:02           0        46.1       0.004
  38                   JUNCTION         0    0.324     0  00:01           0        26.3      -0.009
  SS6                  JUNCTION         0    0.178     0  00:02           0        14.6       0.000
  40                   JUNCTION         0     2.75     0  00:01           0         235       0.004
  41                   JUNCTION         0     2.69     0  00:00           0        84.1       0.039
  SondeSchuettstein    JUNCTION         0     1.11     0  00:00           0        84.1       0.017
  SS4                  JUNCTION         0    0.177     0  00:06           0        15.2       0.002
  47                   JUNCTION         0     15.1     0  00:00           0    1.26e+03       0.015
  48                   JUNCTION         0     1.02     0  00:00           0          84       0.005
  SondeGischeren       JUNCTION         0    0.598     0  00:01           0        40.8       0.099
  49                   JUNCTION         0     1.26     0  00:01           0        14.7       0.790
  50                   JUNCTION         0    0.183     0  00:02           0        13.6       0.009
  51                   JUNCTION         0     38.2     0  00:00           0    1.86e+03       0.000
  Amont_C              JUNCTION      21.5     46.6     0  00:00    1.86e+03    1.86e+03       0.014
  52                   JUNCTION         0    0.386     0  00:02           0        23.6       0.092
  53                   JUNCTION         0     0.65     0  00:00           0        18.7       0.060
  54                   JUNCTION         0    0.525     0  00:06           0        18.7       0.593
  56                   JUNCTION         0     1.35     0  00:01           0         111       0.001
  2                    JUNCTION         0   0.0726     0  00:08           0        6.26      75.756
  4                    JUNCTION         0    0.504     0  00:02           0        42.4       0.014
  5                    JUNCTION         0     14.9     0  00:02           0    1.26e+03      -0.025
  6                    JUNCTION         0     16.6     0  00:00           0    1.28e+03       0.019
  7                    JUNCTION         0     15.2     0  00:01           0    1.26e+03       0.044
  SS3                  JUNCTION         0    0.158     0  00:08           0        13.6       0.008
  SS5                  JUNCTION         0     1.61     0  00:08           0         132       9.678
  8                    JUNCTION         0     1.03     0  00:03           0        85.9       0.087
  10                   JUNCTION         0     1.05     0  00:01           0        14.6      -0.288
  SonSto_SS5           JUNCTION         0     1.58     0  00:08           0         135      42.551
  SonSto_SS3           JUNCTION         0    0.708     0  00:08           0        60.9      -5.063
  SonSto_SS4           JUNCTION         0     0.94     0  00:08           0        79.4     -35.342
  Amont_Trappe         JUNCTION         0     1.88     0  00:08           0         161      -0.451
  SonSto_SS6           JUNCTION         0     1.41     0  00:08           0         110       4.577
  SS2                  JUNCTION         0        0     0  00:00           0           0       0.000 ltr
  SonSto_SS2           JUNCTION         0    0.561     0  00:08           0        48.2       1.829
  12                   JUNCTION         0    0.532     0  00:00           0        32.7       0.011
  14                   JUNCTION         0     3.17     0  00:01           0         190       0.025
  15                   JUNCTION         0    0.746     0  00:02           0        59.1       0.026
  TWT_PointHaut_60+650 JUNCTION         0     1.25     0  00:08           0         107      16.834
  TWT_Fensterstollen_60+375 JUNCTION         0     1.34     0  00:01           0         109      -1.166
  TWT_Acces_LT_60+110  JUNCTION         0        0     0  00:00           0           0       0.000 ltr
  TWT_Liaison_LT_59+738 JUNCTION         0        0     0  00:00           0           0       0.000 ltr
  Syst_Est_amont       JUNCTION      1.08     1.08     0  00:00        92.9        92.9      -2.256
  Syst_Est_interm      JUNCTION         0     1.32     0  00:08           0          95      -1.497
  TWT_Branche_Est_Sonsto_60+540 JUNCTION         0     1.29     0  00:08           0         110      -0.077
  TWT_Intersection_Sonsto_60+345 JUNCTION         0        0     0  00:00           0           0       0.000 ltr
  TWT_Chrosweg_61+140  JUNCTION         0     1.07     0  00:08           0          92      69.128
  SonSto_F_sup         JUNCTION         0    0.714     0  00:02           0        59.1       0.003
  SonSto_porte         JUNCTION         0        0     0  00:00           0           0       0.000 ltr
  Brunnm_Fassung       OUTFALL          0   0.0452     0  00:02           0        3.69       0.000
  Brunnmuehle(Teich)   OUTFALL          0      0.5     0  00:02           0        41.9       0.000
  Fensterstollen       OUTFALL          0      1.8     0  00:08           0         155       0.000
  Gischeren            OUTFALL          0    0.841     0  00:06           0        72.1       0.000
  Schuettstein         OUTFALL          0    0.989     0  00:02           0          84       0.000
  Holiloch             OUTFALL          0     14.8     0  00:02           0    1.26e+03       0.000
  Sauserquelle         OUTFALL          0     1.35     0  00:01           0         111       0.000
  Entw_Stollen         OUTFALL          0   0.0413     0  00:08           0        3.56       0.000
  Sous_lacustre        OUTFALL          0   0.0455     0  00:02           0        3.78       0.000
  Sous_ecoul.          OUTFALL          0  0.00683     0  00:02           0       0.549       0.000
  Syst_Est_aval        OUTFALL          0     1.32     0  00:07           0        96.5       0.000
  TWT_Portail_Est_61+665 OUTFALL          0    0.632     0  00:08           0        54.4       0.000
  
  
  **********************
  Node Surcharge Summary
  **********************
  
  Surcharging occurs when water rises above the top of the highest conduit.
  ---------------------------------------------------------------------
                                               Max. Height   Min. Depth
                                   Hours       Above Crown    Below Rim
  Node                 Type      Surcharged         Meters       Meters
  ---------------------------------------------------------------------
  9                    JUNCTION       23.99         66.827       31.373
  Holiloch_sonde       JUNCTION       23.99         62.824      135.276
  11                   JUNCTION       24.00         67.033       82.507
  13                   JUNCTION       23.99         91.114      305.886
  21                   JUNCTION       24.00         46.338      103.062
  34                   JUNCTION       24.00         23.241       76.159
  38                   JUNCTION       24.00         32.293      117.107
  40                   JUNCTION       24.00         38.626       57.374
  41                   JUNCTION       23.99         92.867      156.283
  SondeSchuettstein    JUNCTION       23.99         27.740        0.000
  47                   JUNCTION       23.99         19.831       78.269
  48                   JUNCTION       23.99         14.567       84.633
  SondeGischeren       JUNCTION       23.96         14.392       84.408
  49                   JUNCTION       23.97         11.186      180.814
  50                   JUNCTION       23.96          8.614      191.086
  51                   JUNCTION       24.00        108.836      287.164
  Amont_C              JUNCTION       24.00        114.551      282.449
  52                   JUNCTION       23.96         51.026       48.574
  53                   JUNCTION       23.98         53.906      141.094
  54                   JUNCTION       23.90         54.065      140.935
  56                   JUNCTION       24.00          7.087       91.913
  4                    JUNCTION       23.99          9.821       89.529
  5                    JUNCTION       23.98          1.839       43.161
  6                    JUNCTION       23.99         26.643      168.357
  8                    JUNCTION       23.92          1.880      193.120
  10                   JUNCTION       23.97          9.233      182.767
  12                   JUNCTION       23.99         48.127      151.523
  14                   JUNCTION       23.98         47.478      148.522
  15                   JUNCTION       23.96          1.366       98.084
  TWT_Acces_LT_60+110  JUNCTION       24.00          0.000        0.000
  TWT_Liaison_LT_59+738 JUNCTION       24.00          0.000        0.000
  Syst_Est_amont       JUNCTION        0.01         97.603        1.397
  Syst_Est_interm      JUNCTION       23.87         38.667       59.833
  TWT_Intersection_Sonsto_60+345 JUNCTION       24.00          0.000        0.000
  
  
  *********************
  Node Flooding Summary
  *********************
  
  No nodes were flooded.
  
  
  ***********************
  Outfall Loading Summary
  ***********************
  
  -----------------------------------------------------------
                         Flow       Avg       Max       Total
                         Freq      Flow      Flow      Volume
  Outfall Node           Pcnt       CMS       CMS    10^6 ltr
  -----------------------------------------------------------
  Brunnm_Fassung        99.95    0.0427    0.0452       3.688
  Brunnmuehle(Teich)    99.95     0.485       0.5      41.853
  Fensterstollen        99.94      1.79       1.8     154.833
  Gischeren             99.64     0.838     0.841      72.101
  Schuettstein          99.95     0.973     0.989      84.033
  Holiloch              99.92      14.6      14.8    1260.911
  Sauserquelle          99.98      1.29      1.35     111.025
  Entw_Stollen          99.96    0.0412    0.0413       3.560
  Sous_lacustre         99.99    0.0437    0.0455       3.779
  Sous_ecoul.           99.95   0.00636   0.00683       0.549
  Syst_Est_aval         99.47      1.12      1.32      96.457
  TWT_Portail_Est_61+665  99.98      0.63     0.632      54.402
  -----------------------------------------------------------
  System                99.89      21.9      21.9    1887.191
  
  
  ********************
  Link Flow Summary
  ********************
  
  -----------------------------------------------------------------------------
                                 Maximum  Time of Max   Maximum    Max/    Max/
                                  |Flow|   Occurrence   |Veloc|    Full    Full
  Link                 Type          CMS  days hr:min     m/sec    Flow   Depth
  -----------------------------------------------------------------------------
  Brunn_Fassung_L      CONDUIT    0.0452     0  00:02      1.81    0.75    0.82
  11                   CONDUIT      18.1     0  00:00      9.15    2.71    1.00
  14                   CONDUIT      20.6     0  00:00     13.73   11.20    1.00
  16                   CONDUIT     0.342     0  00:01      4.00    2.38    1.00
  17                   CONDUIT     0.324     0  00:01      1.15    0.55    1.00
  26                   CONDUIT      2.69     0  00:00      4.74    3.65    1.00
  27                   CONDUIT    0.0756     0  00:08      1.99    0.97    1.00
  Gischeren_L          CONDUIT     0.841     0  00:06      1.16    0.11    0.61
  Schuettstein_L       CONDUIT     0.989     0  00:02      5.55    0.84    0.85
  Brunnmuehle_L        CONDUIT     0.545     0  00:02      1.93    0.26    1.00
  32                   CONDUIT     0.561     0  00:08      0.65    0.01    0.18
  35                   CONDUIT     0.419     0  00:03      0.50    0.08    1.00
  45                   CONDUIT      1.39     0  00:08      5.94    0.01    0.07
  46                   CONDUIT      1.35     0  00:01      4.79    1.35    1.00
  47                   CONDUIT     0.149     0  00:00      3.93    9.31    1.00
  50                   CONDUIT      1.02     0  00:00      3.84    0.19    1.00
  51                   CONDUIT     0.304     0  00:01      3.16    0.85    1.00
  53                   CONDUIT     0.324     0  00:01      1.95    1.65    1.00
  Fenster_L            CONDUIT       1.8     0  00:08      5.19    0.02    0.10
  58                   CONDUIT      1.81     0  00:08      4.43    0.02    0.11
  59                   CONDUIT      1.24     0  00:08      4.78    0.01    0.08
  61                   CONDUIT      1.11     0  00:00      5.38    1.56    1.00
  63                   CONDUIT     0.178     0  00:02      2.46    0.80    0.52
  66                   CONDUIT     0.183     0  00:02      2.83    2.40    1.00
  67                   CONDUIT      21.4     0  00:00      5.69    0.21    1.00
  Amont_L              CONDUIT      38.2     0  00:00      5.40    2.07    1.00
  69                   CONDUIT     0.386     0  00:02      3.25    1.51    1.00
  70                   CONDUIT     0.275     0  00:02      2.19    0.85    1.00
  71                   CONDUIT      0.65     0  00:00      2.71    1.15    1.00
  72                   CONDUIT     0.525     0  00:06      2.42    2.49    1.00
  Sauser_L             CONDUIT      1.35     0  00:01      2.30    0.34    0.70
  75                   CONDUIT     0.177     0  00:06      5.09    1.80    0.68
  Entw_Sto_L           CONDUIT    0.0413     0  00:08      1.93    0.96    0.79
  4                    CONDUIT    0.0389     0  00:08      1.57    1.74    0.87
  5                    CONDUIT    0.0337     0  00:08      1.43    1.20    0.89
  6                    CONDUIT    0.0455     0  00:02      1.68    0.68    0.80
  7                    CONDUIT     0.504     0  00:02      2.57    0.78    1.00
  Brunn_Teich_L        CONDUIT       0.5     0  00:02      1.97    0.38    0.71
  9                    CONDUIT   0.00683     0  00:02      1.72    0.00    0.51
  12                   CONDUIT      14.9     0  00:02      7.74    0.31    1.00
  15                   CONDUIT      16.6     0  00:00      7.83    0.43    1.00
  18                   CONDUIT      15.1     0  00:00      7.36    0.61    1.00
  19                   CONDUIT      1.26     0  00:01      1.65    1.20    1.00
  20                   CONDUIT      1.88     0  00:08      5.81    0.15    0.33
  21                   CONDUIT      15.2     0  00:01      1.35    0.10    0.93
  Hooliloch_L          CONDUIT      14.8     0  00:02      2.03    0.29    0.77
  23                   CONDUIT     0.158     0  00:08      3.37    0.99    0.63
  25                   CONDUIT      1.03     0  00:03      3.53    0.84    1.00
  28                   CONDUIT     0.763     0  00:08      3.62    0.01    0.09
  29                   CONDUIT     0.553     0  00:08      1.81    0.03    0.09
  31                   CONDUIT     0.593     0  00:04      0.93    0.36    0.90
  33                   CONDUIT      1.05     0  00:01      0.97    0.40    1.00
  37                   CONDUIT      1.39     0  00:08      1.32    0.03    0.21
  SS3_L                CONDUIT     0.158     0  00:06      3.17    0.00    0.08
  40                   CONDUIT      1.88     0  00:08      2.47    0.01    0.06
  SS6_L                CONDUIT     0.178     0  00:02      2.64    0.00    0.08
  1                    CONDUIT     0.551     0  00:08      3.31    0.00    0.06
  2                    CONDUIT         0     0  00:00      0.00    0.00    0.03
  3                    CONDUIT     0.177     0  00:06      4.02    0.02    0.20
  10                   CONDUIT      1.33     0  00:08      1.41    0.01    0.19
  13                   CONDUIT     0.532     0  00:00      6.04    1.15    1.00
  22                   CONDUIT      0.39     0  00:00      4.05    0.97    1.00
  24                   CONDUIT      3.17     0  00:01      4.52    0.00    1.00
  30                   CONDUIT      2.23     0  00:01      3.10    0.93    1.00
  34                   CONDUIT     0.746     0  00:02      3.24    0.83    1.00
  36                   CONDUIT     0.714     0  00:02      5.83    0.76    0.56
  38                   CONDUIT     0.598     0  00:01      3.16    0.22    1.00
  48                   CONDUIT      1.32     0  00:08      2.61    0.89    1.00
  54                   CONDUIT      1.32     0  00:07      1.08    0.25    0.66
  68                   CONDUIT     0.598     0  00:02     10.04    0.00    0.05
  73                   CONDUIT         0     0  00:00      0.00    0.00    0.04
  TWT1                 CONDUIT     0.632     0  00:08      2.97    0.00    0.02
  TWT2                 CONDUIT      1.07     0  00:08      3.52    0.00    0.02
  TWT3                 CONDUIT     0.728     0  00:08      2.83    0.00    0.02
  TWT4                 CONDUIT      1.29     0  00:08      0.56    0.00    0.09
  1_2_b_               CONDUIT     0.557     0  00:08      1.92    0.00    0.18
  1_2_b_2              CONDUIT     0.116     0  00:02      1.48    0.05    0.57
  1_2_b_3              CONDUIT      1.23     0  00:01      7.26    0.84    1.00
  1_3_b_3              CONDUIT      0.52     0  00:08      3.41   11.84    0.72
  
  
  ***************************
  Flow Classification Summary
  ***************************
  
  -------------------------------------------------------------------------------------
                      Adjusted    ---------- Fraction of Time in Flow Class ---------- 
                       /Actual         Up    Down  Sub   Sup   Up    Down  Norm  Inlet 
  Conduit               Length    Dry  Dry   Dry   Crit  Crit  Crit  Crit  Ltd   Ctrl  
  -------------------------------------------------------------------------------------
  Brunn_Fassung_L         1.00   0.00  0.00  0.00  0.00  1.00  0.00  0.00  0.00  0.00
  11                      1.00   0.00  0.00  0.00  1.00  0.00  0.00  0.00  0.00  0.00
  14                      1.00   0.00  0.00  0.00  1.00  0.00  0.00  0.00  0.00  0.00
  16                      1.00   0.00  0.00  0.00  1.00  0.00  0.00  0.00  0.00  0.00
  17                      1.00   0.00  0.00  0.00  1.00  0.00  0.00  0.00  0.00  0.00
  26                      1.00   0.00  0.00  0.00  1.00  0.00  0.00  0.00  0.00  0.00
  27                      1.00   0.00  0.00  0.00  0.99  0.01  0.00  0.00  0.00  0.00
  Gischeren_L             1.00   0.00  0.00  0.00  1.00  0.00  0.00  0.00  0.00  0.00
  Schuettstein_L          1.00   0.00  0.00  0.00  0.00  1.00  0.00  0.00  0.00  0.00
  Brunnmuehle_L           1.00   0.00  0.00  0.00  1.00  0.00  0.00  0.00  0.00  0.00
  32                      1.00   0.00  0.00  0.00  0.99  0.00  0.00  0.00  0.00  0.00
  35                      1.00   0.00  0.00  0.00  1.00  0.00  0.00  0.00  0.00  0.00
  45                      1.00   0.00  0.00  0.00  0.00  1.00  0.00  0.00  0.00  0.00
  46                      1.00   0.00  0.00  0.00  1.00  0.00  0.00  0.00  0.00  0.00
  47                      1.00   0.00  0.00  0.00  1.00  0.00  0.00  0.00  0.00  0.00
  50                      1.00   0.00  0.00  0.00  1.00  0.00  0.00  0.00  0.00  0.00
  51                      1.00   0.00  0.00  0.00  1.00  0.00  0.00  0.00  0.00  0.00
  53                      1.00   0.00  0.00  0.00  1.00  0.00  0.00  0.00  0.00  0.00
  Fenster_L               1.00   0.00  0.00  0.00  0.00  1.00  0.00  0.00  0.00  0.00
  58                      1.00   0.00  0.00  0.00  0.00  1.00  0.00  0.00  0.00  0.00
  59                      1.00   0.00  0.00  0.00  0.00  1.00  0.00  0.00  0.00  0.00
  61                      1.00   0.00  0.00  0.00  1.00  0.00  0.00  0.00  0.00  0.00
  63                      1.00   0.00  0.00  0.00  1.00  0.00  0.00  0.00  0.00  0.00
  66                      1.00   0.00  0.00  0.00  1.00  0.00  0.00  0.00  0.00  0.00
  67                      1.00   0.00  0.00  0.00  1.00  0.00  0.00  0.00  0.00  0.00
  Amont_L                 1.00   0.00  0.00  0.00  1.00  0.00  0.00  0.00  0.00  0.00
  69                      1.00   0.00  0.00  0.00  1.00  0.00  0.00  0.00  0.00  0.00
  70                      1.00   0.00  0.00  0.00  1.00  0.00  0.00  0.00  0.00  0.00
  71                      1.00   0.00  0.00  0.00  1.00  0.00  0.00  0.00  0.00  0.00
  72                      1.00   0.00  0.00  0.00  1.00  0.00  0.00  0.00  0.00  0.00
  Sauser_L                1.00   0.00  0.00  0.00  1.00  0.00  0.00  0.00  0.00  0.00
  75                      1.00   0.00  0.00  0.00  0.00  1.00  0.00  0.00  0.00  0.00
  Entw_Sto_L              1.00   0.00  0.00  0.00  0.00  1.00  0.00  0.00  0.00  0.00
  4                       1.00   0.00  0.00  0.00  0.00  1.00  0.00  0.00  0.00  0.00
  5                       1.00   0.00  0.00  0.00  0.99  0.01  0.00  0.00  0.00  0.00
  6                       1.00   0.00  0.00  0.00  0.00  1.00  0.00  0.00  0.00  0.00
  7                       1.00   0.00  0.00  0.00  1.00  0.00  0.00  0.00  0.00  0.00
  Brunn_Teich_L           1.00   0.00  0.00  0.00  1.00  0.00  0.00  0.00  0.00  0.00
  9                       1.00   0.00  0.00  0.00  0.00  1.00  0.00  0.00  0.00  0.00
  12                      1.00   0.00  0.00  0.00  1.00  0.00  0.00  0.00  0.00  0.00
  15                      1.00   0.00  0.00  0.00  1.00  0.00  0.00  0.00  0.00  0.00
  18                      1.00   0.00  0.00  0.00  1.00  0.00  0.00  0.00  0.00  0.00
  19                      1.00   0.00  0.00  0.00  1.00  0.00  0.00  0.00  0.00  0.00
  20                      1.00   0.00  0.00  0.00  0.00  1.00  0.00  0.00  0.00  0.00
  21                      1.00   0.00  0.00  0.00  1.00  0.00  0.00  0.00  0.00  0.00
  Hooliloch_L             1.00   0.00  0.00  0.00  1.00  0.00  0.00  0.00  0.00  0.00
  23                      1.00   0.00  0.00  0.00  0.00  1.00  0.00  0.00  0.00  0.00
  25                      1.00   0.00  0.00  0.00  1.00  0.00  0.00  0.00  0.00  0.00
  28                      1.00   0.00  0.00  0.00  0.00  1.00  0.00  0.00  1.00  0.00
  29                      1.00   0.00  0.00  0.00  1.00  0.00  0.00  0.00  1.00  0.00
  31                      1.00   0.00  0.00  0.00  1.00  0.00  0.00  0.00  0.00  0.00
  33                      1.00   0.00  0.00  0.00  1.00  0.00  0.00  0.00  0.00  0.00
  37                      1.00   0.00  0.00  0.00  1.00  0.00  0.00  0.00  0.00  0.00
  SS3_L                   1.00   0.00  0.00  0.00  0.00  1.00  0.00  0.00  1.00  0.00
  40                      1.00   0.00  0.00  0.00  0.00  1.00  0.00  0.00  0.00  0.00
  SS6_L                   1.00   0.00  0.00  0.00  0.00  1.00  0.00  0.00  1.00  0.00
  1                       1.00   0.00  0.00  0.00  0.00  0.99  0.00  0.00  0.99  0.00
  2                       1.00   0.01  0.99  0.00  0.00  0.00  0.00  0.00  0.00  0.00
  3                       1.00   0.00  0.00  0.00  0.00  1.00  0.00  0.00  1.00  0.00
  10                      1.00   0.00  0.00  0.00  1.00  0.00  0.00  0.00  0.00  0.00
  13                      1.00   0.00  0.00  0.00  1.00  0.00  0.00  0.00  0.00  0.00
  22                      1.00   0.00  0.00  0.00  1.00  0.00  0.00  0.00  0.00  0.00
  24                      1.00   0.00  0.00  0.00  1.00  0.00  0.00  0.00  0.00  0.00
  30                      1.00   0.00  0.00  0.00  1.00  0.00  0.00  0.00  0.00  0.00
  34                      1.00   0.00  0.00  0.00  1.00  0.00  0.00  0.00  0.00  0.00
  36                      1.00   0.00  0.00  0.00  0.00  1.00  0.00  0.00  0.00  0.00
  38                      1.00   0.00  0.00  0.00  1.00  0.00  0.00  0.00  0.00  0.00
  48                      1.00   0.00  0.00  0.00  1.00  0.00  0.00  0.00  0.00  0.00
  54                      1.00   0.00  0.01  0.00  0.99  0.00  0.00  0.00  0.00  0.00
  68                      1.00   0.00  0.00  0.00  0.00  1.00  0.00  0.00  1.00  0.00
  73                      1.00   0.00  1.00  0.00  0.00  0.00  0.00  0.00  0.00  0.00
  TWT1                    1.00   0.00  0.00  0.00  0.00  1.00  0.00  0.00  0.00  0.00
  TWT2                    1.00   0.00  0.00  0.00  0.00  1.00  0.00  0.00  0.00  0.00
  TWT3                    1.00   0.00  0.00  0.00  0.00  1.00  0.00  0.00  1.00  0.00
  TWT4                    1.00   0.00  0.00  0.00  1.00  0.00  0.00  0.00  0.00  0.00
  1_2_b_                  1.00   0.00  0.00  0.00  1.00  0.00  0.00  0.00  1.00  0.00
  1_2_b_2                 1.00   0.00  0.00  0.00  1.00  0.00  0.00  0.00  1.00  0.00
  1_2_b_3                 1.00   0.00  0.00  0.00  1.00  0.00  0.00  0.00  0.00  0.00
  1_3_b_3                 1.00   0.00  0.00  0.00  0.00  1.00  0.00  0.00  0.00  0.00
  
  
  *************************
  Conduit Surcharge Summary
  *************************
  
  ----------------------------------------------------------------------------
                                                           Hours        Hours 
                         --------- Hours Full --------   Above Full   Capacity
  Conduit                Both Ends  Upstream  Dnstream   Normal Flow   Limited
  ----------------------------------------------------------------------------
  Brunn_Fassung_L             0.01      0.01     24.00      0.01         0.01
  11                         23.99     23.99     23.99     23.99         0.01
  14                         23.99     23.99     23.99     23.99         0.01
  16                         24.00     24.00     24.00     23.99        23.99
  17                         24.00     24.00     24.00      0.01         0.01
  26                         23.99     24.00     23.99     23.99        23.99
  27                          0.01      0.01     23.97      0.01         0.01
  Gischeren_L                 0.01      0.01     23.91      0.01         0.01
  Schuettstein_L              0.01      0.01     23.99      0.01         0.01
  Brunnmuehle_L              24.00     24.00     24.00      0.01         0.01
  35                         23.93     23.93     23.96      0.01         0.01
  46                         24.00     24.00     24.00     23.98         0.01
  47                         24.00     24.00     24.00     24.00        24.00
  50                         23.99     23.99     23.99      0.01         0.01
  51                         23.98     23.98     24.00      0.01         0.01
  53                         24.00     24.00     24.00     23.99         0.01
  61                         23.99     23.99     23.99     23.99         0.01
  63                          0.01     23.98      0.01      0.01         0.01
  66                         23.96     23.98     23.96     23.98        23.96
  67                         23.99     23.99     24.00      0.01         0.01
  Amont_L                    24.00     24.00     24.00     24.00         0.01
  69                         23.96     23.96     24.00     23.98         0.01
  70                         23.96     23.96     24.00      0.01         0.01
  71                         23.99     23.99     23.99      0.01         0.01
  72                         23.90     23.98     23.90     23.98        23.90
  Sauser_L                    0.01      0.01     24.00      0.01         0.01
  75                          0.01     23.98      0.01     23.90         0.01
  4                           0.01     23.98      0.01     23.90         0.01
  5                           0.01      0.01     24.00     23.92         0.01
  6                           0.01      0.01     24.00      0.01         0.01
  7                          23.99     23.99     24.00      0.01         0.01
  Brunn_Teich_L               0.01      0.01     23.99      0.01         0.01
  9                           0.01      0.01     23.99      0.01         0.01
  12                         23.98     23.98     23.99      0.01         0.01
  15                         23.99     23.99     23.99      0.01         0.01
  18                         23.99     23.99     23.99      0.01         0.01
  19                         23.97     23.97     23.99      0.01         0.01
  21                          0.01      0.01     23.98      0.01         0.01
  Hooliloch_L                 0.01      0.01     23.97      0.01         0.01
  23                          0.01     23.96      0.01      0.01         0.01
  25                         23.94     23.94     23.99      0.01         0.01
  31                          0.01      0.01     23.92      0.01         0.01
  33                         23.97     23.97     23.97      0.01         0.01
  13                         23.99     23.99     24.00      0.01         0.01
  22                         23.99     23.99     24.00      0.01         0.01
  24                         23.98     23.98     24.00      0.01         0.01
  30                         23.98     23.98     24.00      0.01         0.01
  34                         23.96     23.96     23.99      0.01         0.01
  36                          0.01     23.96      0.01      0.01         0.01
  38                         23.95     23.95     23.96      0.01         0.01
  48                          0.01      0.01     23.91      0.01         0.01
  54                          0.01      0.01     23.87      0.01         0.01
  1_2_b_2                     0.01      0.01     23.97      0.01         0.01
  1_2_b_3                    23.97     23.97     23.99      0.01         0.01
  1_3_b_3                     0.01      0.01     24.00     23.99         0.01
  

  Analysis begun on:  Mon Aug 17 07:44:02 2026
  Analysis ended on:  Mon Aug 17 07:44:04 2026
  Total elapsed time: 00:00:02