
  EPA STORM WATER MANAGEMENT MODEL - VERSION 5.2 (Build 5.2.4)
  ------------------------------------------------------------

  Brunnmuehle (Twann) 
  WARNING 08: elevation drop exceeds length for Conduit SS3_L
  WARNING 08: elevation drop exceeds length for Conduit SS6_L
  WARNING 08: elevation drop exceeds length for Conduit 2
  WARNING 08: elevation drop exceeds length for Conduit 3
  WARNING 08: elevation drop exceeds length for Conduit 68
  WARNING 08: elevation drop exceeds length for Conduit 1_2_b_
  WARNING 08: elevation drop exceeds length for Conduit 1_2_b_2
  WARNING 08: elevation drop exceeds length for Conduit 1_2_b_3
  WARNING 08: elevation drop exceeds length for Conduit 1_4_b
  WARNING 08: elevation drop exceeds length for Conduit 1_5_a
  WARNING 04: minimum elevation drop used for Conduit 1_7_a
  WARNING 08: elevation drop exceeds length for Conduit 1_7_a_
  WARNING 08: elevation drop exceeds length for Conduit 1_7_a__
  WARNING 02: maximum depth increased for Node 2
  
  ****************
  Analysis Options
  ****************
  Flow Units ............... CMS
  Process Models:
    Rainfall/Runoff ........ NO
    RDII ................... NO
    Snowmelt ............... NO
    Groundwater ............ NO
    Flow Routing ........... YES
    Ponding Allowed ........ NO
    Water Quality .......... NO
  Flow Routing Method ...... DYNWAVE
  Surcharge Method ......... EXTRAN
  Starting Date ............ 01/01/2000 00:00:00
  Ending Date .............. 01/02/2000 00:00:00
  Antecedent Dry Days ...... 0.0
  Report Time Step ......... 01:00:00
  Routing Time Step ........ 0.50 sec
  Variable Time Step ....... YES
  Maximum Trials ........... 8
  Number of Threads ........ 1
  Head Tolerance ........... 0.001500 m
  
  
  **************************        Volume        Volume
  Flow Routing Continuity        hectare-m      10^6 ltr
  **************************     ---------     ---------
  Dry Weather Inflow .......         0.000         0.000
  Wet Weather Inflow .......         0.000         0.000
  Groundwater Inflow .......         0.000         0.000
  RDII Inflow ..............         0.000         0.000
  External Inflow ..........       195.026      1950.277
  External Outflow .........       185.139      1851.410
  Flooding Loss ............         0.000         0.000
  Evaporation Loss .........         0.000         0.000
  Exfiltration Loss ........         0.000         0.000
  Initial Stored Volume ....         0.057         0.574
  Final Stored Volume ......         0.517         5.169
  Continuity Error (%) .....         4.832
  
  
  *************************
  Highest Continuity Errors
  *************************
  Node SonSto_F (-105.06%)
  Node TWT_Acces_LT_60+110 (86.23%)
  Node 2 (72.08%)
  Node Amont_Trappe (43.25%)
  Node Aval_Trappe (41.03%)
  
  
  ***************************
  Time-Step Critical Elements
  ***************************
  Link 1_4_a (17031.98%)
  Link 1_7_a_ (52.08%)
  Link 20 (11.39%)
  Link 1_2_b_1 (4.55%)
  Link 1_7_a_1 (3.56%)
  
  
  ********************************
  Highest Flow Instability Indexes
  ********************************
  All links are stable.
  
  
  *********************************
  Most Frequent Nonconverging Nodes
  *********************************
  Node Brunnm_Fassung (47.33%)
  Node Brunnmuehle(Teich) (47.33%)
  Node Fensterstollen (47.33%)
  Node Gischeren (47.33%)
  Node Schuettstein (47.33%)
  
  
  *************************
  Routing Time Step Summary
  *************************
  Minimum Time Step           :     0.50 sec
  Average Time Step           :     0.50 sec
  Maximum Time Step           :     0.50 sec
  % of Time in Steady State   :    99.42
  Average Iterations per Step :     7.41
  % of Steps Not Converging   :    47.33
  Time Step Frequencies       :
      0.500 -  0.500 sec      :   100.00 %
      0.500 -  0.500 sec      :     0.00 %
      0.500 -  0.500 sec      :     0.00 %
      0.500 -  0.500 sec      :     0.00 %
      0.500 -  0.500 sec      :     0.00 %
  
  
  ******************
  Node Depth Summary
  ******************
  
  ---------------------------------------------------------------------------------
                                 Average  Maximum  Maximum  Time of Max    Reported
                                   Depth    Depth      HGL   Occurrence   Max Depth
  Node                 Type       Meters   Meters   Meters  days hr:min      Meters
  ---------------------------------------------------------------------------------
  9                    JUNCTION    46.23    58.21   496.71     0  00:00       46.26
  Holiloch_sonde       JUNCTION    41.93    53.20   493.20     0  00:00       41.95
  11                   JUNCTION    30.43    33.60   443.60     0  00:00       30.43
  13                   JUNCTION    60.64    63.27   501.27     0  00:00       60.66
  21                   JUNCTION    38.36    39.37   439.37     0  00:03       38.37
  SonSto_F             JUNCTION     0.31     0.45   438.25     0  00:06        0.31
  Sondierstollen       JUNCTION     0.00     0.00   440.80     0  00:00        0.00
  Aval_Trappe          JUNCTION     0.53     0.71   438.31     0  00:06        0.53
  30                   JUNCTION     0.67     0.67   437.97     0  00:08        0.67
  Gischeren_node       JUNCTION     3.17     3.19   479.69     0  00:08        3.19
  34                   JUNCTION    17.66    18.27   438.27     0  00:03       17.66
  38                   JUNCTION    18.74    19.25   439.25     0  00:03       18.75
  SS6                  JUNCTION     0.07     0.07   448.07     0  00:02        0.07
  40                   JUNCTION    20.63    21.39   440.39     0  00:01       20.63
  41                   JUNCTION    60.81    75.62   513.12     0  00:00       60.83
  SondeSchuettstein    JUNCTION    22.78    25.63   484.63     0  00:00       22.79
  SS4                  JUNCTION     0.08     0.08   448.08     0  00:08        0.08
  47                   JUNCTION    14.39    17.48   482.38     0  00:00       14.40
  48                   JUNCTION    10.37    12.81   483.81     0  00:00       10.38
  SondeGischeren       JUNCTION    14.66    14.70   479.70     0  00:08       14.70
  49                   JUNCTION    14.14    15.83   481.83     0  00:02       14.16
  50                   JUNCTION     8.24     8.27   471.27     0  00:08        8.27
  51                   JUNCTION    79.41    83.32   503.32     0  00:00       79.43
  Amont_C              JUNCTION    84.12   101.03   519.03     0  00:00       84.14
  52                   JUNCTION    11.87    22.10   479.10     0  00:03       11.90
  53                   JUNCTION    27.85    29.79   496.79     0  00:08       27.93
  54                   JUNCTION    29.19    31.47   494.47     0  00:08       29.35
  56                   JUNCTION     6.16     6.28   436.28     0  00:01        6.16
  2                    JUNCTION     0.37     0.37   438.37     0  00:08        0.37
  4                    JUNCTION     8.32     9.01   437.01     0  00:00        8.32
  5                    JUNCTION     6.22     6.24   478.74     0  00:04        6.22
  6                    JUNCTION    22.31    26.12   484.12     0  00:00       22.33
  7                    JUNCTION     3.71     3.72   478.72     0  00:03        3.71
  SS3                  JUNCTION     0.08     0.08   448.08     0  00:08        0.08
  SS5                  JUNCTION     0.60     0.60   439.50     0  00:08        0.60
  8                    JUNCTION     5.80     5.82   479.82     0  00:08        5.82
  10                   JUNCTION    12.13    13.87   481.87     0  00:02       12.14
  SonSto_SS5           JUNCTION     0.13     0.13   439.43     0  00:08        0.13
  SonSto_SS3           JUNCTION     0.11     0.11   439.81     0  00:08        0.11
  SonSto_SS4           JUNCTION     0.08     0.08   439.48     0  00:08        0.08
  Amont_Trappe         JUNCTION     0.40     0.66   438.36     0  00:07        0.40
  SonSto_SS6           JUNCTION     0.12     0.12   438.82     0  00:08        0.12
  SS2                  JUNCTION     0.00     0.00   448.00     0  00:00        0.00
  SonSto_SS2           JUNCTION     0.00     0.00   441.50     0  00:00        0.00
  12                   JUNCTION    22.52    25.98   474.98     0  00:00       22.53
  14                   JUNCTION    12.89    15.01   480.01     0  00:01       12.90
  15                   JUNCTION     0.39     0.40   472.40     0  00:04        0.39
  TWT_PointHaut_60+749 JUNCTION     0.17     0.18   438.68     0  00:05        0.17
  TWT_Fensterstollen_60+375 JUNCTION     0.96     0.97   438.27     0  00:06        0.96
  TWT_Acces_LT_60+110  JUNCTION     0.87     0.87   438.37     0  00:08        0.87
  TWT_Liaison_LT_59+738 JUNCTION     0.00     0.00   446.50     0  00:00        0.00
  Syst_Est_amont       JUNCTION     0.84     0.85   430.85     0  00:08        0.85
  Syst_Est_interm      JUNCTION    19.48    38.43   448.43     0  00:07       19.58
  TWT_Branche_Est_Sonsto_60+540 JUNCTION     0.43     0.49   438.89     0  00:02        0.43
  TWT_Intersection_Sonsto_60+345 JUNCTION     1.21     1.33   438.33     0  00:07        1.21
  TWT_Chrosweg_61+140  JUNCTION     0.14     0.14   432.14     0  00:08        0.14
  SonSto_F_sup         JUNCTION     0.04     0.05   448.05     0  00:04        0.04
  SonSto_porte         JUNCTION     0.00     0.00   438.50     0  00:00        0.00
  Brunnm_Fassung       OUTFALL      0.09     0.09   433.89     0  00:03        0.09
  Brunnmuehle(Teich)   OUTFALL      0.19     0.19   435.69     0  00:03        0.19
  Fensterstollen       OUTFALL      0.64     0.64   437.64     0  00:08        0.64
  Gischeren            OUTFALL      0.00     0.00   480.00     0  00:00        0.00
  Schuettstein         OUTFALL      0.25     0.26   477.81     0  00:00        0.25
  Holiloch             OUTFALL      1.78     1.79   478.29     0  00:03        1.78
  Sauserquelle         OUTFALL      0.25     0.25   435.80     0  00:01        0.25
  Entw_Stollen         OUTFALL      0.17     0.17   436.67     0  00:08        0.17
  Sous_lacustre        OUTFALL      0.10     0.10   429.30     0  00:03        0.10
  Sous_ecoul.          OUTFALL      0.00     0.00   433.00     0  00:03        0.00
  Syst_Est_aval        OUTFALL      0.28     0.51   429.51     0  00:07        0.28
  TWT_Portail_Est_61+665 OUTFALL      0.14     0.14   421.74     0  00:08        0.14
  CentraleVentilation_1C OUTFALL      0.00     0.00   454.00     0  00:00        0.00
  
  
  *******************
  Node Inflow Summary
  *******************
  
  -------------------------------------------------------------------------------------------------
                                  Maximum  Maximum                  Lateral       Total        Flow
                                  Lateral    Total  Time of Max      Inflow      Inflow     Balance
                                   Inflow   Inflow   Occurrence      Volume      Volume       Error
  Node                 Type           CMS      CMS  days hr:min    10^6 ltr    10^6 ltr     Percent
  -------------------------------------------------------------------------------------------------
  9                    JUNCTION         0     16.1     0  00:00           0         837       0.010
  Holiloch_sonde       JUNCTION         0     14.6     0  00:00           0         791       0.021
  11                   JUNCTION         0    0.348     0  00:00           0        29.8       0.003
  13                   JUNCTION         0     21.4     0  00:00           0     1.6e+03       0.009
  21                   JUNCTION         0     0.31     0  00:08           0        26.8       0.006
  SonSto_F             JUNCTION         0     1.25     0  00:03           0        56.9     -51.234
  Sondierstollen       JUNCTION         0        0     0  00:00           0           0       0.000 ltr
  Aval_Trappe          JUNCTION         0     5.68     0  00:06           0         482      69.584
  30                   JUNCTION         0     10.3     0  00:08           0         852      -1.306
  Gischeren_node       JUNCTION         0     0.48     0  00:08           0          3939014920.501 ltr
  34                   JUNCTION         0     0.28     0  00:08           0        24.1       0.012
  38                   JUNCTION         0    0.182     0  00:00           0        6.97      -0.007
  SS6                  JUNCTION         0    0.163     0  00:02           0        13.4       0.001
  40                   JUNCTION         0     2.44     0  00:02           0         210      -0.008
  41                   JUNCTION         0     5.14     0  00:00           0          52      -0.014
  SondeSchuettstein    JUNCTION         0    0.894     0  00:00           0          52       0.044
  SS4                  JUNCTION         0    0.136     0  00:08           0        11.7       0.009
  47                   JUNCTION         0     11.2     0  00:00           0         778      -0.007
  48                   JUNCTION         0    0.674     0  00:00           0          52       0.004
  SondeGischeren       JUNCTION         0     0.39     0  00:05           0        26.7       0.297
  49                   JUNCTION         0     1.07     0  00:01           0        13.4       0.867
  50                   JUNCTION         0    0.181     0  00:03           0        13.4       0.027
  51                   JUNCTION         0     38.2     0  00:00           0    1.86e+03       0.005
  Amont_C              JUNCTION      21.5     46.6     0  00:00    1.86e+03    1.86e+03       0.015
  52                   JUNCTION         0     0.29     0  00:03           0        19.8       0.111
  53                   JUNCTION         0    0.472     0  00:00           0        14.7       0.080
  54                   JUNCTION         0    0.368     0  00:08           0        14.6       0.676
  56                   JUNCTION         0    0.555     0  00:01           0        46.9      -0.000
  2                    JUNCTION         0    0.411     0  00:06           0        14.4     258.117
  4                    JUNCTION         0    0.255     0  00:03           0        21.9       0.010
  5                    JUNCTION         0     10.2     0  00:00           0         778       0.032
  6                    JUNCTION         0     12.5     0  00:00           0         791       0.022
  7                    JUNCTION         0     9.27     0  00:02           0         777       0.458
  SS3                  JUNCTION         0    0.156     0  00:08           0        13.4       0.096
  SS5                  JUNCTION         0    0.287     0  00:08           0        24.8       3.240
  8                    JUNCTION         0    0.657     0  00:05           0          53       0.841
  10                   JUNCTION         0     0.84     0  00:02           0        13.2      -0.889
  SonSto_SS5           JUNCTION         0    0.308     0  00:08           0        26.6       5.148
  SonSto_SS3           JUNCTION         0    0.155     0  00:08           0        13.4      -0.395
  SonSto_SS4           JUNCTION         0    0.292     0  00:08           0        25.2       0.153
  Amont_Trappe         JUNCTION         0     1.56     0  00:06           0         112      76.203
  SonSto_SS6           JUNCTION         0    0.448     0  00:08           0        38.6       2.464
  SS2                  JUNCTION         0        0     0  00:00           0           0       0.000 ltr
  SonSto_SS2           JUNCTION         0        0     0  00:00           0           0       0.000 ltr
  12                   JUNCTION         0    0.461     0  00:00           0        29.2       0.016
  14                   JUNCTION         0     2.28     0  00:01           0         170       0.030
  15                   JUNCTION         0    0.536     0  00:03           0        46.1       0.424
  TWT_PointHaut_60+749 JUNCTION         0    0.765     0  00:03           0        51.9      -4.029
  TWT_Fensterstollen_60+375 JUNCTION         0     10.4     0  00:08           0         775     -21.112
  TWT_Acces_LT_60+110  JUNCTION         0      3.3     0  00:04           0        79.7     626.166
  TWT_Liaison_LT_59+738 JUNCTION         0        0     0  00:00           0           0       0.000 ltr
  Syst_Est_amont       JUNCTION      1.08     1.08     0  00:00        92.9        92.9     160.677
  Syst_Est_interm      JUNCTION         0     1.13     0  00:04           0        35.6       1.121
  TWT_Branche_Est_Sonsto_60+540 JUNCTION         0     4.34     0  00:08           0         374       0.478
  TWT_Intersection_Sonsto_60+345 JUNCTION         0        6     0  00:02           0         209     -21.703
  TWT_Chrosweg_61+140  JUNCTION         0    0.659     0  00:05           0          54       9.558
  SonSto_F_sup         JUNCTION         0    0.536     0  00:04           0        45.9       0.019
  SonSto_porte         JUNCTION         0        0     0  00:00           0           0       0.000 ltr
  Brunnm_Fassung       OUTFALL          0   0.0263     0  00:03           0        2.19       0.000
  Brunnmuehle(Teich)   OUTFALL          0    0.251     0  00:03           0        21.4       0.000
  Fensterstollen       OUTFALL          0       10     0  00:08           0         863       0.000
  Gischeren            OUTFALL          0        0     0  00:00           0           0       0.000 ltr
  Schuettstein         OUTFALL          0    0.623     0  00:00           0          52       0.000
  Holiloch             OUTFALL          0     9.05     0  00:03           0         774       0.000
  Sauserquelle         OUTFALL          0    0.557     0  00:01           0        46.9       0.000
  Entw_Stollen         OUTFALL          0   0.0468     0  00:08           0        4.03       0.000
  Sous_lacustre        OUTFALL          0   0.0315     0  00:03           0        2.65       0.000
  Sous_ecoul.          OUTFALL          0  0.00573     0  00:03           0        0.48       0.000
  Syst_Est_aval        OUTFALL          0     1.32     0  00:07           0        35.2       0.000
  TWT_Portail_Est_61+665 OUTFALL          0    0.573     0  00:08           0        49.3       0.000
  CentraleVentilation_1C OUTFALL          0        0     0  00:00           0           0       0.000 ltr
  
  
  **********************
  Node Surcharge Summary
  **********************
  
  Surcharging occurs when water rises above the top of the highest conduit.
  ---------------------------------------------------------------------
                                               Max. Height   Min. Depth
                                   Hours       Above Crown    Below Rim
  Node                 Type      Surcharged         Meters       Meters
  ---------------------------------------------------------------------
  9                    JUNCTION       23.99         56.408       41.792
  Holiloch_sonde       JUNCTION       23.99         51.299      146.801
  11                   JUNCTION       24.00         33.103      116.397
  13                   JUNCTION       23.99         60.269      336.731
  21                   JUNCTION       24.00         38.772      110.628
  34                   JUNCTION       24.00         17.672       81.728
  38                   JUNCTION       24.00         18.651      130.749
  40                   JUNCTION       24.00         17.388       78.612
  41                   JUNCTION       23.99         74.771      174.379
  SondeSchuettstein    JUNCTION       23.99         24.828        0.000
  47                   JUNCTION       23.99         15.584       82.516
  48                   JUNCTION       23.99         12.015       87.185
  SondeGischeren       JUNCTION       23.94         13.502       85.298
  49                   JUNCTION       23.96          7.825      184.175
  50                   JUNCTION       23.94          7.969      191.731
  51                   JUNCTION       24.00         79.320      316.680
  Amont_C              JUNCTION       24.00         98.032      298.968
  52                   JUNCTION       23.94         21.695       77.905
  53                   JUNCTION       23.98         24.785      170.215
  54                   JUNCTION       23.86         26.469      168.531
  56                   JUNCTION       24.00          5.283       93.717
  4                    JUNCTION       23.99          8.358       90.992
  5                    JUNCTION       23.97          1.238       43.762
  6                    JUNCTION       23.99         21.116      173.884
  8                    JUNCTION       23.87          0.823      194.177
  10                   JUNCTION       23.96          5.869      186.131
  12                   JUNCTION       23.99         25.625      174.025
  14                   JUNCTION       23.97         11.013      184.987
  Syst_Est_interm      JUNCTION       23.87         36.929       61.571
  
  
  *********************
  Node Flooding Summary
  *********************
  
  No nodes were flooded.
  
  
  ***********************
  Outfall Loading Summary
  ***********************
  
  -----------------------------------------------------------
                         Flow       Avg       Max       Total
                         Freq      Flow      Flow      Volume
  Outfall Node           Pcnt       CMS       CMS    10^6 ltr
  -----------------------------------------------------------
  Brunnm_Fassung        99.95    0.0253    0.0263       2.185
  Brunnmuehle(Teich)    99.95     0.248     0.251      21.446
  Fensterstollen        99.98      9.99        10     863.168
  Gischeren              0.00         0         0       0.000
  Schuettstein          99.94     0.602     0.623      52.009
  Holiloch              99.90      8.97      9.05     773.921
  Sauserquelle          99.98     0.544     0.557      46.950
  Entw_Stollen          99.92    0.0467    0.0468       4.030
  Sous_lacustre        100.00    0.0307    0.0315       2.652
  Sous_ecoul.           99.95   0.00556   0.00573       0.480
  Syst_Est_aval         99.47      0.41      1.32      35.232
  TWT_Portail_Est_61+665  99.95     0.571     0.573      49.329
  CentraleVentilation_1C   0.00         0         0       0.000
  -----------------------------------------------------------
  System                84.54      21.4      21.5    1851.401
  
  
  ********************
  Link Flow Summary
  ********************
  
  -----------------------------------------------------------------------------
                                 Maximum  Time of Max   Maximum    Max/    Max/
                                  |Flow|   Occurrence   |Veloc|    Full    Full
  Link                 Type          CMS  days hr:min     m/sec    Flow   Depth
  -----------------------------------------------------------------------------
  Brunn_Fassung_L      CONDUIT    0.0263     0  00:03      1.19    0.44    0.73
  11                   CONDUIT      14.6     0  00:00      7.97    2.19    1.00
  14                   CONDUIT      16.1     0  00:00     11.42    8.74    1.00
  16                   CONDUIT     0.348     0  00:00      4.07    2.42    1.00
  17                   CONDUIT     0.182     0  00:00      0.64    0.31    1.00
  26                   CONDUIT      5.14     0  00:00      9.23    6.96    1.00
  27                   CONDUIT     0.071     0  00:06      1.87    0.91    1.00
  Gischeren_L          CONDUIT         0     0  00:00      0.00    0.00    0.50
  Schuettstein_L       CONDUIT     0.623     0  00:00      3.89    0.53    0.76
  Brunnmuehle_L        CONDUIT      0.28     0  00:08      0.99    0.13    1.00
  32                   CONDUIT         0     0  00:00      0.00    0.00    0.00
  35                   CONDUIT     0.242     0  00:05      0.32    0.04    1.00
  45                   CONDUIT     0.437     0  00:08      4.59    0.00    0.09
  46                   CONDUIT     0.555     0  00:01      1.96    0.55    1.00
  47                   CONDUIT     0.128     0  00:00      3.38    8.01    1.00
  50                   CONDUIT     0.674     0  00:00      2.59    0.13    1.00
  51                   CONDUIT    0.0431     0  00:01      0.45    0.12    1.00
  53                   CONDUIT     0.182     0  00:00      1.09    0.92    1.00
  Fenster_L            CONDUIT        10     0  00:08      8.83    0.10    0.22
  58                   CONDUIT      4.46     0  00:06      5.86    0.06    0.23
  59                   CONDUIT     0.293     0  00:08      2.88    0.00    0.04
  61                   CONDUIT     0.894     0  00:00      4.20    1.26    1.00
  63                   CONDUIT     0.163     0  00:02      2.24    0.73    0.52
  66                   CONDUIT     0.181     0  00:03      2.69    2.38    1.00
  67                   CONDUIT      21.4     0  00:00      5.55    0.21    1.00
  Amont_L              CONDUIT      38.2     0  00:00      5.40    2.07    1.00
  69                   CONDUIT      0.29     0  00:03      2.46    1.13    1.00
  70                   CONDUIT      0.23     0  00:03      1.83    0.71    1.00
  71                   CONDUIT     0.472     0  00:00      2.06    0.83    1.00
  72                   CONDUIT     0.368     0  00:08      1.75    1.75    1.00
  Sauser_L             CONDUIT     0.557     0  00:01      1.07    0.14    0.63
  75                   CONDUIT     0.136     0  00:08      4.05    1.38    0.66
  Entw_Sto_L           CONDUIT    0.0468     0  00:08      1.85    1.08    0.98
  4                    CONDUIT    0.0328     0  00:08      1.30    1.47    1.00
  5                    CONDUIT   0.00825     0  00:06      0.40    0.29    1.00
  6                    CONDUIT    0.0315     0  00:03      1.26    0.47    0.74
  7                    CONDUIT     0.255     0  00:03      1.30    0.39    1.00
  Brunn_Teich_L        CONDUIT     0.251     0  00:03      1.10    0.19    0.65
  9                    CONDUIT   0.00573     0  00:03      1.44    0.00    0.50
  12                   CONDUIT      10.2     0  00:00      5.82    0.21    1.00
  15                   CONDUIT      12.5     0  00:00      6.17    0.32    1.00
  18                   CONDUIT      11.2     0  00:00      5.67    0.45    1.00
  19                   CONDUIT      1.07     0  00:01      1.42    1.01    1.00
  20                   CONDUIT      1.54     0  00:06      3.38    0.12    0.67
  21                   CONDUIT      9.27     0  00:02      1.00    0.06    0.87
  Hooliloch_L          CONDUIT      9.05     0  00:03      1.51    0.18    0.69
  23                   CONDUIT     0.156     0  00:08      3.33    0.97    0.63
  25                   CONDUIT     0.657     0  00:05      2.30    0.54    1.00
  28                   CONDUIT     0.156     0  00:08      2.41    0.00    0.03
  29                   CONDUIT    0.0301     0  00:08      0.67    0.00    0.04
  31                   CONDUIT     0.359     0  00:08      0.57    0.22    0.82
  33                   CONDUIT      0.84     0  00:02      0.83    0.32    1.00
  37                   CONDUIT     0.278     0  00:08      0.56    0.01    0.12
  SS3_L                CONDUIT     0.155     0  00:08      3.05    0.00    0.05
  40                   CONDUIT      1.56     0  00:06      1.44    0.01    0.13
  SS6_L                CONDUIT     0.163     0  00:02      4.07    0.00    0.05
  1                    CONDUIT         0     0  00:00      0.00    0.00    0.02
  2                    CONDUIT         0     0  00:00      0.00    0.00    0.00
  3                    CONDUIT     0.136     0  00:08      4.48    0.01    0.08
  10                   CONDUIT     0.262     0  00:08      0.81    0.00    0.11
  13                   CONDUIT     0.461     0  00:00      4.99    1.00    1.00
  22                   CONDUIT     0.342     0  00:00      3.56    0.85    1.00
  24                   CONDUIT      2.28     0  00:01      3.40    0.00    1.00
  30                   CONDUIT      1.98     0  00:02      2.75    0.83    1.00
  34                   CONDUIT     0.536     0  00:03      2.48    0.60    0.86
  36                   CONDUIT     0.536     0  00:04      6.00    0.57    0.40
  38                   CONDUIT      0.39     0  00:05      2.73    0.15    1.00
  48                   CONDUIT      1.13     0  00:04      2.61    0.76    0.92
  54                   CONDUIT      1.32     0  00:07      1.08    0.25    0.65
  68                   CONDUIT     0.224     0  00:04      8.44    0.00    0.08
  73                   CONDUIT         0     0  00:00      0.00    0.00    0.09
  TWT1                 CONDUIT     0.573     0  00:08      2.92    0.00    0.02
  TWT2                 CONDUIT     0.659     0  00:05      3.22    0.00    0.02
  TWT3                 CONDUIT     0.765     0  00:03      1.31    0.00    0.04
  TWT4                 CONDUIT      4.24     0  00:02      2.81    0.01    0.09
  1_2_b_               CONDUIT         0     0  00:00      0.00    0.00    0.08
  1_2_b_1              CONDUIT      2.43     0  00:02     17.08    9.35    1.00
  1_2_b_2              CONDUIT    0.0543     0  00:04      0.50    0.02    0.55
  1_2_b_3              CONDUIT     0.481     0  00:01      2.47    0.36    1.00
  TWT5                 CONDUIT       3.9     0  00:08      1.67    0.00    0.14
  1_4_a                CONDUIT      5.15     0  00:06      3.77    0.08    0.28
  TWT6                 CONDUIT      3.01     0  00:04      1.12    0.01    0.14
  1_4_b                CONDUIT         0     0  00:00      0.00    0.00    0.22
  1_4_b_1              CONDUIT     0.271     0  00:04      1.94    0.18    1.00
  TWT7                 CONDUIT         0     0  00:00      0.00    0.00    0.05
  1_5_a                CONDUIT         0     0  00:00      0.00    0.00    0.09
  1_6_b_2              CONDUIT      2.43     0  00:02     16.75    7.79    1.00
  1_7_a                CONDUIT       6.6     0  00:08      3.24    1.50    0.16
  1_7_a_               CONDUIT     0.257     0  00:04      2.83    0.02    0.53
  1_7_a__              CONDUIT       1.5     0  00:08      7.87    0.22    0.99
  1_7_a_1              CONDUIT      2.59     0  00:03     13.88   13.17    0.99
  1_8_a                CONDUIT     0.379     0  00:06      0.94    0.00    0.12
  CV_1C_to_38          CONDUIT         0     0  00:00      0.00    0.00    0.50
  
  
  ***************************
  Flow Classification Summary
  ***************************
  
  -------------------------------------------------------------------------------------
                      Adjusted    ---------- Fraction of Time in Flow Class ---------- 
                       /Actual         Up    Down  Sub   Sup   Up    Down  Norm  Inlet 
  Conduit               Length    Dry  Dry   Dry   Crit  Crit  Crit  Crit  Ltd   Ctrl  
  -------------------------------------------------------------------------------------
  Brunn_Fassung_L         1.00   0.00  0.00  0.00  0.00  1.00  0.00  0.00  0.00  0.00
  11                      1.00   0.00  0.00  0.00  1.00  0.00  0.00  0.00  0.00  0.00
  14                      1.00   0.00  0.00  0.00  1.00  0.00  0.00  0.00  0.00  0.00
  16                      1.00   0.00  0.00  0.00  1.00  0.00  0.00  0.00  0.00  0.00
  17                      1.00   0.00  0.00  0.00  1.00  0.00  0.00  0.00  0.00  0.00
  26                      1.00   0.00  0.00  0.00  1.00  0.00  0.00  0.00  0.00  0.00
  27                      1.00   0.00  0.00  0.00  1.00  0.00  0.00  0.00  0.00  0.00
  Gischeren_L             1.00   0.00  1.00  0.00  0.00  0.00  0.00  0.00  0.00  0.00
  Schuettstein_L          1.00   0.00  0.00  0.00  0.00  1.00  0.00  0.00  0.00  0.00
  Brunnmuehle_L           1.00   0.00  0.00  0.00  1.00  0.00  0.00  0.00  0.00  0.00
  32                      1.00   1.00  0.00  0.00  0.00  0.00  0.00  0.00  0.00  0.00
  35                      1.00   0.00  0.00  0.00  1.00  0.00  0.00  0.00  0.00  0.00
  45                      1.00   0.00  0.00  0.00  0.00  1.00  0.00  0.00  1.00  0.00
  46                      1.00   0.00  0.00  0.00  1.00  0.00  0.00  0.00  0.00  0.00
  47                      1.00   0.00  0.00  0.00  1.00  0.00  0.00  0.00  0.00  0.00
  50                      1.00   0.00  0.00  0.00  1.00  0.00  0.00  0.00  0.00  0.00
  51                      1.00   0.00  0.00  0.00  1.00  0.00  0.00  0.00  0.00  0.00
  53                      1.00   0.00  0.00  0.00  1.00  0.00  0.00  0.00  0.00  0.00
  Fenster_L               1.00   0.00  0.00  0.00  0.00  1.00  0.00  0.00  0.00  0.00
  58                      1.00   0.00  0.00  0.00  0.00  1.00  0.00  0.00  0.00  0.00
  59                      1.00   0.00  0.00  0.00  0.00  1.00  0.00  0.00  0.00  0.00
  61                      1.00   0.00  0.00  0.00  1.00  0.00  0.00  0.00  0.00  0.00
  63                      1.00   0.00  0.00  0.00  1.00  0.00  0.00  0.00  0.00  0.00
  66                      1.00   0.00  0.00  0.00  1.00  0.00  0.00  0.00  0.00  0.00
  67                      1.00   0.00  0.00  0.00  1.00  0.00  0.00  0.00  0.00  0.00
  Amont_L                 1.00   0.00  0.00  0.00  1.00  0.00  0.00  0.00  0.00  0.00
  69                      1.00   0.00  0.00  0.00  1.00  0.00  0.00  0.00  0.00  0.00
  70                      1.00   0.00  0.00  0.00  1.00  0.00  0.00  0.00  0.00  0.00
  71                      1.00   0.00  0.00  0.00  1.00  0.00  0.00  0.00  0.00  0.00
  72                      1.00   0.00  0.00  0.00  1.00  0.00  0.00  0.00  0.00  0.00
  Sauser_L                1.00   0.00  0.00  0.00  1.00  0.00  0.00  0.00  0.00  0.00
  75                      1.00   0.00  0.00  0.00  0.00  1.00  0.00  0.00  0.00  0.00
  Entw_Sto_L              1.00   0.00  0.00  0.00  1.00  0.00  0.00  0.00  0.00  0.00
  4                       1.00   0.00  0.00  0.00  1.00  0.00  0.00  0.00  0.00  0.00
  5                       1.00   0.00  0.00  0.00  1.00  0.00  0.00  0.00  0.00  0.00
  6                       1.00   0.00  0.00  0.00  0.00  1.00  0.00  0.00  0.00  0.00
  7                       1.00   0.00  0.00  0.00  1.00  0.00  0.00  0.00  0.00  0.00
  Brunn_Teich_L           1.00   0.00  0.00  0.00  1.00  0.00  0.00  0.00  0.00  0.00
  9                       1.00   0.00  0.00  0.00  0.00  1.00  0.00  0.00  0.00  0.00
  12                      1.00   0.00  0.00  0.00  1.00  0.00  0.00  0.00  0.00  0.00
  15                      1.00   0.00  0.00  0.00  1.00  0.00  0.00  0.00  0.00  0.00
  18                      1.00   0.00  0.00  0.00  1.00  0.00  0.00  0.00  0.00  0.00
  19                      1.00   0.00  0.00  0.00  1.00  0.00  0.00  0.00  0.00  0.00
  20                      1.00   0.00  0.00  0.00  1.00  0.00  0.00  0.00  0.00  0.00
  21                      1.00   0.00  0.00  0.00  1.00  0.00  0.00  0.00  0.00  0.00
  Hooliloch_L             1.00   0.00  0.00  0.00  1.00  0.00  0.00  0.00  0.00  0.00
  23                      1.00   0.00  0.00  0.00  0.00  1.00  0.00  0.00  0.00  0.00
  25                      1.00   0.00  0.00  0.00  1.00  0.00  0.00  0.00  0.00  0.00
  28                      1.00   0.00  0.00  0.00  0.00  1.00  0.00  0.00  0.00  0.00
  29                      1.00   0.00  0.00  0.00  1.00  0.00  0.00  0.00  1.00  0.00
  31                      1.00   0.00  0.00  0.00  1.00  0.00  0.00  0.00  0.00  0.00
  33                      1.00   0.00  0.00  0.00  1.00  0.00  0.00  0.00  0.00  0.00
  37                      1.00   0.00  0.00  0.00  1.00  0.00  0.00  0.00  0.00  0.00
  SS3_L                   1.00   0.00  0.00  0.00  0.00  1.00  0.00  0.00  1.00  0.00
  40                      1.00   0.00  0.00  0.00  1.00  0.00  0.00  0.00  0.00  0.00
  SS6_L                   1.00   0.00  0.00  0.00  0.00  1.00  0.00  0.00  1.00  0.00
  1                       1.00   0.00  1.00  0.00  0.00  0.00  0.00  0.00  0.00  0.00
  2                       1.00   1.00  0.00  0.00  0.00  0.00  0.00  0.00  0.00  0.00
  3                       1.00   0.00  0.00  0.00  0.00  1.00  0.00  0.00  1.00  0.00
  10                      1.00   0.00  0.00  0.00  1.00  0.00  0.00  0.00  1.00  0.00
  13                      1.00   0.00  0.00  0.00  1.00  0.00  0.00  0.00  0.00  0.00
  22                      1.00   0.00  0.00  0.00  1.00  0.00  0.00  0.00  0.00  0.00
  24                      1.00   0.00  0.00  0.00  1.00  0.00  0.00  0.00  0.00  0.00
  30                      1.00   0.00  0.00  0.00  1.00  0.00  0.00  0.00  0.00  0.00
  34                      1.00   0.00  0.00  0.00  0.00  1.00  0.00  0.00  0.00  0.00
  36                      1.00   0.00  0.00  0.00  0.00  1.00  0.00  0.00  0.00  0.00
  38                      1.00   0.00  0.00  0.00  1.00  0.00  0.00  0.00  0.00  0.00
  48                      1.00   0.00  0.00  0.00  1.00  0.00  0.00  0.00  0.00  0.00
  54                      1.00   0.00  0.01  0.00  0.99  0.00  0.00  0.00  0.00  0.00
  68                      1.00   0.00  0.00  0.00  0.00  1.00  0.00  0.00  1.00  0.00
  73                      1.00   0.00  1.00  0.00  0.00  0.00  0.00  0.00  0.00  0.00
  TWT1                    1.00   0.00  0.00  0.00  0.00  1.00  0.00  0.00  0.00  0.00
  TWT2                    1.00   0.00  0.00  0.00  0.00  1.00  0.00  0.00  0.00  0.00
  TWT3                    1.00   0.00  0.00  0.00  1.00  0.00  0.00  0.00  0.00  0.00
  TWT4                    1.00   0.00  0.00  0.00  1.00  0.00  0.00  0.00  1.00  0.00
  1_2_b_                  1.00   0.00  1.00  0.00  0.00  0.00  0.00  0.00  0.00  0.00
  1_2_b_1                 1.00   0.00  0.00  0.00  1.00  0.00  0.00  0.00  0.00  0.00
  1_2_b_2                 1.00   0.00  0.00  0.00  1.00  0.00  0.00  0.00  1.00  0.00
  1_2_b_3                 1.00   0.00  0.00  0.00  1.00  0.00  0.00  0.00  0.00  0.00
  TWT5                    1.00   0.00  0.00  0.00  1.00  0.00  0.00  0.00  0.00  0.00
  1_4_a                   1.00   0.00  0.00  0.00  0.00  1.00  0.00  0.00  0.00  0.00
  TWT6                    1.00   0.00  0.00  0.00  1.00  0.00  0.00  0.00  0.00  0.00
  1_4_b                   1.00   0.00  1.00  0.00  0.00  0.00  0.00  0.00  0.00  0.00
  1_4_b_1                 1.00   0.00  0.00  0.00  1.00  0.00  0.00  0.00  0.00  0.00
  TWT7                    1.00   0.00  1.00  0.00  0.00  0.00  0.00  0.00  0.00  0.00
  1_5_a                   1.00   0.00  1.00  0.00  0.00  0.00  0.00  0.00  0.00  0.00
  1_6_b_2                 1.00   0.00  0.00  0.00  1.00  0.00  0.00  0.00  0.00  0.00
  1_7_a                   1.00   0.00  0.00  0.00  0.00  1.00  0.00  0.00  0.00  0.00
  1_7_a_                  1.00   0.00  0.00  0.00  0.00  1.00  0.00  0.00  1.00  0.00
  1_7_a__                 1.00   0.00  0.00  0.00  0.00  1.00  0.00  0.00  0.00  0.00
  1_7_a_1                 1.00   0.00  0.00  0.00  0.00  1.00  0.00  0.00  0.00  0.00
  1_8_a                   1.00   0.00  0.00  0.00  1.00  0.00  0.00  0.00  0.00  0.00
  CV_1C_to_38             1.00   0.00  1.00  0.00  0.00  0.00  0.00  0.00  0.00  0.00
  
  
  *************************
  Conduit Surcharge Summary
  *************************
  
  ----------------------------------------------------------------------------
                                                           Hours        Hours 
                         --------- Hours Full --------   Above Full   Capacity
  Conduit                Both Ends  Upstream  Dnstream   Normal Flow   Limited
  ----------------------------------------------------------------------------
  Brunn_Fassung_L             0.01      0.01     24.00      0.01         0.01
  11                         23.99     23.99     23.99     23.99         0.01
  14                         23.99     23.99     24.00     23.99         0.01
  16                         24.00     24.00     24.00     23.99        23.99
  17                         24.00     24.00     24.00      0.01         0.01
  26                         23.99     24.00     23.99      0.01         0.01
  27                         23.91     23.91     23.97      0.01         0.01
  Schuettstein_L              0.01      0.01     23.99      0.01         0.01
  Brunnmuehle_L              24.00     24.00     24.00      0.01         0.01
  35                         23.89     23.89     23.94      0.01         0.01
  46                         24.00     24.00     24.00      0.01         0.01
  47                         24.00     24.00     24.00     24.00        24.00
  50                         23.99     23.99     23.99      0.01         0.01
  51                         23.97     23.97     23.99      0.01         0.01
  53                         24.00     24.00     24.00      0.01         0.01
  61                         23.99     23.99     23.99      0.01         0.01
  63                          0.01     23.97      0.01      0.01         0.01
  66                         23.94     23.98     23.94     23.97        23.94
  67                         23.99     23.99     24.00      0.01         0.01
  Amont_L                    24.00     24.00     24.00     24.00         0.01
  69                         23.94     23.94     24.00      0.02         0.01
  70                         23.94     23.94     24.00      0.01         0.01
  71                         23.99     23.99     23.99      0.01         0.01
  72                         23.86     23.98     23.86      0.12         0.01
  Sauser_L                    0.01      0.01     24.00      0.01         0.01
  75                          0.01     23.98      0.01     23.86         0.01
  Entw_Sto_L                  0.01     23.90      0.01     23.90         0.01
  4                          23.90     23.98     23.90     23.91        23.90
  5                          23.90     23.90     24.00      0.01         0.01
  6                           0.01      0.01     24.00      0.01         0.01
  7                          23.99     23.99     24.00      0.01         0.01
  Brunn_Teich_L               0.01      0.01     23.99      0.01         0.01
  9                           0.01      0.01     23.99      0.01         0.01
  12                         23.98     23.98     23.99      0.01         0.01
  15                         23.99     23.99     23.99      0.01         0.01
  18                         23.99     23.99     23.99      0.01         0.01
  19                         23.97     23.97     23.99      0.01         0.01
  21                          0.01      0.01     23.97      0.01         0.01
  23                          0.01     23.94      0.01      0.01         0.01
  25                         23.91     23.91     23.99      0.01         0.01
  31                          0.01      0.01     23.87      0.01         0.01
  33                         23.96     23.96     23.96      0.01         0.01
  13                         23.99     23.99     24.00      0.01         0.01
  22                         23.99     23.99     24.00      0.01         0.01
  24                         23.97     23.97     24.00      0.01         0.01
  30                         23.97     23.97     24.00      0.01         0.01
  34                          0.01      0.01     23.99      0.01         0.01
  38                         23.92     23.92     23.95      0.01         0.01
  48                          0.01      0.01     23.91      0.01         0.01
  54                          0.01      0.01     23.87      0.01         0.01
  1_2_b_1                    23.97     24.00     23.97     24.00        23.97
  1_2_b_2                     0.01      0.01     23.97      0.01         0.01
  1_2_b_3                    23.97     23.97     24.00      0.01         0.01
  1_4_b_1                    23.92     23.92     24.00      0.01         0.01
  1_6_b_2                    23.98     24.00     23.98     24.00        23.98
  1_7_a                       0.01      0.01      0.01     23.91         0.01
  1_7_a__                     0.01      0.01     24.00      0.01         0.01
  1_7_a_1                     0.01      0.01     24.00     23.99         0.01
  

  Analysis begun on:  Wed Sep 30 15:46:03 2026
  Analysis ended on:  Wed Sep 30 15:46:06 2026
  Total elapsed time: 00:00:03