
  EPA STORM WATER MANAGEMENT MODEL - VERSION 5.2 (Build 5.2.4)
  ------------------------------------------------------------

  Brunnmuehle (Twann) 
  WARNING 08: elevation drop exceeds length for Conduit SS3_L
  WARNING 08: elevation drop exceeds length for Conduit SS6_L
  WARNING 08: elevation drop exceeds length for Conduit 2
  WARNING 08: elevation drop exceeds length for Conduit 3
  WARNING 08: elevation drop exceeds length for Conduit 68
  WARNING 08: elevation drop exceeds length for Conduit 1_2_b_
  WARNING 08: elevation drop exceeds length for Conduit 1_2_b_2
  WARNING 08: elevation drop exceeds length for Conduit 1_2_b_3
  WARNING 08: elevation drop exceeds length for Conduit 1_4_b
  WARNING 08: elevation drop exceeds length for Conduit 1_5_a
  WARNING 04: minimum elevation drop used for Conduit 1_7_a
  WARNING 08: elevation drop exceeds length for Conduit 1_7_a_
  WARNING 08: elevation drop exceeds length for Conduit 1_7_a__
  WARNING 08: elevation drop exceeds length for Conduit 1_7_a_3
  WARNING 02: maximum depth increased for Node 2
  
  ****************
  Analysis Options
  ****************
  Flow Units ............... CMS
  Process Models:
    Rainfall/Runoff ........ NO
    RDII ................... NO
    Snowmelt ............... NO
    Groundwater ............ NO
    Flow Routing ........... YES
    Ponding Allowed ........ NO
    Water Quality .......... NO
  Flow Routing Method ...... DYNWAVE
  Surcharge Method ......... EXTRAN
  Starting Date ............ 01/01/2000 00:00:00
  Ending Date .............. 01/02/2000 00:00:00
  Antecedent Dry Days ...... 0.0
  Report Time Step ......... 01:00:00
  Routing Time Step ........ 0.50 sec
  Variable Time Step ....... YES
  Maximum Trials ........... 8
  Number of Threads ........ 1
  Head Tolerance ........... 0.001500 m
  
  
  **************************        Volume        Volume
  Flow Routing Continuity        hectare-m      10^6 ltr
  **************************     ---------     ---------
  Dry Weather Inflow .......         0.000         0.000
  Wet Weather Inflow .......         0.000         0.000
  Groundwater Inflow .......         0.000         0.000
  RDII Inflow ..............         0.000         0.000
  External Inflow ..........       133.343      1333.445
  External Outflow .........       126.452      1264.533
  Flooding Loss ............         0.000         0.000
  Evaporation Loss .........         0.000         0.000
  Exfiltration Loss ........         0.000         0.000
  Initial Stored Volume ....         0.056         0.563
  Final Stored Volume ......         0.418         4.179
  Continuity Error (%) .....         4.895
  
  
  *************************
  Highest Continuity Errors
  *************************
  Node Syst_Est_interm (100.00%)
  Node CentraleVentilation_1C (98.27%)
  Node TWT_Acces_LT_60+110 (92.16%)
  Node 2 (79.05%)
  Node TWT_Intersection_Sonsto_60+345 (73.36%)
  
  
  ***************************
  Time-Step Critical Elements
  ***************************
  Link 1_7_a_ (14386.19%)
  Link 20 (54.81%)
  Link 1_8_a (14.39%)
  
  
  ********************************
  Highest Flow Instability Indexes
  ********************************
  All links are stable.
  
  
  *********************************
  Most Frequent Nonconverging Nodes
  *********************************
  Node Brunnm_Fassung (37.82%)
  Node Brunnmuehle(Teich) (37.82%)
  Node Fensterstollen (37.82%)
  Node Gischeren (37.82%)
  Node Schuettstein (37.82%)
  
  
  *************************
  Routing Time Step Summary
  *************************
  Minimum Time Step           :     0.50 sec
  Average Time Step           :     0.50 sec
  Maximum Time Step           :     0.50 sec
  % of Time in Steady State   :    99.31
  Average Iterations per Step :     6.73
  % of Steps Not Converging   :    37.82
  Time Step Frequencies       :
      0.500 -  0.500 sec      :   100.00 %
      0.500 -  0.500 sec      :     0.00 %
      0.500 -  0.500 sec      :     0.00 %
      0.500 -  0.500 sec      :     0.00 %
      0.500 -  0.500 sec      :     0.00 %
  
  
  ******************
  Node Depth Summary
  ******************
  
  ---------------------------------------------------------------------------------
                                 Average  Maximum  Maximum  Time of Max    Reported
                                   Depth    Depth      HGL   Occurrence   Max Depth
  Node                 Type       Meters   Meters   Meters  days hr:min      Meters
  ---------------------------------------------------------------------------------
  9                    JUNCTION    44.29    48.05   486.55     0  00:00       44.32
  Holiloch_sonde       JUNCTION    40.80    43.59   483.59     0  00:00       40.83
  11                   JUNCTION    49.54    51.05   461.05     0  00:04       49.55
  13                   JUNCTION    54.69    55.41   493.41     0  00:04       54.71
  21                   JUNCTION    41.36    42.21   442.21     0  00:04       41.37
  SonSto_F             JUNCTION     0.10     0.10   437.90     0  00:09        0.10
  Sondierstollen       JUNCTION     0.00     0.00   440.80     0  00:00        0.00
  Aval_Trappe          JUNCTION     0.29     0.31   437.91     0  00:09        0.29
  30                   JUNCTION     0.47     0.47   437.77     0  00:09        0.47
  Gischeren_node       JUNCTION     2.45     2.46   478.96     0  00:09        2.46
  34                   JUNCTION    19.82    20.52   440.52     0  00:04       19.83
  38                   JUNCTION    24.73    25.91   445.91     0  00:04       24.74
  SS6                  JUNCTION     0.07     0.07   448.07     0  00:02        0.07
  40                   JUNCTION    20.49    21.01   440.01     0  00:02       20.50
  41                   JUNCTION    54.95    55.66   493.16     0  00:04       54.97
  SondeSchuettstein    JUNCTION    21.77    23.63   482.63     0  00:01       21.79
  SS4                  JUNCTION     0.06     0.06   448.06     0  00:03        0.06
  47                   JUNCTION    14.06    15.61   480.51     0  00:01       14.07
  48                   JUNCTION     9.51    11.08   482.08     0  00:01        9.52
  SondeGischeren       JUNCTION    13.93    13.98   478.98     0  00:09       13.98
  49                   JUNCTION    13.49    15.13   481.13     0  00:02       13.51
  50                   JUNCTION     8.13     8.16   471.16     0  00:09        8.16
  51                   JUNCTION    72.99    73.72   493.72     0  00:04       73.02
  Amont_C              JUNCTION    76.26    87.47   505.47     0  00:00       76.29
  52                   JUNCTION    10.17    21.78   478.78     0  00:04       10.20
  53                   JUNCTION    15.88    19.85   486.85     0  00:01       15.89
  54                   JUNCTION     1.03     1.03   464.03     0  00:09        1.03
  56                   JUNCTION     6.15     6.25   436.25     0  00:02        6.15
  2                    JUNCTION     0.08     0.08   438.08     0  00:09        0.08
  4                    JUNCTION     8.84     9.65   437.65     0  00:00        8.84
  5                    JUNCTION     6.06     6.09   478.59     0  00:04        6.07
  6                    JUNCTION    21.68    21.79   479.79     0  00:01       21.69
  7                    JUNCTION     3.55     3.57   478.57     0  00:04        3.56
  SS3                  JUNCTION     0.05     0.05   448.05     0  00:09        0.05
  SS5                  JUNCTION     0.53     0.54   439.44     0  00:09        0.54
  8                    JUNCTION     5.03     5.06   479.06     0  00:09        5.06
  10                   JUNCTION    11.50    13.17   481.17     0  00:02       11.52
  SonSto_SS5           JUNCTION     0.09     0.09   439.39     0  00:09        0.09
  SonSto_SS3           JUNCTION     0.07     0.07   439.77     0  00:09        0.07
  SonSto_SS4           JUNCTION     0.06     0.06   439.46     0  00:09        0.06
  Amont_Trappe         JUNCTION     0.20     0.22   437.92     0  00:09        0.20
  SonSto_SS6           JUNCTION     0.11     0.11   438.81     0  00:08        0.11
  SS2                  JUNCTION     0.00     0.00   448.00     0  00:00        0.00
  SonSto_SS2           JUNCTION     0.00     0.00   441.50     0  00:00        0.00
  12                   JUNCTION    19.03    19.41   468.41     0  00:04       19.04
  14                   JUNCTION     8.74    11.36   476.36     0  00:02        8.75
  15                   JUNCTION     0.37     0.37   472.37     0  00:04        0.37
  TWT_PointHaut_60+749 JUNCTION     0.16     0.17   438.67     0  00:05        0.16
  TWT_Fensterstollen_60+375 JUNCTION     0.71     0.74   438.04     0  00:09        0.71
  TWT_Acces_LT_60+110  JUNCTION     0.57     0.58   438.08     0  00:09        0.58
  TWT_Liaison_LT_59+738 JUNCTION     0.00     0.00   446.50     0  00:00        0.00
  Syst_Est_amont       JUNCTION     0.50     0.52   430.52     0  00:03        0.50
  Syst_Est_interm      JUNCTION     1.35     1.36   411.36     0  00:09        1.36
  TWT_Branche_Est_Sonsto_60+540 JUNCTION     0.42     0.47   438.87     0  00:02        0.42
  TWT_Intersection_Sonsto_60+345 JUNCTION     0.90     1.08   438.08     0  00:06        0.90
  TWT_Chrosweg_61+140  JUNCTION     0.14     0.14   432.14     0  00:09        0.14
  SonSto_F_sup         JUNCTION     0.04     0.04   448.04     0  00:04        0.04
  SonSto_porte         JUNCTION     0.00     0.00   438.50     0  00:00        0.00
  CentraleVentilation_1C JUNCTION     9.98    47.24   501.24     0  00:06       10.02
  Brunnm_Fassung       OUTFALL      0.10     0.10   433.90     0  00:04        0.10
  Brunnmuehle(Teich)   OUTFALL      0.24     0.24   435.74     0  00:04        0.24
  Fensterstollen       OUTFALL      0.46     0.46   437.46     0  00:09        0.46
  Gischeren            OUTFALL      0.00     0.00   480.00     0  00:00        0.00
  Schuettstein         OUTFALL      0.23     0.23   477.78     0  00:04        0.23
  Holiloch             OUTFALL      1.67     1.68   478.18     0  00:04        1.67
  Sauserquelle         OUTFALL      0.25     0.25   435.80     0  00:02        0.25
  Entw_Stollen         OUTFALL      0.07     0.07   436.57     0  00:09        0.07
  Sous_lacustre        OUTFALL      0.11     0.11   429.31     0  00:04        0.11
  Sous_ecoul.          OUTFALL      0.00     0.00   433.00     0  00:04        0.00
  Syst_Est_aval        OUTFALL      0.00     0.00   429.00     0  00:00        0.00
  TWT_Portail_Est_61+665 OUTFALL      0.14     0.14   421.74     0  00:09        0.14
  
  
  *******************
  Node Inflow Summary
  *******************
  
  -------------------------------------------------------------------------------------------------
                                  Maximum  Maximum                  Lateral       Total        Flow
                                  Lateral    Total  Time of Max      Inflow      Inflow     Balance
                                   Inflow   Inflow   Occurrence      Volume      Volume       Error
  Node                 Type           CMS      CMS  days hr:min    10^6 ltr    10^6 ltr     Percent
  -------------------------------------------------------------------------------------------------
  9                    JUNCTION         0     13.4     0  00:00           0         706       0.014
  Holiloch_sonde       JUNCTION         0     12.6     0  00:00           0         665       0.010
  11                   JUNCTION         0    0.264     0  00:01           0        22.5      -0.003
  13                   JUNCTION         0     15.1     0  00:00           0    1.03e+03       0.028
  21                   JUNCTION         0    0.457     0  00:04           0        38.9      -0.003
  SonSto_F             JUNCTION         0    0.528     0  00:09           0        45.2      -0.820
  Sondierstollen       JUNCTION         0        0     0  00:00           0           0       0.000 ltr
  Aval_Trappe          JUNCTION         0     1.35     0  00:09           0         110      -3.933
  30                   JUNCTION         0     5.06     0  00:09           0         435      -0.523
  Gischeren_node       JUNCTION         0    0.326     0  00:07           0        17.217212543.386 ltr
  34                   JUNCTION         0     0.42     0  00:04           0        35.7      -0.004
  38                   JUNCTION         0    0.252     0  00:01           0        20.7       0.004
  SS6                  JUNCTION         0    0.159     0  00:02           0        13.1      -0.002
  40                   JUNCTION         0     2.32     0  00:04           0         199      -0.002
  41                   JUNCTION         0     1.84     0  00:00           0        43.7       0.035
  SondeSchuettstein    JUNCTION         0    0.751     0  00:00           0        43.7      -0.010
  SS4                  JUNCTION         0    0.082     0  00:03           0        6.82       0.027
  47                   JUNCTION         0     9.71     0  00:01           0         651       0.004
  48                   JUNCTION         0    0.588     0  00:01           0        43.7       0.017
  SondeGischeren       JUNCTION         0    0.343     0  00:07           0        16.4       0.560
  49                   JUNCTION         0        1     0  00:01           0        13.2      -0.067
  50                   JUNCTION         0     0.18     0  00:04           0        12.9       0.033
  51                   JUNCTION         0     28.4     0  00:00           0    1.27e+03      -0.002
  Amont_C              JUNCTION      14.7     39.7     0  00:00    1.27e+03    1.27e+03       0.019
  52                   JUNCTION         0    0.269     0  00:03           0        18.2       0.119
  53                   JUNCTION         0    0.402     0  00:01           0        23.6       0.036
  54                   JUNCTION         0    0.289     0  00:06           0        23.6     176.074
  56                   JUNCTION         0    0.543     0  00:02           0        46.1      -0.000
  2                    JUNCTION         0    0.107     0  00:09           0         6.3     377.251
  4                    JUNCTION         0    0.387     0  00:04           0        32.8       0.017
  5                    JUNCTION         0     8.45     0  00:01           0         651       0.070
  6                    JUNCTION         0     10.7     0  00:00           0         665       0.033
  7                    JUNCTION         0     7.86     0  00:02           0         651       0.022
  SS3                  JUNCTION         0     0.15     0  00:09           0        12.9       0.042
  SS5                  JUNCTION         0    0.155     0  00:09           0        13.3       0.039
  8                    JUNCTION         0    0.569     0  00:06           0        45.1      49.238
  10                   JUNCTION         0    0.788     0  00:02           0        13.2       0.467
  SonSto_SS5           JUNCTION         0    0.171     0  00:09           0        14.7       0.041
  SonSto_SS3           JUNCTION         0   0.0741     0  00:09           0        6.39       0.268
  SonSto_SS4           JUNCTION         0    0.153     0  00:09           0        13.2       0.052
  Amont_Trappe         JUNCTION         0    0.516     0  00:08           0          43      -3.434
  SonSto_SS6           JUNCTION         0    0.322     0  00:09           0        27.8       0.227
  SS2                  JUNCTION         0        0     0  00:00           0           0       0.000 ltr
  SonSto_SS2           JUNCTION         0        0     0  00:00           0           0       0.000 ltr
  12                   JUNCTION         0    0.392     0  00:00           0        27.7       0.013
  14                   JUNCTION         0     2.07     0  00:02           0         161       0.027
  15                   JUNCTION         0    0.486     0  00:04           0        41.4       0.036
  TWT_PointHaut_60+749 JUNCTION         0     0.65     0  00:03           0        48.6      -1.695
  TWT_Fensterstollen_60+375 JUNCTION         0     6.22     0  00:09           0         344     -33.637
  TWT_Acces_LT_60+110  JUNCTION         0     2.04     0  00:06           0        35.9    1174.952
  TWT_Liaison_LT_59+738 JUNCTION         0        0     0  00:00           0           0       0.000 ltr
  Syst_Est_amont       JUNCTION     0.735    0.735     0  00:00        63.5        63.5       0.055
  Syst_Est_interm      JUNCTION         0    0.781     0  00:04           0        63.563461984.900 ltr
  TWT_Branche_Est_Sonsto_60+540 JUNCTION         0     4.14     0  00:05           0         356       0.108
  TWT_Intersection_Sonsto_60+345 JUNCTION         0     4.45     0  00:06           0         135     275.327
  TWT_Chrosweg_61+140  JUNCTION         0    0.586     0  00:07           0        49.4       5.835
  SonSto_F_sup         JUNCTION         0    0.485     0  00:04           0        41.4       0.001
  SonSto_porte         JUNCTION         0        0     0  00:00           0           0       0.000 ltr
  CentraleVentilation_1C JUNCTION         0    0.153     0  00:06           0      0.0269    5687.581
  Brunnm_Fassung       OUTFALL          0   0.0352     0  00:04           0        2.93       0.000
  Brunnmuehle(Teich)   OUTFALL          0    0.382     0  00:04           0        32.2       0.000
  Fensterstollen       OUTFALL          0     5.08     0  00:09           0         437       0.000
  Gischeren            OUTFALL          0        0     0  00:00           0           0       0.000 ltr
  Schuettstein         OUTFALL          0    0.518     0  00:04           0        43.7       0.000
  Holiloch             OUTFALL          0     7.71     0  00:04           0         651       0.000
  Sauserquelle         OUTFALL          0    0.541     0  00:02           0        46.1       0.000
  Entw_Stollen         OUTFALL          0   0.0152     0  00:09           0        1.31       0.000
  Sous_lacustre        OUTFALL          0   0.0379     0  00:04           0        3.19       0.000
  Sous_ecoul.          OUTFALL          0  0.00621     0  00:04           0       0.517       0.000
  Syst_Est_aval        OUTFALL          0        0     0  00:00           0           0       0.000 ltr
  TWT_Portail_Est_61+665 OUTFALL          0    0.543     0  00:09           0        46.7       0.000
  
  
  **********************
  Node Surcharge Summary
  **********************
  
  Surcharging occurs when water rises above the top of the highest conduit.
  ---------------------------------------------------------------------
                                               Max. Height   Min. Depth
                                   Hours       Above Crown    Below Rim
  Node                 Type      Surcharged         Meters       Meters
  ---------------------------------------------------------------------
  9                    JUNCTION       23.99         46.255       51.945
  Holiloch_sonde       JUNCTION       23.99         41.689      156.411
  11                   JUNCTION       24.00         50.592       98.948
  13                   JUNCTION       23.99         52.409      344.591
  21                   JUNCTION       24.00         41.606      107.794
  34                   JUNCTION       24.00         19.916       79.484
  38                   JUNCTION       24.00         25.311      124.089
  40                   JUNCTION       24.00         17.013       78.987
  41                   JUNCTION       23.99         54.812      194.338
  SondeSchuettstein    JUNCTION       23.98         22.829        0.000
  47                   JUNCTION       23.98         13.711       84.389
  48                   JUNCTION       23.98         10.280       88.920
  SondeGischeren       JUNCTION       23.93         12.777       86.023
  49                   JUNCTION       23.96          7.127      184.873
  50                   JUNCTION       23.92          7.864      191.836
  51                   JUNCTION       24.00         69.724      326.276
  Amont_C              JUNCTION       24.00         84.467      312.533
  52                   JUNCTION       23.93         21.383       78.217
  53                   JUNCTION       23.97         14.847      180.153
  56                   JUNCTION       23.99          5.245       93.755
  4                    JUNCTION       23.99          8.997       90.353
  5                    JUNCTION       23.97          1.090       43.910
  6                    JUNCTION       23.98         16.789      178.211
  8                    JUNCTION       23.83          0.056      194.944
  10                   JUNCTION       23.96          5.169      186.831
  12                   JUNCTION       23.98         19.056      180.594
  14                   JUNCTION       23.96          7.357      188.643
  CentraleVentilation_1C JUNCTION       23.89         46.743      152.757
  
  
  *********************
  Node Flooding Summary
  *********************
  
  No nodes were flooded.
  
  
  ***********************
  Outfall Loading Summary
  ***********************
  
  -----------------------------------------------------------
                         Flow       Avg       Max       Total
                         Freq      Flow      Flow      Volume
  Outfall Node           Pcnt       CMS       CMS    10^6 ltr
  -----------------------------------------------------------
  Brunnm_Fassung        99.94    0.0339    0.0352       2.927
  Brunnmuehle(Teich)    99.94     0.373     0.382      32.234
  Fensterstollen        99.95      5.06      5.08     437.243
  Gischeren              0.00         0         0       0.000
  Schuettstein          99.92     0.506     0.518      43.696
  Holiloch              99.88      7.54      7.71     650.622
  Sauserquelle          99.97     0.534     0.541      46.077
  Entw_Stollen          99.93    0.0151    0.0152       1.307
  Sous_lacustre        100.00    0.0369    0.0379       3.192
  Sous_ecoul.           99.94   0.00598   0.00621       0.517
  Syst_Est_aval          0.00         0         0       0.000
  TWT_Portail_Est_61+665  99.94     0.541     0.543      46.712
  -----------------------------------------------------------
  System                83.28      14.7      14.7    1264.527
  
  
  ********************
  Link Flow Summary
  ********************
  
  -----------------------------------------------------------------------------
                                 Maximum  Time of Max   Maximum    Max/    Max/
                                  |Flow|   Occurrence   |Veloc|    Full    Full
  Link                 Type          CMS  days hr:min     m/sec    Flow   Depth
  -----------------------------------------------------------------------------
  Brunn_Fassung_L      CONDUIT    0.0352     0  00:04      1.49    0.58    0.77
  11                   CONDUIT      12.6     0  00:00      6.91    1.88    1.00
  14                   CONDUIT      13.4     0  00:00      9.86    7.27    1.00
  16                   CONDUIT     0.264     0  00:01      3.09    1.84    1.00
  17                   CONDUIT     0.253     0  00:01      0.89    0.43    1.00
  26                   CONDUIT      1.84     0  00:00      3.24    2.49    1.00
  27                   CONDUIT    0.0321     0  00:09      1.09    0.41    0.72
  Gischeren_L          CONDUIT         0     0  00:00      0.00    0.00    0.50
  Schuettstein_L       CONDUIT     0.518     0  00:04      3.36    0.44    0.73
  Brunnmuehle_L        CONDUIT      0.42     0  00:04      1.49    0.20    1.00
  32                   CONDUIT         0     0  00:00      0.00    0.00    0.00
  35                   CONDUIT     0.199     0  00:07      0.27    0.04    1.00
  45                   CONDUIT     0.326     0  00:09      4.89    0.00    0.03
  46                   CONDUIT     0.543     0  00:02      1.92    0.54    1.00
  47                   CONDUIT     0.118     0  00:04      3.11    7.36    1.00
  50                   CONDUIT     0.588     0  00:01      1.89    0.11    1.00
  51                   CONDUIT    0.0279     0  00:02      0.33    0.08    1.00
  53                   CONDUIT     0.252     0  00:01      1.52    1.28    1.00
  Fenster_L            CONDUIT      5.08     0  00:09      7.40    0.05    0.16
  58                   CONDUIT      1.37     0  00:09      3.32    0.02    0.13
  59                   CONDUIT      0.17     0  00:09      2.29    0.00    0.03
  61                   CONDUIT     0.751     0  00:00      3.69    1.06    1.00
  63                   CONDUIT     0.159     0  00:02      2.20    0.72    0.52
  66                   CONDUIT      0.18     0  00:04      2.72    2.37    1.00
  67                   CONDUIT      14.6     0  00:00      3.98    0.14    1.00
  Amont_L              CONDUIT      28.4     0  00:00      4.02    1.54    1.00
  69                   CONDUIT     0.269     0  00:03      2.27    1.05    1.00
  70                   CONDUIT     0.212     0  00:04      1.69    0.66    1.00
  71                   CONDUIT     0.402     0  00:01      1.78    0.71    1.00
  72                   CONDUIT     0.273     0  00:09      1.61    1.30    0.60
  Sauser_L             CONDUIT     0.541     0  00:02      1.05    0.14    0.63
  75                   CONDUIT     0.082     0  00:03      2.82    0.83    0.63
  Entw_Sto_L           CONDUIT    0.0152     0  00:09      1.51    0.35    0.42
  4                    CONDUIT    0.0196     0  00:09      1.31    0.88    0.70
  5                    CONDUIT    0.0208     0  00:09      1.07    0.74    0.71
  6                    CONDUIT    0.0379     0  00:04      1.46    0.57    0.77
  7                    CONDUIT     0.387     0  00:04      1.97    0.60    1.00
  Brunn_Teich_L        CONDUIT     0.382     0  00:04      1.58    0.29    0.68
  9                    CONDUIT   0.00621     0  00:04      1.56    0.00    0.50
  12                   CONDUIT      8.45     0  00:01      4.81    0.17    1.00
  15                   CONDUIT      10.7     0  00:00      5.18    0.28    1.00
  18                   CONDUIT      9.71     0  00:01      4.88    0.39    1.00
  19                   CONDUIT         1     0  00:01      1.30    0.95    1.00
  20                   CONDUIT     0.528     0  00:05      4.36    0.04    0.27
  21                   CONDUIT      7.86     0  00:02      0.89    0.05    0.86
  Hooliloch_L          CONDUIT      7.71     0  00:04      1.40    0.15    0.66
  23                   CONDUIT      0.15     0  00:09      3.45    0.94    0.59
  25                   CONDUIT     0.569     0  00:06      2.00    0.46    1.00
  28                   CONDUIT    0.0739     0  00:09      1.79    0.00    0.02
  29                   CONDUIT    0.0158     0  00:09      0.59    0.00    0.03
  31                   CONDUIT      0.16     0  00:09      0.51    0.10    0.75
  33                   CONDUIT     0.788     0  00:02      0.81    0.30    1.00
  37                   CONDUIT     0.155     0  00:09      0.39    0.00    0.11
  SS3_L                CONDUIT    0.0741     0  00:09      2.54    0.00    0.03
  40                   CONDUIT     0.516     0  00:08      2.00    0.00    0.04
  SS6_L                CONDUIT     0.159     0  00:02      4.04    0.00    0.05
  1                    CONDUIT         0     0  00:00      0.00    0.00    0.01
  2                    CONDUIT         0     0  00:00      0.00    0.00    0.00
  3                    CONDUIT     0.082     0  00:03      4.25    0.01    0.06
  10                   CONDUIT     0.137     0  00:09      0.54    0.00    0.10
  13                   CONDUIT     0.392     0  00:00      4.55    0.85    1.00
  22                   CONDUIT     0.323     0  00:04      3.35    0.80    1.00
  24                   CONDUIT      2.07     0  00:02      2.98    0.00    1.00
  30                   CONDUIT      1.88     0  00:04      2.61    0.79    1.00
  34                   CONDUIT     0.486     0  00:04      2.29    0.54    0.84
  36                   CONDUIT     0.485     0  00:04      5.95    0.52    0.38
  38                   CONDUIT     0.343     0  00:07      2.64    0.13    1.00
  48                   CONDUIT     0.781     0  00:04      2.40    0.52    0.75
  54                   CONDUIT         0     0  00:00      0.00    0.00    0.45
  68                   CONDUIT     0.204     0  00:04      8.15    0.00    0.02
  73                   CONDUIT         0     0  00:00      0.00    0.00    0.02
  TWT1                 CONDUIT     0.543     0  00:09      2.87    0.00    0.02
  TWT2                 CONDUIT     0.586     0  00:07      3.02    0.00    0.02
  TWT3                 CONDUIT      0.65     0  00:03      1.19    0.00    0.04
  TWT4                 CONDUIT      3.84     0  00:02      3.62    0.01    0.07
  1_2_b_               CONDUIT         0     0  00:00      0.00    0.00    0.08
  1_2_b_2              CONDUIT     0.049     0  00:04      0.65    0.02    0.54
  1_2_b_3              CONDUIT     0.465     0  00:02      2.49    0.35    1.00
  TWT5                 CONDUIT      4.45     0  00:06      3.28    0.01    0.10
  1_4_a                CONDUIT     0.858     0  00:09      1.03    0.01    0.17
  TWT6                 CONDUIT      2.01     0  00:06      0.91    0.01    0.10
  1_4_b                CONDUIT         0     0  00:00      0.00    0.00    0.18
  TWT7                 CONDUIT         0     0  00:00      0.00    0.00    0.04
  1_5_a                CONDUIT         0     0  00:00      0.00    0.00    0.02
  1_7_a                CONDUIT       3.7     0  00:09      2.83    0.84    0.12
  1_7_a_               CONDUIT     0.232     0  00:04      2.63    0.02    0.50
  1_7_a__              CONDUIT      1.38     0  00:05      7.28    0.20    0.97
  1_7_a_1              CONDUIT      2.46     0  00:02     13.16   12.54    0.97
  1_7_a_3              CONDUIT    0.0757     0  00:09      0.82    0.02    0.50
  1_8_a                CONDUIT    0.0696     0  00:09      3.55    0.00    0.07
  CV_1C_to_54          CONDUIT     0.153     0  00:06      1.22    0.82    1.00
  
  
  ***************************
  Flow Classification Summary
  ***************************
  
  -------------------------------------------------------------------------------------
                      Adjusted    ---------- Fraction of Time in Flow Class ---------- 
                       /Actual         Up    Down  Sub   Sup   Up    Down  Norm  Inlet 
  Conduit               Length    Dry  Dry   Dry   Crit  Crit  Crit  Crit  Ltd   Ctrl  
  -------------------------------------------------------------------------------------
  Brunn_Fassung_L         1.00   0.00  0.00  0.00  0.00  1.00  0.00  0.00  0.00  0.00
  11                      1.00   0.00  0.00  0.00  1.00  0.00  0.00  0.00  0.00  0.00
  14                      1.00   0.00  0.00  0.00  1.00  0.00  0.00  0.00  0.00  0.00
  16                      1.00   0.00  0.00  0.00  1.00  0.00  0.00  0.00  0.00  0.00
  17                      1.00   0.00  0.00  0.00  1.00  0.00  0.00  0.00  0.00  0.00
  26                      1.00   0.00  0.00  0.00  1.00  0.00  0.00  0.00  0.00  0.00
  27                      1.00   0.00  0.00  0.00  1.00  0.00  0.00  0.00  0.00  0.00
  Gischeren_L             1.00   0.00  1.00  0.00  0.00  0.00  0.00  0.00  0.00  0.00
  Schuettstein_L          1.00   0.00  0.00  0.00  0.00  1.00  0.00  0.00  0.00  0.00
  Brunnmuehle_L           1.00   0.00  0.00  0.00  1.00  0.00  0.00  0.00  0.00  0.00
  32                      1.00   1.00  0.00  0.00  0.00  0.00  0.00  0.00  0.00  0.00
  35                      1.00   0.00  0.00  0.00  1.00  0.00  0.00  0.00  0.00  0.00
  45                      1.00   0.00  0.00  0.00  0.00  1.00  0.00  0.00  0.00  0.00
  46                      1.00   0.00  0.00  0.00  1.00  0.00  0.00  0.00  0.00  0.00
  47                      1.00   0.00  0.00  0.00  1.00  0.00  0.00  0.00  0.00  0.00
  50                      1.00   0.00  0.00  0.00  1.00  0.00  0.00  0.00  0.00  0.00
  51                      1.00   0.00  0.00  0.00  1.00  0.00  0.00  0.00  0.00  0.00
  53                      1.00   0.00  0.00  0.00  1.00  0.00  0.00  0.00  0.00  0.00
  Fenster_L               1.00   0.00  0.00  0.00  0.00  1.00  0.00  0.00  0.00  0.00
  58                      1.00   0.00  0.00  0.00  0.00  1.00  0.00  0.00  0.00  0.00
  59                      1.00   0.00  0.00  0.00  0.00  1.00  0.00  0.00  1.00  0.00
  61                      1.00   0.00  0.00  0.00  1.00  0.00  0.00  0.00  0.00  0.00
  63                      1.00   0.00  0.00  0.00  1.00  0.00  0.00  0.00  0.00  0.00
  66                      1.00   0.00  0.00  0.00  1.00  0.00  0.00  0.00  0.00  0.00
  67                      1.00   0.00  0.00  0.00  1.00  0.00  0.00  0.00  0.00  0.00
  Amont_L                 1.00   0.00  0.00  0.00  1.00  0.00  0.00  0.00  0.00  0.00
  69                      1.00   0.00  0.00  0.00  1.00  0.00  0.00  0.00  0.00  0.00
  70                      1.00   0.00  0.00  0.00  1.00  0.00  0.00  0.00  0.00  0.00
  71                      1.00   0.00  0.00  0.00  1.00  0.00  0.00  0.00  0.00  0.00
  72                      1.00   0.00  0.00  0.00  1.00  0.00  0.00  0.00  0.00  0.00
  Sauser_L                1.00   0.00  0.00  0.00  1.00  0.00  0.00  0.00  0.00  0.00
  75                      1.00   0.00  0.00  0.00  0.00  1.00  0.00  0.00  0.00  0.00
  Entw_Sto_L              1.00   0.00  0.00  0.00  0.00  1.00  0.00  0.00  0.00  0.00
  4                       1.00   0.00  0.00  0.00  0.99  0.01  0.00  0.00  0.00  0.00
  5                       1.00   0.00  0.00  0.00  0.99  0.01  0.00  0.00  0.00  0.00
  6                       1.00   0.00  0.00  0.00  0.00  1.00  0.00  0.00  0.00  0.00
  7                       1.00   0.00  0.00  0.00  1.00  0.00  0.00  0.00  0.00  0.00
  Brunn_Teich_L           1.00   0.00  0.00  0.00  1.00  0.00  0.00  0.00  0.00  0.00
  9                       1.00   0.00  0.00  0.00  0.00  1.00  0.00  0.00  0.00  0.00
  12                      1.00   0.00  0.00  0.00  1.00  0.00  0.00  0.00  0.00  0.00
  15                      1.00   0.00  0.00  0.00  1.00  0.00  0.00  0.00  0.00  0.00
  18                      1.00   0.00  0.00  0.00  1.00  0.00  0.00  0.00  0.00  0.00
  19                      1.00   0.00  0.00  0.00  1.00  0.00  0.00  0.00  0.00  0.00
  20                      1.00   0.00  0.00  0.00  0.00  1.00  0.00  0.00  0.00  0.00
  21                      1.00   0.00  0.00  0.00  1.00  0.00  0.00  0.00  0.00  0.00
  Hooliloch_L             1.00   0.00  0.00  0.00  1.00  0.00  0.00  0.00  0.00  0.00
  23                      1.00   0.00  0.00  0.00  0.00  1.00  0.00  0.00  0.00  0.00
  25                      1.00   0.00  0.00  0.00  1.00  0.00  0.00  0.00  0.00  0.00
  28                      1.00   0.00  0.00  0.00  0.00  1.00  0.00  0.00  0.00  0.00
  29                      1.00   0.00  0.00  0.00  1.00  0.00  0.00  0.00  1.00  0.00
  31                      1.00   0.00  0.00  0.00  1.00  0.00  0.00  0.00  0.00  0.00
  33                      1.00   0.00  0.00  0.00  1.00  0.00  0.00  0.00  0.00  0.00
  37                      1.00   0.00  0.00  0.00  1.00  0.00  0.00  0.00  0.00  0.00
  SS3_L                   1.00   0.00  0.00  0.00  0.00  1.00  0.00  0.00  1.00  0.00
  40                      1.00   0.00  0.00  0.00  0.99  0.01  0.00  0.00  0.00  0.00
  SS6_L                   1.00   0.00  0.00  0.00  0.00  1.00  0.00  0.00  1.00  0.00
  1                       1.00   0.00  1.00  0.00  0.00  0.00  0.00  0.00  0.00  0.00
  2                       1.00   1.00  0.00  0.00  0.00  0.00  0.00  0.00  0.00  0.00
  3                       1.00   0.00  0.00  0.00  0.00  1.00  0.00  0.00  1.00  0.00
  10                      1.00   0.00  0.00  0.00  1.00  0.00  0.00  0.00  1.00  0.00
  13                      1.00   0.00  0.00  0.00  1.00  0.00  0.00  0.00  0.00  0.00
  22                      1.00   0.00  0.00  0.00  1.00  0.00  0.00  0.00  0.00  0.00
  24                      1.00   0.00  0.00  0.00  1.00  0.00  0.00  0.00  0.00  0.00
  30                      1.00   0.00  0.00  0.00  1.00  0.00  0.00  0.00  0.00  0.00
  34                      1.00   0.00  0.00  0.00  0.00  1.00  0.00  0.00  0.00  0.00
  36                      1.00   0.00  0.00  0.00  0.00  1.00  0.00  0.00  0.00  0.00
  38                      1.00   0.00  0.00  0.00  1.00  0.00  0.00  0.00  0.00  0.00
  48                      1.00   0.00  0.00  0.00  1.00  0.00  0.00  0.00  1.00  0.00
  54                      1.00   0.00  1.00  0.00  0.00  0.00  0.00  0.00  0.00  0.00
  68                      1.00   0.00  0.00  0.00  0.00  1.00  0.00  0.00  1.00  0.00
  73                      1.00   0.00  1.00  0.00  0.00  0.00  0.00  0.00  0.00  0.00
  TWT1                    1.00   0.00  0.00  0.00  0.00  1.00  0.00  0.00  0.00  0.00
  TWT2                    1.00   0.00  0.00  0.00  0.00  1.00  0.00  0.00  0.00  0.00
  TWT3                    1.00   0.00  0.00  0.00  1.00  0.00  0.00  0.00  0.00  0.00
  TWT4                    1.00   0.00  0.00  0.00  0.00  1.00  0.00  0.00  1.00  0.00
  1_2_b_                  1.00   0.00  1.00  0.00  0.00  0.00  0.00  0.00  0.00  0.00
  1_2_b_2                 1.00   0.00  0.00  0.00  1.00  0.00  0.00  0.00  1.00  0.00
  1_2_b_3                 1.00   0.00  0.00  0.00  1.00  0.00  0.00  0.00  0.00  0.00
  TWT5                    1.00   0.00  0.00  0.00  1.00  0.00  0.00  0.00  0.00  0.00
  1_4_a                   1.00   0.00  0.00  0.00  1.00  0.00  0.00  0.00  0.00  0.00
  TWT6                    1.00   0.00  0.00  0.00  1.00  0.00  0.00  0.00  0.00  0.00
  1_4_b                   1.00   0.00  1.00  0.00  0.00  0.00  0.00  0.00  0.00  0.00
  TWT7                    1.00   0.00  1.00  0.00  0.00  0.00  0.00  0.00  0.00  0.00
  1_5_a                   1.00   0.00  1.00  0.00  0.00  0.00  0.00  0.00  0.00  0.00
  1_7_a                   1.00   0.00  0.00  0.00  0.00  1.00  0.00  0.00  0.00  0.00
  1_7_a_                  1.00   0.00  0.00  0.00  0.00  1.00  0.00  0.00  1.00  0.00
  1_7_a__                 1.00   0.00  0.00  0.00  0.00  1.00  0.00  0.00  0.00  0.00
  1_7_a_1                 1.00   0.00  0.00  0.00  0.00  1.00  0.00  0.00  0.00  0.00
  1_7_a_3                 1.00   0.00  0.00  0.00  1.00  0.00  0.00  0.00  1.00  0.00
  1_8_a                   1.00   0.00  0.00  0.00  1.00  0.00  0.00  0.00  0.01  0.00
  CV_1C_to_54             1.00   0.00  0.00  0.00  1.00  0.00  0.00  0.00  0.00  0.00
  
  
  *************************
  Conduit Surcharge Summary
  *************************
  
  ----------------------------------------------------------------------------
                                                           Hours        Hours 
                         --------- Hours Full --------   Above Full   Capacity
  Conduit                Both Ends  Upstream  Dnstream   Normal Flow   Limited
  ----------------------------------------------------------------------------
  Brunn_Fassung_L             0.01      0.01     24.00      0.01         0.01
  11                         23.99     23.99     23.99     23.99         0.01
  14                         23.99     23.99     23.99     23.99         0.01
  16                         24.00     24.00     24.00     23.99        23.99
  17                         24.00     24.00     24.00      0.01         0.01
  26                         23.99     23.99     23.99      0.01         0.01
  27                          0.01      0.01     23.95      0.01         0.01
  Schuettstein_L              0.01      0.01     23.98      0.01         0.01
  Brunnmuehle_L              24.00     24.00     24.00      0.01         0.01
  35                         23.86     23.86     23.93      0.01         0.01
  46                         24.00     24.00     24.00      0.01         0.01
  47                         24.00     24.00     24.00     24.00        24.00
  50                         23.98     23.98     23.98      0.01         0.01
  51                         23.96     23.96     23.99      0.01         0.01
  53                         24.00     24.00     24.00     23.99         0.01
  61                         23.99     23.99     23.99      0.01         0.01
  63                          0.01     23.97      0.01      0.01         0.01
  66                         23.92     23.97     23.92     23.96        23.92
  67                         23.99     23.99     24.00      0.01         0.01
  Amont_L                    24.00     24.00     24.00      0.01         0.01
  69                         23.93     23.93     24.00      0.02         0.01
  70                         23.93     23.93     24.00      0.01         0.01
  71                         23.98     23.98     23.99      0.01         0.01
  72                          0.01     23.97      0.01     23.97         0.01
  Sauser_L                    0.01      0.01     24.00      0.01         0.01
  75                          0.01     23.94      0.01      0.01         0.01
  4                           0.01     23.96      0.01      0.01         0.01
  5                           0.01      0.01     24.00      0.01         0.01
  6                           0.01      0.01     24.00      0.01         0.01
  7                          23.99     23.99     24.00      0.01         0.01
  Brunn_Teich_L               0.01      0.01     23.99      0.01         0.01
  9                           0.01      0.01     23.99      0.01         0.01
  12                         23.98     23.98     23.98      0.01         0.01
  15                         23.98     23.98     23.99      0.01         0.01
  18                         23.98     23.98     23.98      0.01         0.01
  19                         23.97     23.97     23.98      0.01         0.01
  21                          0.01      0.01     23.97      0.01         0.01
  23                          0.01     23.92      0.01      0.01         0.01
  25                         23.89     23.89     23.99      0.01         0.01
  31                          0.01      0.01     23.83      0.01         0.01
  33                         23.96     23.96     23.96      0.01         0.01
  13                         23.98     23.98     24.00      0.01         0.01
  22                         23.98     23.98     24.00      0.01         0.01
  24                         23.96     23.96     24.00      0.01         0.01
  30                         23.96     23.96     24.00      0.01         0.01
  34                          0.01      0.01     23.99      0.01         0.01
  38                         23.90     23.90     23.93      0.01         0.01
  48                          0.01      0.01     23.87      0.01         0.01
  1_2_b_2                     0.01      0.01     23.92      0.01         0.01
  1_2_b_3                    23.92     23.92     24.00      0.01         0.01
  1_7_a__                     0.01      0.01     24.00      0.01         0.01
  1_7_a_1                     0.01      0.01     24.00     23.99         0.01
  CV_1C_to_54                23.88     23.88     23.89      0.01         0.01
  

  Analysis begun on:  Wed Sep 30 11:41:45 2026
  Analysis ended on:  Wed Sep 30 11:41:49 2026
  Total elapsed time: 00:00:04