
  EPA STORM WATER MANAGEMENT MODEL - VERSION 5.2 (Build 5.2.4)
  ------------------------------------------------------------

  Brunnmuehle (Twann) 
  WARNING 08: elevation drop exceeds length for Conduit SS3_L
  WARNING 08: elevation drop exceeds length for Conduit SS6_L
  WARNING 08: elevation drop exceeds length for Conduit 2
  WARNING 08: elevation drop exceeds length for Conduit 3
  WARNING 08: elevation drop exceeds length for Conduit 68
  WARNING 08: elevation drop exceeds length for Conduit 1_2_b_
  WARNING 08: elevation drop exceeds length for Conduit 1_2_b_2
  WARNING 08: elevation drop exceeds length for Conduit 1_4_b
  WARNING 08: elevation drop exceeds length for Conduit 1_5_a
  WARNING 02: maximum depth increased for Node 2
  
  ****************
  Analysis Options
  ****************
  Flow Units ............... CMS
  Process Models:
    Rainfall/Runoff ........ NO
    RDII ................... NO
    Snowmelt ............... NO
    Groundwater ............ NO
    Flow Routing ........... YES
    Ponding Allowed ........ NO
    Water Quality .......... NO
  Flow Routing Method ...... DYNWAVE
  Surcharge Method ......... EXTRAN
  Starting Date ............ 01/01/2000 00:00:00
  Ending Date .............. 01/02/2000 00:00:00
  Antecedent Dry Days ...... 0.0
  Report Time Step ......... 01:00:00
  Routing Time Step ........ 0.50 sec
  Variable Time Step ....... YES
  Maximum Trials ........... 8
  Number of Threads ........ 1
  Head Tolerance ........... 0.001500 m
  
  
  **************************        Volume        Volume
  Flow Routing Continuity        hectare-m      10^6 ltr
  **************************     ---------     ---------
  Dry Weather Inflow .......         0.000         0.000
  Wet Weather Inflow .......         0.000         0.000
  Groundwater Inflow .......         0.000         0.000
  RDII Inflow ..............         0.000         0.000
  External Inflow ..........       195.026      1950.277
  External Outflow .........       184.984      1849.858
  Flooding Loss ............         0.000         0.000
  Evaporation Loss .........         0.000         0.000
  Exfiltration Loss ........         0.000         0.000
  Initial Stored Volume ....         0.056         0.561
  Final Stored Volume ......         0.625         6.245
  Continuity Error (%) .....         4.856
  
  
  *************************
  Highest Continuity Errors
  *************************
  Node TWT_Acces_LT_60+110 (-7727.12%)
  Node TWT_Intersection_Sonsto_60+345 (81.20%)
  Node 2 (63.17%)
  Node SondeGischeren (53.61%)
  Node 54 (52.90%)
  
  
  ***************************
  Time-Step Critical Elements
  ***************************
  Link 1_4_a (18160.04%)
  Link 1_2_b_1 (1.37%)
  
  
  ********************************
  Highest Flow Instability Indexes
  ********************************
  All links are stable.
  
  
  *********************************
  Most Frequent Nonconverging Nodes
  *********************************
  Node Brunnm_Fassung (55.10%)
  Node Brunnmuehle(Teich) (55.10%)
  Node Fensterstollen (55.10%)
  Node Gischeren (55.10%)
  Node Schuettstein (55.10%)
  
  
  *************************
  Routing Time Step Summary
  *************************
  Minimum Time Step           :     0.50 sec
  Average Time Step           :     0.50 sec
  Maximum Time Step           :     0.50 sec
  % of Time in Steady State   :    99.45
  Average Iterations per Step :     6.02
  % of Steps Not Converging   :    55.10
  Time Step Frequencies       :
      0.500 -  0.500 sec      :   100.00 %
      0.500 -  0.500 sec      :     0.00 %
      0.500 -  0.500 sec      :     0.00 %
      0.500 -  0.500 sec      :     0.00 %
      0.500 -  0.500 sec      :     0.00 %
  
  
  ******************
  Node Depth Summary
  ******************
  
  ---------------------------------------------------------------------------------
                                 Average  Maximum  Maximum  Time of Max    Reported
                                   Depth    Depth      HGL   Occurrence   Max Depth
  Node                 Type       Meters   Meters   Meters  days hr:min      Meters
  ---------------------------------------------------------------------------------
  9                    JUNCTION    40.05    43.03   481.53     0  00:00       40.08
  Holiloch_sonde       JUNCTION    38.23    40.56   480.56     0  00:00       38.26
  11                   JUNCTION    44.48    45.88   455.88     0  00:00       44.49
  13                   JUNCTION    42.33    42.62   480.62     0  00:04       42.36
  21                   JUNCTION    40.18    40.45   440.45     0  00:07       40.19
  SonSto_F             JUNCTION     0.56     0.71   438.51     0  00:07        0.56
  Sondierstollen       JUNCTION     0.00     0.00   440.80     0  00:00        0.00
  Aval_Trappe          JUNCTION     0.86     0.88   438.48     0  00:07        0.86
  30                   JUNCTION     0.79     0.80   438.10     0  00:07        0.80
  Gischeren_node       JUNCTION     0.00     0.00   476.50     0  00:00        0.00
  34                   JUNCTION    18.97    19.21   439.21     0  00:07       18.98
  38                   JUNCTION    22.83    23.15   443.15     0  00:07       22.84
  SS6                  JUNCTION     0.07     0.07   448.07     0  00:03        0.07
  40                   JUNCTION    37.34    38.15   457.15     0  00:04       37.37
  41                   JUNCTION    42.79    43.08   480.58     0  00:04       42.82
  SondeSchuettstein    JUNCTION    19.39    20.98   479.98     0  00:01       19.41
  SS4                  JUNCTION     0.06     0.06   448.06     0  00:02        0.06
  47                   JUNCTION    13.04    13.07   477.97     0  00:05       13.06
  48                   JUNCTION     7.35     8.85   479.85     0  00:01        7.36
  SondeGischeren       JUNCTION     0.95     0.95   465.95     0  00:07        0.95
  49                   JUNCTION    11.90    12.14   478.14     0  00:03       11.92
  50                   JUNCTION     0.19     0.19   463.19     0  00:07        0.19
  51                   JUNCTION    61.17    61.50   481.50     0  00:04       61.20
  Amont_C              JUNCTION    65.88   101.03   519.03     0  00:00       65.91
  52                   JUNCTION     3.67     7.87   464.87     0  00:07        3.69
  53                   JUNCTION     7.18     9.15   476.15     0  00:02        7.18
  54                   JUNCTION     1.75     1.75   464.75     0  00:07        1.75
  56                   JUNCTION     6.96     7.13   437.13     0  00:04        6.96
  2                    JUNCTION     0.10     0.10   438.10     0  00:07        0.10
  4                    JUNCTION     8.65     9.13   437.13     0  00:00        8.65
  5                    JUNCTION     5.39     5.40   477.90     0  00:05        5.39
  6                    JUNCTION    20.05    20.24   478.24     0  00:01       20.07
  7                    JUNCTION     2.89     2.90   477.90     0  00:05        2.89
  SS3                  JUNCTION     0.06     0.06   448.06     0  00:07        0.06
  SS5                  JUNCTION     0.64     0.64   439.54     0  00:07        0.64
  8                    JUNCTION     0.18     0.18   474.18     0  00:05        0.18
  10                   JUNCTION     9.89    10.16   478.16     0  00:03        9.91
  SonSto_SS5           JUNCTION     0.15     0.15   439.45     0  00:07        0.15
  SonSto_SS3           JUNCTION     0.08     0.08   439.78     0  00:07        0.08
  SonSto_SS4           JUNCTION     0.14     0.14   439.54     0  00:07        0.14
  Amont_Trappe         JUNCTION     0.70     0.81   438.51     0  00:02        0.70
  SonSto_SS6           JUNCTION     0.14     0.14   438.84     0  00:07        0.14
  SS2                  JUNCTION     0.00     0.00   448.00     0  00:00        0.00
  SonSto_SS2           JUNCTION     0.00     0.00   441.50     0  00:00        0.00
  12                   JUNCTION    20.59    21.07   470.07     0  00:04       20.61
  14                   JUNCTION     7.24     9.33   474.33     0  00:04        7.26
  15                   JUNCTION     0.29     0.29   472.29     0  00:05        0.29
  TWT_PointHaut_60+650 JUNCTION     0.29     0.29   438.79     0  00:07        0.29
  TWT_Fensterstollen_60+375 JUNCTION     1.32     1.33   438.63     0  00:07        1.33
  TWT_Acces_LT_60+110  JUNCTION     1.26     1.28   438.78     0  00:07        1.27
  TWT_Liaison_LT_59+738 JUNCTION     0.00     0.00   450.60     0  00:00        0.00
  Syst_Est_amont       JUNCTION     8.78    10.27   440.27     0  00:03        8.80
  Syst_Est_interm      JUNCTION    20.54    27.97   437.97     0  00:05       20.62
  TWT_Branche_Est_Sonsto_60+540 JUNCTION     0.00     0.00   442.40     0  00:00        0.00
  TWT_Intersection_Sonsto_60+345 JUNCTION     1.63     1.63   438.63     0  00:07        1.63
  TWT_Chrosweg_61+140  JUNCTION     0.22     0.22   432.22     0  00:07        0.22
  SonSto_F_sup         JUNCTION     0.05     0.05   448.05     0  00:05        0.05
  SonSto_porte         JUNCTION     0.12     0.13   438.63     0  00:07        0.13
  Brunnm_Fassung       OUTFALL      0.10     0.10   433.90     0  00:07        0.10
  Brunnmuehle(Teich)   OUTFALL      0.22     0.22   435.72     0  00:07        0.22
  Fensterstollen       OUTFALL      0.76     0.76   437.76     0  00:07        0.76
  Gischeren            OUTFALL      0.00     0.00   480.00     0  00:00        0.00
  Schuettstein         OUTFALL      0.14     0.15   477.70     0  00:01        0.14
  Holiloch             OUTFALL      1.17     1.18   477.68     0  00:05        1.18
  Sauserquelle         OUTFALL      0.39     0.39   435.94     0  00:04        0.39
  Entw_Stollen         OUTFALL      0.10     0.10   436.60     0  00:07        0.10
  Sous_lacustre        OUTFALL      0.10     0.10   429.30     0  00:07        0.10
  Sous_ecoul.          OUTFALL      0.00     0.00   433.00     0  00:07        0.00
  Syst_Est_aval        OUTFALL      0.43     0.52   429.52     0  00:05        0.43
  TWT_Portail_Est_61+665 OUTFALL      0.21     0.21   421.81     0  00:07        0.21
  
  
  *******************
  Node Inflow Summary
  *******************
  
  -------------------------------------------------------------------------------------------------
                                  Maximum  Maximum                  Lateral       Total        Flow
                                  Lateral    Total  Time of Max      Inflow      Inflow     Balance
                                   Inflow   Inflow   Occurrence      Volume      Volume       Error
  Node                 Type           CMS      CMS  days hr:min    10^6 ltr    10^6 ltr     Percent
  -------------------------------------------------------------------------------------------------
  9                    JUNCTION         0     12.3     0  00:00           0         299       0.038
  Holiloch_sonde       JUNCTION         0     10.9     0  00:00           0         270       0.027
  11                   JUNCTION         0    0.233     0  00:04           0        20.1      -0.001
  13                   JUNCTION         0     21.5     0  00:00           0    1.69e+03       0.031
  21                   JUNCTION         0      0.4     0  00:07           0        34.5      -0.000
  SonSto_F             JUNCTION         0     1.31     0  00:02           0        72.7     -24.956
  Sondierstollen       JUNCTION         0        0     0  00:00           0           0       0.000 ltr
  Aval_Trappe          JUNCTION         0     13.9     0  00:07           0    1.18e+03      -2.160
  30                   JUNCTION         0     14.1     0  00:07           0    1.21e+03      -1.195
  Gischeren_node       JUNCTION         0        0     0  00:00           0           0       0.000 ltr
  34                   JUNCTION         0    0.366     0  00:07           0        31.6      -0.000
  38                   JUNCTION         0     0.22     0  00:01           0        18.3      -0.001
  SS6                  JUNCTION         0    0.145     0  00:03           0        12.4       0.003
  40                   JUNCTION         0     1.57     0  00:04           0         135       0.000
  41                   JUNCTION         0     1.38     0  00:00           0        17.7       0.093
  SondeSchuettstein    JUNCTION         0     0.54     0  00:01           0        17.7       0.070
  SS4                  JUNCTION         0   0.0817     0  00:02           0        6.98       0.036
  47                   JUNCTION         0     6.25     0  00:01           0         257       0.006
  48                   JUNCTION         0    0.364     0  00:01           0        17.7       0.030
  SondeGischeren       JUNCTION         0    0.183     0  00:05           0        15.7     115.543
  49                   JUNCTION         0    0.844     0  00:02           0        12.5       0.537
  50                   JUNCTION         0   0.0845     0  00:07           0        7.29       0.605
  51                   JUNCTION         0     38.2     0  00:00           0    1.86e+03      -0.000
  Amont_C              JUNCTION      21.5     46.6     0  00:00    1.86e+03    1.86e+03       0.014
  52                   JUNCTION         0    0.218     0  00:06           0        16.2       0.135
  53                   JUNCTION         0     0.26     0  00:01           0        18.7       0.044
  54                   JUNCTION         0    0.217     0  00:07           0        18.7     112.326
  56                   JUNCTION         0     1.29     0  00:04           0         111       0.000
  2                    JUNCTION         0   0.0673     0  00:07           0        5.79     171.538
  4                    JUNCTION         0    0.336     0  00:07           0        28.9       0.019
  5                    JUNCTION         0     4.89     0  00:01           0         257       0.014
  6                    JUNCTION         0     7.72     0  00:00           0         270       0.048
  7                    JUNCTION         0     3.21     0  00:03           0         257       0.486
  SS3                  JUNCTION         0    0.084     0  00:07           0        7.25       0.100
  SS5                  JUNCTION         0    0.358     0  00:07           0        30.8       0.080
  8                    JUNCTION         0    0.185     0  00:04           0        15.7       0.093
  10                   JUNCTION         0    0.575     0  00:03           0        12.5       0.289
  SonSto_SS5           JUNCTION         0    0.448     0  00:07           0        38.6       0.042
  SonSto_SS3           JUNCTION         0    0.084     0  00:07           0        7.24       0.468
  SonSto_SS4           JUNCTION         0    0.164     0  00:07           0        14.2       0.157
  Amont_Trappe         JUNCTION         0     1.54     0  00:07           0        91.3      19.981
  SonSto_SS6           JUNCTION         0    0.592     0  00:07           0        51.1       0.035
  SS2                  JUNCTION         0        0     0  00:00           0           0       0.000 ltr
  SonSto_SS2           JUNCTION         0        0     0  00:00           0           0       0.000 ltr
  12                   JUNCTION         0    0.329     0  00:01           0        18.9       0.021
  14                   JUNCTION         0     1.47     0  00:04           0         110       0.042
  15                   JUNCTION         0    0.342     0  00:05           0        29.4       0.070
  TWT_PointHaut_60+650 JUNCTION         0     2.02     0  00:07           0         174       6.011
  TWT_Fensterstollen_60+375 JUNCTION         0     13.8     0  00:04           0    1.18e+03       7.048
  TWT_Acces_LT_60+110  JUNCTION         0     6.67     0  00:04           0        1.52     -98.722
  TWT_Liaison_LT_59+738 JUNCTION         0        0     0  00:00           0           0       0.000 ltr
  Syst_Est_amont       JUNCTION      1.08     1.86     0  00:04        92.9          93       0.155
  Syst_Est_interm      JUNCTION         0     1.86     0  00:04           0        82.4       0.462
  TWT_Branche_Est_Sonsto_60+540 JUNCTION         0        0     0  00:00           0           0       0.000 ltr
  TWT_Intersection_Sonsto_60+345 JUNCTION         0     11.3     0  00:01           0         122     431.897
  TWT_Chrosweg_61+140  JUNCTION         0      1.9     0  00:07           0         164      35.276
  SonSto_F_sup         JUNCTION         0    0.342     0  00:05           0        29.4       0.005
  SonSto_porte         JUNCTION         0    0.209     0  00:07           0        15.4     591.222
  Brunnm_Fassung       OUTFALL          0    0.031     0  00:07           0        2.65       0.000
  Brunnmuehle(Teich)   OUTFALL          0    0.331     0  00:07           0        28.4       0.000
  Fensterstollen       OUTFALL          0     14.2     0  00:07           0    1.23e+03       0.000
  Gischeren            OUTFALL          0        0     0  00:00           0           0       0.000 ltr
  Schuettstein         OUTFALL          0    0.224     0  00:01           0        17.7       0.000
  Holiloch             OUTFALL          0     3.01     0  00:05           0         256       0.000
  Sauserquelle         OUTFALL          0     1.29     0  00:04           0         111       0.000
  Entw_Stollen         OUTFALL          0   0.0248     0  00:07           0        2.13       0.000
  Sous_lacustre        OUTFALL          0   0.0348     0  00:07           0        2.98       0.000
  Sous_ecoul.          OUTFALL          0  0.00591     0  00:07           0       0.504       0.000
  Syst_Est_aval        OUTFALL          0     1.37     0  00:05           0          82       0.000
  TWT_Portail_Est_61+665 OUTFALL          0     1.41     0  00:07           0         121       0.000
  
  
  **********************
  Node Surcharge Summary
  **********************
  
  Surcharging occurs when water rises above the top of the highest conduit.
  ---------------------------------------------------------------------
                                               Max. Height   Min. Depth
                                   Hours       Above Crown    Below Rim
  Node                 Type      Surcharged         Meters       Meters
  ---------------------------------------------------------------------
  9                    JUNCTION       23.99         41.226       56.974
  Holiloch_sonde       JUNCTION       23.98         38.656      159.444
  11                   JUNCTION       24.00         45.421      104.119
  13                   JUNCTION       23.99         39.619      357.381
  21                   JUNCTION       24.00         39.854      109.546
  34                   JUNCTION       24.00         18.612       80.788
  38                   JUNCTION       24.00         22.550      126.850
  40                   JUNCTION       24.00         34.152       61.848
  41                   JUNCTION       23.99         42.226      206.924
  SondeSchuettstein    JUNCTION       23.98         20.176        0.000
  47                   JUNCTION       23.98         11.173       86.927
  48                   JUNCTION       23.98          8.052       91.148
  49                   JUNCTION       23.95          4.142      187.858
  51                   JUNCTION       24.00         57.504      338.496
  Amont_C              JUNCTION       24.00         98.030      298.970
  52                   JUNCTION       23.88          7.466       92.134
  53                   JUNCTION       23.96          4.152      190.848
  56                   JUNCTION       24.00          6.134       92.866
  4                    JUNCTION       23.99          8.479       90.871
  5                    JUNCTION       23.94          0.403       44.597
  6                    JUNCTION       23.98         15.241      179.759
  10                   JUNCTION       23.95          2.165      189.835
  12                   JUNCTION       23.98         20.721      178.929
  14                   JUNCTION       23.93          5.332      190.668
  Syst_Est_amont       JUNCTION       23.94          9.270       89.730
  Syst_Est_interm      JUNCTION       23.91         26.473       72.027
  
  
  *********************
  Node Flooding Summary
  *********************
  
  No nodes were flooded.
  
  
  ***********************
  Outfall Loading Summary
  ***********************
  
  -----------------------------------------------------------
                         Flow       Avg       Max       Total
                         Freq      Flow      Flow      Volume
  Outfall Node           Pcnt       CMS       CMS    10^6 ltr
  -----------------------------------------------------------
  Brunnm_Fassung        99.94    0.0307     0.031       2.648
  Brunnmuehle(Teich)    99.94     0.329     0.331      28.403
  Fensterstollen        99.95      14.2      14.2    1225.855
  Gischeren              0.00         0         0       0.000
  Schuettstein          99.90     0.205     0.224      17.665
  Holiloch              99.81      2.96      3.01     255.635
  Sauserquelle          99.98      1.28      1.29     110.821
  Entw_Stollen          99.94    0.0247    0.0248       2.134
  Sous_lacustre        100.00    0.0345    0.0348       2.984
  Sous_ecoul.           99.94   0.00583   0.00591       0.504
  Syst_Est_aval         99.62     0.953      1.37      82.045
  TWT_Portail_Est_61+665  99.98       1.4      1.41     121.154
  -----------------------------------------------------------
  System                91.58      21.4      21.5    1849.849
  
  
  ********************
  Link Flow Summary
  ********************
  
  -----------------------------------------------------------------------------
                                 Maximum  Time of Max   Maximum    Max/    Max/
                                  |Flow|   Occurrence   |Veloc|    Full    Full
  Link                 Type          CMS  days hr:min     m/sec    Flow   Depth
  -----------------------------------------------------------------------------
  Brunn_Fassung_L      CONDUIT     0.031     0  00:07      1.35    0.51    0.75
  11                   CONDUIT      10.9     0  00:00      6.24    1.63    1.00
  14                   CONDUIT      12.3     0  00:00      7.95    6.67    1.00
  16                   CONDUIT     0.233     0  00:04      2.73    1.63    1.00
  17                   CONDUIT      0.22     0  00:01      0.78    0.38    1.00
  26                   CONDUIT      1.38     0  00:00      2.46    1.87    1.00
  27                   CONDUIT    0.0746     0  00:02      1.96    0.96    1.00
  Gischeren_L          CONDUIT         0     0  00:00      0.00    0.00    0.00
  Schuettstein_L       CONDUIT     0.224     0  00:01      1.66    0.19    0.65
  Brunnmuehle_L        CONDUIT     0.366     0  00:07      1.29    0.17    1.00
  32                   CONDUIT         0     0  00:00      0.00    0.00    0.00
  35                   CONDUIT         0     0  00:00      0.00    0.00    0.40
  45                   CONDUIT     0.592     0  00:07      2.08    0.00    0.14
  46                   CONDUIT      1.29     0  00:04      4.55    1.28    1.00
  47                   CONDUIT    0.0996     0  00:00      2.62    6.21    1.00
  50                   CONDUIT     0.364     0  00:01      1.26    0.07    1.00
  51                   CONDUIT     0.286     0  00:04      2.97    0.80    1.00
  53                   CONDUIT      0.22     0  00:01      1.32    1.12    1.00
  Fenster_L            CONDUIT      14.2     0  00:07      9.80    0.14    0.26
  58                   CONDUIT        14     0  00:07      8.78    0.18    0.28
  59                   CONDUIT     0.448     0  00:07      3.51    0.00    0.05
  61                   CONDUIT      0.54     0  00:01      2.56    0.76    1.00
  63                   CONDUIT     0.145     0  00:03      2.01    0.65    0.52
  66                   CONDUIT    0.0845     0  00:07      1.43    1.11    0.81
  67                   CONDUIT      21.5     0  00:00      5.74    0.21    1.00
  Amont_L              CONDUIT      38.2     0  00:00      5.40    2.07    1.00
  69                   CONDUIT     0.218     0  00:06      1.85    0.85    1.00
  70                   CONDUIT     0.188     0  00:07      1.52    0.58    1.00
  71                   CONDUIT      0.26     0  00:01      1.14    0.46    1.00
  72                   CONDUIT     0.217     0  00:07      1.21    1.03    0.68
  Sauser_L             CONDUIT      1.29     0  00:04      2.20    0.33    0.70
  75                   CONDUIT    0.0817     0  00:02      2.82    0.83    0.62
  Entw_Sto_L           CONDUIT    0.0248     0  00:07      1.74    0.57    0.55
  4                    CONDUIT    0.0212     0  00:07      1.21    0.95    0.76
  5                    CONDUIT    0.0201     0  00:07      0.95    0.72    0.78
  6                    CONDUIT    0.0348     0  00:07      1.36    0.52    0.76
  7                    CONDUIT     0.336     0  00:07      1.71    0.52    1.00
  Brunn_Teich_L        CONDUIT     0.331     0  00:07      1.40    0.25    0.67
  9                    CONDUIT   0.00591     0  00:07      1.49    0.00    0.50
  12                   CONDUIT      4.89     0  00:01      2.99    0.10    1.00
  15                   CONDUIT      7.72     0  00:00      4.39    0.20    1.00
  18                   CONDUIT      6.25     0  00:01      3.51    0.25    1.00
  19                   CONDUIT     0.844     0  00:02      1.16    0.80    1.00
  20                   CONDUIT      1.62     0  00:07      2.34    0.13    0.83
  21                   CONDUIT      3.21     0  00:03      0.46    0.02    0.79
  Hooliloch_L          CONDUIT      3.01     0  00:05      0.90    0.06    0.51
  23                   CONDUIT     0.084     0  00:07      3.10    0.53    0.41
  25                   CONDUIT     0.185     0  00:04      1.15    0.15    0.54
  28                   CONDUIT    0.0836     0  00:07      1.01    0.00    0.04
  29                   CONDUIT    0.0908     0  00:07      0.71    0.00    0.05
  31                   CONDUIT         0     0  00:00      0.00    0.00    0.02
  33                   CONDUIT     0.575     0  00:03      0.75    0.22    1.00
  37                   CONDUIT     0.357     0  00:07      0.64    0.01    0.13
  SS3_L                CONDUIT     0.084     0  00:07      2.75    0.00    0.03
  40                   CONDUIT      1.54     0  00:07      1.04    0.01    0.19
  SS6_L                CONDUIT     0.145     0  00:03      2.57    0.00    0.05
  1                    CONDUIT         0     0  00:00      0.00    0.00    0.01
  2                    CONDUIT         0     0  00:00      0.00    0.00    0.00
  3                    CONDUIT    0.0813     0  00:02      2.70    0.01    0.10
  10                   CONDUIT    0.0771     0  00:03      0.15    0.00    0.13
  13                   CONDUIT     0.329     0  00:01      3.72    0.71    1.00
  22                   CONDUIT     0.261     0  00:01      2.72    0.65    1.00
  24                   CONDUIT      1.47     0  00:04      2.12    0.00    1.00
  30                   CONDUIT      1.27     0  00:04      1.84    0.53    1.00
  34                   CONDUIT     0.342     0  00:05      1.75    0.38    0.77
  36                   CONDUIT     0.342     0  00:05      5.45    0.36    0.31
  38                   CONDUIT     0.183     0  00:05      2.29    0.07    0.56
  48                   CONDUIT      1.86     0  00:04      2.68    1.25    1.00
  54                   CONDUIT      1.37     0  00:05      1.08    0.26    0.70
  68                   CONDUIT     0.251     0  00:05      3.11    0.00    0.13
  73                   CONDUIT     0.026     0  00:07      0.37    0.01    0.06
  TWT1                 CONDUIT      1.41     0  00:07      3.77    0.00    0.03
  TWT2                 CONDUIT       1.9     0  00:07      4.02    0.00    0.03
  TWT3                 CONDUIT         0     0  00:00      0.00    0.00    0.02
  TWT4                 CONDUIT         0     0  00:00      0.00    0.00    0.08
  1_2_b_               CONDUIT         0     0  00:00      0.00    0.00    0.00
  1_2_b_1              CONDUIT      13.7     0  00:04     19.46    8.29    1.00
  1_2_b_2              CONDUIT    0.0907     0  00:05      0.22    0.00    0.52
  1_3_b_1              CONDUIT     0.789     0  00:04      1.69    0.10    0.64
  1_3_b_3              CONDUIT      1.89     0  00:07      3.55    6.79    0.64
  TWT5                 CONDUIT      11.3     0  00:01      5.28    0.01    0.18
  1_4_a                CONDUIT      12.8     0  00:07      5.77    0.20    0.37
  TWT6                 CONDUIT      6.67     0  00:04      1.73    0.02    0.18
  1_4_b                CONDUIT     0.209     0  00:07      0.13    0.00    0.29
  TWT7                 CONDUIT         0     0  00:00      0.00    0.00    0.08
  1_5_a                CONDUIT         0     0  00:00      0.00    0.00    0.02
  
  
  ***************************
  Flow Classification Summary
  ***************************
  
  -------------------------------------------------------------------------------------
                      Adjusted    ---------- Fraction of Time in Flow Class ---------- 
                       /Actual         Up    Down  Sub   Sup   Up    Down  Norm  Inlet 
  Conduit               Length    Dry  Dry   Dry   Crit  Crit  Crit  Crit  Ltd   Ctrl  
  -------------------------------------------------------------------------------------
  Brunn_Fassung_L         1.00   0.00  0.00  0.00  0.00  1.00  0.00  0.00  0.00  0.00
  11                      1.00   0.00  0.00  0.00  1.00  0.00  0.00  0.00  0.00  0.00
  14                      1.00   0.00  0.00  0.00  1.00  0.00  0.00  0.00  0.00  0.00
  16                      1.00   0.00  0.00  0.00  1.00  0.00  0.00  0.00  0.00  0.00
  17                      1.00   0.00  0.00  0.00  1.00  0.00  0.00  0.00  0.00  0.00
  26                      1.00   0.00  0.00  0.00  1.00  0.00  0.00  0.00  0.00  0.00
  27                      1.00   0.00  0.00  0.00  1.00  0.00  0.00  0.00  0.00  0.00
  Gischeren_L             1.00   1.00  0.00  0.00  0.00  0.00  0.00  0.00  0.00  0.00
  Schuettstein_L          1.00   0.00  0.00  0.00  1.00  0.00  0.00  0.00  0.00  0.00
  Brunnmuehle_L           1.00   0.00  0.00  0.00  1.00  0.00  0.00  0.00  0.00  0.00
  32                      1.00   1.00  0.00  0.00  0.00  0.00  0.00  0.00  0.00  0.00
  35                      1.00   0.00  1.00  0.00  0.00  0.00  0.00  0.00  0.00  0.00
  45                      1.00   0.00  0.00  0.00  1.00  0.00  0.00  0.00  1.00  0.00
  46                      1.00   0.00  0.00  0.00  1.00  0.00  0.00  0.00  0.00  0.00
  47                      1.00   0.00  0.00  0.00  1.00  0.00  0.00  0.00  0.00  0.00
  50                      1.00   0.00  0.00  0.00  1.00  0.00  0.00  0.00  0.00  0.00
  51                      1.00   0.00  0.00  0.00  1.00  0.00  0.00  0.00  0.00  0.00
  53                      1.00   0.00  0.00  0.00  1.00  0.00  0.00  0.00  0.00  0.00
  Fenster_L               1.00   0.00  0.00  0.00  0.00  1.00  0.00  0.00  0.00  0.00
  58                      1.00   0.00  0.00  0.00  0.00  1.00  0.00  0.00  0.00  0.00
  59                      1.00   0.00  0.00  0.00  0.00  1.00  0.00  0.00  0.00  0.00
  61                      1.00   0.00  0.00  0.00  1.00  0.00  0.00  0.00  0.00  0.00
  63                      1.00   0.00  0.00  0.00  1.00  0.00  0.00  0.00  0.00  0.00
  66                      1.00   0.00  0.00  0.00  1.00  0.00  0.00  0.00  0.00  0.00
  67                      1.00   0.00  0.00  0.00  1.00  0.00  0.00  0.00  0.00  0.00
  Amont_L                 1.00   0.00  0.00  0.00  1.00  0.00  0.00  0.00  0.00  0.00
  69                      1.00   0.00  0.00  0.00  1.00  0.00  0.00  0.00  0.00  0.00
  70                      1.00   0.00  0.00  0.00  1.00  0.00  0.00  0.00  0.00  0.00
  71                      1.00   0.00  0.00  0.00  1.00  0.00  0.00  0.00  0.00  0.00
  72                      1.00   0.00  0.00  0.00  1.00  0.00  0.00  0.00  0.00  0.00
  Sauser_L                1.00   0.00  0.00  0.00  1.00  0.00  0.00  0.00  0.00  0.00
  75                      1.00   0.00  0.00  0.00  0.00  1.00  0.00  0.00  0.00  0.00
  Entw_Sto_L              1.00   0.00  0.00  0.00  0.00  1.00  0.00  0.00  0.00  0.00
  4                       1.00   0.00  0.00  0.00  1.00  0.00  0.00  0.00  0.00  0.00
  5                       1.00   0.00  0.00  0.00  1.00  0.00  0.00  0.00  0.00  0.00
  6                       1.00   0.00  0.00  0.00  0.00  1.00  0.00  0.00  0.00  0.00
  7                       1.00   0.00  0.00  0.00  1.00  0.00  0.00  0.00  0.00  0.00
  Brunn_Teich_L           1.00   0.00  0.00  0.00  1.00  0.00  0.00  0.00  0.00  0.00
  9                       1.00   0.00  0.00  0.00  0.00  1.00  0.00  0.00  0.00  0.00
  12                      1.00   0.00  0.00  0.00  1.00  0.00  0.00  0.00  0.00  0.00
  15                      1.00   0.00  0.00  0.00  1.00  0.00  0.00  0.00  0.00  0.00
  18                      1.00   0.00  0.00  0.00  1.00  0.00  0.00  0.00  0.00  0.00
  19                      1.00   0.00  0.00  0.00  1.00  0.00  0.00  0.00  0.00  0.00
  20                      1.00   0.00  0.00  0.00  1.00  0.00  0.00  0.00  0.00  0.00
  21                      1.00   0.00  0.00  0.00  1.00  0.00  0.00  0.00  0.00  0.00
  Hooliloch_L             1.00   0.00  0.00  0.00  1.00  0.00  0.00  0.00  0.00  0.00
  23                      1.00   0.00  0.00  0.00  0.00  1.00  0.00  0.00  0.00  0.00
  25                      1.00   0.00  0.00  0.00  1.00  0.00  0.00  0.00  0.00  0.00
  28                      1.00   0.00  0.00  0.00  0.00  1.00  0.00  0.00  1.00  0.00
  29                      1.00   0.00  0.00  0.00  1.00  0.00  0.00  0.00  1.00  0.00
  31                      1.00   0.00  1.00  0.00  0.00  0.00  0.00  0.00  0.00  0.00
  33                      1.00   0.00  0.00  0.00  1.00  0.00  0.00  0.00  0.00  0.00
  37                      1.00   0.00  0.00  0.00  1.00  0.00  0.00  0.00  0.00  0.00
  SS3_L                   1.00   0.00  0.00  0.00  0.00  1.00  0.00  0.00  1.00  0.00
  40                      1.00   0.00  0.00  0.00  1.00  0.00  0.00  0.00  0.00  0.00
  SS6_L                   1.00   0.00  0.00  0.00  0.00  1.00  0.00  0.00  1.00  0.00
  1                       1.00   0.00  1.00  0.00  0.00  0.00  0.00  0.00  0.00  0.00
  2                       1.00   1.00  0.00  0.00  0.00  0.00  0.00  0.00  0.00  0.00
  3                       1.00   0.00  0.00  0.00  0.00  1.00  0.00  0.00  1.00  0.00
  10                      1.00   0.00  0.00  0.00  1.00  0.00  0.00  0.00  0.00  0.00
  13                      1.00   0.00  0.00  0.00  1.00  0.00  0.00  0.00  0.00  0.00
  22                      1.00   0.00  0.00  0.00  1.00  0.00  0.00  0.00  0.00  0.00
  24                      1.00   0.00  0.00  0.00  1.00  0.00  0.00  0.00  0.00  0.00
  30                      1.00   0.00  0.00  0.00  1.00  0.00  0.00  0.00  0.00  0.00
  34                      1.00   0.00  0.00  0.00  1.00  0.00  0.00  0.00  0.00  0.00
  36                      1.00   0.00  0.00  0.00  0.00  1.00  0.00  0.00  0.00  0.00
  38                      1.00   0.00  0.00  0.00  1.00  0.00  0.00  0.00  1.00  0.00
  48                      1.00   0.00  0.00  0.00  1.00  0.00  0.00  0.00  0.00  0.00
  54                      1.00   0.00  0.00  0.00  1.00  0.00  0.00  0.00  0.00  0.00
  68                      1.00   0.00  0.00  0.00  1.00  0.00  0.00  0.00  1.00  0.00
  73                      1.00   0.00  0.00  0.00  1.00  0.00  0.00  0.00  0.00  0.00
  TWT1                    1.00   0.00  0.00  0.00  0.00  1.00  0.00  0.00  0.00  0.00
  TWT2                    1.00   0.00  0.00  0.00  0.00  1.00  0.00  0.00  0.00  0.00
  TWT3                    1.00   0.00  1.00  0.00  0.00  0.00  0.00  0.00  0.00  0.00
  TWT4                    1.00   0.00  1.00  0.00  0.00  0.00  0.00  0.00  0.00  0.00
  1_2_b_                  1.00   1.00  0.00  0.00  0.00  0.00  0.00  0.00  0.00  0.00
  1_2_b_1                 1.00   0.00  0.00  0.00  1.00  0.00  0.00  0.00  0.00  0.00
  1_2_b_2                 1.00   0.00  0.00  0.00  1.00  0.00  0.00  0.00  1.00  0.00
  1_3_b_1                 1.00   0.00  0.00  0.00  1.00  0.00  0.00  0.00  0.00  0.00
  1_3_b_3                 1.00   0.00  0.00  0.00  0.00  1.00  0.00  0.00  0.00  0.00
  TWT5                    1.00   0.00  0.00  0.00  1.00  0.00  0.00  0.00  0.00  0.00
  1_4_a                   1.00   0.00  0.00  0.00  0.00  1.00  0.00  0.00  0.00  0.00
  TWT6                    1.00   0.00  0.00  0.00  1.00  0.00  0.00  0.00  0.00  0.00
  1_4_b                   1.00   0.00  0.00  0.00  1.00  0.00  0.00  0.00  0.00  0.00
  TWT7                    1.00   0.00  1.00  0.00  0.00  0.00  0.00  0.00  0.00  0.00
  1_5_a                   1.00   0.00  1.00  0.00  0.00  0.00  0.00  0.00  0.00  0.00
  
  
  *************************
  Conduit Surcharge Summary
  *************************
  
  ----------------------------------------------------------------------------
                                                           Hours        Hours 
                         --------- Hours Full --------   Above Full   Capacity
  Conduit                Both Ends  Upstream  Dnstream   Normal Flow   Limited
  ----------------------------------------------------------------------------
  Brunn_Fassung_L             0.01      0.01     24.00      0.01         0.01
  11                         23.98     23.98     23.99      0.01         0.01
  14                         23.99     23.99     23.99     23.99         0.01
  16                         24.00     24.00     24.00     23.99        23.99
  17                         24.00     24.00     24.00      0.01         0.01
  26                         23.99     24.00     23.99      0.01         0.01
  27                         23.97     23.97     23.98      0.01         0.01
  Schuettstein_L              0.01      0.01     23.98      0.01         0.01
  Brunnmuehle_L              24.00     24.00     24.00      0.01         0.01
  46                         24.00     24.00     24.00     23.97         0.01
  47                         24.00     24.00     24.00     24.00        24.00
  50                         23.98     23.98     23.98      0.01         0.01
  51                         23.97     23.97     24.00      0.01         0.01
  53                         24.00     24.00     24.00     23.99         0.01
  61                         23.98     23.98     23.99      0.01         0.01
  63                          0.01     23.96      0.01      0.01         0.01
  66                          0.01     23.95      0.01     23.93         0.01
  67                         23.99     23.99     24.00      0.01         0.01
  Amont_L                    24.00     24.00     24.00     24.00         0.01
  69                         23.88     23.88     24.00      0.01         0.01
  70                         23.88     23.88     24.00      0.01         0.01
  71                         23.97     23.97     23.99      0.01         0.01
  72                          0.01     23.96      0.01     23.89         0.01
  Sauser_L                    0.01      0.01     24.00      0.01         0.01
  75                          0.01     23.95      0.01      0.01         0.01
  4                           0.01     23.96      0.01      0.01         0.01
  5                           0.01      0.01     24.00      0.01         0.01
  6                           0.01      0.01     24.00      0.01         0.01
  7                          23.99     23.99     24.00      0.01         0.01
  Brunn_Teich_L               0.01      0.01     23.99      0.01         0.01
  9                           0.01      0.01     23.99      0.01         0.01
  12                         23.97     23.97     23.98      0.01         0.01
  15                         23.98     23.98     23.98      0.01         0.01
  18                         23.98     23.98     23.98      0.01         0.01
  19                         23.96     23.96     23.98      0.01         0.01
  21                          0.01      0.01     23.94      0.01         0.01
  25                          0.01      0.01     23.99      0.01         0.01
  33                         23.95     23.95     23.95      0.01         0.01
  13                         23.98     23.98     24.00      0.01         0.01
  22                         23.98     23.98     24.00      0.01         0.01
  24                         23.93     23.93     24.00      0.01         0.01
  30                         23.93     23.93     24.00      0.01         0.01
  34                          0.01      0.01     23.99      0.01         0.01
  48                         23.93     23.94     23.93      0.03         0.02
  54                          0.01      0.01     23.91      0.01         0.01
  1_2_b_1                    23.96     23.99     23.96     23.99        23.96
  1_2_b_2                     0.01      0.01     23.96      0.01         0.01
  1_3_b_1                     0.01      0.01     23.94      0.01         0.01
  1_3_b_3                     0.01      0.01     23.99     23.99         0.01
  

  Analysis begun on:  Thu Aug 13 09:07:01 2026
  Analysis ended on:  Thu Aug 13 09:07:04 2026
  Total elapsed time: 00:00:03