
  EPA STORM WATER MANAGEMENT MODEL - VERSION 5.2 (Build 5.2.4)
  ------------------------------------------------------------

  Brunnmuehle (Twann) 
  WARNING 08: elevation drop exceeds length for Conduit SS3_L
  WARNING 08: elevation drop exceeds length for Conduit SS6_L
  WARNING 08: elevation drop exceeds length for Conduit 2
  WARNING 08: elevation drop exceeds length for Conduit 3
  WARNING 08: elevation drop exceeds length for Conduit 68
  WARNING 08: elevation drop exceeds length for Conduit 1_2_b_
  WARNING 08: elevation drop exceeds length for Conduit 1_2_b_2
  WARNING 08: elevation drop exceeds length for Conduit 1_4_a
  WARNING 08: elevation drop exceeds length for Conduit 1_4_b
  WARNING 08: elevation drop exceeds length for Conduit 1_4_b_1
  WARNING 08: elevation drop exceeds length for Conduit 1_5_a
  WARNING 02: maximum depth increased for Node 2
  
  ****************
  Analysis Options
  ****************
  Flow Units ............... CMS
  Process Models:
    Rainfall/Runoff ........ NO
    RDII ................... NO
    Snowmelt ............... NO
    Groundwater ............ NO
    Flow Routing ........... YES
    Ponding Allowed ........ NO
    Water Quality .......... NO
  Flow Routing Method ...... DYNWAVE
  Surcharge Method ......... EXTRAN
  Starting Date ............ 01/01/2000 00:00:00
  Ending Date .............. 01/02/2000 00:00:00
  Antecedent Dry Days ...... 0.0
  Report Time Step ......... 01:00:00
  Routing Time Step ........ 0.50 sec
  Variable Time Step ....... YES
  Maximum Trials ........... 8
  Number of Threads ........ 1
  Head Tolerance ........... 0.001500 m
  
  
  **************************        Volume        Volume
  Flow Routing Continuity        hectare-m      10^6 ltr
  **************************     ---------     ---------
  Dry Weather Inflow .......         0.000         0.000
  Wet Weather Inflow .......         0.000         0.000
  Groundwater Inflow .......         0.000         0.000
  RDII Inflow ..............         0.000         0.000
  External Inflow ..........       195.026      1950.277
  External Outflow .........       176.984      1769.862
  Flooding Loss ............        24.559       245.597
  Evaporation Loss .........         0.000         0.000
  Exfiltration Loss ........         0.000         0.000
  Initial Stored Volume ....         0.056         0.564
  Final Stored Volume ......         0.394         3.940
  Continuity Error (%) .....        -3.514
  
  
  *************************
  Highest Continuity Errors
  *************************
  Node SonSto_porte (-247.76%)
  Node TWT_Intersection_Sonsto_60+345 (62.42%)
  Node TWT_Acces_LT_60+110 (-5.49%)
  Node 2 (5.42%)
  
  
  ***************************
  Time-Step Critical Elements
  ***************************
  Link 1_2_b_2 (12386.80%)
  Link 1_4_b (6.89%)
  
  
  ********************************
  Highest Flow Instability Indexes
  ********************************
  All links are stable.
  
  
  *********************************
  Most Frequent Nonconverging Nodes
  *********************************
  Node Brunnm_Fassung (57.03%)
  Node Brunnmuehle(Teich) (57.03%)
  Node Fensterstollen (57.03%)
  Node Gischeren (57.03%)
  Node Schuettstein (57.03%)
  
  
  *************************
  Routing Time Step Summary
  *************************
  Minimum Time Step           :     0.50 sec
  Average Time Step           :     0.50 sec
  Maximum Time Step           :     0.50 sec
  % of Time in Steady State   :    99.19
  Average Iterations per Step :     6.25
  % of Steps Not Converging   :    57.03
  Time Step Frequencies       :
      0.500 -  0.500 sec      :   100.00 %
      0.500 -  0.500 sec      :     0.00 %
      0.500 -  0.500 sec      :     0.00 %
      0.500 -  0.500 sec      :     0.00 %
      0.500 -  0.500 sec      :     0.00 %
  
  
  ******************
  Node Depth Summary
  ******************
  
  ---------------------------------------------------------------------------------
                                 Average  Maximum  Maximum  Time of Max    Reported
                                   Depth    Depth      HGL   Occurrence   Max Depth
  Node                 Type       Meters   Meters   Meters  days hr:min      Meters
  ---------------------------------------------------------------------------------
  9                    JUNCTION    54.91    66.54   505.04     0  00:00       54.94
  Holiloch_sonde       JUNCTION    46.79    63.35   503.35     0  00:00       46.82
  11                   JUNCTION    34.12    37.30   447.30     0  00:00       34.13
  13                   JUNCTION    87.58    89.67   527.67     0  00:01       87.60
  21                   JUNCTION    39.91    41.61   441.61     0  00:02       39.92
  SonSto_F             JUNCTION     0.17     0.19   437.99     0  00:01        0.17
  Sondierstollen       JUNCTION     0.00     0.00   440.80     0  00:00        0.00
  Aval_Trappe          JUNCTION     0.29     0.34   437.94     0  00:01        0.29
  30                   JUNCTION     0.26     0.30   437.60     0  00:01        0.26
  Gischeren_node       JUNCTION     4.00     4.01   480.51     0  00:11        4.01
  34                   JUNCTION    18.78    20.21   440.21     0  00:02       18.79
  38                   JUNCTION    20.69    22.37   442.37     0  00:02       20.70
  SS6                  JUNCTION     0.07     0.07   448.07     0  00:02        0.07
  40                   JUNCTION    57.16    60.81   479.81     0  00:00       57.19
  41                   JUNCTION    87.29    91.55   529.05     0  00:00       87.32
  SondeSchuettstein    JUNCTION    26.71    28.44   487.44     0  00:00       26.72
  SS4                  JUNCTION     0.09     0.09   448.09     0  00:10        0.09
  47                   JUNCTION    15.70    21.00   485.90     0  00:00       15.71
  48                   JUNCTION    13.77    15.13   486.13     0  00:00       13.77
  SondeGischeren       JUNCTION    15.52    15.56   480.56     0  00:10       15.55
  49                   JUNCTION    16.80    18.78   484.78     0  00:02       16.82
  50                   JUNCTION     8.86     8.89   471.89     0  00:10        8.88
  51                   JUNCTION   106.33   108.47   528.47     0  00:01      106.36
  Amont_C              JUNCTION   111.05   113.20   531.20     0  00:01      111.08
  52                   JUNCTION    26.10    50.65   507.65     0  00:02       26.14
  53                   JUNCTION    52.75    54.05   521.05     0  00:05       52.85
  54                   JUNCTION    52.67    54.37   517.37     0  00:05       52.87
  56                   JUNCTION     7.61     9.22   439.22     0  00:00        7.61
  2                    JUNCTION     3.57     4.32   442.32     0  00:10        3.59
  4                    JUNCTION     8.60     9.33   437.33     0  00:02        8.61
  5                    JUNCTION     6.72     6.76   479.26     0  00:02        6.73
  6                    JUNCTION    25.01    31.12   489.12     0  00:00       25.02
  7                    JUNCTION     4.20     4.23   479.23     0  00:02        4.21
  SS3                  JUNCTION     0.08     0.08   448.08     0  00:10        0.08
  SS5                  JUNCTION     0.72     0.72   439.62     0  00:05        0.72
  8                    JUNCTION     6.79     6.82   480.82     0  00:11        6.80
  10                   JUNCTION    14.79    16.82   484.82     0  00:02       14.81
  SonSto_SS5           JUNCTION     0.19     0.20   439.50     0  00:05        0.19
  SonSto_SS3           JUNCTION     0.10     0.10   439.80     0  00:10        0.10
  SonSto_SS4           JUNCTION     0.21     0.21   439.61     0  00:05        0.21
  Amont_Trappe         JUNCTION     0.23     0.27   437.97     0  00:01        0.23
  SonSto_SS6           JUNCTION     0.17     0.18   438.88     0  00:05        0.18
  SS2                  JUNCTION     0.00     0.00   448.00     0  00:00        0.00
  SonSto_SS2           JUNCTION     0.00     0.00   441.50     0  00:00        0.00
  12                   JUNCTION    53.92    55.51   504.51     0  00:01       53.95
  14                   JUNCTION    43.27    56.27   521.27     0  00:00       43.30
  15                   JUNCTION     0.51     0.52   472.52     0  00:02        0.51
  TWT_PointHaut_60+650 JUNCTION     0.00     0.00   438.50     0  00:00        0.00
  TWT_Fensterstollen_60+375 JUNCTION     0.03     0.03   441.33     0  00:03        0.03
  TWT_Acces_LT_60+110  JUNCTION     0.43     0.44   441.94     0  00:10        0.43
  TWT_Liaison_LT_59+738 JUNCTION     0.00     0.00   450.60     0  00:00        0.00
  Syst_Est_amont       JUNCTION    11.24    98.61   528.61     0  00:08       11.31
  Syst_Est_interm      JUNCTION    20.79    40.17   450.17     0  00:08       20.90
  TWT_Branche_Est_Sonsto_60+540 JUNCTION     0.00     0.00   442.40     0  00:00        0.00
  TWT_Intersection_Sonsto_60+345 JUNCTION     0.16     0.32   441.22     0  00:11        0.16
  TWT_Chrosweg_61+140  JUNCTION     0.00     0.00   432.00     0  00:00        0.00
  SonSto_F_sup         JUNCTION     0.07     0.07   448.07     0  00:02        0.07
  SonSto_porte         JUNCTION     2.98     3.00   441.50     0  00:11        3.00
  Brunnm_Fassung       OUTFALL      0.09     0.10   433.90     0  00:02        0.09
  Brunnmuehle(Teich)   OUTFALL      0.22     0.22   435.72     0  00:02        0.22
  Fensterstollen       OUTFALL      0.26     0.27   437.27     0  00:01        0.26
  Gischeren            OUTFALL      0.26     0.26   480.26     0  00:11        0.26
  Schuettstein         OUTFALL      0.33     0.34   477.89     0  00:01        0.34
  Holiloch             OUTFALL      2.09     2.11   478.61     0  00:02        2.10
  Sauserquelle         OUTFALL      0.48     0.48   436.03     0  00:01        0.48
  Entw_Stollen         OUTFALL      0.18     0.18   436.68     0  00:04        0.18
  Sous_lacustre        OUTFALL      0.10     0.10   429.30     0  00:02        0.10
  Sous_ecoul.          OUTFALL      0.00     0.00   433.00     0  00:02        0.00
  Syst_Est_aval        OUTFALL      0.46     0.51   429.51     0  00:07        0.46
  TWT_Portail_Est_61+665 OUTFALL      0.00     0.00   421.60     0  00:00        0.00
  
  
  *******************
  Node Inflow Summary
  *******************
  
  -------------------------------------------------------------------------------------------------
                                  Maximum  Maximum                  Lateral       Total        Flow
                                  Lateral    Total  Time of Max      Inflow      Inflow     Balance
                                   Inflow   Inflow   Occurrence      Volume      Volume       Error
  Node                 Type           CMS      CMS  days hr:min    10^6 ltr    10^6 ltr     Percent
  -------------------------------------------------------------------------------------------------
  9                    JUNCTION         0       20     0  00:00           0    1.27e+03       0.013
  Holiloch_sonde       JUNCTION         0     17.7     0  00:00           0    1.21e+03       0.001
  11                   JUNCTION         0    0.411     0  00:02           0        35.2      -0.001
  13                   JUNCTION         0     21.4     0  00:00           0    1.61e+03       0.018
  21                   JUNCTION         0    0.394     0  00:02           0        33.5       0.005
  SonSto_F             JUNCTION         0     1.57     0  00:05           0         132       0.003
  Sondierstollen       JUNCTION         0        0     0  00:00           0           0       0.000 ltr
  Aval_Trappe          JUNCTION         0     1.55     0  00:06           0         131       0.003
  30                   JUNCTION         0     1.66     0  00:06           0         137       0.005
  Gischeren_node       JUNCTION         0    0.823     0  00:05           0        67.9       0.116
  34                   JUNCTION         0    0.363     0  00:02           0        30.6      -0.001
  38                   JUNCTION         0     0.21     0  00:00           0        9.94       0.000
  SS6                  JUNCTION         0    0.176     0  00:02           0        14.4      -0.000
  40                   JUNCTION         0     2.25     0  00:01           0         193       0.000
  41                   JUNCTION         0     5.91     0  00:00           0          80       0.023
  SondeSchuettstein    JUNCTION         0     1.08     0  00:00           0          80       0.017
  SS4                  JUNCTION         0    0.171     0  00:10           0        14.7       0.004
  47                   JUNCTION         0     14.6     0  00:00           0     1.2e+03       0.017
  48                   JUNCTION         0    0.946     0  00:01           0        79.9       0.001
  SondeGischeren       JUNCTION         0    0.576     0  00:01           0          39       0.155
  49                   JUNCTION         0     1.24     0  00:01           0        14.5       0.618
  50                   JUNCTION         0    0.182     0  00:02           0        13.6       0.021
  51                   JUNCTION         0     38.2     0  00:00           0    1.86e+03      -0.002
  Amont_C              JUNCTION      21.5     46.6     0  00:00    1.86e+03    1.86e+03       0.012
  52                   JUNCTION         0    0.375     0  00:02           0        23.6       0.092
  53                   JUNCTION         0    0.625     0  00:00           0        18.1       0.071
  54                   JUNCTION         0    0.503     0  00:05           0        18.1       0.515
  56                   JUNCTION         0     1.83     0  00:01           0         156      -0.000
  2                    JUNCTION         0     2.02     0  00:07           0        7.08       5.734
  4                    JUNCTION         0    0.336     0  00:02           0          28       0.015
  5                    JUNCTION         0     14.3     0  00:02           0     1.2e+03      -0.010
  6                    JUNCTION         0       16     0  00:00           0    1.21e+03       0.011
  7                    JUNCTION         0     14.8     0  00:01           0     1.2e+03       0.050
  SS3                  JUNCTION         0    0.158     0  00:11           0        13.6       0.003
  SS5                  JUNCTION         0    0.538     0  00:05           0        45.1       0.016
  8                    JUNCTION         0    0.979     0  00:03           0        81.7       0.065
  10                   JUNCTION         0     1.03     0  00:01           0        14.4      -0.286
  SonSto_SS5           JUNCTION         0    0.754     0  00:05           0        64.5       0.005
  SonSto_SS3           JUNCTION         0    0.158     0  00:10           0        13.6       0.013
  SonSto_SS4           JUNCTION         0    0.329     0  00:10           0        28.3       0.013
  Amont_Trappe         JUNCTION         0      1.5     0  00:06           0         126       0.001
  SonSto_SS6           JUNCTION         0    0.928     0  00:05           0        78.9       0.004
  SS2                  JUNCTION         0        0     0  00:00           0           0       0.000 ltr
  SonSto_SS2           JUNCTION         0        0     0  00:00           0           0       0.000 ltr
  12                   JUNCTION         0    0.498     0  00:00           0        26.8       0.014
  14                   JUNCTION         0     3.04     0  00:00           0         156       0.030
  15                   JUNCTION         0    0.728     0  00:02           0        61.5       0.025
  TWT_PointHaut_60+650 JUNCTION         0        0     0  00:00           0           0       0.000 ltr
  TWT_Fensterstollen_60+375 JUNCTION         0   0.0958     0  00:03           0        8.25      -0.002
  TWT_Acces_LT_60+110  JUNCTION         0     2.05     0  00:10           0         177      -5.204
  TWT_Liaison_LT_59+738 JUNCTION         0        0     0  00:00           0           0       0.000 ltr
  Syst_Est_amont       JUNCTION      1.08     1.08     0  00:00        92.9        92.9       0.139
  Syst_Est_interm      JUNCTION         0     1.32     0  00:08           0        92.7       0.441
  TWT_Branche_Est_Sonsto_60+540 JUNCTION         0        0     0  00:00           0           0       0.000 ltr
  TWT_Intersection_Sonsto_60+345 JUNCTION         0     7.65     0  00:11           0         190     166.125
  TWT_Chrosweg_61+140  JUNCTION         0        0     0  00:00           0           0       0.000 ltr
  SonSto_F_sup         JUNCTION         0    0.714     0  00:02           0        61.5       0.001
  SonSto_porte         JUNCTION         0       14     0  00:11           0        71.5     -71.244
  Brunnm_Fassung       OUTFALL          0   0.0323     0  00:02           0        2.58       0.000
  Brunnmuehle(Teich)   OUTFALL          0    0.334     0  00:02           0        27.5       0.000
  Fensterstollen       OUTFALL          0     1.71     0  00:01           0         137       0.000
  Gischeren            OUTFALL          0    0.788     0  00:11           0        67.9       0.000
  Schuettstein         OUTFALL          0    0.946     0  00:01           0        79.9       0.000
  Holiloch             OUTFALL          0     14.1     0  00:02           0     1.2e+03       0.000
  Sauserquelle         OUTFALL          0     1.83     0  00:01           0         156       0.000
  Entw_Stollen         OUTFALL          0   0.0787     0  00:10           0        6.69       0.000
  Sous_lacustre        OUTFALL          0   0.0356     0  00:02           0        2.94       0.000
  Sous_ecoul.          OUTFALL          0  0.00628     0  00:02           0       0.501       0.000
  Syst_Est_aval        OUTFALL          0     1.32     0  00:07           0        92.3       0.000
  TWT_Portail_Est_61+665 OUTFALL          0        0     0  00:00           0           0       0.000 ltr
  
  
  **********************
  Node Surcharge Summary
  **********************
  
  Surcharging occurs when water rises above the top of the highest conduit.
  ---------------------------------------------------------------------
                                               Max. Height   Min. Depth
                                   Hours       Above Crown    Below Rim
  Node                 Type      Surcharged         Meters       Meters
  ---------------------------------------------------------------------
  9                    JUNCTION       23.99         64.738       33.462
  Holiloch_sonde       JUNCTION       23.99         61.446      136.654
  11                   JUNCTION       24.00         36.802      112.698
  13                   JUNCTION       23.99         86.668      310.332
  21                   JUNCTION       24.00         41.008      108.392
  34                   JUNCTION       24.00         19.609       79.791
  38                   JUNCTION       24.00         21.771      127.629
  40                   JUNCTION       24.00         56.810       39.190
  41                   JUNCTION       23.99         90.700      158.450
  SondeSchuettstein    JUNCTION       23.99         27.641        0.000
  47                   JUNCTION       23.99         19.104       78.996
  48                   JUNCTION       23.99         14.327       84.873
  SondeGischeren       JUNCTION       23.96         14.356       84.444
  49                   JUNCTION       23.97         10.776      181.224
  50                   JUNCTION       23.96          8.588      191.112
  51                   JUNCTION       24.00        104.466      291.534
  Amont_C              JUNCTION       24.00        110.204      286.796
  52                   JUNCTION       23.96         50.251       49.349
  53                   JUNCTION       23.98         49.053      145.947
  54                   JUNCTION       23.91         49.366      145.634
  56                   JUNCTION       24.00          8.219       90.781
  2                    JUNCTION       23.84          2.322        0.000
  4                    JUNCTION       23.99          8.676       90.674
  5                    JUNCTION       23.98          1.762       43.238
  6                    JUNCTION       23.99         26.121      168.879
  8                    JUNCTION       23.92          1.816      193.184
  10                   JUNCTION       23.97          8.823      183.177
  12                   JUNCTION       23.99         55.160      144.490
  14                   JUNCTION       23.98         52.270      143.730
  Syst_Est_amont       JUNCTION       23.85         97.606        1.394
  Syst_Est_interm      JUNCTION       23.87         38.668       59.832
  SonSto_porte         JUNCTION       23.81          0.000        0.000
  
  
  *********************
  Node Flooding Summary
  *********************
  
  Flooding refers to all water that overflows a node, whether it ponds or not.
  --------------------------------------------------------------------------
                                                             Total   Maximum
                                 Maximum   Time of Max       Flood    Ponded
                        Hours       Rate    Occurrence      Volume     Depth
  Node                 Flooded       CMS   days hr:min    10^6 ltr    Meters
  --------------------------------------------------------------------------
  SonSto_porte           23.81      12.5      0  00:11     245.597     0.000
  
  
  ***********************
  Outfall Loading Summary
  ***********************
  
  -----------------------------------------------------------
                         Flow       Avg       Max       Total
                         Freq      Flow      Flow      Volume
  Outfall Node           Pcnt       CMS       CMS    10^6 ltr
  -----------------------------------------------------------
  Brunnm_Fassung        99.95    0.0299    0.0323       2.583
  Brunnmuehle(Teich)    99.95     0.318     0.334      27.480
  Fensterstollen        99.95      1.58      1.71     136.625
  Gischeren             99.63     0.788     0.788      67.855
  Schuettstein          99.95     0.926     0.946      79.947
  Holiloch              99.92      13.9      14.1    1196.548
  Sauserquelle          99.98      1.81      1.83     156.353
  Entw_Stollen          99.96    0.0775    0.0787       6.690
  Sous_lacustre         99.99     0.034    0.0356       2.937
  Sous_ecoul.           99.95    0.0058   0.00628       0.501
  Syst_Est_aval         99.47      1.07      1.32      92.334
  TWT_Portail_Est_61+665   0.00         0         0       0.000
  -----------------------------------------------------------
  System                91.56      20.5      20.7    1769.853
  
  
  ********************
  Link Flow Summary
  ********************
  
  -----------------------------------------------------------------------------
                                 Maximum  Time of Max   Maximum    Max/    Max/
                                  |Flow|   Occurrence   |Veloc|    Full    Full
  Link                 Type          CMS  days hr:min     m/sec    Flow   Depth
  -----------------------------------------------------------------------------
  Brunn_Fassung_L      CONDUIT    0.0323     0  00:02      1.39    0.53    0.76
  11                   CONDUIT      17.7     0  00:00      8.97    2.64    1.00
  14                   CONDUIT        20     0  00:00     13.53   10.88    1.00
  16                   CONDUIT     0.411     0  00:02      4.81    2.87    1.00
  17                   CONDUIT      0.21     0  00:00      0.74    0.36    1.00
  26                   CONDUIT      5.91     0  00:00     10.48    8.01    1.00
  27                   CONDUIT    0.0716     0  00:06      2.00    0.92    0.94
  Gischeren_L          CONDUIT     0.788     0  00:11      1.10    0.10    0.61
  Schuettstein_L       CONDUIT     0.946     0  00:01      5.37    0.81    0.84
  Brunnmuehle_L        CONDUIT     0.363     0  00:02      1.28    0.17    1.00
  32                   CONDUIT         0     0  00:00      0.00    0.00    0.00
  35                   CONDUIT     0.397     0  00:03      0.48    0.07    1.00
  45                   CONDUIT      0.95     0  00:05      5.70    0.01    0.06
  46                   CONDUIT      1.83     0  00:01      6.47    1.83    1.00
  47                   CONDUIT     0.147     0  00:00      3.87    9.18    1.00
  50                   CONDUIT     0.946     0  00:01      3.23    0.18    1.00
  51                   CONDUIT     0.425     0  00:01      4.41    1.19    1.00
  53                   CONDUIT      0.21     0  00:00      1.27    1.07    1.00
  Fenster_L            CONDUIT      1.71     0  00:01      5.45    0.02    0.09
  58                   CONDUIT      1.59     0  00:06      4.64    0.02    0.10
  59                   CONDUIT     0.761     0  00:05      4.24    0.01    0.06
  61                   CONDUIT      1.08     0  00:00      5.28    1.51    1.00
  63                   CONDUIT     0.176     0  00:02      2.43    0.79    0.52
  66                   CONDUIT     0.182     0  00:02      2.82    2.40    1.00
  67                   CONDUIT      21.4     0  00:00      5.55    0.21    1.00
  Amont_L              CONDUIT      38.2     0  00:00      5.40    2.07    1.00
  69                   CONDUIT     0.375     0  00:02      3.16    1.46    1.00
  70                   CONDUIT     0.275     0  00:02      2.19    0.85    1.00
  71                   CONDUIT     0.625     0  00:00      2.64    1.10    1.00
  72                   CONDUIT     0.503     0  00:05      2.37    2.38    1.00
  Sauser_L             CONDUIT      1.83     0  00:01      2.94    0.47    0.74
  75                   CONDUIT     0.171     0  00:10      4.93    1.74    0.68
  Entw_Sto_L           CONDUIT    0.0787     0  00:10      3.09    1.82    1.00
  4                    CONDUIT    0.0392     0  00:05      1.38    1.75    1.00
  5                    CONDUIT    0.0138     0  00:03      0.57    0.49    1.00
  6                    CONDUIT    0.0356     0  00:02      1.39    0.53    0.76
  7                    CONDUIT     0.336     0  00:02      1.71    0.52    1.00
  Brunn_Teich_L        CONDUIT     0.334     0  00:02      1.41    0.25    0.67
  9                    CONDUIT   0.00628     0  00:02      1.58    0.00    0.51
  12                   CONDUIT      14.3     0  00:02      7.48    0.29    1.00
  15                   CONDUIT        16     0  00:00      7.63    0.41    1.00
  18                   CONDUIT      14.6     0  00:00      7.21    0.59    1.00
  19                   CONDUIT      1.24     0  00:01      1.62    1.18    1.00
  20                   CONDUIT       1.5     0  00:06      5.65    0.12    0.30
  21                   CONDUIT      14.8     0  00:01      1.33    0.10    0.92
  Hooliloch_L          CONDUIT      14.1     0  00:02      1.95    0.28    0.76
  23                   CONDUIT     0.158     0  00:11      3.37    0.99    0.63
  25                   CONDUIT     0.979     0  00:03      3.39    0.80    1.00
  28                   CONDUIT     0.158     0  00:10      1.17    0.00    0.05
  29                   CONDUIT     0.228     0  00:05      1.10    0.01    0.07
  31                   CONDUIT     0.563     0  00:05      0.88    0.34    0.90
  33                   CONDUIT      1.03     0  00:01      0.95    0.39    1.00
  37                   CONDUIT     0.528     0  00:05      0.78    0.01    0.15
  SS3_L                CONDUIT     0.158     0  00:10      3.22    0.00    0.05
  40                   CONDUIT       1.5     0  00:06      2.47    0.01    0.06
  SS6_L                CONDUIT     0.176     0  00:02      2.39    0.00    0.06
  1                    CONDUIT         0     0  00:00      0.00    0.00    0.02
  2                    CONDUIT         0     0  00:00      0.00    0.00    0.00
  3                    CONDUIT     0.171     0  00:10      2.79    0.02    0.15
  10                   CONDUIT     0.131     0  00:01      0.29    0.00    0.16
  13                   CONDUIT     0.498     0  00:00      5.98    1.08    1.00
  22                   CONDUIT     0.363     0  00:00      3.77    0.90    1.00
  24                   CONDUIT      3.04     0  00:00      4.35    0.00    1.00
  30                   CONDUIT      1.83     0  00:01      2.54    0.76    1.00
  34                   CONDUIT     0.728     0  00:02      3.16    0.81    0.97
  36                   CONDUIT     0.714     0  00:02      5.82    0.76    0.54
  38                   CONDUIT     0.576     0  00:01      3.11    0.22    1.00
  48                   CONDUIT      1.32     0  00:08      2.61    0.89    1.00
  54                   CONDUIT      1.32     0  00:07      1.08    0.25    0.66
  68                   CONDUIT     0.618     0  00:02      9.25    0.00    0.04
  73                   CONDUIT      1.97     0  00:07      1.60    0.45    1.00
  TWT1                 CONDUIT         0     0  00:00      0.00    0.00    0.00
  TWT2                 CONDUIT         0     0  00:00      0.00    0.00    0.00
  TWT3                 CONDUIT         0     0  00:00      0.00    0.00    0.00
  TWT4                 CONDUIT         0     0  00:00      0.00    0.00    0.00
  1_2_b_               CONDUIT         0     0  00:00      0.00    0.00    0.00
  1_2_b_2              CONDUIT    0.0958     0  00:03      8.32    0.04    0.11
  TWT5                 CONDUIT    0.0438     0  00:03      1.05    0.00    0.02
  1_4_a                CONDUIT    0.0519     0  00:03      0.45    0.00    0.06
  TWT6                 CONDUIT      2.17     0  00:11      3.87    0.01    0.05
  1_4_b                CONDUIT        14     0  00:11      7.55    0.02    0.54
  1_4_b_1              CONDUIT     0.285     0  00:10      1.81    0.28    0.94
  1_4_b_2              CONDUIT      1.76     0  00:10      9.61    5.24    0.94
  TWT7                 CONDUIT         0     0  00:00      0.00    0.00    0.03
  1_5_a                CONDUIT         0     0  00:00      0.00    0.00    0.50
  
  
  ***************************
  Flow Classification Summary
  ***************************
  
  -------------------------------------------------------------------------------------
                      Adjusted    ---------- Fraction of Time in Flow Class ---------- 
                       /Actual         Up    Down  Sub   Sup   Up    Down  Norm  Inlet 
  Conduit               Length    Dry  Dry   Dry   Crit  Crit  Crit  Crit  Ltd   Ctrl  
  -------------------------------------------------------------------------------------
  Brunn_Fassung_L         1.00   0.00  0.00  0.00  0.00  1.00  0.00  0.00  0.00  0.00
  11                      1.00   0.00  0.00  0.00  1.00  0.00  0.00  0.00  0.00  0.00
  14                      1.00   0.00  0.00  0.00  1.00  0.00  0.00  0.00  0.00  0.00
  16                      1.00   0.00  0.00  0.00  1.00  0.00  0.00  0.00  0.00  0.00
  17                      1.00   0.00  0.00  0.00  1.00  0.00  0.00  0.00  0.00  0.00
  26                      1.00   0.00  0.00  0.00  1.00  0.00  0.00  0.00  0.00  0.00
  27                      1.00   0.00  0.00  0.00  0.00  1.00  0.00  0.00  0.00  0.00
  Gischeren_L             1.00   0.00  0.00  0.00  1.00  0.00  0.00  0.00  0.00  0.00
  Schuettstein_L          1.00   0.00  0.00  0.00  0.00  1.00  0.00  0.00  0.00  0.00
  Brunnmuehle_L           1.00   0.00  0.00  0.00  1.00  0.00  0.00  0.00  0.00  0.00
  32                      1.00   1.00  0.00  0.00  0.00  0.00  0.00  0.00  0.00  0.00
  35                      1.00   0.00  0.00  0.00  1.00  0.00  0.00  0.00  0.00  0.00
  45                      1.00   0.00  0.00  0.00  0.00  1.00  0.00  0.00  0.00  0.00
  46                      1.00   0.00  0.00  0.00  1.00  0.00  0.00  0.00  0.00  0.00
  47                      1.00   0.00  0.00  0.00  1.00  0.00  0.00  0.00  0.00  0.00
  50                      1.00   0.00  0.00  0.00  1.00  0.00  0.00  0.00  0.00  0.00
  51                      1.00   0.00  0.00  0.00  1.00  0.00  0.00  0.00  0.00  0.00
  53                      1.00   0.00  0.00  0.00  1.00  0.00  0.00  0.00  0.00  0.00
  Fenster_L               1.00   0.00  0.00  0.00  0.00  1.00  0.00  0.00  0.00  0.00
  58                      1.00   0.00  0.00  0.00  0.00  1.00  0.00  0.00  1.00  0.00
  59                      1.00   0.00  0.00  0.00  0.00  1.00  0.00  0.00  0.00  0.00
  61                      1.00   0.00  0.00  0.00  1.00  0.00  0.00  0.00  0.00  0.00
  63                      1.00   0.00  0.00  0.00  1.00  0.00  0.00  0.00  0.00  0.00
  66                      1.00   0.00  0.00  0.00  1.00  0.00  0.00  0.00  0.00  0.00
  67                      1.00   0.00  0.00  0.00  1.00  0.00  0.00  0.00  0.00  0.00
  Amont_L                 1.00   0.00  0.00  0.00  1.00  0.00  0.00  0.00  0.00  0.00
  69                      1.00   0.00  0.00  0.00  1.00  0.00  0.00  0.00  0.00  0.00
  70                      1.00   0.00  0.00  0.00  1.00  0.00  0.00  0.00  0.00  0.00
  71                      1.00   0.00  0.00  0.00  1.00  0.00  0.00  0.00  0.00  0.00
  72                      1.00   0.00  0.00  0.00  1.00  0.00  0.00  0.00  0.00  0.00
  Sauser_L                1.00   0.00  0.00  0.00  0.00  1.00  0.00  0.00  0.00  0.00
  75                      1.00   0.00  0.00  0.00  0.00  1.00  0.00  0.00  0.00  0.00
  Entw_Sto_L              1.00   0.00  0.00  0.00  1.00  0.00  0.00  0.00  0.00  0.00
  4                       1.00   0.00  0.00  0.00  1.00  0.00  0.00  0.00  0.00  0.00
  5                       1.00   0.00  0.00  0.00  1.00  0.00  0.00  0.00  0.00  0.00
  6                       1.00   0.00  0.00  0.00  0.00  1.00  0.00  0.00  0.00  0.00
  7                       1.00   0.00  0.00  0.00  1.00  0.00  0.00  0.00  0.00  0.00
  Brunn_Teich_L           1.00   0.00  0.00  0.00  1.00  0.00  0.00  0.00  0.00  0.00
  9                       1.00   0.00  0.00  0.00  0.00  1.00  0.00  0.00  0.00  0.00
  12                      1.00   0.00  0.00  0.00  1.00  0.00  0.00  0.00  0.00  0.00
  15                      1.00   0.00  0.00  0.00  1.00  0.00  0.00  0.00  0.00  0.00
  18                      1.00   0.00  0.00  0.00  1.00  0.00  0.00  0.00  0.00  0.00
  19                      1.00   0.00  0.00  0.00  1.00  0.00  0.00  0.00  0.00  0.00
  20                      1.00   0.00  0.00  0.00  0.00  1.00  0.00  0.00  0.00  0.00
  21                      1.00   0.00  0.00  0.00  1.00  0.00  0.00  0.00  0.00  0.00
  Hooliloch_L             1.00   0.00  0.00  0.00  1.00  0.00  0.00  0.00  0.00  0.00
  23                      1.00   0.00  0.00  0.00  0.00  1.00  0.00  0.00  0.00  0.00
  25                      1.00   0.00  0.00  0.00  1.00  0.00  0.00  0.00  0.00  0.00
  28                      1.00   0.00  0.00  0.00  0.00  1.00  0.00  0.00  1.00  0.00
  29                      1.00   0.00  0.00  0.00  1.00  0.00  0.00  0.00  0.00  0.00
  31                      1.00   0.00  0.00  0.00  1.00  0.00  0.00  0.00  0.00  0.00
  33                      1.00   0.00  0.00  0.00  1.00  0.00  0.00  0.00  0.00  0.00
  37                      1.00   0.00  0.00  0.00  1.00  0.00  0.00  0.00  0.00  0.00
  SS3_L                   1.00   0.00  0.00  0.00  0.00  1.00  0.00  0.00  1.00  0.00
  40                      1.00   0.00  0.00  0.00  0.00  1.00  0.00  0.00  0.00  0.00
  SS6_L                   1.00   0.00  0.00  0.00  0.00  1.00  0.00  0.00  1.00  0.00
  1                       1.00   0.00  1.00  0.00  0.00  0.00  0.00  0.00  0.00  0.00
  2                       1.00   1.00  0.00  0.00  0.00  0.00  0.00  0.00  0.00  0.00
  3                       1.00   0.00  0.00  0.00  0.00  1.00  0.00  0.00  1.00  0.00
  10                      1.00   0.00  0.00  0.00  1.00  0.00  0.00  0.00  0.00  0.00
  13                      1.00   0.00  0.00  0.00  1.00  0.00  0.00  0.00  0.00  0.00
  22                      1.00   0.00  0.00  0.00  1.00  0.00  0.00  0.00  0.00  0.00
  24                      1.00   0.00  0.00  0.00  1.00  0.00  0.00  0.00  0.00  0.00
  30                      1.00   0.00  0.00  0.00  1.00  0.00  0.00  0.00  0.00  0.00
  34                      1.00   0.00  0.00  0.00  1.00  0.00  0.00  0.00  0.00  0.00
  36                      1.00   0.00  0.00  0.00  0.00  1.00  0.00  0.00  0.00  0.00
  38                      1.00   0.00  0.00  0.00  1.00  0.00  0.00  0.00  0.00  0.00
  48                      1.00   0.00  0.00  0.00  1.00  0.00  0.00  0.00  0.00  0.00
  54                      1.00   0.00  0.01  0.00  0.99  0.00  0.00  0.00  0.00  0.00
  68                      1.00   0.00  0.00  0.00  0.00  1.00  0.00  0.00  1.00  0.00
  73                      1.00   0.00  0.00  0.00  1.00  0.00  0.00  0.00  0.00  0.00
  TWT1                    1.00   1.00  0.00  0.00  0.00  0.00  0.00  0.00  0.00  0.00
  TWT2                    1.00   1.00  0.00  0.00  0.00  0.00  0.00  0.00  0.00  0.00
  TWT3                    1.00   1.00  0.00  0.00  0.00  0.00  0.00  0.00  0.00  0.00
  TWT4                    1.00   0.00  1.00  0.00  0.00  0.00  0.00  0.00  0.00  0.00
  1_2_b_                  1.00   1.00  0.00  0.00  0.00  0.00  0.00  0.00  0.00  0.00
  1_2_b_2                 1.00   0.00  0.00  0.00  0.00  1.00  0.00  0.00  0.00  0.00
  TWT5                    1.00   0.00  0.00  0.00  1.00  0.00  0.00  0.00  1.00  0.00
  1_4_a                   1.00   0.00  0.00  0.00  1.00  0.00  0.00  0.00  1.00  0.00
  TWT6                    1.00   0.00  0.00  0.00  0.00  1.00  0.00  0.00  0.00  0.00
  1_4_b                   1.00   0.00  0.00  0.00  0.99  0.01  0.00  0.00  0.01  0.00
  1_4_b_1                 1.00   0.00  0.00  0.00  1.00  0.00  0.00  0.00  0.00  0.00
  1_4_b_2                 1.00   0.00  0.00  0.00  0.00  1.00  0.00  0.00  0.00  0.00
  TWT7                    1.00   0.00  1.00  0.00  0.00  0.00  0.00  0.00  0.00  0.00
  1_5_a                   1.00   0.00  1.00  0.00  0.00  0.00  0.00  0.00  0.00  0.00
  
  
  *************************
  Conduit Surcharge Summary
  *************************
  
  ----------------------------------------------------------------------------
                                                           Hours        Hours 
                         --------- Hours Full --------   Above Full   Capacity
  Conduit                Both Ends  Upstream  Dnstream   Normal Flow   Limited
  ----------------------------------------------------------------------------
  Brunn_Fassung_L             0.01      0.01     24.00      0.01         0.01
  11                         23.99     23.99     23.99     23.99         0.01
  14                         23.99     23.99     24.00     23.99         0.01
  16                         24.00     24.00     24.00     23.99        23.99
  17                         24.00     24.00     24.00      0.01         0.01
  26                         23.99     24.00     23.99     23.99        23.99
  27                          0.01      0.01     23.98      0.01         0.01
  Gischeren_L                 0.01      0.01     23.91      0.01         0.01
  Schuettstein_L              0.01      0.01     23.99      0.01         0.01
  Brunnmuehle_L              24.00     24.00     24.00      0.01         0.01
  35                         23.93     23.93     23.96      0.01         0.01
  46                         24.00     24.00     24.00     23.99         0.01
  47                         24.00     24.00     24.00     24.00        24.00
  50                         23.99     23.99     23.99      0.01         0.01
  51                         23.99     23.99     24.00     23.98         0.01
  53                         24.00     24.00     24.00      0.01         0.01
  61                         23.99     23.99     23.99     23.99         0.01
  63                          0.01     23.98      0.01      0.01         0.01
  66                         23.96     23.98     23.96     23.98        23.96
  67                         23.99     23.99     24.00      0.01         0.01
  Amont_L                    24.00     24.00     24.00     24.00         0.01
  69                         23.96     23.96     24.00     23.98         0.01
  70                         23.96     23.96     24.00      0.01         0.01
  71                         23.99     23.99     23.99      0.01         0.01
  72                         23.91     23.98     23.91      0.08         0.01
  Sauser_L                    0.01      0.01     24.00      0.01         0.01
  75                          0.01     23.98      0.01     23.91         0.01
  Entw_Sto_L                 23.92     23.93     23.92     23.93        23.92
  4                          23.93     23.98     23.93     23.94        23.93
  5                          23.93     23.93     24.00      0.01         0.01
  6                           0.01      0.01     24.00      0.01         0.01
  7                          23.99     23.99     24.00      0.01         0.01
  Brunn_Teich_L               0.01      0.01     23.99      0.01         0.01
  9                           0.01      0.01     23.99      0.01         0.01
  12                         23.99     23.99     23.99      0.01         0.01
  15                         23.99     23.99     23.99      0.01         0.01
  18                         23.99     23.99     23.99      0.01         0.01
  19                         23.98     23.98     23.99      0.01         0.01
  21                          0.01      0.01     23.98      0.01         0.01
  Hooliloch_L                 0.01      0.01     23.97      0.01         0.01
  23                          0.01     23.96      0.01      0.01         0.01
  25                         23.94     23.94     23.99      0.01         0.01
  31                          0.01      0.01     23.92      0.01         0.01
  33                         23.97     23.97     23.97      0.01         0.01
  13                         23.99     23.99     24.00      0.01         0.01
  22                         23.99     23.99     24.00      0.01         0.01
  24                         23.98     23.98     24.00      0.01         0.01
  30                         23.98     23.98     24.00      0.01         0.01
  34                          0.01      0.01     23.99      0.01         0.01
  38                         23.95     23.95     23.96      0.01         0.01
  48                         23.85     23.85     23.91      0.01         0.01
  54                          0.01      0.01     23.87      0.01         0.01
  73                         23.83     23.83     23.84      0.01         0.01
  1_4_b                       0.01      0.01     23.81      0.01         0.01
  1_4_b_1                     0.01      0.01     24.00      0.01         0.01
  1_4_b_2                     0.01      0.01     24.00     23.99         0.01
  

  Analysis begun on:  Mon Aug 17 08:02:19 2026
  Analysis ended on:  Mon Aug 17 08:02:21 2026
  Total elapsed time: 00:00:02