
  EPA STORM WATER MANAGEMENT MODEL - VERSION 5.2 (Build 5.2.4)
  ------------------------------------------------------------

  Brunnmuehle (Twann) 
  WARNING 08: elevation drop exceeds length for Conduit SS3_L
  WARNING 08: elevation drop exceeds length for Conduit SS6_L
  WARNING 08: elevation drop exceeds length for Conduit 2
  WARNING 08: elevation drop exceeds length for Conduit 3
  WARNING 08: elevation drop exceeds length for Conduit 68
  WARNING 08: elevation drop exceeds length for Conduit 1_2_b_
  WARNING 08: elevation drop exceeds length for Conduit 1_2_b_2
  WARNING 08: elevation drop exceeds length for Conduit 1_2_b_4
  WARNING 08: elevation drop exceeds length for Conduit 1_4_b
  WARNING 08: elevation drop exceeds length for Conduit 1_5_a
  WARNING 04: minimum elevation drop used for Conduit 1_7_a
  WARNING 08: elevation drop exceeds length for Conduit 1_7_a_
  WARNING 08: elevation drop exceeds length for Conduit 1_7_a__
  WARNING 02: maximum depth increased for Node 2
  
  ****************
  Analysis Options
  ****************
  Flow Units ............... CMS
  Process Models:
    Rainfall/Runoff ........ NO
    RDII ................... NO
    Snowmelt ............... NO
    Groundwater ............ NO
    Flow Routing ........... YES
    Ponding Allowed ........ NO
    Water Quality .......... NO
  Flow Routing Method ...... DYNWAVE
  Surcharge Method ......... EXTRAN
  Starting Date ............ 01/01/2000 00:00:00
  Ending Date .............. 01/02/2000 00:00:00
  Antecedent Dry Days ...... 0.0
  Report Time Step ......... 01:00:00
  Routing Time Step ........ 0.50 sec
  Variable Time Step ....... YES
  Maximum Trials ........... 8
  Number of Threads ........ 1
  Head Tolerance ........... 0.001500 m
  
  
  **************************        Volume        Volume
  Flow Routing Continuity        hectare-m      10^6 ltr
  **************************     ---------     ---------
  Dry Weather Inflow .......         0.000         0.000
  Wet Weather Inflow .......         0.000         0.000
  Groundwater Inflow .......         0.000         0.000
  RDII Inflow ..............         0.000         0.000
  External Inflow ..........       133.343      1333.445
  External Outflow .........       126.754      1267.549
  Flooding Loss ............         0.000         0.000
  Evaporation Loss .........         0.000         0.000
  Exfiltration Loss ........         0.000         0.000
  Initial Stored Volume ....         0.057         0.565
  Final Stored Volume ......         0.516         5.160
  Continuity Error (%) .....         4.595
  
  
  *************************
  Highest Continuity Errors
  *************************
  Node TWT_Intersection_Sonsto_60+345 (-13025.33%)
  Node Amont_Trappe (-598.49%)
  Node Syst_Est_interm (100.00%)
  Node TWT_Acces_LT_60+110 (100.00%)
  Node 5 (99.74%)
  
  
  ***************************
  Time-Step Critical Elements
  ***************************
  Link 1_4_a (17480.55%)
  Link 1_7_a_1 (12.77%)
  Link 20 (4.26%)
  
  
  ********************************
  Highest Flow Instability Indexes
  ********************************
  All links are stable.
  
  
  *********************************
  Most Frequent Nonconverging Nodes
  *********************************
  Node Brunnm_Fassung (35.56%)
  Node Brunnmuehle(Teich) (35.56%)
  Node Fensterstollen (35.56%)
  Node Gischeren (35.56%)
  Node Schuettstein (35.56%)
  
  
  *************************
  Routing Time Step Summary
  *************************
  Minimum Time Step           :     0.50 sec
  Average Time Step           :     0.50 sec
  Maximum Time Step           :     0.50 sec
  % of Time in Steady State   :    99.43
  Average Iterations per Step :     5.00
  % of Steps Not Converging   :    35.56
  Time Step Frequencies       :
      0.500 -  0.500 sec      :   100.00 %
      0.500 -  0.500 sec      :     0.00 %
      0.500 -  0.500 sec      :     0.00 %
      0.500 -  0.500 sec      :     0.00 %
      0.500 -  0.500 sec      :     0.00 %
  
  
  ******************
  Node Depth Summary
  ******************
  
  ---------------------------------------------------------------------------------
                                 Average  Maximum  Maximum  Time of Max    Reported
                                   Depth    Depth      HGL   Occurrence   Max Depth
  Node                 Type       Meters   Meters   Meters  days hr:min      Meters
  ---------------------------------------------------------------------------------
  9                    JUNCTION    34.50    34.53   473.03     0  00:08       34.53
  Holiloch_sonde       JUNCTION    33.00    33.19   473.19     0  00:01       33.03
  11                   JUNCTION    41.13    41.54   451.54     0  00:00       41.15
  13                   JUNCTION    35.01    35.03   473.03     0  00:08       35.03
  21                   JUNCTION    39.04    39.06   439.06     0  00:08       39.06
  SonSto_F             JUNCTION     0.48     0.48   438.28     0  00:08        0.48
  Sondierstollen       JUNCTION     0.00     0.00   440.80     0  00:00        0.00
  Aval_Trappe          JUNCTION     0.46     0.78   438.38     0  00:08        0.46
  30                   JUNCTION     0.72     0.72   438.02     0  00:08        0.72
  Gischeren_node       JUNCTION     0.00     0.00   476.50     0  00:00        0.00
  34                   JUNCTION    18.15    18.16   438.16     0  00:08       18.16
  38                   JUNCTION    21.28    21.29   441.29     0  00:08       21.29
  SS6                  JUNCTION     0.06     0.06   448.06     0  00:08        0.06
  40                   JUNCTION    20.12    20.29   439.29     0  00:01       20.12
  41                   JUNCTION    35.51    35.53   473.03     0  00:08       35.53
  SondeSchuettstein    JUNCTION    14.02    14.58   473.58     0  00:02       14.03
  SS4                  JUNCTION     0.04     0.04   448.04     0  00:05        0.04
  47                   JUNCTION     8.12     8.54   473.44     0  00:01        8.13
  48                   JUNCTION     2.03     2.66   473.66     0  00:02        2.03
  SondeGischeren       JUNCTION     0.00     0.00   465.00     0  00:00        0.00
  49                   JUNCTION     6.90     6.92   472.92     0  00:08        6.92
  50                   JUNCTION     0.00     0.00   463.00     0  00:00        0.00
  51                   JUNCTION    53.39    53.42   473.42     0  00:08       53.42
  Amont_C              JUNCTION    56.66    87.47   505.47     0  00:00       56.69
  52                   JUNCTION     0.23     0.23   457.23     0  00:08        0.23
  53                   JUNCTION     3.95     3.97   470.97     0  00:07        3.96
  54                   JUNCTION     0.50     0.51   463.51     0  00:08        0.51
  56                   JUNCTION     6.11     6.48   436.48     0  00:00        6.11
  2                    JUNCTION     0.09     0.09   438.09     0  00:08        0.09
  4                    JUNCTION     8.45     8.62   436.62     0  00:00        8.46
  5                    JUNCTION     0.53     0.53   473.03     0  00:08        0.53
  6                    JUNCTION    15.01    15.65   473.65     0  00:01       15.03
  7                    JUNCTION     0.00     0.00   475.00     0  00:00        0.00
  SS3                  JUNCTION     0.00     0.00   448.00     0  00:00        0.00
  SS5                  JUNCTION     0.30     0.31   439.21     0  00:08        0.31
  8                    JUNCTION     0.00     0.00   474.00     0  00:00        0.00
  10                   JUNCTION     4.90     4.91   472.91     0  00:08        4.91
  SonSto_SS5           JUNCTION     0.00     0.00   439.30     0  00:05        0.00
  SonSto_SS3           JUNCTION     0.00     0.00   439.70     0  00:00        0.00
  SonSto_SS4           JUNCTION     0.02     0.02   439.42     0  00:05        0.02
  Amont_Trappe         JUNCTION     0.42     0.72   438.42     0  00:08        0.42
  SonSto_SS6           JUNCTION     0.07     0.07   438.77     0  00:03        0.07
  SS2                  JUNCTION     0.00     0.00   448.00     0  00:00        0.00
  SonSto_SS2           JUNCTION     0.00     0.00   441.50     0  00:00        0.00
  12                   JUNCTION     8.40     8.41   457.41     0  00:08        8.41
  14                   JUNCTION     1.26     1.26   466.26     0  00:08        1.26
  15                   JUNCTION     0.15     0.15   472.15     0  00:08        0.15
  TWT_PointHaut_60+650 JUNCTION     0.36     0.39   438.89     0  00:03        0.36
  TWT_Fensterstollen_60+375 JUNCTION     1.05     1.05   438.35     0  00:08        1.05
  TWT_Acces_LT_60+110  JUNCTION     0.94     0.94   438.44     0  00:08        0.94
  TWT_Liaison_LT_59+738 JUNCTION     0.00     0.00   450.60     0  00:00        0.00
  Syst_Est_amont       JUNCTION     0.50     0.52   430.52     0  00:03        0.50
  Syst_Est_interm      JUNCTION     1.06     1.07   411.07     0  00:08        1.07
  TWT_Branche_Est_Sonsto_60+540 JUNCTION     0.70     0.85   439.25     0  00:01        0.70
  TWT_Intersection_Sonsto_60+345 JUNCTION     1.23     1.42   438.42     0  00:07        1.23
  TWT_Chrosweg_61+140  JUNCTION     0.32     0.32   432.32     0  00:07        0.32
  SonSto_F_sup         JUNCTION     0.02     0.02   448.02     0  00:08        0.02
  SonSto_porte         JUNCTION     0.00     0.00   438.50     0  00:00        0.00
  Brunnm_Fassung       OUTFALL      0.09     0.09   433.89     0  00:08        0.09
  Brunnmuehle(Teich)   OUTFALL      0.20     0.20   435.70     0  00:08        0.20
  Fensterstollen       OUTFALL      0.65     0.65   437.65     0  00:08        0.65
  Gischeren            OUTFALL      0.00     0.00   480.00     0  00:00        0.00
  Schuettstein         OUTFALL      0.00     0.00   477.55     0  00:00        0.00
  Holiloch             OUTFALL      0.00     0.00   476.50     0  00:00        0.00
  Sauserquelle         OUTFALL      0.24     0.24   435.79     0  00:01        0.24
  Entw_Stollen         OUTFALL      0.09     0.09   436.59     0  00:08        0.09
  Sous_lacustre        OUTFALL      0.10     0.10   429.30     0  00:08        0.10
  Sous_ecoul.          OUTFALL      0.00     0.00   433.00     0  00:08        0.00
  Syst_Est_aval        OUTFALL      0.00     0.00   429.00     0  00:00        0.00
  TWT_Portail_Est_61+665 OUTFALL      0.32     0.32   421.92     0  00:07        0.32
  
  
  *******************
  Node Inflow Summary
  *******************
  
  -------------------------------------------------------------------------------------------------
                                  Maximum  Maximum                  Lateral       Total        Flow
                                  Lateral    Total  Time of Max      Inflow      Inflow     Balance
                                   Inflow   Inflow   Occurrence      Volume      Volume       Error
  Node                 Type           CMS      CMS  days hr:min    10^6 ltr    10^6 ltr     Percent
  -------------------------------------------------------------------------------------------------
  9                    JUNCTION         0     9.42     0  00:00           0        20.2       0.602
  Holiloch_sonde       JUNCTION         0     8.35     0  00:00           0        11.6       0.711
  11                   JUNCTION         0    0.214     0  00:01           0        18.3      -0.001
  13                   JUNCTION         0     14.9     0  00:00           0    1.14e+03       0.020
  21                   JUNCTION         0    0.346     0  00:08           0        29.9       0.009
  SonSto_F             JUNCTION         0    0.924     0  00:07           0        14.1      92.645
  Sondierstollen       JUNCTION         0        0     0  00:00           0           0       0.000 ltr
  Aval_Trappe          JUNCTION         0      6.5     0  00:08           0         368       7.240
  30                   JUNCTION         0     11.2     0  00:08           0         904       0.599
  Gischeren_node       JUNCTION         0        0     0  00:00           0           0       0.000 ltr
  34                   JUNCTION         0    0.314     0  00:08           0        27.1       0.006
  38                   JUNCTION         0    0.203     0  00:01           0        16.9       0.003
  SS6                  JUNCTION         0    0.121     0  00:08           0        10.4       0.002
  40                   JUNCTION         0      1.1     0  00:08           0          95       0.000
  41                   JUNCTION         0     1.57     0  00:00           0      0.0356      73.732
  SondeSchuettstein    JUNCTION         0    0.385     0  00:01           0      0.0203     172.693
  SS4                  JUNCTION         0   0.0777     0  00:05           0        6.39       0.008
  47                   JUNCTION         0     2.54     0  00:01           0        0.69       7.533
  48                   JUNCTION         0    0.195     0  00:01           0     0.00708    3164.497
  SondeGischeren       JUNCTION         0        0     0  00:00           0           0       0.000 ltr
  49                   JUNCTION         0    0.533     0  00:02           0        10.7       2.081
  50                   JUNCTION         0        0     0  00:00           0           0       0.000 ltr
  51                   JUNCTION         0     28.4     0  00:00           0    1.27e+03      -0.001
  Amont_C              JUNCTION      14.7     39.7     0  00:00    1.27e+03    1.27e+03       0.020
  52                   JUNCTION         0    0.162     0  00:08           0          14       6.972
  53                   JUNCTION         0    0.141     0  00:03           0        10.8      -0.533
  54                   JUNCTION         0    0.127     0  00:08           0        10.9      34.508
  56                   JUNCTION         0    0.517     0  00:01           0        43.7       0.000
  2                    JUNCTION         0   0.0371     0  00:08           0         3.2      83.194
  4                    JUNCTION         0    0.287     0  00:08           0        24.7       0.023
  5                    JUNCTION         0    0.811     0  00:01           0        0.64   38460.346
  6                    JUNCTION         0     5.19     0  00:00           0        11.5       1.389
  7                    JUNCTION         0        0     0  00:00           0           0       0.000 ltr
  SS3                  JUNCTION         0        0     0  00:00           0           0       0.000 ltr
  SS5                  JUNCTION         0   0.0281     0  00:01           0         1.9       1.169
  8                    JUNCTION         0        0     0  00:00           0           0       0.000 ltr
  10                   JUNCTION         0    0.201     0  00:02           0        10.5       0.527
  SonSto_SS5           JUNCTION         0  0.00115     0  00:05           0      0.0952       0.076
  SonSto_SS3           JUNCTION         0        0     0  00:00           0           0       0.000 ltr
  SonSto_SS4           JUNCTION         0    0.024     0  00:05           0        1.97       0.025
  Amont_Trappe         JUNCTION         0     1.17     0  00:04           0        2.62     -85.683
  SonSto_SS6           JUNCTION         0    0.121     0  00:08           0        10.5       0.012
  SS2                  JUNCTION         0        0     0  00:00           0           0       0.000 ltr
  SonSto_SS2           JUNCTION         0        0     0  00:00           0           0       0.000 ltr
  12                   JUNCTION         0    0.267     0  00:01           0        22.1       0.017
  14                   JUNCTION         0    0.728     0  00:08           0        62.9       0.053
  15                   JUNCTION         0   0.0983     0  00:08           0        8.47       0.523
  TWT_PointHaut_60+650 JUNCTION         0     3.74     0  00:02           0         292      -0.232
  TWT_Fensterstollen_60+375 JUNCTION         0     12.4     0  00:07           0         922       1.597
  TWT_Acces_LT_60+110  JUNCTION         0      4.4     0  00:05           0         170169932362.969 ltr
  TWT_Liaison_LT_59+738 JUNCTION         0        0     0  00:00           0           0       0.000 ltr
  Syst_Est_amont       JUNCTION     0.735    0.735     0  00:00        63.5        63.5      -0.118
  Syst_Est_interm      JUNCTION         0    0.781     0  00:04           0        63.663572378.060 ltr
  TWT_Branche_Est_Sonsto_60+540 JUNCTION         0     13.5     0  00:07           0    1.17e+03       0.527
  TWT_Intersection_Sonsto_60+345 JUNCTION         0     8.65     0  00:02           0        1.65     -99.238
  TWT_Chrosweg_61+140  JUNCTION         0     3.59     0  00:05           0         293      -0.465
  SonSto_F_sup         JUNCTION         0   0.0978     0  00:08           0        8.43       0.027
  SonSto_porte         JUNCTION         0        0     0  00:00           0           0       0.000 ltr
  Brunnm_Fassung       OUTFALL          0   0.0274     0  00:08           0        2.36       0.000
  Brunnmuehle(Teich)   OUTFALL          0    0.281     0  00:08           0        24.3       0.000
  Fensterstollen       OUTFALL          0     10.4     0  00:08           0         898       0.000
  Gischeren            OUTFALL          0        0     0  00:00           0           0       0.000 ltr
  Schuettstein         OUTFALL          0        0     0  00:00           0           0       0.000 ltr
  Holiloch             OUTFALL          0        0     0  00:00           0           0       0.000 ltr
  Sauserquelle         OUTFALL          0    0.517     0  00:01           0        43.7       0.000
  Entw_Stollen         OUTFALL          0   0.0203     0  00:08           0        1.75       0.000
  Sous_lacustre        OUTFALL          0   0.0322     0  00:08           0        2.78       0.000
  Sous_ecoul.          OUTFALL          0  0.00567     0  00:08           0        0.49       0.000
  Syst_Est_aval        OUTFALL          0        0     0  00:00           0           0       0.000 ltr
  TWT_Portail_Est_61+665 OUTFALL          0     3.42     0  00:07           0         294       0.000
  
  
  **********************
  Node Surcharge Summary
  **********************
  
  Surcharging occurs when water rises above the top of the highest conduit.
  ---------------------------------------------------------------------
                                               Max. Height   Min. Depth
                                   Hours       Above Crown    Below Rim
  Node                 Type      Surcharged         Meters       Meters
  ---------------------------------------------------------------------
  9                    JUNCTION       23.99         32.729       65.471
  Holiloch_sonde       JUNCTION       23.98         31.294      166.806
  11                   JUNCTION       24.00         41.078      108.462
  13                   JUNCTION       23.99         32.034      364.966
  21                   JUNCTION       24.00         38.456      110.944
  34                   JUNCTION       24.00         17.563       81.837
  38                   JUNCTION       24.00         20.694      128.706
  40                   JUNCTION       24.00         16.287       79.713
  41                   JUNCTION       23.99         34.684      214.466
  SondeSchuettstein    JUNCTION       23.97         13.776        0.000
  47                   JUNCTION       23.97          6.638       91.462
  48                   JUNCTION       23.96          1.860       97.340
  51                   JUNCTION       24.00         49.421      346.579
  Amont_C              JUNCTION       24.00         84.468      312.532
  56                   JUNCTION       23.99          5.480       93.520
  4                    JUNCTION       23.99          7.967       91.383
  6                    JUNCTION       23.97         10.651      184.349
  12                   JUNCTION       23.98          8.064      191.586
  
  
  *********************
  Node Flooding Summary
  *********************
  
  No nodes were flooded.
  
  
  ***********************
  Outfall Loading Summary
  ***********************
  
  -----------------------------------------------------------
                         Flow       Avg       Max       Total
                         Freq      Flow      Flow      Volume
  Outfall Node           Pcnt       CMS       CMS    10^6 ltr
  -----------------------------------------------------------
  Brunnm_Fassung        99.94    0.0274    0.0274       2.365
  Brunnmuehle(Teich)    99.94     0.281     0.281      24.254
  Fensterstollen        99.95      10.4      10.4     898.236
  Gischeren              0.00         0         0       0.000
  Schuettstein           0.00         0         0       0.000
  Holiloch               0.00         0         0       0.000
  Sauserquelle          99.97     0.506     0.517      43.659
  Entw_Stollen          99.94    0.0202    0.0203       1.745
  Sous_lacustre        100.00    0.0322    0.0322       2.778
  Sous_ecoul.           99.94   0.00567   0.00567       0.490
  Syst_Est_aval          0.00         0         0       0.000
  TWT_Portail_Est_61+665  99.95       3.4      3.42     294.016
  -----------------------------------------------------------
  System                66.63      14.7      14.7    1267.543
  
  
  ********************
  Link Flow Summary
  ********************
  
  -----------------------------------------------------------------------------
                                 Maximum  Time of Max   Maximum    Max/    Max/
                                  |Flow|   Occurrence   |Veloc|    Full    Full
  Link                 Type          CMS  days hr:min     m/sec    Flow   Depth
  -----------------------------------------------------------------------------
  Brunn_Fassung_L      CONDUIT    0.0274     0  00:08      1.23    0.45    0.74
  11                   CONDUIT      8.35     0  00:00      4.93    1.25    1.00
  14                   CONDUIT      9.42     0  00:00      7.24    5.12    1.00
  16                   CONDUIT     0.214     0  00:01      2.50    1.49    1.00
  17                   CONDUIT     0.205     0  00:00      0.72    0.35    1.00
  26                   CONDUIT      1.57     0  00:00      2.79    2.12    1.00
  27                   CONDUIT    0.0655     0  00:07      1.84    0.84    1.00
  Gischeren_L          CONDUIT         0     0  00:00      0.00    0.00    0.00
  Schuettstein_L       CONDUIT         0     0  00:00      0.00    0.00    0.50
  Brunnmuehle_L        CONDUIT     0.314     0  00:08      1.11    0.15    1.00
  32                   CONDUIT         0     0  00:00      0.00    0.00    0.00
  35                   CONDUIT         0     0  00:00      0.00    0.00    0.00
  45                   CONDUIT     0.125     0  00:03      4.30    0.00    0.09
  46                   CONDUIT     0.517     0  00:01      1.83    0.52    1.00
  47                   CONDUIT    0.0939     0  00:08      2.47    5.86    1.00
  50                   CONDUIT     0.195     0  00:01      0.76    0.04    1.00
  51                   CONDUIT    0.0281     0  00:01      0.39    0.08    0.94
  53                   CONDUIT     0.203     0  00:01      1.22    1.03    1.00
  Fenster_L            CONDUIT      10.4     0  00:08      9.10    0.10    0.23
  58                   CONDUIT      4.81     0  00:08      5.28    0.06    0.25
  59                   CONDUIT  0.000777     0  00:05      0.05    0.00    0.01
  61                   CONDUIT     0.385     0  00:01      1.74    0.54    1.00
  63                   CONDUIT     0.121     0  00:08      2.02    0.54    0.52
  66                   CONDUIT         0     0  00:00      0.00    0.00    0.00
  67                   CONDUIT      14.9     0  00:00      3.98    0.15    1.00
  Amont_L              CONDUIT      28.4     0  00:00      4.02    1.54    1.00
  69                   CONDUIT     0.162     0  00:08      1.51    0.63    0.79
  70                   CONDUIT     0.151     0  00:08      1.42    0.47    0.79
  71                   CONDUIT     0.141     0  00:03      0.81    0.25    1.00
  72                   CONDUIT     0.127     0  00:08      0.96    0.60    0.45
  Sauser_L             CONDUIT     0.517     0  00:01      1.01    0.13    0.62
  75                   CONDUIT    0.0777     0  00:05      3.01    0.79    0.57
  Entw_Sto_L           CONDUIT    0.0203     0  00:08      1.66    0.47    0.48
  4                    CONDUIT      0.02     0  00:08      1.17    0.89    0.73
  5                    CONDUIT    0.0171     0  00:08      0.84    0.61    0.74
  6                    CONDUIT    0.0322     0  00:08      1.28    0.48    0.74
  7                    CONDUIT     0.287     0  00:08      1.46    0.44    1.00
  Brunn_Teich_L        CONDUIT     0.281     0  00:08      1.22    0.21    0.66
  9                    CONDUIT   0.00567     0  00:08      1.43    0.00    0.50
  12                   CONDUIT     0.811     0  00:01      0.55    0.02    0.64
  15                   CONDUIT      5.19     0  00:00      2.92    0.13    1.00
  18                   CONDUIT      2.54     0  00:01      1.62    0.10    1.00
  19                   CONDUIT     0.533     0  00:02      1.07    0.51    1.00
  20                   CONDUIT     0.955     0  00:06      2.20    0.08    0.74
  21                   CONDUIT         0     0  00:00      0.00    0.00    0.05
  Hooliloch_L          CONDUIT         0     0  00:00      0.00    0.00    0.00
  23                   CONDUIT         0     0  00:00      0.00    0.00    0.00
  25                   CONDUIT         0     0  00:00      0.00    0.00    0.50
  28                   CONDUIT         0     0  00:00      0.00    0.00    0.00
  29                   CONDUIT   0.00115     0  00:05      0.23    0.00    0.00
  31                   CONDUIT         0     0  00:00      0.00    0.00    0.00
  33                   CONDUIT     0.201     0  00:02      0.60    0.08    0.74
  37                   CONDUIT  0.000353     0  00:05      0.00    0.00    0.05
  SS3_L                CONDUIT         0     0  00:00      0.00    0.00    0.00
  40                   CONDUIT      1.12     0  00:06      1.10    0.01    0.14
  SS6_L                CONDUIT     0.121     0  00:08      3.89    0.00    0.03
  1                    CONDUIT         0     0  00:00      0.00    0.00    0.00
  2                    CONDUIT         0     0  00:00      0.00    0.00    0.00
  3                    CONDUIT     0.024     0  00:05      3.34    0.00    0.03
  10                   CONDUIT    0.0228     0  00:05      0.17    0.00    0.05
  13                   CONDUIT     0.267     0  00:01      3.03    0.58    1.00
  22                   CONDUIT     0.257     0  00:08      2.67    0.64    1.00
  24                   CONDUIT     0.728     0  00:08      1.54    0.00    0.66
  30                   CONDUIT     0.728     0  00:08      1.54    0.30    0.66
  34                   CONDUIT    0.0983     0  00:08      0.61    0.11    0.64
  36                   CONDUIT    0.0978     0  00:08      4.19    0.10    0.15
  38                   CONDUIT         0     0  00:00      0.00    0.00    0.00
  48                   CONDUIT     0.781     0  00:04      2.40    0.52    0.75
  54                   CONDUIT         0     0  00:00      0.00    0.00    0.36
  68                   CONDUIT    0.0419     0  00:08      1.53    0.00    0.08
  73                   CONDUIT         0     0  00:00      0.00    0.00    0.02
  TWT1                 CONDUIT      3.42     0  00:07      5.03    0.00    0.04
  TWT2                 CONDUIT      3.59     0  00:05      5.35    0.00    0.04
  TWT3                 CONDUIT      3.74     0  00:02      2.73    0.01    0.07
  TWT4                 CONDUIT      12.2     0  00:02      5.46    0.02    0.11
  1_2_b_               CONDUIT         0     0  00:00      0.00    0.00    0.14
  1_2_b_2              CONDUIT   0.00975     0  00:08      0.03    0.00    0.51
  1_2_b_4              CONDUIT    0.0537     0  00:05      0.17    0.00    0.52
  TWT5                 CONDUIT      8.65     0  00:02      4.36    0.01    0.15
  1_4_a                CONDUIT       6.5     0  00:08      4.16    0.10    0.30
  TWT6                 CONDUIT       4.4     0  00:05      1.32    0.01    0.14
  1_4_b                CONDUIT         0     0  00:00      0.00    0.00    0.24
  TWT7                 CONDUIT         0     0  00:00      0.00    0.00    0.06
  1_5_a                CONDUIT         0     0  00:00      0.00    0.00    0.02
  1_7_a                CONDUIT      6.71     0  00:06      3.21    1.53    0.18
  1_7_a_               CONDUIT    0.0462     0  00:08      0.18    0.00    0.42
  1_7_a__              CONDUIT     0.595     0  00:08      1.00    0.01    0.92
  1_7_a_1              CONDUIT      12.9     0  00:07     18.15   10.34    0.92
  
  
  ***************************
  Flow Classification Summary
  ***************************
  
  -------------------------------------------------------------------------------------
                      Adjusted    ---------- Fraction of Time in Flow Class ---------- 
                       /Actual         Up    Down  Sub   Sup   Up    Down  Norm  Inlet 
  Conduit               Length    Dry  Dry   Dry   Crit  Crit  Crit  Crit  Ltd   Ctrl  
  -------------------------------------------------------------------------------------
  Brunn_Fassung_L         1.00   0.00  0.00  0.00  0.00  1.00  0.00  0.00  0.00  0.00
  11                      1.00   0.00  0.00  0.00  1.00  0.00  0.00  0.00  0.00  0.00
  14                      1.00   0.00  0.00  0.00  1.00  0.00  0.00  0.00  0.00  0.00
  16                      1.00   0.00  0.00  0.00  1.00  0.00  0.00  0.00  0.00  0.00
  17                      1.00   0.00  0.00  0.00  1.00  0.00  0.00  0.00  0.00  0.00
  26                      1.00   0.00  0.00  0.00  1.00  0.00  0.00  0.00  0.00  0.00
  27                      1.00   0.00  0.00  0.00  1.00  0.00  0.00  0.00  0.00  0.00
  Gischeren_L             1.00   1.00  0.00  0.00  0.00  0.00  0.00  0.00  0.00  0.00
  Schuettstein_L          1.00   0.00  1.00  0.00  0.00  0.00  0.00  0.00  0.00  0.00
  Brunnmuehle_L           1.00   0.00  0.00  0.00  1.00  0.00  0.00  0.00  0.00  0.00
  32                      1.00   1.00  0.00  0.00  0.00  0.00  0.00  0.00  0.00  0.00
  35                      1.00   1.00  0.00  0.00  0.00  0.00  0.00  0.00  0.00  0.00
  45                      1.00   0.00  0.00  0.00  1.00  0.00  0.00  0.00  1.00  0.00
  46                      1.00   0.00  0.00  0.00  1.00  0.00  0.00  0.00  0.00  0.00
  47                      1.00   0.00  0.00  0.00  1.00  0.00  0.00  0.00  0.00  0.00
  50                      1.00   0.00  0.00  0.00  1.00  0.00  0.00  0.00  0.00  0.00
  51                      1.00   0.00  0.00  0.00  1.00  0.00  0.00  0.00  0.00  0.00
  53                      1.00   0.00  0.00  0.00  1.00  0.00  0.00  0.00  0.00  0.00
  Fenster_L               1.00   0.00  0.00  0.00  0.00  1.00  0.00  0.00  0.00  0.00
  58                      1.00   0.00  0.00  0.00  0.00  1.00  0.00  0.00  0.99  0.00
  59                      1.00   0.00  0.00  0.00  1.00  0.00  0.00  0.00  1.00  0.00
  61                      1.00   0.00  0.00  0.00  1.00  0.00  0.00  0.00  0.00  0.00
  63                      1.00   0.00  0.00  0.00  1.00  0.00  0.00  0.00  0.00  0.00
  66                      1.00   1.00  0.00  0.00  0.00  0.00  0.00  0.00  0.00  0.00
  67                      1.00   0.00  0.00  0.00  1.00  0.00  0.00  0.00  0.00  0.00
  Amont_L                 1.00   0.00  0.00  0.00  1.00  0.00  0.00  0.00  0.00  0.00
  69                      1.00   0.00  0.00  0.00  1.00  0.00  0.00  0.00  0.00  0.00
  70                      1.00   0.00  0.00  0.00  1.00  0.00  0.00  0.00  0.00  0.00
  71                      1.00   0.00  0.00  0.00  1.00  0.00  0.00  0.00  0.00  0.00
  72                      1.00   0.00  0.00  0.00  1.00  0.00  0.00  0.00  0.00  0.00
  Sauser_L                1.00   0.00  0.00  0.00  1.00  0.00  0.00  0.00  0.00  0.00
  75                      1.00   0.00  0.00  0.00  0.00  1.00  0.00  0.00  0.00  0.00
  Entw_Sto_L              1.00   0.00  0.00  0.00  0.00  1.00  0.00  0.00  0.00  0.00
  4                       1.00   0.00  0.00  0.00  1.00  0.00  0.00  0.00  0.00  0.00
  5                       1.00   0.00  0.00  0.00  1.00  0.00  0.00  0.00  0.00  0.00
  6                       1.00   0.00  0.00  0.00  0.00  1.00  0.00  0.00  0.00  0.00
  7                       1.00   0.00  0.00  0.00  1.00  0.00  0.00  0.00  0.00  0.00
  Brunn_Teich_L           1.00   0.00  0.00  0.00  1.00  0.00  0.00  0.00  0.00  0.00
  9                       1.00   0.00  0.00  0.00  0.00  1.00  0.00  0.00  0.00  0.00
  12                      1.00   0.00  0.00  0.00  1.00  0.00  0.00  0.00  0.00  0.00
  15                      1.00   0.00  0.00  0.00  1.00  0.00  0.00  0.00  0.00  0.00
  18                      1.00   0.00  0.00  0.00  1.00  0.00  0.00  0.00  0.00  0.00
  19                      1.00   0.00  0.00  0.00  1.00  0.00  0.00  0.00  0.00  0.00
  20                      1.00   0.00  0.00  0.00  1.00  0.00  0.00  0.00  0.00  0.00
  21                      1.00   0.00  1.00  0.00  0.00  0.00  0.00  0.00  0.00  0.00
  Hooliloch_L             1.00   1.00  0.00  0.00  0.00  0.00  0.00  0.00  0.00  0.00
  23                      1.00   1.00  0.00  0.00  0.00  0.00  0.00  0.00  0.00  0.00
  25                      1.00   0.00  1.00  0.00  0.00  0.00  0.00  0.00  0.00  0.00
  28                      1.00   0.00  1.00  0.00  0.00  0.00  0.00  0.00  0.00  0.00
  29                      1.00   0.00  0.00  0.00  1.00  0.00  0.00  0.00  0.00  0.00
  31                      1.00   1.00  0.00  0.00  0.00  0.00  0.00  0.00  0.00  0.00
  33                      1.00   0.00  0.00  0.00  1.00  0.00  0.00  0.00  0.00  0.00
  37                      1.00   0.00  0.00  0.00  1.00  0.00  0.00  0.00  1.00  0.00
  SS3_L                   1.00   1.00  0.00  0.00  0.00  0.00  0.00  0.00  0.00  0.00
  40                      1.00   0.00  0.00  0.00  1.00  0.00  0.00  0.00  0.00  0.00
  SS6_L                   1.00   0.00  0.00  0.00  0.00  1.00  0.00  0.00  1.00  0.00
  1                       1.00   1.00  0.00  0.00  0.00  0.00  0.00  0.00  0.00  0.00
  2                       1.00   1.00  0.00  0.00  0.00  0.00  0.00  0.00  0.00  0.00
  3                       1.00   0.00  0.00  0.00  0.00  1.00  0.00  0.00  0.00  0.00
  10                      1.00   0.00  0.00  0.00  1.00  0.00  0.00  0.00  1.00  0.00
  13                      1.00   0.00  0.00  0.00  1.00  0.00  0.00  0.00  0.00  0.00
  22                      1.00   0.00  0.00  0.00  1.00  0.00  0.00  0.00  0.00  0.00
  24                      1.00   0.00  0.00  0.00  1.00  0.00  0.00  0.00  0.00  0.00
  30                      1.00   0.00  0.00  0.00  1.00  0.00  0.00  0.00  1.00  0.00
  34                      1.00   0.00  0.00  0.00  1.00  0.00  0.00  0.00  0.00  0.00
  36                      1.00   0.00  0.00  0.00  0.00  1.00  0.00  0.00  0.00  0.00
  38                      1.00   1.00  0.00  0.00  0.00  0.00  0.00  0.00  0.00  0.00
  48                      1.00   0.00  0.00  0.00  1.00  0.00  0.00  0.00  1.00  0.00
  54                      1.00   0.00  1.00  0.00  0.00  0.00  0.00  0.00  0.00  0.00
  68                      1.00   0.00  0.00  0.00  1.00  0.00  0.00  0.00  1.00  0.00
  73                      1.00   0.00  1.00  0.00  0.00  0.00  0.00  0.00  0.00  0.00
  TWT1                    1.00   0.00  0.00  0.00  0.00  1.00  0.00  0.00  0.99  0.00
  TWT2                    1.00   0.00  0.00  0.00  0.00  1.00  0.00  0.00  0.00  0.00
  TWT3                    1.00   0.00  0.00  0.00  0.00  1.00  0.00  0.00  0.00  0.00
  TWT4                    1.00   0.00  0.00  0.00  0.00  1.00  0.00  0.00  0.00  0.00
  1_2_b_                  1.00   0.00  1.00  0.00  0.00  0.00  0.00  0.00  0.00  0.00
  1_2_b_2                 1.00   0.00  0.00  0.00  1.00  0.00  0.00  0.00  1.00  0.00
  1_2_b_4                 1.00   0.00  0.00  0.00  1.00  0.00  0.00  0.00  1.00  0.00
  TWT5                    1.00   0.00  0.00  0.00  1.00  0.00  0.00  0.00  0.00  0.00
  1_4_a                   1.00   0.00  0.00  0.00  0.00  1.00  0.00  0.00  0.00  0.00
  TWT6                    1.00   0.00  0.00  0.00  1.00  0.00  0.00  0.00  0.00  0.00
  1_4_b                   1.00   0.00  1.00  0.00  0.00  0.00  0.00  0.00  0.00  0.00
  TWT7                    1.00   0.00  1.00  0.00  0.00  0.00  0.00  0.00  0.00  0.00
  1_5_a                   1.00   0.00  1.00  0.00  0.00  0.00  0.00  0.00  0.00  0.00
  1_7_a                   1.00   0.00  0.00  0.00  0.00  1.00  0.00  0.00  0.00  0.00
  1_7_a_                  1.00   0.00  0.00  0.00  1.00  0.00  0.00  0.00  1.00  0.00
  1_7_a__                 1.00   0.00  0.00  0.00  1.00  0.00  0.00  0.00  0.00  0.00
  1_7_a_1                 1.00   0.00  0.00  0.00  0.00  1.00  0.00  0.00  0.00  0.00
  
  
  *************************
  Conduit Surcharge Summary
  *************************
  
  ----------------------------------------------------------------------------
                                                           Hours        Hours 
                         --------- Hours Full --------   Above Full   Capacity
  Conduit                Both Ends  Upstream  Dnstream   Normal Flow   Limited
  ----------------------------------------------------------------------------
  Brunn_Fassung_L             0.01      0.01     24.00      0.01         0.01
  11                         23.98     23.98     23.99      0.01         0.01
  14                         23.99     23.99     23.99      0.02         0.01
  16                         24.00     24.00     24.00     23.99        23.99
  17                         24.00     24.00     24.00      0.01         0.01
  26                         23.99     23.99     23.99      0.01         0.01
  27                         23.92     23.92     23.97      0.01         0.01
  Brunnmuehle_L              24.00     24.00     24.00      0.01         0.01
  46                         24.00     24.00     24.00      0.01         0.01
  47                         24.00     24.00     24.00     24.00        24.00
  50                         23.96     23.96     23.97      0.01         0.01
  51                          0.01      0.01     23.98      0.01         0.01
  53                         24.00     24.00     24.00      0.07         0.01
  61                         23.98     23.98     23.99      0.01         0.01
  63                          0.01     23.95      0.01      0.01         0.01
  67                         23.99     23.99     24.00      0.01         0.01
  Amont_L                    24.00     24.00     24.00      0.01         0.01
  69                          0.01      0.01     24.00      0.01         0.01
  70                          0.01      0.01     24.00      0.01         0.01
  71                         23.95     23.95     23.99      0.01         0.01
  Sauser_L                    0.01      0.01     24.00      0.01         0.01
  75                          0.01     23.91      0.01      0.01         0.01
  4                           0.01     23.93      0.01      0.01         0.01
  5                           0.01      0.01     24.00      0.01         0.01
  6                           0.01      0.01     24.00      0.01         0.01
  7                          23.99     23.99     24.00      0.01         0.01
  Brunn_Teich_L               0.01      0.01     23.98      0.01         0.01
  9                           0.01      0.01     23.98      0.01         0.01
  12                          0.01      0.01     23.97      0.01         0.01
  15                         23.98     23.98     23.98      0.01         0.01
  18                         23.97     23.97     23.97      0.01         0.01
  19                         23.95     23.95     23.97      0.01         0.01
  13                         23.98     23.98     24.00      0.01         0.01
  22                         23.98     23.98     24.00      0.01         0.01
  24                          0.01      0.01     24.00      0.01         0.01
  30                          0.01      0.01     24.00      0.01         0.01
  34                          0.01      0.01     23.99      0.01         0.01
  48                          0.01      0.01     23.87      0.01         0.01
  1_2_b_2                     0.01      0.01     23.87      0.01         0.01
  1_2_b_4                     0.01      0.01     23.87      0.01         0.01
  1_7_a                       0.01      0.01      0.01     23.90         0.01
  1_7_a__                     0.01      0.01     24.00      0.01         0.01
  1_7_a_1                     0.01      0.01     23.99     23.99         0.01
  

  Analysis begun on:  Fri Aug 14 14:51:57 2026
  Analysis ended on:  Fri Aug 14 14:51:59 2026
  Total elapsed time: 00:00:02