
  EPA STORM WATER MANAGEMENT MODEL - VERSION 5.2 (Build 5.2.4)
  ------------------------------------------------------------

  Brunnmuehle (Twann) 
  WARNING 08: elevation drop exceeds length for Conduit SS3_L
  WARNING 08: elevation drop exceeds length for Conduit SS6_L
  WARNING 08: elevation drop exceeds length for Conduit 2
  WARNING 08: elevation drop exceeds length for Conduit 3
  WARNING 08: elevation drop exceeds length for Conduit 68
  WARNING 08: elevation drop exceeds length for Conduit 1_2_b_
  WARNING 08: elevation drop exceeds length for Conduit 1_2_b_2
  WARNING 08: elevation drop exceeds length for Conduit 1_2_b_6
  WARNING 08: elevation drop exceeds length for Conduit 1_4_a_2
  WARNING 08: elevation drop exceeds length for Conduit 1_4_b
  WARNING 08: elevation drop exceeds length for Conduit 1_5_a
  WARNING 04: minimum elevation drop used for Conduit 1_7_a
  WARNING 08: elevation drop exceeds length for Conduit 1_7_a_
  WARNING 08: elevation drop exceeds length for Conduit 1_7_a__
  WARNING 08: elevation drop exceeds length for Conduit 1_7_a_4
  WARNING 02: maximum depth increased for Node 2
  
  ****************
  Analysis Options
  ****************
  Flow Units ............... CMS
  Process Models:
    Rainfall/Runoff ........ NO
    RDII ................... NO
    Snowmelt ............... NO
    Groundwater ............ NO
    Flow Routing ........... YES
    Ponding Allowed ........ NO
    Water Quality .......... NO
  Flow Routing Method ...... DYNWAVE
  Surcharge Method ......... EXTRAN
  Starting Date ............ 01/01/2000 00:00:00
  Ending Date .............. 01/02/2000 00:00:00
  Antecedent Dry Days ...... 0.0
  Report Time Step ......... 01:00:00
  Routing Time Step ........ 0.50 sec
  Variable Time Step ....... YES
  Maximum Trials ........... 8
  Number of Threads ........ 1
  Head Tolerance ........... 0.001500 m
  
  
  **************************        Volume        Volume
  Flow Routing Continuity        hectare-m      10^6 ltr
  **************************     ---------     ---------
  Dry Weather Inflow .......         0.000         0.000
  Wet Weather Inflow .......         0.000         0.000
  Groundwater Inflow .......         0.000         0.000
  RDII Inflow ..............         0.000         0.000
  External Inflow ..........       133.343      1333.445
  External Outflow .........       126.432      1264.334
  Flooding Loss ............         0.000         0.000
  Evaporation Loss .........         0.000         0.000
  Exfiltration Loss ........         0.000         0.000
  Initial Stored Volume ....         0.056         0.563
  Final Stored Volume ......         0.449         4.493
  Continuity Error (%) .....         4.886
  
  
  *************************
  Highest Continuity Errors
  *************************
  Node Amont_Trappe (-394.37%)
  Node TWT_Intersection_Sonsto_60+345 (-175.00%)
  Node Aval_Trappe (-110.20%)
  Node Syst_Est_interm (100.00%)
  Node TWT_Acces_LT_60+110 (100.00%)
  
  
  ***************************
  Time-Step Critical Elements
  ***************************
  Link 1_7_a_ (15839.93%)
  Link 20 (37.44%)
  Link 1_4_a_2 (6.53%)
  Link 1_4_a (2.12%)
  
  
  ********************************
  Highest Flow Instability Indexes
  ********************************
  All links are stable.
  
  
  *********************************
  Most Frequent Nonconverging Nodes
  *********************************
  Node Brunnm_Fassung (36.61%)
  Node Brunnmuehle(Teich) (36.61%)
  Node Fensterstollen (36.61%)
  Node Gischeren (36.61%)
  Node Schuettstein (36.61%)
  
  
  *************************
  Routing Time Step Summary
  *************************
  Minimum Time Step           :     0.50 sec
  Average Time Step           :     0.50 sec
  Maximum Time Step           :     0.50 sec
  % of Time in Steady State   :    99.37
  Average Iterations per Step :     6.55
  % of Steps Not Converging   :    36.61
  Time Step Frequencies       :
      0.500 -  0.500 sec      :   100.00 %
      0.500 -  0.500 sec      :     0.00 %
      0.500 -  0.500 sec      :     0.00 %
      0.500 -  0.500 sec      :     0.00 %
      0.500 -  0.500 sec      :     0.00 %
  
  
  ******************
  Node Depth Summary
  ******************
  
  ---------------------------------------------------------------------------------
                                 Average  Maximum  Maximum  Time of Max    Reported
                                   Depth    Depth      HGL   Occurrence   Max Depth
  Node                 Type       Meters   Meters   Meters  days hr:min      Meters
  ---------------------------------------------------------------------------------
  9                    JUNCTION    42.39    44.83   483.33     0  00:00       42.41
  Holiloch_sonde       JUNCTION    39.69    41.59   481.59     0  00:00       39.72
  11                   JUNCTION    28.17    28.39   438.39     0  00:08       28.17
  13                   JUNCTION    48.95    49.71   487.71     0  00:02       48.97
  21                   JUNCTION    37.44    37.93   437.93     0  00:05       37.45
  SonSto_F             JUNCTION     0.33     0.33   438.13     0  00:09        0.33
  Sondierstollen       JUNCTION     0.00     0.00   440.80     0  00:00        0.00
  Aval_Trappe          JUNCTION     0.39     0.55   438.15     0  00:09        0.39
  30                   JUNCTION     0.59     0.59   437.89     0  00:09        0.59
  Gischeren_node       JUNCTION     0.08     0.08   476.58     0  00:09        0.08
  34                   JUNCTION    16.98    17.40   437.40     0  00:05       16.99
  38                   JUNCTION    17.57    18.04   438.04     0  00:05       17.58
  SS6                  JUNCTION     0.04     0.04   448.04     0  00:02        0.04
  40                   JUNCTION    20.72    20.85   439.85     0  00:04       20.73
  41                   JUNCTION    49.31    50.06   487.56     0  00:02       49.33
  SondeSchuettstein    JUNCTION    20.74    23.24   482.24     0  00:01       20.76
  SS4                  JUNCTION     0.06     0.06   448.06     0  00:02        0.06
  47                   JUNCTION    13.69    14.18   479.08     0  00:01       13.70
  48                   JUNCTION     8.58    10.76   481.76     0  00:01        8.59
  SondeGischeren       JUNCTION    11.59    11.64   476.64     0  00:09       11.64
  49                   JUNCTION    12.85    14.30   480.30     0  00:02       12.87
  50                   JUNCTION     6.03     6.70   469.70     0  00:05        6.05
  51                   JUNCTION    67.27    68.03   488.03     0  00:02       67.29
  Amont_C              JUNCTION    70.53    87.56   505.56     0  00:00       70.56
  52                   JUNCTION     5.35    11.73   468.73     0  00:05        5.37
  53                   JUNCTION     9.74    16.20   483.20     0  00:01        9.74
  54                   JUNCTION     3.16     3.18   466.18     0  00:09        3.18
  56                   JUNCTION     6.17     6.19   436.19     0  00:01        6.17
  2                    JUNCTION     0.07     0.07   438.07     0  00:09        0.07
  4                    JUNCTION     8.12     8.61   436.61     0  00:00        8.13
  5                    JUNCTION     5.85     5.88   478.38     0  00:03        5.86
  6                    JUNCTION    21.01    21.09   479.09     0  00:03       21.02
  7                    JUNCTION     3.35     3.37   478.37     0  00:03        3.35
  SS3                  JUNCTION     0.07     0.07   448.07     0  00:09        0.07
  SS5                  JUNCTION     0.58     0.59   439.49     0  00:09        0.59
  8                    JUNCTION     2.73     2.75   476.75     0  00:09        2.75
  10                   JUNCTION    10.84    12.34   480.34     0  00:02       10.86
  SonSto_SS5           JUNCTION     0.12     0.12   439.42     0  00:09        0.12
  SonSto_SS3           JUNCTION     0.10     0.10   439.80     0  00:06        0.10
  SonSto_SS4           JUNCTION     0.08     0.08   439.48     0  00:09        0.08
  Amont_Trappe         JUNCTION     0.34     0.43   438.13     0  00:09        0.34
  SonSto_SS6           JUNCTION     0.11     0.11   438.81     0  00:08        0.11
  SS2                  JUNCTION     0.00     0.00   448.00     0  00:00        0.00
  SonSto_SS2           JUNCTION     0.00     0.00   441.50     0  00:00        0.00
  12                   JUNCTION    16.08    16.39   465.39     0  00:02       16.09
  14                   JUNCTION     5.16     5.82   470.82     0  00:04        5.17
  15                   JUNCTION     0.34     0.34   472.34     0  00:06        0.34
  TWT_PointHaut_60+650 JUNCTION     0.16     0.17   438.67     0  00:06        0.16
  TWT_Fensterstollen_60+375 JUNCTION     0.86     0.87   438.17     0  00:08        0.86
  TWT_Acces_LT_60+110  JUNCTION     0.74     0.75   438.25     0  00:09        0.75
  TWT_Liaison_LT_59+738 JUNCTION     0.00     0.00   450.60     0  00:00        0.00
  Syst_Est_amont       JUNCTION     0.50     0.52   430.52     0  00:03        0.50
  Syst_Est_interm      JUNCTION     1.20     1.20   411.20     0  00:09        1.20
  TWT_Branche_Est_Sonsto_60+540 JUNCTION     0.42     0.46   438.86     0  00:02        0.42
  TWT_Intersection_Sonsto_60+345 JUNCTION     1.03     1.24   438.24     0  00:08        1.03
  TWT_Chrosweg_61+140  JUNCTION     0.13     0.13   432.13     0  00:09        0.13
  SonSto_F_sup         JUNCTION     0.04     0.04   448.04     0  00:06        0.04
  SonSto_porte         JUNCTION     0.00     0.00   438.50     0  00:00        0.00
  Brunnm_Fassung       OUTFALL      0.08     0.08   433.88     0  00:05        0.08
  Brunnmuehle(Teich)   OUTFALL      0.17     0.17   435.67     0  00:05        0.17
  Fensterstollen       OUTFALL      0.54     0.54   437.54     0  00:09        0.54
  Gischeren            OUTFALL      0.00     0.00   480.00     0  00:00        0.00
  Schuettstein         OUTFALL      0.20     0.22   477.77     0  00:01        0.20
  Holiloch             OUTFALL      1.51     1.53   478.03     0  00:03        1.52
  Sauserquelle         OUTFALL      0.25     0.25   435.80     0  00:04        0.25
  Entw_Stollen         OUTFALL      0.07     0.07   436.57     0  00:09        0.07
  Sous_lacustre        OUTFALL      0.09     0.09   429.29     0  00:05        0.09
  Sous_ecoul.          OUTFALL      0.00     0.00   433.00     0  00:05        0.00
  Syst_Est_aval        OUTFALL      0.00     0.00   429.00     0  00:00        0.00
  TWT_Portail_Est_61+665 OUTFALL      0.13     0.13   421.73     0  00:09        0.13
  
  
  *******************
  Node Inflow Summary
  *******************
  
  -------------------------------------------------------------------------------------------------
                                  Maximum  Maximum                  Lateral       Total        Flow
                                  Lateral    Total  Time of Max      Inflow      Inflow     Balance
                                   Inflow   Inflow   Occurrence      Volume      Volume       Error
  Node                 Type           CMS      CMS  days hr:min    10^6 ltr    10^6 ltr     Percent
  -------------------------------------------------------------------------------------------------
  9                    JUNCTION         0     12.4     0  00:00           0         553       0.021
  Holiloch_sonde       JUNCTION         0     11.6     0  00:00           0         516       0.018
  11                   JUNCTION         0    0.319     0  00:02           0        27.2      -0.051
  13                   JUNCTION         0     14.6     0  00:00           0    1.04e+03       0.023
  21                   JUNCTION         0    0.262     0  00:05           0          22      -0.003
  SonSto_F             JUNCTION         0     1.09     0  00:09           0          80    2020.313
  Sondierstollen       JUNCTION         0        0     0  00:00           0           0       0.000 ltr
  Aval_Trappe          JUNCTION         0     3.32     0  00:08           0         110     -52.427
  30                   JUNCTION         0     7.82     0  00:09           0         673       9.998
  Gischeren_node       JUNCTION         0    0.186     0  00:09           0          1615973157.380 ltr
  34                   JUNCTION         0    0.233     0  00:05           0        19.6       0.003
  38                   JUNCTION         0     0.16     0  00:00           0        4.15      -0.040
  SS6                  JUNCTION         0    0.155     0  00:02           0        12.8       0.001
  40                   JUNCTION         0     2.18     0  00:05           0         187      -0.000
  41                   JUNCTION         0     1.59     0  00:00           0          34       0.067
  SondeSchuettstein    JUNCTION         0    0.632     0  00:00           0          34       0.036
  SS4                  JUNCTION         0   0.0845     0  00:09           0        7.29       0.046
  47                   JUNCTION         0     8.47     0  00:01           0         503       0.008
  48                   JUNCTION         0     0.54     0  00:01           0          34       0.012
  SondeGischeren       JUNCTION         0    0.275     0  00:01           0        20.1       0.351
  49                   JUNCTION         0    0.944     0  00:02           0        12.9       0.499
  50                   JUNCTION         0     0.18     0  00:05           0        12.7       0.030
  51                   JUNCTION         0     28.4     0  00:00           0    1.27e+03      -0.001
  Amont_C              JUNCTION      14.7     39.7     0  00:00    1.27e+03    1.27e+03       0.019
  52                   JUNCTION         0    0.246     0  00:05           0        17.9       0.122
  53                   JUNCTION         0    0.352     0  00:01           0        24.1       0.036
  54                   JUNCTION         0    0.279     0  00:09           0        24.1     166.898
  56                   JUNCTION         0    0.553     0  00:04           0        47.5       0.001
  2                    JUNCTION         0   0.0221     0  00:08           0        1.86      63.903
  4                    JUNCTION         0    0.211     0  00:05           0        17.6       0.034
  5                    JUNCTION         0     7.02     0  00:01           0         503       0.059
  6                    JUNCTION         0     9.51     0  00:00           0         516       0.020
  7                    JUNCTION         0     6.28     0  00:02           0         503      -0.013
  SS3                  JUNCTION         0    0.148     0  00:09           0        12.7       0.025
  SS5                  JUNCTION         0    0.242     0  00:09           0        20.9       0.196
  8                    JUNCTION         0    0.457     0  00:08           0          39      35.456
  10                   JUNCTION         0    0.735     0  00:02           0        12.8       0.112
  SonSto_SS5           JUNCTION         0    0.265     0  00:09           0        22.9       0.113
  SonSto_SS3           JUNCTION         0    0.148     0  00:09           0        12.7       0.154
  SonSto_SS4           JUNCTION         0    0.232     0  00:09           0          20       0.069
  Amont_Trappe         JUNCTION         0    0.507     0  00:07           0        7.52     -79.772
  SonSto_SS6           JUNCTION         0    0.319     0  00:09           0        27.5       0.128
  SS2                  JUNCTION         0        0     0  00:00           0           0       0.000 ltr
  SonSto_SS2           JUNCTION         0        0     0  00:00           0           0       0.000 ltr
  12                   JUNCTION         0    0.357     0  00:00           0        26.1       0.014
  14                   JUNCTION         0     1.83     0  00:04           0         152       0.030
  15                   JUNCTION         0    0.426     0  00:05           0        36.4      -0.029
  TWT_PointHaut_60+650 JUNCTION         0    0.632     0  00:03           0        49.2      -2.786
  TWT_Fensterstollen_60+375 JUNCTION         0     8.57     0  00:08           0         504     -11.426
  TWT_Acces_LT_60+110  JUNCTION         0     2.86     0  00:06           0        99.599469252.147 ltr
  TWT_Liaison_LT_59+738 JUNCTION         0        0     0  00:00           0           0       0.000 ltr
  Syst_Est_amont       JUNCTION     0.735    0.735     0  00:00        63.5        63.5      -0.001
  Syst_Est_interm      JUNCTION         0    0.781     0  00:04           0        63.563497892.182 ltr
  TWT_Branche_Est_Sonsto_60+540 JUNCTION         0     4.17     0  00:05           0         358      -0.007
  TWT_Intersection_Sonsto_60+345 JUNCTION         0     5.68     0  00:07           0        36.2     -63.637
  TWT_Chrosweg_61+140  JUNCTION         0    0.591     0  00:07           0        50.6      12.557
  SonSto_F_sup         JUNCTION         0    0.426     0  00:06           0        36.4      -0.002
  SonSto_porte         JUNCTION         0        0     0  00:00           0           0       0.000 ltr
  Brunnm_Fassung       OUTFALL          0   0.0232     0  00:05           0        1.93       0.000
  Brunnmuehle(Teich)   OUTFALL          0    0.207     0  00:05           0        17.2       0.000
  Fensterstollen       OUTFALL          0     7.11     0  00:09           0         612       0.000
  Gischeren            OUTFALL          0        0     0  00:00           0           0       0.000 ltr
  Schuettstein         OUTFALL          0    0.452     0  00:01           0          34       0.000
  Holiloch             OUTFALL          0     5.98     0  00:03           0         503       0.000
  Sauserquelle         OUTFALL          0    0.553     0  00:04           0        47.5       0.000
  Entw_Stollen         OUTFALL          0   0.0132     0  00:09           0        1.13       0.000
  Sous_lacustre        OUTFALL          0   0.0293     0  00:05           0        2.48       0.000
  Sous_ecoul.          OUTFALL          0  0.00554     0  00:05           0       0.466       0.000
  Syst_Est_aval        OUTFALL          0        0     0  00:00           0           0       0.000 ltr
  TWT_Portail_Est_61+665 OUTFALL          0    0.522     0  00:09           0          45       0.000
  
  
  **********************
  Node Surcharge Summary
  **********************
  
  Surcharging occurs when water rises above the top of the highest conduit.
  ---------------------------------------------------------------------
                                               Max. Height   Min. Depth
                                   Hours       Above Crown    Below Rim
  Node                 Type      Surcharged         Meters       Meters
  ---------------------------------------------------------------------
  9                    JUNCTION       23.99         43.033       55.167
  Holiloch_sonde       JUNCTION       23.99         39.691      158.409
  11                   JUNCTION       24.00         27.888      121.612
  13                   JUNCTION       23.99         46.714      350.286
  21                   JUNCTION       24.00         37.331      112.069
  34                   JUNCTION       24.00         16.802       82.598
  38                   JUNCTION       24.00         17.440      131.960
  40                   JUNCTION       24.00         16.853       79.147
  41                   JUNCTION       23.99         49.208      199.942
  SondeSchuettstein    JUNCTION       23.98         22.436        0.000
  47                   JUNCTION       23.98         12.276       85.824
  48                   JUNCTION       23.98          9.958       89.242
  SondeGischeren       JUNCTION       23.91         10.438       88.362
  49                   JUNCTION       23.96          6.304      185.696
  50                   JUNCTION       23.90          6.401      193.299
  51                   JUNCTION       24.00         64.031      331.969
  Amont_C              JUNCTION       24.00         84.556      312.444
  52                   JUNCTION       23.91         11.329       88.271
  53                   JUNCTION       23.97         11.202      183.798
  56                   JUNCTION       23.99          5.188       93.812
  4                    JUNCTION       23.98          7.955       91.395
  5                    JUNCTION       23.96          0.878       44.122
  6                    JUNCTION       23.98         16.090      178.910
  10                   JUNCTION       23.95          4.342      187.658
  12                   JUNCTION       23.98         16.045      183.605
  14                   JUNCTION       23.93          1.819      194.181
  
  
  *********************
  Node Flooding Summary
  *********************
  
  No nodes were flooded.
  
  
  ***********************
  Outfall Loading Summary
  ***********************
  
  -----------------------------------------------------------
                         Flow       Avg       Max       Total
                         Freq      Flow      Flow      Volume
  Outfall Node           Pcnt       CMS       CMS    10^6 ltr
  -----------------------------------------------------------
  Brunnm_Fassung        99.93    0.0223    0.0232       1.928
  Brunnmuehle(Teich)    99.93     0.199     0.207      17.153
  Fensterstollen        99.97      7.08      7.11     611.838
  Gischeren              0.00         0         0       0.000
  Schuettstein          99.92     0.394     0.452      33.992
  Holiloch              99.87      5.83      5.98     502.897
  Sauserquelle          99.97      0.55     0.553      47.484
  Entw_Stollen          99.89    0.0131    0.0132       1.132
  Sous_lacustre         99.98    0.0287    0.0293       2.476
  Sous_ecoul.           99.93   0.00539   0.00554       0.466
  Syst_Est_aval          0.00         0         0       0.000
  TWT_Portail_Est_61+665  99.93     0.521     0.522      44.963
  -----------------------------------------------------------
  System                83.28      14.6      14.7    1264.328
  
  
  ********************
  Link Flow Summary
  ********************
  
  -----------------------------------------------------------------------------
                                 Maximum  Time of Max   Maximum    Max/    Max/
                                  |Flow|   Occurrence   |Veloc|    Full    Full
  Link                 Type          CMS  days hr:min     m/sec    Flow   Depth
  -----------------------------------------------------------------------------
  Brunn_Fassung_L      CONDUIT    0.0232     0  00:05      1.07    0.38    0.71
  11                   CONDUIT      11.6     0  00:00      6.52    1.74    1.00
  14                   CONDUIT      12.4     0  00:00      9.07    6.75    1.00
  16                   CONDUIT     0.318     0  00:02      3.72    2.22    1.00
  17                   CONDUIT      0.16     0  00:00      0.57    0.27    1.00
  26                   CONDUIT      1.59     0  00:00      2.82    2.15    1.00
  27                   CONDUIT    0.0418     0  00:09      1.10    0.54    1.00
  Gischeren_L          CONDUIT         0     0  00:00      0.00    0.00    0.03
  Schuettstein_L       CONDUIT     0.452     0  00:01      3.00    0.39    0.72
  Brunnmuehle_L        CONDUIT     0.233     0  00:05      0.82    0.11    1.00
  32                   CONDUIT         0     0  00:00      0.00    0.00    0.00
  35                   CONDUIT    0.0845     0  00:09      0.14    0.02    0.53
  45                   CONDUIT     0.323     0  00:08      4.55    0.00    0.07
  46                   CONDUIT     0.553     0  00:04      1.95    0.55    1.00
  47                   CONDUIT     0.112     0  00:02      2.94    6.96    1.00
  50                   CONDUIT      0.54     0  00:01      1.63    0.10    1.00
  51                   CONDUIT    0.0379     0  00:04      0.42    0.11    1.00
  53                   CONDUIT      0.16     0  00:00      0.96    0.81    1.00
  Fenster_L            CONDUIT      7.11     0  00:09      8.16    0.07    0.19
  58                   CONDUIT       2.6     0  00:09      3.99    0.03    0.19
  59                   CONDUIT     0.265     0  00:09      3.08    0.00    0.04
  61                   CONDUIT     0.632     0  00:00      3.30    0.89    1.00
  63                   CONDUIT     0.155     0  00:02      2.17    0.70    0.51
  66                   CONDUIT      0.18     0  00:05      2.67    2.37    1.00
  67                   CONDUIT      14.6     0  00:00      3.97    0.14    1.00
  Amont_L              CONDUIT      28.4     0  00:00      4.01    1.54    1.00
  69                   CONDUIT     0.246     0  00:05      2.08    0.96    1.00
  70                   CONDUIT     0.208     0  00:05      1.66    0.64    1.00
  71                   CONDUIT     0.352     0  00:01      1.56    0.62    1.00
  72                   CONDUIT     0.279     0  00:09      1.44    1.32    0.82
  Sauser_L             CONDUIT     0.553     0  00:04      1.07    0.14    0.63
  75                   CONDUIT    0.0845     0  00:09      2.80    0.86    0.63
  Entw_Sto_L           CONDUIT    0.0132     0  00:09      1.49    0.30    0.38
  4                    CONDUIT      0.02     0  00:09      1.30    0.90    0.68
  5                    CONDUIT   0.00237     0  00:08      0.13    0.08    0.69
  6                    CONDUIT    0.0293     0  00:05      1.19    0.44    0.73
  7                    CONDUIT     0.211     0  00:05      1.07    0.33    1.00
  Brunn_Teich_L        CONDUIT     0.207     0  00:05      0.93    0.16    0.63
  9                    CONDUIT   0.00554     0  00:05      1.39    0.00    0.50
  12                   CONDUIT      7.02     0  00:01      4.15    0.14    1.00
  15                   CONDUIT      9.51     0  00:00      4.77    0.25    1.00
  18                   CONDUIT      8.47     0  00:01      4.31    0.34    1.00
  19                   CONDUIT     0.944     0  00:02      1.25    0.90    1.00
  20                   CONDUIT     0.538     0  00:07      2.69    0.04    0.49
  21                   CONDUIT      6.28     0  00:02      0.76    0.04    0.84
  Hooliloch_L          CONDUIT      5.98     0  00:03      1.25    0.12    0.61
  23                   CONDUIT     0.148     0  00:09      3.20    0.92    0.62
  25                   CONDUIT     0.457     0  00:08      1.68    0.37    1.00
  28                   CONDUIT     0.147     0  00:09      2.38    0.00    0.03
  29                   CONDUIT    0.0239     0  00:09      0.66    0.00    0.03
  31                   CONDUIT     0.102     0  00:09      0.42    0.06    0.28
  33                   CONDUIT     0.735     0  00:02      0.79    0.28    1.00
  37                   CONDUIT     0.242     0  00:09      0.52    0.01    0.12
  SS3_L                CONDUIT     0.148     0  00:09      3.04    0.00    0.04
  40                   CONDUIT     0.595     0  00:09      1.44    0.00    0.09
  SS6_L                CONDUIT    0.0565     0  00:02      3.05    0.00    0.04
  1                    CONDUIT         0     0  00:00      0.00    0.00    0.02
  2                    CONDUIT         0     0  00:00      0.00    0.00    0.00
  3                    CONDUIT    0.0845     0  00:09      4.29    0.01    0.07
  10                   CONDUIT     0.208     0  00:09      0.56    0.00    0.11
  13                   CONDUIT     0.357     0  00:00      4.22    0.77    1.00
  22                   CONDUIT     0.305     0  00:02      3.17    0.76    1.00
  24                   CONDUIT      1.83     0  00:04      2.64    0.00    1.00
  30                   CONDUIT      1.77     0  00:05      2.45    0.74    1.00
  34                   CONDUIT     0.426     0  00:05      2.08    0.48    0.81
  36                   CONDUIT     0.426     0  00:06      5.84    0.45    0.35
  38                   CONDUIT     0.275     0  00:01      2.54    0.10    1.00
  48                   CONDUIT     0.781     0  00:04      2.40    0.52    0.75
  54                   CONDUIT         0     0  00:00      0.00    0.00    0.40
  68                   CONDUIT     0.181     0  00:06      8.66    0.00    0.06
  73                   CONDUIT         0     0  00:00      0.00    0.00    0.02
  TWT1                 CONDUIT     0.522     0  00:09      2.83    0.00    0.02
  TWT2                 CONDUIT     0.591     0  00:07      3.00    0.00    0.02
  TWT3                 CONDUIT     0.632     0  00:03      1.17    0.00    0.04
  TWT4                 CONDUIT      3.85     0  00:03      3.09    0.01    0.08
  1_2_b_               CONDUIT         0     0  00:00      0.00    0.00    0.08
  1_2_b_1              CONDUIT      2.19     0  00:02     13.22    8.43    1.00
  1_2_b_2              CONDUIT    0.0426     0  00:06      0.39    0.01    0.54
  1_2_b_6              CONDUIT    0.0508     0  00:02      0.47    0.02    0.54
  TWT5                 CONDUIT      5.41     0  00:07      2.94    0.01    0.12
  1_4_a                CONDUIT      3.32     0  00:08      2.71    0.05    0.24
  1_4_a_2              CONDUIT     0.269     0  00:07      1.77    0.07    1.00
  TWT6                 CONDUIT      2.86     0  00:06      1.07    0.01    0.12
  1_4_b                CONDUIT         0     0  00:00      0.00    0.00    0.21
  TWT7                 CONDUIT         0     0  00:00      0.00    0.00    0.05
  1_5_a                CONDUIT         0     0  00:00      0.00    0.00    0.02
  1_7_a                CONDUIT      5.19     0  00:09      3.02    1.18    0.14
  1_7_a_               CONDUIT     0.202     0  00:06      2.30    0.01    0.50
  1_7_a__              CONDUIT      1.59     0  00:06      8.43    0.23    0.96
  1_7_a_1              CONDUIT      2.33     0  00:02     12.43   11.88    0.96
  1_7_a_4              CONDUIT    0.0481     0  00:02      0.52    0.02    0.50
  
  
  ***************************
  Flow Classification Summary
  ***************************
  
  -------------------------------------------------------------------------------------
                      Adjusted    ---------- Fraction of Time in Flow Class ---------- 
                       /Actual         Up    Down  Sub   Sup   Up    Down  Norm  Inlet 
  Conduit               Length    Dry  Dry   Dry   Crit  Crit  Crit  Crit  Ltd   Ctrl  
  -------------------------------------------------------------------------------------
  Brunn_Fassung_L         1.00   0.00  0.00  0.00  1.00  0.00  0.00  0.00  0.00  0.00
  11                      1.00   0.00  0.00  0.00  1.00  0.00  0.00  0.00  0.00  0.00
  14                      1.00   0.00  0.00  0.00  1.00  0.00  0.00  0.00  0.00  0.00
  16                      1.00   0.00  0.00  0.00  1.00  0.00  0.00  0.00  0.00  0.00
  17                      1.00   0.00  0.00  0.00  1.00  0.00  0.00  0.00  0.00  0.00
  26                      1.00   0.00  0.00  0.00  1.00  0.00  0.00  0.00  0.00  0.00
  27                      1.00   0.00  0.00  0.00  1.00  0.00  0.00  0.00  0.00  0.00
  Gischeren_L             1.00   0.01  0.99  0.00  0.00  0.00  0.00  0.00  0.00  0.00
  Schuettstein_L          1.00   0.00  0.00  0.00  0.00  1.00  0.00  0.00  0.00  0.00
  Brunnmuehle_L           1.00   0.00  0.00  0.00  1.00  0.00  0.00  0.00  0.00  0.00
  32                      1.00   1.00  0.00  0.00  0.00  0.00  0.00  0.00  0.00  0.00
  35                      1.00   0.00  0.01  0.00  0.99  0.00  0.00  0.00  0.00  0.00
  45                      1.00   0.00  0.00  0.00  0.00  1.00  0.00  0.00  0.99  0.00
  46                      1.00   0.00  0.00  0.00  1.00  0.00  0.00  0.00  0.00  0.00
  47                      1.00   0.00  0.00  0.00  1.00  0.00  0.00  0.00  0.00  0.00
  50                      1.00   0.00  0.00  0.00  1.00  0.00  0.00  0.00  0.00  0.00
  51                      1.00   0.00  0.00  0.00  1.00  0.00  0.00  0.00  0.00  0.00
  53                      1.00   0.00  0.00  0.00  1.00  0.00  0.00  0.00  0.00  0.00
  Fenster_L               1.00   0.00  0.00  0.00  0.00  1.00  0.00  0.00  0.00  0.00
  58                      1.00   0.00  0.00  0.00  0.00  1.00  0.00  0.00  0.00  0.00
  59                      1.00   0.00  0.00  0.00  0.00  1.00  0.00  0.00  0.00  0.00
  61                      1.00   0.00  0.00  0.00  1.00  0.00  0.00  0.00  0.00  0.00
  63                      1.00   0.00  0.00  0.00  1.00  0.00  0.00  0.00  0.00  0.00
  66                      1.00   0.00  0.00  0.00  1.00  0.00  0.00  0.00  0.00  0.00
  67                      1.00   0.00  0.00  0.00  1.00  0.00  0.00  0.00  0.00  0.00
  Amont_L                 1.00   0.00  0.00  0.00  1.00  0.00  0.00  0.00  0.00  0.00
  69                      1.00   0.00  0.00  0.00  1.00  0.00  0.00  0.00  0.00  0.00
  70                      1.00   0.00  0.00  0.00  1.00  0.00  0.00  0.00  0.00  0.00
  71                      1.00   0.00  0.00  0.00  1.00  0.00  0.00  0.00  0.00  0.00
  72                      1.00   0.00  0.00  0.00  1.00  0.00  0.00  0.00  0.00  0.00
  Sauser_L                1.00   0.00  0.00  0.00  1.00  0.00  0.00  0.00  0.00  0.00
  75                      1.00   0.00  0.00  0.00  0.00  1.00  0.00  0.00  0.00  0.00
  Entw_Sto_L              1.00   0.00  0.00  0.00  0.00  1.00  0.00  0.00  0.00  0.00
  4                       1.00   0.00  0.00  0.00  1.00  0.00  0.00  0.00  0.00  0.00
  5                       1.00   0.00  0.00  0.00  1.00  0.00  0.00  0.00  0.00  0.00
  6                       1.00   0.00  0.00  0.00  0.00  1.00  0.00  0.00  0.00  0.00
  7                       1.00   0.00  0.00  0.00  1.00  0.00  0.00  0.00  0.00  0.00
  Brunn_Teich_L           1.00   0.00  0.00  0.00  1.00  0.00  0.00  0.00  0.00  0.00
  9                       1.00   0.00  0.00  0.00  0.00  1.00  0.00  0.00  0.00  0.00
  12                      1.00   0.00  0.00  0.00  1.00  0.00  0.00  0.00  0.00  0.00
  15                      1.00   0.00  0.00  0.00  1.00  0.00  0.00  0.00  0.00  0.00
  18                      1.00   0.00  0.00  0.00  1.00  0.00  0.00  0.00  0.00  0.00
  19                      1.00   0.00  0.00  0.00  1.00  0.00  0.00  0.00  0.00  0.00
  20                      1.00   0.00  0.00  0.00  1.00  0.00  0.00  0.00  0.00  0.00
  21                      1.00   0.00  0.00  0.00  1.00  0.00  0.00  0.00  0.00  0.00
  Hooliloch_L             1.00   0.00  0.00  0.00  1.00  0.00  0.00  0.00  0.00  0.00
  23                      1.00   0.00  0.00  0.00  0.00  1.00  0.00  0.00  0.00  0.00
  25                      1.00   0.00  0.00  0.00  1.00  0.00  0.00  0.00  0.00  0.00
  28                      1.00   0.00  0.00  0.00  0.00  1.00  0.00  0.00  0.00  0.00
  29                      1.00   0.00  0.00  0.00  1.00  0.00  0.00  0.00  1.00  0.00
  31                      1.00   0.00  0.01  0.00  0.99  0.00  0.00  0.00  0.00  0.00
  33                      1.00   0.00  0.00  0.00  1.00  0.00  0.00  0.00  0.00  0.00
  37                      1.00   0.00  0.00  0.00  1.00  0.00  0.00  0.00  0.00  0.00
  SS3_L                   1.00   0.00  0.00  0.00  0.00  1.00  0.00  0.00  1.00  0.00
  40                      1.00   0.00  0.00  0.00  1.00  0.00  0.00  0.00  0.00  0.00
  SS6_L                   1.00   0.00  0.00  0.00  0.00  1.00  0.00  0.00  1.00  0.00
  1                       1.00   0.00  1.00  0.00  0.00  0.00  0.00  0.00  0.00  0.00
  2                       1.00   1.00  0.00  0.00  0.00  0.00  0.00  0.00  0.00  0.00
  3                       1.00   0.00  0.00  0.00  0.00  1.00  0.00  0.00  1.00  0.00
  10                      1.00   0.00  0.00  0.00  1.00  0.00  0.00  0.00  1.00  0.00
  13                      1.00   0.00  0.00  0.00  1.00  0.00  0.00  0.00  0.00  0.00
  22                      1.00   0.00  0.00  0.00  1.00  0.00  0.00  0.00  0.00  0.00
  24                      1.00   0.00  0.00  0.00  1.00  0.00  0.00  0.00  0.00  0.00
  30                      1.00   0.00  0.00  0.00  1.00  0.00  0.00  0.00  0.00  0.00
  34                      1.00   0.00  0.00  0.00  1.00  0.00  0.00  0.00  0.00  0.00
  36                      1.00   0.00  0.00  0.00  0.00  1.00  0.00  0.00  0.00  0.00
  38                      1.00   0.00  0.00  0.00  1.00  0.00  0.00  0.00  0.00  0.00
  48                      1.00   0.00  0.00  0.00  1.00  0.00  0.00  0.00  1.00  0.00
  54                      1.00   0.00  1.00  0.00  0.00  0.00  0.00  0.00  0.00  0.00
  68                      1.00   0.00  0.00  0.00  0.99  0.01  0.00  0.00  1.00  0.00
  73                      1.00   0.00  1.00  0.00  0.00  0.00  0.00  0.00  0.00  0.00
  TWT1                    1.00   0.00  0.00  0.00  0.00  1.00  0.00  0.00  0.00  0.00
  TWT2                    1.00   0.00  0.00  0.00  0.00  1.00  0.00  0.00  0.00  0.00
  TWT3                    1.00   0.00  0.00  0.00  1.00  0.00  0.00  0.00  0.00  0.00
  TWT4                    1.00   0.00  0.00  0.00  1.00  0.00  0.00  0.00  1.00  0.00
  1_2_b_                  1.00   0.00  1.00  0.00  0.00  0.00  0.00  0.00  0.00  0.00
  1_2_b_1                 1.00   0.00  0.00  0.00  1.00  0.00  0.00  0.00  0.00  0.00
  1_2_b_2                 1.00   0.00  0.00  0.00  1.00  0.00  0.00  0.00  1.00  0.00
  1_2_b_6                 1.00   0.00  0.00  0.00  1.00  0.00  0.00  0.00  1.00  0.00
  TWT5                    1.00   0.00  0.00  0.00  1.00  0.00  0.00  0.00  0.00  0.00
  1_4_a                   1.00   0.00  0.00  0.00  1.00  0.00  0.00  0.00  0.00  0.00
  1_4_a_2                 1.00   0.00  0.00  0.00  1.00  0.00  0.00  0.00  0.00  0.00
  TWT6                    1.00   0.00  0.00  0.00  1.00  0.00  0.00  0.00  0.00  0.00
  1_4_b                   1.00   0.00  1.00  0.00  0.00  0.00  0.00  0.00  0.00  0.00
  TWT7                    1.00   0.00  1.00  0.00  0.00  0.00  0.00  0.00  0.00  0.00
  1_5_a                   1.00   0.00  1.00  0.00  0.00  0.00  0.00  0.00  0.00  0.00
  1_7_a                   1.00   0.00  0.00  0.00  0.00  1.00  0.00  0.00  0.00  0.00
  1_7_a_                  1.00   0.00  0.00  0.00  0.00  1.00  0.00  0.00  1.00  0.00
  1_7_a__                 1.00   0.00  0.00  0.00  0.00  1.00  0.00  0.00  0.00  0.00
  1_7_a_1                 1.00   0.00  0.00  0.00  0.00  1.00  0.00  0.00  0.00  0.00
  1_7_a_4                 1.00   0.00  0.00  0.00  1.00  0.00  0.00  0.00  1.00  0.00
  
  
  *************************
  Conduit Surcharge Summary
  *************************
  
  ----------------------------------------------------------------------------
                                                           Hours        Hours 
                         --------- Hours Full --------   Above Full   Capacity
  Conduit                Both Ends  Upstream  Dnstream   Normal Flow   Limited
  ----------------------------------------------------------------------------
  Brunn_Fassung_L             0.01      0.01     24.00      0.01         0.01
  11                         23.99     23.99     23.99      0.02         0.01
  14                         23.99     23.99     23.99     23.99         0.01
  16                         24.00     24.00     24.00     23.99        23.99
  17                         24.00     24.00     24.00      0.01         0.01
  26                         23.99     23.99     23.99      0.01         0.01
  27                         23.85     23.85     23.96      0.01         0.01
  Schuettstein_L              0.01      0.01     23.98      0.01         0.01
  Brunnmuehle_L              24.00     24.00     24.00      0.01         0.01
  35                          0.01      0.01     23.85      0.01         0.01
  46                         24.00     24.00     24.00      0.01         0.01
  47                         24.00     24.00     24.00     24.00        24.00
  50                         23.98     23.98     23.98      0.01         0.01
  51                         23.96     23.96     24.00      0.01         0.01
  53                         24.00     24.00     24.00      0.01         0.01
  61                         23.98     23.98     23.99      0.01         0.01
  63                          0.01     23.97      0.01      0.01         0.01
  66                         23.90     23.97     23.90     23.96        23.90
  67                         23.99     23.99     24.00      0.01         0.01
  Amont_L                    24.00     24.00     24.00      0.01         0.01
  69                         23.91     23.91     24.00      0.01         0.01
  70                         23.91     23.91     24.00      0.01         0.01
  71                         23.98     23.98     23.99      0.01         0.01
  72                          0.01     23.97      0.01     23.97         0.01
  Sauser_L                    0.01      0.01     24.00      0.01         0.01
  75                          0.01     23.96      0.01      0.01         0.01
  4                           0.01     23.97      0.01      0.01         0.01
  5                           0.01      0.01     23.99      0.01         0.01
  6                           0.01      0.01     24.00      0.01         0.01
  7                          23.99     23.99     24.00      0.01         0.01
  Brunn_Teich_L               0.01      0.01     23.98      0.01         0.01
  9                           0.01      0.01     23.98      0.01         0.01
  12                         23.98     23.98     23.98      0.01         0.01
  15                         23.98     23.98     23.99      0.01         0.01
  18                         23.98     23.98     23.98      0.01         0.01
  19                         23.97     23.97     23.98      0.01         0.01
  21                          0.01      0.01     23.96      0.01         0.01
  23                          0.01     23.90      0.01      0.01         0.01
  25                         23.85     23.85     23.99      0.01         0.01
  33                         23.95     23.95     23.96      0.01         0.01
  13                         23.98     23.98     24.00      0.01         0.01
  22                         23.98     23.98     24.00      0.01         0.01
  24                         23.93     23.93     24.00      0.01         0.01
  30                         23.93     23.93     24.00      0.01         0.01
  34                          0.01      0.01     23.99      0.01         0.01
  38                         23.88     23.88     23.92      0.01         0.01
  48                          0.01      0.01     23.87      0.01         0.01
  1_2_b_1                    23.95     24.00     23.95     23.99        23.95
  1_2_b_2                     0.01      0.01     23.95      0.01         0.01
  1_2_b_6                     0.01      0.01     23.95      0.01         0.01
  1_4_a_2                    23.96     23.96     24.00      0.01         0.01
  1_7_a                       0.01      0.01      0.01     23.86         0.01
  1_7_a__                     0.01      0.01     24.00      0.01         0.01
  1_7_a_1                     0.01      0.01     24.00     23.99         0.01
  

  Analysis begun on:  Thu Aug 20 13:02:01 2026
  Analysis ended on:  Thu Aug 20 13:02:04 2026
  Total elapsed time: 00:00:03