
  EPA STORM WATER MANAGEMENT MODEL - VERSION 5.2 (Build 5.2.4)
  ------------------------------------------------------------

  Brunnmuehle (Twann) 
  WARNING 08: elevation drop exceeds length for Conduit SS3_L
  WARNING 08: elevation drop exceeds length for Conduit SS6_L
  WARNING 08: elevation drop exceeds length for Conduit 2
  WARNING 08: elevation drop exceeds length for Conduit 3
  WARNING 08: elevation drop exceeds length for Conduit 68
  WARNING 08: elevation drop exceeds length for Conduit 1_2_b_
  WARNING 08: elevation drop exceeds length for Conduit 1_2_b_2
  WARNING 08: elevation drop exceeds length for Conduit 1_2_b_5
  WARNING 08: elevation drop exceeds length for Conduit 1_4_b
  WARNING 08: elevation drop exceeds length for Conduit 1_5_a
  WARNING 02: maximum depth increased for Node 2
  
  ****************
  Analysis Options
  ****************
  Flow Units ............... CMS
  Process Models:
    Rainfall/Runoff ........ NO
    RDII ................... NO
    Snowmelt ............... NO
    Groundwater ............ NO
    Flow Routing ........... YES
    Ponding Allowed ........ NO
    Water Quality .......... NO
  Flow Routing Method ...... DYNWAVE
  Surcharge Method ......... EXTRAN
  Starting Date ............ 01/01/2000 00:00:00
  Ending Date .............. 01/02/2000 00:00:00
  Antecedent Dry Days ...... 0.0
  Report Time Step ......... 01:00:00
  Routing Time Step ........ 0.50 sec
  Variable Time Step ....... YES
  Maximum Trials ........... 8
  Number of Threads ........ 1
  Head Tolerance ........... 0.001500 m
  
  
  **************************        Volume        Volume
  Flow Routing Continuity        hectare-m      10^6 ltr
  **************************     ---------     ---------
  Dry Weather Inflow .......         0.000         0.000
  Wet Weather Inflow .......         0.000         0.000
  Groundwater Inflow .......         0.000         0.000
  RDII Inflow ..............         0.000         0.000
  External Inflow ..........       166.906      1669.074
  External Outflow .........       158.591      1585.927
  Flooding Loss ............         0.000         0.000
  Evaporation Loss .........         0.000         0.000
  Exfiltration Loss ........         0.000         0.000
  Initial Stored Volume ....         0.056         0.564
  Final Stored Volume ......         0.429         4.293
  Continuity Error (%) .....         4.757
  
  
  *************************
  Highest Continuity Errors
  *************************
  Node TWT_Intersection_Sonsto_60+345 (-4405.46%)
  Node Amont_Trappe (-317.22%)
  Node TWT_Acces_LT_60+110 (99.99%)
  Node SonSto_F (78.20%)
  Node Aval_Trappe (-58.90%)
  
  
  ***************************
  Time-Step Critical Elements
  ***************************
  Link 20 (14705.20%)
  Link 1_2_b_1 (6.13%)
  Link 1_4_a (1.96%)
  
  
  ********************************
  Highest Flow Instability Indexes
  ********************************
  All links are stable.
  
  
  *********************************
  Most Frequent Nonconverging Nodes
  *********************************
  Node Brunnm_Fassung (55.88%)
  Node Brunnmuehle(Teich) (55.88%)
  Node Fensterstollen (55.88%)
  Node Gischeren (55.88%)
  Node Schuettstein (55.88%)
  
  
  *************************
  Routing Time Step Summary
  *************************
  Minimum Time Step           :     0.50 sec
  Average Time Step           :     0.50 sec
  Maximum Time Step           :     0.50 sec
  % of Time in Steady State   :    99.32
  Average Iterations per Step :     7.22
  % of Steps Not Converging   :    55.88
  Time Step Frequencies       :
      0.500 -  0.500 sec      :   100.00 %
      0.500 -  0.500 sec      :     0.00 %
      0.500 -  0.500 sec      :     0.00 %
      0.500 -  0.500 sec      :     0.00 %
      0.500 -  0.500 sec      :     0.00 %
  
  
  ******************
  Node Depth Summary
  ******************
  
  ---------------------------------------------------------------------------------
                                 Average  Maximum  Maximum  Time of Max    Reported
                                   Depth    Depth      HGL   Occurrence   Max Depth
  Node                 Type       Meters   Meters   Meters  days hr:min      Meters
  ---------------------------------------------------------------------------------
  9                    JUNCTION    49.06    56.81   495.31     0  00:00       49.09
  Holiloch_sonde       JUNCTION    43.52    53.03   493.03     0  00:00       43.55
  11                   JUNCTION    30.69    34.42   444.42     0  00:00       30.69
  13                   JUNCTION    69.41    70.12   508.12     0  00:02       69.44
  21                   JUNCTION    38.63    40.35   440.35     0  00:03       38.64
  SonSto_F             JUNCTION     0.32     0.32   438.12     0  00:09        0.32
  Sondierstollen       JUNCTION     0.00     0.00   440.80     0  00:00        0.00
  Aval_Trappe          JUNCTION     0.47     0.65   438.25     0  00:09        0.47
  30                   JUNCTION     0.49     0.49   437.79     0  00:09        0.49
  Gischeren_node       JUNCTION     3.86     3.87   480.37     0  00:09        3.87
  34                   JUNCTION    17.86    18.89   438.89     0  00:03       17.86
  38                   JUNCTION    19.01    20.39   440.39     0  00:03       19.02
  SS6                  JUNCTION     0.07     0.07   448.07     0  00:02        0.07
  40                   JUNCTION    49.09    50.19   469.19     0  00:01       49.11
  41                   JUNCTION    69.43    70.14   507.64     0  00:02       69.46
  SondeSchuettstein    JUNCTION    24.12    25.94   484.94     0  00:00       24.14
  SS4                  JUNCTION     0.08     0.08   448.08     0  00:08        0.08
  47                   JUNCTION    14.83    17.48   482.38     0  00:00       14.84
  48                   JUNCTION    11.55    13.14   484.14     0  00:00       11.56
  SondeGischeren       JUNCTION    15.34    15.40   480.40     0  00:09       15.39
  49                   JUNCTION    15.02    16.84   482.84     0  00:02       15.04
  50                   JUNCTION     9.20     9.23   472.23     0  00:09        9.22
  51                   JUNCTION    87.95    88.67   508.67     0  00:02       87.98
  Amont_C              JUNCTION    91.94    93.35   511.35     0  00:00       91.97
  52                   JUNCTION    16.28    28.21   485.21     0  00:03       16.31
  53                   JUNCTION    36.09    37.84   504.84     0  00:08       36.18
  54                   JUNCTION    37.04    39.27   502.27     0  00:08       37.24
  56                   JUNCTION     7.32     8.20   438.20     0  00:01        7.32
  2                    JUNCTION     0.09     0.09   438.09     0  00:09        0.09
  4                    JUNCTION     8.37     9.06   437.06     0  00:00        8.38
  5                    JUNCTION     6.40     6.43   478.93     0  00:03        6.41
  6                    JUNCTION    23.21    26.09   484.09     0  00:00       23.22
  7                    JUNCTION     3.89     3.90   478.90     0  00:03        3.89
  SS3                  JUNCTION     0.05     0.05   448.05     0  00:09        0.05
  SS5                  JUNCTION     0.68     0.68   439.58     0  00:08        0.68
  8                    JUNCTION     6.53     6.56   480.56     0  00:09        6.56
  10                   JUNCTION    13.01    14.88   482.88     0  00:02       13.03
  SonSto_SS5           JUNCTION     0.17     0.18   439.48     0  00:08        0.17
  SonSto_SS3           JUNCTION     0.07     0.07   439.77     0  00:09        0.07
  SonSto_SS4           JUNCTION     0.18     0.18   439.58     0  00:08        0.18
  Amont_Trappe         JUNCTION     0.45     0.53   438.23     0  00:08        0.45
  SonSto_SS6           JUNCTION     0.16     0.16   438.86     0  00:09        0.16
  SS2                  JUNCTION     0.00     0.00   448.00     0  00:00        0.00
  SonSto_SS2           JUNCTION     0.00     0.00   441.50     0  00:00        0.00
  12                   JUNCTION    40.35    40.89   489.89     0  00:02       40.38
  14                   JUNCTION    28.60    35.68   500.68     0  00:01       28.63
  15                   JUNCTION     0.43     0.43   472.43     0  00:03        0.43
  TWT_PointHaut_60+650 JUNCTION     0.00     0.00   438.50     0  00:00        0.00
  TWT_Fensterstollen_60+375 JUNCTION     0.96     0.96   438.26     0  00:09        0.96
  TWT_Acces_LT_60+110  JUNCTION     0.74     0.74   438.24     0  00:09        0.74
  TWT_Liaison_LT_59+738 JUNCTION     0.00     0.00   450.60     0  00:00        0.00
  Syst_Est_amont       JUNCTION     0.77     0.78   430.78     0  00:09        0.78
  Syst_Est_interm      JUNCTION    19.45    38.19   448.19     0  00:08       19.56
  TWT_Branche_Est_Sonsto_60+540 JUNCTION     0.00     0.00   442.40     0  00:00        0.00
  TWT_Intersection_Sonsto_60+345 JUNCTION     1.09     1.23   438.23     0  00:09        1.09
  TWT_Chrosweg_61+140  JUNCTION     0.00     0.00   432.00     0  00:00        0.00
  SonSto_F_sup         JUNCTION     0.07     0.07   448.07     0  00:03        0.07
  SonSto_porte         JUNCTION     0.00     0.00   438.50     0  00:00        0.00
  Brunnm_Fassung       OUTFALL      0.09     0.09   433.89     0  00:03        0.09
  Brunnmuehle(Teich)   OUTFALL      0.20     0.21   435.71     0  00:03        0.20
  Fensterstollen       OUTFALL      0.40     0.40   437.40     0  00:09        0.40
  Gischeren            OUTFALL      0.22     0.22   480.22     0  00:09        0.22
  Schuettstein         OUTFALL      0.28     0.29   477.84     0  00:02        0.28
  Holiloch             OUTFALL      1.91     1.92   478.42     0  00:03        1.91
  Sauserquelle         OUTFALL      0.45     0.45   436.00     0  00:02        0.45
  Entw_Stollen         OUTFALL      0.09     0.09   436.59     0  00:09        0.09
  Sous_lacustre        OUTFALL      0.10     0.10   429.30     0  00:03        0.10
  Sous_ecoul.          OUTFALL      0.00     0.00   433.00     0  00:03        0.00
  Syst_Est_aval        OUTFALL      0.28     0.47   429.47     0  00:08        0.28
  TWT_Portail_Est_61+665 OUTFALL      0.00     0.00   421.60     0  00:00        0.00
  
  
  *******************
  Node Inflow Summary
  *******************
  
  -------------------------------------------------------------------------------------------------
                                  Maximum  Maximum                  Lateral       Total        Flow
                                  Lateral    Total  Time of Max      Inflow      Inflow     Balance
                                   Inflow   Inflow   Occurrence      Volume      Volume       Error
  Node                 Type           CMS      CMS  days hr:min    10^6 ltr    10^6 ltr     Percent
  -------------------------------------------------------------------------------------------------
  9                    JUNCTION         0     16.1     0  00:00           0       1e+03       0.013
  Holiloch_sonde       JUNCTION         0     14.7     0  00:00           0         948       0.015
  11                   JUNCTION         0    0.369     0  00:08           0        31.9       0.001
  13                   JUNCTION         0     18.3     0  00:00           0    1.36e+03       0.019
  21                   JUNCTION         0    0.343     0  00:03           0        28.1      -0.006
  SonSto_F             JUNCTION         0     1.25     0  00:09           0         106     358.614
  Sondierstollen       JUNCTION         0        0     0  00:00           0           0       0.000 ltr
  Aval_Trappe          JUNCTION         0     4.79     0  00:09           0         227     -37.066
  30                   JUNCTION         0     4.36     0  00:09           0         366       8.555
  Gischeren_node       JUNCTION         0    0.614     0  00:06           0        49.9       0.123
  34                   JUNCTION         0    0.313     0  00:03           0        25.4       0.007
  38                   JUNCTION         0    0.182     0  00:00           0        6.95      -0.013
  SS6                  JUNCTION         0    0.167     0  00:02           0        13.7       0.002
  40                   JUNCTION         0        2     0  00:02           0         172       0.002
  41                   JUNCTION         0     3.23     0  00:00           0        62.4       0.039
  SondeSchuettstein    JUNCTION         0    0.915     0  00:00           0        62.4       0.047
  SS4                  JUNCTION         0    0.149     0  00:08           0        12.8       0.002
  47                   JUNCTION         0       12     0  00:00           0         934      -0.009
  48                   JUNCTION         0    0.731     0  00:02           0        62.4      -0.010
  SondeGischeren       JUNCTION         0    0.449     0  00:05           0        30.7       0.115
  49                   JUNCTION         0     1.13     0  00:01           0        13.8       0.897
  50                   JUNCTION         0    0.181     0  00:03           0        13.2       0.011
  51                   JUNCTION         0       34     0  00:00           0    1.59e+03      -0.001
  Amont_C              JUNCTION      18.4     43.2     0  00:00    1.59e+03    1.59e+03       0.014
  52                   JUNCTION         0    0.319     0  00:02           0        21.1       0.102
  53                   JUNCTION         0    0.507     0  00:00           0        15.6       0.094
  54                   JUNCTION         0    0.416     0  00:07           0        15.6       0.710
  56                   JUNCTION         0     1.62     0  00:02           0         140       0.000
  2                    JUNCTION         0   0.0393     0  00:09           0        3.39      72.735
  4                    JUNCTION         0    0.289     0  00:03           0        23.1       0.029
  5                    JUNCTION         0     11.1     0  00:02           0         934      -0.013
  6                    JUNCTION         0     12.9     0  00:00           0         948       0.022
  7                    JUNCTION         0     11.1     0  00:02           0         934       0.073
  SS3                  JUNCTION         0    0.153     0  00:09           0        13.2       0.004
  SS5                  JUNCTION         0     0.45     0  00:08           0          38       0.029
  8                    JUNCTION         0    0.775     0  00:04           0        63.2       0.151
  10                   JUNCTION         0    0.909     0  00:02           0        13.7      -0.351
  SonSto_SS5           JUNCTION         0    0.595     0  00:08           0        51.1      -0.001
  SonSto_SS3           JUNCTION         0   0.0737     0  00:09           0        6.36       0.017
  SonSto_SS4           JUNCTION         0    0.222     0  00:08           0        19.1      -0.026
  Amont_Trappe         JUNCTION         0      1.6     0  00:08           0        17.7     -76.032
  SonSto_SS6           JUNCTION         0    0.757     0  00:08           0        64.8       0.004
  SS2                  JUNCTION         0        0     0  00:00           0           0       0.000 ltr
  SonSto_SS2           JUNCTION         0        0     0  00:00           0           0       0.000 ltr
  12                   JUNCTION         0     0.47     0  00:00           0        23.9       0.012
  14                   JUNCTION         0     2.48     0  00:01           0         139       0.029
  15                   JUNCTION         0    0.606     0  00:03           0          52       0.033
  TWT_PointHaut_60+650 JUNCTION         0        0     0  00:00           0           0       0.000 ltr
  TWT_Fensterstollen_60+375 JUNCTION         0     5.94     0  00:09           0         282      83.462
  TWT_Acces_LT_60+110  JUNCTION         0     2.54     0  00:05           0        35.4  767514.205
  TWT_Liaison_LT_59+738 JUNCTION         0        0     0  00:00           0           0       0.000 ltr
  Syst_Est_amont       JUNCTION      0.92     0.92     0  00:00        79.5        79.5     131.814
  Syst_Est_interm      JUNCTION         0    0.974     0  00:04           0        34.3       1.215
  TWT_Branche_Est_Sonsto_60+540 JUNCTION         0        0     0  00:00           0           0       0.000 ltr
  TWT_Intersection_Sonsto_60+345 JUNCTION         0      5.2     0  00:06           0        1.18     -97.780
  TWT_Chrosweg_61+140  JUNCTION         0        0     0  00:00           0           0       0.000 ltr
  SonSto_F_sup         JUNCTION         0    0.605     0  00:03           0          52       0.002
  SonSto_porte         JUNCTION         0        0     0  00:00           0           0       0.000 ltr
  Brunnm_Fassung       OUTFALL          0   0.0287     0  00:03           0        2.26       0.000
  Brunnmuehle(Teich)   OUTFALL          0    0.286     0  00:03           0        22.6       0.000
  Fensterstollen       OUTFALL          0     3.92     0  00:09           0         337       0.000
  Gischeren            OUTFALL          0     0.58     0  00:09           0        49.8       0.000
  Schuettstein         OUTFALL          0    0.731     0  00:02           0        62.4       0.000
  Holiloch             OUTFALL          0     10.9     0  00:03           0         933       0.000
  Sauserquelle         OUTFALL          0     1.63     0  00:02           0         140       0.000
  Entw_Stollen         OUTFALL          0   0.0228     0  00:09           0        1.96       0.000
  Sous_lacustre        OUTFALL          0   0.0332     0  00:03           0         2.7       0.000
  Sous_ecoul.          OUTFALL          0  0.00594     0  00:03           0       0.484       0.000
  Syst_Est_aval        OUTFALL          0     1.11     0  00:08           0        33.9       0.000
  TWT_Portail_Est_61+665 OUTFALL          0        0     0  00:00           0           0       0.000 ltr
  
  
  **********************
  Node Surcharge Summary
  **********************
  
  Surcharging occurs when water rises above the top of the highest conduit.
  ---------------------------------------------------------------------
                                               Max. Height   Min. Depth
                                   Hours       Above Crown    Below Rim
  Node                 Type      Surcharged         Meters       Meters
  ---------------------------------------------------------------------
  9                    JUNCTION       23.99         55.012       43.188
  Holiloch_sonde       JUNCTION       23.99         51.126      146.974
  11                   JUNCTION       24.00         33.921      115.579
  13                   JUNCTION       23.99         67.124      329.876
  21                   JUNCTION       24.00         39.752      109.648
  34                   JUNCTION       24.00         18.290       81.110
  38                   JUNCTION       24.00         19.794      129.606
  40                   JUNCTION       24.00         46.186       49.814
  41                   JUNCTION       23.99         69.285      179.865
  SondeSchuettstein    JUNCTION       23.99         25.143        0.000
  47                   JUNCTION       23.98         15.576       82.524
  48                   JUNCTION       23.99         12.337       86.863
  SondeGischeren       JUNCTION       23.95         14.200       84.600
  49                   JUNCTION       23.96          8.836      183.164
  50                   JUNCTION       23.94          8.934      190.766
  51                   JUNCTION       24.00         84.672      311.328
  Amont_C              JUNCTION       24.00         90.348      306.652
  52                   JUNCTION       23.95         27.813       71.787
  53                   JUNCTION       23.98         32.841      162.159
  54                   JUNCTION       23.87         34.271      160.729
  56                   JUNCTION       24.00          7.199       91.801
  4                    JUNCTION       23.99          8.412       90.938
  5                    JUNCTION       23.97          1.427       43.573
  6                    JUNCTION       23.99         21.086      173.914
  8                    JUNCTION       23.89          1.563      193.437
  10                   JUNCTION       23.96          6.881      185.119
  12                   JUNCTION       23.99         40.536      159.114
  14                   JUNCTION       23.98         31.676      164.324
  Syst_Est_interm      JUNCTION       23.85         36.691       61.809
  
  
  *********************
  Node Flooding Summary
  *********************
  
  No nodes were flooded.
  
  
  ***********************
  Outfall Loading Summary
  ***********************
  
  -----------------------------------------------------------
                         Flow       Avg       Max       Total
                         Freq      Flow      Flow      Volume
  Outfall Node           Pcnt       CMS       CMS    10^6 ltr
  -----------------------------------------------------------
  Brunnm_Fassung        99.94    0.0262    0.0287       2.258
  Brunnmuehle(Teich)    99.94     0.262     0.286      22.601
  Fensterstollen        99.93       3.9      3.92     336.713
  Gischeren             99.51      0.58      0.58      49.840
  Schuettstein          99.94     0.723     0.731      62.391
  Holiloch              99.91      10.8      10.9     933.437
  Sauserquelle          99.97      1.62      1.63     139.659
  Entw_Stollen          99.95    0.0227    0.0228       1.960
  Sous_lacustre         99.99    0.0313    0.0332       2.702
  Sous_ecoul.           99.94   0.00561   0.00594       0.484
  Syst_Est_aval         99.39     0.395      1.11      33.874
  TWT_Portail_Est_61+665   0.00         0         0       0.000
  -----------------------------------------------------------
  System                91.53      18.4      18.4    1585.919
  
  
  ********************
  Link Flow Summary
  ********************
  
  -----------------------------------------------------------------------------
                                 Maximum  Time of Max   Maximum    Max/    Max/
                                  |Flow|   Occurrence   |Veloc|    Full    Full
  Link                 Type          CMS  days hr:min     m/sec    Flow   Depth
  -----------------------------------------------------------------------------
  Brunn_Fassung_L      CONDUIT    0.0287     0  00:03      1.27    0.47    0.74
  11                   CONDUIT      14.7     0  00:00      7.81    2.20    1.00
  14                   CONDUIT      16.1     0  00:00     11.52    8.75    1.00
  16                   CONDUIT     0.369     0  00:08      4.32    2.57    1.00
  17                   CONDUIT     0.182     0  00:00      0.64    0.31    1.00
  26                   CONDUIT      3.23     0  00:00      5.93    4.38    1.00
  27                   CONDUIT    0.0713     0  00:06      1.97    0.92    1.00
  Gischeren_L          CONDUIT      0.58     0  00:09      0.83    0.08    0.59
  Schuettstein_L       CONDUIT     0.731     0  00:02      4.42    0.62    0.79
  Brunnmuehle_L        CONDUIT     0.313     0  00:03      1.11    0.15    1.00
  32                   CONDUIT         0     0  00:00      0.00    0.00    0.00
  35                   CONDUIT     0.305     0  00:05      0.39    0.05    1.00
  45                   CONDUIT     0.763     0  00:09      5.82    0.01    0.08
  46                   CONDUIT      1.62     0  00:02      5.75    1.62    1.00
  47                   CONDUIT     0.129     0  00:00      3.40    8.06    1.00
  50                   CONDUIT     0.731     0  00:02      2.72    0.14    1.00
  51                   CONDUIT     0.372     0  00:02      3.87    1.04    1.00
  53                   CONDUIT     0.182     0  00:00      1.10    0.93    1.00
  Fenster_L            CONDUIT      3.92     0  00:09      6.70    0.04    0.15
  58                   CONDUIT       4.3     0  00:09      5.80    0.06    0.18
  59                   CONDUIT     0.598     0  00:08      3.90    0.01    0.06
  61                   CONDUIT     0.915     0  00:00      4.28    1.29    1.00
  63                   CONDUIT     0.167     0  00:02      2.30    0.75    0.52
  66                   CONDUIT     0.181     0  00:03      2.80    2.39    1.00
  67                   CONDUIT      18.3     0  00:00      4.85    0.18    1.00
  Amont_L              CONDUIT        34     0  00:00      4.80    1.84    1.00
  69                   CONDUIT     0.319     0  00:02      2.70    1.25    1.00
  70                   CONDUIT     0.245     0  00:03      1.95    0.76    1.00
  71                   CONDUIT     0.507     0  00:00      2.11    0.90    1.00
  72                   CONDUIT     0.416     0  00:07      1.95    1.98    1.00
  Sauser_L             CONDUIT      1.63     0  00:02      2.67    0.41    0.72
  75                   CONDUIT     0.149     0  00:08      4.38    1.51    0.67
  Entw_Sto_L           CONDUIT    0.0228     0  00:09      1.71    0.53    0.52
  4                    CONDUIT    0.0315     0  00:09      1.43    1.41    0.75
  5                    CONDUIT   0.00783     0  00:09      0.44    0.28    0.76
  6                    CONDUIT    0.0332     0  00:03      1.31    0.50    0.75
  7                    CONDUIT     0.289     0  00:03      1.47    0.45    1.00
  Brunn_Teich_L        CONDUIT     0.286     0  00:03      1.23    0.22    0.66
  9                    CONDUIT   0.00594     0  00:03      1.49    0.00    0.50
  12                   CONDUIT      11.1     0  00:02      6.08    0.23    1.00
  15                   CONDUIT      12.9     0  00:00      6.15    0.33    1.00
  18                   CONDUIT        12     0  00:00      5.99    0.48    1.00
  19                   CONDUIT      1.13     0  00:01      1.45    1.07    1.00
  20                   CONDUIT      1.88     0  00:08      6.59    0.15    0.57
  21                   CONDUIT      11.1     0  00:02      1.08    0.07    0.89
  Hooliloch_L          CONDUIT      10.9     0  00:03      1.64    0.22    0.73
  23                   CONDUIT     0.153     0  00:09      3.53    0.96    0.59
  25                   CONDUIT     0.775     0  00:04      2.68    0.63    1.00
  28                   CONDUIT    0.0737     0  00:09      0.79    0.00    0.04
  29                   CONDUIT     0.153     0  00:08      0.91    0.01    0.06
  31                   CONDUIT     0.437     0  00:06      0.68    0.27    0.89
  33                   CONDUIT     0.909     0  00:02      0.86    0.35    1.00
  37                   CONDUIT     0.443     0  00:08      0.72    0.01    0.14
  SS3_L                CONDUIT    0.0737     0  00:09      2.59    0.00    0.03
  40                   CONDUIT       1.6     0  00:08      2.71    0.01    0.10
  SS6_L                CONDUIT     0.167     0  00:02      2.40    0.00    0.06
  1                    CONDUIT         0     0  00:00      0.00    0.00    0.01
  2                    CONDUIT         0     0  00:00      0.00    0.00    0.00
  3                    CONDUIT     0.149     0  00:08      2.82    0.01    0.13
  10                   CONDUIT    0.0801     0  00:08      0.17    0.00    0.14
  13                   CONDUIT      0.47     0  00:00      5.06    1.02    1.00
  22                   CONDUIT     0.318     0  00:00      3.30    0.79    1.00
  24                   CONDUIT      2.48     0  00:01      3.57    0.00    1.00
  30                   CONDUIT      1.62     0  00:02      2.25    0.68    1.00
  34                   CONDUIT     0.606     0  00:03      2.74    0.68    0.89
  36                   CONDUIT     0.605     0  00:03      5.86    0.65    0.45
  38                   CONDUIT     0.449     0  00:05      2.80    0.17    1.00
  48                   CONDUIT     0.974     0  00:04      2.53    0.65    0.89
  54                   CONDUIT      1.11     0  00:08      0.93    0.21    0.64
  68                   CONDUIT     0.485     0  00:03      7.96    0.00    0.06
  73                   CONDUIT         0     0  00:00      0.00    0.00    0.02
  TWT1                 CONDUIT         0     0  00:00      0.00    0.00    0.00
  TWT2                 CONDUIT         0     0  00:00      0.00    0.00    0.00
  TWT3                 CONDUIT         0     0  00:00      0.00    0.00    0.00
  TWT4                 CONDUIT         0     0  00:00      0.00    0.00    0.06
  1_2_b_               CONDUIT         0     0  00:00      0.00    0.00    0.00
  1_2_b_1              CONDUIT       2.6     0  00:03     16.43    9.99    1.00
  1_2_b_2              CONDUIT      0.12     0  00:03      1.29    0.04    0.57
  1_2_b_5              CONDUIT    0.0795     0  00:09      0.71    0.02    0.55
  TWT5                 CONDUIT       5.2     0  00:06      3.71    0.01    0.13
  1_4_a                CONDUIT      3.91     0  00:09      2.92    0.06    0.27
  TWT6                 CONDUIT      2.26     0  00:05      0.94    0.01    0.12
  1_4_b                CONDUIT         0     0  00:00      0.00    0.00    0.21
  TWT7                 CONDUIT         0     0  00:00      0.00    0.00    0.05
  1_5_a                CONDUIT         0     0  00:00      0.00    0.00    0.02
  1_6_a_1              CONDUIT     0.288     0  00:05      2.06    0.19    1.00
  
  
  ***************************
  Flow Classification Summary
  ***************************
  
  -------------------------------------------------------------------------------------
                      Adjusted    ---------- Fraction of Time in Flow Class ---------- 
                       /Actual         Up    Down  Sub   Sup   Up    Down  Norm  Inlet 
  Conduit               Length    Dry  Dry   Dry   Crit  Crit  Crit  Crit  Ltd   Ctrl  
  -------------------------------------------------------------------------------------
  Brunn_Fassung_L         1.00   0.00  0.00  0.00  0.00  1.00  0.00  0.00  0.00  0.00
  11                      1.00   0.00  0.00  0.00  1.00  0.00  0.00  0.00  0.00  0.00
  14                      1.00   0.00  0.00  0.00  1.00  0.00  0.00  0.00  0.00  0.00
  16                      1.00   0.00  0.00  0.00  1.00  0.00  0.00  0.00  0.00  0.00
  17                      1.00   0.00  0.00  0.00  1.00  0.00  0.00  0.00  0.00  0.00
  26                      1.00   0.00  0.00  0.00  1.00  0.00  0.00  0.00  0.00  0.00
  27                      1.00   0.00  0.00  0.00  0.99  0.01  0.00  0.00  0.00  0.00
  Gischeren_L             1.00   0.00  0.00  0.00  1.00  0.00  0.00  0.00  0.00  0.00
  Schuettstein_L          1.00   0.00  0.00  0.00  0.00  1.00  0.00  0.00  0.00  0.00
  Brunnmuehle_L           1.00   0.00  0.00  0.00  1.00  0.00  0.00  0.00  0.00  0.00
  32                      1.00   1.00  0.00  0.00  0.00  0.00  0.00  0.00  0.00  0.00
  35                      1.00   0.00  0.00  0.00  1.00  0.00  0.00  0.00  0.00  0.00
  45                      1.00   0.00  0.00  0.00  0.00  1.00  0.00  0.00  1.00  0.00
  46                      1.00   0.00  0.00  0.00  1.00  0.00  0.00  0.00  0.00  0.00
  47                      1.00   0.00  0.00  0.00  1.00  0.00  0.00  0.00  0.00  0.00
  50                      1.00   0.00  0.00  0.00  1.00  0.00  0.00  0.00  0.00  0.00
  51                      1.00   0.00  0.00  0.00  1.00  0.00  0.00  0.00  0.00  0.00
  53                      1.00   0.00  0.00  0.00  1.00  0.00  0.00  0.00  0.00  0.00
  Fenster_L               1.00   0.00  0.00  0.00  0.00  1.00  0.00  0.00  0.00  0.00
  58                      1.00   0.00  0.00  0.00  0.00  1.00  0.00  0.00  0.99  0.00
  59                      1.00   0.00  0.00  0.00  0.00  1.00  0.00  0.00  0.00  0.00
  61                      1.00   0.00  0.00  0.00  1.00  0.00  0.00  0.00  0.00  0.00
  63                      1.00   0.00  0.00  0.00  1.00  0.00  0.00  0.00  0.00  0.00
  66                      1.00   0.00  0.00  0.00  1.00  0.00  0.00  0.00  0.00  0.00
  67                      1.00   0.00  0.00  0.00  1.00  0.00  0.00  0.00  0.00  0.00
  Amont_L                 1.00   0.00  0.00  0.00  1.00  0.00  0.00  0.00  0.00  0.00
  69                      1.00   0.00  0.00  0.00  1.00  0.00  0.00  0.00  0.00  0.00
  70                      1.00   0.00  0.00  0.00  1.00  0.00  0.00  0.00  0.00  0.00
  71                      1.00   0.00  0.00  0.00  1.00  0.00  0.00  0.00  0.00  0.00
  72                      1.00   0.00  0.00  0.00  1.00  0.00  0.00  0.00  0.00  0.00
  Sauser_L                1.00   0.00  0.00  0.00  0.00  1.00  0.00  0.00  0.00  0.00
  75                      1.00   0.00  0.00  0.00  0.00  1.00  0.00  0.00  0.00  0.00
  Entw_Sto_L              1.00   0.00  0.00  0.00  0.00  1.00  0.00  0.00  0.00  0.00
  4                       1.00   0.00  0.00  0.00  0.00  1.00  0.00  0.00  0.00  0.00
  5                       1.00   0.00  0.00  0.00  1.00  0.00  0.00  0.00  0.00  0.00
  6                       1.00   0.00  0.00  0.00  0.00  1.00  0.00  0.00  0.00  0.00
  7                       1.00   0.00  0.00  0.00  1.00  0.00  0.00  0.00  0.00  0.00
  Brunn_Teich_L           1.00   0.00  0.00  0.00  1.00  0.00  0.00  0.00  0.00  0.00
  9                       1.00   0.00  0.00  0.00  0.00  1.00  0.00  0.00  0.00  0.00
  12                      1.00   0.00  0.00  0.00  1.00  0.00  0.00  0.00  0.00  0.00
  15                      1.00   0.00  0.00  0.00  1.00  0.00  0.00  0.00  0.00  0.00
  18                      1.00   0.00  0.00  0.00  1.00  0.00  0.00  0.00  0.00  0.00
  19                      1.00   0.00  0.00  0.00  1.00  0.00  0.00  0.00  0.00  0.00
  20                      1.00   0.00  0.00  0.00  0.99  0.01  0.00  0.00  0.00  0.00
  21                      1.00   0.00  0.00  0.00  1.00  0.00  0.00  0.00  0.00  0.00
  Hooliloch_L             1.00   0.00  0.00  0.00  1.00  0.00  0.00  0.00  0.00  0.00
  23                      1.00   0.00  0.00  0.00  0.00  1.00  0.00  0.00  0.00  0.00
  25                      1.00   0.00  0.00  0.00  1.00  0.00  0.00  0.00  0.00  0.00
  28                      1.00   0.00  0.00  0.00  1.00  0.00  0.00  0.00  1.00  0.00
  29                      1.00   0.00  0.00  0.00  1.00  0.00  0.00  0.00  0.00  0.00
  31                      1.00   0.00  0.00  0.00  1.00  0.00  0.00  0.00  0.00  0.00
  33                      1.00   0.00  0.00  0.00  1.00  0.00  0.00  0.00  0.00  0.00
  37                      1.00   0.00  0.00  0.00  1.00  0.00  0.00  0.00  0.00  0.00
  SS3_L                   1.00   0.00  0.00  0.00  0.00  1.00  0.00  0.00  1.00  0.00
  40                      1.00   0.00  0.00  0.00  0.99  0.01  0.00  0.00  0.00  0.00
  SS6_L                   1.00   0.00  0.00  0.00  0.00  1.00  0.00  0.00  1.00  0.00
  1                       1.00   0.00  1.00  0.00  0.00  0.00  0.00  0.00  0.00  0.00
  2                       1.00   1.00  0.00  0.00  0.00  0.00  0.00  0.00  0.00  0.00
  3                       1.00   0.00  0.00  0.00  0.00  1.00  0.00  0.00  1.00  0.00
  10                      1.00   0.00  0.00  0.00  1.00  0.00  0.00  0.00  0.00  0.00
  13                      1.00   0.00  0.00  0.00  1.00  0.00  0.00  0.00  0.00  0.00
  22                      1.00   0.00  0.00  0.00  1.00  0.00  0.00  0.00  0.00  0.00
  24                      1.00   0.00  0.00  0.00  1.00  0.00  0.00  0.00  0.00  0.00
  30                      1.00   0.00  0.00  0.00  1.00  0.00  0.00  0.00  0.00  0.00
  34                      1.00   0.00  0.00  0.00  0.00  1.00  0.00  0.00  0.00  0.00
  36                      1.00   0.00  0.00  0.00  0.00  1.00  0.00  0.00  0.00  0.00
  38                      1.00   0.00  0.00  0.00  1.00  0.00  0.00  0.00  0.00  0.00
  48                      1.00   0.00  0.00  0.00  1.00  0.00  0.00  0.00  0.00  0.00
  54                      1.00   0.00  0.01  0.00  0.99  0.00  0.00  0.00  0.00  0.00
  68                      1.00   0.00  0.00  0.00  0.00  1.00  0.00  0.00  1.00  0.00
  73                      1.00   0.00  1.00  0.00  0.00  0.00  0.00  0.00  0.00  0.00
  TWT1                    1.00   1.00  0.00  0.00  0.00  0.00  0.00  0.00  0.00  0.00
  TWT2                    1.00   1.00  0.00  0.00  0.00  0.00  0.00  0.00  0.00  0.00
  TWT3                    1.00   1.00  0.00  0.00  0.00  0.00  0.00  0.00  0.00  0.00
  TWT4                    1.00   0.00  1.00  0.00  0.00  0.00  0.00  0.00  0.00  0.00
  1_2_b_                  1.00   1.00  0.00  0.00  0.00  0.00  0.00  0.00  0.00  0.00
  1_2_b_1                 1.00   0.00  0.00  0.00  1.00  0.00  0.00  0.00  0.00  0.00
  1_2_b_2                 1.00   0.00  0.00  0.00  1.00  0.00  0.00  0.00  1.00  0.00
  1_2_b_5                 1.00   0.00  0.00  0.00  1.00  0.00  0.00  0.00  1.00  0.00
  TWT5                    1.00   0.00  0.00  0.00  1.00  0.00  0.00  0.00  0.00  0.00
  1_4_a                   1.00   0.00  0.00  0.00  1.00  0.00  0.00  0.00  0.00  0.00
  TWT6                    1.00   0.00  0.00  0.00  1.00  0.00  0.00  0.00  0.00  0.00
  1_4_b                   1.00   0.00  1.00  0.00  0.00  0.00  0.00  0.00  0.00  0.00
  TWT7                    1.00   0.00  1.00  0.00  0.00  0.00  0.00  0.00  0.00  0.00
  1_5_a                   1.00   0.00  1.00  0.00  0.00  0.00  0.00  0.00  0.00  0.00
  1_6_a_1                 1.00   0.00  0.00  0.00  1.00  0.00  0.00  0.00  0.00  0.00
  
  
  *************************
  Conduit Surcharge Summary
  *************************
  
  ----------------------------------------------------------------------------
                                                           Hours        Hours 
                         --------- Hours Full --------   Above Full   Capacity
  Conduit                Both Ends  Upstream  Dnstream   Normal Flow   Limited
  ----------------------------------------------------------------------------
  Brunn_Fassung_L             0.01      0.01     24.00      0.01         0.01
  11                         23.99     23.99     23.99     23.99         0.01
  14                         23.99     23.99     23.99     23.99         0.01
  16                         24.00     24.00     24.00     23.99        23.99
  17                         24.00     24.00     24.00      0.01         0.01
  26                         23.99     24.00     23.99      0.01         0.01
  27                         23.85     23.85     23.93      0.01         0.01
  Gischeren_L                 0.01      0.01     23.88      0.01         0.01
  Schuettstein_L              0.01      0.01     23.99      0.01         0.01
  Brunnmuehle_L              24.00     24.00     24.00      0.01         0.01
  35                         23.90     23.90     23.95      0.01         0.01
  46                         24.00     24.00     24.00     23.99         0.01
  47                         24.00     24.00     24.00     24.00        24.00
  50                         23.99     23.99     23.99      0.01         0.01
  51                         23.98     23.98     24.00     23.98         0.01
  53                         24.00     24.00     24.00      0.01         0.01
  61                         23.99     23.99     23.99     23.97         0.01
  63                          0.01     23.97      0.01      0.01         0.01
  66                         23.94     23.98     23.94     23.97        23.94
  67                         23.99     23.99     24.00      0.01         0.01
  Amont_L                    24.00     24.00     24.00      0.01         0.01
  69                         23.95     23.95     24.00      0.02         0.01
  70                         23.95     23.95     24.00      0.01         0.01
  71                         23.98     23.98     23.99      0.01         0.01
  72                         23.87     23.98     23.87      0.11         0.01
  Sauser_L                    0.01      0.01     24.00      0.01         0.01
  75                          0.01     23.98      0.01     23.87         0.01
  4                           0.01     23.98      0.01     23.87         0.01
  5                           0.01      0.01     24.00      0.01         0.01
  6                           0.01      0.01     24.00      0.01         0.01
  7                          23.99     23.99     24.00      0.01         0.01
  Brunn_Teich_L               0.01      0.01     23.99      0.01         0.01
  9                           0.01      0.01     23.99      0.01         0.01
  12                         23.98     23.98     23.98      0.01         0.01
  15                         23.99     23.99     23.99      0.01         0.01
  18                         23.98     23.98     23.99      0.01         0.01
  19                         23.97     23.97     23.99      0.01         0.01
  21                          0.01      0.01     23.97      0.01         0.01
  23                          0.01     23.94      0.01      0.01         0.01
  25                         23.92     23.92     23.99      0.01         0.01
  31                          0.01      0.01     23.89      0.01         0.01
  33                         23.96     23.96     23.96      0.01         0.01
  13                         23.99     23.99     24.00      0.01         0.01
  22                         23.99     23.99     24.00      0.01         0.01
  24                         23.98     23.98     23.99      0.01         0.01
  30                         23.98     23.98     23.99      0.01         0.01
  34                          0.01      0.01     23.99      0.01         0.01
  38                         23.93     23.93     23.95      0.01         0.01
  48                          0.01      0.01     23.89      0.01         0.01
  54                          0.01      0.01     23.85      0.01         0.01
  1_2_b_1                    23.94     24.00     23.94     24.00        23.94
  1_2_b_2                     0.01      0.01     23.94      0.01         0.01
  1_2_b_5                     0.01      0.01     23.94      0.01         0.01
  1_6_a_1                    23.89     23.89     24.00      0.01         0.01
  

  Analysis begun on:  Fri Aug 14 16:10:21 2026
  Analysis ended on:  Fri Aug 14 16:10:23 2026
  Total elapsed time: 00:00:02