
  EPA STORM WATER MANAGEMENT MODEL - VERSION 5.2 (Build 5.2.4)
  ------------------------------------------------------------

  Brunnmuehle (Twann) 
  WARNING 08: elevation drop exceeds length for Conduit SS3_L
  WARNING 08: elevation drop exceeds length for Conduit SS6_L
  WARNING 08: elevation drop exceeds length for Conduit 2
  WARNING 08: elevation drop exceeds length for Conduit 3
  WARNING 08: elevation drop exceeds length for Conduit 68
  WARNING 08: elevation drop exceeds length for Conduit 1_2_b_
  WARNING 08: elevation drop exceeds length for Conduit 1_2_b_2
  WARNING 08: elevation drop exceeds length for Conduit 1_4_a
  WARNING 02: maximum depth increased for Node 2
  
  ****************
  Analysis Options
  ****************
  Flow Units ............... CMS
  Process Models:
    Rainfall/Runoff ........ NO
    RDII ................... NO
    Snowmelt ............... NO
    Groundwater ............ NO
    Flow Routing ........... YES
    Ponding Allowed ........ NO
    Water Quality .......... NO
  Flow Routing Method ...... DYNWAVE
  Surcharge Method ......... EXTRAN
  Starting Date ............ 01/01/2000 00:00:00
  Ending Date .............. 01/02/2000 00:00:00
  Antecedent Dry Days ...... 0.0
  Report Time Step ......... 01:00:00
  Routing Time Step ........ 0.50 sec
  Variable Time Step ....... YES
  Maximum Trials ........... 8
  Number of Threads ........ 1
  Head Tolerance ........... 0.001500 m
  
  
  **************************        Volume        Volume
  Flow Routing Continuity        hectare-m      10^6 ltr
  **************************     ---------     ---------
  Dry Weather Inflow .......         0.000         0.000
  Wet Weather Inflow .......         0.000         0.000
  Groundwater Inflow .......         0.000         0.000
  RDII Inflow ..............         0.000         0.000
  External Inflow ..........       166.906      1669.074
  External Outflow .........       161.610      1616.119
  Flooding Loss ............         0.000         0.000
  Evaporation Loss .........         0.000         0.000
  Exfiltration Loss ........         0.000         0.000
  Initial Stored Volume ....         0.056         0.561
  Final Stored Volume ......         0.287         2.875
  Continuity Error (%) .....         3.033
  
  
  *************************
  Highest Continuity Errors
  *************************
  Node 2 (48.64%)
  Node Syst_Est_amont (36.86%)
  Node TWT_Chrosweg_61+140 (10.91%)
  Node SonSto_SS4 (4.78%)
  Node Syst_Est_interm (4.37%)
  
  
  ***************************
  Time-Step Critical Elements
  ***************************
  Link 1_4_a (17589.71%)
  
  
  ********************************
  Highest Flow Instability Indexes
  ********************************
  All links are stable.
  
  
  *********************************
  Most Frequent Nonconverging Nodes
  *********************************
  Node Brunnm_Fassung (56.72%)
  Node Brunnmuehle(Teich) (56.72%)
  Node Fensterstollen (56.72%)
  Node Gischeren (56.72%)
  Node Schuettstein (56.72%)
  
  
  *************************
  Routing Time Step Summary
  *************************
  Minimum Time Step           :     0.50 sec
  Average Time Step           :     0.50 sec
  Maximum Time Step           :     0.50 sec
  % of Time in Steady State   :    99.43
  Average Iterations per Step :     7.56
  % of Steps Not Converging   :    56.72
  Time Step Frequencies       :
      0.500 -  0.500 sec      :   100.00 %
      0.500 -  0.500 sec      :     0.00 %
      0.500 -  0.500 sec      :     0.00 %
      0.500 -  0.500 sec      :     0.00 %
      0.500 -  0.500 sec      :     0.00 %
  
  
  ******************
  Node Depth Summary
  ******************
  
  ---------------------------------------------------------------------------------
                                 Average  Maximum  Maximum  Time of Max    Reported
                                   Depth    Depth      HGL   Occurrence   Max Depth
  Node                 Type       Meters   Meters   Meters  days hr:min      Meters
  ---------------------------------------------------------------------------------
  9                    JUNCTION    49.27    54.30   492.80     0  00:00       49.30
  Holiloch_sonde       JUNCTION    43.63    53.54   493.54     0  00:00       43.65
  11                   JUNCTION    55.55    57.22   467.22     0  00:03       55.57
  13                   JUNCTION    70.05    70.88   508.88     0  00:03       70.08
  21                   JUNCTION    42.81    44.31   444.31     0  00:03       42.82
  SonSto_F             JUNCTION     0.22     0.27   438.07     0  00:02        0.23
  Sondierstollen       JUNCTION     0.00     0.00   440.80     0  00:00        0.00
  Aval_Trappe          JUNCTION     0.43     0.48   438.08     0  00:02        0.43
  30                   JUNCTION     0.38     0.42   437.72     0  00:02        0.38
  Gischeren_node       JUNCTION     3.86     3.88   480.38     0  00:08        3.88
  34                   JUNCTION    20.85    21.91   441.91     0  00:03       20.86
  38                   JUNCTION    27.02    28.39   448.39     0  00:03       27.04
  SS6                  JUNCTION     0.07     0.07   448.07     0  00:02        0.07
  40                   JUNCTION    49.37    50.59   469.59     0  00:01       49.39
  41                   JUNCTION    70.06    70.88   508.38     0  00:03       70.09
  SondeSchuettstein    JUNCTION    24.21    26.41   485.41     0  00:01       24.22
  SS4                  JUNCTION     0.08     0.08   448.08     0  00:08        0.08
  47                   JUNCTION    14.85    17.57   482.47     0  00:01       14.87
  48                   JUNCTION    11.64    13.37   484.37     0  00:01       11.64
  SondeGischeren       JUNCTION    15.35    15.40   480.40     0  00:08       15.39
  49                   JUNCTION    15.08    16.83   482.83     0  00:02       15.10
  50                   JUNCTION     8.74     8.78   471.78     0  00:08        8.76
  51                   JUNCTION    88.58    89.44   509.44     0  00:03       88.62
  Amont_C              JUNCTION    92.57    93.43   511.43     0  00:03       92.61
  52                   JUNCTION    18.68    36.99   493.99     0  00:03       18.72
  53                   JUNCTION    36.63    38.47   505.47     0  00:07       36.73
  54                   JUNCTION    37.52    39.80   502.80     0  00:07       37.71
  56                   JUNCTION     7.33     8.25   438.25     0  00:01        7.33
  2                    JUNCTION     0.11     0.11   438.11     0  00:08        0.11
  4                    JUNCTION     9.05     9.52   437.52     0  00:03        9.06
  5                    JUNCTION     6.42     6.44   478.94     0  00:03        6.43
  6                    JUNCTION    23.26    25.96   483.96     0  00:00       23.28
  7                    JUNCTION     3.90     3.91   478.91     0  00:03        3.90
  SS3                  JUNCTION     0.08     0.08   448.08     0  00:08        0.08
  SS5                  JUNCTION     0.70     0.70   439.60     0  00:08        0.70
  8                    JUNCTION     6.53     6.57   480.57     0  00:08        6.55
  10                   JUNCTION    13.08    14.87   482.87     0  00:02       13.10
  SonSto_SS5           JUNCTION     0.19     0.19   439.49     0  00:08        0.19
  SonSto_SS3           JUNCTION     0.10     0.10   439.80     0  00:08        0.10
  SonSto_SS4           JUNCTION     0.19     0.19   439.59     0  00:08        0.19
  Amont_Trappe         JUNCTION     0.34     0.40   438.10     0  00:02        0.34
  SonSto_SS6           JUNCTION     0.16     0.16   438.86     0  00:08        0.16
  SS2                  JUNCTION     0.00     0.00   448.00     0  00:00        0.00
  SonSto_SS2           JUNCTION     0.00     0.00   441.50     0  00:00        0.00
  12                   JUNCTION    40.82    41.45   490.45     0  00:03       40.85
  14                   JUNCTION    29.11    36.60   501.60     0  00:01       29.14
  15                   JUNCTION     0.43     0.43   472.43     0  00:03        0.43
  TWT_PointHaut_60+650 JUNCTION     0.10     0.10   438.60     0  00:05        0.10
  TWT_Fensterstollen_60+375 JUNCTION     0.21     0.23   441.53     0  00:02        0.21
  TWT_Acces_LT_60+110  JUNCTION     0.00     0.00   441.50     0  00:00        0.00
  TWT_Liaison_LT_59+738 JUNCTION     0.00     0.00   450.60     0  00:00        0.00
  Syst_Est_amont       JUNCTION     0.62     0.63   430.63     0  00:03        0.62
  Syst_Est_interm      JUNCTION    18.72    69.03   479.03     0  00:08       18.82
  TWT_Branche_Est_Sonsto_60+540 JUNCTION     0.00     0.00   442.40     0  00:00        0.00
  TWT_Intersection_Sonsto_60+345 JUNCTION     0.61     0.78   441.68     0  00:01        0.61
  TWT_Chrosweg_61+140  JUNCTION     0.08     0.08   432.08     0  00:08        0.08
  SonSto_F_sup         JUNCTION     0.07     0.07   448.07     0  00:03        0.07
  SonSto_porte         JUNCTION     0.00     0.00   438.50     0  00:00        0.00
  Brunnm_Fassung       OUTFALL      0.11     0.11   433.91     0  00:03        0.11
  Brunnmuehle(Teich)   OUTFALL      0.25     0.26   435.76     0  00:03        0.25
  Fensterstollen       OUTFALL      0.38     0.41   437.41     0  00:02        0.38
  Gischeren            OUTFALL      0.22     0.22   480.22     0  00:08        0.22
  Schuettstein         OUTFALL      0.29     0.29   477.84     0  00:03        0.29
  Holiloch             OUTFALL      1.91     1.93   478.43     0  00:03        1.92
  Sauserquelle         OUTFALL      0.45     0.45   436.00     0  00:03        0.45
  Entw_Stollen         OUTFALL      0.11     0.11   436.61     0  00:08        0.11
  Sous_lacustre        OUTFALL      0.11     0.11   429.31     0  00:03        0.11
  Sous_ecoul.          OUTFALL      0.00     0.00   433.00     0  00:03        0.00
  Syst_Est_aval        OUTFALL      0.35     0.43   429.43     0  00:08        0.35
  TWT_Portail_Est_61+665 OUTFALL      0.07     0.07   421.67     0  00:08        0.07
  
  
  *******************
  Node Inflow Summary
  *******************
  
  -------------------------------------------------------------------------------------------------
                                  Maximum  Maximum                  Lateral       Total        Flow
                                  Lateral    Total  Time of Max      Inflow      Inflow     Balance
                                   Inflow   Inflow   Occurrence      Volume      Volume       Error
  Node                 Type           CMS      CMS  days hr:min    10^6 ltr    10^6 ltr     Percent
  -------------------------------------------------------------------------------------------------
  9                    JUNCTION         0     16.5     0  00:00           0    1.01e+03       0.014
  Holiloch_sonde       JUNCTION         0     14.9     0  00:00           0         958       0.008
  11                   JUNCTION         0    0.298     0  00:01           0        25.5      -0.003
  13                   JUNCTION         0     18.3     0  00:00           0    1.37e+03       0.038
  21                   JUNCTION         0    0.512     0  00:03           0        43.7       0.001
  SonSto_F             JUNCTION         0     1.31     0  00:08           0         113       1.224
  Sondierstollen       JUNCTION         0        0     0  00:00           0           0       0.000 ltr
  Aval_Trappe          JUNCTION         0     3.98     0  00:02           0         298      -0.030
  30                   JUNCTION         0     4.01     0  00:02           0         303      -0.132
  Gischeren_node       JUNCTION         0    0.618     0  00:06           0        50.3       0.608
  34                   JUNCTION         0    0.473     0  00:03           0        40.2      -0.000
  38                   JUNCTION         0    0.282     0  00:01           0        23.1       0.002
  SS6                  JUNCTION         0    0.167     0  00:02           0        13.7       0.000
  40                   JUNCTION         0     2.01     0  00:03           0         172      -0.003
  41                   JUNCTION         0     1.53     0  00:00           0        63.1       0.060
  SondeSchuettstein    JUNCTION         0    0.932     0  00:00           0        63.1       0.003
  SS4                  JUNCTION         0    0.149     0  00:08           0        12.9       0.007
  47                   JUNCTION         0     12.1     0  00:01           0         945      -0.010
  48                   JUNCTION         0    0.741     0  00:03           0        63.1       0.014
  SondeGischeren       JUNCTION         0    0.453     0  00:05           0          31       0.135
  49                   JUNCTION         0     1.13     0  00:01           0        13.8      -0.190
  50                   JUNCTION         0    0.181     0  00:03           0        13.6       0.009
  51                   JUNCTION         0       34     0  00:00           0    1.59e+03      -0.007
  Amont_C              JUNCTION      18.4     43.2     0  00:00    1.59e+03    1.59e+03       0.014
  52                   JUNCTION         0    0.321     0  00:02           0        20.6       0.103
  53                   JUNCTION         0    0.514     0  00:01           0        15.8       0.097
  54                   JUNCTION         0     0.42     0  00:07           0        15.8       0.680
  56                   JUNCTION         0     1.63     0  00:03           0         140      -0.000
  2                    JUNCTION         0   0.0601     0  00:08           0        5.18      94.712
  4                    JUNCTION         0    0.437     0  00:03           0          37       0.016
  5                    JUNCTION         0     11.1     0  00:02           0         945       0.085
  6                    JUNCTION         0     13.1     0  00:00           0         958       0.007
  7                    JUNCTION         0     11.1     0  00:02           0         944       0.339
  SS3                  JUNCTION         0    0.157     0  00:08           0        13.6       0.004
  SS5                  JUNCTION         0    0.503     0  00:08           0        41.8      -1.154
  8                    JUNCTION         0    0.783     0  00:04           0          64       0.041
  10                   JUNCTION         0    0.909     0  00:02           0        13.8       0.302
  SonSto_SS5           JUNCTION         0     0.67     0  00:08           0        57.7       1.524
  SonSto_SS3           JUNCTION         0    0.157     0  00:08           0        13.6       0.020
  SonSto_SS4           JUNCTION         0    0.307     0  00:08           0        26.4       5.021
  Amont_Trappe         JUNCTION         0     1.23     0  00:02           0         106       0.096
  SonSto_SS6           JUNCTION         0    0.819     0  00:08           0        70.6       2.030
  SS2                  JUNCTION         0        0     0  00:00           0           0       0.000 ltr
  SonSto_SS2           JUNCTION         0        0     0  00:00           0           0       0.000 ltr
  12                   JUNCTION         0    0.475     0  00:00           0          24       0.015
  14                   JUNCTION         0     2.51     0  00:01           0         140       0.032
  15                   JUNCTION         0    0.612     0  00:03           0        52.3       0.506
  TWT_PointHaut_60+650 JUNCTION         0     0.35     0  00:08           0        30.2      -0.402
  TWT_Fensterstollen_60+375 JUNCTION         0     2.89     0  00:02           0         195      -1.400
  TWT_Acces_LT_60+110  JUNCTION         0        0     0  00:00           0           0       0.000 ltr
  TWT_Liaison_LT_59+738 JUNCTION         0        0     0  00:00           0           0       0.000 ltr
  Syst_Est_amont       JUNCTION      0.92     1.04     0  00:05        79.5        89.3      58.374
  Syst_Est_interm      JUNCTION         0     1.07     0  00:04           0        56.4       4.567
  TWT_Branche_Est_Sonsto_60+540 JUNCTION         0        0     0  00:00           0           0       0.000 ltr
  TWT_Intersection_Sonsto_60+345 JUNCTION         0    0.663     0  00:01           0        5.99       0.000
  TWT_Chrosweg_61+140  JUNCTION         0    0.237     0  00:08           0        20.5      12.251
  SonSto_F_sup         JUNCTION         0     0.61     0  00:03           0        52.1       0.029
  SonSto_porte         JUNCTION         0        0     0  00:00           0           0       0.000 ltr
  Brunnm_Fassung       OUTFALL          0   0.0394     0  00:03           0        3.25       0.000
  Brunnmuehle(Teich)   OUTFALL          0    0.433     0  00:03           0        36.4       0.000
  Fensterstollen       OUTFALL          0     4.05     0  00:02           0         304       0.000
  Gischeren            OUTFALL          0    0.582     0  00:08           0          50       0.000
  Schuettstein         OUTFALL          0    0.741     0  00:03           0        63.1       0.000
  Holiloch             OUTFALL          0     11.1     0  00:03           0         941       0.000
  Sauserquelle         OUTFALL          0     1.63     0  00:03           0         140       0.000
  Entw_Stollen         OUTFALL          0   0.0309     0  00:08           0        2.66       0.000
  Sous_lacustre        OUTFALL          0    0.041     0  00:03           0        3.44       0.000
  Sous_ecoul.          OUTFALL          0  0.00641     0  00:03           0       0.531       0.000
  Syst_Est_aval        OUTFALL          0    0.927     0  00:08           0        53.9       0.000
  TWT_Portail_Est_61+665 OUTFALL          0    0.212     0  00:08           0        18.2       0.000
  
  
  **********************
  Node Surcharge Summary
  **********************
  
  Surcharging occurs when water rises above the top of the highest conduit.
  ---------------------------------------------------------------------
                                               Max. Height   Min. Depth
                                   Hours       Above Crown    Below Rim
  Node                 Type      Surcharged         Meters       Meters
  ---------------------------------------------------------------------
  9                    JUNCTION       23.99         52.502       45.698
  Holiloch_sonde       JUNCTION       23.99         51.638      146.462
  11                   JUNCTION       24.00         56.759       92.781
  13                   JUNCTION       23.99         67.880      329.120
  21                   JUNCTION       24.00         43.713      105.687
  34                   JUNCTION       24.00         21.308       78.092
  38                   JUNCTION       24.00         27.788      121.612
  40                   JUNCTION       24.00         46.592       49.408
  41                   JUNCTION       23.99         70.027      179.123
  SondeSchuettstein    JUNCTION       23.99         25.611        0.000
  47                   JUNCTION       23.98         15.668       82.432
  48                   JUNCTION       23.98         12.567       86.633
  SondeGischeren       JUNCTION       23.95         14.201       84.599
  49                   JUNCTION       23.96          8.826      183.174
  50                   JUNCTION       23.94          8.477      191.223
  51                   JUNCTION       24.00         85.439      310.561
  Amont_C              JUNCTION       24.00         90.430      306.570
  52                   JUNCTION       23.95         36.591       63.009
  53                   JUNCTION       23.98         33.465      161.535
  54                   JUNCTION       23.87         34.801      160.199
  56                   JUNCTION       24.00          7.250       91.750
  4                    JUNCTION       23.99          8.873       90.477
  5                    JUNCTION       23.97          1.442       43.558
  6                    JUNCTION       23.98         20.958      174.042
  8                    JUNCTION       23.89          1.567      193.433
  10                   JUNCTION       23.96          6.870      185.130
  12                   JUNCTION       23.99         41.101      158.549
  14                   JUNCTION       23.98         32.596      163.404
  TWT_Acces_LT_60+110  JUNCTION       24.00          0.000        0.000
  TWT_Liaison_LT_59+738 JUNCTION       24.00          0.000        0.000
  Syst_Est_interm      JUNCTION       23.87         67.527       30.973
  
  
  *********************
  Node Flooding Summary
  *********************
  
  No nodes were flooded.
  
  
  ***********************
  Outfall Loading Summary
  ***********************
  
  -----------------------------------------------------------
                         Flow       Avg       Max       Total
                         Freq      Flow      Flow      Volume
  Outfall Node           Pcnt       CMS       CMS    10^6 ltr
  -----------------------------------------------------------
  Brunnm_Fassung        99.95    0.0377    0.0394       3.251
  Brunnmuehle(Teich)    99.95     0.422     0.433      36.439
  Fensterstollen        99.96      3.52      4.05     303.606
  Gischeren             99.50     0.582     0.582      50.025
  Schuettstein          99.93     0.731     0.741      63.091
  Holiloch              99.90      10.9      11.1     940.644
  Sauserquelle          99.97      1.62      1.63     140.269
  Entw_Stollen          99.95    0.0308    0.0309       2.661
  Sous_lacustre        100.00    0.0398     0.041       3.439
  Sous_ecoul.           99.95   0.00615   0.00641       0.531
  Syst_Est_aval         99.44     0.628     0.927      53.928
  TWT_Portail_Est_61+665  99.97     0.211     0.212      18.228
  -----------------------------------------------------------
  System                99.87      18.7        19    1616.111
  
  
  ********************
  Link Flow Summary
  ********************
  
  -----------------------------------------------------------------------------
                                 Maximum  Time of Max   Maximum    Max/    Max/
                                  |Flow|   Occurrence   |Veloc|    Full    Full
  Link                 Type          CMS  days hr:min     m/sec    Flow   Depth
  -----------------------------------------------------------------------------
  Brunn_Fassung_L      CONDUIT    0.0394     0  00:03      1.63    0.65    0.79
  11                   CONDUIT      14.9     0  00:00      7.83    2.22    1.00
  14                   CONDUIT      16.5     0  00:00     11.39    8.98    1.00
  16                   CONDUIT     0.298     0  00:01      3.49    2.08    1.00
  17                   CONDUIT     0.282     0  00:01      1.00    0.48    1.00
  26                   CONDUIT      1.53     0  00:00      2.70    2.07    1.00
  27                   CONDUIT    0.0696     0  00:03      1.85    0.89    1.00
  Gischeren_L          CONDUIT     0.582     0  00:08      0.83    0.08    0.59
  Schuettstein_L       CONDUIT     0.741     0  00:03      4.46    0.63    0.79
  Brunnmuehle_L        CONDUIT     0.473     0  00:03      1.67    0.22    1.00
  32                   CONDUIT         0     0  00:00      0.00    0.00    0.00
  35                   CONDUIT     0.305     0  00:05      0.39    0.05    1.00
  45                   CONDUIT     0.802     0  00:08      4.12    0.01    0.07
  46                   CONDUIT      1.63     0  00:03      5.78    1.63    1.00
  47                   CONDUIT     0.128     0  00:00      3.37    7.99    1.00
  50                   CONDUIT     0.741     0  00:03      2.43    0.14    1.00
  51                   CONDUIT     0.374     0  00:03      3.89    1.05    1.00
  53                   CONDUIT     0.282     0  00:01      1.70    1.43    1.00
  Fenster_L            CONDUIT      4.05     0  00:02      6.99    0.04    0.14
  58                   CONDUIT      3.95     0  00:02      6.22    0.05    0.15
  59                   CONDUIT     0.659     0  00:08      3.95    0.01    0.06
  61                   CONDUIT     0.932     0  00:00      4.31    1.31    1.00
  63                   CONDUIT     0.167     0  00:02      2.31    0.75    0.52
  66                   CONDUIT     0.181     0  00:03      2.79    2.39    1.00
  67                   CONDUIT      18.3     0  00:00      4.94    0.18    1.00
  Amont_L              CONDUIT        34     0  00:00      4.80    1.84    1.00
  69                   CONDUIT     0.321     0  00:02      2.70    1.26    1.00
  70                   CONDUIT     0.239     0  00:03      1.90    0.74    1.00
  71                   CONDUIT     0.514     0  00:01      2.14    0.91    1.00
  72                   CONDUIT      0.42     0  00:07      1.98    1.99    1.00
  Sauser_L             CONDUIT      1.63     0  00:03      2.68    0.42    0.72
  75                   CONDUIT     0.149     0  00:08      4.39    1.52    0.67
  Entw_Sto_L           CONDUIT    0.0309     0  00:08      1.84    0.71    0.63
  4                    CONDUIT    0.0327     0  00:08      1.35    1.46    0.80
  5                    CONDUIT    0.0274     0  00:08      1.24    0.98    0.82
  6                    CONDUIT     0.041     0  00:03      1.55    0.62    0.78
  7                    CONDUIT     0.437     0  00:03      2.22    0.67    1.00
  Brunn_Teich_L        CONDUIT     0.433     0  00:03      1.75    0.33    0.70
  9                    CONDUIT   0.00641     0  00:03      1.61    0.00    0.51
  12                   CONDUIT      11.1     0  00:02      6.16    0.23    1.00
  15                   CONDUIT      13.1     0  00:00      6.22    0.34    1.00
  18                   CONDUIT      12.1     0  00:01      5.98    0.49    1.00
  19                   CONDUIT      1.13     0  00:01      1.46    1.07    1.00
  20                   CONDUIT      1.32     0  00:02      3.22    0.10    0.43
  21                   CONDUIT      11.1     0  00:02      1.10    0.07    0.89
  Hooliloch_L          CONDUIT      11.1     0  00:03      1.65    0.22    0.73
  23                   CONDUIT     0.157     0  00:08      3.36    0.98    0.63
  25                   CONDUIT     0.783     0  00:04      2.71    0.64    1.00
  28                   CONDUIT     0.157     0  00:08      1.24    0.00    0.05
  29                   CONDUIT     0.181     0  00:08      0.98    0.01    0.06
  31                   CONDUIT     0.442     0  00:06      0.69    0.27    0.89
  33                   CONDUIT     0.909     0  00:02      0.86    0.35    1.00
  37                   CONDUIT     0.491     0  00:08      0.75    0.01    0.15
  SS3_L                CONDUIT     0.157     0  00:08      3.17    0.00    0.05
  40                   CONDUIT      1.23     0  00:02      1.47    0.01    0.08
  SS6_L                CONDUIT     0.167     0  00:02      2.42    0.00    0.06
  1                    CONDUIT         0     0  00:00      0.00    0.00    0.02
  2                    CONDUIT         0     0  00:00      0.00    0.00    0.00
  3                    CONDUIT     0.149     0  00:08      2.77    0.01    0.14
  10                   CONDUIT     0.131     0  00:08      0.20    0.00    0.15
  13                   CONDUIT     0.475     0  00:00      5.13    1.03    1.00
  22                   CONDUIT     0.321     0  00:01      3.33    0.79    1.00
  24                   CONDUIT      2.51     0  00:01      3.61    0.00    1.00
  30                   CONDUIT      1.63     0  00:03      2.26    0.68    1.00
  34                   CONDUIT     0.612     0  00:03      2.74    0.68    0.89
  36                   CONDUIT      0.61     0  00:03      5.85    0.65    0.45
  38                   CONDUIT     0.453     0  00:05      2.83    0.17    1.00
  48                   CONDUIT      1.07     0  00:04      2.54    0.72    0.81
  54                   CONDUIT     0.927     0  00:08      0.78    0.18    0.64
  68                   CONDUIT      0.51     0  00:03      6.00    0.00    0.06
  73                   CONDUIT         0     0  00:00      0.00    0.00    0.03
  TWT1                 CONDUIT     0.212     0  00:08      2.38    0.00    0.01
  TWT2                 CONDUIT     0.237     0  00:08      2.25    0.00    0.01
  1_1_b_1              CONDUIT     0.116     0  00:05      0.94    0.09    0.60
  TWT3                 CONDUIT         0     0  00:00      0.00    0.00    0.01
  TWT4                 CONDUIT         0     0  00:00      0.00    0.00    0.01
  1_2_b_               CONDUIT         0     0  00:00      0.00    0.00    0.00
  1_2_b_1              CONDUIT      2.24     0  00:02     14.57    3.86    0.73
  1_2_b_2              CONDUIT    0.0997     0  00:03      2.39    0.04    0.30
  1_3_b_3              CONDUIT      0.35     0  00:08      2.83    7.96    0.60
  TWT5                 CONDUIT     0.663     0  00:01      1.54    0.00    0.06
  1_4_a                CONDUIT      2.71     0  00:02      5.94    0.01    0.12
  
  
  ***************************
  Flow Classification Summary
  ***************************
  
  -------------------------------------------------------------------------------------
                      Adjusted    ---------- Fraction of Time in Flow Class ---------- 
                       /Actual         Up    Down  Sub   Sup   Up    Down  Norm  Inlet 
  Conduit               Length    Dry  Dry   Dry   Crit  Crit  Crit  Crit  Ltd   Ctrl  
  -------------------------------------------------------------------------------------
  Brunn_Fassung_L         1.00   0.00  0.00  0.00  0.00  1.00  0.00  0.00  0.00  0.00
  11                      1.00   0.00  0.00  0.00  1.00  0.00  0.00  0.00  0.00  0.00
  14                      1.00   0.00  0.00  0.00  1.00  0.00  0.00  0.00  0.00  0.00
  16                      1.00   0.00  0.00  0.00  1.00  0.00  0.00  0.00  0.00  0.00
  17                      1.00   0.00  0.00  0.00  1.00  0.00  0.00  0.00  0.00  0.00
  26                      1.00   0.00  0.00  0.00  1.00  0.00  0.00  0.00  0.00  0.00
  27                      1.00   0.00  0.00  0.00  1.00  0.00  0.00  0.00  0.00  0.00
  Gischeren_L             1.00   0.00  0.00  0.00  1.00  0.00  0.00  0.00  0.00  0.00
  Schuettstein_L          1.00   0.00  0.00  0.00  0.00  1.00  0.00  0.00  0.00  0.00
  Brunnmuehle_L           1.00   0.00  0.00  0.00  1.00  0.00  0.00  0.00  0.00  0.00
  32                      1.00   1.00  0.00  0.00  0.00  0.00  0.00  0.00  0.00  0.00
  35                      1.00   0.00  0.00  0.00  1.00  0.00  0.00  0.00  0.00  0.00
  45                      1.00   0.00  0.00  0.00  0.00  1.00  0.00  0.00  1.00  0.00
  46                      1.00   0.00  0.00  0.00  1.00  0.00  0.00  0.00  0.00  0.00
  47                      1.00   0.00  0.00  0.00  1.00  0.00  0.00  0.00  0.00  0.00
  50                      1.00   0.00  0.00  0.00  1.00  0.00  0.00  0.00  0.00  0.00
  51                      1.00   0.00  0.00  0.00  1.00  0.00  0.00  0.00  0.00  0.00
  53                      1.00   0.00  0.00  0.00  1.00  0.00  0.00  0.00  0.00  0.00
  Fenster_L               1.00   0.00  0.00  0.00  0.00  1.00  0.00  0.00  0.00  0.00
  58                      1.00   0.00  0.00  0.00  0.00  1.00  0.00  0.00  1.00  0.00
  59                      1.00   0.00  0.00  0.00  0.00  1.00  0.00  0.00  0.00  0.00
  61                      1.00   0.00  0.00  0.00  1.00  0.00  0.00  0.00  0.00  0.00
  63                      1.00   0.00  0.00  0.00  1.00  0.00  0.00  0.00  0.00  0.00
  66                      1.00   0.00  0.00  0.00  1.00  0.00  0.00  0.00  0.00  0.00
  67                      1.00   0.00  0.00  0.00  1.00  0.00  0.00  0.00  0.00  0.00
  Amont_L                 1.00   0.00  0.00  0.00  1.00  0.00  0.00  0.00  0.00  0.00
  69                      1.00   0.00  0.00  0.00  1.00  0.00  0.00  0.00  0.00  0.00
  70                      1.00   0.00  0.00  0.00  1.00  0.00  0.00  0.00  0.00  0.00
  71                      1.00   0.00  0.00  0.00  1.00  0.00  0.00  0.00  0.00  0.00
  72                      1.00   0.00  0.00  0.00  1.00  0.00  0.00  0.00  0.00  0.00
  Sauser_L                1.00   0.00  0.00  0.00  0.00  1.00  0.00  0.00  0.00  0.00
  75                      1.00   0.00  0.00  0.00  0.00  1.00  0.00  0.00  0.00  0.00
  Entw_Sto_L              1.00   0.00  0.00  0.00  0.00  1.00  0.00  0.00  0.00  0.00
  4                       1.00   0.00  0.00  0.00  0.00  1.00  0.00  0.00  0.00  0.00
  5                       1.00   0.00  0.00  0.00  0.99  0.00  0.00  0.00  0.00  0.00
  6                       1.00   0.00  0.00  0.00  0.00  1.00  0.00  0.00  0.00  0.00
  7                       1.00   0.00  0.00  0.00  1.00  0.00  0.00  0.00  0.00  0.00
  Brunn_Teich_L           1.00   0.00  0.00  0.00  1.00  0.00  0.00  0.00  0.00  0.00
  9                       1.00   0.00  0.00  0.00  0.00  1.00  0.00  0.00  0.00  0.00
  12                      1.00   0.00  0.00  0.00  1.00  0.00  0.00  0.00  0.00  0.00
  15                      1.00   0.00  0.00  0.00  1.00  0.00  0.00  0.00  0.00  0.00
  18                      1.00   0.00  0.00  0.00  1.00  0.00  0.00  0.00  0.00  0.00
  19                      1.00   0.00  0.00  0.00  1.00  0.00  0.00  0.00  0.00  0.00
  20                      1.00   0.00  0.00  0.00  0.00  1.00  0.00  0.00  0.00  0.00
  21                      1.00   0.00  0.00  0.00  1.00  0.00  0.00  0.00  0.00  0.00
  Hooliloch_L             1.00   0.00  0.00  0.00  1.00  0.00  0.00  0.00  0.00  0.00
  23                      1.00   0.00  0.00  0.00  0.00  1.00  0.00  0.00  0.00  0.00
  25                      1.00   0.00  0.00  0.00  1.00  0.00  0.00  0.00  0.00  0.00
  28                      1.00   0.00  0.00  0.00  0.00  1.00  0.00  0.00  1.00  0.00
  29                      1.00   0.00  0.00  0.00  1.00  0.00  0.00  0.00  0.00  0.00
  31                      1.00   0.00  0.00  0.00  1.00  0.00  0.00  0.00  0.00  0.00
  33                      1.00   0.00  0.00  0.00  1.00  0.00  0.00  0.00  0.00  0.00
  37                      1.00   0.00  0.00  0.00  1.00  0.00  0.00  0.00  0.00  0.00
  SS3_L                   1.00   0.00  0.00  0.00  0.00  1.00  0.00  0.00  1.00  0.00
  40                      1.00   0.00  0.00  0.00  1.00  0.00  0.00  0.00  0.00  0.00
  SS6_L                   1.00   0.00  0.00  0.00  0.00  1.00  0.00  0.00  1.00  0.00
  1                       1.00   0.00  1.00  0.00  0.00  0.00  0.00  0.00  0.00  0.00
  2                       1.00   1.00  0.00  0.00  0.00  0.00  0.00  0.00  0.00  0.00
  3                       1.00   0.00  0.00  0.00  0.00  1.00  0.00  0.00  1.00  0.00
  10                      1.00   0.00  0.00  0.00  1.00  0.00  0.00  0.00  0.00  0.00
  13                      1.00   0.00  0.00  0.00  1.00  0.00  0.00  0.00  0.00  0.00
  22                      1.00   0.00  0.00  0.00  1.00  0.00  0.00  0.00  0.00  0.00
  24                      1.00   0.00  0.00  0.00  1.00  0.00  0.00  0.00  0.00  0.00
  30                      1.00   0.00  0.00  0.00  1.00  0.00  0.00  0.00  0.00  0.00
  34                      1.00   0.00  0.00  0.00  0.00  1.00  0.00  0.00  0.00  0.00
  36                      1.00   0.00  0.00  0.00  0.00  1.00  0.00  0.00  0.00  0.00
  38                      1.00   0.00  0.00  0.00  1.00  0.00  0.00  0.00  0.00  0.00
  48                      1.00   0.00  0.00  0.00  1.00  0.00  0.00  0.00  0.00  0.00
  54                      1.00   0.00  0.01  0.00  0.99  0.00  0.00  0.00  0.00  0.00
  68                      1.00   0.00  0.00  0.00  0.00  1.00  0.00  0.00  1.00  0.00
  73                      1.00   0.00  1.00  0.00  0.00  0.00  0.00  0.00  0.00  0.00
  TWT1                    1.00   0.00  0.00  0.00  0.00  1.00  0.00  0.00  0.00  0.00
  TWT2                    1.00   0.00  0.00  0.00  0.00  1.00  0.00  0.00  0.00  0.00
  1_1_b_1                 1.00   0.00  0.00  0.00  1.00  0.00  0.00  0.00  1.00  0.00
  TWT3                    1.00   0.00  1.00  0.00  0.00  0.00  0.00  0.00  0.00  0.00
  TWT4                    1.00   0.00  1.00  0.00  0.00  0.00  0.00  0.00  0.00  0.00
  1_2_b_                  1.00   1.00  0.00  0.00  0.00  0.00  0.00  0.00  0.00  0.00
  1_2_b_1                 1.00   0.00  0.00  0.00  0.00  1.00  0.00  0.00  0.00  0.00
  1_2_b_2                 1.00   0.00  0.00  0.00  0.00  1.00  0.00  0.00  1.00  0.00
  1_3_b_3                 1.00   0.00  0.00  0.00  0.00  1.00  0.00  0.00  0.00  0.00
  TWT5                    1.00   0.00  0.00  0.00  1.00  0.00  0.00  0.00  0.00  0.00
  1_4_a                   1.00   0.00  0.00  0.00  0.00  1.00  0.00  0.00  1.00  0.00
  
  
  *************************
  Conduit Surcharge Summary
  *************************
  
  ----------------------------------------------------------------------------
                                                           Hours        Hours 
                         --------- Hours Full --------   Above Full   Capacity
  Conduit                Both Ends  Upstream  Dnstream   Normal Flow   Limited
  ----------------------------------------------------------------------------
  Brunn_Fassung_L             0.01      0.01     24.00      0.01         0.01
  11                         23.99     23.99     23.99     23.99         0.01
  14                         23.99     23.99     23.99     23.99         0.01
  16                         24.00     24.00     24.00     23.99        23.99
  17                         24.00     24.00     24.00      0.01         0.01
  26                         23.99     23.99     23.99      0.01         0.01
  27                         23.93     23.93     23.99      0.01         0.01
  Gischeren_L                 0.01      0.01     23.88      0.01         0.01
  Schuettstein_L              0.01      0.01     23.98      0.01         0.01
  Brunnmuehle_L              24.00     24.00     24.00      0.01         0.01
  35                         23.90     23.90     23.95      0.01         0.01
  46                         24.00     24.00     24.00     23.98         0.01
  47                         24.00     24.00     24.00     24.00        24.00
  50                         23.98     23.98     23.99      0.01         0.01
  51                         23.98     23.98     24.00     23.98         0.01
  53                         24.00     24.00     24.00     23.99         0.01
  61                         23.99     23.99     23.99     23.98         0.01
  63                          0.01     23.97      0.01      0.01         0.01
  66                         23.94     23.98     23.94     23.97        23.94
  67                         23.99     23.99     24.00      0.01         0.01
  Amont_L                    24.00     24.00     24.00      0.01         0.01
  69                         23.95     23.95     24.00      0.02         0.01
  70                         23.95     23.95     24.00      0.01         0.01
  71                         23.98     23.98     23.99      0.01         0.01
  72                         23.87     23.98     23.87      0.11         0.01
  Sauser_L                    0.01      0.01     24.00      0.01         0.01
  75                          0.01     23.97      0.01     23.87         0.01
  4                           0.01     23.98      0.01     23.88         0.01
  5                           0.01      0.01     24.00      0.01         0.01
  6                           0.01      0.01     24.00      0.01         0.01
  7                          23.99     23.99     24.00      0.01         0.01
  Brunn_Teich_L               0.01      0.01     23.99      0.01         0.01
  9                           0.01      0.01     23.99      0.01         0.01
  12                         23.98     23.98     23.98      0.01         0.01
  15                         23.99     23.99     23.99      0.01         0.01
  18                         23.98     23.98     23.98      0.01         0.01
  19                         23.97     23.97     23.98      0.01         0.01
  21                          0.01      0.01     23.97      0.01         0.01
  23                          0.01     23.94      0.01      0.01         0.01
  25                         23.92     23.92     23.99      0.01         0.01
  31                          0.01      0.01     23.89      0.01         0.01
  33                         23.96     23.96     23.96      0.01         0.01
  13                         23.99     23.99     24.00      0.01         0.01
  22                         23.99     23.99     24.00      0.01         0.01
  24                         23.98     23.98     23.99      0.01         0.01
  30                         23.98     23.98     23.99      0.01         0.01
  34                          0.01      0.01     23.99      0.01         0.01
  38                         23.93     23.93     23.95      0.01         0.01
  48                          0.01      0.01     23.90      0.01         0.01
  54                          0.01      0.01     23.86      0.01         0.01
  1_1_b_1                     0.01      0.01     23.97      0.01         0.01
  1_2_b_1                     0.01      0.01     23.99     23.99         0.01
  1_3_b_3                     0.01      0.01     24.00     23.99         0.01
  

  Analysis begun on:  Fri Aug 14 15:30:34 2026
  Analysis ended on:  Fri Aug 14 15:30:38 2026
  Total elapsed time: 00:00:04