
  EPA STORM WATER MANAGEMENT MODEL - VERSION 5.2 (Build 5.2.4)
  ------------------------------------------------------------

  Brunnmuehle (Twann) 
  WARNING 08: elevation drop exceeds length for Conduit SS3_L
  WARNING 08: elevation drop exceeds length for Conduit SS6_L
  WARNING 08: elevation drop exceeds length for Conduit 2
  WARNING 08: elevation drop exceeds length for Conduit 3
  WARNING 08: elevation drop exceeds length for Conduit 68
  WARNING 08: elevation drop exceeds length for Conduit 1_2_b_
  WARNING 08: elevation drop exceeds length for Conduit 1_2_b_2
  WARNING 08: elevation drop exceeds length for Conduit 1_3_a_2
  WARNING 08: elevation drop exceeds length for Conduit 1_4_b
  WARNING 08: elevation drop exceeds length for Conduit 1_5_a
  WARNING 02: maximum depth increased for Node 2
  
  ****************
  Analysis Options
  ****************
  Flow Units ............... CMS
  Process Models:
    Rainfall/Runoff ........ NO
    RDII ................... NO
    Snowmelt ............... NO
    Groundwater ............ NO
    Flow Routing ........... YES
    Ponding Allowed ........ NO
    Water Quality .......... NO
  Flow Routing Method ...... DYNWAVE
  Surcharge Method ......... EXTRAN
  Starting Date ............ 01/01/2000 00:00:00
  Ending Date .............. 01/02/2000 00:00:00
  Antecedent Dry Days ...... 0.0
  Report Time Step ......... 01:00:00
  Routing Time Step ........ 0.50 sec
  Variable Time Step ....... YES
  Maximum Trials ........... 8
  Number of Threads ........ 1
  Head Tolerance ........... 0.001500 m
  
  
  **************************        Volume        Volume
  Flow Routing Continuity        hectare-m      10^6 ltr
  **************************     ---------     ---------
  Dry Weather Inflow .......         0.000         0.000
  Wet Weather Inflow .......         0.000         0.000
  Groundwater Inflow .......         0.000         0.000
  RDII Inflow ..............         0.000         0.000
  External Inflow ..........       133.343      1333.445
  External Outflow .........       126.388      1263.898
  Flooding Loss ............         0.000         0.000
  Evaporation Loss .........         0.000         0.000
  Exfiltration Loss ........         0.000         0.000
  Initial Stored Volume ....         0.056         0.561
  Final Stored Volume ......         0.368         3.680
  Continuity Error (%) .....         4.980
  
  
  *************************
  Highest Continuity Errors
  *************************
  Node TWT_Intersection_Sonsto_60+345 (-35345.78%)
  Node TWT_Acces_LT_60+110 (100.00%)
  Node TWT_Fensterstollen_60+375 (99.77%)
  Node 2 (38.84%)
  Node SonSto_SS4 (3.24%)
  
  
  ***************************
  Time-Step Critical Elements
  ***************************
  Link 20 (13629.46%)
  Link 1_2_b_2 (6.79%)
  
  
  ********************************
  Highest Flow Instability Indexes
  ********************************
  All links are stable.
  
  
  *********************************
  Most Frequent Nonconverging Nodes
  *********************************
  Node Brunnm_Fassung (43.52%)
  Node Brunnmuehle(Teich) (43.52%)
  Node Fensterstollen (43.52%)
  Node Gischeren (43.52%)
  Node Schuettstein (43.52%)
  
  
  *************************
  Routing Time Step Summary
  *************************
  Minimum Time Step           :     0.50 sec
  Average Time Step           :     0.50 sec
  Maximum Time Step           :     0.50 sec
  % of Time in Steady State   :    99.27
  Average Iterations per Step :     7.18
  % of Steps Not Converging   :    43.52
  Time Step Frequencies       :
      0.500 -  0.500 sec      :   100.00 %
      0.500 -  0.500 sec      :     0.00 %
      0.500 -  0.500 sec      :     0.00 %
      0.500 -  0.500 sec      :     0.00 %
      0.500 -  0.500 sec      :     0.00 %
  
  
  ******************
  Node Depth Summary
  ******************
  
  ---------------------------------------------------------------------------------
                                 Average  Maximum  Maximum  Time of Max    Reported
                                   Depth    Depth      HGL   Occurrence   Max Depth
  Node                 Type       Meters   Meters   Meters  days hr:min      Meters
  ---------------------------------------------------------------------------------
  9                    JUNCTION    45.14    47.80   486.30     0  00:01       45.18
  Holiloch_sonde       JUNCTION    41.29    43.76   483.76     0  00:01       41.33
  11                   JUNCTION    50.24    51.31   461.31     0  00:04       50.26
  13                   JUNCTION    57.30    57.88   495.88     0  00:02       57.35
  21                   JUNCTION    41.56    42.60   442.60     0  00:04       41.58
  SonSto_F             JUNCTION     0.12     0.12   437.92     0  00:10        0.12
  Sondierstollen       JUNCTION     0.00     0.00   440.80     0  00:00        0.00
  Aval_Trappe          JUNCTION     0.19     0.19   437.79     0  00:08        0.19
  30                   JUNCTION     0.17     0.17   437.47     0  00:09        0.17
  Gischeren_node       JUNCTION     3.73     3.76   480.26     0  00:10        3.76
  34                   JUNCTION    19.96    20.57   440.57     0  00:04       19.98
  38                   JUNCTION    25.02    25.97   445.97     0  00:04       25.04
  SS6                  JUNCTION     0.07     0.07   448.07     0  00:02        0.07
  40                   JUNCTION    43.69    46.26   465.26     0  00:02       43.72
  41                   JUNCTION    57.52    58.10   495.60     0  00:02       57.57
  SondeSchuettstein    JUNCTION    22.22    25.01   484.01     0  00:01       22.24
  SS4                  JUNCTION     0.08     0.08   448.08     0  00:10        0.08
  47                   JUNCTION    14.21    14.30   479.20     0  00:01       14.22
  48                   JUNCTION     9.90    12.41   483.41     0  00:01        9.91
  SondeGischeren       JUNCTION    15.20    15.26   480.26     0  00:10       15.26
  49                   JUNCTION    13.78    15.43   481.43     0  00:02       13.81
  50                   JUNCTION     8.64     8.67   471.67     0  00:10        8.67
  51                   JUNCTION    75.64    76.22   496.22     0  00:02       75.69
  Amont_C              JUNCTION    78.91    87.54   505.54     0  00:00       78.95
  52                   JUNCTION    11.60    22.10   479.10     0  00:04       11.63
  53                   JUNCTION    24.83    26.51   493.51     0  00:10       24.92
  54                   JUNCTION    26.37    28.40   491.40     0  00:10       26.55
  56                   JUNCTION     7.15     7.90   437.90     0  00:02        7.15
  2                    JUNCTION     0.12     0.12   438.12     0  00:10        0.12
  4                    JUNCTION     8.87     9.19   437.19     0  00:01        8.87
  5                    JUNCTION     6.13     6.15   478.65     0  00:04        6.14
  6                    JUNCTION    21.95    23.57   481.57     0  00:01       21.97
  7                    JUNCTION     3.62     3.64   478.64     0  00:03        3.63
  SS3                  JUNCTION     0.08     0.08   448.08     0  00:10        0.08
  SS5                  JUNCTION     0.69     0.69   439.59     0  00:10        0.69
  8                    JUNCTION     6.32     6.35   480.35     0  00:10        6.35
  10                   JUNCTION    11.78    13.47   481.47     0  00:02       11.80
  SonSto_SS5           JUNCTION     0.18     0.18   439.48     0  00:10        0.18
  SonSto_SS3           JUNCTION     0.10     0.10   439.80     0  00:10        0.10
  SonSto_SS4           JUNCTION     0.18     0.18   439.58     0  00:10        0.18
  Amont_Trappe         JUNCTION     0.16     0.16   437.86     0  00:10        0.16
  SonSto_SS6           JUNCTION     0.17     0.17   438.87     0  00:10        0.17
  SS2                  JUNCTION     0.00     0.00   448.00     0  00:00        0.00
  SonSto_SS2           JUNCTION     0.00     0.00   441.50     0  00:00        0.00
  12                   JUNCTION    31.27    31.70   480.70     0  00:02       31.30
  14                   JUNCTION    18.79    23.35   488.35     0  00:02       18.82
  15                   JUNCTION     0.37     0.37   472.37     0  00:04        0.37
  TWT_PointHaut_60+650 JUNCTION     0.31     0.32   438.82     0  00:05        0.31
  TWT_Fensterstollen_60+375 JUNCTION     0.30     0.34   437.64     0  00:08        0.30
  TWT_Acces_LT_60+110  JUNCTION     0.09     0.09   437.59     0  00:10        0.09
  TWT_Liaison_LT_59+738 JUNCTION     0.00     0.00   450.60     0  00:00        0.00
  Syst_Est_amont       JUNCTION     6.79    71.41   501.41     0  00:08        6.83
  Syst_Est_interm      JUNCTION    21.86    27.48   437.48     0  00:07       21.96
  TWT_Branche_Est_Sonsto_60+540 JUNCTION     0.00     0.00   442.40     0  00:00        0.00
  TWT_Intersection_Sonsto_60+345 JUNCTION     0.66     0.69   437.69     0  00:10        0.66
  TWT_Chrosweg_61+140  JUNCTION     0.22     0.22   432.22     0  00:10        0.22
  SonSto_F_sup         JUNCTION     0.06     0.06   448.06     0  00:04        0.06
  SonSto_porte         JUNCTION     0.00     0.00   438.50     0  00:00        0.00
  Brunnm_Fassung       OUTFALL      0.10     0.10   433.90     0  00:04        0.10
  Brunnmuehle(Teich)   OUTFALL      0.24     0.24   435.74     0  00:04        0.24
  Fensterstollen       OUTFALL      0.17     0.17   437.17     0  00:09        0.17
  Gischeren            OUTFALL      0.18     0.18   480.18     0  00:10        0.18
  Schuettstein         OUTFALL      0.24     0.25   477.80     0  00:01        0.24
  Holiloch             OUTFALL      1.72     1.73   478.23     0  00:03        1.72
  Sauserquelle         OUTFALL      0.42     0.43   435.98     0  00:02        0.42
  Entw_Stollen         OUTFALL      0.12     0.12   436.62     0  00:10        0.12
  Sous_lacustre        OUTFALL      0.11     0.11   429.31     0  00:04        0.11
  Sous_ecoul.          OUTFALL      0.00     0.00   433.00     0  00:04        0.00
  Syst_Est_aval        OUTFALL      0.54     0.54   429.54     0  00:10        0.54
  TWT_Portail_Est_61+665 OUTFALL      0.22     0.22   421.82     0  00:10        0.22
  
  
  *******************
  Node Inflow Summary
  *******************
  
  -------------------------------------------------------------------------------------------------
                                  Maximum  Maximum                  Lateral       Total        Flow
                                  Lateral    Total  Time of Max      Inflow      Inflow     Balance
                                   Inflow   Inflow   Occurrence      Volume      Volume       Error
  Node                 Type           CMS      CMS  days hr:min    10^6 ltr    10^6 ltr     Percent
  -------------------------------------------------------------------------------------------------
  9                    JUNCTION         0     13.9     0  00:00           0         767       0.017
  Holiloch_sonde       JUNCTION         0     12.7     0  00:01           0         723       0.015
  11                   JUNCTION         0     0.27     0  00:02           0        23.1      -0.001
  13                   JUNCTION         0     14.6     0  00:00           0    1.07e+03       0.048
  21                   JUNCTION         0    0.462     0  00:04           0        39.6      -0.000
  SonSto_F             JUNCTION         0     1.11     0  00:10           0        95.3       0.785
  Sondierstollen       JUNCTION         0        0     0  00:00           0           0       0.000 ltr
  Aval_Trappe          JUNCTION         0     1.05     0  00:10           0        90.7       0.498
  30                   JUNCTION         0    0.639     0  00:09           0        53.5       0.780
  Gischeren_node       JUNCTION         0    0.423     0  00:09           0        33.5       3.827
  34                   JUNCTION         0    0.425     0  00:04           0        36.3      -0.000
  38                   JUNCTION         0    0.255     0  00:02           0        20.9      -0.000
  SS6                  JUNCTION         0    0.161     0  00:02           0        13.2       0.007
  40                   JUNCTION         0     1.82     0  00:02           0         156       0.000
  41                   JUNCTION         0     1.26     0  00:00           0        47.5       0.035
  SondeSchuettstein    JUNCTION         0    0.713     0  00:01           0        47.5       0.026
  SS4                  JUNCTION         0    0.131     0  00:10           0        11.3       0.006
  47                   JUNCTION         0     9.89     0  00:01           0         710       0.007
  48                   JUNCTION         0    0.632     0  00:01           0        47.5       0.012
  SondeGischeren       JUNCTION         0    0.362     0  00:07           0        23.3       0.235
  49                   JUNCTION         0     1.02     0  00:02           0        13.4       0.878
  50                   JUNCTION         0    0.181     0  00:04           0        13.5       0.016
  51                   JUNCTION         0     28.4     0  00:00           0    1.27e+03      -0.001
  Amont_C              JUNCTION      14.7     39.7     0  00:00    1.27e+03    1.27e+03       0.020
  52                   JUNCTION         0    0.277     0  00:04           0        18.7       0.117
  53                   JUNCTION         0    0.413     0  00:01           0          14       0.093
  54                   JUNCTION         0    0.347     0  00:10           0          14       0.772
  56                   JUNCTION         0     1.48     0  00:02           0         127       0.001
  2                    JUNCTION         0   0.0553     0  00:10           0        4.77      63.517
  4                    JUNCTION         0    0.392     0  00:04           0        33.4       0.016
  5                    JUNCTION         0     8.69     0  00:01           0         709       0.037
  6                    JUNCTION         0     10.8     0  00:01           0         723       0.025
  7                    JUNCTION         0     8.51     0  00:02           0         709       0.505
  SS3                  JUNCTION         0    0.157     0  00:10           0        13.5       0.007
  SS5                  JUNCTION         0    0.472     0  00:10           0        39.6      -0.741
  8                    JUNCTION         0    0.602     0  00:06           0        47.2       0.175
  10                   JUNCTION         0    0.812     0  00:02           0        13.3       0.872
  SonSto_SS5           JUNCTION         0    0.616     0  00:10           0        53.1       1.725
  SonSto_SS3           JUNCTION         0    0.157     0  00:10           0        13.5       0.157
  SonSto_SS4           JUNCTION         0    0.288     0  00:10           0        24.8       3.344
  Amont_Trappe         JUNCTION         0     1.05     0  00:10           0        90.8       0.198
  SonSto_SS6           JUNCTION         0    0.758     0  00:10           0        65.4       2.285
  SS2                  JUNCTION         0        0     0  00:00           0           0       0.000 ltr
  SonSto_SS2           JUNCTION         0        0     0  00:00           0           0       0.000 ltr
  12                   JUNCTION         0    0.385     0  00:01           0        21.7       0.018
  14                   JUNCTION         0     2.09     0  00:02           0         126       0.037
  15                   JUNCTION         0    0.503     0  00:04           0        43.2       0.418
  TWT_PointHaut_60+650 JUNCTION         0     2.29     0  00:04           0         196       0.031
  TWT_Fensterstollen_60+375 JUNCTION         0     1.35     0  00:10           0         116   43598.555
  TWT_Acces_LT_60+110  JUNCTION         0    0.352     0  00:10           0        30.130074244.163 ltr
  TWT_Liaison_LT_59+738 JUNCTION         0        0     0  00:00           0           0       0.000 ltr
  Syst_Est_amont       JUNCTION     0.735    0.735     0  00:00        63.5        63.5       0.201
  Syst_Est_interm      JUNCTION         0     1.64     0  00:07           0         128       0.330
  TWT_Branche_Est_Sonsto_60+540 JUNCTION         0        0     0  00:00           0           0       0.000 ltr
  TWT_Intersection_Sonsto_60+345 JUNCTION         0     1.53     0  00:09           0       0.266     -99.718
  TWT_Chrosweg_61+140  JUNCTION         0     2.66     0  00:07           0         196       1.710
  SonSto_F_sup         JUNCTION         0    0.502     0  00:04           0          43       0.026
  SonSto_porte         JUNCTION         0        0     0  00:00           0           0       0.000 ltr
  Brunnm_Fassung       OUTFALL          0   0.0356     0  00:04           0        2.97       0.000
  Brunnmuehle(Teich)   OUTFALL          0    0.388     0  00:04           0        32.8       0.000
  Fensterstollen       OUTFALL          0     0.64     0  00:09           0        53.1       0.000
  Gischeren            OUTFALL          0    0.376     0  00:10           0        32.3       0.000
  Schuettstein         OUTFALL          0    0.576     0  00:01           0        47.5       0.000
  Holiloch             OUTFALL          0     8.27     0  00:03           0         706       0.000
  Sauserquelle         OUTFALL          0     1.48     0  00:02           0         127       0.000
  Entw_Stollen         OUTFALL          0   0.0339     0  00:10           0        2.92       0.000
  Sous_lacustre        OUTFALL          0   0.0382     0  00:04           0        3.23       0.000
  Sous_ecoul.          OUTFALL          0  0.00619     0  00:04           0       0.519       0.000
  Syst_Est_aval        OUTFALL          0     1.48     0  00:10           0         127       0.000
  TWT_Portail_Est_61+665 OUTFALL          0     1.49     0  00:10           0         128       0.000
  
  
  **********************
  Node Surcharge Summary
  **********************
  
  Surcharging occurs when water rises above the top of the highest conduit.
  ---------------------------------------------------------------------
                                               Max. Height   Min. Depth
                                   Hours       Above Crown    Below Rim
  Node                 Type      Surcharged         Meters       Meters
  ---------------------------------------------------------------------
  9                    JUNCTION       23.98         45.997       52.203
  Holiloch_sonde       JUNCTION       23.98         41.860      156.240
  11                   JUNCTION       24.00         50.850       98.690
  13                   JUNCTION       23.99         54.879      342.121
  21                   JUNCTION       24.00         41.996      107.404
  34                   JUNCTION       24.00         19.973       79.427
  38                   JUNCTION       24.00         25.367      124.033
  40                   JUNCTION       24.00         42.257       53.743
  41                   JUNCTION       23.99         57.248      191.902
  SondeSchuettstein    JUNCTION       23.98         24.212        0.000
  47                   JUNCTION       23.98         12.399       85.701
  48                   JUNCTION       23.98         11.609       87.591
  SondeGischeren       JUNCTION       23.93         14.061       84.739
  49                   JUNCTION       23.95          7.429      184.571
  50                   JUNCTION       23.92          8.373      191.327
  51                   JUNCTION       24.00         72.219      323.781
  Amont_C              JUNCTION       24.00         84.541      312.459
  52                   JUNCTION       23.93         21.699       77.901
  53                   JUNCTION       23.97         21.509      173.491
  54                   JUNCTION       23.83         23.401      171.599
  56                   JUNCTION       23.99          6.902       92.098
  4                    JUNCTION       23.98          8.541       90.809
  5                    JUNCTION       23.96          1.152       43.848
  6                    JUNCTION       23.98         18.572      176.428
  8                    JUNCTION       23.84          1.355      193.645
  10                   JUNCTION       23.95          5.472      186.528
  12                   JUNCTION       23.98         31.347      168.303
  14                   JUNCTION       23.96         19.347      176.653
  Syst_Est_amont       JUNCTION       23.85         70.410       28.590
  Syst_Est_interm      JUNCTION       23.88         25.978       72.522
  
  
  *********************
  Node Flooding Summary
  *********************
  
  No nodes were flooded.
  
  
  ***********************
  Outfall Loading Summary
  ***********************
  
  -----------------------------------------------------------
                         Flow       Avg       Max       Total
                         Freq      Flow      Flow      Volume
  Outfall Node           Pcnt       CMS       CMS    10^6 ltr
  -----------------------------------------------------------
  Brunnm_Fassung        99.93    0.0344    0.0356       2.973
  Brunnmuehle(Teich)    99.93      0.38     0.388      32.847
  Fensterstollen        99.89     0.615      0.64      53.081
  Gischeren             99.29     0.376     0.376      32.291
  Schuettstein          99.90     0.551     0.576      47.515
  Holiloch              99.86      8.18      8.27     705.659
  Sauserquelle          99.97      1.47      1.48     127.219
  Entw_Stollen          99.93    0.0338    0.0339       2.917
  Sous_lacustre        100.00    0.0373    0.0382       3.226
  Sous_ecoul.           99.93   0.00601   0.00619       0.519
  Syst_Est_aval         99.51      1.48      1.48     127.344
  TWT_Portail_Est_61+665  99.97      1.49      1.49     128.301
  -----------------------------------------------------------
  System                99.84      14.7      14.7    1263.892
  
  
  ********************
  Link Flow Summary
  ********************
  
  -----------------------------------------------------------------------------
                                 Maximum  Time of Max   Maximum    Max/    Max/
                                  |Flow|   Occurrence   |Veloc|    Full    Full
  Link                 Type          CMS  days hr:min     m/sec    Flow   Depth
  -----------------------------------------------------------------------------
  Brunn_Fassung_L      CONDUIT    0.0356     0  00:04      1.51    0.59    0.78
  11                   CONDUIT      12.7     0  00:01      6.95    1.89    1.00
  14                   CONDUIT      13.9     0  00:00      9.16    7.54    1.00
  16                   CONDUIT      0.27     0  00:02      3.16    1.88    1.00
  17                   CONDUIT     0.255     0  00:02      0.90    0.43    1.00
  26                   CONDUIT      1.26     0  00:00      2.32    1.70    1.00
  27                   CONDUIT    0.0433     0  00:10      1.69    0.56    0.65
  Gischeren_L          CONDUIT     0.376     0  00:10      0.56    0.05    0.58
  Schuettstein_L       CONDUIT     0.576     0  00:01      3.65    0.49    0.75
  Brunnmuehle_L        CONDUIT     0.425     0  00:04      1.50    0.20    1.00
  32                   CONDUIT         0     0  00:00      0.00    0.00    0.00
  35                   CONDUIT     0.214     0  00:07      0.29    0.04    1.00
  45                   CONDUIT     0.741     0  00:10      6.08    0.01    0.05
  46                   CONDUIT      1.48     0  00:02      5.24    1.48    1.00
  47                   CONDUIT     0.111     0  00:01      2.91    6.89    1.00
  50                   CONDUIT     0.632     0  00:01      2.14    0.12    1.00
  51                   CONDUIT     0.335     0  00:02      3.48    0.94    1.00
  53                   CONDUIT     0.255     0  00:02      1.53    1.29    1.00
  Fenster_L            CONDUIT      0.64     0  00:09      3.99    0.01    0.06
  58                   CONDUIT     0.596     0  00:09      3.48    0.01    0.06
  59                   CONDUIT     0.605     0  00:10      3.74    0.01    0.06
  61                   CONDUIT     0.713     0  00:01      3.76    1.00    1.00
  63                   CONDUIT     0.161     0  00:02      2.22    0.72    0.52
  66                   CONDUIT     0.181     0  00:04      2.71    2.38    1.00
  67                   CONDUIT      14.6     0  00:00      4.00    0.14    1.00
  Amont_L              CONDUIT      28.4     0  00:00      4.02    1.54    1.00
  69                   CONDUIT     0.277     0  00:04      2.35    1.08    1.00
  70                   CONDUIT     0.216     0  00:10      1.72    0.67    1.00
  71                   CONDUIT     0.413     0  00:01      1.81    0.73    1.00
  72                   CONDUIT     0.347     0  00:10      1.67    1.65    1.00
  Sauser_L             CONDUIT      1.48     0  00:02      2.47    0.38    0.71
  75                   CONDUIT     0.131     0  00:10      3.93    1.34    0.66
  Entw_Sto_L           CONDUIT    0.0339     0  00:10      1.87    0.78    0.67
  4                    CONDUIT    0.0302     0  00:10      1.22    1.35    0.82
  5                    CONDUIT    0.0251     0  00:10      1.11    0.90    0.84
  6                    CONDUIT    0.0382     0  00:04      1.47    0.57    0.77
  7                    CONDUIT     0.392     0  00:04      2.00    0.60    1.00
  Brunn_Teich_L        CONDUIT     0.388     0  00:04      1.60    0.29    0.69
  9                    CONDUIT   0.00619     0  00:04      1.56    0.00    0.50
  12                   CONDUIT      8.69     0  00:01      4.94    0.18    1.00
  15                   CONDUIT      10.8     0  00:01      5.24    0.28    1.00
  18                   CONDUIT      9.89     0  00:01      5.01    0.40    1.00
  19                   CONDUIT      1.02     0  00:02      1.32    0.97    1.00
  20                   CONDUIT      1.05     0  00:10      6.17    0.08    0.17
  21                   CONDUIT      8.51     0  00:02      0.91    0.06    0.86
  Hooliloch_L          CONDUIT      8.27     0  00:03      1.44    0.16    0.67
  23                   CONDUIT     0.157     0  00:10      3.36    0.98    0.63
  25                   CONDUIT     0.602     0  00:06      2.13    0.49    1.00
  28                   CONDUIT     0.157     0  00:10      1.30    0.00    0.05
  29                   CONDUIT     0.154     0  00:10      0.91    0.01    0.06
  31                   CONDUIT     0.327     0  00:09      0.53    0.20    0.88
  33                   CONDUIT     0.812     0  00:02      0.82    0.31    1.00
  37                   CONDUIT     0.463     0  00:10      0.73    0.01    0.14
  SS3_L                CONDUIT     0.157     0  00:10      3.16    0.00    0.05
  40                   CONDUIT      1.05     0  00:10      2.57    0.01    0.03
  SS6_L                CONDUIT     0.161     0  00:02      2.29    0.00    0.06
  1                    CONDUIT         0     0  00:00      0.00    0.00    0.02
  2                    CONDUIT         0     0  00:00      0.00    0.00    0.00
  3                    CONDUIT     0.131     0  00:10      2.70    0.01    0.13
  10                   CONDUIT     0.139     0  00:10      0.22    0.00    0.15
  13                   CONDUIT     0.385     0  00:01      4.60    0.83    1.00
  22                   CONDUIT     0.294     0  00:01      3.05    0.73    1.00
  24                   CONDUIT      2.09     0  00:02      3.03    0.00    1.00
  30                   CONDUIT      1.47     0  00:02      2.04    0.62    1.00
  34                   CONDUIT     0.503     0  00:04      2.38    0.56    0.84
  36                   CONDUIT     0.502     0  00:04      5.82    0.54    0.39
  38                   CONDUIT     0.362     0  00:07      2.71    0.14    1.00
  48                   CONDUIT     0.795     0  00:08      2.40    0.53    1.00
  54                   CONDUIT      1.48     0  00:10      1.16    0.28    0.68
  68                   CONDUIT     0.367     0  00:04      8.09    0.00    0.03
  73                   CONDUIT         0     0  00:00      0.00    0.00    0.03
  TWT1                 CONDUIT      1.49     0  00:10      3.89    0.00    0.03
  TWT2                 CONDUIT      2.33     0  00:06      4.71    0.00    0.03
  TWT3                 CONDUIT         0     0  00:00      0.00    0.00    0.02
  TWT4                 CONDUIT         0     0  00:00      0.00    0.00    0.02
  1_2_b_               CONDUIT         0     0  00:00      0.00    0.00    0.00
  1_2_b_2              CONDUIT     0.135     0  00:04      5.71    0.01    0.20
  1_3_a_2              CONDUIT      0.93     0  00:07      2.04    0.10    0.61
  1_3_b_3              CONDUIT      2.29     0  00:04      4.17    8.22    0.66
  TWT5                 CONDUIT      1.53     0  00:09      2.23    0.00    0.06
  1_4_a                CONDUIT     0.477     0  00:10      3.41    0.01    0.09
  TWT6                 CONDUIT     0.352     0  00:10      0.40    0.00    0.05
  1_4_b                CONDUIT         0     0  00:00      0.00    0.00    0.12
  TWT7                 CONDUIT         0     0  00:00      0.00    0.00    0.01
  1_5_a                CONDUIT         0     0  00:00      0.00    0.00    0.03
  
  
  ***************************
  Flow Classification Summary
  ***************************
  
  -------------------------------------------------------------------------------------
                      Adjusted    ---------- Fraction of Time in Flow Class ---------- 
                       /Actual         Up    Down  Sub   Sup   Up    Down  Norm  Inlet 
  Conduit               Length    Dry  Dry   Dry   Crit  Crit  Crit  Crit  Ltd   Ctrl  
  -------------------------------------------------------------------------------------
  Brunn_Fassung_L         1.00   0.00  0.00  0.00  0.00  1.00  0.00  0.00  0.00  0.00
  11                      1.00   0.00  0.00  0.00  1.00  0.00  0.00  0.00  0.00  0.00
  14                      1.00   0.00  0.00  0.00  1.00  0.00  0.00  0.00  0.00  0.00
  16                      1.00   0.00  0.00  0.00  1.00  0.00  0.00  0.00  0.00  0.00
  17                      1.00   0.00  0.00  0.00  1.00  0.00  0.00  0.00  0.00  0.00
  26                      1.00   0.00  0.00  0.00  1.00  0.00  0.00  0.00  0.00  0.00
  27                      1.00   0.00  0.00  0.00  0.00  1.00  0.00  0.00  1.00  0.00
  Gischeren_L             1.00   0.00  0.00  0.00  0.99  0.00  0.00  0.00  0.00  0.00
  Schuettstein_L          1.00   0.00  0.00  0.00  0.00  1.00  0.00  0.00  0.00  0.00
  Brunnmuehle_L           1.00   0.00  0.00  0.00  1.00  0.00  0.00  0.00  0.00  0.00
  32                      1.00   1.00  0.00  0.00  0.00  0.00  0.00  0.00  0.00  0.00
  35                      1.00   0.00  0.00  0.00  1.00  0.00  0.00  0.00  0.00  0.00
  45                      1.00   0.00  0.00  0.00  0.00  1.00  0.00  0.00  0.00  0.00
  46                      1.00   0.00  0.00  0.00  1.00  0.00  0.00  0.00  0.00  0.00
  47                      1.00   0.00  0.00  0.00  1.00  0.00  0.00  0.00  0.00  0.00
  50                      1.00   0.00  0.00  0.00  1.00  0.00  0.00  0.00  0.00  0.00
  51                      1.00   0.00  0.00  0.00  1.00  0.00  0.00  0.00  0.00  0.00
  53                      1.00   0.00  0.00  0.00  1.00  0.00  0.00  0.00  0.00  0.00
  Fenster_L               1.00   0.00  0.00  0.00  0.00  1.00  0.00  0.00  0.00  0.00
  58                      1.00   0.00  0.00  0.00  0.00  1.00  0.00  0.00  0.00  0.00
  59                      1.00   0.00  0.00  0.00  0.00  1.00  0.00  0.00  0.00  0.00
  61                      1.00   0.00  0.00  0.00  1.00  0.00  0.00  0.00  0.00  0.00
  63                      1.00   0.00  0.00  0.00  1.00  0.00  0.00  0.00  0.00  0.00
  66                      1.00   0.00  0.00  0.00  1.00  0.00  0.00  0.00  0.00  0.00
  67                      1.00   0.00  0.00  0.00  1.00  0.00  0.00  0.00  0.00  0.00
  Amont_L                 1.00   0.00  0.00  0.00  1.00  0.00  0.00  0.00  0.00  0.00
  69                      1.00   0.00  0.00  0.00  1.00  0.00  0.00  0.00  0.00  0.00
  70                      1.00   0.00  0.00  0.00  1.00  0.00  0.00  0.00  0.00  0.00
  71                      1.00   0.00  0.00  0.00  1.00  0.00  0.00  0.00  0.00  0.00
  72                      1.00   0.00  0.00  0.00  1.00  0.00  0.00  0.00  0.00  0.00
  Sauser_L                1.00   0.00  0.00  0.00  1.00  0.00  0.00  0.00  0.00  0.00
  75                      1.00   0.00  0.00  0.00  0.00  1.00  0.00  0.00  0.00  0.00
  Entw_Sto_L              1.00   0.00  0.00  0.00  0.00  1.00  0.00  0.00  0.00  0.00
  4                       1.00   0.00  0.00  0.00  1.00  0.00  0.00  0.00  0.00  0.00
  5                       1.00   0.00  0.00  0.00  1.00  0.00  0.00  0.00  0.00  0.00
  6                       1.00   0.00  0.00  0.00  0.00  1.00  0.00  0.00  0.00  0.00
  7                       1.00   0.00  0.00  0.00  1.00  0.00  0.00  0.00  0.00  0.00
  Brunn_Teich_L           1.00   0.00  0.00  0.00  1.00  0.00  0.00  0.00  0.00  0.00
  9                       1.00   0.00  0.00  0.00  0.00  1.00  0.00  0.00  0.00  0.00
  12                      1.00   0.00  0.00  0.00  1.00  0.00  0.00  0.00  0.00  0.00
  15                      1.00   0.00  0.00  0.00  1.00  0.00  0.00  0.00  0.00  0.00
  18                      1.00   0.00  0.00  0.00  1.00  0.00  0.00  0.00  0.00  0.00
  19                      1.00   0.00  0.00  0.00  1.00  0.00  0.00  0.00  0.00  0.00
  20                      1.00   0.00  0.00  0.00  0.00  1.00  0.00  0.00  0.00  0.00
  21                      1.00   0.00  0.00  0.00  1.00  0.00  0.00  0.00  0.00  0.00
  Hooliloch_L             1.00   0.00  0.00  0.00  1.00  0.00  0.00  0.00  0.00  0.00
  23                      1.00   0.00  0.00  0.00  0.00  1.00  0.00  0.00  0.00  0.00
  25                      1.00   0.00  0.00  0.00  1.00  0.00  0.00  0.00  0.00  0.00
  28                      1.00   0.00  0.00  0.00  0.00  1.00  0.00  0.00  1.00  0.00
  29                      1.00   0.00  0.00  0.00  1.00  0.00  0.00  0.00  0.00  0.00
  31                      1.00   0.00  0.00  0.00  1.00  0.00  0.00  0.00  0.00  0.00
  33                      1.00   0.00  0.00  0.00  1.00  0.00  0.00  0.00  0.00  0.00
  37                      1.00   0.00  0.00  0.00  1.00  0.00  0.00  0.00  0.00  0.00
  SS3_L                   1.00   0.00  0.00  0.00  0.00  1.00  0.00  0.00  1.00  0.00
  40                      1.00   0.00  0.00  0.00  0.00  1.00  0.00  0.00  0.00  0.00
  SS6_L                   1.00   0.00  0.00  0.00  0.00  1.00  0.00  0.00  1.00  0.00
  1                       1.00   0.00  1.00  0.00  0.00  0.00  0.00  0.00  0.00  0.00
  2                       1.00   1.00  0.00  0.00  0.00  0.00  0.00  0.00  0.00  0.00
  3                       1.00   0.00  0.00  0.00  0.00  1.00  0.00  0.00  1.00  0.00
  10                      1.00   0.00  0.00  0.00  1.00  0.00  0.00  0.00  0.00  0.00
  13                      1.00   0.00  0.00  0.00  1.00  0.00  0.00  0.00  0.00  0.00
  22                      1.00   0.00  0.00  0.00  1.00  0.00  0.00  0.00  0.00  0.00
  24                      1.00   0.00  0.00  0.00  1.00  0.00  0.00  0.00  0.00  0.00
  30                      1.00   0.00  0.00  0.00  1.00  0.00  0.00  0.00  0.00  0.00
  34                      1.00   0.00  0.00  0.00  0.00  1.00  0.00  0.00  0.00  0.00
  36                      1.00   0.00  0.00  0.00  0.00  1.00  0.00  0.00  0.00  0.00
  38                      1.00   0.00  0.00  0.00  1.00  0.00  0.00  0.00  0.00  0.00
  48                      1.00   0.00  0.00  0.00  1.00  0.00  0.00  0.00  0.00  0.00
  54                      1.00   0.00  0.00  0.00  1.00  0.00  0.00  0.00  0.00  0.00
  68                      1.00   0.00  0.00  0.00  0.00  1.00  0.00  0.00  1.00  0.00
  73                      1.00   0.00  1.00  0.00  0.00  0.00  0.00  0.00  0.00  0.00
  TWT1                    1.00   0.00  0.00  0.00  0.00  1.00  0.00  0.00  0.00  0.00
  TWT2                    1.00   0.00  0.00  0.00  0.00  1.00  0.00  0.00  0.00  0.00
  TWT3                    1.00   0.00  1.00  0.00  0.00  0.00  0.00  0.00  0.00  0.00
  TWT4                    1.00   0.00  1.00  0.00  0.00  0.00  0.00  0.00  0.00  0.00
  1_2_b_                  1.00   1.00  0.00  0.00  0.00  0.00  0.00  0.00  0.00  0.00
  1_2_b_2                 1.00   0.00  0.00  0.00  0.00  1.00  0.00  0.00  1.00  0.00
  1_3_a_2                 1.00   0.00  0.00  0.00  1.00  0.00  0.00  0.00  0.01  0.00
  1_3_b_3                 1.00   0.00  0.00  0.00  0.00  1.00  0.00  0.00  0.00  0.00
  TWT5                    1.00   0.00  0.00  0.00  1.00  0.00  0.00  0.00  0.00  0.00
  1_4_a                   1.00   0.00  0.00  0.00  0.00  1.00  0.00  0.00  0.00  0.00
  TWT6                    1.00   0.00  0.00  0.00  1.00  0.00  0.00  0.00  0.00  0.00
  1_4_b                   1.00   0.00  1.00  0.00  0.00  0.00  0.00  0.00  0.00  0.00
  TWT7                    1.00   0.00  1.00  0.00  0.00  0.00  0.00  0.00  0.00  0.00
  1_5_a                   1.00   0.00  1.00  0.00  0.00  0.00  0.00  0.00  0.00  0.00
  
  
  *************************
  Conduit Surcharge Summary
  *************************
  
  ----------------------------------------------------------------------------
                                                           Hours        Hours 
                         --------- Hours Full --------   Above Full   Capacity
  Conduit                Both Ends  Upstream  Dnstream   Normal Flow   Limited
  ----------------------------------------------------------------------------
  Brunn_Fassung_L             0.01      0.01     24.00      0.01         0.01
  11                         23.98     23.98     23.98     23.98         0.01
  14                         23.98     23.98     23.99     23.99         0.01
  16                         24.00     24.00     24.00     23.99        23.99
  17                         24.00     24.00     24.00      0.01         0.01
  26                         23.99     23.99     23.99      0.01         0.01
  Gischeren_L                 0.01      0.01     23.83      0.01         0.01
  Schuettstein_L              0.01      0.01     23.98      0.01         0.01
  Brunnmuehle_L              24.00     24.00     24.00      0.01         0.01
  35                         23.86     23.86     23.92      0.01         0.01
  46                         24.00     24.00     24.00     23.98         0.01
  47                         24.00     24.00     24.00     24.00        24.00
  50                         23.98     23.98     23.98      0.01         0.01
  51                         23.97     23.97     24.00      0.01         0.01
  53                         24.00     24.00     24.00     23.98         0.01
  61                         23.98     23.98     23.99      0.01         0.01
  63                          0.01     23.97      0.01      0.01         0.01
  66                         23.92     23.97     23.92     23.96        23.92
  67                         23.99     23.99     24.00      0.01         0.01
  Amont_L                    24.00     24.00     24.00      0.01         0.01
  69                         23.93     23.93     24.00      0.02         0.01
  70                         23.93     23.93     24.00      0.01         0.01
  71                         23.97     23.97     23.99      0.01         0.01
  72                         23.83     23.97     23.83      0.14         0.01
  Sauser_L                    0.01      0.01     24.00      0.01         0.01
  75                          0.01     23.96      0.01     23.83         0.01
  4                           0.01     23.97      0.01     23.86         0.01
  5                           0.01      0.01     24.00      0.01         0.01
  6                           0.01      0.01     24.00      0.01         0.01
  7                          23.99     23.99     24.00      0.01         0.01
  Brunn_Teich_L               0.01      0.01     23.98      0.01         0.01
  9                           0.01      0.01     23.98      0.01         0.01
  12                         23.97     23.97     23.98      0.01         0.01
  15                         23.98     23.98     23.98      0.01         0.01
  18                         23.98     23.98     23.98      0.01         0.01
  19                         23.96     23.96     23.98      0.01         0.01
  21                          0.01      0.01     23.96      0.01         0.01
  23                          0.01     23.92      0.01      0.01         0.01
  25                         23.89     23.89     23.99      0.01         0.01
  31                          0.01      0.01     23.84      0.01         0.01
  33                         23.95     23.95     23.95      0.01         0.01
  13                         23.98     23.98     24.00      0.01         0.01
  22                         23.98     23.98     24.00      0.01         0.01
  24                         23.96     23.96     24.00      0.01         0.01
  30                         23.96     23.96     24.00      0.01         0.01
  34                          0.01      0.01     23.98      0.01         0.01
  38                         23.90     23.90     23.93      0.01         0.01
  48                         23.85     23.85     23.91      0.01         0.01
  54                          0.01      0.01     23.88      0.01         0.01
  1_3_a_2                     0.01      0.01     23.91      0.01         0.01
  1_3_b_3                     0.01      0.01     23.99     23.99         0.01
  

  Analysis begun on:  Fri Aug 14 14:35:03 2026
  Analysis ended on:  Fri Aug 14 14:35:07 2026
  Total elapsed time: 00:00:04