
  EPA STORM WATER MANAGEMENT MODEL - VERSION 5.2 (Build 5.2.4)
  ------------------------------------------------------------

  Brunnmuehle (Twann) 
  WARNING 08: elevation drop exceeds length for Conduit SS3_L
  WARNING 08: elevation drop exceeds length for Conduit SS6_L
  WARNING 08: elevation drop exceeds length for Conduit 2
  WARNING 08: elevation drop exceeds length for Conduit 3
  WARNING 08: elevation drop exceeds length for Conduit 68
  WARNING 08: elevation drop exceeds length for Conduit 1_2_b_
  WARNING 08: elevation drop exceeds length for Conduit 1_2_b_2
  WARNING 08: elevation drop exceeds length for Conduit 1_4_b
  WARNING 08: elevation drop exceeds length for Conduit 1_5_a
  WARNING 04: minimum elevation drop used for Conduit 1_7_a
  WARNING 08: elevation drop exceeds length for Conduit 1_7_a_
  WARNING 08: elevation drop exceeds length for Conduit 1_7_a__
  WARNING 02: maximum depth increased for Node 2
  
  ****************
  Analysis Options
  ****************
  Flow Units ............... CMS
  Process Models:
    Rainfall/Runoff ........ NO
    RDII ................... NO
    Snowmelt ............... NO
    Groundwater ............ NO
    Flow Routing ........... YES
    Ponding Allowed ........ NO
    Water Quality .......... NO
  Flow Routing Method ...... DYNWAVE
  Surcharge Method ......... EXTRAN
  Starting Date ............ 01/01/2000 00:00:00
  Ending Date .............. 01/02/2000 00:00:00
  Antecedent Dry Days ...... 0.0
  Report Time Step ......... 01:00:00
  Routing Time Step ........ 0.50 sec
  Variable Time Step ....... YES
  Maximum Trials ........... 8
  Number of Threads ........ 1
  Head Tolerance ........... 0.001500 m
  
  
  **************************        Volume        Volume
  Flow Routing Continuity        hectare-m      10^6 ltr
  **************************     ---------     ---------
  Dry Weather Inflow .......         0.000         0.000
  Wet Weather Inflow .......         0.000         0.000
  Groundwater Inflow .......         0.000         0.000
  RDII Inflow ..............         0.000         0.000
  External Inflow ..........       133.343      1333.445
  External Outflow .........       126.716      1267.178
  Flooding Loss ............         0.000         0.000
  Evaporation Loss .........         0.000         0.000
  Exfiltration Loss ........         0.000         0.000
  Initial Stored Volume ....         0.057         0.571
  Final Stored Volume ......         0.434         4.342
  Continuity Error (%) .....         4.685
  
  
  *************************
  Highest Continuity Errors
  *************************
  Node 2 (-1740.45%)
  Node Syst_Est_interm (100.00%)
  Node 8 (34.91%)
  Node TWT_Intersection_Sonsto_60+345 (16.28%)
  Node TWT_Chrosweg_61+140 (11.26%)
  
  
  ***************************
  Time-Step Critical Elements
  ***************************
  Link 1_7_a_ (13387.66%)
  Link 20 (15.84%)
  Link 1_2_b_1 (2.64%)
  
  
  ********************************
  Highest Flow Instability Indexes
  ********************************
  All links are stable.
  
  
  *********************************
  Most Frequent Nonconverging Nodes
  *********************************
  Node Brunnm_Fassung (32.22%)
  Node Brunnmuehle(Teich) (32.22%)
  Node Fensterstollen (32.22%)
  Node Gischeren (32.22%)
  Node Schuettstein (32.22%)
  
  
  *************************
  Routing Time Step Summary
  *************************
  Minimum Time Step           :     0.50 sec
  Average Time Step           :     0.50 sec
  Maximum Time Step           :     0.50 sec
  % of Time in Steady State   :    99.25
  Average Iterations per Step :     6.59
  % of Steps Not Converging   :    32.22
  Time Step Frequencies       :
      0.500 -  0.500 sec      :   100.00 %
      0.500 -  0.500 sec      :     0.00 %
      0.500 -  0.500 sec      :     0.00 %
      0.500 -  0.500 sec      :     0.00 %
      0.500 -  0.500 sec      :     0.00 %
  
  
  ******************
  Node Depth Summary
  ******************
  
  ---------------------------------------------------------------------------------
                                 Average  Maximum  Maximum  Time of Max    Reported
                                   Depth    Depth      HGL   Occurrence   Max Depth
  Node                 Type       Meters   Meters   Meters  days hr:min      Meters
  ---------------------------------------------------------------------------------
  9                    JUNCTION    43.52    45.56   484.06     0  00:00       43.55
  Holiloch_sonde       JUNCTION    40.36    44.63   484.63     0  00:00       40.39
  11                   JUNCTION    48.31    49.71   459.71     0  00:04       48.33
  13                   JUNCTION    52.17    52.79   490.79     0  00:03       52.20
  21                   JUNCTION    41.09    41.82   441.82     0  00:04       41.10
  SonSto_F             JUNCTION     0.14     0.14   437.94     0  00:10        0.14
  Sondierstollen       JUNCTION     0.00     0.00   440.80     0  00:00        0.00
  Aval_Trappe          JUNCTION     0.37     0.37   437.97     0  00:10        0.37
  30                   JUNCTION     0.54     0.54   437.84     0  00:10        0.54
  Gischeren_node       JUNCTION     1.92     1.94   478.44     0  00:10        1.94
  34                   JUNCTION    19.63    20.23   440.23     0  00:04       19.64
  38                   JUNCTION    24.31    25.30   445.30     0  00:04       24.32
  SS6                  JUNCTION     0.07     0.07   448.07     0  00:02        0.07
  40                   JUNCTION    20.89    21.38   440.38     0  00:03       20.89
  41                   JUNCTION    52.48    53.08   490.58     0  00:03       52.50
  SondeSchuettstein    JUNCTION    21.35    23.95   482.95     0  00:01       21.36
  SS4                  JUNCTION     0.07     0.07   448.07     0  00:10        0.07
  47                   JUNCTION    13.90    13.94   478.84     0  00:03       13.92
  48                   JUNCTION     9.11    11.45   482.45     0  00:01        9.12
  SondeGischeren       JUNCTION    13.39    13.44   478.44     0  00:10       13.44
  49                   JUNCTION    13.19    14.75   480.75     0  00:02       13.21
  50                   JUNCTION     7.32     7.36   470.36     0  00:10        7.36
  51                   JUNCTION    70.50    71.12   491.12     0  00:03       70.53
  Amont_C              JUNCTION    73.78    87.54   505.54     0  00:00       73.81
  52                   JUNCTION     8.79    18.58   475.58     0  00:04        8.82
  53                   JUNCTION    20.11    21.46   488.46     0  00:10       20.18
  54                   JUNCTION    21.96    23.45   486.45     0  00:10       22.11
  56                   JUNCTION     6.18     6.24   436.24     0  00:03        6.19
  2                    JUNCTION     0.11     0.20   438.20     0  00:09        0.11
  4                    JUNCTION     8.80     9.46   437.46     0  00:00        8.81
  5                    JUNCTION     5.96     6.00   478.50     0  00:03        5.97
  6                    JUNCTION    21.41    21.53   479.53     0  00:01       21.43
  7                    JUNCTION     3.45     3.48   478.48     0  00:03        3.45
  SS3                  JUNCTION     0.08     0.08   448.08     0  00:10        0.08
  SS5                  JUNCTION     0.59     0.59   439.49     0  00:10        0.59
  8                    JUNCTION     4.46     4.48   478.48     0  00:10        4.48
  10                   JUNCTION    11.18    12.79   480.79     0  00:02       11.20
  SonSto_SS5           JUNCTION     0.12     0.12   439.42     0  00:10        0.12
  SonSto_SS3           JUNCTION     0.11     0.11   439.81     0  00:10        0.11
  SonSto_SS4           JUNCTION     0.08     0.08   439.48     0  00:10        0.08
  Amont_Trappe         JUNCTION     0.27     0.27   437.97     0  00:10        0.27
  SonSto_SS6           JUNCTION     0.12     0.13   438.83     0  00:08        0.12
  SS2                  JUNCTION     0.00     0.00   448.00     0  00:00        0.00
  SonSto_SS2           JUNCTION     0.00     0.00   441.50     0  00:00        0.00
  12                   JUNCTION    17.88    18.28   467.28     0  00:03       17.90
  14                   JUNCTION     7.29     9.01   474.01     0  00:03        7.30
  15                   JUNCTION     0.35     0.36   472.36     0  00:03        0.35
  TWT_PointHaut_60+749 JUNCTION     0.09     0.09   438.59     0  00:09        0.09
  TWT_Fensterstollen_60+375 JUNCTION     0.81     0.82   438.12     0  00:10        0.82
  TWT_Acces_LT_60+110  JUNCTION     0.68     0.70   438.20     0  00:09        0.69
  TWT_Liaison_LT_59+738 JUNCTION     0.00     0.00   446.50     0  00:00        0.00
  Syst_Est_amont       JUNCTION     0.50     0.52   430.52     0  00:03        0.50
  Syst_Est_interm      JUNCTION     1.54     1.55   411.55     0  00:10        1.55
  TWT_Branche_Est_Sonsto_60+540 JUNCTION     0.30     0.30   438.70     0  00:03        0.30
  TWT_Intersection_Sonsto_60+345 JUNCTION     1.12     1.16   438.16     0  00:08        1.12
  TWT_Chrosweg_61+140  JUNCTION     0.08     0.08   432.08     0  00:10        0.08
  SonSto_F_sup         JUNCTION     0.04     0.04   448.04     0  00:03        0.04
  SonSto_porte         JUNCTION     0.00     0.00   438.50     0  00:00        0.00
  CentraleVentilation_1C JUNCTION     0.00     0.00   454.00     0  00:00        0.00
  Brunnm_Fassung       OUTFALL      0.10     0.10   433.90     0  00:04        0.10
  Brunnmuehle(Teich)   OUTFALL      0.23     0.24   435.74     0  00:04        0.23
  Fensterstollen       OUTFALL      0.51     0.51   437.51     0  00:10        0.51
  Gischeren            OUTFALL      0.00     0.00   480.00     0  00:00        0.00
  Schuettstein         OUTFALL      0.22     0.23   477.78     0  00:01        0.22
  Holiloch             OUTFALL      1.59     1.62   478.12     0  00:03        1.59
  Sauserquelle         OUTFALL      0.25     0.26   435.81     0  00:03        0.26
  Entw_Stollen         OUTFALL      0.11     0.17   436.67     0  00:08        0.11
  Sous_lacustre        OUTFALL      0.11     0.11   429.31     0  00:04        0.11
  Sous_ecoul.          OUTFALL      0.00     0.00   433.00     0  00:04        0.00
  Syst_Est_aval        OUTFALL      0.00     0.00   429.00     0  00:00        0.00
  TWT_Portail_Est_61+665 OUTFALL      0.06     0.06   421.66     0  00:10        0.06
  
  
  *******************
  Node Inflow Summary
  *******************
  
  -------------------------------------------------------------------------------------------------
                                  Maximum  Maximum                  Lateral       Total        Flow
                                  Lateral    Total  Time of Max      Inflow      Inflow     Balance
                                   Inflow   Inflow   Occurrence      Volume      Volume       Error
  Node                 Type           CMS      CMS  days hr:min    10^6 ltr    10^6 ltr     Percent
  -------------------------------------------------------------------------------------------------
  9                    JUNCTION         0     12.6     0  00:00           0         635       0.043
  Holiloch_sonde       JUNCTION         0     11.9     0  00:00           0         596       0.042
  11                   JUNCTION         0    0.258     0  00:01           0          22       0.016
  13                   JUNCTION         0       15     0  00:00           0    1.04e+03       0.098
  21                   JUNCTION         0    0.445     0  00:04           0        37.8       0.030
  SonSto_F             JUNCTION         0    0.625     0  00:10           0        53.7       1.051
  Sondierstollen       JUNCTION         0        0     0  00:00           0           0       0.000 ltr
  Aval_Trappe          JUNCTION         0     1.86     0  00:10           0         160      -0.015
  30                   JUNCTION         0     6.52     0  00:10           0         561       2.023
  Gischeren_node       JUNCTION         0    0.274     0  00:08           0        13.913891912.675 ltr
  34                   JUNCTION         0    0.409     0  00:04           0        34.7       0.029
  38                   JUNCTION         0    0.246     0  00:01           0          20       0.027
  SS6                  JUNCTION         0    0.157     0  00:02           0          13       0.044
  40                   JUNCTION         0     2.25     0  00:03           0         193       0.017
  41                   JUNCTION         0     1.57     0  00:00           0        39.6       0.273
  SondeSchuettstein    JUNCTION         0    0.664     0  00:00           0        39.5       0.131
  SS4                  JUNCTION         0    0.123     0  00:10           0        10.6      10.082
  47                   JUNCTION         0     9.02     0  00:01           0         582       0.002
  48                   JUNCTION         0    0.562     0  00:01           0        39.4       0.219
  SondeGischeren       JUNCTION         0     0.31     0  00:08           0        16.2       0.373
  49                   JUNCTION         0    0.977     0  00:02           0        13.5       1.857
  50                   JUNCTION         0     0.18     0  00:05           0        13.1       0.027
  51                   JUNCTION         0     28.4     0  00:00           0    1.27e+03       0.068
  Amont_C              JUNCTION      14.7     39.7     0  00:00    1.27e+03    1.27e+03       0.038
  52                   JUNCTION         0    0.258     0  00:04           0        17.8       0.141
  53                   JUNCTION         0     0.38     0  00:01           0        12.9      -0.983
  54                   JUNCTION         0    0.312     0  00:10           0        13.1       0.237
  56                   JUNCTION         0     0.57     0  00:03           0        48.4       0.013
  2                    JUNCTION         0    0.206     0  00:08           0        4.44     -94.567
  4                    JUNCTION         0    0.376     0  00:04           0        31.8       0.039
  5                    JUNCTION         0     7.72     0  00:01           0         582      -0.038
  6                    JUNCTION         0     9.87     0  00:00           0         596       0.044
  7                    JUNCTION         0     7.09     0  00:02           0         582       1.200
  SS3                  JUNCTION         0    0.152     0  00:10           0        13.1       0.040
  SS5                  JUNCTION         0    0.265     0  00:10           0        22.8       2.708
  8                    JUNCTION         0    0.511     0  00:07           0        41.6      53.633
  10                   JUNCTION         0    0.767     0  00:02           0        13.3       2.527
  SonSto_SS5           JUNCTION         0    0.284     0  00:10           0        24.4       0.478
  SonSto_SS3           JUNCTION         0    0.152     0  00:10           0        13.1       0.148
  SonSto_SS4           JUNCTION         0    0.264     0  00:10           0        22.7       6.482
  Amont_Trappe         JUNCTION         0     0.61     0  00:09           0        50.1      -0.467
  SonSto_SS6           JUNCTION         0    0.432     0  00:10           0        37.3       0.082
  SS2                  JUNCTION         0        0     0  00:00           0           0       0.000 ltr
  SonSto_SS2           JUNCTION         0        0     0  00:00           0           0       0.000 ltr
  12                   JUNCTION         0    0.366     0  00:00           0        26.9       0.043
  14                   JUNCTION         0     1.97     0  00:02           0         156       0.061
  15                   JUNCTION         0    0.457     0  00:03           0        39.1       0.900
  TWT_PointHaut_60+749 JUNCTION         0    0.192     0  00:05           0        16.2      -1.451
  TWT_Fensterstollen_60+375 JUNCTION         0     7.05     0  00:08           0         495      -2.603
  TWT_Acces_LT_60+110  JUNCTION         0     2.61     0  00:10           0         191       3.562
  TWT_Liaison_LT_59+738 JUNCTION         0        0     0  00:00           0           0       0.000 ltr
  Syst_Est_amont       JUNCTION     0.735    0.735     0  00:00        63.5        63.5       0.077
  Syst_Est_interm      JUNCTION         0    0.781     0  00:04           0        63.463447956.108 ltr
  TWT_Branche_Est_Sonsto_60+540 JUNCTION         0     1.86     0  00:03           0         159       0.468
  TWT_Intersection_Sonsto_60+345 JUNCTION         0     3.63     0  00:07           0         185      19.444
  TWT_Chrosweg_61+140  JUNCTION         0     0.19     0  00:10           0        16.4      12.692
  SonSto_F_sup         JUNCTION         0    0.456     0  00:03           0        38.8       0.021
  SonSto_porte         JUNCTION         0        0     0  00:00           0           0       0.000 ltr
  CentraleVentilation_1C JUNCTION         0        0     0  00:00           0           0       0.000 ltr
  Brunnm_Fassung       OUTFALL          0   0.0343     0  00:04           0        2.86       0.000
  Brunnmuehle(Teich)   OUTFALL          0    0.371     0  00:04           0        31.3       0.000
  Fensterstollen       OUTFALL          0     6.39     0  00:10           0         549       0.000
  Gischeren            OUTFALL          0        0     0  00:00           0           0       0.000 ltr
  Schuettstein         OUTFALL          0    0.503     0  00:01           0        39.3       0.000
  Holiloch             OUTFALL          0     6.92     0  00:03           0         575       0.000
  Sauserquelle         OUTFALL          0    0.571     0  00:03           0        48.4       0.000
  Entw_Stollen         OUTFALL          0   0.0463     0  00:08           0        2.45       0.000
  Sous_lacustre        OUTFALL          0   0.0372     0  00:04           0        3.14       0.000
  Sous_ecoul.          OUTFALL          0  0.00615     0  00:04           0       0.514       0.000
  Syst_Est_aval        OUTFALL          0        0     0  00:00           0           0       0.000 ltr
  TWT_Portail_Est_61+665 OUTFALL          0    0.169     0  00:10           0        14.5       0.000
  
  
  **********************
  Node Surcharge Summary
  **********************
  
  Surcharging occurs when water rises above the top of the highest conduit.
  ---------------------------------------------------------------------
                                               Max. Height   Min. Depth
                                   Hours       Above Crown    Below Rim
  Node                 Type      Surcharged         Meters       Meters
  ---------------------------------------------------------------------
  9                    JUNCTION       23.99         43.762       54.438
  Holiloch_sonde       JUNCTION       23.99         42.731      155.369
  11                   JUNCTION       24.00         49.254      100.286
  13                   JUNCTION       23.99         49.789      347.211
  21                   JUNCTION       24.00         41.224      108.176
  34                   JUNCTION       24.00         19.634       79.766
  38                   JUNCTION       24.00         24.699      124.701
  40                   JUNCTION       24.00         17.377       78.623
  41                   JUNCTION       23.99         52.234      196.916
  SondeSchuettstein    JUNCTION       23.98         23.147        0.000
  47                   JUNCTION       23.98         12.042       86.058
  48                   JUNCTION       23.98         10.650       88.550
  SondeGischeren       JUNCTION       23.92         12.239       86.561
  49                   JUNCTION       23.96          6.748      185.252
  50                   JUNCTION       23.91          7.057      192.643
  51                   JUNCTION       24.00         67.117      328.883
  Amont_C              JUNCTION       24.00         84.541      312.459
  52                   JUNCTION       23.92         18.179       81.421
  53                   JUNCTION       23.97         16.457      178.543
  54                   JUNCTION       23.82         18.451      176.549
  56                   JUNCTION       23.99          5.242       93.758
  4                    JUNCTION       23.99          8.814       90.536
  5                    JUNCTION       23.96          0.996       44.004
  6                    JUNCTION       23.98         16.525      178.475
  10                   JUNCTION       23.96          4.789      187.211
  12                   JUNCTION       23.98         17.931      181.719
  14                   JUNCTION       23.95          5.007      190.993
  Syst_Est_interm      JUNCTION       23.82          0.046       98.454
  
  
  *********************
  Node Flooding Summary
  *********************
  
  No nodes were flooded.
  
  
  ***********************
  Outfall Loading Summary
  ***********************
  
  -----------------------------------------------------------
                         Flow       Avg       Max       Total
                         Freq      Flow      Flow      Volume
  Outfall Node           Pcnt       CMS       CMS    10^6 ltr
  -----------------------------------------------------------
  Brunnm_Fassung        99.94    0.0331    0.0343       2.860
  Brunnmuehle(Teich)    99.94     0.362     0.371      31.271
  Fensterstollen        99.97      6.36      6.39     549.424
  Gischeren              0.00         0         0       0.000
  Schuettstein          99.92     0.456     0.503      39.330
  Holiloch              99.87      6.67      6.92     575.238
  Sauserquelle          99.96      0.56     0.571      48.395
  Entw_Stollen          99.93    0.0284    0.0463       2.452
  Sous_lacustre         99.98    0.0364    0.0372       3.142
  Sous_ecoul.           99.94   0.00595   0.00615       0.514
  Syst_Est_aval          0.00         0         0       0.000
  TWT_Portail_Est_61+665  99.89     0.169     0.169      14.546
  -----------------------------------------------------------
  System                83.28      14.7      14.7    1267.172
  
  
  ********************
  Link Flow Summary
  ********************
  
  -----------------------------------------------------------------------------
                                 Maximum  Time of Max   Maximum    Max/    Max/
                                  |Flow|   Occurrence   |Veloc|    Full    Full
  Link                 Type          CMS  days hr:min     m/sec    Flow   Depth
  -----------------------------------------------------------------------------
  Brunn_Fassung_L      CONDUIT    0.0343     0  00:04      1.46    0.57    0.77
  11                   CONDUIT      11.9     0  00:00      6.62    1.77    1.00
  14                   CONDUIT      12.6     0  00:00      9.22    6.84    1.00
  16                   CONDUIT     0.258     0  00:01      3.01    1.80    1.00
  17                   CONDUIT     0.246     0  00:01      0.87    0.42    1.00
  26                   CONDUIT      1.57     0  00:00      2.78    2.13    1.00
  27                   CONDUIT    0.0378     0  00:07      1.24    0.49    0.81
  Gischeren_L          CONDUIT         0     0  00:00      0.00    0.00    0.50
  Schuettstein_L       CONDUIT     0.503     0  00:01      3.27    0.43    0.73
  Brunnmuehle_L        CONDUIT     0.409     0  00:04      1.45    0.19    1.00
  32                   CONDUIT         0     0  00:00      0.00    0.00    0.00
  35                   CONDUIT     0.162     0  00:08      0.23    0.03    1.00
  45                   CONDUIT     0.435     0  00:10      5.23    0.00    0.04
  46                   CONDUIT      0.57     0  00:03      2.02    0.57    1.00
  47                   CONDUIT     0.115     0  00:03      3.02    7.15    1.00
  50                   CONDUIT     0.562     0  00:01      1.74    0.11    1.00
  51                   CONDUIT    0.0492     0  00:03      0.59    0.14    1.00
  53                   CONDUIT     0.246     0  00:01      1.48    1.25    1.00
  Fenster_L            CONDUIT      6.39     0  00:10      7.97    0.06    0.17
  58                   CONDUIT      1.86     0  00:10      4.01    0.02    0.15
  59                   CONDUIT     0.282     0  00:10      2.92    0.00    0.04
  61                   CONDUIT     0.664     0  00:00      3.42    0.93    1.00
  63                   CONDUIT     0.157     0  00:02      2.17    0.71    0.52
  66                   CONDUIT      0.18     0  00:05      2.66    2.37    1.00
  67                   CONDUIT      14.6     0  00:00      3.99    0.14    1.00
  Amont_L              CONDUIT      28.4     0  00:00      4.02    1.54    1.00
  69                   CONDUIT     0.258     0  00:04      2.19    1.01    1.00
  70                   CONDUIT     0.207     0  00:04      1.64    0.64    1.00
  71                   CONDUIT      0.38     0  00:01      1.67    0.67    1.00
  72                   CONDUIT     0.312     0  00:10      1.55    1.48    1.00
  Sauser_L             CONDUIT     0.571     0  00:03      1.10    0.15    0.63
  75                   CONDUIT     0.123     0  00:10      3.72    1.25    0.65
  Entw_Sto_L           CONDUIT    0.0463     0  00:08      1.94    1.07    0.98
  4                    CONDUIT    0.0284     0  00:10      1.29    1.27    1.00
  5                    CONDUIT    0.0251     0  00:08      1.06    0.89    1.00
  6                    CONDUIT    0.0372     0  00:04      1.44    0.56    0.77
  7                    CONDUIT     0.376     0  00:04      1.92    0.58    1.00
  Brunn_Teich_L        CONDUIT     0.371     0  00:04      1.54    0.28    0.68
  9                    CONDUIT   0.00615     0  00:04      1.55    0.00    0.50
  12                   CONDUIT      7.72     0  00:01      4.45    0.16    1.00
  15                   CONDUIT      9.87     0  00:00      4.90    0.26    1.00
  18                   CONDUIT      9.02     0  00:01      4.55    0.36    1.00
  19                   CONDUIT     0.977     0  00:02      1.27    0.93    1.00
  20                   CONDUIT     0.628     0  00:09      4.57    0.05    0.32
  21                   CONDUIT      7.09     0  00:02      0.83    0.05    0.85
  Hooliloch_L          CONDUIT      6.92     0  00:03      1.33    0.14    0.64
  23                   CONDUIT     0.152     0  00:10      3.27    0.95    0.63
  25                   CONDUIT     0.511     0  00:07      1.86    0.42    1.00
  28                   CONDUIT     0.152     0  00:10      2.40    0.00    0.03
  29                   CONDUIT    0.0256     0  00:10      0.66    0.00    0.03
  31                   CONDUIT     0.127     0  00:10      0.47    0.08    0.64
  33                   CONDUIT     0.767     0  00:02      0.81    0.29    1.00
  37                   CONDUIT     0.258     0  00:10      0.54    0.01    0.12
  SS3_L                CONDUIT     0.152     0  00:10      3.05    0.00    0.05
  40                   CONDUIT      0.61     0  00:09      2.06    0.00    0.05
  SS6_L                CONDUIT     0.157     0  00:02      4.02    0.00    0.05
  1                    CONDUIT         0     0  00:00      0.00    0.00    0.02
  2                    CONDUIT         0     0  00:00      0.00    0.00    0.00
  3                    CONDUIT     0.112     0  00:10      4.33    0.01    0.08
  10                   CONDUIT     0.222     0  00:10      0.51    0.00    0.11
  13                   CONDUIT     0.366     0  00:00      4.32    0.79    1.00
  22                   CONDUIT     0.313     0  00:03      3.26    0.78    1.00
  24                   CONDUIT      1.97     0  00:02      2.81    0.00    1.00
  30                   CONDUIT      1.82     0  00:03      2.53    0.76    1.00
  34                   CONDUIT     0.457     0  00:03      2.20    0.51    0.82
  36                   CONDUIT     0.456     0  00:03      5.90    0.49    0.36
  38                   CONDUIT      0.31     0  00:08      2.61    0.12    1.00
  48                   CONDUIT     0.781     0  00:04      2.40    0.52    0.75
  54                   CONDUIT         0     0  00:00      0.00    0.00    0.50
  68                   CONDUIT     0.193     0  00:03      7.87    0.00    0.03
  73                   CONDUIT         0     0  00:00      0.00    0.00    0.05
  TWT1                 CONDUIT     0.169     0  00:10      2.33    0.00    0.01
  TWT2                 CONDUIT      0.19     0  00:10      2.05    0.00    0.01
  TWT3                 CONDUIT     0.192     0  00:05      0.64    0.00    0.02
  TWT4                 CONDUIT      1.73     0  00:03      2.05    0.00    0.07
  1_2_b_               CONDUIT         0     0  00:00      0.00    0.00    0.05
  1_2_b_1              CONDUIT      2.25     0  00:04     13.32    8.66    1.00
  1_2_b_2              CONDUIT    0.0459     0  00:03      0.58    0.01    0.54
  TWT5                 CONDUIT      3.63     0  00:07      3.32    0.00    0.12
  1_4_a                CONDUIT      1.28     0  00:10      1.30    0.02    0.20
  TWT6                 CONDUIT      2.15     0  00:10      0.74    0.01    0.11
  1_4_b                CONDUIT         0     0  00:00      0.00    0.00    0.19
  TWT7                 CONDUIT         0     0  00:00      0.00    0.00    0.04
  1_5_a                CONDUIT         0     0  00:00      0.00    0.00    0.05
  1_6_a_2              CONDUIT       1.3     0  00:06      8.08   10.25    1.00
  1_7_a                CONDUIT      4.62     0  00:10      2.99    1.05    0.14
  1_7_a_               CONDUIT     0.217     0  00:03      4.14    0.01    0.35
  1_7_a__              CONDUIT      1.64     0  00:03      9.81    0.24    0.80
  1_8_a                CONDUIT      1.32     0  00:10      1.64    0.00    0.09
  CV_1C_to_38          CONDUIT         0     0  00:00      0.00    0.00    0.50
  
  
  ***************************
  Flow Classification Summary
  ***************************
  
  -------------------------------------------------------------------------------------
                      Adjusted    ---------- Fraction of Time in Flow Class ---------- 
                       /Actual         Up    Down  Sub   Sup   Up    Down  Norm  Inlet 
  Conduit               Length    Dry  Dry   Dry   Crit  Crit  Crit  Crit  Ltd   Ctrl  
  -------------------------------------------------------------------------------------
  Brunn_Fassung_L         1.00   0.00  0.00  0.00  0.00  1.00  0.00  0.00  0.00  0.00
  11                      1.00   0.00  0.00  0.00  1.00  0.00  0.00  0.00  0.00  0.00
  14                      1.00   0.00  0.00  0.00  1.00  0.00  0.00  0.00  0.00  0.00
  16                      1.00   0.00  0.00  0.00  1.00  0.00  0.00  0.00  0.00  0.00
  17                      1.00   0.00  0.00  0.00  1.00  0.00  0.00  0.00  0.00  0.00
  26                      1.00   0.00  0.00  0.00  1.00  0.00  0.00  0.00  0.00  0.00
  27                      1.00   0.00  0.00  0.00  1.00  0.00  0.00  0.00  0.00  0.00
  Gischeren_L             1.00   0.00  1.00  0.00  0.00  0.00  0.00  0.00  0.00  0.00
  Schuettstein_L          1.00   0.00  0.00  0.00  0.00  1.00  0.00  0.00  0.00  0.00
  Brunnmuehle_L           1.00   0.00  0.00  0.00  1.00  0.00  0.00  0.00  0.00  0.00
  32                      1.00   1.00  0.00  0.00  0.00  0.00  0.00  0.00  0.00  0.00
  35                      1.00   0.00  0.00  0.00  1.00  0.00  0.00  0.00  0.00  0.00
  45                      1.00   0.00  0.00  0.00  0.00  1.00  0.00  0.00  0.99  0.00
  46                      1.00   0.00  0.00  0.00  1.00  0.00  0.00  0.00  0.00  0.00
  47                      1.00   0.00  0.00  0.00  1.00  0.00  0.00  0.00  0.00  0.00
  50                      1.00   0.00  0.00  0.00  1.00  0.00  0.00  0.00  0.00  0.00
  51                      1.00   0.00  0.00  0.00  1.00  0.00  0.00  0.00  0.00  0.00
  53                      1.00   0.00  0.00  0.00  1.00  0.00  0.00  0.00  0.00  0.00
  Fenster_L               1.00   0.00  0.00  0.00  0.00  1.00  0.00  0.00  0.00  0.00
  58                      1.00   0.00  0.00  0.00  0.00  1.00  0.00  0.00  0.00  0.00
  59                      1.00   0.00  0.00  0.00  0.00  1.00  0.00  0.00  0.01  0.00
  61                      1.00   0.00  0.00  0.00  1.00  0.00  0.00  0.00  0.00  0.00
  63                      1.00   0.00  0.00  0.00  1.00  0.00  0.00  0.00  0.00  0.00
  66                      1.00   0.00  0.00  0.00  1.00  0.00  0.00  0.00  0.00  0.00
  67                      1.00   0.00  0.00  0.00  1.00  0.00  0.00  0.00  0.00  0.00
  Amont_L                 1.00   0.00  0.00  0.00  1.00  0.00  0.00  0.00  0.00  0.00
  69                      1.00   0.00  0.00  0.00  1.00  0.00  0.00  0.00  0.00  0.00
  70                      1.00   0.00  0.00  0.00  1.00  0.00  0.00  0.00  0.00  0.00
  71                      1.00   0.00  0.00  0.00  1.00  0.00  0.00  0.00  0.00  0.00
  72                      1.00   0.00  0.00  0.00  1.00  0.00  0.00  0.00  0.00  0.00
  Sauser_L                1.00   0.00  0.00  0.00  1.00  0.00  0.00  0.00  0.00  0.00
  75                      1.00   0.00  0.00  0.00  0.00  1.00  0.00  0.00  0.00  0.00
  Entw_Sto_L              1.00   0.00  0.00  0.00  0.00  1.00  0.00  0.00  1.00  0.00
  4                       1.00   0.00  0.00  0.00  1.00  0.00  0.00  0.00  0.00  0.00
  5                       1.00   0.00  0.00  0.00  1.00  0.00  0.00  0.00  0.00  0.00
  6                       1.00   0.00  0.00  0.00  0.00  1.00  0.00  0.00  0.00  0.00
  7                       1.00   0.00  0.00  0.00  1.00  0.00  0.00  0.00  0.00  0.00
  Brunn_Teich_L           1.00   0.00  0.00  0.00  1.00  0.00  0.00  0.00  0.00  0.00
  9                       1.00   0.00  0.00  0.00  0.00  1.00  0.00  0.00  0.00  0.00
  12                      1.00   0.00  0.00  0.00  1.00  0.00  0.00  0.00  0.00  0.00
  15                      1.00   0.00  0.00  0.00  1.00  0.00  0.00  0.00  0.00  0.00
  18                      1.00   0.00  0.00  0.00  1.00  0.00  0.00  0.00  0.00  0.00
  19                      1.00   0.00  0.00  0.00  1.00  0.00  0.00  0.00  0.00  0.00
  20                      1.00   0.00  0.00  0.00  0.00  1.00  0.00  0.00  0.00  0.00
  21                      1.00   0.00  0.00  0.00  1.00  0.00  0.00  0.00  0.00  0.00
  Hooliloch_L             1.00   0.00  0.00  0.00  1.00  0.00  0.00  0.00  0.00  0.00
  23                      1.00   0.00  0.00  0.00  0.00  1.00  0.00  0.00  0.00  0.00
  25                      1.00   0.00  0.00  0.00  1.00  0.00  0.00  0.00  0.00  0.00
  28                      1.00   0.00  0.00  0.00  0.00  1.00  0.00  0.00  0.00  0.00
  29                      1.00   0.00  0.00  0.00  1.00  0.00  0.00  0.00  1.00  0.00
  31                      1.00   0.00  0.00  0.00  1.00  0.00  0.00  0.00  0.00  0.00
  33                      1.00   0.00  0.00  0.00  1.00  0.00  0.00  0.00  0.00  0.00
  37                      1.00   0.00  0.00  0.00  1.00  0.00  0.00  0.00  0.00  0.00
  SS3_L                   1.00   0.00  0.00  0.00  0.00  1.00  0.00  0.00  1.00  0.00
  40                      1.00   0.00  0.00  0.00  1.00  0.00  0.00  0.00  0.00  0.00
  SS6_L                   1.00   0.00  0.00  0.00  0.00  1.00  0.00  0.00  1.00  0.00
  1                       1.00   0.00  1.00  0.00  0.00  0.00  0.00  0.00  0.00  0.00
  2                       1.00   1.00  0.00  0.00  0.00  0.00  0.00  0.00  0.00  0.00
  3                       1.00   0.00  0.00  0.00  0.00  1.00  0.00  0.00  1.00  0.00
  10                      1.00   0.00  0.00  0.00  1.00  0.00  0.00  0.00  1.00  0.00
  13                      1.00   0.00  0.00  0.00  1.00  0.00  0.00  0.00  0.00  0.00
  22                      1.00   0.00  0.00  0.00  1.00  0.00  0.00  0.00  0.00  0.00
  24                      1.00   0.00  0.00  0.00  1.00  0.00  0.00  0.00  0.00  0.00
  30                      1.00   0.00  0.00  0.00  1.00  0.00  0.00  0.00  0.00  0.00
  34                      1.00   0.00  0.00  0.00  1.00  0.00  0.00  0.00  0.00  0.00
  36                      1.00   0.00  0.00  0.00  0.00  1.00  0.00  0.00  0.00  0.00
  38                      1.00   0.00  0.00  0.00  1.00  0.00  0.00  0.00  0.00  0.00
  48                      1.00   0.00  0.00  0.00  1.00  0.00  0.00  0.00  1.00  0.00
  54                      1.00   0.00  1.00  0.00  0.00  0.00  0.00  0.00  0.00  0.00
  68                      1.00   0.00  0.00  0.00  0.00  1.00  0.00  0.00  1.00  0.00
  73                      1.00   0.00  1.00  0.00  0.00  0.00  0.00  0.00  0.00  0.00
  TWT1                    1.00   0.00  0.00  0.00  0.00  1.00  0.00  0.00  0.00  0.00
  TWT2                    1.00   0.00  0.00  0.00  0.00  1.00  0.00  0.00  0.00  0.00
  TWT3                    1.00   0.00  0.00  0.00  1.00  0.00  0.00  0.00  0.00  0.00
  TWT4                    1.00   0.00  0.00  0.00  1.00  0.00  0.00  0.00  1.00  0.00
  1_2_b_                  1.00   0.00  1.00  0.00  0.00  0.00  0.00  0.00  0.00  0.00
  1_2_b_1                 1.00   0.00  0.00  0.00  1.00  0.00  0.00  0.00  0.00  0.00
  1_2_b_2                 1.00   0.00  0.00  0.00  1.00  0.00  0.00  0.00  1.00  0.00
  TWT5                    1.00   0.00  0.00  0.00  1.00  0.00  0.00  0.00  0.00  0.00
  1_4_a                   1.00   0.00  0.00  0.00  1.00  0.00  0.00  0.00  0.00  0.00
  TWT6                    1.00   0.00  0.00  0.00  1.00  0.00  0.00  0.00  0.00  0.00
  1_4_b                   1.00   0.00  1.00  0.00  0.00  0.00  0.00  0.00  0.00  0.00
  TWT7                    1.00   0.00  1.00  0.00  0.00  0.00  0.00  0.00  0.00  0.00
  1_5_a                   1.00   0.00  1.00  0.00  0.00  0.00  0.00  0.00  0.00  0.00
  1_6_a_2                 1.00   0.00  0.00  0.00  1.00  0.00  0.00  0.00  0.00  0.00
  1_7_a                   1.00   0.00  0.00  0.00  0.00  1.00  0.00  0.00  0.00  0.00
  1_7_a_                  1.00   0.00  0.00  0.00  0.00  1.00  0.00  0.00  1.00  0.00
  1_7_a__                 1.00   0.00  0.00  0.00  0.00  1.00  0.00  0.00  0.00  0.00
  1_8_a                   1.00   0.00  0.00  0.00  0.01  0.99  0.00  0.00  0.00  0.00
  CV_1C_to_38             1.00   0.00  1.00  0.00  0.00  0.00  0.00  0.00  0.00  0.00
  
  
  *************************
  Conduit Surcharge Summary
  *************************
  
  ----------------------------------------------------------------------------
                                                           Hours        Hours 
                         --------- Hours Full --------   Above Full   Capacity
  Conduit                Both Ends  Upstream  Dnstream   Normal Flow   Limited
  ----------------------------------------------------------------------------
  Brunn_Fassung_L             0.01      0.01     24.00      0.01         0.01
  11                         23.99     23.99     23.99     23.99         0.01
  14                         23.99     23.99     23.99     23.99         0.01
  16                         24.00     24.00     24.00     23.99        23.99
  17                         24.00     24.00     24.00      0.01         0.01
  26                         23.99     23.99     23.99      0.01         0.01
  27                          0.01      0.01     23.95      0.01         0.01
  Schuettstein_L              0.01      0.01     23.98      0.01         0.01
  Brunnmuehle_L              24.00     24.00     24.00      0.01         0.01
  35                         23.84     23.84     23.92      0.01         0.01
  46                         24.00     24.00     24.00      0.01         0.01
  47                         24.00     24.00     24.00     24.00        24.00
  50                         23.98     23.98     23.98      0.01         0.01
  51                         23.97     23.97     24.00      0.01         0.01
  53                         24.00     24.00     24.00     23.99         0.01
  61                         23.98     23.98     23.99      0.01         0.01
  63                          0.01     23.97      0.01      0.01         0.01
  66                         23.91     23.97     23.91     23.96        23.91
  67                         23.99     23.99     24.00      0.01         0.01
  Amont_L                    24.00     24.00     24.00      0.01         0.01
  69                         23.92     23.92     24.00      0.01         0.01
  70                         23.92     23.92     24.00      0.01         0.01
  71                         23.98     23.98     23.99      0.01         0.01
  72                         23.82     23.97     23.82      0.15         0.01
  Sauser_L                    0.01      0.01     24.00      0.01         0.01
  75                          0.01     23.97      0.01     23.82         0.01
  Entw_Sto_L                  0.01      0.03      0.01      0.04         0.01
  4                           0.02     23.97      0.02     23.87         0.02
  5                           0.03      0.03     24.00      0.01         0.01
  6                           0.01      0.01     24.00      0.01         0.01
  7                          23.99     23.99     24.00      0.01         0.01
  Brunn_Teich_L               0.01      0.01     23.99      0.01         0.01
  9                           0.01      0.01     23.99      0.01         0.01
  12                         23.98     23.98     23.98      0.01         0.01
  15                         23.98     23.98     23.99      0.01         0.01
  18                         23.98     23.98     23.98      0.01         0.01
  19                         23.97     23.97     23.98      0.01         0.01
  21                          0.01      0.01     23.96      0.01         0.01
  23                          0.01     23.91      0.01      0.01         0.01
  25                         23.87     23.87     23.99      0.01         0.01
  33                         23.96     23.96     23.96      0.01         0.01
  13                         23.98     23.98     24.00      0.01         0.01
  22                         23.98     23.98     24.00      0.01         0.01
  24                         23.95     23.95     24.00      0.01         0.01
  30                         23.95     23.95     24.00      0.01         0.01
  34                          0.01      0.01     23.99      0.01         0.01
  38                         23.89     23.89     23.93      0.01         0.01
  48                          0.01      0.01     23.87      0.01         0.01
  1_2_b_1                    23.93     24.00     23.93     23.99        23.93
  1_2_b_2                     0.01      0.01     23.93      0.01         0.01
  1_6_a_2                    23.89     24.00     23.89     23.99        23.89
  1_7_a                       0.01      0.01      0.01     23.82         0.01
  1_7_a__                     0.01      0.01     24.00      0.01         0.01
  

  Analysis begun on:  Wed Sep 30 11:35:55 2026
  Analysis ended on:  Wed Sep 30 11:35:59 2026
  Total elapsed time: 00:00:04