
  EPA STORM WATER MANAGEMENT MODEL - VERSION 5.2 (Build 5.2.4)
  ------------------------------------------------------------

  Brunnmuehle (Twann) 
  WARNING 08: elevation drop exceeds length for Conduit SS3_L
  WARNING 08: elevation drop exceeds length for Conduit SS6_L
  WARNING 08: elevation drop exceeds length for Conduit 2
  WARNING 08: elevation drop exceeds length for Conduit 3
  WARNING 08: elevation drop exceeds length for Conduit 68
  WARNING 08: elevation drop exceeds length for Conduit 1_2_b_
  WARNING 08: elevation drop exceeds length for Conduit 1_2_b_2
  WARNING 08: elevation drop exceeds length for Conduit 1_2_b_3
  WARNING 08: elevation drop exceeds length for Conduit 1_2_b_6
  WARNING 08: elevation drop exceeds length for Conduit 1_4_a_2
  WARNING 08: elevation drop exceeds length for Conduit 1_4_b
  WARNING 08: elevation drop exceeds length for Conduit 1_5_a
  WARNING 04: minimum elevation drop used for Conduit 1_7_a
  WARNING 08: elevation drop exceeds length for Conduit 1_7_a_
  WARNING 08: elevation drop exceeds length for Conduit 1_7_a__
  WARNING 02: maximum depth increased for Node 2
  
  ****************
  Analysis Options
  ****************
  Flow Units ............... CMS
  Process Models:
    Rainfall/Runoff ........ NO
    RDII ................... NO
    Snowmelt ............... NO
    Groundwater ............ NO
    Flow Routing ........... YES
    Ponding Allowed ........ NO
    Water Quality .......... NO
  Flow Routing Method ...... DYNWAVE
  Surcharge Method ......... EXTRAN
  Starting Date ............ 01/01/2000 00:00:00
  Ending Date .............. 01/02/2000 00:00:00
  Antecedent Dry Days ...... 0.0
  Report Time Step ......... 01:00:00
  Routing Time Step ........ 0.50 sec
  Variable Time Step ....... YES
  Maximum Trials ........... 8
  Number of Threads ........ 1
  Head Tolerance ........... 0.001500 m
  
  
  **************************        Volume        Volume
  Flow Routing Continuity        hectare-m      10^6 ltr
  **************************     ---------     ---------
  Dry Weather Inflow .......         0.000         0.000
  Wet Weather Inflow .......         0.000         0.000
  Groundwater Inflow .......         0.000         0.000
  RDII Inflow ..............         0.000         0.000
  External Inflow ..........       207.725      2077.271
  External Outflow .........       197.005      1970.069
  Flooding Loss ............         0.000         0.000
  Evaporation Loss .........         0.000         0.000
  Exfiltration Loss ........         0.000         0.000
  Initial Stored Volume ....         0.056         0.564
  Final Stored Volume ......         0.502         5.021
  Continuity Error (%) .....         4.945
  
  
  *************************
  Highest Continuity Errors
  *************************
  Node TWT_Intersection_Sonsto_60+345 (-578.23%)
  Node Amont_Trappe (-102.71%)
  Node TWT_Acces_LT_60+110 (100.00%)
  Node SonSto_F (96.48%)
  Node Aval_Trappe (-81.14%)
  
  
  ***************************
  Time-Step Critical Elements
  ***************************
  Link 1_7_a_ (17721.97%)
  Link 1_4_a_2 (5.03%)
  Link 1_4_a (3.59%)
  Link 1_2_b_1 (3.08%)
  Link 20 (2.67%)
  
  
  ********************************
  Highest Flow Instability Indexes
  ********************************
  All links are stable.
  
  
  *********************************
  Most Frequent Nonconverging Nodes
  *********************************
  Node Brunnm_Fassung (60.47%)
  Node Brunnmuehle(Teich) (60.47%)
  Node Fensterstollen (60.47%)
  Node Gischeren (60.47%)
  Node Schuettstein (60.47%)
  
  
  *************************
  Routing Time Step Summary
  *************************
  Minimum Time Step           :     0.50 sec
  Average Time Step           :     0.50 sec
  Maximum Time Step           :     0.50 sec
  % of Time in Steady State   :    99.44
  Average Iterations per Step :     7.60
  % of Steps Not Converging   :    60.47
  Time Step Frequencies       :
      0.500 -  0.500 sec      :   100.00 %
      0.500 -  0.500 sec      :     0.00 %
      0.500 -  0.500 sec      :     0.00 %
      0.500 -  0.500 sec      :     0.00 %
      0.500 -  0.500 sec      :     0.00 %
  
  
  ******************
  Node Depth Summary
  ******************
  
  ---------------------------------------------------------------------------------
                                 Average  Maximum  Maximum  Time of Max    Reported
                                   Depth    Depth      HGL   Occurrence   Max Depth
  Node                 Type       Meters   Meters   Meters  days hr:min      Meters
  ---------------------------------------------------------------------------------
  9                    JUNCTION    50.34    62.88   501.38     0  00:00       50.36
  Holiloch_sonde       JUNCTION    44.24    50.43   490.43     0  00:00       44.26
  11                   JUNCTION    28.33    28.58   438.58     0  00:07       28.34
  13                   JUNCTION    73.39    77.04   515.04     0  00:00       73.41
  21                   JUNCTION    37.96    39.69   439.69     0  00:02       37.97
  SonSto_F             JUNCTION     0.37     0.37   438.17     0  00:08        0.37
  Sondierstollen       JUNCTION     0.00     0.00   440.80     0  00:00        0.00
  Aval_Trappe          JUNCTION     0.58     0.63   438.23     0  00:08        0.58
  30                   JUNCTION     0.63     0.64   437.94     0  00:08        0.64
  Gischeren_node       JUNCTION     3.89     3.90   480.40     0  00:08        3.90
  34                   JUNCTION    17.38    18.32   438.32     0  00:02       17.38
  38                   JUNCTION    18.03    18.94   438.94     0  00:02       18.03
  SS6                  JUNCTION     0.05     0.05   448.05     0  00:02        0.05
  40                   JUNCTION    20.87    22.23   441.23     0  00:01       20.87
  41                   JUNCTION    73.34    88.37   525.87     0  00:00       73.37
  SondeSchuettstein    JUNCTION    24.70    27.03   486.03     0  00:00       24.72
  SS4                  JUNCTION     0.08     0.08   448.08     0  00:07        0.08
  47                   JUNCTION    15.02    17.26   482.16     0  00:00       15.03
  48                   JUNCTION    12.06    13.97   484.97     0  00:00       12.07
  SondeGischeren       JUNCTION    15.38    15.43   480.43     0  00:07       15.42
  49                   JUNCTION    15.40    17.30   483.30     0  00:02       15.42
  50                   JUNCTION     8.77     8.80   471.80     0  00:07        8.79
  51                   JUNCTION    92.24    97.33   517.33     0  00:00       92.27
  Amont_C              JUNCTION    97.32   141.76   559.76     0  00:00       97.35
  52                   JUNCTION    18.08    30.78   487.78     0  00:02       18.12
  53                   JUNCTION    39.83    41.78   508.78     0  00:07       39.92
  54                   JUNCTION    40.63    43.03   506.03     0  00:07       40.83
  56                   JUNCTION     6.18     6.38   436.38     0  00:01        6.18
  2                    JUNCTION     0.07     0.07   438.07     0  00:08        0.07
  4                    JUNCTION     8.24     8.88   436.88     0  00:00        8.24
  5                    JUNCTION     6.48     6.50   479.00     0  00:02        6.48
  6                    JUNCTION    23.59    28.74   486.74     0  00:00       23.60
  7                    JUNCTION     3.96     3.97   478.97     0  00:02        3.96
  SS3                  JUNCTION     0.08     0.08   448.08     0  00:08        0.08
  SS5                  JUNCTION     0.62     0.63   439.53     0  00:07        0.62
  8                    JUNCTION     6.58     6.62   480.62     0  00:07        6.60
  10                   JUNCTION    13.40    15.34   483.34     0  00:02       13.42
  SonSto_SS5           JUNCTION     0.13     0.14   439.44     0  00:07        0.13
  SonSto_SS3           JUNCTION     0.11     0.11   439.81     0  00:06        0.11
  SonSto_SS4           JUNCTION     0.09     0.09   439.49     0  00:07        0.09
  Amont_Trappe         JUNCTION     0.49     0.68   438.38     0  00:06        0.49
  SonSto_SS6           JUNCTION     0.12     0.12   438.82     0  00:07        0.12
  SS2                  JUNCTION     0.00     0.00   448.00     0  00:00        0.00
  SonSto_SS2           JUNCTION     0.00     0.00   441.50     0  00:00        0.00
  12                   JUNCTION    29.47    36.77   485.77     0  00:00       29.48
  14                   JUNCTION    21.19    25.98   490.98     0  00:01       21.20
  15                   JUNCTION     0.45     0.46   472.46     0  00:03        0.45
  TWT_PointHaut_60+650 JUNCTION     0.18     0.20   438.70     0  00:04        0.18
  TWT_Fensterstollen_60+375 JUNCTION     0.94     0.95   438.25     0  00:08        0.94
  TWT_Acces_LT_60+110  JUNCTION     0.83     0.83   438.33     0  00:08        0.83
  TWT_Liaison_LT_59+738 JUNCTION     0.00     0.00   450.60     0  00:00        0.00
  Syst_Est_amont       JUNCTION     0.98     0.98   430.98     0  00:08        0.98
  Syst_Est_interm      JUNCTION    19.47    24.81   434.81     0  00:07       19.57
  TWT_Branche_Est_Sonsto_60+540 JUNCTION     0.45     0.52   438.92     0  00:01        0.45
  TWT_Intersection_Sonsto_60+345 JUNCTION     1.08     1.33   438.33     0  00:07        1.08
  TWT_Chrosweg_61+140  JUNCTION     0.15     0.16   432.16     0  00:08        0.16
  SonSto_F_sup         JUNCTION     0.05     0.05   448.05     0  00:03        0.05
  SonSto_porte         JUNCTION     0.00     0.00   438.50     0  00:00        0.00
  Brunnm_Fassung       OUTFALL      0.08     0.09   433.89     0  00:02        0.08
  Brunnmuehle(Teich)   OUTFALL      0.18     0.19   435.69     0  00:02        0.18
  Fensterstollen       OUTFALL      0.57     0.58   437.58     0  00:06        0.57
  Gischeren            OUTFALL      0.23     0.23   480.23     0  00:08        0.23
  Schuettstein         OUTFALL      0.30     0.30   477.85     0  00:02        0.30
  Holiloch             OUTFALL      1.96     1.96   478.46     0  00:02        1.96
  Sauserquelle         OUTFALL      0.25     0.26   435.81     0  00:01        0.25
  Entw_Stollen         OUTFALL      0.07     0.07   436.57     0  00:08        0.07
  Sous_lacustre        OUTFALL      0.09     0.10   429.30     0  00:02        0.09
  Sous_ecoul.          OUTFALL      0.00     0.00   433.00     0  00:02        0.00
  Syst_Est_aval        OUTFALL      0.28     0.42   429.42     0  00:07        0.29
  TWT_Portail_Est_61+665 OUTFALL      0.15     0.15   421.75     0  00:08        0.15
  
  
  *******************
  Node Inflow Summary
  *******************
  
  -------------------------------------------------------------------------------------------------
                                  Maximum  Maximum                  Lateral       Total        Flow
                                  Lateral    Total  Time of Max      Inflow      Inflow     Balance
                                   Inflow   Inflow   Occurrence      Volume      Volume       Error
  Node                 Type           CMS      CMS  days hr:min    10^6 ltr    10^6 ltr     Percent
  -------------------------------------------------------------------------------------------------
  9                    JUNCTION         0     18.6     0  00:00           0    1.07e+03       0.009
  Holiloch_sonde       JUNCTION         0     16.7     0  00:00           0    1.01e+03       0.005
  11                   JUNCTION         0    0.396     0  00:00           0        33.4      -0.036
  13                   JUNCTION         0     22.8     0  00:00           0    1.69e+03       0.005
  21                   JUNCTION         0    0.298     0  00:02           0        24.8      -0.010
  SonSto_F             JUNCTION         0     1.33     0  00:08           0         115    2744.916
  Sondierstollen       JUNCTION         0        0     0  00:00           0           0       0.000 ltr
  Aval_Trappe          JUNCTION         0     4.54     0  00:06           0         168     -44.793
  30                   JUNCTION         0     9.19     0  00:08           0         791      16.010
  Gischeren_node       JUNCTION         0    0.662     0  00:06           0          54       0.191
  34                   JUNCTION         0    0.269     0  00:02           0        22.3       0.010
  38                   JUNCTION         0    0.161     0  00:00           0           3      -0.062
  SS6                  JUNCTION         0    0.169     0  00:02           0        13.9      -0.000
  40                   JUNCTION         0      2.7     0  00:02           0         231      -0.003
  41                   JUNCTION         0     5.79     0  00:00           0        66.6      -0.010
  SondeSchuettstein    JUNCTION         0    0.997     0  00:00           0        66.6      -0.002
  SS4                  JUNCTION         0    0.154     0  00:07           0        13.3       0.002
  47                   JUNCTION         0     13.2     0  00:00           0         997       0.018
  48                   JUNCTION         0    0.872     0  00:00           0        66.6       0.016
  SondeGischeren       JUNCTION         0    0.487     0  00:01           0        32.7       0.107
  49                   JUNCTION         0     1.15     0  00:01           0          14      -0.074
  50                   JUNCTION         0    0.182     0  00:02           0        13.6       0.019
  51                   JUNCTION         0     40.5     0  00:00           0    1.98e+03       0.006
  Amont_C              JUNCTION      22.9     47.1     0  00:00    1.98e+03    1.98e+03       0.014
  52                   JUNCTION         0    0.332     0  00:02           0        21.9       0.096
  53                   JUNCTION         0    0.561     0  00:00           0        16.1       0.069
  54                   JUNCTION         0    0.437     0  00:07           0          16       0.724
  56                   JUNCTION         0    0.578     0  00:01           0        48.3      -0.000
  2                    JUNCTION         0   0.0338     0  00:07           0        2.88     129.594
  4                    JUNCTION         0    0.248     0  00:02           0        20.2       0.039
  5                    JUNCTION         0     12.5     0  00:00           0         997       0.058
  6                    JUNCTION         0     14.7     0  00:00           0    1.01e+03       0.014
  7                    JUNCTION         0     11.9     0  00:02           0         997       0.002
  SS3                  JUNCTION         0    0.158     0  00:08           0        13.6       0.003
  SS5                  JUNCTION         0    0.321     0  00:07           0        27.6      -0.264
  8                    JUNCTION         0    0.824     0  00:04           0        67.7       0.086
  10                   JUNCTION         0    0.934     0  00:02           0          14       0.657
  SonSto_SS5           JUNCTION         0    0.354     0  00:08           0        30.4       0.217
  SonSto_SS3           JUNCTION         0    0.158     0  00:08           0        13.6       0.127
  SonSto_SS4           JUNCTION         0    0.313     0  00:07           0        26.8      -0.023
  Amont_Trappe         JUNCTION         0      1.5     0  00:06           0        26.8     -50.667
  SonSto_SS6           JUNCTION         0    0.449     0  00:07           0        37.7      -0.656
  SS2                  JUNCTION         0        0     0  00:00           0           0       0.000 ltr
  SonSto_SS2           JUNCTION         0        0     0  00:00           0           0       0.000 ltr
  12                   JUNCTION         0    0.513     0  00:00           0        32.2       0.015
  14                   JUNCTION         0     2.69     0  00:01           0         187       0.028
  15                   JUNCTION         0     0.64     0  00:02           0        54.8       0.182
  TWT_PointHaut_60+650 JUNCTION         0    0.943     0  00:03           0        60.9      -5.249
  TWT_Fensterstollen_60+375 JUNCTION         0       11     0  00:07           0         711       4.765
  TWT_Acces_LT_60+110  JUNCTION         0     3.54     0  00:05           0         132132175636.383 ltr
  TWT_Liaison_LT_59+738 JUNCTION         0        0     0  00:00           0           0       0.000 ltr
  Syst_Est_amont       JUNCTION      1.15     1.15     0  00:00        98.9        98.9     170.498
  Syst_Est_interm      JUNCTION         0     1.21     0  00:04           0        36.6       1.112
  TWT_Branche_Est_Sonsto_60+540 JUNCTION         0     4.83     0  00:08           0         417       0.382
  TWT_Intersection_Sonsto_60+345 JUNCTION         0     7.43     0  00:06           0        31.5     -85.256
  TWT_Chrosweg_61+140  JUNCTION         0    0.826     0  00:05           0        64.3       6.505
  SonSto_F_sup         JUNCTION         0    0.636     0  00:03           0        54.7       0.007
  SonSto_porte         JUNCTION         0        0     0  00:00           0           0       0.000 ltr
  Brunnm_Fassung       OUTFALL          0   0.0264     0  00:02           0        2.08       0.000
  Brunnmuehle(Teich)   OUTFALL          0    0.245     0  00:02           0        19.7       0.000
  Fensterstollen       OUTFALL          0     8.15     0  00:06           0         682       0.000
  Gischeren            OUTFALL          0    0.627     0  00:08           0        53.9       0.000
  Schuettstein         OUTFALL          0    0.785     0  00:02           0        66.6       0.000
  Holiloch             OUTFALL          0     11.7     0  00:02           0         997       0.000
  Sauserquelle         OUTFALL          0     0.58     0  00:01           0        48.3       0.000
  Entw_Stollen         OUTFALL          0   0.0146     0  00:08           0        1.25       0.000
  Sous_lacustre        OUTFALL          0   0.0315     0  00:02           0        2.58       0.000
  Sous_ecoul.          OUTFALL          0  0.00582     0  00:02           0       0.474       0.000
  Syst_Est_aval        OUTFALL          0    0.897     0  00:07           0        36.2       0.000
  TWT_Portail_Est_61+665 OUTFALL          0    0.701     0  00:08           0        60.4       0.000
  
  
  **********************
  Node Surcharge Summary
  **********************
  
  Surcharging occurs when water rises above the top of the highest conduit.
  ---------------------------------------------------------------------
                                               Max. Height   Min. Depth
                                   Hours       Above Crown    Below Rim
  Node                 Type      Surcharged         Meters       Meters
  ---------------------------------------------------------------------
  9                    JUNCTION       23.99         61.076       37.124
  Holiloch_sonde       JUNCTION       23.99         48.533      149.567
  11                   JUNCTION       24.00         28.079      121.421
  13                   JUNCTION       23.99         74.036      322.964
  21                   JUNCTION       24.00         39.092      110.308
  34                   JUNCTION       24.00         17.724       81.676
  38                   JUNCTION       24.00         18.344      131.056
  40                   JUNCTION       24.00         18.226       77.774
  41                   JUNCTION       23.99         87.520      161.630
  SondeSchuettstein    JUNCTION       23.99         26.228        0.000
  47                   JUNCTION       23.99         15.358       82.742
  48                   JUNCTION       23.99         13.170       86.030
  SondeGischeren       JUNCTION       23.95         14.232       84.568
  49                   JUNCTION       23.97          9.298      182.702
  50                   JUNCTION       23.95          8.500      191.200
  51                   JUNCTION       24.00         93.330      302.670
  Amont_C              JUNCTION       24.00        138.762      258.238
  52                   JUNCTION       23.95         30.384       69.216
  53                   JUNCTION       23.98         36.776      158.224
  54                   JUNCTION       23.88         38.035      156.965
  56                   JUNCTION       24.00          5.384       93.616
  4                    JUNCTION       23.99          8.228       91.122
  5                    JUNCTION       23.98          1.499       43.501
  6                    JUNCTION       23.99         23.740      171.260
  8                    JUNCTION       23.90          1.617      193.383
  10                   JUNCTION       23.97          7.344      184.656
  12                   JUNCTION       23.99         36.420      163.230
  14                   JUNCTION       23.98         21.977      174.023
  Syst_Est_interm      JUNCTION       23.88         23.314       75.186
  
  
  *********************
  Node Flooding Summary
  *********************
  
  No nodes were flooded.
  
  
  ***********************
  Outfall Loading Summary
  ***********************
  
  -----------------------------------------------------------
                         Flow       Avg       Max       Total
                         Freq      Flow      Flow      Volume
  Outfall Node           Pcnt       CMS       CMS    10^6 ltr
  -----------------------------------------------------------
  Brunnm_Fassung        99.94    0.0241    0.0264       2.079
  Brunnmuehle(Teich)    99.94     0.228     0.245      19.704
  Fensterstollen        99.98       7.9      8.15     681.901
  Gischeren             99.55     0.627     0.627      53.933
  Schuettstein          99.95     0.772     0.785      66.628
  Holiloch              99.92      11.5      11.7     996.612
  Sauserquelle          99.98      0.56      0.58      48.349
  Entw_Stollen          99.93    0.0145    0.0146       1.253
  Sous_lacustre         99.99    0.0298    0.0315       2.577
  Sous_ecoul.           99.94   0.00549   0.00582       0.474
  Syst_Est_aval         99.50     0.421     0.897      36.166
  TWT_Portail_Est_61+665  99.95     0.699     0.701      60.383
  -----------------------------------------------------------
  System                99.88      22.8      22.9    1970.060
  
  
  ********************
  Link Flow Summary
  ********************
  
  -----------------------------------------------------------------------------
                                 Maximum  Time of Max   Maximum    Max/    Max/
                                  |Flow|   Occurrence   |Veloc|    Full    Full
  Link                 Type          CMS  days hr:min     m/sec    Flow   Depth
  -----------------------------------------------------------------------------
  Brunn_Fassung_L      CONDUIT    0.0264     0  00:02      1.19    0.44    0.73
  11                   CONDUIT      16.7     0  00:00      8.62    2.49    1.00
  14                   CONDUIT      18.6     0  00:00     12.83   10.11    1.00
  16                   CONDUIT     0.396     0  00:00      4.63    2.76    1.00
  17                   CONDUIT     0.161     0  00:00      0.57    0.27    1.00
  26                   CONDUIT      5.79     0  00:00     10.53    7.85    1.00
  27                   CONDUIT     0.064     0  00:06      1.81    0.82    1.00
  Gischeren_L          CONDUIT     0.627     0  00:08      0.89    0.08    0.60
  Schuettstein_L       CONDUIT     0.785     0  00:02      4.67    0.67    0.80
  Brunnmuehle_L        CONDUIT     0.269     0  00:02      0.95    0.13    1.00
  32                   CONDUIT         0     0  00:00      0.00    0.00    0.00
  35                   CONDUIT     0.325     0  00:04      0.41    0.06    1.00
  45                   CONDUIT     0.447     0  00:07      4.67    0.00    0.08
  46                   CONDUIT     0.578     0  00:01      2.05    0.58    1.00
  47                   CONDUIT     0.141     0  00:00      3.72    8.81    1.00
  50                   CONDUIT     0.872     0  00:00      3.31    0.16    1.00
  51                   CONDUIT    0.0618     0  00:01      0.78    0.17    1.00
  53                   CONDUIT     0.161     0  00:00      0.97    0.82    1.00
  Fenster_L            CONDUIT      8.15     0  00:06      8.59    0.08    0.20
  58                   CONDUIT      3.74     0  00:06      5.65    0.05    0.21
  59                   CONDUIT     0.363     0  00:07      3.38    0.00    0.04
  61                   CONDUIT     0.997     0  00:00      4.92    1.40    1.00
  63                   CONDUIT     0.169     0  00:02      2.36    0.76    0.51
  66                   CONDUIT     0.182     0  00:02      2.79    2.39    1.00
  67                   CONDUIT      22.8     0  00:00      5.44    0.23    1.00
  Amont_L              CONDUIT      40.4     0  00:00      5.72    2.19    1.00
  69                   CONDUIT     0.332     0  00:02      2.82    1.30    1.00
  70                   CONDUIT     0.254     0  00:02      2.02    0.79    1.00
  71                   CONDUIT     0.561     0  00:00      2.46    0.99    1.00
  72                   CONDUIT     0.437     0  00:07      2.03    2.07    1.00
  Sauser_L             CONDUIT      0.58     0  00:01      1.11    0.15    0.63
  75                   CONDUIT     0.154     0  00:07      4.51    1.56    0.67
  Entw_Sto_L           CONDUIT    0.0146     0  00:08      1.52    0.34    0.40
  4                    CONDUIT    0.0311     0  00:08      1.51    1.39    0.69
  5                    CONDUIT   0.00302     0  00:07      0.16    0.11    0.70
  6                    CONDUIT    0.0315     0  00:02      1.26    0.47    0.74
  7                    CONDUIT     0.248     0  00:02      1.26    0.38    1.00
  Brunn_Teich_L        CONDUIT     0.245     0  00:02      1.08    0.19    0.65
  9                    CONDUIT   0.00582     0  00:02      1.46    0.00    0.50
  12                   CONDUIT      12.5     0  00:00      6.85    0.26    1.00
  15                   CONDUIT      14.7     0  00:00      7.06    0.38    1.00
  18                   CONDUIT      13.2     0  00:00      6.65    0.53    1.00
  19                   CONDUIT      1.15     0  00:01      1.56    1.09    1.00
  20                   CONDUIT      1.11     0  00:06      3.45    0.09    0.64
  21                   CONDUIT      11.9     0  00:02      1.18    0.08    0.90
  Hooliloch_L          CONDUIT      11.7     0  00:02      1.70    0.23    0.74
  23                   CONDUIT     0.158     0  00:08      3.37    0.98    0.63
  25                   CONDUIT     0.824     0  00:04      2.88    0.67    1.00
  28                   CONDUIT     0.159     0  00:07      2.44    0.00    0.03
  29                   CONDUIT    0.0324     0  00:07      0.65    0.00    0.04
  31                   CONDUIT     0.466     0  00:06      0.73    0.29    0.89
  33                   CONDUIT     0.934     0  00:02      0.87    0.35    1.00
  37                   CONDUIT     0.322     0  00:08      0.62    0.01    0.13
  SS3_L                CONDUIT     0.158     0  00:08      3.05    0.00    0.05
  40                   CONDUIT       1.3     0  00:06      1.64    0.01    0.12
  SS6_L                CONDUIT    0.0901     0  00:02      3.41    0.00    0.04
  1                    CONDUIT         0     0  00:00      0.00    0.00    0.02
  2                    CONDUIT         0     0  00:00      0.00    0.00    0.00
  3                    CONDUIT     0.154     0  00:07      4.75    0.01    0.09
  10                   CONDUIT     0.281     0  00:07      0.74    0.00    0.12
  13                   CONDUIT     0.513     0  00:00      5.66    1.11    1.00
  22                   CONDUIT     0.375     0  00:00      3.90    0.93    1.00
  24                   CONDUIT      2.69     0  00:01      4.06    0.00    1.00
  30                   CONDUIT      2.18     0  00:02      3.03    0.91    1.00
  34                   CONDUIT      0.64     0  00:02      2.84    0.71    0.92
  36                   CONDUIT     0.636     0  00:03      6.01    0.68    0.46
  38                   CONDUIT     0.487     0  00:01      2.99    0.18    1.00
  48                   CONDUIT      1.21     0  00:04      2.64    0.81    0.99
  54                   CONDUIT     0.897     0  00:07      0.75    0.17    0.66
  68                   CONDUIT     0.264     0  00:03      9.18    0.00    0.07
  73                   CONDUIT         0     0  00:00      0.00    0.00    0.02
  TWT1                 CONDUIT     0.701     0  00:08      3.11    0.00    0.02
  TWT2                 CONDUIT     0.826     0  00:05      3.49    0.00    0.02
  TWT3                 CONDUIT     0.943     0  00:03      1.50    0.00    0.04
  TWT4                 CONDUIT      4.73     0  00:02      3.19    0.01    0.09
  1_2_b_               CONDUIT         0     0  00:00      0.00    0.00    0.09
  1_2_b_1              CONDUIT      2.68     0  00:02     20.42   10.32    1.00
  1_2_b_2              CONDUIT    0.0649     0  00:03      0.59    0.02    0.55
  1_2_b_3              CONDUIT     0.534     0  00:01      2.88    0.40    1.00
  1_2_b_6              CONDUIT    0.0795     0  00:02      0.71    0.02    0.55
  TWT5                 CONDUIT      7.08     0  00:06      3.35    0.01    0.13
  1_4_a                CONDUIT      4.28     0  00:06      3.40    0.07    0.26
  1_4_a_2              CONDUIT      0.35     0  00:03      2.37    0.10    1.00
  TWT6                 CONDUIT      3.54     0  00:05      1.18    0.01    0.13
  1_4_b                CONDUIT         0     0  00:00      0.00    0.00    0.22
  TWT7                 CONDUIT         0     0  00:00      0.00    0.00    0.05
  1_5_a                CONDUIT         0     0  00:00      0.00    0.00    0.02
  1_7_a                CONDUIT      5.93     0  00:08      3.12    1.35    0.16
  1_7_a_               CONDUIT     0.307     0  00:03      3.18    0.02    0.55
  1_7_a__              CONDUIT      1.68     0  00:08      8.71    0.25    1.00
  1_7_a_1              CONDUIT      2.85     0  00:03     15.28   14.49    1.00
  
  
  ***************************
  Flow Classification Summary
  ***************************
  
  -------------------------------------------------------------------------------------
                      Adjusted    ---------- Fraction of Time in Flow Class ---------- 
                       /Actual         Up    Down  Sub   Sup   Up    Down  Norm  Inlet 
  Conduit               Length    Dry  Dry   Dry   Crit  Crit  Crit  Crit  Ltd   Ctrl  
  -------------------------------------------------------------------------------------
  Brunn_Fassung_L         1.00   0.00  0.00  0.00  1.00  0.00  0.00  0.00  0.00  0.00
  11                      1.00   0.00  0.00  0.00  1.00  0.00  0.00  0.00  0.00  0.00
  14                      1.00   0.00  0.00  0.00  1.00  0.00  0.00  0.00  0.00  0.00
  16                      1.00   0.00  0.00  0.00  1.00  0.00  0.00  0.00  0.00  0.00
  17                      1.00   0.00  0.00  0.00  1.00  0.00  0.00  0.00  0.00  0.00
  26                      1.00   0.00  0.00  0.00  1.00  0.00  0.00  0.00  0.00  0.00
  27                      1.00   0.00  0.00  0.00  1.00  0.00  0.00  0.00  0.00  0.00
  Gischeren_L             1.00   0.00  0.00  0.00  1.00  0.00  0.00  0.00  0.00  0.00
  Schuettstein_L          1.00   0.00  0.00  0.00  0.00  1.00  0.00  0.00  0.00  0.00
  Brunnmuehle_L           1.00   0.00  0.00  0.00  1.00  0.00  0.00  0.00  0.00  0.00
  32                      1.00   1.00  0.00  0.00  0.00  0.00  0.00  0.00  0.00  0.00
  35                      1.00   0.00  0.00  0.00  1.00  0.00  0.00  0.00  0.00  0.00
  45                      1.00   0.00  0.00  0.00  0.00  1.00  0.00  0.00  1.00  0.00
  46                      1.00   0.00  0.00  0.00  1.00  0.00  0.00  0.00  0.00  0.00
  47                      1.00   0.00  0.00  0.00  1.00  0.00  0.00  0.00  0.00  0.00
  50                      1.00   0.00  0.00  0.00  1.00  0.00  0.00  0.00  0.00  0.00
  51                      1.00   0.00  0.00  0.00  1.00  0.00  0.00  0.00  0.00  0.00
  53                      1.00   0.00  0.00  0.00  1.00  0.00  0.00  0.00  0.00  0.00
  Fenster_L               1.00   0.00  0.00  0.00  0.00  1.00  0.00  0.00  0.00  0.00
  58                      1.00   0.00  0.00  0.00  0.00  1.00  0.00  0.00  0.00  0.00
  59                      1.00   0.00  0.00  0.00  0.00  1.00  0.00  0.00  0.00  0.00
  61                      1.00   0.00  0.00  0.00  1.00  0.00  0.00  0.00  0.00  0.00
  63                      1.00   0.00  0.00  0.00  1.00  0.00  0.00  0.00  0.00  0.00
  66                      1.00   0.00  0.00  0.00  1.00  0.00  0.00  0.00  0.00  0.00
  67                      1.00   0.00  0.00  0.00  1.00  0.00  0.00  0.00  0.00  0.00
  Amont_L                 1.00   0.00  0.00  0.00  1.00  0.00  0.00  0.00  0.00  0.00
  69                      1.00   0.00  0.00  0.00  1.00  0.00  0.00  0.00  0.00  0.00
  70                      1.00   0.00  0.00  0.00  1.00  0.00  0.00  0.00  0.00  0.00
  71                      1.00   0.00  0.00  0.00  1.00  0.00  0.00  0.00  0.00  0.00
  72                      1.00   0.00  0.00  0.00  1.00  0.00  0.00  0.00  0.00  0.00
  Sauser_L                1.00   0.00  0.00  0.00  1.00  0.00  0.00  0.00  0.00  0.00
  75                      1.00   0.00  0.00  0.00  0.00  1.00  0.00  0.00  0.00  0.00
  Entw_Sto_L              1.00   0.00  0.00  0.00  0.00  1.00  0.00  0.00  0.00  0.00
  4                       1.00   0.00  0.00  0.00  0.00  1.00  0.00  0.00  0.00  0.00
  5                       1.00   0.00  0.00  0.00  1.00  0.00  0.00  0.00  0.00  0.00
  6                       1.00   0.00  0.00  0.00  0.00  1.00  0.00  0.00  0.00  0.00
  7                       1.00   0.00  0.00  0.00  1.00  0.00  0.00  0.00  0.00  0.00
  Brunn_Teich_L           1.00   0.00  0.00  0.00  1.00  0.00  0.00  0.00  0.00  0.00
  9                       1.00   0.00  0.00  0.00  0.00  1.00  0.00  0.00  0.00  0.00
  12                      1.00   0.00  0.00  0.00  1.00  0.00  0.00  0.00  0.00  0.00
  15                      1.00   0.00  0.00  0.00  1.00  0.00  0.00  0.00  0.00  0.00
  18                      1.00   0.00  0.00  0.00  1.00  0.00  0.00  0.00  0.00  0.00
  19                      1.00   0.00  0.00  0.00  1.00  0.00  0.00  0.00  0.00  0.00
  20                      1.00   0.00  0.00  0.00  1.00  0.00  0.00  0.00  0.00  0.00
  21                      1.00   0.00  0.00  0.00  1.00  0.00  0.00  0.00  0.00  0.00
  Hooliloch_L             1.00   0.00  0.00  0.00  1.00  0.00  0.00  0.00  0.00  0.00
  23                      1.00   0.00  0.00  0.00  0.00  1.00  0.00  0.00  0.00  0.00
  25                      1.00   0.00  0.00  0.00  1.00  0.00  0.00  0.00  0.00  0.00
  28                      1.00   0.00  0.00  0.00  0.00  1.00  0.00  0.00  0.00  0.00
  29                      1.00   0.00  0.00  0.00  1.00  0.00  0.00  0.00  1.00  0.00
  31                      1.00   0.00  0.00  0.00  1.00  0.00  0.00  0.00  0.00  0.00
  33                      1.00   0.00  0.00  0.00  1.00  0.00  0.00  0.00  0.00  0.00
  37                      1.00   0.00  0.00  0.00  1.00  0.00  0.00  0.00  0.00  0.00
  SS3_L                   1.00   0.00  0.00  0.00  0.00  1.00  0.00  0.00  1.00  0.00
  40                      1.00   0.00  0.00  0.00  1.00  0.00  0.00  0.00  0.00  0.00
  SS6_L                   1.00   0.00  0.00  0.00  0.00  1.00  0.00  0.00  1.00  0.00
  1                       1.00   0.00  1.00  0.00  0.00  0.00  0.00  0.00  0.00  0.00
  2                       1.00   1.00  0.00  0.00  0.00  0.00  0.00  0.00  0.00  0.00
  3                       1.00   0.00  0.00  0.00  0.00  1.00  0.00  0.00  1.00  0.00
  10                      1.00   0.00  0.00  0.00  1.00  0.00  0.00  0.00  1.00  0.00
  13                      1.00   0.00  0.00  0.00  1.00  0.00  0.00  0.00  0.00  0.00
  22                      1.00   0.00  0.00  0.00  1.00  0.00  0.00  0.00  0.00  0.00
  24                      1.00   0.00  0.00  0.00  1.00  0.00  0.00  0.00  0.00  0.00
  30                      1.00   0.00  0.00  0.00  1.00  0.00  0.00  0.00  0.00  0.00
  34                      1.00   0.00  0.00  0.00  0.00  1.00  0.00  0.00  0.00  0.00
  36                      1.00   0.00  0.00  0.00  0.00  1.00  0.00  0.00  0.00  0.00
  38                      1.00   0.00  0.00  0.00  1.00  0.00  0.00  0.00  0.00  0.00
  48                      1.00   0.00  0.00  0.00  1.00  0.00  0.00  0.00  0.00  0.00
  54                      1.00   0.00  0.01  0.00  0.99  0.00  0.00  0.00  0.00  0.00
  68                      1.00   0.00  0.00  0.00  0.00  1.00  0.00  0.00  1.00  0.00
  73                      1.00   0.00  1.00  0.00  0.00  0.00  0.00  0.00  0.00  0.00
  TWT1                    1.00   0.00  0.00  0.00  0.00  1.00  0.00  0.00  0.00  0.00
  TWT2                    1.00   0.00  0.00  0.00  0.00  1.00  0.00  0.00  0.00  0.00
  TWT3                    1.00   0.00  0.00  0.00  1.00  0.00  0.00  0.00  0.00  0.00
  TWT4                    1.00   0.00  0.00  0.00  1.00  0.00  0.00  0.00  1.00  0.00
  1_2_b_                  1.00   0.00  1.00  0.00  0.00  0.00  0.00  0.00  0.00  0.00
  1_2_b_1                 1.00   0.00  0.00  0.00  1.00  0.00  0.00  0.00  0.00  0.00
  1_2_b_2                 1.00   0.00  0.00  0.00  1.00  0.00  0.00  0.00  1.00  0.00
  1_2_b_3                 1.00   0.00  0.00  0.00  1.00  0.00  0.00  0.00  0.00  0.00
  1_2_b_6                 1.00   0.00  0.00  0.00  1.00  0.00  0.00  0.00  1.00  0.00
  TWT5                    1.00   0.00  0.00  0.00  1.00  0.00  0.00  0.00  0.00  0.00
  1_4_a                   1.00   0.00  0.00  0.00  1.00  0.00  0.00  0.00  0.00  0.00
  1_4_a_2                 1.00   0.00  0.00  0.00  1.00  0.00  0.00  0.00  0.00  0.00
  TWT6                    1.00   0.00  0.00  0.00  1.00  0.00  0.00  0.00  0.00  0.00
  1_4_b                   1.00   0.00  1.00  0.00  0.00  0.00  0.00  0.00  0.00  0.00
  TWT7                    1.00   0.00  1.00  0.00  0.00  0.00  0.00  0.00  0.00  0.00
  1_5_a                   1.00   0.00  1.00  0.00  0.00  0.00  0.00  0.00  0.00  0.00
  1_7_a                   1.00   0.00  0.00  0.00  0.00  1.00  0.00  0.00  0.00  0.00
  1_7_a_                  1.00   0.00  0.00  0.00  0.00  1.00  0.00  0.00  1.00  0.00
  1_7_a__                 1.00   0.00  0.00  0.00  0.00  1.00  0.00  0.00  0.00  0.00
  1_7_a_1                 1.00   0.00  0.00  0.00  0.00  1.00  0.00  0.00  0.00  0.00
  
  
  *************************
  Conduit Surcharge Summary
  *************************
  
  ----------------------------------------------------------------------------
                                                           Hours        Hours 
                         --------- Hours Full --------   Above Full   Capacity
  Conduit                Both Ends  Upstream  Dnstream   Normal Flow   Limited
  ----------------------------------------------------------------------------
  Brunn_Fassung_L             0.01      0.01     24.00      0.01         0.01
  11                         23.99     23.99     23.99     23.99         0.01
  14                         23.99     23.99     24.00     23.99         0.01
  16                         24.00     24.00     24.00     23.99        23.99
  17                         24.00     24.00     24.00      0.01         0.01
  26                         23.99     24.00     23.99     23.99        23.99
  27                         23.88     23.88     23.97      0.01         0.01
  Gischeren_L                 0.01      0.01     23.89      0.01         0.01
  Schuettstein_L              0.01      0.01     23.99      0.01         0.01
  Brunnmuehle_L              24.00     24.00     24.00      0.01         0.01
  35                         23.91     23.91     23.95      0.01         0.01
  46                         24.00     24.00     24.00      0.01         0.01
  47                         24.00     24.00     24.00     24.00        24.00
  50                         23.99     23.99     23.99      0.01         0.01
  51                         23.98     23.98     23.99      0.01         0.01
  53                         24.00     24.00     24.00      0.01         0.01
  61                         23.99     23.99     23.99     23.99         0.01
  63                          0.01     23.98      0.01      0.01         0.01
  66                         23.95     23.98     23.95     23.97        23.95
  67                         23.99     23.99     24.00      0.01         0.01
  Amont_L                    24.00     24.00     24.00     24.00         0.01
  69                         23.95     23.95     24.00      0.03         0.01
  70                         23.95     23.95     24.00      0.01         0.01
  71                         23.99     23.99     23.99      0.01         0.01
  72                         23.88     23.98     23.88      0.11         0.01
  Sauser_L                    0.01      0.01     24.00      0.01         0.01
  75                          0.01     23.98      0.01     23.88         0.01
  4                           0.01     23.98      0.01     23.88         0.01
  5                           0.01      0.01     23.99      0.01         0.01
  6                           0.01      0.01     24.00      0.01         0.01
  7                          23.99     23.99     24.00      0.01         0.01
  Brunn_Teich_L               0.01      0.01     23.99      0.01         0.01
  9                           0.01      0.01     23.99      0.01         0.01
  12                         23.98     23.98     23.99      0.01         0.01
  15                         23.99     23.99     23.99      0.01         0.01
  18                         23.99     23.99     23.99      0.01         0.01
  19                         23.97     23.97     23.99      0.01         0.01
  21                          0.01      0.01     23.98      0.01         0.01
  23                          0.01     23.95      0.01      0.01         0.01
  25                         23.93     23.93     23.99      0.01         0.01
  31                          0.01      0.01     23.90      0.01         0.01
  33                         23.97     23.97     23.97      0.01         0.01
  13                         23.99     23.99     24.00      0.01         0.01
  22                         23.99     23.99     24.00      0.01         0.01
  24                         23.98     23.98     24.00      0.01         0.01
  30                         23.98     23.98     24.00      0.01         0.01
  34                          0.01      0.01     23.99      0.01         0.01
  38                         23.94     23.94     23.96      0.01         0.01
  48                          0.01      0.01     23.91      0.01         0.01
  54                          0.01      0.01     23.88      0.01         0.01
  1_2_b_1                    23.97     24.00     23.97     24.00        23.97
  1_2_b_2                     0.01      0.01     23.97      0.01         0.01
  1_2_b_3                    23.97     23.97     24.00      0.01         0.01
  1_2_b_6                     0.01      0.01     23.97      0.01         0.01
  1_4_a_2                    23.97     23.97     24.00      0.01         0.01
  1_7_a                       0.01      0.01      0.01     23.88         0.01
  1_7_a_                      0.01      0.01      0.01      0.01         0.01
  1_7_a__                     0.01      0.01     24.00      0.01         0.01
  1_7_a_1                     0.01      0.01     24.00     23.99         0.01
  

  Analysis begun on:  Mon Aug 17 10:06:18 2026
  Analysis ended on:  Mon Aug 17 10:06:20 2026
  Total elapsed time: 00:00:02