
  EPA STORM WATER MANAGEMENT MODEL - VERSION 5.2 (Build 5.2.4)
  ------------------------------------------------------------

  Brunnmuehle (Twann) 
  WARNING 08: elevation drop exceeds length for Conduit SS3_L
  WARNING 08: elevation drop exceeds length for Conduit SS6_L
  WARNING 08: elevation drop exceeds length for Conduit 2
  WARNING 08: elevation drop exceeds length for Conduit 3
  WARNING 08: elevation drop exceeds length for Conduit 68
  WARNING 08: elevation drop exceeds length for Conduit 1_2_b_
  WARNING 08: elevation drop exceeds length for Conduit 1_2_b_2
  WARNING 08: elevation drop exceeds length for Conduit 1_2_b_3
  WARNING 08: elevation drop exceeds length for Conduit 1_2_b_5
  WARNING 08: elevation drop exceeds length for Conduit 1_4_a
  WARNING 08: elevation drop exceeds length for Conduit 1_4_b
  WARNING 02: maximum depth increased for Node 2
  
  ****************
  Analysis Options
  ****************
  Flow Units ............... CMS
  Process Models:
    Rainfall/Runoff ........ NO
    RDII ................... NO
    Snowmelt ............... NO
    Groundwater ............ NO
    Flow Routing ........... YES
    Ponding Allowed ........ NO
    Water Quality .......... NO
  Flow Routing Method ...... DYNWAVE
  Surcharge Method ......... EXTRAN
  Starting Date ............ 01/01/2000 00:00:00
  Ending Date .............. 01/02/2000 00:00:00
  Antecedent Dry Days ...... 0.0
  Report Time Step ......... 01:00:00
  Routing Time Step ........ 0.50 sec
  Variable Time Step ....... YES
  Maximum Trials ........... 8
  Number of Threads ........ 1
  Head Tolerance ........... 0.001500 m
  
  
  **************************        Volume        Volume
  Flow Routing Continuity        hectare-m      10^6 ltr
  **************************     ---------     ---------
  Dry Weather Inflow .......         0.000         0.000
  Wet Weather Inflow .......         0.000         0.000
  Groundwater Inflow .......         0.000         0.000
  RDII Inflow ..............         0.000         0.000
  External Inflow ..........       133.343      1333.445
  External Outflow .........       129.368      1293.697
  Flooding Loss ............         0.000         0.000
  Evaporation Loss .........         0.000         0.000
  Exfiltration Loss ........         0.000         0.000
  Initial Stored Volume ....         0.056         0.562
  Final Stored Volume ......         0.279         2.789
  Continuity Error (%) .....         2.813
  
  
  *************************
  Highest Continuity Errors
  *************************
  Node 2 (86.12%)
  Node Syst_Est_amont (19.95%)
  Node SonSto_porte (-3.81%)
  Node SonSto_SS4 (2.51%)
  Node SS5 (-1.61%)
  
  
  ***************************
  Time-Step Critical Elements
  ***************************
  Link 20 (13293.30%)
  Link 1_4_b (11.63%)
  
  
  ********************************
  Highest Flow Instability Indexes
  ********************************
  All links are stable.
  
  
  *********************************
  Most Frequent Nonconverging Nodes
  *********************************
  Node Brunnm_Fassung (40.29%)
  Node Brunnmuehle(Teich) (40.29%)
  Node Fensterstollen (40.29%)
  Node Gischeren (40.29%)
  Node Schuettstein (40.29%)
  
  
  *************************
  Routing Time Step Summary
  *************************
  Minimum Time Step           :     0.50 sec
  Average Time Step           :     0.50 sec
  Maximum Time Step           :     0.50 sec
  % of Time in Steady State   :    99.25
  Average Iterations per Step :     6.32
  % of Steps Not Converging   :    40.29
  Time Step Frequencies       :
      0.500 -  0.500 sec      :   100.00 %
      0.500 -  0.500 sec      :     0.00 %
      0.500 -  0.500 sec      :     0.00 %
      0.500 -  0.500 sec      :     0.00 %
      0.500 -  0.500 sec      :     0.00 %
  
  
  ******************
  Node Depth Summary
  ******************
  
  ---------------------------------------------------------------------------------
                                 Average  Maximum  Maximum  Time of Max    Reported
                                   Depth    Depth      HGL   Occurrence   Max Depth
  Node                 Type       Meters   Meters   Meters  days hr:min      Meters
  ---------------------------------------------------------------------------------
  9                    JUNCTION    47.38    50.53   489.03     0  00:00       47.41
  Holiloch_sonde       JUNCTION    42.57    48.82   488.82     0  00:00       42.60
  11                   JUNCTION    53.10    54.38   464.38     0  00:03       53.12
  13                   JUNCTION    64.19    64.72   502.72     0  00:03       64.22
  21                   JUNCTION    42.23    43.28   443.28     0  00:03       42.24
  SonSto_F             JUNCTION     0.15     0.16   437.96     0  00:08        0.15
  Sondierstollen       JUNCTION     0.00     0.00   440.80     0  00:00        0.00
  Aval_Trappe          JUNCTION     0.31     0.32   437.92     0  00:01        0.31
  30                   JUNCTION     0.27     0.30   437.60     0  00:02        0.27
  Gischeren_node       JUNCTION     3.81     3.83   480.33     0  00:10        3.83
  34                   JUNCTION    20.44    21.32   441.32     0  00:03       20.45
  38                   JUNCTION    26.09    27.48   447.48     0  00:03       26.11
  SS6                  JUNCTION     0.07     0.07   448.07     0  00:02        0.07
  40                   JUNCTION    34.48    36.29   455.29     0  00:01       34.50
  41                   JUNCTION    64.29    64.82   502.32     0  00:03       64.33
  SondeSchuettstein    JUNCTION    23.32    25.34   484.34     0  00:01       23.34
  SS4                  JUNCTION     0.08     0.08   448.08     0  00:10        0.08
  47                   JUNCTION    14.58    17.22   482.12     0  00:01       14.59
  48                   JUNCTION    10.86    12.72   483.72     0  00:01       10.87
  SondeGischeren       JUNCTION    15.29    15.34   480.34     0  00:10       15.34
  49                   JUNCTION    14.50    16.22   482.22     0  00:02       14.52
  50                   JUNCTION     9.09     9.12   472.12     0  00:10        9.12
  51                   JUNCTION    82.50    83.03   503.03     0  00:03       82.54
  Amont_C              JUNCTION    85.77    87.54   505.54     0  00:00       85.81
  52                   JUNCTION    15.35    31.26   488.26     0  00:03       15.39
  53                   JUNCTION    31.13    32.86   499.86     0  00:07       31.21
  54                   JUNCTION    32.28    34.39   497.39     0  00:07       32.44
  56                   JUNCTION     6.87     7.38   437.38     0  00:01        6.87
  2                    JUNCTION     0.59     0.60   438.60     0  00:10        0.60
  4                    JUNCTION     8.97     9.83   437.83     0  00:00        8.97
  5                    JUNCTION     6.30     6.32   478.82     0  00:03        6.31
  6                    JUNCTION    22.67    24.09   482.09     0  00:01       22.69
  7                    JUNCTION     3.79     3.80   478.80     0  00:03        3.79
  SS3                  JUNCTION     0.06     0.06   448.06     0  00:10        0.06
  SS5                  JUNCTION     0.66     0.66   439.56     0  00:08        0.66
  8                    JUNCTION     6.45     6.47   480.47     0  00:10        6.47
  10                   JUNCTION    12.49    14.26   482.26     0  00:02       12.51
  SonSto_SS5           JUNCTION     0.15     0.16   439.46     0  00:07        0.16
  SonSto_SS3           JUNCTION     0.08     0.08   439.78     0  00:10        0.08
  SonSto_SS4           JUNCTION     0.15     0.15   439.55     0  00:08        0.15
  Amont_Trappe         JUNCTION     0.23     0.25   437.95     0  00:01        0.23
  SonSto_SS6           JUNCTION     0.15     0.15   438.85     0  00:08        0.15
  SS2                  JUNCTION     0.00     0.00   448.00     0  00:00        0.00
  SonSto_SS2           JUNCTION     0.00     0.00   441.50     0  00:00        0.00
  12                   JUNCTION    30.63    30.99   479.99     0  00:03       30.65
  14                   JUNCTION    19.86    21.98   486.98     0  00:01       19.88
  15                   JUNCTION     0.40     0.40   472.40     0  00:03        0.40
  TWT_PointHaut_60+650 JUNCTION     0.00     0.00   438.50     0  00:00        0.00
  TWT_Fensterstollen_60+375 JUNCTION     0.12     0.12   441.42     0  00:10        0.12
  TWT_Acces_LT_60+110  JUNCTION     0.00     0.00   441.50     0  00:00        0.00
  TWT_Liaison_LT_59+738 JUNCTION     0.00     0.00   450.60     0  00:00        0.00
  Syst_Est_amont       JUNCTION     0.50     0.52   430.52     0  00:03        0.50
  Syst_Est_interm      JUNCTION    21.81    23.68   433.68     0  00:10       21.97
  TWT_Branche_Est_Sonsto_60+540 JUNCTION     0.00     0.00   442.40     0  00:00        0.00
  TWT_Intersection_Sonsto_60+345 JUNCTION     0.04     0.04   440.94     0  00:10        0.04
  TWT_Chrosweg_61+140  JUNCTION     0.00     0.00   432.00     0  00:00        0.00
  SonSto_F_sup         JUNCTION     0.06     0.07   448.07     0  00:03        0.07
  SonSto_porte         JUNCTION     0.35     0.38   438.88     0  00:07        0.35
  Brunnm_Fassung       OUTFALL      0.11     0.11   433.91     0  00:03        0.11
  Brunnmuehle(Teich)   OUTFALL      0.25     0.25   435.75     0  00:03        0.25
  Fensterstollen       OUTFALL      0.27     0.27   437.27     0  00:08        0.27
  Gischeren            OUTFALL      0.21     0.21   480.21     0  00:10        0.21
  Schuettstein         OUTFALL      0.27     0.27   477.82     0  00:03        0.27
  Holiloch             OUTFALL      1.84     1.84   478.34     0  00:03        1.84
  Sauserquelle         OUTFALL      0.38     0.38   435.93     0  00:01        0.38
  Entw_Stollen         OUTFALL      0.18     0.18   436.68     0  00:08        0.18
  Sous_lacustre        OUTFALL      0.11     0.11   429.31     0  00:03        0.11
  Sous_ecoul.          OUTFALL      0.00     0.00   433.00     0  00:03        0.00
  Syst_Est_aval        OUTFALL      0.34     0.34   429.34     0  00:10        0.34
  TWT_Portail_Est_61+665 OUTFALL      0.00     0.00   421.60     0  00:00        0.00
  
  
  *******************
  Node Inflow Summary
  *******************
  
  -------------------------------------------------------------------------------------------------
                                  Maximum  Maximum                  Lateral       Total        Flow
                                  Lateral    Total  Time of Max      Inflow      Inflow     Balance
                                   Inflow   Inflow   Occurrence      Volume      Volume       Error
  Node                 Type           CMS      CMS  days hr:min    10^6 ltr    10^6 ltr     Percent
  -------------------------------------------------------------------------------------------------
  9                    JUNCTION         0     14.5     0  00:00           0         907       0.013
  Holiloch_sonde       JUNCTION         0     13.5     0  00:00           0         858       0.009
  11                   JUNCTION         0    0.284     0  00:03           0        24.4       0.004
  13                   JUNCTION         0       15     0  00:00           0    1.04e+03       0.021
  21                   JUNCTION         0    0.488     0  00:03           0        41.8       0.003
  SonSto_F             JUNCTION         0     1.12     0  00:08           0        95.5      -0.043
  Sondierstollen       JUNCTION         0        0     0  00:00           0           0       0.000 ltr
  Aval_Trappe          JUNCTION         0      1.7     0  00:08           0         145      -0.008
  30                   JUNCTION         0     1.78     0  00:08           0         151       0.029
  Gischeren_node       JUNCTION         0    0.537     0  00:07           0        43.5       0.142
  34                   JUNCTION         0     0.45     0  00:03           0        38.5      -0.004
  38                   JUNCTION         0    0.268     0  00:01           0        22.1      -0.003
  SS6                  JUNCTION         0    0.164     0  00:02           0        13.5       0.001
  40                   JUNCTION         0     2.21     0  00:03           0         190      -0.001
  41                   JUNCTION         0     1.66     0  00:00           0        56.5       0.016
  SondeSchuettstein    JUNCTION         0    0.854     0  00:00           0        56.4       0.020
  SS4                  JUNCTION         0    0.141     0  00:10           0        12.1       0.003
  47                   JUNCTION         0     11.3     0  00:01           0         844       0.004
  48                   JUNCTION         0    0.693     0  00:01           0        56.4       0.009
  SondeGischeren       JUNCTION         0    0.415     0  00:05           0        27.8       0.178
  49                   JUNCTION         0      1.1     0  00:01           0        13.6       0.405
  50                   JUNCTION         0    0.181     0  00:03           0        13.3       0.016
  51                   JUNCTION         0     28.4     0  00:00           0    1.27e+03      -0.001
  Amont_C              JUNCTION      14.7     39.7     0  00:00    1.27e+03    1.27e+03       0.020
  52                   JUNCTION         0    0.301     0  00:03           0        19.7       0.110
  53                   JUNCTION         0    0.463     0  00:01           0        15.2       0.085
  54                   JUNCTION         0    0.387     0  00:07           0        15.1       0.608
  56                   JUNCTION         0      1.2     0  00:01           0         103       0.000
  2                    JUNCTION         0    0.387     0  00:08           0        30.3     620.460
  4                    JUNCTION         0    0.415     0  00:03           0        35.3       0.015
  5                    JUNCTION         0       10     0  00:02           0         844       0.031
  6                    JUNCTION         0     11.8     0  00:00           0         858       0.016
  7                    JUNCTION         0       10     0  00:02           0         844       0.033
  SS3                  JUNCTION         0    0.154     0  00:10           0        13.2       0.002
  SS5                  JUNCTION         0    0.401     0  00:08           0        32.6      -1.588
  8                    JUNCTION         0    0.706     0  00:05           0        56.9       0.134
  10                   JUNCTION         0    0.867     0  00:02           0        13.5       0.113
  SonSto_SS5           JUNCTION         0    0.489     0  00:08           0        41.7       0.076
  SonSto_SS3           JUNCTION         0   0.0831     0  00:10           0        7.16       0.015
  SonSto_SS4           JUNCTION         0    0.224     0  00:10           0        19.3       2.577
  Amont_Trappe         JUNCTION         0     1.06     0  00:08           0        90.3      -0.012
  SonSto_SS6           JUNCTION         0    0.642     0  00:08           0        55.1       0.114
  SS2                  JUNCTION         0        0     0  00:00           0           0       0.000 ltr
  SonSto_SS2           JUNCTION         0        0     0  00:00           0           0       0.000 ltr
  12                   JUNCTION         0    0.434     0  00:00           0        26.5       0.014
  14                   JUNCTION         0     2.33     0  00:01           0         154       0.030
  15                   JUNCTION         0    0.564     0  00:03           0        48.4       0.024
  TWT_PointHaut_60+650 JUNCTION         0        0     0  00:00           0           0       0.000 ltr
  TWT_Fensterstollen_60+375 JUNCTION         0    0.919     0  00:10           0        79.3       0.012
  TWT_Acces_LT_60+110  JUNCTION         0        0     0  00:00           0           0       0.000 ltr
  TWT_Liaison_LT_59+738 JUNCTION         0        0     0  00:00           0           0       0.000 ltr
  Syst_Est_amont       JUNCTION     0.735    0.735     0  00:00        63.5        63.5      24.928
  Syst_Est_interm      JUNCTION         0     0.78     0  00:04           0        50.8      -0.011
  TWT_Branche_Est_Sonsto_60+540 JUNCTION         0        0     0  00:00           0           0       0.000 ltr
  TWT_Intersection_Sonsto_60+345 JUNCTION         0    0.281     0  00:10           0        24.2       0.007
  TWT_Chrosweg_61+140  JUNCTION         0        0     0  00:00           0           0       0.000 ltr
  SonSto_F_sup         JUNCTION         0    0.563     0  00:03           0        48.4       0.001
  SonSto_porte         JUNCTION         0    0.281     0  00:10           0        24.2      -3.670
  Brunnm_Fassung       OUTFALL          0   0.0375     0  00:03           0        3.12       0.000
  Brunnmuehle(Teich)   OUTFALL          0    0.411     0  00:03           0        34.8       0.000
  Fensterstollen       OUTFALL          0     1.79     0  00:08           0         151       0.000
  Gischeren            OUTFALL          0    0.506     0  00:10           0        43.4       0.000
  Schuettstein         OUTFALL          0     0.66     0  00:03           0        56.4       0.000
  Holiloch             OUTFALL          0     9.86     0  00:03           0         844       0.000
  Sauserquelle         OUTFALL          0      1.2     0  00:01           0         103       0.000
  Entw_Stollen         OUTFALL          0   0.0489     0  00:10           0        4.21       0.000
  Sous_lacustre        OUTFALL          0   0.0397     0  00:03           0        3.34       0.000
  Sous_ecoul.          OUTFALL          0  0.00639     0  00:03           0       0.525       0.000
  Syst_Est_aval        OUTFALL          0    0.593     0  00:10           0        50.8       0.000
  TWT_Portail_Est_61+665 OUTFALL          0        0     0  00:00           0           0       0.000 ltr
  
  
  **********************
  Node Surcharge Summary
  **********************
  
  Surcharging occurs when water rises above the top of the highest conduit.
  ---------------------------------------------------------------------
                                               Max. Height   Min. Depth
                                   Hours       Above Crown    Below Rim
  Node                 Type      Surcharged         Meters       Meters
  ---------------------------------------------------------------------
  9                    JUNCTION       23.99         48.729       49.471
  Holiloch_sonde       JUNCTION       23.99         46.921      151.179
  11                   JUNCTION       24.00         53.922       95.618
  13                   JUNCTION       23.99         61.717      335.283
  21                   JUNCTION       24.00         42.682      106.718
  34                   JUNCTION       24.00         20.718       78.682
  38                   JUNCTION       24.00         26.883      122.517
  40                   JUNCTION       24.00         32.286       63.714
  41                   JUNCTION       23.99         63.968      185.182
  SondeSchuettstein    JUNCTION       23.98         24.545        0.000
  47                   JUNCTION       23.98         15.322       82.778
  48                   JUNCTION       23.98         11.924       87.276
  SondeGischeren       JUNCTION       23.94         14.140       84.660
  49                   JUNCTION       23.96          8.218      183.782
  50                   JUNCTION       23.94          8.825      190.875
  51                   JUNCTION       24.00         79.032      316.968
  Amont_C              JUNCTION       24.00         84.544      312.456
  52                   JUNCTION       23.94         30.860       68.740
  53                   JUNCTION       23.98         27.857      167.143
  54                   JUNCTION       23.87         29.388      165.612
  56                   JUNCTION       23.99          6.376       92.624
  4                    JUNCTION       23.99          9.181       90.169
  5                    JUNCTION       23.97          1.323       43.677
  6                    JUNCTION       23.98         19.086      175.914
  8                    JUNCTION       23.87          1.473      193.527
  10                   JUNCTION       23.96          6.262      185.738
  12                   JUNCTION       23.99         30.641      169.009
  14                   JUNCTION       23.97         17.980      178.020
  TWT_Liaison_LT_59+738 JUNCTION       24.00          0.000        0.000
  Syst_Est_interm      JUNCTION       23.82         22.182       76.318
  
  
  *********************
  Node Flooding Summary
  *********************
  
  No nodes were flooded.
  
  
  ***********************
  Outfall Loading Summary
  ***********************
  
  -----------------------------------------------------------
                         Flow       Avg       Max       Total
                         Freq      Flow      Flow      Volume
  Outfall Node           Pcnt       CMS       CMS    10^6 ltr
  -----------------------------------------------------------
  Brunnm_Fassung        99.94    0.0362    0.0375       3.124
  Brunnmuehle(Teich)    99.94     0.403     0.411      34.812
  Fensterstollen        99.94      1.74      1.79     150.606
  Gischeren             99.44     0.506     0.506      43.436
  Schuettstein          99.93     0.654      0.66      56.427
  Holiloch              99.89      9.78      9.86     843.740
  Sauserquelle          99.96      1.19       1.2     102.639
  Entw_Stollen          99.95    0.0487    0.0489       4.208
  Sous_lacustre        100.00    0.0387    0.0397       3.341
  Sous_ecoul.           99.94   0.00609   0.00639       0.525
  Syst_Est_aval         99.25     0.593     0.593      50.833
  TWT_Portail_Est_61+665   0.00         0         0       0.000
  -----------------------------------------------------------
  System                91.52        15        15    1293.691
  
  
  ********************
  Link Flow Summary
  ********************
  
  -----------------------------------------------------------------------------
                                 Maximum  Time of Max   Maximum    Max/    Max/
                                  |Flow|   Occurrence   |Veloc|    Full    Full
  Link                 Type          CMS  days hr:min     m/sec    Flow   Depth
  -----------------------------------------------------------------------------
  Brunn_Fassung_L      CONDUIT    0.0375     0  00:03      1.57    0.62    0.79
  11                   CONDUIT      13.5     0  00:00      7.25    2.01    1.00
  14                   CONDUIT      14.5     0  00:00     10.52    7.87    1.00
  16                   CONDUIT     0.284     0  00:03      3.32    1.98    1.00
  17                   CONDUIT     0.268     0  00:01      0.95    0.46    1.00
  26                   CONDUIT      1.66     0  00:00      2.92    2.25    1.00
  27                   CONDUIT    0.0623     0  00:08      1.81    0.80    0.86
  Gischeren_L          CONDUIT     0.506     0  00:10      0.73    0.07    0.59
  Schuettstein_L       CONDUIT      0.66     0  00:03      4.08    0.56    0.77
  Brunnmuehle_L        CONDUIT      0.45     0  00:03      1.59    0.21    1.00
  32                   CONDUIT         0     0  00:00      0.00    0.00    0.00
  35                   CONDUIT      0.27     0  00:05      0.35    0.05    1.00
  45                   CONDUIT      0.65     0  00:08      4.86    0.00    0.05
  46                   CONDUIT       1.2     0  00:01      4.23    1.19    1.00
  47                   CONDUIT      0.12     0  00:00      3.16    7.49    1.00
  50                   CONDUIT     0.693     0  00:01      2.38    0.13    1.00
  51                   CONDUIT     0.261     0  00:01      2.72    0.73    1.00
  53                   CONDUIT     0.268     0  00:01      1.61    1.36    1.00
  Fenster_L            CONDUIT      1.79     0  00:08      5.50    0.02    0.09
  58                   CONDUIT      1.71     0  00:08      4.82    0.02    0.10
  59                   CONDUIT     0.486     0  00:08      3.61    0.01    0.05
  61                   CONDUIT     0.854     0  00:00      4.02    1.20    1.00
  63                   CONDUIT     0.164     0  00:02      2.27    0.74    0.52
  66                   CONDUIT     0.181     0  00:03      2.73    2.38    1.00
  67                   CONDUIT      14.6     0  00:00      3.98    0.14    1.00
  Amont_L              CONDUIT      28.4     0  00:00      4.02    1.54    1.00
  69                   CONDUIT     0.301     0  00:03      2.54    1.18    1.00
  70                   CONDUIT     0.229     0  00:03      1.82    0.71    1.00
  71                   CONDUIT     0.463     0  00:01      2.01    0.82    1.00
  72                   CONDUIT     0.387     0  00:07      1.82    1.84    1.00
  Sauser_L             CONDUIT       1.2     0  00:01      2.07    0.30    0.69
  75                   CONDUIT     0.141     0  00:10      4.18    1.43    0.66
  Entw_Sto_L           CONDUIT    0.0489     0  00:10      1.92    1.13    1.00
  4                    CONDUIT    0.0337     0  00:07      1.23    1.51    1.00
  5                    CONDUIT    0.0279     0  00:05      1.18    1.00    1.00
  6                    CONDUIT    0.0397     0  00:03      1.51    0.59    0.78
  7                    CONDUIT     0.415     0  00:03      2.11    0.64    1.00
  Brunn_Teich_L        CONDUIT     0.411     0  00:03      1.68    0.31    0.69
  9                    CONDUIT   0.00639     0  00:03      1.61    0.00    0.51
  12                   CONDUIT        10     0  00:02      5.57    0.21    1.00
  15                   CONDUIT      11.8     0  00:00      5.60    0.30    1.00
  18                   CONDUIT      11.3     0  00:01      5.51    0.46    1.00
  19                   CONDUIT       1.1     0  00:01      1.37    1.04    1.00
  20                   CONDUIT      1.06     0  00:08      3.95    0.08    0.28
  21                   CONDUIT        10     0  00:02      1.02    0.07    0.88
  Hooliloch_L          CONDUIT      9.86     0  00:03      1.57    0.20    0.71
  23                   CONDUIT     0.154     0  00:10      3.50    0.96    0.60
  25                   CONDUIT     0.706     0  00:05      2.45    0.58    1.00
  28                   CONDUIT    0.0831     0  00:10      1.04    0.00    0.04
  29                   CONDUIT     0.103     0  00:08      0.76    0.00    0.05
  31                   CONDUIT     0.392     0  00:07      0.61    0.24    0.88
  33                   CONDUIT     0.867     0  00:02      0.84    0.33    1.00
  37                   CONDUIT     0.393     0  00:08      0.68    0.01    0.14
  SS3_L                CONDUIT    0.0831     0  00:10      2.67    0.00    0.03
  40                   CONDUIT      1.06     0  00:08      1.85    0.01    0.05
  SS6_L                CONDUIT     0.164     0  00:02      2.64    0.00    0.05
  1                    CONDUIT         0     0  00:00      0.00    0.00    0.01
  2                    CONDUIT         0     0  00:00      0.00    0.00    0.00
  3                    CONDUIT     0.141     0  00:10      3.42    0.01    0.12
  10                   CONDUIT     0.143     0  00:08      0.25    0.00    0.13
  13                   CONDUIT     0.434     0  00:00      4.83    0.94    1.00
  22                   CONDUIT     0.322     0  00:01      3.35    0.80    1.00
  24                   CONDUIT      2.33     0  00:01      3.34    0.00    1.00
  30                   CONDUIT      1.79     0  00:03      2.49    0.75    1.00
  34                   CONDUIT     0.564     0  00:03      2.59    0.63    0.87
  36                   CONDUIT     0.563     0  00:03      5.84    0.60    0.43
  38                   CONDUIT     0.415     0  00:05      2.77    0.16    1.00
  48                   CONDUIT      0.78     0  00:04      2.40    0.52    0.75
  54                   CONDUIT     0.593     0  00:10      0.52    0.11    0.63
  68                   CONDUIT      0.47     0  00:03      9.04    0.00    0.04
  73                   CONDUIT     0.328     0  00:08      0.82    0.08    0.24
  TWT1                 CONDUIT         0     0  00:00      0.00    0.00    0.00
  TWT2                 CONDUIT         0     0  00:00      0.00    0.00    0.00
  TWT3                 CONDUIT         0     0  00:00      0.00    0.00    0.00
  TWT4                 CONDUIT         0     0  00:00      0.00    0.00    0.01
  1_2_b_               CONDUIT         0     0  00:00      0.00    0.00    0.00
  1_2_b_2              CONDUIT    0.0925     0  00:03      3.82    0.04    0.18
  1_2_b_3              CONDUIT     0.758     0  00:03      5.98    0.52    0.62
  1_2_b_5              CONDUIT    0.0706     0  00:10      3.07    0.03    0.17
  1_3_b_1              CONDUIT         0     0  00:00      0.00    0.00    0.50
  TWT5                 CONDUIT     0.281     0  00:10      3.06    0.00    0.01
  1_4_a                CONDUIT     0.638     0  00:10      3.10    0.00    0.07
  TWT6                 CONDUIT         0     0  00:00      0.00    0.00    0.00
  1_4_b                CONDUIT     0.281     0  00:10      8.32    0.00    0.07
  
  
  ***************************
  Flow Classification Summary
  ***************************
  
  -------------------------------------------------------------------------------------
                      Adjusted    ---------- Fraction of Time in Flow Class ---------- 
                       /Actual         Up    Down  Sub   Sup   Up    Down  Norm  Inlet 
  Conduit               Length    Dry  Dry   Dry   Crit  Crit  Crit  Crit  Ltd   Ctrl  
  -------------------------------------------------------------------------------------
  Brunn_Fassung_L         1.00   0.00  0.00  0.00  0.00  1.00  0.00  0.00  0.00  0.00
  11                      1.00   0.00  0.00  0.00  1.00  0.00  0.00  0.00  0.00  0.00
  14                      1.00   0.00  0.00  0.00  1.00  0.00  0.00  0.00  0.00  0.00
  16                      1.00   0.00  0.00  0.00  1.00  0.00  0.00  0.00  0.00  0.00
  17                      1.00   0.00  0.00  0.00  1.00  0.00  0.00  0.00  0.00  0.00
  26                      1.00   0.00  0.00  0.00  1.00  0.00  0.00  0.00  0.00  0.00
  27                      1.00   0.00  0.00  0.00  0.00  1.00  0.00  0.00  0.00  0.00
  Gischeren_L             1.00   0.00  0.00  0.00  0.99  0.00  0.00  0.00  0.00  0.00
  Schuettstein_L          1.00   0.00  0.00  0.00  0.00  1.00  0.00  0.00  0.00  0.00
  Brunnmuehle_L           1.00   0.00  0.00  0.00  1.00  0.00  0.00  0.00  0.00  0.00
  32                      1.00   1.00  0.00  0.00  0.00  0.00  0.00  0.00  0.00  0.00
  35                      1.00   0.00  0.00  0.00  1.00  0.00  0.00  0.00  0.00  0.00
  45                      1.00   0.00  0.00  0.00  0.00  1.00  0.00  0.00  1.00  0.00
  46                      1.00   0.00  0.00  0.00  1.00  0.00  0.00  0.00  0.00  0.00
  47                      1.00   0.00  0.00  0.00  1.00  0.00  0.00  0.00  0.00  0.00
  50                      1.00   0.00  0.00  0.00  1.00  0.00  0.00  0.00  0.00  0.00
  51                      1.00   0.00  0.00  0.00  1.00  0.00  0.00  0.00  0.00  0.00
  53                      1.00   0.00  0.00  0.00  1.00  0.00  0.00  0.00  0.00  0.00
  Fenster_L               1.00   0.00  0.00  0.00  0.00  1.00  0.00  0.00  0.00  0.00
  58                      1.00   0.00  0.00  0.00  0.00  1.00  0.00  0.00  1.00  0.00
  59                      1.00   0.00  0.00  0.00  0.00  1.00  0.00  0.00  0.00  0.00
  61                      1.00   0.00  0.00  0.00  1.00  0.00  0.00  0.00  0.00  0.00
  63                      1.00   0.00  0.00  0.00  1.00  0.00  0.00  0.00  0.00  0.00
  66                      1.00   0.00  0.00  0.00  1.00  0.00  0.00  0.00  0.00  0.00
  67                      1.00   0.00  0.00  0.00  1.00  0.00  0.00  0.00  0.00  0.00
  Amont_L                 1.00   0.00  0.00  0.00  1.00  0.00  0.00  0.00  0.00  0.00
  69                      1.00   0.00  0.00  0.00  1.00  0.00  0.00  0.00  0.00  0.00
  70                      1.00   0.00  0.00  0.00  1.00  0.00  0.00  0.00  0.00  0.00
  71                      1.00   0.00  0.00  0.00  1.00  0.00  0.00  0.00  0.00  0.00
  72                      1.00   0.00  0.00  0.00  1.00  0.00  0.00  0.00  0.00  0.00
  Sauser_L                1.00   0.00  0.00  0.00  1.00  0.00  0.00  0.00  0.00  0.00
  75                      1.00   0.00  0.00  0.00  0.00  1.00  0.00  0.00  0.00  0.00
  Entw_Sto_L              1.00   0.00  0.00  0.00  1.00  0.00  0.00  0.00  0.00  0.00
  4                       1.00   0.00  0.00  0.00  1.00  0.00  0.00  0.00  0.00  0.00
  5                       1.00   0.00  0.00  0.00  1.00  0.00  0.00  0.00  0.00  0.00
  6                       1.00   0.00  0.00  0.00  0.00  1.00  0.00  0.00  0.00  0.00
  7                       1.00   0.00  0.00  0.00  1.00  0.00  0.00  0.00  0.00  0.00
  Brunn_Teich_L           1.00   0.00  0.00  0.00  1.00  0.00  0.00  0.00  0.00  0.00
  9                       1.00   0.00  0.00  0.00  0.00  1.00  0.00  0.00  0.00  0.00
  12                      1.00   0.00  0.00  0.00  1.00  0.00  0.00  0.00  0.00  0.00
  15                      1.00   0.00  0.00  0.00  1.00  0.00  0.00  0.00  0.00  0.00
  18                      1.00   0.00  0.00  0.00  1.00  0.00  0.00  0.00  0.00  0.00
  19                      1.00   0.00  0.00  0.00  1.00  0.00  0.00  0.00  0.00  0.00
  20                      1.00   0.00  0.00  0.00  0.00  1.00  0.00  0.00  0.00  0.00
  21                      1.00   0.00  0.00  0.00  1.00  0.00  0.00  0.00  0.00  0.00
  Hooliloch_L             1.00   0.00  0.00  0.00  1.00  0.00  0.00  0.00  0.00  0.00
  23                      1.00   0.00  0.00  0.00  0.00  1.00  0.00  0.00  0.00  0.00
  25                      1.00   0.00  0.00  0.00  1.00  0.00  0.00  0.00  0.00  0.00
  28                      1.00   0.00  0.00  0.00  0.00  1.00  0.00  0.00  1.00  0.00
  29                      1.00   0.00  0.00  0.00  1.00  0.00  0.00  0.00  1.00  0.00
  31                      1.00   0.00  0.00  0.00  1.00  0.00  0.00  0.00  0.00  0.00
  33                      1.00   0.00  0.00  0.00  1.00  0.00  0.00  0.00  0.00  0.00
  37                      1.00   0.00  0.00  0.00  1.00  0.00  0.00  0.00  0.00  0.00
  SS3_L                   1.00   0.00  0.00  0.00  0.00  1.00  0.00  0.00  1.00  0.00
  40                      1.00   0.00  0.00  0.00  0.00  1.00  0.00  0.00  0.00  0.00
  SS6_L                   1.00   0.00  0.00  0.00  0.00  1.00  0.00  0.00  1.00  0.00
  1                       1.00   0.00  1.00  0.00  0.00  0.00  0.00  0.00  0.00  0.00
  2                       1.00   1.00  0.00  0.00  0.00  0.00  0.00  0.00  0.00  0.00
  3                       1.00   0.00  0.00  0.00  0.00  1.00  0.00  0.00  1.00  0.00
  10                      1.00   0.00  0.00  0.00  1.00  0.00  0.00  0.00  0.00  0.00
  13                      1.00   0.00  0.00  0.00  1.00  0.00  0.00  0.00  0.00  0.00
  22                      1.00   0.00  0.00  0.00  1.00  0.00  0.00  0.00  0.00  0.00
  24                      1.00   0.00  0.00  0.00  1.00  0.00  0.00  0.00  0.00  0.00
  30                      1.00   0.00  0.00  0.00  1.00  0.00  0.00  0.00  0.00  0.00
  34                      1.00   0.00  0.00  0.00  0.00  1.00  0.00  0.00  0.00  0.00
  36                      1.00   0.00  0.00  0.00  0.00  1.00  0.00  0.00  0.00  0.00
  38                      1.00   0.00  0.00  0.00  1.00  0.00  0.00  0.00  0.00  0.00
  48                      1.00   0.00  0.00  0.00  1.00  0.00  0.00  0.00  0.00  0.00
  54                      1.00   0.00  0.01  0.00  0.99  0.00  0.00  0.00  0.00  0.00
  68                      1.00   0.00  0.00  0.00  0.00  1.00  0.00  0.00  1.00  0.00
  73                      1.00   0.00  0.00  0.00  1.00  0.00  0.00  0.00  0.99  0.00
  TWT1                    1.00   1.00  0.00  0.00  0.00  0.00  0.00  0.00  0.00  0.00
  TWT2                    1.00   1.00  0.00  0.00  0.00  0.00  0.00  0.00  0.00  0.00
  TWT3                    1.00   1.00  0.00  0.00  0.00  0.00  0.00  0.00  0.00  0.00
  TWT4                    1.00   0.00  1.00  0.00  0.00  0.00  0.00  0.00  0.00  0.00
  1_2_b_                  1.00   1.00  0.00  0.00  0.00  0.00  0.00  0.00  0.00  0.00
  1_2_b_2                 1.00   0.00  0.00  0.00  0.00  1.00  0.00  0.00  1.00  0.00
  1_2_b_3                 1.00   0.00  0.00  0.00  0.00  1.00  0.00  0.00  0.00  0.00
  1_2_b_5                 1.00   0.00  0.00  0.00  0.00  1.00  0.00  0.00  1.00  0.00
  1_3_b_1                 1.00   0.00  1.00  0.00  0.00  0.00  0.00  0.00  0.00  0.00
  TWT5                    1.00   0.00  0.00  0.00  0.00  1.00  0.00  0.00  0.00  0.00
  1_4_a                   1.00   0.00  0.00  0.00  0.00  1.00  0.00  0.00  1.00  0.00
  TWT6                    1.00   0.00  1.00  0.00  0.00  0.00  0.00  0.00  0.00  0.00
  1_4_b                   1.00   0.00  0.00  0.00  0.00  1.00  0.00  0.00  1.00  0.00
  
  
  *************************
  Conduit Surcharge Summary
  *************************
  
  ----------------------------------------------------------------------------
                                                           Hours        Hours 
                         --------- Hours Full --------   Above Full   Capacity
  Conduit                Both Ends  Upstream  Dnstream   Normal Flow   Limited
  ----------------------------------------------------------------------------
  Brunn_Fassung_L             0.01      0.01     24.00      0.01         0.01
  11                         23.99     23.99     23.99     23.99         0.01
  14                         23.99     23.99     23.99     23.99         0.01
  16                         24.00     24.00     24.00     23.99        23.99
  17                         24.00     24.00     24.00      0.01         0.01
  26                         23.99     23.99     23.99      0.01         0.01
  27                          0.01      0.01     23.97      0.01         0.01
  Gischeren_L                 0.01      0.01     23.86      0.01         0.01
  Schuettstein_L              0.01      0.01     23.98      0.01         0.01
  Brunnmuehle_L              24.00     24.00     24.00      0.01         0.01
  35                         23.89     23.89     23.94      0.01         0.01
  46                         24.00     24.00     24.00     23.97         0.01
  47                         24.00     24.00     24.00     24.00        24.00
  50                         23.98     23.98     23.98      0.01         0.01
  51                         23.98     23.98     24.00      0.01         0.01
  53                         24.00     24.00     24.00     23.99         0.01
  61                         23.99     23.99     23.99      0.01         0.01
  63                          0.01     23.97      0.01      0.01         0.01
  66                         23.94     23.97     23.94     23.97        23.94
  67                         23.99     23.99     24.00      0.01         0.01
  Amont_L                    24.00     24.00     24.00      0.01         0.01
  69                         23.94     23.94     24.00      0.02         0.01
  70                         23.94     23.94     24.00      0.01         0.01
  71                         23.98     23.98     23.99      0.01         0.01
  72                         23.87     23.98     23.87      0.10         0.01
  Sauser_L                    0.01      0.01     24.00      0.01         0.01
  75                          0.01     23.97      0.01     23.87         0.01
  Entw_Sto_L                 23.86     23.91     23.86     23.91        23.86
  4                          23.90     23.97     23.90     23.92        23.90
  5                          23.91     23.91     24.00      0.01         0.01
  6                           0.01      0.01     24.00      0.01         0.01
  7                          23.99     23.99     24.00      0.01         0.01
  Brunn_Teich_L               0.01      0.01     23.99      0.01         0.01
  9                           0.01      0.01     23.99      0.01         0.01
  12                         23.98     23.98     23.98      0.01         0.01
  15                         23.99     23.99     23.99      0.01         0.01
  18                         23.98     23.98     23.98      0.01         0.01
  19                         23.97     23.97     23.98      0.01         0.01
  21                          0.01      0.01     23.97      0.01         0.01
  23                          0.01     23.94      0.01      0.01         0.01
  25                         23.91     23.91     23.99      0.01         0.01
  31                          0.01      0.01     23.87      0.01         0.01
  33                         23.96     23.96     23.96      0.01         0.01
  13                         23.99     23.99     24.00      0.01         0.01
  22                         23.99     23.99     24.00      0.01         0.01
  24                         23.97     23.97     24.00      0.01         0.01
  30                         23.97     23.97     24.00      0.01         0.01
  34                          0.01      0.01     23.99      0.01         0.01
  38                         23.92     23.92     23.95      0.01         0.01
  48                          0.01      0.01     23.87      0.01         0.01
  54                          0.01      0.01     23.82      0.01         0.01
  1_2_b_3                     0.01      0.01     23.99      0.01         0.01
  

  Analysis begun on:  Thu Aug 20 11:46:39 2026
  Analysis ended on:  Thu Aug 20 11:46:41 2026
  Total elapsed time: 00:00:02