
  EPA STORM WATER MANAGEMENT MODEL - VERSION 5.2 (Build 5.2.4)
  ------------------------------------------------------------

  Brunnmuehle (Twann) 
  WARNING 08: elevation drop exceeds length for Conduit SS3_L
  WARNING 08: elevation drop exceeds length for Conduit SS6_L
  WARNING 08: elevation drop exceeds length for Conduit 2
  WARNING 08: elevation drop exceeds length for Conduit 3
  WARNING 08: elevation drop exceeds length for Conduit 68
  WARNING 08: elevation drop exceeds length for Conduit 1_2_b_
  WARNING 08: elevation drop exceeds length for Conduit 1_2_b_2
  WARNING 08: elevation drop exceeds length for Conduit 1_2_b_4
  WARNING 08: elevation drop exceeds length for Conduit 1_4_b
  WARNING 08: elevation drop exceeds length for Conduit 1_5_a
  WARNING 02: maximum depth increased for Node 2
  
  ****************
  Analysis Options
  ****************
  Flow Units ............... CMS
  Process Models:
    Rainfall/Runoff ........ NO
    RDII ................... NO
    Snowmelt ............... NO
    Groundwater ............ NO
    Flow Routing ........... YES
    Ponding Allowed ........ NO
    Water Quality .......... NO
  Flow Routing Method ...... DYNWAVE
  Surcharge Method ......... EXTRAN
  Starting Date ............ 01/01/2000 00:00:00
  Ending Date .............. 01/02/2000 00:00:00
  Antecedent Dry Days ...... 0.0
  Report Time Step ......... 01:00:00
  Routing Time Step ........ 0.50 sec
  Variable Time Step ....... YES
  Maximum Trials ........... 8
  Number of Threads ........ 1
  Head Tolerance ........... 0.001500 m
  
  
  **************************        Volume        Volume
  Flow Routing Continuity        hectare-m      10^6 ltr
  **************************     ---------     ---------
  Dry Weather Inflow .......         0.000         0.000
  Wet Weather Inflow .......         0.000         0.000
  Groundwater Inflow .......         0.000         0.000
  RDII Inflow ..............         0.000         0.000
  External Inflow ..........       133.343      1333.445
  External Outflow .........       126.426      1264.275
  Flooding Loss ............         0.000         0.000
  Evaporation Loss .........         0.000         0.000
  Exfiltration Loss ........         0.000         0.000
  Initial Stored Volume ....         0.056         0.561
  Final Stored Volume ......         0.418         4.180
  Continuity Error (%) .....         4.914
  
  
  *************************
  Highest Continuity Errors
  *************************
  Node TWT_Acces_LT_60+110 (100.00%)
  Node Amont_Trappe (30.75%)
  Node 2 (28.94%)
  Node 30 (-23.62%)
  Node TWT_Intersection_Sonsto_60+345 (12.88%)
  
  
  ***************************
  Time-Step Critical Elements
  ***************************
  Link 20 (11146.77%)
  Link 1_2_b_2 (3.42%)
  Link 1_4_a (2.97%)
  Link 1_2_b_4 (2.33%)
  
  
  ********************************
  Highest Flow Instability Indexes
  ********************************
  All links are stable.
  
  
  *********************************
  Most Frequent Nonconverging Nodes
  *********************************
  Node Brunnm_Fassung (36.05%)
  Node Brunnmuehle(Teich) (36.05%)
  Node Fensterstollen (36.05%)
  Node Gischeren (36.05%)
  Node Schuettstein (36.05%)
  
  
  *************************
  Routing Time Step Summary
  *************************
  Minimum Time Step           :     0.50 sec
  Average Time Step           :     0.50 sec
  Maximum Time Step           :     0.50 sec
  % of Time in Steady State   :    99.10
  Average Iterations per Step :     6.92
  % of Steps Not Converging   :    36.05
  Time Step Frequencies       :
      0.500 -  0.500 sec      :   100.00 %
      0.500 -  0.500 sec      :     0.00 %
      0.500 -  0.500 sec      :     0.00 %
      0.500 -  0.500 sec      :     0.00 %
      0.500 -  0.500 sec      :     0.00 %
  
  
  ******************
  Node Depth Summary
  ******************
  
  ---------------------------------------------------------------------------------
                                 Average  Maximum  Maximum  Time of Max    Reported
                                   Depth    Depth      HGL   Occurrence   Max Depth
  Node                 Type       Meters   Meters   Meters  days hr:min      Meters
  ---------------------------------------------------------------------------------
  9                    JUNCTION    45.09    47.45   485.95     0  00:00       45.12
  Holiloch_sonde       JUNCTION    41.26    45.85   485.85     0  00:00       41.29
  11                   JUNCTION    50.04    51.22   461.22     0  00:04       50.06
  13                   JUNCTION    57.10    57.38   495.38     0  00:04       57.13
  21                   JUNCTION    41.53    42.57   442.57     0  00:04       41.54
  SonSto_F             JUNCTION     0.29     0.29   438.09     0  00:12        0.29
  Sondierstollen       JUNCTION     0.00     0.00   440.80     0  00:00        0.00
  Aval_Trappe          JUNCTION     0.37     0.61   438.21     0  00:12        0.37
  30                   JUNCTION     0.39     0.41   437.71     0  00:12        0.39
  Gischeren_node       JUNCTION     3.74     3.76   480.26     0  00:11        3.76
  34                   JUNCTION    19.94    20.55   440.55     0  00:04       19.95
  38                   JUNCTION    24.96    25.93   445.93     0  00:04       24.97
  SS6                  JUNCTION     0.07     0.07   448.07     0  00:02        0.07
  40                   JUNCTION    43.59    45.70   464.70     0  00:01       43.62
  41                   JUNCTION    57.33    57.60   495.10     0  00:04       57.36
  SondeSchuettstein    JUNCTION    22.19    23.84   482.84     0  00:01       22.21
  SS4                  JUNCTION     0.05     0.05   448.05     0  00:10        0.05
  47                   JUNCTION    14.20    15.54   480.44     0  00:01       14.21
  48                   JUNCTION     9.86    11.30   482.30     0  00:01        9.87
  SondeGischeren       JUNCTION    15.21    15.27   480.27     0  00:11       15.26
  49                   JUNCTION    13.75    15.36   481.36     0  00:02       13.77
  50                   JUNCTION     8.64     8.69   471.69     0  00:12        8.68
  51                   JUNCTION    75.44    75.72   495.72     0  00:04       75.47
  Amont_C              JUNCTION    78.70    87.54   505.54     0  00:00       78.74
  52                   JUNCTION    11.47    21.89   478.89     0  00:04       11.51
  53                   JUNCTION    24.82    26.54   493.54     0  00:10       24.90
  54                   JUNCTION    26.49    28.60   491.60     0  00:10       26.67
  56                   JUNCTION     7.15     7.85   437.85     0  00:01        7.15
  2                    JUNCTION     0.14     0.14   438.14     0  00:12        0.14
  4                    JUNCTION     8.86     9.45   437.45     0  00:00        8.87
  5                    JUNCTION     6.13     6.15   478.65     0  00:04        6.14
  6                    JUNCTION    21.94    22.02   480.02     0  00:02       21.96
  7                    JUNCTION     3.62     3.63   478.63     0  00:04        3.63
  SS3                  JUNCTION     0.08     0.08   448.08     0  00:12        0.08
  SS5                  JUNCTION     0.67     0.67   439.57     0  00:10        0.67
  8                    JUNCTION     6.33     6.37   480.37     0  00:11        6.36
  10                   JUNCTION    11.76    13.40   481.40     0  00:02       11.78
  SonSto_SS5           JUNCTION     0.16     0.17   439.47     0  00:10        0.16
  SonSto_SS3           JUNCTION     0.10     0.10   439.80     0  00:12        0.10
  SonSto_SS4           JUNCTION     0.17     0.17   439.57     0  00:10        0.17
  Amont_Trappe         JUNCTION     0.25     0.51   438.21     0  00:12        0.25
  SonSto_SS6           JUNCTION     0.15     0.15   438.85     0  00:10        0.15
  SS2                  JUNCTION     0.00     0.00   448.00     0  00:00        0.00
  SonSto_SS2           JUNCTION     0.00     0.00   441.50     0  00:00        0.00
  12                   JUNCTION    31.12    31.33   480.33     0  00:04       31.15
  14                   JUNCTION    18.63    22.32   487.32     0  00:01       18.65
  15                   JUNCTION     0.37     0.37   472.37     0  00:04        0.37
  TWT_PointHaut_60+650 JUNCTION     0.00     0.00   438.50     0  00:00        0.00
  TWT_Fensterstollen_60+375 JUNCTION     0.87     0.87   438.17     0  00:12        0.87
  TWT_Acces_LT_60+110  JUNCTION     0.67     0.67   438.17     0  00:12        0.67
  TWT_Liaison_LT_59+738 JUNCTION     0.00     0.00   450.60     0  00:00        0.00
  Syst_Est_amont       JUNCTION     0.80     0.80   430.80     0  00:12        0.80
  Syst_Est_interm      JUNCTION    19.42    23.68   433.68     0  00:10       19.56
  TWT_Branche_Est_Sonsto_60+540 JUNCTION     0.00     0.00   442.40     0  00:00        0.00
  TWT_Intersection_Sonsto_60+345 JUNCTION     1.18     1.18   438.18     0  00:12        1.18
  TWT_Chrosweg_61+140  JUNCTION     0.00     0.00   432.00     0  00:00        0.00
  SonSto_F_sup         JUNCTION     0.06     0.06   448.06     0  00:04        0.06
  SonSto_porte         JUNCTION     0.00     0.00   438.50     0  00:00        0.00
  Brunnm_Fassung       OUTFALL      0.10     0.10   433.90     0  00:04        0.10
  Brunnmuehle(Teich)   OUTFALL      0.24     0.24   435.74     0  00:04        0.24
  Fensterstollen       OUTFALL      0.36     0.36   437.36     0  00:12        0.36
  Gischeren            OUTFALL      0.18     0.18   480.18     0  00:11        0.18
  Schuettstein         OUTFALL      0.24     0.24   477.79     0  00:04        0.24
  Holiloch             OUTFALL      1.72     1.72   478.22     0  00:04        1.72
  Sauserquelle         OUTFALL      0.42     0.42   435.97     0  00:04        0.42
  Entw_Stollen         OUTFALL      0.14     0.14   436.64     0  00:12        0.14
  Sous_lacustre        OUTFALL      0.11     0.11   429.31     0  00:04        0.11
  Sous_ecoul.          OUTFALL      0.00     0.00   433.00     0  00:04        0.00
  Syst_Est_aval        OUTFALL      0.28     0.34   429.34     0  00:10        0.28
  TWT_Portail_Est_61+665 OUTFALL      0.00     0.00   421.60     0  00:00        0.00
  
  
  *******************
  Node Inflow Summary
  *******************
  
  -------------------------------------------------------------------------------------------------
                                  Maximum  Maximum                  Lateral       Total        Flow
                                  Lateral    Total  Time of Max      Inflow      Inflow     Balance
                                   Inflow   Inflow   Occurrence      Volume      Volume       Error
  Node                 Type           CMS      CMS  days hr:min    10^6 ltr    10^6 ltr     Percent
  -------------------------------------------------------------------------------------------------
  9                    JUNCTION         0     13.1     0  00:00           0         762       0.008
  Holiloch_sonde       JUNCTION         0     12.4     0  00:00           0         719       0.022
  11                   JUNCTION         0    0.268     0  00:02           0        23.1      -0.003
  13                   JUNCTION         0     15.2     0  00:00           0    1.07e+03       0.027
  21                   JUNCTION         0    0.461     0  00:04           0        39.5       0.005
  SonSto_F             JUNCTION         0      1.1     0  00:12           0        94.5      -7.663
  Sondierstollen       JUNCTION         0        0     0  00:00           0           0       0.000 ltr
  Aval_Trappe          JUNCTION         0     4.37     0  00:12           0         233       7.406
  30                   JUNCTION         0     3.59     0  00:12           0         222     -19.109
  Gischeren_node       JUNCTION         0    0.419     0  00:09           0        33.2       0.131
  34                   JUNCTION         0    0.425     0  00:04           0        36.2       0.001
  38                   JUNCTION         0    0.252     0  00:01           0        20.9      -0.001
  SS6                  JUNCTION         0     0.16     0  00:02           0        13.2       0.000
  40                   JUNCTION         0     1.81     0  00:04           0         156      -0.002
  41                   JUNCTION         0     1.67     0  00:00           0        47.3       0.081
  SondeSchuettstein    JUNCTION         0    0.733     0  00:00           0        47.2       0.054
  SS4                  JUNCTION         0    0.126     0  00:10           0        10.8       0.000
  47                   JUNCTION         0      9.7     0  00:01           0         705      -0.028
  48                   JUNCTION         0    0.583     0  00:01           0        47.2      -0.011
  SondeGischeren       JUNCTION         0     0.36     0  00:06           0        23.2       0.232
  49                   JUNCTION         0     1.02     0  00:01           0        13.3      -0.191
  50                   JUNCTION         0    0.181     0  00:04           0        13.5       0.019
  51                   JUNCTION         0     28.4     0  00:00           0    1.27e+03      -0.004
  Amont_C              JUNCTION      14.7     39.7     0  00:00    1.27e+03    1.27e+03       0.016
  52                   JUNCTION         0    0.276     0  00:03           0        18.6       0.115
  53                   JUNCTION         0    0.404     0  00:01           0        13.6       0.091
  54                   JUNCTION         0    0.346     0  00:09           0        13.6       0.794
  56                   JUNCTION         0     1.47     0  00:04           0         127      -0.001
  2                    JUNCTION         0   0.0578     0  00:12           0        4.98      40.722
  4                    JUNCTION         0    0.391     0  00:04           0        33.3       0.015
  5                    JUNCTION         0     8.44     0  00:01           0         705       0.040
  6                    JUNCTION         0     10.5     0  00:00           0         719       0.017
  7                    JUNCTION         0     8.38     0  00:02           0         705       0.057
  SS3                  JUNCTION         0    0.157     0  00:11           0        13.5       0.002
  SS5                  JUNCTION         0    0.416     0  00:10           0        35.7       0.017
  8                    JUNCTION         0    0.599     0  00:06           0        46.9       0.190
  10                   JUNCTION         0    0.812     0  00:02           0        13.4       1.139
  SonSto_SS5           JUNCTION         0    0.544     0  00:10           0        46.9       0.005
  SonSto_SS3           JUNCTION         0    0.157     0  00:11           0        13.5       0.012
  SonSto_SS4           JUNCTION         0    0.211     0  00:10           0        18.2       0.011
  Amont_Trappe         JUNCTION         0     1.47     0  00:12           0        96.5      44.399
  SonSto_SS6           JUNCTION         0    0.698     0  00:10           0        60.1       0.003
  SS2                  JUNCTION         0        0     0  00:00           0           0       0.000 ltr
  SonSto_SS2           JUNCTION         0        0     0  00:00           0           0       0.000 ltr
  12                   JUNCTION         0    0.386     0  00:00           0        21.7       0.021
  14                   JUNCTION         0     2.05     0  00:01           0         126       0.042
  15                   JUNCTION         0      0.5     0  00:04           0          43       0.025
  TWT_PointHaut_60+650 JUNCTION         0        0     0  00:00           0           0       0.000 ltr
  TWT_Fensterstollen_60+375 JUNCTION         0     2.13     0  00:12           0         171       3.400
  TWT_Acces_LT_60+110  JUNCTION         0     1.75     0  00:06           0        19.619617807.833 ltr
  TWT_Liaison_LT_59+738 JUNCTION         0        0     0  00:00           0           0       0.000 ltr
  Syst_Est_amont       JUNCTION     0.735    0.735     0  00:00        63.5        63.5      83.024
  Syst_Est_interm      JUNCTION         0    0.781     0  00:04           0        34.7       1.208
  TWT_Branche_Est_Sonsto_60+540 JUNCTION         0        0     0  00:00           0           0       0.000 ltr
  TWT_Intersection_Sonsto_60+345 JUNCTION         0     2.46     0  00:03           0         202      14.784
  TWT_Chrosweg_61+140  JUNCTION         0        0     0  00:00           0           0       0.000 ltr
  SonSto_F_sup         JUNCTION         0      0.5     0  00:04           0          43       0.001
  SonSto_porte         JUNCTION         0        0     0  00:00           0           0       0.000 ltr
  Brunnm_Fassung       OUTFALL          0   0.0355     0  00:04           0        2.97       0.000
  Brunnmuehle(Teich)   OUTFALL          0    0.387     0  00:04           0        32.7       0.000
  Fensterstollen       OUTFALL          0      3.2     0  00:12           0         275       0.000
  Gischeren            OUTFALL          0    0.386     0  00:11           0        33.1       0.000
  Schuettstein         OUTFALL          0    0.551     0  00:04           0        47.2       0.000
  Holiloch             OUTFALL          0     8.21     0  00:04           0         705       0.000
  Sauserquelle         OUTFALL          0     1.47     0  00:04           0         127       0.000
  Entw_Stollen         OUTFALL          0   0.0411     0  00:12           0        3.54       0.000
  Sous_lacustre        OUTFALL          0   0.0381     0  00:04           0        3.22       0.000
  Sous_ecoul.          OUTFALL          0  0.00619     0  00:04           0       0.518       0.000
  Syst_Est_aval        OUTFALL          0    0.593     0  00:10           0        34.3       0.000
  TWT_Portail_Est_61+665 OUTFALL          0        0     0  00:00           0           0       0.000 ltr
  
  
  **********************
  Node Surcharge Summary
  **********************
  
  Surcharging occurs when water rises above the top of the highest conduit.
  ---------------------------------------------------------------------
                                               Max. Height   Min. Depth
                                   Hours       Above Crown    Below Rim
  Node                 Type      Surcharged         Meters       Meters
  ---------------------------------------------------------------------
  9                    JUNCTION       23.99         45.649       52.551
  Holiloch_sonde       JUNCTION       23.99         43.954      154.146
  11                   JUNCTION       24.00         50.760       98.780
  13                   JUNCTION       23.99         54.377      342.623
  21                   JUNCTION       24.00         41.966      107.434
  34                   JUNCTION       24.00         19.954       79.446
  38                   JUNCTION       24.00         25.333      124.067
  40                   JUNCTION       24.00         41.702       54.298
  41                   JUNCTION       23.99         56.748      192.402
  SondeSchuettstein    JUNCTION       23.98         23.041        0.000
  47                   JUNCTION       23.98         13.638       84.462
  48                   JUNCTION       23.98         10.497       88.703
  SondeGischeren       JUNCTION       23.93         14.074       84.726
  49                   JUNCTION       23.96          7.356      184.644
  50                   JUNCTION       23.92          8.386      191.314
  51                   JUNCTION       24.00         71.718      324.282
  Amont_C              JUNCTION       24.00         84.541      312.459
  52                   JUNCTION       23.93         21.493       78.107
  53                   JUNCTION       23.97         21.542      173.458
  54                   JUNCTION       23.83         23.598      171.402
  56                   JUNCTION       23.99          6.850       92.150
  4                    JUNCTION       23.99          8.801       90.549
  5                    JUNCTION       23.97          1.147       43.853
  6                    JUNCTION       23.98         17.018      177.982
  8                    JUNCTION       23.84          1.366      193.634
  10                   JUNCTION       23.96          5.399      186.601
  12                   JUNCTION       23.98         30.976      168.674
  14                   JUNCTION       23.97         18.315      177.685
  Syst_Est_interm      JUNCTION       23.82         22.179       76.321
  
  
  *********************
  Node Flooding Summary
  *********************
  
  No nodes were flooded.
  
  
  ***********************
  Outfall Loading Summary
  ***********************
  
  -----------------------------------------------------------
                         Flow       Avg       Max       Total
                         Freq      Flow      Flow      Volume
  Outfall Node           Pcnt       CMS       CMS    10^6 ltr
  -----------------------------------------------------------
  Brunnm_Fassung        99.94    0.0343    0.0355       2.966
  Brunnmuehle(Teich)    99.94     0.379     0.387      32.746
  Fensterstollen        99.91      3.19       3.2     274.929
  Gischeren             99.30     0.386     0.386      33.143
  Schuettstein          99.92     0.547     0.551      47.220
  Holiloch              99.88      8.17      8.21     704.695
  Sauserquelle          99.97      1.47      1.47     127.015
  Entw_Stollen          99.95     0.041    0.0411       3.537
  Sous_lacustre        100.00    0.0373    0.0381       3.221
  Sous_ecoul.           99.94     0.006   0.00619       0.518
  Syst_Est_aval         99.25       0.4     0.593      34.279
  TWT_Portail_Est_61+665   0.00         0         0       0.000
  -----------------------------------------------------------
  System                91.50      14.7      14.7    1264.269
  
  
  ********************
  Link Flow Summary
  ********************
  
  -----------------------------------------------------------------------------
                                 Maximum  Time of Max   Maximum    Max/    Max/
                                  |Flow|   Occurrence   |Veloc|    Full    Full
  Link                 Type          CMS  days hr:min     m/sec    Flow   Depth
  -----------------------------------------------------------------------------
  Brunn_Fassung_L      CONDUIT    0.0355     0  00:04      1.50    0.59    0.78
  11                   CONDUIT      12.4     0  00:00      6.83    1.85    1.00
  14                   CONDUIT      13.1     0  00:00      9.66    7.10    1.00
  16                   CONDUIT     0.268     0  00:02      3.13    1.87    1.00
  17                   CONDUIT     0.252     0  00:01      0.89    0.43    1.00
  26                   CONDUIT      1.67     0  00:00      2.94    2.26    1.00
  27                   CONDUIT    0.0697     0  00:11      1.90    0.90    1.00
  Gischeren_L          CONDUIT     0.386     0  00:11      0.57    0.05    0.58
  Schuettstein_L       CONDUIT     0.551     0  00:04      3.53    0.47    0.74
  Brunnmuehle_L        CONDUIT     0.425     0  00:04      1.50    0.20    1.00
  32                   CONDUIT         0     0  00:00      0.00    0.00    0.00
  35                   CONDUIT     0.212     0  00:06      0.29    0.04    1.00
  45                   CONDUIT     0.697     0  00:10      5.71    0.01    0.07
  46                   CONDUIT      1.47     0  00:04      5.21    1.47    1.00
  47                   CONDUIT     0.112     0  00:00      2.96    7.01    1.00
  50                   CONDUIT     0.583     0  00:01      2.03    0.11    1.00
  51                   CONDUIT     0.333     0  00:04      3.47    0.93    1.00
  53                   CONDUIT     0.252     0  00:01      1.52    1.28    1.00
  Fenster_L            CONDUIT       3.2     0  00:12      6.53    0.03    0.13
  58                   CONDUIT      3.52     0  00:12      5.86    0.05    0.16
  59                   CONDUIT     0.545     0  00:10      3.77    0.01    0.05
  61                   CONDUIT     0.733     0  00:00      3.63    1.03    1.00
  63                   CONDUIT      0.16     0  00:02      2.21    0.72    0.52
  66                   CONDUIT     0.181     0  00:04      2.71    2.38    1.00
  67                   CONDUIT      14.6     0  00:00      3.98    0.14    1.00
  Amont_L              CONDUIT      28.4     0  00:00      4.02    1.54    1.00
  69                   CONDUIT     0.276     0  00:03      2.33    1.08    1.00
  70                   CONDUIT     0.216     0  00:10      1.72    0.67    1.00
  71                   CONDUIT     0.404     0  00:01      1.78    0.71    1.00
  72                   CONDUIT     0.346     0  00:09      1.65    1.64    1.00
  Sauser_L             CONDUIT      1.47     0  00:04      2.46    0.37    0.71
  75                   CONDUIT     0.126     0  00:10      4.12    1.28    0.60
  Entw_Sto_L           CONDUIT    0.0411     0  00:12      1.93    0.95    0.78
  4                    CONDUIT    0.0317     0  00:12      1.22    1.42    0.87
  5                    CONDUIT    0.0261     0  00:12      1.11    0.93    0.89
  6                    CONDUIT    0.0381     0  00:04      1.47    0.57    0.77
  7                    CONDUIT     0.391     0  00:04      1.99    0.60    1.00
  Brunn_Teich_L        CONDUIT     0.387     0  00:04      1.59    0.29    0.69
  9                    CONDUIT   0.00619     0  00:04      1.56    0.00    0.50
  12                   CONDUIT      8.44     0  00:01      4.79    0.17    1.00
  15                   CONDUIT      10.5     0  00:00      5.12    0.27    1.00
  18                   CONDUIT       9.7     0  00:01      4.83    0.39    1.00
  19                   CONDUIT      1.02     0  00:01      1.30    0.96    1.00
  20                   CONDUIT      1.25     0  00:12      6.63    0.10    0.56
  21                   CONDUIT      8.38     0  00:02      0.89    0.06    0.86
  Hooliloch_L          CONDUIT      8.21     0  00:04      1.44    0.16    0.67
  23                   CONDUIT     0.157     0  00:11      3.36    0.98    0.63
  25                   CONDUIT     0.599     0  00:06      2.11    0.49    1.00
  28                   CONDUIT     0.157     0  00:12      1.39    0.00    0.05
  29                   CONDUIT      0.13     0  00:10      0.85    0.01    0.06
  31                   CONDUIT     0.324     0  00:09      0.53    0.20    0.88
  33                   CONDUIT     0.812     0  00:02      0.82    0.31    1.00
  37                   CONDUIT     0.415     0  00:10      0.70    0.01    0.14
  SS3_L                CONDUIT     0.157     0  00:11      3.15    0.00    0.05
  40                   CONDUIT      1.47     0  00:12      2.52    0.01    0.09
  SS6_L                CONDUIT      0.16     0  00:02      2.38    0.00    0.06
  1                    CONDUIT         0     0  00:00      0.00    0.00    0.02
  2                    CONDUIT         0     0  00:00      0.00    0.00    0.00
  3                    CONDUIT    0.0543     0  00:10      2.13    0.01    0.11
  10                   CONDUIT    0.0836     0  00:10      0.16    0.00    0.14
  13                   CONDUIT     0.386     0  00:00      4.49    0.84    1.00
  22                   CONDUIT     0.292     0  00:01      3.03    0.72    1.00
  24                   CONDUIT      2.05     0  00:01      2.98    0.00    1.00
  30                   CONDUIT      1.46     0  00:04      2.03    0.61    1.00
  34                   CONDUIT       0.5     0  00:04      2.36    0.56    0.84
  36                   CONDUIT       0.5     0  00:04      5.79    0.53    0.39
  38                   CONDUIT      0.36     0  00:06      2.66    0.14    1.00
  48                   CONDUIT     0.781     0  00:04      2.40    0.52    0.90
  54                   CONDUIT     0.593     0  00:10      0.52    0.11    0.63
  68                   CONDUIT     0.399     0  00:04      8.06    0.00    0.06
  73                   CONDUIT         0     0  00:00      0.00    0.00    0.04
  TWT1                 CONDUIT         0     0  00:00      0.00    0.00    0.00
  TWT2                 CONDUIT         0     0  00:00      0.00    0.00    0.00
  TWT3                 CONDUIT         0     0  00:00      0.00    0.00    0.00
  TWT4                 CONDUIT         0     0  00:00      0.00    0.00    0.05
  1_2_b_               CONDUIT         0     0  00:00      0.00    0.00    0.00
  1_2_b_2              CONDUIT       0.1     0  00:04      4.66    0.03    0.56
  1_2_b_4              CONDUIT    0.0711     0  00:10      3.25    0.02    0.55
  TWT5                 CONDUIT      1.96     0  00:12      0.68    0.00    0.13
  1_4_a                CONDUIT      3.47     0  00:12      2.93    0.05    0.24
  TWT6                 CONDUIT      1.75     0  00:06      0.90    0.00    0.12
  1_4_b                CONDUIT         0     0  00:00      0.00    0.00    0.20
  TWT7                 CONDUIT         0     0  00:00      0.00    0.00    0.04
  1_5_a                CONDUIT         0     0  00:00      0.00    0.00    0.04
  1_6_b_2              CONDUIT      2.36     0  00:02     13.81    7.57    1.00
  
  
  ***************************
  Flow Classification Summary
  ***************************
  
  -------------------------------------------------------------------------------------
                      Adjusted    ---------- Fraction of Time in Flow Class ---------- 
                       /Actual         Up    Down  Sub   Sup   Up    Down  Norm  Inlet 
  Conduit               Length    Dry  Dry   Dry   Crit  Crit  Crit  Crit  Ltd   Ctrl  
  -------------------------------------------------------------------------------------
  Brunn_Fassung_L         1.00   0.00  0.00  0.00  0.00  1.00  0.00  0.00  0.00  0.00
  11                      1.00   0.00  0.00  0.00  1.00  0.00  0.00  0.00  0.00  0.00
  14                      1.00   0.00  0.00  0.00  1.00  0.00  0.00  0.00  0.00  0.00
  16                      1.00   0.00  0.00  0.00  1.00  0.00  0.00  0.00  0.00  0.00
  17                      1.00   0.00  0.00  0.00  1.00  0.00  0.00  0.00  0.00  0.00
  26                      1.00   0.00  0.00  0.00  1.00  0.00  0.00  0.00  0.00  0.00
  27                      1.00   0.00  0.00  0.00  0.99  0.01  0.00  0.00  0.00  0.00
  Gischeren_L             1.00   0.00  0.00  0.00  0.99  0.00  0.00  0.00  0.00  0.00
  Schuettstein_L          1.00   0.00  0.00  0.00  0.00  1.00  0.00  0.00  0.00  0.00
  Brunnmuehle_L           1.00   0.00  0.00  0.00  1.00  0.00  0.00  0.00  0.00  0.00
  32                      1.00   1.00  0.00  0.00  0.00  0.00  0.00  0.00  0.00  0.00
  35                      1.00   0.00  0.00  0.00  1.00  0.00  0.00  0.00  0.00  0.00
  45                      1.00   0.00  0.00  0.00  0.00  1.00  0.00  0.00  0.99  0.00
  46                      1.00   0.00  0.00  0.00  1.00  0.00  0.00  0.00  0.00  0.00
  47                      1.00   0.00  0.00  0.00  1.00  0.00  0.00  0.00  0.00  0.00
  50                      1.00   0.00  0.00  0.00  1.00  0.00  0.00  0.00  0.00  0.00
  51                      1.00   0.00  0.00  0.00  1.00  0.00  0.00  0.00  0.00  0.00
  53                      1.00   0.00  0.00  0.00  1.00  0.00  0.00  0.00  0.00  0.00
  Fenster_L               1.00   0.00  0.00  0.00  0.00  1.00  0.00  0.00  0.00  0.00
  58                      1.00   0.00  0.00  0.00  0.00  1.00  0.00  0.00  0.99  0.00
  59                      1.00   0.00  0.00  0.00  0.00  1.00  0.00  0.00  0.00  0.00
  61                      1.00   0.00  0.00  0.00  1.00  0.00  0.00  0.00  0.00  0.00
  63                      1.00   0.00  0.00  0.00  1.00  0.00  0.00  0.00  0.00  0.00
  66                      1.00   0.00  0.00  0.00  1.00  0.00  0.00  0.00  0.00  0.00
  67                      1.00   0.00  0.00  0.00  1.00  0.00  0.00  0.00  0.00  0.00
  Amont_L                 1.00   0.00  0.00  0.00  1.00  0.00  0.00  0.00  0.00  0.00
  69                      1.00   0.00  0.00  0.00  1.00  0.00  0.00  0.00  0.00  0.00
  70                      1.00   0.00  0.00  0.00  1.00  0.00  0.00  0.00  0.00  0.00
  71                      1.00   0.00  0.00  0.00  1.00  0.00  0.00  0.00  0.00  0.00
  72                      1.00   0.00  0.00  0.00  1.00  0.00  0.00  0.00  0.00  0.00
  Sauser_L                1.00   0.00  0.00  0.00  1.00  0.00  0.00  0.00  0.00  0.00
  75                      1.00   0.00  0.00  0.00  0.00  1.00  0.00  0.00  0.00  0.00
  Entw_Sto_L              1.00   0.00  0.00  0.00  0.00  1.00  0.00  0.00  0.00  0.00
  4                       1.00   0.00  0.00  0.00  1.00  0.00  0.00  0.00  0.00  0.00
  5                       1.00   0.00  0.00  0.00  1.00  0.00  0.00  0.00  0.00  0.00
  6                       1.00   0.00  0.00  0.00  0.00  1.00  0.00  0.00  0.00  0.00
  7                       1.00   0.00  0.00  0.00  1.00  0.00  0.00  0.00  0.00  0.00
  Brunn_Teich_L           1.00   0.00  0.00  0.00  1.00  0.00  0.00  0.00  0.00  0.00
  9                       1.00   0.00  0.00  0.00  0.00  1.00  0.00  0.00  0.00  0.00
  12                      1.00   0.00  0.00  0.00  1.00  0.00  0.00  0.00  0.00  0.00
  15                      1.00   0.00  0.00  0.00  1.00  0.00  0.00  0.00  0.00  0.00
  18                      1.00   0.00  0.00  0.00  1.00  0.00  0.00  0.00  0.00  0.00
  19                      1.00   0.00  0.00  0.00  1.00  0.00  0.00  0.00  0.00  0.00
  20                      1.00   0.00  0.00  0.00  0.00  1.00  0.00  0.00  0.00  0.00
  21                      1.00   0.00  0.00  0.00  1.00  0.00  0.00  0.00  0.00  0.00
  Hooliloch_L             1.00   0.00  0.00  0.00  1.00  0.00  0.00  0.00  0.00  0.00
  23                      1.00   0.00  0.00  0.00  0.00  1.00  0.00  0.00  0.00  0.00
  25                      1.00   0.00  0.00  0.00  1.00  0.00  0.00  0.00  0.00  0.00
  28                      1.00   0.00  0.00  0.00  0.00  1.00  0.00  0.00  1.00  0.00
  29                      1.00   0.00  0.00  0.00  1.00  0.00  0.00  0.00  0.00  0.00
  31                      1.00   0.00  0.00  0.00  1.00  0.00  0.00  0.00  0.00  0.00
  33                      1.00   0.00  0.00  0.00  1.00  0.00  0.00  0.00  0.00  0.00
  37                      1.00   0.00  0.00  0.00  1.00  0.00  0.00  0.00  0.00  0.00
  SS3_L                   1.00   0.00  0.00  0.00  0.00  1.00  0.00  0.00  1.00  0.00
  40                      1.00   0.00  0.00  0.00  0.99  0.01  0.00  0.00  0.00  0.00
  SS6_L                   1.00   0.00  0.00  0.00  0.00  1.00  0.00  0.00  1.00  0.00
  1                       1.00   0.00  1.00  0.00  0.00  0.00  0.00  0.00  0.00  0.00
  2                       1.00   1.00  0.00  0.00  0.00  0.00  0.00  0.00  0.00  0.00
  3                       1.00   0.00  0.00  0.00  0.00  1.00  0.00  0.00  1.00  0.00
  10                      1.00   0.00  0.00  0.00  1.00  0.00  0.00  0.00  0.00  0.00
  13                      1.00   0.00  0.00  0.00  1.00  0.00  0.00  0.00  0.00  0.00
  22                      1.00   0.00  0.00  0.00  1.00  0.00  0.00  0.00  0.00  0.00
  24                      1.00   0.00  0.00  0.00  1.00  0.00  0.00  0.00  0.00  0.00
  30                      1.00   0.00  0.00  0.00  1.00  0.00  0.00  0.00  0.00  0.00
  34                      1.00   0.00  0.00  0.00  0.00  1.00  0.00  0.00  0.00  0.00
  36                      1.00   0.00  0.00  0.00  0.00  1.00  0.00  0.00  0.00  0.00
  38                      1.00   0.00  0.00  0.00  1.00  0.00  0.00  0.00  0.00  0.00
  48                      1.00   0.00  0.00  0.00  1.00  0.00  0.00  0.00  0.00  0.00
  54                      1.00   0.00  0.01  0.00  0.99  0.00  0.00  0.00  0.00  0.00
  68                      1.00   0.00  0.00  0.00  0.00  1.00  0.00  0.00  1.00  0.00
  73                      1.00   0.00  1.00  0.00  0.00  0.00  0.00  0.00  0.00  0.00
  TWT1                    1.00   1.00  0.00  0.00  0.00  0.00  0.00  0.00  0.00  0.00
  TWT2                    1.00   1.00  0.00  0.00  0.00  0.00  0.00  0.00  0.00  0.00
  TWT3                    1.00   1.00  0.00  0.00  0.00  0.00  0.00  0.00  0.00  0.00
  TWT4                    1.00   0.00  1.00  0.00  0.00  0.00  0.00  0.00  0.00  0.00
  1_2_b_                  1.00   1.00  0.00  0.00  0.00  0.00  0.00  0.00  0.00  0.00
  1_2_b_2                 1.00   0.00  0.00  0.00  1.00  0.00  0.00  0.00  1.00  0.00
  1_2_b_4                 1.00   0.00  0.00  0.00  1.00  0.00  0.00  0.00  1.00  0.00
  TWT5                    1.00   0.00  0.00  0.00  1.00  0.00  0.00  0.00  0.00  0.00
  1_4_a                   1.00   0.00  0.00  0.00  1.00  0.00  0.00  0.00  0.00  0.00
  TWT6                    1.00   0.00  0.00  0.00  1.00  0.00  0.00  0.00  0.00  0.00
  1_4_b                   1.00   0.00  1.00  0.00  0.00  0.00  0.00  0.00  0.00  0.00
  TWT7                    1.00   0.00  1.00  0.00  0.00  0.00  0.00  0.00  0.00  0.00
  1_5_a                   1.00   0.00  1.00  0.00  0.00  0.00  0.00  0.00  0.00  0.00
  1_6_b_2                 1.00   0.00  0.00  0.00  1.00  0.00  0.00  0.00  0.00  0.00
  
  
  *************************
  Conduit Surcharge Summary
  *************************
  
  ----------------------------------------------------------------------------
                                                           Hours        Hours 
                         --------- Hours Full --------   Above Full   Capacity
  Conduit                Both Ends  Upstream  Dnstream   Normal Flow   Limited
  ----------------------------------------------------------------------------
  Brunn_Fassung_L             0.01      0.01     24.00      0.01         0.01
  11                         23.99     23.99     23.99     23.99         0.01
  14                         23.99     23.99     23.99     23.99         0.01
  16                         24.00     24.00     24.00     23.99        23.99
  17                         24.00     24.00     24.00      0.01         0.01
  26                         23.99     23.99     23.99      0.01         0.01
  27                         23.80     23.80     23.93      0.01         0.01
  Gischeren_L                 0.01      0.01     23.83      0.01         0.01
  Schuettstein_L              0.01      0.01     23.98      0.01         0.01
  Brunnmuehle_L              24.00     24.00     24.00      0.01         0.01
  35                         23.86     23.86     23.93      0.01         0.01
  46                         24.00     24.00     24.00     23.98         0.01
  47                         24.00     24.00     24.00     24.00        24.00
  50                         23.98     23.98     23.98      0.01         0.01
  51                         23.98     23.98     24.00      0.01         0.01
  53                         24.00     24.00     24.00     23.99         0.01
  61                         23.98     23.98     23.99      0.01         0.01
  63                          0.01     23.97      0.01      0.01         0.01
  66                         23.92     23.97     23.92     23.96        23.92
  67                         23.99     23.99     24.00      0.01         0.01
  Amont_L                    24.00     24.00     24.00      0.01         0.01
  69                         23.93     23.93     24.00      0.02         0.01
  70                         23.93     23.93     24.00      0.01         0.01
  71                         23.98     23.98     23.99      0.01         0.01
  72                         23.83     23.97     23.83      0.14         0.01
  Sauser_L                    0.01      0.01     24.00      0.01         0.01
  75                          0.01     23.97      0.01     23.83         0.01
  4                           0.01     23.97      0.01     23.86         0.01
  5                           0.01      0.01     24.00      0.01         0.01
  6                           0.01      0.01     24.00      0.01         0.01
  7                          23.99     23.99     24.00      0.01         0.01
  Brunn_Teich_L               0.01      0.01     23.99      0.01         0.01
  9                           0.01      0.01     23.99      0.01         0.01
  12                         23.98     23.98     23.98      0.01         0.01
  15                         23.98     23.98     23.99      0.01         0.01
  18                         23.98     23.98     23.98      0.01         0.01
  19                         23.97     23.97     23.98      0.01         0.01
  21                          0.01      0.01     23.97      0.01         0.01
  23                          0.01     23.92      0.01      0.01         0.01
  25                         23.89     23.89     23.99      0.01         0.01
  31                          0.01      0.01     23.84      0.01         0.01
  33                         23.96     23.96     23.96      0.01         0.01
  13                         23.98     23.98     24.00      0.01         0.01
  22                         23.98     23.98     24.00      0.01         0.01
  24                         23.97     23.97     24.00      0.01         0.01
  30                         23.97     23.97     24.00      0.01         0.01
  34                          0.01      0.01     23.99      0.01         0.01
  38                         23.91     23.91     23.94      0.01         0.01
  48                          0.01      0.01     23.87      0.01         0.01
  54                          0.01      0.01     23.82      0.01         0.01
  1_2_b_2                     0.01      0.01     23.95      0.01         0.01
  1_2_b_4                     0.01      0.01     23.95      0.01         0.01
  1_6_b_2                    23.97     24.00     23.97     23.99        23.97
  

  Analysis begun on:  Thu Aug 20 12:40:47 2026
  Analysis ended on:  Thu Aug 20 12:40:49 2026
  Total elapsed time: 00:00:02