
  EPA STORM WATER MANAGEMENT MODEL - VERSION 5.2 (Build 5.2.4)
  ------------------------------------------------------------

  Brunnmuehle (Twann) 
  WARNING 08: elevation drop exceeds length for Conduit SS3_L
  WARNING 08: elevation drop exceeds length for Conduit SS6_L
  WARNING 08: elevation drop exceeds length for Conduit 2
  WARNING 08: elevation drop exceeds length for Conduit 3
  WARNING 08: elevation drop exceeds length for Conduit 68
  WARNING 08: elevation drop exceeds length for Conduit 1_2_b_
  WARNING 08: elevation drop exceeds length for Conduit 1_2_b_2
  WARNING 08: elevation drop exceeds length for Conduit 1_4_b
  WARNING 08: elevation drop exceeds length for Conduit 1_5_a
  WARNING 04: minimum elevation drop used for Conduit 1_7_a
  WARNING 08: elevation drop exceeds length for Conduit 1_7_a_
  WARNING 08: elevation drop exceeds length for Conduit 1_7_a__
  WARNING 02: maximum depth increased for Node 2
  
  ****************
  Analysis Options
  ****************
  Flow Units ............... CMS
  Process Models:
    Rainfall/Runoff ........ NO
    RDII ................... NO
    Snowmelt ............... NO
    Groundwater ............ NO
    Flow Routing ........... YES
    Ponding Allowed ........ NO
    Water Quality .......... NO
  Flow Routing Method ...... DYNWAVE
  Surcharge Method ......... EXTRAN
  Starting Date ............ 01/01/2000 00:00:00
  Ending Date .............. 01/02/2000 00:00:00
  Antecedent Dry Days ...... 0.0
  Report Time Step ......... 01:00:00
  Routing Time Step ........ 0.50 sec
  Variable Time Step ....... YES
  Maximum Trials ........... 8
  Number of Threads ........ 1
  Head Tolerance ........... 0.001500 m
  
  
  **************************        Volume        Volume
  Flow Routing Continuity        hectare-m      10^6 ltr
  **************************     ---------     ---------
  Dry Weather Inflow .......         0.000         0.000
  Wet Weather Inflow .......         0.000         0.000
  Groundwater Inflow .......         0.000         0.000
  RDII Inflow ..............         0.000         0.000
  External Inflow ..........       133.343      1333.445
  External Outflow .........       126.458      1264.593
  Flooding Loss ............         0.000         0.000
  Evaporation Loss .........         0.000         0.000
  Exfiltration Loss ........         0.000         0.000
  Initial Stored Volume ....         0.057         0.565
  Final Stored Volume ......         0.452         4.523
  Continuity Error (%) .....         4.865
  
  
  *************************
  Highest Continuity Errors
  *************************
  Node TWT_Intersection_Sonsto_60+345 (-805.23%)
  Node Syst_Est_interm (100.00%)
  Node TWT_Acces_LT_60+110 (84.15%)
  Node 2 (78.09%)
  Node 8 (26.95%)
  
  
  ***************************
  Time-Step Critical Elements
  ***************************
  Link 1_4_a (15873.29%)
  Link 20 (61.92%)
  Link 1_7_a_ (18.76%)
  Link 1_7_a_1 (3.05%)
  
  
  ********************************
  Highest Flow Instability Indexes
  ********************************
  All links are stable.
  
  
  *********************************
  Most Frequent Nonconverging Nodes
  *********************************
  Node Brunnm_Fassung (38.17%)
  Node Brunnmuehle(Teich) (38.17%)
  Node Fensterstollen (38.17%)
  Node Gischeren (38.17%)
  Node Schuettstein (38.17%)
  
  
  *************************
  Routing Time Step Summary
  *************************
  Minimum Time Step           :     0.50 sec
  Average Time Step           :     0.50 sec
  Maximum Time Step           :     0.50 sec
  % of Time in Steady State   :    99.37
  Average Iterations per Step :     6.42
  % of Steps Not Converging   :    38.17
  Time Step Frequencies       :
      0.500 -  0.500 sec      :   100.00 %
      0.500 -  0.500 sec      :     0.00 %
      0.500 -  0.500 sec      :     0.00 %
      0.500 -  0.500 sec      :     0.00 %
      0.500 -  0.500 sec      :     0.00 %
  
  
  ******************
  Node Depth Summary
  ******************
  
  ---------------------------------------------------------------------------------
                                 Average  Maximum  Maximum  Time of Max    Reported
                                   Depth    Depth      HGL   Occurrence   Max Depth
  Node                 Type       Meters   Meters   Meters  days hr:min      Meters
  ---------------------------------------------------------------------------------
  9                    JUNCTION    42.43    44.84   483.34     0  00:00       42.46
  Holiloch_sonde       JUNCTION    39.71    41.60   481.60     0  00:00       39.74
  11                   JUNCTION    29.82    32.92   442.92     0  00:00       29.83
  13                   JUNCTION    49.07    49.74   487.74     0  00:02       49.10
  21                   JUNCTION    37.91    38.30   438.30     0  00:05       37.92
  SonSto_F             JUNCTION     0.17     0.22   438.02     0  00:07        0.17
  Sondierstollen       JUNCTION     0.00     0.00   440.80     0  00:00        0.00
  Aval_Trappe          JUNCTION     0.43     0.50   438.10     0  00:07        0.43
  30                   JUNCTION     0.58     0.58   437.88     0  00:09        0.58
  Gischeren_node       JUNCTION     0.08     0.08   476.58     0  00:09        0.08
  34                   JUNCTION    17.32    17.67   437.67     0  00:05       17.33
  38                   JUNCTION    18.26    18.57   438.57     0  00:05       18.27
  SS6                  JUNCTION     0.07     0.07   448.07     0  00:02        0.07
  40                   JUNCTION    20.73    20.87   439.87     0  00:04       20.73
  41                   JUNCTION    49.43    50.09   487.59     0  00:02       49.45
  SondeSchuettstein    JUNCTION    20.77    23.25   482.25     0  00:01       20.78
  SS4                  JUNCTION     0.06     0.06   448.06     0  00:03        0.06
  47                   JUNCTION    13.69    14.19   479.09     0  00:01       13.71
  48                   JUNCTION     8.60    10.77   481.77     0  00:01        8.61
  SondeGischeren       JUNCTION    11.59    11.63   476.63     0  00:09       11.63
  49                   JUNCTION    12.86    14.31   480.31     0  00:02       12.88
  50                   JUNCTION     6.02     6.99   469.99     0  00:05        6.05
  51                   JUNCTION    67.39    68.06   488.06     0  00:02       67.41
  Amont_C              JUNCTION    70.66    87.69   505.69     0  00:00       70.68
  52                   JUNCTION     5.64    12.27   469.27     0  00:05        5.67
  53                   JUNCTION    13.26    16.16   483.16     0  00:01       13.27
  54                   JUNCTION     0.33     0.33   463.33     0  00:09        0.33
  56                   JUNCTION     6.17     6.19   436.19     0  00:04        6.17
  2                    JUNCTION     0.23     0.23   438.23     0  00:09        0.23
  4                    JUNCTION     8.22     8.73   436.73     0  00:00        8.23
  5                    JUNCTION     5.86     5.88   478.38     0  00:05        5.86
  6                    JUNCTION    21.02    21.10   479.10     0  00:04       21.04
  7                    JUNCTION     3.35     3.37   478.37     0  00:05        3.36
  SS3                  JUNCTION     0.07     0.07   448.07     0  00:09        0.07
  SS5                  JUNCTION     0.58     0.58   439.48     0  00:09        0.58
  8                    JUNCTION     2.73     2.75   476.75     0  00:09        2.75
  10                   JUNCTION    10.86    12.35   480.35     0  00:02       10.87
  SonSto_SS5           JUNCTION     0.12     0.12   439.42     0  00:09        0.12
  SonSto_SS3           JUNCTION     0.10     0.10   439.80     0  00:06        0.10
  SonSto_SS4           JUNCTION     0.07     0.08   439.48     0  00:09        0.08
  Amont_Trappe         JUNCTION     0.29     0.43   438.13     0  00:07        0.29
  SonSto_SS6           JUNCTION     0.12     0.13   438.83     0  00:08        0.12
  SS2                  JUNCTION     0.00     0.00   448.00     0  00:00        0.00
  SonSto_SS2           JUNCTION     0.00     0.00   441.50     0  00:00        0.00
  12                   JUNCTION    16.15    16.41   465.41     0  00:02       16.16
  14                   JUNCTION     5.24     5.90   470.90     0  00:04        5.25
  15                   JUNCTION     0.34     0.34   472.34     0  00:06        0.34
  TWT_PointHaut_60+749 JUNCTION     0.16     0.17   438.67     0  00:06        0.16
  TWT_Fensterstollen_60+375 JUNCTION     0.87     0.88   438.18     0  00:08        0.88
  TWT_Acces_LT_60+110  JUNCTION     0.73     0.74   438.24     0  00:09        0.74
  TWT_Liaison_LT_59+738 JUNCTION     0.00     0.00   446.50     0  00:00        0.00
  Syst_Est_amont       JUNCTION     0.50     0.52   430.52     0  00:03        0.50
  Syst_Est_interm      JUNCTION     1.19     1.20   411.20     0  00:09        1.20
  TWT_Branche_Est_Sonsto_60+540 JUNCTION     0.42     0.46   438.86     0  00:02        0.42
  TWT_Intersection_Sonsto_60+345 JUNCTION     1.01     1.25   438.25     0  00:08        1.01
  TWT_Chrosweg_61+140  JUNCTION     0.13     0.13   432.13     0  00:09        0.13
  SonSto_F_sup         JUNCTION     0.04     0.04   448.04     0  00:06        0.04
  SonSto_porte         JUNCTION     0.00     0.00   438.50     0  00:00        0.00
  Brunnm_Fassung       OUTFALL      0.08     0.08   433.88     0  00:05        0.08
  Brunnmuehle(Teich)   OUTFALL      0.18     0.18   435.68     0  00:09        0.18
  Fensterstollen       OUTFALL      0.53     0.53   437.53     0  00:09        0.53
  Gischeren            OUTFALL      0.00     0.00   480.00     0  00:00        0.00
  Schuettstein         OUTFALL      0.20     0.22   477.77     0  00:01        0.20
  Holiloch             OUTFALL      1.52     1.53   478.03     0  00:05        1.52
  Sauserquelle         OUTFALL      0.25     0.25   435.80     0  00:04        0.25
  Entw_Stollen         OUTFALL      0.17     0.17   436.67     0  00:08        0.17
  Sous_lacustre        OUTFALL      0.09     0.09   429.29     0  00:05        0.09
  Sous_ecoul.          OUTFALL      0.00     0.00   433.00     0  00:05        0.00
  Syst_Est_aval        OUTFALL      0.00     0.00   429.00     0  00:00        0.00
  TWT_Portail_Est_61+665 OUTFALL      0.13     0.13   421.73     0  00:09        0.13
  CentraleVentilation_1C OUTFALL      0.24     0.24   454.24     0  00:09        0.24
  
  
  *******************
  Node Inflow Summary
  *******************
  
  -------------------------------------------------------------------------------------------------
                                  Maximum  Maximum                  Lateral       Total        Flow
                                  Lateral    Total  Time of Max      Inflow      Inflow     Balance
                                   Inflow   Inflow   Occurrence      Volume      Volume       Error
  Node                 Type           CMS      CMS  days hr:min    10^6 ltr    10^6 ltr     Percent
  -------------------------------------------------------------------------------------------------
  9                    JUNCTION         0     12.4     0  00:00           0         556       0.022
  Holiloch_sonde       JUNCTION         0     11.6     0  00:00           0         520       0.014
  11                   JUNCTION         0    0.313     0  00:05           0        26.8       0.002
  13                   JUNCTION         0     14.7     0  00:00           0    1.04e+03       0.024
  21                   JUNCTION         0    0.284     0  00:09           0        24.5       0.002
  SonSto_F             JUNCTION         0    0.676     0  00:07           0        50.6       7.039
  Sondierstollen       JUNCTION         0        0     0  00:00           0           0       0.000 ltr
  Aval_Trappe          JUNCTION         0     3.25     0  00:07           0         193      -1.152
  30                   JUNCTION         0      7.4     0  00:09           0         637       7.322
  Gischeren_node       JUNCTION         0    0.185     0  00:09           0        15.915866611.987 ltr
  34                   JUNCTION         0    0.254     0  00:09           0          22       0.000
  38                   JUNCTION         0    0.174     0  00:00           0         6.7      -0.001
  SS6                  JUNCTION         0    0.155     0  00:02           0        12.8       0.001
  40                   JUNCTION         0     2.18     0  00:05           0         188       0.000
  41                   JUNCTION         0     1.59     0  00:00           0        34.3       0.048
  SondeSchuettstein    JUNCTION         0    0.632     0  00:00           0        34.2       0.035
  SS4                  JUNCTION         0   0.0817     0  00:03           0        6.66       0.004
  47                   JUNCTION         0     8.48     0  00:01           0         507       0.004
  48                   JUNCTION         0    0.541     0  00:01           0        34.2       0.015
  SondeGischeren       JUNCTION         0    0.275     0  00:01           0        19.9       0.243
  49                   JUNCTION         0    0.945     0  00:02           0        12.9       0.375
  50                   JUNCTION         0     0.18     0  00:05           0        12.7       0.024
  51                   JUNCTION         0     28.4     0  00:00           0    1.27e+03      -0.001
  Amont_C              JUNCTION      14.7     39.8     0  00:00    1.27e+03    1.27e+03       0.020
  52                   JUNCTION         0    0.246     0  00:05           0        17.8       0.122
  53                   JUNCTION         0    0.352     0  00:01           0        19.7       0.065
  54                   JUNCTION         0    0.229     0  00:06           0        19.7       2.901
  56                   JUNCTION         0    0.553     0  00:04           0        47.5       0.001
  2                    JUNCTION         0    0.275     0  00:08           0        17.6     356.334
  4                    JUNCTION         0    0.231     0  00:09           0        19.9       0.028
  5                    JUNCTION         0     7.03     0  00:01           0         507       0.047
  6                    JUNCTION         0     9.51     0  00:00           0         520       0.029
  7                    JUNCTION         0     6.29     0  00:02           0         506       0.015
  SS3                  JUNCTION         0    0.148     0  00:09           0        12.7       0.028
  SS5                  JUNCTION         0    0.236     0  00:09           0        20.3       0.144
  8                    JUNCTION         0     0.46     0  00:08           0        39.2      36.901
  10                   JUNCTION         0    0.735     0  00:02           0        12.9       0.088
  SonSto_SS5           JUNCTION         0    0.259     0  00:09           0        22.3       0.086
  SonSto_SS3           JUNCTION         0    0.148     0  00:09           0        12.7       0.167
  SonSto_SS4           JUNCTION         0    0.225     0  00:09           0        19.4       0.053
  Amont_Trappe         JUNCTION         0        1     0  00:07           0        44.1       0.487
  SonSto_SS6           JUNCTION         0    0.407     0  00:09           0        35.1       0.050
  SS2                  JUNCTION         0        0     0  00:00           0           0       0.000 ltr
  SonSto_SS2           JUNCTION         0        0     0  00:00           0           0       0.000 ltr
  12                   JUNCTION         0    0.357     0  00:00           0        26.1       0.014
  14                   JUNCTION         0     1.83     0  00:04           0         152       0.030
  15                   JUNCTION         0    0.427     0  00:05           0        36.5      -0.021
  TWT_PointHaut_60+749 JUNCTION         0     0.62     0  00:03           0        48.5      -2.729
  TWT_Fensterstollen_60+375 JUNCTION         0     9.17     0  00:08           0         497     -16.551
  TWT_Acces_LT_60+110  JUNCTION         0     3.03     0  00:06           0        95.3     530.720
  TWT_Liaison_LT_59+738 JUNCTION         0        0     0  00:00           0           0       0.000 ltr
  Syst_Est_amont       JUNCTION     0.735    0.735     0  00:00        63.5        63.5      -0.005
  Syst_Est_interm      JUNCTION         0    0.781     0  00:04           0        63.563500379.146 ltr
  TWT_Branche_Est_Sonsto_60+540 JUNCTION         0     4.12     0  00:05           0         354      -0.002
  TWT_Intersection_Sonsto_60+345 JUNCTION         0     6.32     0  00:07           0        8.39     -88.953
  TWT_Chrosweg_61+140  JUNCTION         0    0.581     0  00:07           0        49.8      13.076
  SonSto_F_sup         JUNCTION         0    0.427     0  00:06           0        36.5      -0.001
  SonSto_porte         JUNCTION         0        0     0  00:00           0           0       0.000 ltr
  Brunnm_Fassung       OUTFALL          0   0.0243     0  00:05           0        2.06       0.000
  Brunnmuehle(Teich)   OUTFALL          0    0.225     0  00:09           0        19.4       0.000
  Fensterstollen       OUTFALL          0      6.9     0  00:09           0         593       0.000
  Gischeren            OUTFALL          0        0     0  00:00           0           0       0.000 ltr
  Schuettstein         OUTFALL          0    0.453     0  00:01           0        34.2       0.000
  Holiloch             OUTFALL          0        6     0  00:05           0         506       0.000
  Sauserquelle         OUTFALL          0    0.552     0  00:04           0        47.5       0.000
  Entw_Stollen         OUTFALL          0    0.046     0  00:08           0        3.85       0.000
  Sous_lacustre        OUTFALL          0     0.03     0  00:05           0        2.57       0.000
  Sous_ecoul.          OUTFALL          0   0.0056     0  00:05           0       0.473       0.000
  Syst_Est_aval        OUTFALL          0        0     0  00:00           0           0       0.000 ltr
  TWT_Portail_Est_61+665 OUTFALL          0    0.512     0  00:09           0        44.1       0.000
  CentraleVentilation_1C OUTFALL          0    0.122     0  00:09           0        10.5       0.000
  
  
  **********************
  Node Surcharge Summary
  **********************
  
  Surcharging occurs when water rises above the top of the highest conduit.
  ---------------------------------------------------------------------
                                               Max. Height   Min. Depth
                                   Hours       Above Crown    Below Rim
  Node                 Type      Surcharged         Meters       Meters
  ---------------------------------------------------------------------
  9                    JUNCTION       23.99         43.043       55.157
  Holiloch_sonde       JUNCTION       23.99         39.703      158.397
  11                   JUNCTION       24.00         32.416      117.084
  13                   JUNCTION       23.99         46.742      350.258
  21                   JUNCTION       24.00         37.695      111.705
  34                   JUNCTION       24.00         17.073       82.327
  38                   JUNCTION       24.00         17.974      131.426
  40                   JUNCTION       24.00         16.872       79.128
  41                   JUNCTION       23.99         49.237      199.913
  SondeSchuettstein    JUNCTION       23.98         22.448        0.000
  47                   JUNCTION       23.98         12.292       85.808
  48                   JUNCTION       23.98          9.970       89.230
  SondeGischeren       JUNCTION       23.91         10.432       88.368
  49                   JUNCTION       23.96          6.309      185.691
  50                   JUNCTION       23.90          6.686      193.014
  51                   JUNCTION       24.00         64.061      331.939
  Amont_C              JUNCTION       24.00         84.692      312.308
  52                   JUNCTION       23.91         11.872       87.728
  53                   JUNCTION       23.97         11.159      183.841
  56                   JUNCTION       23.99          5.190       93.810
  4                    JUNCTION       23.98          8.078       91.272
  5                    JUNCTION       23.96          0.882       44.118
  6                    JUNCTION       23.98         16.099      178.901
  10                   JUNCTION       23.95          4.347      187.653
  12                   JUNCTION       23.98         16.061      183.589
  14                   JUNCTION       23.93          1.903      194.097
  
  
  *********************
  Node Flooding Summary
  *********************
  
  No nodes were flooded.
  
  
  ***********************
  Outfall Loading Summary
  ***********************
  
  -----------------------------------------------------------
                         Flow       Avg       Max       Total
                         Freq      Flow      Flow      Volume
  Outfall Node           Pcnt       CMS       CMS    10^6 ltr
  -----------------------------------------------------------
  Brunnm_Fassung        99.94    0.0239    0.0243       2.061
  Brunnmuehle(Teich)    99.94     0.225     0.225      19.415
  Fensterstollen        99.97      6.87       6.9     593.485
  Gischeren              0.00         0         0       0.000
  Schuettstein          99.92     0.397     0.453      34.227
  Holiloch              99.87      5.87         6     506.411
  Sauserquelle          99.97      0.55     0.552      47.491
  Entw_Stollen          99.86    0.0446     0.046       3.851
  Sous_lacustre        100.00    0.0297      0.03       2.566
  Sous_ecoul.           99.94   0.00548    0.0056       0.473
  Syst_Est_aval          0.00         0         0       0.000
  TWT_Portail_Est_61+665  99.93     0.511     0.512      44.080
  CentraleVentilation_1C  99.93     0.122     0.122      10.528
  -----------------------------------------------------------
  System                84.56      14.6      14.7    1264.588
  
  
  ********************
  Link Flow Summary
  ********************
  
  -----------------------------------------------------------------------------
                                 Maximum  Time of Max   Maximum    Max/    Max/
                                  |Flow|   Occurrence   |Veloc|    Full    Full
  Link                 Type          CMS  days hr:min     m/sec    Flow   Depth
  -----------------------------------------------------------------------------
  Brunn_Fassung_L      CONDUIT    0.0243     0  00:05      1.11    0.40    0.72
  11                   CONDUIT      11.6     0  00:00      6.52    1.74    1.00
  14                   CONDUIT      12.4     0  00:00      9.08    6.75    1.00
  16                   CONDUIT     0.313     0  00:05      3.66    2.18    1.00
  17                   CONDUIT     0.174     0  00:00      0.61    0.30    1.00
  26                   CONDUIT      1.59     0  00:00      2.82    2.15    1.00
  27                   CONDUIT     0.057     0  00:07      1.66    0.73    0.99
  Gischeren_L          CONDUIT         0     0  00:00      0.00    0.00    0.03
  Schuettstein_L       CONDUIT     0.453     0  00:01      3.00    0.39    0.72
  Brunnmuehle_L        CONDUIT     0.254     0  00:09      0.90    0.12    1.00
  32                   CONDUIT         0     0  00:00      0.00    0.00    0.00
  35                   CONDUIT    0.0832     0  00:09      0.14    0.01    0.53
  45                   CONDUIT     0.417     0  00:08      5.27    0.00    0.06
  46                   CONDUIT     0.553     0  00:04      1.96    0.55    1.00
  47                   CONDUIT     0.112     0  00:02      2.94    6.97    1.00
  50                   CONDUIT     0.541     0  00:01      1.64    0.10    1.00
  51                   CONDUIT     0.038     0  00:04      0.44    0.11    1.00
  53                   CONDUIT     0.174     0  00:00      1.04    0.88    1.00
  Fenster_L            CONDUIT       6.9     0  00:09      8.08    0.07    0.19
  58                   CONDUIT      2.62     0  00:07      5.03    0.03    0.17
  59                   CONDUIT     0.259     0  00:09      2.82    0.00    0.04
  61                   CONDUIT     0.632     0  00:00      3.30    0.89    1.00
  63                   CONDUIT     0.155     0  00:02      2.14    0.70    0.52
  66                   CONDUIT      0.18     0  00:05      2.69    2.37    1.00
  67                   CONDUIT      14.7     0  00:00      4.04    0.15    1.00
  Amont_L              CONDUIT      28.4     0  00:00      4.01    1.54    1.00
  69                   CONDUIT     0.246     0  00:05      2.08    0.96    1.00
  70                   CONDUIT     0.208     0  00:05      1.65    0.64    1.00
  71                   CONDUIT     0.352     0  00:01      1.56    0.62    1.00
  72                   CONDUIT     0.229     0  00:06      1.46    1.09    0.53
  Sauser_L             CONDUIT     0.552     0  00:04      1.07    0.14    0.63
  75                   CONDUIT    0.0817     0  00:03      2.83    0.83    0.62
  Entw_Sto_L           CONDUIT     0.046     0  00:08      1.88    1.06    0.98
  4                    CONDUIT    0.0241     0  00:08      1.33    1.08    1.00
  5                    CONDUIT   0.00722     0  00:08      0.34    0.26    1.00
  6                    CONDUIT      0.03     0  00:05      1.21    0.45    0.74
  7                    CONDUIT     0.231     0  00:09      1.17    0.36    1.00
  Brunn_Teich_L        CONDUIT     0.225     0  00:09      1.00    0.17    0.64
  9                    CONDUIT    0.0056     0  00:05      1.41    0.00    0.50
  12                   CONDUIT      7.03     0  00:01      4.15    0.14    1.00
  15                   CONDUIT      9.51     0  00:00      4.77    0.25    1.00
  18                   CONDUIT      8.48     0  00:01      4.31    0.34    1.00
  19                   CONDUIT     0.945     0  00:02      1.25    0.90    1.00
  20                   CONDUIT     0.931     0  00:07      3.57    0.07    0.45
  21                   CONDUIT      6.29     0  00:02      0.76    0.04    0.84
  Hooliloch_L          CONDUIT         6     0  00:05      1.25    0.12    0.61
  23                   CONDUIT     0.148     0  00:09      3.20    0.92    0.62
  25                   CONDUIT      0.46     0  00:08      1.68    0.38    1.00
  28                   CONDUIT     0.147     0  00:09      2.39    0.00    0.03
  29                   CONDUIT    0.0232     0  00:09      0.62    0.00    0.03
  31                   CONDUIT     0.102     0  00:09      0.42    0.06    0.28
  33                   CONDUIT     0.735     0  00:02      0.80    0.28    1.00
  37                   CONDUIT     0.236     0  00:09      0.51    0.01    0.12
  SS3_L                CONDUIT     0.148     0  00:09      3.04    0.00    0.04
  40                   CONDUIT         1     0  00:07      1.73    0.01    0.07
  SS6_L                CONDUIT     0.155     0  00:02      4.00    0.00    0.05
  1                    CONDUIT         0     0  00:00      0.00    0.00    0.02
  2                    CONDUIT         0     0  00:00      0.00    0.00    0.00
  3                    CONDUIT    0.0817     0  00:03      3.89    0.01    0.07
  10                   CONDUIT     0.201     0  00:09      0.48    0.00    0.11
  13                   CONDUIT     0.357     0  00:00      4.23    0.77    1.00
  22                   CONDUIT     0.305     0  00:02      3.17    0.76    1.00
  24                   CONDUIT      1.83     0  00:04      2.64    0.00    1.00
  30                   CONDUIT      1.77     0  00:05      2.46    0.74    1.00
  34                   CONDUIT     0.427     0  00:05      2.08    0.48    0.81
  36                   CONDUIT     0.427     0  00:06      5.85    0.46    0.35
  38                   CONDUIT     0.275     0  00:01      2.54    0.10    1.00
  48                   CONDUIT     0.781     0  00:04      2.40    0.52    0.75
  54                   CONDUIT         0     0  00:00      0.00    0.00    0.40
  68                   CONDUIT     0.182     0  00:06      7.64    0.00    0.04
  73                   CONDUIT         0     0  00:00      0.00    0.00    0.06
  TWT1                 CONDUIT     0.512     0  00:09      2.81    0.00    0.02
  TWT2                 CONDUIT     0.581     0  00:07      2.98    0.00    0.02
  TWT3                 CONDUIT      0.62     0  00:03      1.16    0.00    0.04
  TWT4                 CONDUIT       3.8     0  00:02      3.13    0.01    0.08
  1_2_b_               CONDUIT         0     0  00:00      0.00    0.00    0.08
  1_2_b_1              CONDUIT       2.2     0  00:02     13.22    8.45    1.00
  1_2_b_2              CONDUIT    0.0427     0  00:06      0.39    0.01    0.54
  TWT5                 CONDUIT      6.32     0  00:07      3.30    0.01    0.12
  1_4_a                CONDUIT      2.79     0  00:07      2.66    0.04    0.22
  TWT6                 CONDUIT      2.77     0  00:06      1.00    0.01    0.12
  1_4_b                CONDUIT         0     0  00:00      0.00    0.00    0.21
  TWT7                 CONDUIT         0     0  00:00      0.00    0.00    0.05
  1_5_a                CONDUIT         0     0  00:00      0.00    0.00    0.06
  1_6_a_1              CONDUIT     0.238     0  00:05      1.70    0.16    1.00
  1_7_a                CONDUIT       5.1     0  00:09      3.01    1.16    0.15
  1_7_a_               CONDUIT     0.202     0  00:06      2.32    0.01    0.50
  1_7_a__              CONDUIT       1.6     0  00:06      8.45    0.23    0.96
  1_7_a_1              CONDUIT      2.33     0  00:02     12.44   11.88    0.96
  1_8_a                CONDUIT     0.245     0  00:08      0.63    0.00    0.10
  CV_1C_to_54          CONDUIT     0.122     0  00:09      1.06    0.66    0.57
  
  
  ***************************
  Flow Classification Summary
  ***************************
  
  -------------------------------------------------------------------------------------
                      Adjusted    ---------- Fraction of Time in Flow Class ---------- 
                       /Actual         Up    Down  Sub   Sup   Up    Down  Norm  Inlet 
  Conduit               Length    Dry  Dry   Dry   Crit  Crit  Crit  Crit  Ltd   Ctrl  
  -------------------------------------------------------------------------------------
  Brunn_Fassung_L         1.00   0.00  0.00  0.00  1.00  0.00  0.00  0.00  0.00  0.00
  11                      1.00   0.00  0.00  0.00  1.00  0.00  0.00  0.00  0.00  0.00
  14                      1.00   0.00  0.00  0.00  1.00  0.00  0.00  0.00  0.00  0.00
  16                      1.00   0.00  0.00  0.00  1.00  0.00  0.00  0.00  0.00  0.00
  17                      1.00   0.00  0.00  0.00  1.00  0.00  0.00  0.00  0.00  0.00
  26                      1.00   0.00  0.00  0.00  1.00  0.00  0.00  0.00  0.00  0.00
  27                      1.00   0.00  0.00  0.00  1.00  0.00  0.00  0.00  0.00  0.00
  Gischeren_L             1.00   0.01  0.99  0.00  0.00  0.00  0.00  0.00  0.00  0.00
  Schuettstein_L          1.00   0.00  0.00  0.00  0.00  1.00  0.00  0.00  0.00  0.00
  Brunnmuehle_L           1.00   0.00  0.00  0.00  1.00  0.00  0.00  0.00  0.00  0.00
  32                      1.00   1.00  0.00  0.00  0.00  0.00  0.00  0.00  0.00  0.00
  35                      1.00   0.00  0.01  0.00  0.99  0.00  0.00  0.00  0.00  0.00
  45                      1.00   0.00  0.00  0.00  0.00  1.00  0.00  0.00  0.99  0.00
  46                      1.00   0.00  0.00  0.00  1.00  0.00  0.00  0.00  0.00  0.00
  47                      1.00   0.00  0.00  0.00  1.00  0.00  0.00  0.00  0.00  0.00
  50                      1.00   0.00  0.00  0.00  1.00  0.00  0.00  0.00  0.00  0.00
  51                      1.00   0.00  0.00  0.00  1.00  0.00  0.00  0.00  0.00  0.00
  53                      1.00   0.00  0.00  0.00  1.00  0.00  0.00  0.00  0.00  0.00
  Fenster_L               1.00   0.00  0.00  0.00  0.00  1.00  0.00  0.00  0.00  0.00
  58                      1.00   0.00  0.00  0.00  0.00  1.00  0.00  0.00  0.00  0.00
  59                      1.00   0.00  0.00  0.00  0.00  1.00  0.00  0.00  1.00  0.00
  61                      1.00   0.00  0.00  0.00  1.00  0.00  0.00  0.00  0.00  0.00
  63                      1.00   0.00  0.00  0.00  1.00  0.00  0.00  0.00  0.00  0.00
  66                      1.00   0.00  0.00  0.00  1.00  0.00  0.00  0.00  0.00  0.00
  67                      1.00   0.00  0.00  0.00  1.00  0.00  0.00  0.00  0.00  0.00
  Amont_L                 1.00   0.00  0.00  0.00  1.00  0.00  0.00  0.00  0.00  0.00
  69                      1.00   0.00  0.00  0.00  1.00  0.00  0.00  0.00  0.00  0.00
  70                      1.00   0.00  0.00  0.00  1.00  0.00  0.00  0.00  0.00  0.00
  71                      1.00   0.00  0.00  0.00  1.00  0.00  0.00  0.00  0.00  0.00
  72                      1.00   0.00  0.00  0.00  1.00  0.00  0.00  0.00  0.00  0.00
  Sauser_L                1.00   0.00  0.00  0.00  1.00  0.00  0.00  0.00  0.00  0.00
  75                      1.00   0.00  0.00  0.00  0.00  1.00  0.00  0.00  0.00  0.00
  Entw_Sto_L              1.00   0.00  0.00  0.00  0.99  0.01  0.00  0.00  0.00  0.00
  4                       1.00   0.00  0.00  0.00  1.00  0.00  0.00  0.00  0.00  0.00
  5                       1.00   0.00  0.00  0.00  1.00  0.00  0.00  0.00  0.00  0.00
  6                       1.00   0.00  0.00  0.00  0.00  1.00  0.00  0.00  0.00  0.00
  7                       1.00   0.00  0.00  0.00  1.00  0.00  0.00  0.00  0.00  0.00
  Brunn_Teich_L           1.00   0.00  0.00  0.00  1.00  0.00  0.00  0.00  0.00  0.00
  9                       1.00   0.00  0.00  0.00  0.00  1.00  0.00  0.00  0.00  0.00
  12                      1.00   0.00  0.00  0.00  1.00  0.00  0.00  0.00  0.00  0.00
  15                      1.00   0.00  0.00  0.00  1.00  0.00  0.00  0.00  0.00  0.00
  18                      1.00   0.00  0.00  0.00  1.00  0.00  0.00  0.00  0.00  0.00
  19                      1.00   0.00  0.00  0.00  1.00  0.00  0.00  0.00  0.00  0.00
  20                      1.00   0.00  0.00  0.00  0.99  0.00  0.00  0.00  0.00  0.00
  21                      1.00   0.00  0.00  0.00  1.00  0.00  0.00  0.00  0.00  0.00
  Hooliloch_L             1.00   0.00  0.00  0.00  1.00  0.00  0.00  0.00  0.00  0.00
  23                      1.00   0.00  0.00  0.00  0.00  1.00  0.00  0.00  0.00  0.00
  25                      1.00   0.00  0.00  0.00  1.00  0.00  0.00  0.00  0.00  0.00
  28                      1.00   0.00  0.00  0.00  0.00  1.00  0.00  0.00  0.00  0.00
  29                      1.00   0.00  0.00  0.00  1.00  0.00  0.00  0.00  1.00  0.00
  31                      1.00   0.00  0.01  0.00  0.99  0.00  0.00  0.00  0.00  0.00
  33                      1.00   0.00  0.00  0.00  1.00  0.00  0.00  0.00  0.00  0.00
  37                      1.00   0.00  0.00  0.00  1.00  0.00  0.00  0.00  0.00  0.00
  SS3_L                   1.00   0.00  0.00  0.00  0.00  1.00  0.00  0.00  1.00  0.00
  40                      1.00   0.00  0.00  0.00  1.00  0.00  0.00  0.00  0.00  0.00
  SS6_L                   1.00   0.00  0.00  0.00  0.00  1.00  0.00  0.00  1.00  0.00
  1                       1.00   0.00  1.00  0.00  0.00  0.00  0.00  0.00  0.00  0.00
  2                       1.00   1.00  0.00  0.00  0.00  0.00  0.00  0.00  0.00  0.00
  3                       1.00   0.00  0.00  0.00  0.00  1.00  0.00  0.00  1.00  0.00
  10                      1.00   0.00  0.00  0.00  1.00  0.00  0.00  0.00  1.00  0.00
  13                      1.00   0.00  0.00  0.00  1.00  0.00  0.00  0.00  0.00  0.00
  22                      1.00   0.00  0.00  0.00  1.00  0.00  0.00  0.00  0.00  0.00
  24                      1.00   0.00  0.00  0.00  1.00  0.00  0.00  0.00  0.00  0.00
  30                      1.00   0.00  0.00  0.00  1.00  0.00  0.00  0.00  0.00  0.00
  34                      1.00   0.00  0.00  0.00  1.00  0.00  0.00  0.00  0.00  0.00
  36                      1.00   0.00  0.00  0.00  0.00  1.00  0.00  0.00  0.00  0.00
  38                      1.00   0.00  0.00  0.00  1.00  0.00  0.00  0.00  0.00  0.00
  48                      1.00   0.00  0.00  0.00  1.00  0.00  0.00  0.00  1.00  0.00
  54                      1.00   0.00  1.00  0.00  0.00  0.00  0.00  0.00  0.00  0.00
  68                      1.00   0.00  0.00  0.00  0.00  1.00  0.00  0.00  1.00  0.00
  73                      1.00   0.00  1.00  0.00  0.00  0.00  0.00  0.00  0.00  0.00
  TWT1                    1.00   0.00  0.00  0.00  0.00  1.00  0.00  0.00  0.00  0.00
  TWT2                    1.00   0.00  0.00  0.00  0.00  1.00  0.00  0.00  0.00  0.00
  TWT3                    1.00   0.00  0.00  0.00  1.00  0.00  0.00  0.00  0.00  0.00
  TWT4                    1.00   0.00  0.00  0.00  1.00  0.00  0.00  0.00  1.00  0.00
  1_2_b_                  1.00   0.00  1.00  0.00  0.00  0.00  0.00  0.00  0.00  0.00
  1_2_b_1                 1.00   0.00  0.00  0.00  1.00  0.00  0.00  0.00  0.00  0.00
  1_2_b_2                 1.00   0.00  0.00  0.00  1.00  0.00  0.00  0.00  1.00  0.00
  TWT5                    1.00   0.00  0.00  0.00  1.00  0.00  0.00  0.00  0.00  0.00
  1_4_a                   1.00   0.00  0.00  0.00  1.00  0.00  0.00  0.00  0.00  0.00
  TWT6                    1.00   0.00  0.00  0.00  1.00  0.00  0.00  0.00  0.00  0.00
  1_4_b                   1.00   0.00  1.00  0.00  0.00  0.00  0.00  0.00  0.00  0.00
  TWT7                    1.00   0.00  1.00  0.00  0.00  0.00  0.00  0.00  0.00  0.00
  1_5_a                   1.00   0.00  1.00  0.00  0.00  0.00  0.00  0.00  0.00  0.00
  1_6_a_1                 1.00   0.00  0.00  0.00  1.00  0.00  0.00  0.00  0.00  0.00
  1_7_a                   1.00   0.00  0.00  0.00  0.00  1.00  0.00  0.00  0.00  0.00
  1_7_a_                  1.00   0.00  0.00  0.00  0.00  1.00  0.00  0.00  1.00  0.00
  1_7_a__                 1.00   0.00  0.00  0.00  0.00  1.00  0.00  0.00  0.00  0.00
  1_7_a_1                 1.00   0.00  0.00  0.00  0.00  1.00  0.00  0.00  0.00  0.00
  1_8_a                   1.00   0.00  0.00  0.00  1.00  0.00  0.00  0.00  0.00  0.00
  CV_1C_to_54             1.00   0.00  0.00  0.00  1.00  0.00  0.00  0.00  0.00  0.00
  
  
  *************************
  Conduit Surcharge Summary
  *************************
  
  ----------------------------------------------------------------------------
                                                           Hours        Hours 
                         --------- Hours Full --------   Above Full   Capacity
  Conduit                Both Ends  Upstream  Dnstream   Normal Flow   Limited
  ----------------------------------------------------------------------------
  Brunn_Fassung_L             0.01      0.01     24.00      0.01         0.01
  11                         23.99     23.99     23.99      0.02         0.01
  14                         23.99     23.99     23.99     23.99         0.01
  16                         24.00     24.00     24.00     23.99        23.99
  17                         24.00     24.00     24.00      0.01         0.01
  26                         23.99     23.99     23.99      0.01         0.01
  27                          0.01      0.01     23.96      0.01         0.01
  Schuettstein_L              0.01      0.01     23.98      0.01         0.01
  Brunnmuehle_L              24.00     24.00     24.00      0.01         0.01
  35                          0.01      0.01     23.85      0.01         0.01
  46                         24.00     24.00     24.00      0.01         0.01
  47                         24.00     24.00     24.00     24.00        24.00
  50                         23.98     23.98     23.98      0.01         0.01
  51                         23.96     23.96     24.00      0.01         0.01
  53                         24.00     24.00     24.00      0.01         0.01
  61                         23.98     23.98     23.99      0.01         0.01
  63                          0.01     23.97      0.01      0.01         0.01
  66                         23.90     23.97     23.90     23.96        23.90
  67                         23.99     23.99     24.00      0.01         0.01
  Amont_L                    24.00     24.00     24.00      0.01         0.01
  69                         23.91     23.91     24.00      0.01         0.01
  70                         23.91     23.91     24.00      0.01         0.01
  71                         23.98     23.98     23.99      0.01         0.01
  72                          0.01     23.97      0.01     23.97         0.01
  Sauser_L                    0.01      0.01     24.00      0.01         0.01
  75                          0.01     23.93      0.01      0.01         0.01
  Entw_Sto_L                  0.01     23.86      0.01     23.86         0.01
  4                          23.86     23.95     23.86     23.87        23.86
  5                          23.86     23.86     24.00      0.01         0.01
  6                           0.01      0.01     24.00      0.01         0.01
  7                          23.99     23.99     24.00      0.01         0.01
  Brunn_Teich_L               0.01      0.01     23.98      0.01         0.01
  9                           0.01      0.01     23.98      0.01         0.01
  12                         23.98     23.98     23.98      0.01         0.01
  15                         23.98     23.98     23.99      0.01         0.01
  18                         23.98     23.98     23.98      0.01         0.01
  19                         23.97     23.97     23.98      0.01         0.01
  21                          0.01      0.01     23.96      0.01         0.01
  23                          0.01     23.90      0.01      0.01         0.01
  25                         23.85     23.85     23.99      0.01         0.01
  33                         23.95     23.95     23.96      0.01         0.01
  13                         23.98     23.98     24.00      0.01         0.01
  22                         23.98     23.98     24.00      0.01         0.01
  24                         23.93     23.93     24.00      0.01         0.01
  30                         23.93     23.93     24.00      0.01         0.01
  34                          0.01      0.01     23.99      0.01         0.01
  38                         23.88     23.88     23.92      0.01         0.01
  48                          0.01      0.01     23.87      0.01         0.01
  1_2_b_1                    23.95     24.00     23.95     23.99        23.95
  1_2_b_2                     0.01      0.01     23.95      0.01         0.01
  1_6_a_1                    23.89     23.89     24.00      0.01         0.01
  1_7_a                       0.01      0.01      0.01     23.86         0.01
  1_7_a__                     0.01      0.01     24.00      0.01         0.01
  1_7_a_1                     0.01      0.01     24.00     23.99         0.01
  

  Analysis begun on:  Wed Sep 30 16:07:59 2026
  Analysis ended on:  Wed Sep 30 16:08:02 2026
  Total elapsed time: 00:00:03