
  EPA STORM WATER MANAGEMENT MODEL - VERSION 5.2 (Build 5.2.4)
  ------------------------------------------------------------

  Brunnmuehle (Twann) 
  WARNING 08: elevation drop exceeds length for Conduit SS3_L
  WARNING 08: elevation drop exceeds length for Conduit SS6_L
  WARNING 08: elevation drop exceeds length for Conduit 2
  WARNING 08: elevation drop exceeds length for Conduit 3
  WARNING 08: elevation drop exceeds length for Conduit 68
  WARNING 08: elevation drop exceeds length for Conduit 1_2_b_
  WARNING 08: elevation drop exceeds length for Conduit 1_2_b_2
  WARNING 08: elevation drop exceeds length for Conduit 1_2_b_3
  WARNING 02: maximum depth increased for Node 2
  
  ****************
  Analysis Options
  ****************
  Flow Units ............... CMS
  Process Models:
    Rainfall/Runoff ........ NO
    RDII ................... NO
    Snowmelt ............... NO
    Groundwater ............ NO
    Flow Routing ........... YES
    Ponding Allowed ........ NO
    Water Quality .......... NO
  Flow Routing Method ...... DYNWAVE
  Surcharge Method ......... EXTRAN
  Starting Date ............ 01/01/2000 00:00:00
  Ending Date .............. 01/02/2000 00:00:00
  Antecedent Dry Days ...... 0.0
  Report Time Step ......... 01:00:00
  Routing Time Step ........ 0.50 sec
  Variable Time Step ....... YES
  Maximum Trials ........... 8
  Number of Threads ........ 1
  Head Tolerance ........... 0.001500 m
  
  
  **************************        Volume        Volume
  Flow Routing Continuity        hectare-m      10^6 ltr
  **************************     ---------     ---------
  Dry Weather Inflow .......         0.000         0.000
  Wet Weather Inflow .......         0.000         0.000
  Groundwater Inflow .......         0.000         0.000
  RDII Inflow ..............         0.000         0.000
  External Inflow ..........       195.026      1950.277
  External Outflow .........       185.108      1851.099
  Flooding Loss ............         0.000         0.000
  Evaporation Loss .........         0.000         0.000
  Exfiltration Loss ........         0.000         0.000
  Initial Stored Volume ....         0.057         0.565
  Final Stored Volume ......         0.392         3.921
  Continuity Error (%) .....         4.912
  
  
  *************************
  Highest Continuity Errors
  *************************
  Node Syst_Est_interm (100.00%)
  Node 2 (59.61%)
  Node TWT_Chrosweg_61+140 (25.57%)
  Node SS5 (-13.11%)
  Node SonSto_F (-12.85%)
  
  
  ***************************
  Time-Step Critical Elements
  ***************************
  Link 20 (22896.42%)
  Link 3 (2.79%)
  
  
  ********************************
  Highest Flow Instability Indexes
  ********************************
  All links are stable.
  
  
  *********************************
  Most Frequent Nonconverging Nodes
  *********************************
  Node Brunnm_Fassung (70.69%)
  Node Brunnmuehle(Teich) (70.69%)
  Node Fensterstollen (70.69%)
  Node Gischeren (70.69%)
  Node Schuettstein (70.69%)
  
  
  *************************
  Routing Time Step Summary
  *************************
  Minimum Time Step           :     0.50 sec
  Average Time Step           :     0.50 sec
  Maximum Time Step           :     0.50 sec
  % of Time in Steady State   :    99.56
  Average Iterations per Step :     7.87
  % of Steps Not Converging   :    70.69
  Time Step Frequencies       :
      0.500 -  0.500 sec      :   100.00 %
      0.500 -  0.500 sec      :     0.00 %
      0.500 -  0.500 sec      :     0.00 %
      0.500 -  0.500 sec      :     0.00 %
      0.500 -  0.500 sec      :     0.00 %
  
  
  ******************
  Node Depth Summary
  ******************
  
  ---------------------------------------------------------------------------------
                                 Average  Maximum  Maximum  Time of Max    Reported
                                   Depth    Depth      HGL   Occurrence   Max Depth
  Node                 Type       Meters   Meters   Meters  days hr:min      Meters
  ---------------------------------------------------------------------------------
  9                    JUNCTION    55.88    72.14   510.64     0  00:00       55.91
  Holiloch_sonde       JUNCTION    46.79    58.95   498.95     0  00:01       46.83
  11                   JUNCTION    65.06    67.32   477.32     0  00:02       65.08
  13                   JUNCTION    93.03    94.15   532.15     0  00:02       93.07
  21                   JUNCTION    45.01    46.79   446.79     0  00:02       45.02
  SonSto_F             JUNCTION     0.49     0.51   438.31     0  00:06        0.49
  Sondierstollen       JUNCTION     1.33     1.34   442.14     0  00:06        1.34
  Aval_Trappe          JUNCTION     0.63     0.63   438.23     0  00:06        0.63
  30                   JUNCTION     0.53     0.53   437.83     0  00:06        0.53
  Gischeren_node       JUNCTION     4.03     4.05   480.55     0  00:06        4.05
  34                   JUNCTION    22.41    23.88   443.88     0  00:02       22.42
  38                   JUNCTION    30.57    32.92   452.92     0  00:02       30.59
  SS6                  JUNCTION     0.07     0.07   448.07     0  00:02        0.07
  40                   JUNCTION    24.82    25.95   444.95     0  00:01       24.83
  41                   JUNCTION    92.64    93.77   531.27     0  00:00       92.69
  SondeSchuettstein    JUNCTION    27.44    27.60   486.60     0  00:02       27.46
  SS4                  JUNCTION     0.09     0.09   448.09     0  00:06        0.09
  47                   JUNCTION    15.68    21.17   486.07     0  00:01       15.70
  48                   JUNCTION    14.40    14.53   485.53     0  00:02       14.40
  SondeGischeren       JUNCTION    15.55    15.59   480.59     0  00:06       15.59
  49                   JUNCTION    16.78    18.75   484.75     0  00:02       16.81
  50                   JUNCTION     8.89     8.91   471.91     0  00:06        8.91
  51                   JUNCTION   111.73   112.86   532.86     0  00:02      111.78
  Amont_C              JUNCTION   116.45   117.58   535.58     0  00:02      116.50
  52                   JUNCTION    31.35    59.10   516.10     0  00:02       31.40
  53                   JUNCTION    57.90    59.18   526.18     0  00:06       58.02
  54                   JUNCTION    57.60    59.33   522.33     0  00:06       57.84
  56                   JUNCTION     6.45     6.67   436.67     0  00:01        6.45
  2                    JUNCTION     0.11     0.11   438.11     0  00:06        0.11
  4                    JUNCTION     9.35    10.27   438.27     0  00:00        9.35
  5                    JUNCTION     6.72     6.76   479.26     0  00:02        6.73
  6                    JUNCTION    25.00    31.20   489.20     0  00:01       25.02
  7                    JUNCTION     4.20     4.22   479.22     0  00:02        4.20
  SS3                  JUNCTION     0.08     0.08   448.08     0  00:06        0.08
  SS5                  JUNCTION     0.85     1.07   439.97     0  00:06        0.86
  8                    JUNCTION     6.86     6.88   480.88     0  00:06        6.88
  10                   JUNCTION    14.77    16.80   484.80     0  00:02       14.80
  SonSto_SS5           JUNCTION     0.39     0.43   439.73     0  00:06        0.39
  SonSto_SS3           JUNCTION     0.37     0.44   440.14     0  00:05        0.37
  SonSto_SS4           JUNCTION     0.34     0.38   439.78     0  00:06        0.34
  Amont_Trappe         JUNCTION     0.57     0.58   438.28     0  00:06        0.57
  SonSto_SS6           JUNCTION     0.31     0.37   439.07     0  00:06        0.32
  SS2                  JUNCTION     0.00     0.00   448.00     0  00:00        0.00
  SonSto_SS2           JUNCTION     0.26     0.26   441.76     0  00:06        0.26
  12                   JUNCTION    41.71    42.01   491.01     0  00:02       41.74
  14                   JUNCTION    35.09    38.76   503.76     0  00:01       35.12
  15                   JUNCTION     0.53     0.54   472.54     0  00:03        0.53
  TWT_PointHaut_60+650 JUNCTION     0.17     0.17   442.67     0  00:06        0.17
  TWT_Fensterstollen_60+375 JUNCTION     1.48     1.48   442.78     0  00:06        1.48
  TWT_Acces_LT_60+110  JUNCTION     0.00     0.00   441.50     0  00:00        0.00
  TWT_Liaison_LT_59+738 JUNCTION     0.00     0.00   450.60     0  00:00        0.00
  Syst_Est_amont       JUNCTION     0.66     0.66   430.66     0  00:03        0.66
  Syst_Est_interm      JUNCTION     1.17     1.17   411.17     0  00:06        1.17
  TWT_Branche_Est_Sonsto_60+540 JUNCTION     0.26     0.26   442.66     0  00:06        0.26
  TWT_Intersection_Sonsto_60+345 JUNCTION     0.00     0.00   440.90     0  00:00        0.00
  TWT_Chrosweg_61+140  JUNCTION     0.13     0.13   432.13     0  00:06        0.13
  SonSto_F_sup         JUNCTION     0.07     0.07   448.07     0  00:02        0.07
  SonSto_porte         JUNCTION     0.00     0.00   438.50     0  00:00        0.00
  Brunnm_Fassung       OUTFALL      0.12     0.12   433.92     0  00:02        0.12
  Brunnmuehle(Teich)   OUTFALL      0.27     0.28   435.78     0  00:02        0.27
  Fensterstollen       OUTFALL      0.41     0.41   437.41     0  00:06        0.41
  Gischeren            OUTFALL      0.27     0.27   480.27     0  00:06        0.27
  Schuettstein         OUTFALL      0.35     0.35   477.90     0  00:02        0.35
  Holiloch             OUTFALL      2.09     2.10   478.60     0  00:02        2.09
  Sauserquelle         OUTFALL      0.30     0.30   435.85     0  00:06        0.30
  Entw_Stollen         OUTFALL      0.10     0.10   436.60     0  00:06        0.10
  Sous_lacustre        OUTFALL      0.12     0.12   429.32     0  00:02        0.12
  Sous_ecoul.          OUTFALL      0.00     0.00   433.00     0  00:02        0.00
  Syst_Est_aval        OUTFALL      0.00     0.00   429.00     0  00:00        0.00
  TWT_Portail_Est_61+665 OUTFALL      0.13     0.13   421.73     0  00:06        0.13
  
  
  *******************
  Node Inflow Summary
  *******************
  
  -------------------------------------------------------------------------------------------------
                                  Maximum  Maximum                  Lateral       Total        Flow
                                  Lateral    Total  Time of Max      Inflow      Inflow     Balance
                                   Inflow   Inflow   Occurrence      Volume      Volume       Error
  Node                 Type           CMS      CMS  days hr:min    10^6 ltr    10^6 ltr     Percent
  -------------------------------------------------------------------------------------------------
  9                    JUNCTION         0     20.8     0  00:00           0    1.36e+03       0.011
  Holiloch_sonde       JUNCTION         0     17.5     0  00:00           0     1.3e+03       0.049
  11                   JUNCTION         0    0.341     0  00:02           0        29.2      -0.002
  13                   JUNCTION         0     21.4     0  00:00           0    1.55e+03       0.014
  21                   JUNCTION         0    0.588     0  00:02           0        50.2      -0.000
  SonSto_F             JUNCTION         0      4.2     0  00:06           0         325     -11.385
  Sondierstollen       JUNCTION         0     2.23     0  00:06           0         192       0.000
  Aval_Trappe          JUNCTION         0     4.24     0  00:06           0         365      -1.088
  30                   JUNCTION         0     4.37     0  00:06           0         376       9.808
  Gischeren_node       JUNCTION         0    0.878     0  00:04           0        72.7       0.720
  34                   JUNCTION         0    0.544     0  00:02           0        46.4      -0.000
  38                   JUNCTION         0    0.327     0  00:00           0        26.6      -0.001
  SS6                  JUNCTION         0    0.176     0  00:02           0        14.4       0.010
  40                   JUNCTION         0     2.98     0  00:02           0         255      -0.003
  41                   JUNCTION         0     5.93     0  00:00           0        84.6       0.001
  SondeSchuettstein    JUNCTION         0     1.13     0  00:00           0        84.6       0.006
  SS4                  JUNCTION         0    0.178     0  00:06           0        15.3       0.006
  47                   JUNCTION         0     14.6     0  00:01           0     1.2e+03       0.009
  48                   JUNCTION         0    0.989     0  00:02           0        84.6       0.014
  SondeGischeren       JUNCTION         0    0.594     0  00:02           0          41       0.124
  49                   JUNCTION         0     1.23     0  00:01           0        14.8       1.215
  50                   JUNCTION         0    0.182     0  00:02           0        13.6       0.014
  51                   JUNCTION         0     38.2     0  00:00           0    1.86e+03       0.002
  Amont_C              JUNCTION      21.5     46.6     0  00:00    1.86e+03    1.86e+03       0.016
  52                   JUNCTION         0    0.385     0  00:02           0        23.6       0.092
  53                   JUNCTION         0    0.526     0  00:06           0        18.6       0.077
  54                   JUNCTION         0    0.526     0  00:06           0        18.6       0.591
  56                   JUNCTION         0    0.792     0  00:06           0        68.4      -0.002
  2                    JUNCTION         0   0.0681     0  00:06           0        5.87     147.566
  4                    JUNCTION         0    0.503     0  00:02           0        42.7       0.014
  5                    JUNCTION         0     14.3     0  00:01           0     1.2e+03       0.034
  6                    JUNCTION         0     16.3     0  00:01           0    1.21e+03       0.015
  7                    JUNCTION         0     14.7     0  00:01           0     1.2e+03       0.603
  SS3                  JUNCTION         0    0.158     0  00:06           0        13.6       0.004
  SS5                  JUNCTION         0     2.14     0  00:06           0         183     -11.591
  8                    JUNCTION         0     1.03     0  00:03           0        86.4       0.086
  10                   JUNCTION         0     1.03     0  00:02           0        14.6       1.221
  SonSto_SS5           JUNCTION         0     3.35     0  00:06           0         254      -2.439
  SonSto_SS3           JUNCTION         0     2.38     0  00:06           0         205       3.721
  SonSto_SS4           JUNCTION         0     2.58     0  00:06           0         213      -2.595
  Amont_Trappe         JUNCTION         0     4.18     0  00:06           0         360      -1.377
  SonSto_SS6           JUNCTION         0     3.27     0  00:06           0         275      -0.848
  SS2                  JUNCTION         0        0     0  00:00           0           0       0.000 ltr
  SonSto_SS2           JUNCTION         0     2.28     0  00:06           0         196       2.714
  12                   JUNCTION         0    0.542     0  00:00           0        35.5       0.010
  14                   JUNCTION         0     2.92     0  00:01           0         206       0.022
  15                   JUNCTION         0     0.74     0  00:02           0        61.6       0.585
  TWT_PointHaut_60+650 JUNCTION         0    0.973     0  00:06           0          84       2.548
  TWT_Fensterstollen_60+375 JUNCTION         0     2.25     0  00:02           0         188       2.605
  TWT_Acces_LT_60+110  JUNCTION         0        0     0  00:00           0           0       0.000 ltr
  TWT_Liaison_LT_59+738 JUNCTION         0        0     0  00:00           0           0       0.000 ltr
  Syst_Est_amont       JUNCTION      1.08     1.17     0  00:06        92.9         101       1.430
  Syst_Est_interm      JUNCTION         0     1.16     0  00:06           0        99.999902999.160 ltr
  TWT_Branche_Est_Sonsto_60+540 JUNCTION         0     2.31     0  00:06           0         199       3.857
  TWT_Intersection_Sonsto_60+345 JUNCTION         0        0     0  00:00           0           0       0.000 ltr
  TWT_Chrosweg_61+140  JUNCTION         0    0.766     0  00:06           0        66.1      34.357
  SonSto_F_sup         JUNCTION         0    0.712     0  00:02           0        61.3      -0.011
  SonSto_porte         JUNCTION         0        0     0  00:00           0           0       0.000 ltr
  Brunnm_Fassung       OUTFALL          0   0.0452     0  00:02           0        3.71       0.000
  Brunnmuehle(Teich)   OUTFALL          0    0.499     0  00:02           0        42.1       0.000
  Fensterstollen       OUTFALL          0     3.98     0  00:06           0         342       0.000
  Gischeren            OUTFALL          0    0.838     0  00:06           0        72.2       0.000
  Schuettstein         OUTFALL          0    0.989     0  00:02           0        84.5       0.000
  Holiloch             OUTFALL          0       14     0  00:02           0    1.19e+03       0.000
  Sauserquelle         OUTFALL          0    0.792     0  00:06           0        68.4       0.000
  Entw_Stollen         OUTFALL          0   0.0275     0  00:06           0        2.37       0.000
  Sous_lacustre        OUTFALL          0   0.0455     0  00:02           0         3.8       0.000
  Sous_ecoul.          OUTFALL          0  0.00686     0  00:02           0        0.55       0.000
  Syst_Est_aval        OUTFALL          0        0     0  00:00           0           0       0.000 ltr
  TWT_Portail_Est_61+665 OUTFALL          0    0.472     0  00:06           0        40.7       0.000
  
  
  **********************
  Node Surcharge Summary
  **********************
  
  Surcharging occurs when water rises above the top of the highest conduit.
  ---------------------------------------------------------------------
                                               Max. Height   Min. Depth
                                   Hours       Above Crown    Below Rim
  Node                 Type      Surcharged         Meters       Meters
  ---------------------------------------------------------------------
  9                    JUNCTION       23.99         70.335       27.865
  Holiloch_sonde       JUNCTION       23.98         57.053      141.047
  11                   JUNCTION       24.00         66.857       82.683
  13                   JUNCTION       23.99         91.153      305.847
  21                   JUNCTION       24.00         46.192      103.208
  34                   JUNCTION       24.00         23.284       76.116
  38                   JUNCTION       24.00         32.320      117.080
  40                   JUNCTION       24.00         21.954       74.046
  41                   JUNCTION       23.99         92.921      156.229
  SondeSchuettstein    JUNCTION       23.99         26.804        0.000
  47                   JUNCTION       23.98         19.268       78.832
  48                   JUNCTION       23.99         13.728       85.472
  SondeGischeren       JUNCTION       23.96         14.388       84.412
  49                   JUNCTION       23.96         10.750      181.250
  50                   JUNCTION       23.95          8.613      191.087
  51                   JUNCTION       24.00        108.864      287.136
  Amont_C              JUNCTION       24.00        114.579      282.421
  52                   JUNCTION       23.96         58.700       40.900
  53                   JUNCTION       23.98         54.177      140.823
  54                   JUNCTION       23.90         54.335      140.665
  56                   JUNCTION       24.00          5.670       93.330
  4                    JUNCTION       23.99          9.622       89.728
  5                    JUNCTION       23.97          1.755       43.245
  6                    JUNCTION       23.98         26.204      168.796
  8                    JUNCTION       23.92          1.881      193.119
  10                   JUNCTION       23.96          8.797      183.203
  12                   JUNCTION       23.99         41.659      157.991
  14                   JUNCTION       23.98         34.762      161.238
  TWT_Acces_LT_60+110  JUNCTION       24.00          0.000        0.000
  TWT_Liaison_LT_59+738 JUNCTION       24.00          0.000        0.000
  TWT_Intersection_Sonsto_60+345 JUNCTION       24.00          0.000        0.000
  
  
  *********************
  Node Flooding Summary
  *********************
  
  No nodes were flooded.
  
  
  ***********************
  Outfall Loading Summary
  ***********************
  
  -----------------------------------------------------------
                         Flow       Avg       Max       Total
                         Freq      Flow      Flow      Volume
  Outfall Node           Pcnt       CMS       CMS    10^6 ltr
  -----------------------------------------------------------
  Brunnm_Fassung        99.96     0.043    0.0452       3.709
  Brunnmuehle(Teich)    99.96     0.488     0.499      42.109
  Fensterstollen        99.95      3.97      3.98     342.375
  Gischeren             99.64     0.838     0.838      72.167
  Schuettstein          99.95     0.979     0.989      84.540
  Holiloch              99.89      13.8        14    1190.400
  Sauserquelle          99.98     0.792     0.792      68.372
  Entw_Stollen          99.97    0.0275    0.0275       2.372
  Sous_lacustre         99.99    0.0439    0.0455       3.796
  Sous_ecoul.           99.96   0.00637   0.00686       0.550
  Syst_Est_aval          0.00         0         0       0.000
  TWT_Portail_Est_61+665  99.92     0.471     0.472      40.700
  -----------------------------------------------------------
  System                91.60      21.4      21.5    1851.090
  
  
  ********************
  Link Flow Summary
  ********************
  
  -----------------------------------------------------------------------------
                                 Maximum  Time of Max   Maximum    Max/    Max/
                                  |Flow|   Occurrence   |Veloc|    Full    Full
  Link                 Type          CMS  days hr:min     m/sec    Flow   Depth
  -----------------------------------------------------------------------------
  Brunn_Fassung_L      CONDUIT    0.0452     0  00:02      1.81    0.75    0.82
  11                   CONDUIT      17.5     0  00:00     11.71    2.61    1.00
  14                   CONDUIT      20.8     0  00:00     14.01   11.34    1.00
  16                   CONDUIT     0.341     0  00:02      3.99    2.38    1.00
  17                   CONDUIT     0.329     0  00:00      1.16    0.56    1.00
  26                   CONDUIT      5.93     0  00:00     10.82    8.04    1.00
  27                   CONDUIT    0.0806     0  00:06      2.12    1.04    1.00
  Gischeren_L          CONDUIT     0.838     0  00:06      1.16    0.11    0.61
  Schuettstein_L       CONDUIT     0.989     0  00:02      5.55    0.84    0.85
  Brunnmuehle_L        CONDUIT     0.544     0  00:02      1.92    0.26    1.00
  32                   CONDUIT      2.28     0  00:06      1.51    0.03    0.27
  35                   CONDUIT      0.42     0  00:03      0.50    0.08    1.00
  45                   CONDUIT      3.65     0  00:06      5.99    0.03    0.14
  46                   CONDUIT     0.792     0  00:06      2.80    0.79    1.00
  47                   CONDUIT     0.152     0  00:00      4.00    9.48    1.00
  50                   CONDUIT     0.989     0  00:02      3.38    0.19    1.00
  51                   CONDUIT     0.144     0  00:05      1.49    0.40    1.00
  53                   CONDUIT     0.327     0  00:00      1.97    1.66    1.00
  Fenster_L            CONDUIT      3.98     0  00:06      5.65    0.04    0.16
  58                   CONDUIT      4.29     0  00:06      4.49    0.06    0.19
  59                   CONDUIT      3.11     0  00:06      6.44    0.03    0.13
  61                   CONDUIT      1.13     0  00:00      5.55    1.58    1.00
  63                   CONDUIT     0.176     0  00:02      2.43    0.79    0.52
  66                   CONDUIT     0.182     0  00:02      2.86    2.40    1.00
  67                   CONDUIT      21.4     0  00:00      5.53    0.21    1.00
  Amont_L              CONDUIT      38.2     0  00:00      5.40    2.07    1.00
  69                   CONDUIT     0.385     0  00:02      3.23    1.51    1.00
  70                   CONDUIT     0.275     0  00:02      2.19    0.85    1.00
  71                   CONDUIT     0.526     0  00:06      2.78    0.93    1.00
  72                   CONDUIT     0.526     0  00:06      2.39    2.49    1.00
  Sauser_L             CONDUIT     0.792     0  00:06      1.46    0.20    0.65
  75                   CONDUIT     0.178     0  00:06      5.09    1.80    0.68
  Entw_Sto_L           CONDUIT    0.0275     0  00:06      1.78    0.64    0.58
  4                    CONDUIT    0.0371     0  00:06      1.57    1.66    0.78
  5                    CONDUIT     0.031     0  00:06      1.43    1.10    0.79
  6                    CONDUIT    0.0455     0  00:02      1.68    0.68    0.80
  7                    CONDUIT     0.503     0  00:02      2.56    0.78    1.00
  Brunn_Teich_L        CONDUIT     0.499     0  00:02      1.97    0.38    0.71
  9                    CONDUIT   0.00686     0  00:02      1.72    0.00    0.51
  12                   CONDUIT      14.3     0  00:01      7.64    0.29    1.00
  15                   CONDUIT      16.3     0  00:01      7.74    0.42    1.00
  18                   CONDUIT      14.6     0  00:01      7.18    0.59    1.00
  19                   CONDUIT      1.23     0  00:01      1.64    1.17    1.00
  20                   CONDUIT      4.24     0  00:06      7.08    0.34    0.60
  21                   CONDUIT      14.7     0  00:01      1.34    0.10    0.92
  Hooliloch_L          CONDUIT        14     0  00:02      1.94    0.28    0.76
  23                   CONDUIT     0.158     0  00:06      3.37    0.99    0.63
  25                   CONDUIT      1.03     0  00:03      3.53    0.84    1.00
  28                   CONDUIT      2.49     0  00:06      4.86    0.03    0.13
  29                   CONDUIT     0.614     0  00:06      1.28    0.03    0.14
  31                   CONDUIT     0.594     0  00:04      0.93    0.36    0.90
  33                   CONDUIT      1.03     0  00:02      0.95    0.39    1.00
  37                   CONDUIT      2.76     0  00:06      2.43    0.06    0.25
  SS3_L                CONDUIT     0.158     0  00:06      3.11    0.00    0.13
  40                   CONDUIT      4.18     0  00:06      2.63    0.03    0.14
  SS6_L                CONDUIT     0.176     0  00:02      2.91    0.00    0.11
  1                    CONDUIT      2.22     0  00:06      5.55    0.02    0.11
  2                    CONDUIT         0     0  00:00      0.00    0.00    0.07
  3                    CONDUIT     0.177     0  00:06      4.52    0.02    0.23
  10                   CONDUIT         2     0  00:06      1.99    0.01    0.24
  13                   CONDUIT     0.542     0  00:00      6.21    1.17    1.00
  22                   CONDUIT     0.415     0  00:02      4.31    1.03    1.00
  24                   CONDUIT      2.92     0  00:01      4.56    0.00    1.00
  30                   CONDUIT      2.41     0  00:02      3.35    1.01    1.00
  34                   CONDUIT      0.74     0  00:02      3.19    0.83    0.99
  36                   CONDUIT     0.712     0  00:02      5.85    0.76    0.55
  38                   CONDUIT     0.594     0  00:02      3.12    0.22    1.00
  48                   CONDUIT      1.16     0  00:06      2.60    0.78    0.83
  54                   CONDUIT         0     0  00:00      0.00    0.00    0.39
  68                   CONDUIT     0.552     0  00:02      8.52    0.00    0.10
  73                   CONDUIT         0     0  00:00      0.00    0.00    0.03
  TWT1                 CONDUIT     0.472     0  00:06      2.73    0.00    0.02
  TWT2                 CONDUIT     0.766     0  00:06      3.67    0.00    0.02
  1_1_b_3              CONDUIT     0.973     0  00:06      2.04    2.70    0.58
  TWT3                 CONDUIT     0.185     0  00:06      1.24    0.00    0.03
  TWT4                 CONDUIT      2.13     0  00:06      0.72    0.00    0.11
  1_2_b_               CONDUIT      2.23     0  00:06      2.05    0.02    0.27
  1_2_b_2              CONDUIT      0.16     0  00:02      0.55    0.01    0.54
  1_2_b_3              CONDUIT      2.09     0  00:02      3.66    0.22    1.00
  1_3_a_1              CONDUIT    0.0982     0  00:06      0.34    0.03    0.39
  
  
  ***************************
  Flow Classification Summary
  ***************************
  
  -------------------------------------------------------------------------------------
                      Adjusted    ---------- Fraction of Time in Flow Class ---------- 
                       /Actual         Up    Down  Sub   Sup   Up    Down  Norm  Inlet 
  Conduit               Length    Dry  Dry   Dry   Crit  Crit  Crit  Crit  Ltd   Ctrl  
  -------------------------------------------------------------------------------------
  Brunn_Fassung_L         1.00   0.00  0.00  0.00  0.00  1.00  0.00  0.00  0.00  0.00
  11                      1.00   0.00  0.00  0.00  1.00  0.00  0.00  0.00  0.00  0.00
  14                      1.00   0.00  0.00  0.00  1.00  0.00  0.00  0.00  0.00  0.00
  16                      1.00   0.00  0.00  0.00  1.00  0.00  0.00  0.00  0.00  0.00
  17                      1.00   0.00  0.00  0.00  1.00  0.00  0.00  0.00  0.00  0.00
  26                      1.00   0.00  0.00  0.00  1.00  0.00  0.00  0.00  0.00  0.00
  27                      1.00   0.00  0.00  0.00  1.00  0.00  0.00  0.00  0.00  0.00
  Gischeren_L             1.00   0.00  0.00  0.00  1.00  0.00  0.00  0.00  0.00  0.00
  Schuettstein_L          1.00   0.00  0.00  0.00  0.00  1.00  0.00  0.00  0.00  0.00
  Brunnmuehle_L           1.00   0.00  0.00  0.00  1.00  0.00  0.00  0.00  0.00  0.00
  32                      1.00   0.00  0.00  0.00  1.00  0.00  0.00  0.00  0.00  0.00
  35                      1.00   0.00  0.00  0.00  1.00  0.00  0.00  0.00  0.00  0.00
  45                      1.00   0.00  0.00  0.00  0.00  1.00  0.00  0.00  1.00  0.00
  46                      1.00   0.00  0.00  0.00  1.00  0.00  0.00  0.00  0.00  0.00
  47                      1.00   0.00  0.00  0.00  1.00  0.00  0.00  0.00  0.00  0.00
  50                      1.00   0.00  0.00  0.00  1.00  0.00  0.00  0.00  0.00  0.00
  51                      1.00   0.00  0.00  0.00  1.00  0.00  0.00  0.00  0.00  0.00
  53                      1.00   0.00  0.00  0.00  1.00  0.00  0.00  0.00  0.00  0.00
  Fenster_L               1.00   0.00  0.00  0.00  0.00  1.00  0.00  0.00  0.00  0.00
  58                      1.00   0.00  0.00  0.00  0.00  1.00  0.00  0.00  0.00  0.00
  59                      1.00   0.00  0.00  0.00  0.00  1.00  0.00  0.00  0.00  0.00
  61                      1.00   0.00  0.00  0.00  1.00  0.00  0.00  0.00  0.00  0.00
  63                      1.00   0.00  0.00  0.00  1.00  0.00  0.00  0.00  0.00  0.00
  66                      1.00   0.00  0.00  0.00  1.00  0.00  0.00  0.00  0.00  0.00
  67                      1.00   0.00  0.00  0.00  1.00  0.00  0.00  0.00  0.00  0.00
  Amont_L                 1.00   0.00  0.00  0.00  1.00  0.00  0.00  0.00  0.00  0.00
  69                      1.00   0.00  0.00  0.00  1.00  0.00  0.00  0.00  0.00  0.00
  70                      1.00   0.00  0.00  0.00  1.00  0.00  0.00  0.00  0.00  0.00
  71                      1.00   0.00  0.00  0.00  1.00  0.00  0.00  0.00  0.00  0.00
  72                      1.00   0.00  0.00  0.00  1.00  0.00  0.00  0.00  0.00  0.00
  Sauser_L                1.00   0.00  0.00  0.00  1.00  0.00  0.00  0.00  0.00  0.00
  75                      1.00   0.00  0.00  0.00  0.00  1.00  0.00  0.00  0.00  0.00
  Entw_Sto_L              1.00   0.00  0.00  0.00  0.00  1.00  0.00  0.00  0.00  0.00
  4                       1.00   0.00  0.00  0.00  0.00  1.00  0.00  0.00  0.00  0.00
  5                       1.00   0.00  0.00  0.00  0.00  1.00  0.00  0.00  0.00  0.00
  6                       1.00   0.00  0.00  0.00  0.00  1.00  0.00  0.00  0.00  0.00
  7                       1.00   0.00  0.00  0.00  1.00  0.00  0.00  0.00  0.00  0.00
  Brunn_Teich_L           1.00   0.00  0.00  0.00  1.00  0.00  0.00  0.00  0.00  0.00
  9                       1.00   0.00  0.00  0.00  0.00  1.00  0.00  0.00  0.00  0.00
  12                      1.00   0.00  0.00  0.00  1.00  0.00  0.00  0.00  0.00  0.00
  15                      1.00   0.00  0.00  0.00  1.00  0.00  0.00  0.00  0.00  0.00
  18                      1.00   0.00  0.00  0.00  1.00  0.00  0.00  0.00  0.00  0.00
  19                      1.00   0.00  0.00  0.00  1.00  0.00  0.00  0.00  0.00  0.00
  20                      1.00   0.00  0.00  0.00  0.00  1.00  0.00  0.00  0.00  0.00
  21                      1.00   0.00  0.00  0.00  1.00  0.00  0.00  0.00  0.00  0.00
  Hooliloch_L             1.00   0.00  0.00  0.00  1.00  0.00  0.00  0.00  0.00  0.00
  23                      1.00   0.00  0.00  0.00  0.00  1.00  0.00  0.00  0.00  0.00
  25                      1.00   0.00  0.00  0.00  1.00  0.00  0.00  0.00  0.00  0.00
  28                      1.00   0.00  0.00  0.00  0.00  1.00  0.00  0.00  0.00  0.00
  29                      1.00   0.00  0.00  0.00  1.00  0.00  0.00  0.00  0.00  0.00
  31                      1.00   0.00  0.00  0.00  1.00  0.00  0.00  0.00  0.00  0.00
  33                      1.00   0.00  0.00  0.00  1.00  0.00  0.00  0.00  0.00  0.00
  37                      1.00   0.00  0.00  0.00  0.00  1.00  0.00  0.00  0.00  0.00
  SS3_L                   1.00   0.00  0.00  0.00  1.00  0.00  0.00  0.00  1.00  0.00
  40                      1.00   0.00  0.00  0.00  0.00  1.00  0.00  0.00  0.00  0.00
  SS6_L                   1.00   0.00  0.00  0.00  1.00  0.00  0.00  0.00  1.00  0.00
  1                       1.00   0.00  0.00  0.00  0.00  1.00  0.00  0.00  1.00  0.00
  2                       1.00   0.00  1.00  0.00  0.00  0.00  0.00  0.00  0.00  0.00
  3                       1.00   0.00  0.00  0.00  0.00  1.00  0.00  0.00  1.00  0.00
  10                      1.00   0.00  0.00  0.00  1.00  0.00  0.00  0.00  0.00  0.00
  13                      1.00   0.00  0.00  0.00  1.00  0.00  0.00  0.00  0.00  0.00
  22                      1.00   0.00  0.00  0.00  1.00  0.00  0.00  0.00  0.00  0.00
  24                      1.00   0.00  0.00  0.00  1.00  0.00  0.00  0.00  0.00  0.00
  30                      1.00   0.00  0.00  0.00  1.00  0.00  0.00  0.00  0.00  0.00
  34                      1.00   0.00  0.00  0.00  1.00  0.00  0.00  0.00  0.00  0.00
  36                      1.00   0.00  0.00  0.00  0.00  1.00  0.00  0.00  0.00  0.00
  38                      1.00   0.00  0.00  0.00  1.00  0.00  0.00  0.00  0.00  0.00
  48                      1.00   0.00  0.00  0.00  1.00  0.00  0.00  0.00  1.00  0.00
  54                      1.00   0.00  1.00  0.00  0.00  0.00  0.00  0.00  0.00  0.00
  68                      1.00   0.00  0.00  0.00  0.00  1.00  0.00  0.00  1.00  0.00
  73                      1.00   0.00  1.00  0.00  0.00  0.00  0.00  0.00  0.00  0.00
  TWT1                    1.00   0.00  0.00  0.00  0.00  1.00  0.00  0.00  0.00  0.00
  TWT2                    1.00   0.00  0.00  0.00  0.00  1.00  0.00  0.00  0.00  0.00
  1_1_b_3                 1.00   0.00  0.00  0.00  1.00  0.00  0.00  0.00  0.00  0.00
  TWT3                    1.00   0.00  0.00  0.00  1.00  0.00  0.00  0.00  0.00  0.00
  TWT4                    1.00   0.00  0.00  0.00  1.00  0.00  0.00  0.00  0.00  0.00
  1_2_b_                  1.00   0.00  0.00  0.00  1.00  0.00  0.00  0.00  1.00  0.00
  1_2_b_2                 1.00   0.00  0.00  0.00  1.00  0.00  0.00  0.00  1.00  0.00
  1_2_b_3                 1.00   0.00  0.00  0.00  1.00  0.00  0.00  0.00  0.00  0.00
  1_3_a_1                 1.00   0.00  0.00  0.00  1.00  0.00  0.00  0.00  1.00  0.00
  
  
  *************************
  Conduit Surcharge Summary
  *************************
  
  ----------------------------------------------------------------------------
                                                           Hours        Hours 
                         --------- Hours Full --------   Above Full   Capacity
  Conduit                Both Ends  Upstream  Dnstream   Normal Flow   Limited
  ----------------------------------------------------------------------------
  Brunn_Fassung_L             0.01      0.01     24.00      0.01         0.01
  11                         23.98     23.98     23.99     23.99         0.01
  14                         23.99     23.99     24.00     23.99         0.01
  16                         24.00     24.00     24.00     23.99        23.99
  17                         24.00     24.00     24.00      0.01         0.01
  26                         23.99     24.00     23.99     23.99        23.99
  27                         23.90     23.90     23.93     23.90         0.01
  Gischeren_L                 0.01      0.01     23.91      0.01         0.01
  Schuettstein_L              0.01      0.01     23.99      0.01         0.01
  Brunnmuehle_L              24.00     24.00     24.00      0.01         0.01
  35                         23.93     23.93     23.96      0.01         0.01
  46                         24.00     24.00     24.00      0.01         0.01
  47                         24.00     24.00     24.00     24.00        24.00
  50                         23.99     23.99     23.99      0.01         0.01
  51                         23.98     23.98     23.99      0.01         0.01
  53                         24.00     24.00     24.00     23.99         0.01
  61                         23.99     23.99     23.99     23.99         0.01
  63                          0.01     23.97      0.01      0.01         0.01
  66                         23.95     23.98     23.95     23.98        23.95
  67                         23.99     23.99     24.00      0.01         0.01
  Amont_L                    24.00     24.00     24.00     24.00         0.01
  69                         23.96     23.96     24.00     23.98         0.01
  70                         23.96     23.96     24.00      0.01         0.01
  71                         23.99     23.99     23.99      0.01         0.01
  72                         23.90     23.98     23.90     23.98        23.90
  Sauser_L                    0.01      0.01     24.00      0.01         0.01
  75                          0.01     23.98      0.01     23.90         0.01
  4                           0.01     23.98      0.01     23.90         0.01
  5                           0.01      0.01     24.00     23.93         0.01
  6                           0.01      0.01     24.00      0.01         0.01
  7                          23.99     23.99     24.00      0.01         0.01
  Brunn_Teich_L               0.01      0.01     23.99      0.01         0.01
  9                           0.01      0.01     23.99      0.01         0.01
  12                         23.98     23.98     23.98      0.01         0.01
  15                         23.98     23.98     23.98      0.01         0.01
  18                         23.98     23.98     23.98      0.01         0.01
  19                         23.97     23.97     23.98      0.01         0.01
  21                          0.01      0.01     23.97      0.01         0.01
  Hooliloch_L                 0.01      0.01     23.96      0.01         0.01
  23                          0.01     23.95      0.01      0.01         0.01
  25                         23.94     23.94     23.99      0.01         0.01
  31                          0.01      0.01     23.92      0.01         0.01
  33                         23.96     23.96     23.96      0.01         0.01
  13                         23.99     23.99     24.00      0.01         0.01
  22                         23.99     23.99     24.00     23.98        23.98
  24                         23.98     23.98     24.00      0.01         0.01
  30                         23.98     23.98     24.00     23.92        23.92
  34                          0.01      0.01     23.99      0.01         0.01
  38                         23.95     23.95     23.96      0.01         0.01
  48                          0.01      0.01     23.91      0.01         0.01
  1_1_b_3                     0.01      0.01     23.98     23.98         0.01
  1_2_b_2                     0.01      0.01     23.95      0.01         0.01
  1_2_b_3                    23.95     23.95     23.99      0.01         0.01
  

  Analysis begun on:  Thu Aug 13 08:19:50 2026
  Analysis ended on:  Thu Aug 13 08:19:52 2026
  Total elapsed time: 00:00:02