
  EPA STORM WATER MANAGEMENT MODEL - VERSION 5.2 (Build 5.2.4)
  ------------------------------------------------------------

  Brunnmuehle (Twann) 
  WARNING 08: elevation drop exceeds length for Conduit SS3_L
  WARNING 08: elevation drop exceeds length for Conduit SS6_L
  WARNING 08: elevation drop exceeds length for Conduit 2
  WARNING 08: elevation drop exceeds length for Conduit 3
  WARNING 08: elevation drop exceeds length for Conduit 68
  WARNING 08: elevation drop exceeds length for Conduit 1_2_b_
  WARNING 08: elevation drop exceeds length for Conduit 1_2_b_2
  WARNING 08: elevation drop exceeds length for Conduit 1_4_b
  WARNING 08: elevation drop exceeds length for Conduit 1_5_a
  WARNING 04: minimum elevation drop used for Conduit 1_7_a
  WARNING 08: elevation drop exceeds length for Conduit 1_7_a_
  WARNING 08: elevation drop exceeds length for Conduit 1_7_a__
  WARNING 02: maximum depth increased for Node 2
  
  ****************
  Analysis Options
  ****************
  Flow Units ............... CMS
  Process Models:
    Rainfall/Runoff ........ NO
    RDII ................... NO
    Snowmelt ............... NO
    Groundwater ............ NO
    Flow Routing ........... YES
    Ponding Allowed ........ NO
    Water Quality .......... NO
  Flow Routing Method ...... DYNWAVE
  Surcharge Method ......... EXTRAN
  Starting Date ............ 01/01/2000 00:00:00
  Ending Date .............. 01/02/2000 00:00:00
  Antecedent Dry Days ...... 0.0
  Report Time Step ......... 01:00:00
  Routing Time Step ........ 0.50 sec
  Variable Time Step ....... YES
  Maximum Trials ........... 8
  Number of Threads ........ 1
  Head Tolerance ........... 0.001500 m
  
  
  **************************        Volume        Volume
  Flow Routing Continuity        hectare-m      10^6 ltr
  **************************     ---------     ---------
  Dry Weather Inflow .......         0.000         0.000
  Wet Weather Inflow .......         0.000         0.000
  Groundwater Inflow .......         0.000         0.000
  RDII Inflow ..............         0.000         0.000
  External Inflow ..........       166.906      1669.074
  External Outflow .........       158.278      1582.798
  Flooding Loss ............         0.000         0.000
  Evaporation Loss .........         0.000         0.000
  Exfiltration Loss ........         0.000         0.000
  Initial Stored Volume ....         0.056         0.562
  Final Stored Volume ......         0.537         5.367
  Continuity Error (%) .....         4.880
  
  
  *************************
  Highest Continuity Errors
  *************************
  Node TWT_Acces_LT_60+110 (-535.21%)
  Node 2 (-111.65%)
  Node Syst_Est_amont (59.14%)
  Node 8 (52.19%)
  Node Amont_Trappe (30.15%)
  
  
  ***************************
  Time-Step Critical Elements
  ***************************
  Link 1_4_a (15966.02%)
  Link 20 (9.44%)
  Link 1_8_a (8.43%)
  Link 1_7_a_ (7.31%)
  Link 1_4_a_1 (6.30%)
  
  
  ********************************
  Highest Flow Instability Indexes
  ********************************
  All links are stable.
  
  
  *********************************
  Most Frequent Nonconverging Nodes
  *********************************
  Node Brunnm_Fassung (38.52%)
  Node Brunnmuehle(Teich) (38.52%)
  Node Fensterstollen (38.52%)
  Node Gischeren (38.52%)
  Node Schuettstein (38.52%)
  
  
  *************************
  Routing Time Step Summary
  *************************
  Minimum Time Step           :     0.50 sec
  Average Time Step           :     0.50 sec
  Maximum Time Step           :     0.50 sec
  % of Time in Steady State   :    99.38
  Average Iterations per Step :     5.72
  % of Steps Not Converging   :    38.52
  Time Step Frequencies       :
      0.500 -  0.500 sec      :   100.00 %
      0.500 -  0.500 sec      :     0.00 %
      0.500 -  0.500 sec      :     0.00 %
      0.500 -  0.500 sec      :     0.00 %
      0.500 -  0.500 sec      :     0.00 %
  
  
  ******************
  Node Depth Summary
  ******************
  
  ---------------------------------------------------------------------------------
                                 Average  Maximum  Maximum  Time of Max    Reported
                                   Depth    Depth      HGL   Occurrence   Max Depth
  Node                 Type       Meters   Meters   Meters  days hr:min      Meters
  ---------------------------------------------------------------------------------
  9                    JUNCTION    41.52    52.64   491.14     0  00:00       41.55
  Holiloch_sonde       JUNCTION    39.18    42.56   482.56     0  00:00       39.20
  11                   JUNCTION    45.95    46.69   456.69     0  00:04       45.97
  13                   JUNCTION    46.42    46.71   484.71     0  00:03       46.44
  21                   JUNCTION    40.54    41.01   441.01     0  00:05       40.55
  SonSto_F             JUNCTION     0.43     0.45   438.25     0  00:06        0.44
  Sondierstollen       JUNCTION     0.00     0.00   440.80     0  00:00        0.00
  Aval_Trappe          JUNCTION     0.59     0.71   438.31     0  00:03        0.59
  30                   JUNCTION     0.71     0.71   438.01     0  00:08        0.71
  Gischeren_node       JUNCTION     0.00     0.00   476.50     0  00:00        0.00
  34                   JUNCTION    19.23    19.62   439.62     0  00:05       19.24
  38                   JUNCTION    23.40    23.88   443.88     0  00:05       23.41
  SS6                  JUNCTION     0.07     0.07   448.07     0  00:02        0.07
  40                   JUNCTION    20.56    20.57   439.57     0  00:08       20.56
  41                   JUNCTION    46.82    47.84   485.34     0  00:00       46.84
  SondeSchuettstein    JUNCTION    20.24    21.91   480.91     0  00:01       20.26
  SS4                  JUNCTION     0.06     0.06   448.06     0  00:04        0.06
  47                   JUNCTION    13.49    14.04   478.94     0  00:01       13.50
  48                   JUNCTION     8.13     9.69   480.69     0  00:01        8.14
  SondeGischeren       JUNCTION     9.95    10.82   475.82     0  00:06        9.99
  49                   JUNCTION    12.54    13.67   479.67     0  00:02       12.55
  50                   JUNCTION     4.84     6.66   469.66     0  00:06        4.86
  51                   JUNCTION    64.98    65.29   485.29     0  00:03       65.00
  Amont_C              JUNCTION    68.97    93.25   511.25     0  00:00       68.99
  52                   JUNCTION     5.76    12.59   469.59     0  00:05        5.78
  53                   JUNCTION    11.40    13.34   480.34     0  00:01       11.42
  54                   JUNCTION     0.30     0.30   463.30     0  00:09        0.30
  56                   JUNCTION     6.15     6.18   436.18     0  00:00        6.16
  2                    JUNCTION     0.48     0.49   438.49     0  00:08        0.48
  4                    JUNCTION     8.71     9.23   437.23     0  00:00        8.71
  5                    JUNCTION     5.72     5.74   478.24     0  00:04        5.73
  6                    JUNCTION    20.68    20.74   478.74     0  00:04       20.69
  7                    JUNCTION     3.22     3.23   478.23     0  00:04        3.22
  SS3                  JUNCTION     0.07     0.07   448.07     0  00:09        0.07
  SS5                  JUNCTION     0.57     0.57   439.47     0  00:09        0.57
  8                    JUNCTION     1.01     1.02   475.02     0  00:09        1.02
  10                   JUNCTION    10.52    11.70   479.70     0  00:02       10.53
  SonSto_SS5           JUNCTION     0.11     0.11   439.41     0  00:07        0.11
  SonSto_SS3           JUNCTION     0.10     0.10   439.80     0  00:06        0.10
  SonSto_SS4           JUNCTION     0.07     0.07   439.47     0  00:07        0.07
  Amont_Trappe         JUNCTION     0.50     0.67   438.37     0  00:05        0.51
  SonSto_SS6           JUNCTION     0.12     0.12   438.82     0  00:07        0.12
  SS2                  JUNCTION     0.00     0.00   448.00     0  00:00        0.00
  SonSto_SS2           JUNCTION     0.00     0.00   441.50     0  00:00        0.00
  12                   JUNCTION    14.78    14.87   463.87     0  00:03       14.79
  14                   JUNCTION     3.45     3.45   468.45     0  00:09        3.45
  15                   JUNCTION     0.32     0.32   472.32     0  00:04        0.32
  TWT_PointHaut_60+749 JUNCTION     0.16     0.16   438.66     0  00:07        0.16
  TWT_Fensterstollen_60+375 JUNCTION     0.98     0.99   438.29     0  00:08        0.98
  TWT_Acces_LT_60+110  JUNCTION     0.98     0.99   438.49     0  00:08        0.98
  TWT_Liaison_LT_59+738 JUNCTION     0.00     0.00   446.50     0  00:00        0.00
  Syst_Est_amont       JUNCTION     0.65     0.65   430.65     0  00:09        0.65
  Syst_Est_interm      JUNCTION    19.38    23.57   433.57     0  00:08       19.49
  TWT_Branche_Est_Sonsto_60+540 JUNCTION     0.41     0.44   438.84     0  00:02        0.41
  TWT_Intersection_Sonsto_60+345 JUNCTION     1.40     1.41   438.41     0  00:09        1.41
  TWT_Chrosweg_61+140  JUNCTION     0.12     0.12   432.12     0  00:09        0.12
  SonSto_F_sup         JUNCTION     0.04     0.04   448.04     0  00:04        0.04
  SonSto_porte         JUNCTION     0.00     0.00   438.50     0  00:00        0.00
  Brunnm_Fassung       OUTFALL      0.10     0.10   433.90     0  00:05        0.10
  Brunnmuehle(Teich)   OUTFALL      0.23     0.23   435.73     0  00:05        0.23
  Fensterstollen       OUTFALL      0.67     0.67   437.67     0  00:09        0.67
  Gischeren            OUTFALL      0.00     0.00   480.00     0  00:00        0.00
  Schuettstein         OUTFALL      0.18     0.19   477.74     0  00:01        0.18
  Holiloch             OUTFALL      1.42     1.43   477.93     0  00:04        1.42
  Sauserquelle         OUTFALL      0.25     0.25   435.80     0  00:09        0.25
  Entw_Stollen         OUTFALL      0.18     0.18   436.68     0  00:07        0.18
  Sous_lacustre        OUTFALL      0.10     0.10   429.30     0  00:05        0.10
  Sous_ecoul.          OUTFALL      0.00     0.00   433.00     0  00:05        0.00
  Syst_Est_aval        OUTFALL      0.28     0.39   429.39     0  00:08        0.28
  TWT_Portail_Est_61+665 OUTFALL      0.12     0.12   421.72     0  00:09        0.12
  CentraleVentilation_1C OUTFALL      0.22     0.22   454.22     0  00:09        0.22
  
  
  *******************
  Node Inflow Summary
  *******************
  
  -------------------------------------------------------------------------------------------------
                                  Maximum  Maximum                  Lateral       Total        Flow
                                  Lateral    Total  Time of Max      Inflow      Inflow     Balance
                                   Inflow   Inflow   Occurrence      Volume      Volume       Error
  Node                 Type           CMS      CMS  days hr:min    10^6 ltr    10^6 ltr     Percent
  -------------------------------------------------------------------------------------------------
  9                    JUNCTION         0     12.9     0  00:00           0         471       0.031
  Holiloch_sonde       JUNCTION         0     11.7     0  00:00           0         437       0.043
  11                   JUNCTION         0    0.244     0  00:05           0        20.9       0.004
  13                   JUNCTION         0     18.3     0  00:00           0    1.38e+03       0.006
  21                   JUNCTION         0    0.417     0  00:05           0        35.9      -0.004
  SonSto_F             JUNCTION         0     1.24     0  00:05           0          48      42.273
  Sondierstollen       JUNCTION         0        0     0  00:00           0           0       0.000 ltr
  Aval_Trappe          JUNCTION         0     5.87     0  00:06           0         491       1.243
  30                   JUNCTION         0       11     0  00:09           0         951      -1.456
  Gischeren_node       JUNCTION         0        0     0  00:00           0           0       0.000 ltr
  34                   JUNCTION         0    0.382     0  00:05           0        32.9      -0.005
  38                   JUNCTION         0    0.234     0  00:00           0          19       0.006
  SS6                  JUNCTION         0    0.152     0  00:02           0        12.7       0.004
  40                   JUNCTION         0        2     0  00:09           0         173      -0.005
  41                   JUNCTION         0     3.21     0  00:00           0        28.8      -0.174
  SondeSchuettstein    JUNCTION         0    0.606     0  00:00           0        28.8       0.008
  SS4                  JUNCTION         0   0.0817     0  00:04           0        6.66       0.004
  47                   JUNCTION         0     7.59     0  00:01           0         424       0.022
  48                   JUNCTION         0    0.469     0  00:01           0        28.8       0.047
  SondeGischeren       JUNCTION         0     0.24     0  00:03           0        12.4       0.494
  49                   JUNCTION         0    0.904     0  00:02           0        12.8       1.142
  50                   JUNCTION         0     0.18     0  00:06           0        12.3       0.018
  51                   JUNCTION         0       34     0  00:00           0    1.59e+03      -0.000
  Amont_C              JUNCTION      18.4     43.2     0  00:00    1.59e+03    1.59e+03       0.024
  52                   JUNCTION         0    0.236     0  00:05           0        16.9       0.128
  53                   JUNCTION         0    0.314     0  00:01           0        18.5       0.056
  54                   JUNCTION         0    0.214     0  00:06           0        18.5       3.142
  56                   JUNCTION         0    0.538     0  00:09           0        46.5      -0.001
  2                    JUNCTION         0    0.553     0  00:05           0        3.89     -52.752
  4                    JUNCTION         0    0.351     0  00:05           0        30.1       0.017
  5                    JUNCTION         0     6.25     0  00:01           0         424       0.070
  6                    JUNCTION         0     8.79     0  00:00           0         436      -0.006
  7                    JUNCTION         0     5.21     0  00:02           0         423      -0.052
  SS3                  JUNCTION         0    0.143     0  00:06           0        12.3       0.038
  SS5                  JUNCTION         0    0.218     0  00:09           0        18.8       0.126
  8                    JUNCTION         0    0.301     0  00:09           0        25.9     109.140
  10                   JUNCTION         0    0.678     0  00:02           0        12.6      -0.579
  SonSto_SS5           JUNCTION         0    0.241     0  00:09           0        20.7       0.063
  SonSto_SS3           JUNCTION         0    0.143     0  00:09           0        12.3       0.188
  SonSto_SS4           JUNCTION         0    0.223     0  00:07           0          19       0.029
  Amont_Trappe         JUNCTION         0     1.55     0  00:03           0        29.7      43.156
  SonSto_SS6           JUNCTION         0    0.389     0  00:07           0        33.4       0.040
  SS2                  JUNCTION         0        0     0  00:00           0           0       0.000 ltr
  SonSto_SS2           JUNCTION         0        0     0  00:00           0           0       0.000 ltr
  12                   JUNCTION         0    0.349     0  00:00           0        25.5       0.016
  14                   JUNCTION         0      1.6     0  00:09           0         138       0.534
  15                   JUNCTION         0    0.396     0  00:04           0          34      -0.018
  TWT_PointHaut_60+749 JUNCTION         0    0.536     0  00:03           0        44.3      -0.459
  TWT_Fensterstollen_60+375 JUNCTION         0     9.98     0  00:09           0         860      -7.747
  TWT_Acces_LT_60+110  JUNCTION         0     4.18     0  00:04           0        5.27     -84.257
  TWT_Liaison_LT_59+738 JUNCTION         0        0     0  00:00           0           0       0.000 ltr
  Syst_Est_amont       JUNCTION      0.92    0.974     0  00:09        79.5        84.1     144.753
  Syst_Est_interm      JUNCTION         0    0.982     0  00:04           0        34.4       1.157
  TWT_Branche_Est_Sonsto_60+540 JUNCTION         0     3.87     0  00:09           0         334       0.124
  TWT_Intersection_Sonsto_60+345 JUNCTION         0      7.8     0  00:09           0         674      18.511
  TWT_Chrosweg_61+140  JUNCTION         0    0.516     0  00:09           0        44.5      10.764
  SonSto_F_sup         JUNCTION         0    0.396     0  00:04           0          34      -0.001
  SonSto_porte         JUNCTION         0        0     0  00:00           0           0       0.000 ltr
  Brunnm_Fassung       OUTFALL          0   0.0322     0  00:05           0        2.74       0.000
  Brunnmuehle(Teich)   OUTFALL          0    0.346     0  00:05           0        29.6       0.000
  Fensterstollen       OUTFALL          0     11.2     0  00:09           0         965       0.000
  Gischeren            OUTFALL          0        0     0  00:00           0           0       0.000 ltr
  Schuettstein         OUTFALL          0    0.352     0  00:01           0        28.8       0.000
  Holiloch             OUTFALL          0     4.99     0  00:04           0         423       0.000
  Sauserquelle         OUTFALL          0    0.538     0  00:09           0        46.5       0.000
  Entw_Stollen         OUTFALL          0   0.0475     0  00:08           0        4.09       0.000
  Sous_lacustre        OUTFALL          0   0.0357     0  00:05           0        3.05       0.000
  Sous_ecoul.          OUTFALL          0  0.00599     0  00:05           0       0.508       0.000
  Syst_Est_aval        OUTFALL          0    0.766     0  00:08           0          34       0.000
  TWT_Portail_Est_61+665 OUTFALL          0    0.412     0  00:09           0        35.5       0.000
  CentraleVentilation_1C OUTFALL          0    0.108     0  00:09           0        9.34       0.000
  
  
  **********************
  Node Surcharge Summary
  **********************
  
  Surcharging occurs when water rises above the top of the highest conduit.
  ---------------------------------------------------------------------
                                               Max. Height   Min. Depth
                                   Hours       Above Crown    Below Rim
  Node                 Type      Surcharged         Meters       Meters
  ---------------------------------------------------------------------
  9                    JUNCTION       23.99         50.844       47.356
  Holiloch_sonde       JUNCTION       23.99         40.665      157.435
  11                   JUNCTION       24.00         46.234      103.306
  13                   JUNCTION       23.99         43.714      353.286
  21                   JUNCTION       24.00         40.411      108.989
  34                   JUNCTION       24.00         19.017       80.383
  38                   JUNCTION       24.00         23.278      126.122
  40                   JUNCTION       24.00         16.570       79.430
  41                   JUNCTION       23.99         46.992      202.158
  SondeSchuettstein    JUNCTION       23.98         21.113        0.000
  47                   JUNCTION       23.98         12.143       85.957
  48                   JUNCTION       23.98          8.887       90.313
  SondeGischeren       JUNCTION       23.89          9.617       89.183
  49                   JUNCTION       23.96          5.665      186.335
  50                   JUNCTION       23.89          6.355      193.345
  51                   JUNCTION       24.00         61.286      334.714
  Amont_C              JUNCTION       24.00         90.251      306.749
  52                   JUNCTION       23.91         12.195       87.405
  53                   JUNCTION       23.97          8.337      186.663
  56                   JUNCTION       23.99          5.176       93.824
  4                    JUNCTION       23.99          8.575       90.775
  5                    JUNCTION       23.96          0.741       44.259
  6                    JUNCTION       23.98         15.742      179.258
  10                   JUNCTION       23.95          3.700      188.300
  12                   JUNCTION       23.99         14.521      185.129
  Syst_Est_interm      JUNCTION       23.86         22.071       76.429
  
  
  *********************
  Node Flooding Summary
  *********************
  
  No nodes were flooded.
  
  
  ***********************
  Outfall Loading Summary
  ***********************
  
  -----------------------------------------------------------
                         Flow       Avg       Max       Total
                         Freq      Flow      Flow      Volume
  Outfall Node           Pcnt       CMS       CMS    10^6 ltr
  -----------------------------------------------------------
  Brunnm_Fassung        99.95    0.0317    0.0322       2.735
  Brunnmuehle(Teich)    99.95     0.343     0.346      29.620
  Fensterstollen        99.94      11.2      11.2     965.231
  Gischeren              0.00         0         0       0.000
  Schuettstein          99.92     0.334     0.352      28.797
  Holiloch              99.86      4.91      4.99     423.466
  Sauserquelle          99.97     0.538     0.538      46.473
  Entw_Stollen          99.94    0.0473    0.0475       4.088
  Sous_lacustre        100.00    0.0353    0.0357       3.049
  Sous_ecoul.           99.95   0.00588   0.00599       0.508
  Syst_Est_aval         99.40     0.396     0.766      33.977
  TWT_Portail_Est_61+665  99.95     0.411     0.412      35.503
  CentraleVentilation_1C  99.94     0.108     0.108       9.342
  -----------------------------------------------------------
  System                92.21      18.3      18.4    1582.790
  
  
  ********************
  Link Flow Summary
  ********************
  
  -----------------------------------------------------------------------------
                                 Maximum  Time of Max   Maximum    Max/    Max/
                                  |Flow|   Occurrence   |Veloc|    Full    Full
  Link                 Type          CMS  days hr:min     m/sec    Flow   Depth
  -----------------------------------------------------------------------------
  Brunn_Fassung_L      CONDUIT    0.0322     0  00:05      1.39    0.53    0.76
  11                   CONDUIT      11.7     0  00:00      6.61    1.75    1.00
  14                   CONDUIT      12.9     0  00:00      8.76    7.04    1.00
  16                   CONDUIT     0.244     0  00:05      2.85    1.70    1.00
  17                   CONDUIT     0.234     0  00:00      0.83    0.40    1.00
  26                   CONDUIT      3.21     0  00:00      5.68    4.35    1.00
  27                   CONDUIT    0.0682     0  00:06      1.79    0.88    1.00
  Gischeren_L          CONDUIT         0     0  00:00      0.00    0.00    0.00
  Schuettstein_L       CONDUIT     0.352     0  00:01      2.44    0.30    0.69
  Brunnmuehle_L        CONDUIT     0.382     0  00:05      1.35    0.18    1.00
  32                   CONDUIT         0     0  00:00      0.00    0.00    0.00
  35                   CONDUIT         0     0  00:00      0.00    0.00    0.50
  45                   CONDUIT     0.388     0  00:07      3.72    0.00    0.09
  46                   CONDUIT     0.538     0  00:09      1.90    0.54    1.00
  47                   CONDUIT     0.109     0  00:03      2.86    6.77    1.00
  50                   CONDUIT     0.469     0  00:01      1.50    0.09    1.00
  51                   CONDUIT    0.0313     0  00:02      0.38    0.09    1.00
  53                   CONDUIT     0.234     0  00:00      1.41    1.19    1.00
  Fenster_L            CONDUIT      11.2     0  00:09      9.27    0.11    0.23
  58                   CONDUIT      5.91     0  00:08      5.92    0.08    0.22
  59                   CONDUIT     0.242     0  00:07      2.75    0.00    0.04
  61                   CONDUIT     0.606     0  00:00      3.01    0.85    1.00
  63                   CONDUIT     0.152     0  00:02      2.10    0.68    0.52
  66                   CONDUIT      0.18     0  00:06      2.64    2.37    1.00
  67                   CONDUIT      18.3     0  00:00      4.86    0.18    1.00
  Amont_L              CONDUIT        34     0  00:00      4.80    1.84    1.00
  69                   CONDUIT     0.236     0  00:05      1.99    0.92    1.00
  70                   CONDUIT     0.196     0  00:05      1.56    0.61    1.00
  71                   CONDUIT     0.314     0  00:01      1.37    0.55    1.00
  72                   CONDUIT     0.214     0  00:06      1.37    1.02    0.53
  Sauser_L             CONDUIT     0.538     0  00:09      1.04    0.14    0.62
  75                   CONDUIT    0.0817     0  00:04      2.83    0.83    0.62
  Entw_Sto_L           CONDUIT    0.0475     0  00:08      1.87    1.10    1.00
  4                    CONDUIT    0.0241     0  00:05      1.31    1.08    1.00
  5                    CONDUIT    0.0237     0  00:05      0.99    0.85    1.00
  6                    CONDUIT    0.0357     0  00:05      1.39    0.54    0.76
  7                    CONDUIT     0.351     0  00:05      1.79    0.54    1.00
  Brunn_Teich_L        CONDUIT     0.346     0  00:05      1.45    0.26    0.67
  9                    CONDUIT   0.00599     0  00:05      1.51    0.00    0.50
  12                   CONDUIT      6.25     0  00:01      3.72    0.13    1.00
  15                   CONDUIT      8.79     0  00:00      4.79    0.23    1.00
  18                   CONDUIT      7.59     0  00:01      4.03    0.31    1.00
  19                   CONDUIT     0.904     0  00:02      1.20    0.86    1.00
  20                   CONDUIT      1.45     0  00:04      3.00    0.12    0.66
  21                   CONDUIT      5.21     0  00:02      0.65    0.03    0.82
  Hooliloch_L          CONDUIT      4.99     0  00:04      1.15    0.10    0.58
  23                   CONDUIT     0.143     0  00:06      3.20    0.89    0.62
  25                   CONDUIT     0.301     0  00:09      1.48    0.25    0.70
  28                   CONDUIT     0.146     0  00:07      2.39    0.00    0.03
  29                   CONDUIT     0.023     0  00:07      0.62    0.00    0.03
  31                   CONDUIT         0     0  00:00      0.00    0.00    0.10
  33                   CONDUIT     0.678     0  00:02      0.78    0.26    1.00
  37                   CONDUIT     0.218     0  00:09      0.49    0.01    0.11
  SS3_L                CONDUIT     0.143     0  00:09      3.04    0.00    0.04
  40                   CONDUIT      1.55     0  00:03      1.32    0.01    0.13
  SS6_L                CONDUIT     0.152     0  00:02      3.97    0.00    0.05
  1                    CONDUIT         0     0  00:00      0.00    0.00    0.02
  2                    CONDUIT         0     0  00:00      0.00    0.00    0.00
  3                    CONDUIT    0.0817     0  00:04      3.89    0.01    0.07
  10                   CONDUIT       0.2     0  00:07      0.49    0.00    0.11
  13                   CONDUIT     0.349     0  00:00      4.01    0.76    1.00
  22                   CONDUIT     0.297     0  00:03      3.08    0.73    1.00
  24                   CONDUIT       1.6     0  00:09      2.46    0.00    0.93
  30                   CONDUIT       1.6     0  00:09      2.38    0.67    0.93
  34                   CONDUIT     0.396     0  00:04      1.96    0.44    0.79
  36                   CONDUIT     0.396     0  00:04      5.78    0.42    0.33
  38                   CONDUIT      0.24     0  00:03      2.44    0.09    1.00
  48                   CONDUIT     0.982     0  00:04      2.52    0.66    0.82
  54                   CONDUIT     0.766     0  00:08      0.66    0.14    0.64
  68                   CONDUIT     0.169     0  00:04      7.37    0.00    0.08
  73                   CONDUIT         0     0  00:00      0.00    0.00    0.12
  TWT1                 CONDUIT     0.412     0  00:09      2.63    0.00    0.01
  1_1_a_1              CONDUIT    0.0539     0  00:09      0.42    0.12    0.62
  TWT2                 CONDUIT     0.516     0  00:09      2.87    0.00    0.02
  TWT3                 CONDUIT     0.536     0  00:03      1.07    0.00    0.04
  TWT4                 CONDUIT      3.67     0  00:02      1.99    0.01    0.09
  1_2_b_               CONDUIT         0     0  00:00      0.00    0.00    0.07
  1_2_b_2              CONDUIT    0.0395     0  00:04      0.37    0.01    0.54
  TWT5                 CONDUIT      6.59     0  00:09      1.89    0.01    0.15
  1_4_a                CONDUIT      5.84     0  00:08      4.04    0.09    0.28
  1_4_a_1              CONDUIT      7.48     0  00:03     48.96   10.03    1.00
  TWT6                 CONDUIT      4.18     0  00:04      1.33    0.01    0.15
  1_4_b                CONDUIT         0     0  00:00      0.00    0.00    0.23
  TWT7                 CONDUIT         0     0  00:00      0.00    0.00    0.06
  1_5_a                CONDUIT         0     0  00:00      0.00    0.00    0.12
  1_7_a                CONDUIT      5.97     0  00:04      3.20    1.36    0.17
  1_7_a_               CONDUIT     0.187     0  00:04      2.24    0.01    0.48
  1_7_a__              CONDUIT      1.44     0  00:09      7.67    0.21    0.94
  1_7_a_1              CONDUIT      2.25     0  00:02     12.03   11.47    0.94
  1_8_a                CONDUIT     0.508     0  00:05      5.22    0.00    0.15
  CV_1C_to_54          CONDUIT     0.108     0  00:09      1.03    0.58    0.53
  
  
  ***************************
  Flow Classification Summary
  ***************************
  
  -------------------------------------------------------------------------------------
                      Adjusted    ---------- Fraction of Time in Flow Class ---------- 
                       /Actual         Up    Down  Sub   Sup   Up    Down  Norm  Inlet 
  Conduit               Length    Dry  Dry   Dry   Crit  Crit  Crit  Crit  Ltd   Ctrl  
  -------------------------------------------------------------------------------------
  Brunn_Fassung_L         1.00   0.00  0.00  0.00  0.00  1.00  0.00  0.00  0.00  0.00
  11                      1.00   0.00  0.00  0.00  1.00  0.00  0.00  0.00  0.00  0.00
  14                      1.00   0.00  0.00  0.00  1.00  0.00  0.00  0.00  0.00  0.00
  16                      1.00   0.00  0.00  0.00  1.00  0.00  0.00  0.00  0.00  0.00
  17                      1.00   0.00  0.00  0.00  1.00  0.00  0.00  0.00  0.00  0.00
  26                      1.00   0.00  0.00  0.00  1.00  0.00  0.00  0.00  0.00  0.00
  27                      1.00   0.00  0.00  0.00  1.00  0.00  0.00  0.00  0.00  0.00
  Gischeren_L             1.00   1.00  0.00  0.00  0.00  0.00  0.00  0.00  0.00  0.00
  Schuettstein_L          1.00   0.00  0.00  0.00  0.00  1.00  0.00  0.00  0.00  0.00
  Brunnmuehle_L           1.00   0.00  0.00  0.00  1.00  0.00  0.00  0.00  0.00  0.00
  32                      1.00   1.00  0.00  0.00  0.00  0.00  0.00  0.00  0.00  0.00
  35                      1.00   0.00  1.00  0.00  0.00  0.00  0.00  0.00  0.00  0.00
  45                      1.00   0.00  0.00  0.00  0.99  0.00  0.00  0.00  1.00  0.00
  46                      1.00   0.00  0.00  0.00  1.00  0.00  0.00  0.00  0.00  0.00
  47                      1.00   0.00  0.00  0.00  1.00  0.00  0.00  0.00  0.00  0.00
  50                      1.00   0.00  0.00  0.00  1.00  0.00  0.00  0.00  0.00  0.00
  51                      1.00   0.00  0.00  0.00  1.00  0.00  0.00  0.00  0.00  0.00
  53                      1.00   0.00  0.00  0.00  1.00  0.00  0.00  0.00  0.00  0.00
  Fenster_L               1.00   0.00  0.00  0.00  0.00  1.00  0.00  0.00  0.00  0.00
  58                      1.00   0.00  0.00  0.00  0.00  1.00  0.00  0.00  0.00  0.00
  59                      1.00   0.00  0.00  0.00  0.00  1.00  0.00  0.00  1.00  0.00
  61                      1.00   0.00  0.00  0.00  1.00  0.00  0.00  0.00  0.00  0.00
  63                      1.00   0.00  0.00  0.00  1.00  0.00  0.00  0.00  0.00  0.00
  66                      1.00   0.00  0.00  0.00  1.00  0.00  0.00  0.00  0.00  0.00
  67                      1.00   0.00  0.00  0.00  1.00  0.00  0.00  0.00  0.00  0.00
  Amont_L                 1.00   0.00  0.00  0.00  1.00  0.00  0.00  0.00  0.00  0.00
  69                      1.00   0.00  0.00  0.00  1.00  0.00  0.00  0.00  0.00  0.00
  70                      1.00   0.00  0.00  0.00  1.00  0.00  0.00  0.00  0.00  0.00
  71                      1.00   0.00  0.00  0.00  1.00  0.00  0.00  0.00  0.00  0.00
  72                      1.00   0.00  0.00  0.00  1.00  0.00  0.00  0.00  0.00  0.00
  Sauser_L                1.00   0.00  0.00  0.00  1.00  0.00  0.00  0.00  0.00  0.00
  75                      1.00   0.00  0.00  0.00  0.00  1.00  0.00  0.00  0.00  0.00
  Entw_Sto_L              1.00   0.00  0.00  0.00  1.00  0.00  0.00  0.00  0.00  0.00
  4                       1.00   0.00  0.00  0.00  1.00  0.00  0.00  0.00  0.00  0.00
  5                       1.00   0.00  0.00  0.00  1.00  0.00  0.00  0.00  0.00  0.00
  6                       1.00   0.00  0.00  0.00  0.00  1.00  0.00  0.00  0.00  0.00
  7                       1.00   0.00  0.00  0.00  1.00  0.00  0.00  0.00  0.00  0.00
  Brunn_Teich_L           1.00   0.00  0.00  0.00  1.00  0.00  0.00  0.00  0.00  0.00
  9                       1.00   0.00  0.00  0.00  0.00  1.00  0.00  0.00  0.00  0.00
  12                      1.00   0.00  0.00  0.00  1.00  0.00  0.00  0.00  0.00  0.00
  15                      1.00   0.00  0.00  0.00  1.00  0.00  0.00  0.00  0.00  0.00
  18                      1.00   0.00  0.00  0.00  1.00  0.00  0.00  0.00  0.00  0.00
  19                      1.00   0.00  0.00  0.00  1.00  0.00  0.00  0.00  0.00  0.00
  20                      1.00   0.00  0.00  0.00  1.00  0.00  0.00  0.00  0.00  0.00
  21                      1.00   0.00  0.00  0.00  1.00  0.00  0.00  0.00  0.00  0.00
  Hooliloch_L             1.00   0.00  0.00  0.00  1.00  0.00  0.00  0.00  0.00  0.00
  23                      1.00   0.00  0.00  0.00  0.00  1.00  0.00  0.00  0.00  0.00
  25                      1.00   0.00  0.00  0.00  1.00  0.00  0.00  0.00  0.00  0.00
  28                      1.00   0.00  0.00  0.00  0.00  1.00  0.00  0.00  0.00  0.00
  29                      1.00   0.00  0.00  0.00  1.00  0.00  0.00  0.00  1.00  0.00
  31                      1.00   0.00  1.00  0.00  0.00  0.00  0.00  0.00  0.00  0.00
  33                      1.00   0.00  0.00  0.00  1.00  0.00  0.00  0.00  0.00  0.00
  37                      1.00   0.00  0.00  0.00  1.00  0.00  0.00  0.00  0.00  0.00
  SS3_L                   1.00   0.00  0.00  0.00  0.00  1.00  0.00  0.00  1.00  0.00
  40                      1.00   0.00  0.00  0.00  1.00  0.00  0.00  0.00  0.00  0.00
  SS6_L                   1.00   0.00  0.00  0.00  0.00  1.00  0.00  0.00  1.00  0.00
  1                       1.00   0.00  1.00  0.00  0.00  0.00  0.00  0.00  0.00  0.00
  2                       1.00   1.00  0.00  0.00  0.00  0.00  0.00  0.00  0.00  0.00
  3                       1.00   0.00  0.00  0.00  0.00  1.00  0.00  0.00  1.00  0.00
  10                      1.00   0.00  0.00  0.00  1.00  0.00  0.00  0.00  1.00  0.00
  13                      1.00   0.00  0.00  0.00  1.00  0.00  0.00  0.00  0.00  0.00
  22                      1.00   0.00  0.00  0.00  1.00  0.00  0.00  0.00  0.00  0.00
  24                      1.00   0.00  0.00  0.00  1.00  0.00  0.00  0.00  0.00  0.00
  30                      1.00   0.00  0.00  0.00  1.00  0.00  0.00  0.00  0.00  0.00
  34                      1.00   0.00  0.00  0.00  1.00  0.00  0.00  0.00  0.00  0.00
  36                      1.00   0.00  0.00  0.00  0.00  1.00  0.00  0.00  0.00  0.00
  38                      1.00   0.00  0.00  0.00  1.00  0.00  0.00  0.00  0.00  0.00
  48                      1.00   0.00  0.00  0.00  1.00  0.00  0.00  0.00  0.00  0.00
  54                      1.00   0.00  0.01  0.00  0.99  0.00  0.00  0.00  0.00  0.00
  68                      1.00   0.00  0.00  0.00  1.00  0.00  0.00  0.00  1.00  0.00
  73                      1.00   0.00  1.00  0.00  0.00  0.00  0.00  0.00  0.00  0.00
  TWT1                    1.00   0.00  0.00  0.00  0.00  1.00  0.00  0.00  0.99  0.00
  1_1_a_1                 1.00   0.00  0.00  0.00  1.00  0.00  0.00  0.00  1.00  0.00
  TWT2                    1.00   0.00  0.00  0.00  0.00  1.00  0.00  0.00  0.00  0.00
  TWT3                    1.00   0.00  0.00  0.00  1.00  0.00  0.00  0.00  0.00  0.00
  TWT4                    1.00   0.00  0.00  0.00  1.00  0.00  0.00  0.00  1.00  0.00
  1_2_b_                  1.00   0.00  1.00  0.00  0.00  0.00  0.00  0.00  0.00  0.00
  1_2_b_2                 1.00   0.00  0.00  0.00  1.00  0.00  0.00  0.00  1.00  0.00
  TWT5                    1.00   0.00  0.00  0.00  1.00  0.00  0.00  0.00  0.00  0.00
  1_4_a                   1.00   0.00  0.00  0.00  0.00  1.00  0.00  0.00  0.00  0.00
  1_4_a_1                 1.00   0.00  0.00  0.00  1.00  0.00  0.00  0.00  0.00  0.00
  TWT6                    1.00   0.00  0.00  0.00  1.00  0.00  0.00  0.00  0.00  0.00
  1_4_b                   1.00   0.00  1.00  0.00  0.00  0.00  0.00  0.00  0.00  0.00
  TWT7                    1.00   0.00  1.00  0.00  0.00  0.00  0.00  0.00  0.00  0.00
  1_5_a                   1.00   0.00  1.00  0.00  0.00  0.00  0.00  0.00  0.00  0.00
  1_7_a                   1.00   0.00  0.00  0.00  0.00  1.00  0.00  0.00  0.00  0.00
  1_7_a_                  1.00   0.00  0.00  0.00  0.00  1.00  0.00  0.00  1.00  0.00
  1_7_a__                 1.00   0.00  0.00  0.00  0.00  1.00  0.00  0.00  0.00  0.00
  1_7_a_1                 1.00   0.00  0.00  0.00  0.00  1.00  0.00  0.00  0.00  0.00
  1_8_a                   1.00   0.00  0.00  0.00  1.00  0.00  0.00  0.00  0.00  0.00
  CV_1C_to_54             1.00   0.00  0.00  0.00  1.00  0.00  0.00  0.00  0.00  0.00
  
  
  *************************
  Conduit Surcharge Summary
  *************************
  
  ----------------------------------------------------------------------------
                                                           Hours        Hours 
                         --------- Hours Full --------   Above Full   Capacity
  Conduit                Both Ends  Upstream  Dnstream   Normal Flow   Limited
  ----------------------------------------------------------------------------
  Brunn_Fassung_L             0.01      0.01     24.00      0.01         0.01
  11                         23.99     23.99     23.99      0.01         0.01
  14                         23.99     23.99     23.99     23.99         0.01
  16                         24.00     24.00     24.00     23.99        23.99
  17                         24.00     24.00     24.00      0.01         0.01
  26                         23.99     24.00     23.99      0.01         0.01
  27                         23.95     23.95     23.97      0.01         0.01
  Schuettstein_L              0.01      0.01     23.98      0.01         0.01
  Brunnmuehle_L              24.00     24.00     24.00      0.01         0.01
  46                         24.00     24.00     24.00      0.01         0.01
  47                         24.00     24.00     24.00     24.00        24.00
  50                         23.98     23.98     23.98      0.01         0.01
  51                         23.96     23.96     24.00      0.01         0.01
  53                         24.00     24.00     24.00     23.99         0.01
  61                         23.99     23.99     23.99      0.01         0.01
  63                          0.01     23.97      0.01      0.01         0.01
  66                         23.89     23.97     23.89     23.95        23.89
  67                         23.99     23.99     24.00      0.01         0.01
  Amont_L                    24.00     24.00     24.00      0.01         0.01
  69                         23.91     23.91     24.00      0.01         0.01
  70                         23.91     23.91     24.00      0.01         0.01
  71                         23.98     23.98     23.99      0.01         0.01
  72                          0.01     23.97      0.01     23.95         0.01
  Sauser_L                    0.01      0.01     24.00      0.01         0.01
  75                          0.01     23.92      0.01      0.01         0.01
  Entw_Sto_L                 23.88     23.91     23.88     23.91        23.88
  4                          23.91     23.95     23.91      0.01         0.01
  5                          23.91     23.91     24.00      0.01         0.01
  6                           0.01      0.01     24.00      0.01         0.01
  7                          23.99     23.99     24.00      0.01         0.01
  Brunn_Teich_L               0.01      0.01     23.99      0.01         0.01
  9                           0.01      0.01     23.99      0.01         0.01
  12                         23.98     23.98     23.98      0.01         0.01
  15                         23.99     23.99     23.99      0.01         0.01
  18                         23.98     23.98     23.98      0.01         0.01
  19                         23.97     23.97     23.98      0.01         0.01
  21                          0.01      0.01     23.96      0.01         0.01
  23                          0.01     23.89      0.01      0.01         0.01
  25                          0.01      0.01     23.99      0.01         0.01
  33                         23.95     23.95     23.96      0.01         0.01
  13                         23.99     23.99     24.00      0.01         0.01
  22                         23.99     23.99     24.00      0.01         0.01
  24                          0.01      0.01     23.99      0.01         0.01
  30                          0.01      0.01     23.99      0.01         0.01
  34                          0.01      0.01     23.99      0.01         0.01
  38                         23.85     23.85     23.91      0.01         0.01
  48                          0.01      0.01     23.89      0.01         0.01
  54                          0.01      0.01     23.86      0.01         0.01
  1_1_a_1                     0.01      0.01     23.97      0.01         0.01
  1_2_b_2                     0.01      0.01     23.97      0.01         0.01
  1_4_a_1                    23.99     24.00     23.99     24.00        23.99
  1_7_a                       0.01      0.01      0.01     23.90         0.01
  1_7_a__                     0.01      0.01     24.00      0.01         0.01
  1_7_a_1                     0.01      0.01     24.00     23.99         0.01
  

  Analysis begun on:  Mon Oct  5 08:50:19 2026
  Analysis ended on:  Mon Oct  5 08:50:21 2026
  Total elapsed time: 00:00:02