
  EPA STORM WATER MANAGEMENT MODEL - VERSION 5.2 (Build 5.2.4)
  ------------------------------------------------------------

  Brunnmuehle (Twann) 
  WARNING 08: elevation drop exceeds length for Conduit SS3_L
  WARNING 08: elevation drop exceeds length for Conduit SS6_L
  WARNING 08: elevation drop exceeds length for Conduit 2
  WARNING 08: elevation drop exceeds length for Conduit 3
  WARNING 08: elevation drop exceeds length for Conduit 68
  WARNING 08: elevation drop exceeds length for Conduit 1_2_b_
  WARNING 08: elevation drop exceeds length for Conduit 1_2_b_2
  WARNING 08: elevation drop exceeds length for Conduit 1_2_b_3
  WARNING 08: elevation drop exceeds length for Conduit 1_2_b_5
  WARNING 08: elevation drop exceeds length for Conduit 1_4_a
  WARNING 08: elevation drop exceeds length for Conduit 1_4_a_1
  WARNING 08: elevation drop exceeds length for Conduit 1_4_b
  WARNING 02: maximum depth increased for Node 2
  
  ****************
  Analysis Options
  ****************
  Flow Units ............... CMS
  Process Models:
    Rainfall/Runoff ........ NO
    RDII ................... NO
    Snowmelt ............... NO
    Groundwater ............ NO
    Flow Routing ........... YES
    Ponding Allowed ........ NO
    Water Quality .......... NO
  Flow Routing Method ...... DYNWAVE
  Surcharge Method ......... EXTRAN
  Starting Date ............ 01/01/2000 00:00:00
  Ending Date .............. 01/02/2000 00:00:00
  Antecedent Dry Days ...... 0.0
  Report Time Step ......... 01:00:00
  Routing Time Step ........ 0.50 sec
  Variable Time Step ....... YES
  Maximum Trials ........... 8
  Number of Threads ........ 1
  Head Tolerance ........... 0.001500 m
  
  
  **************************        Volume        Volume
  Flow Routing Continuity        hectare-m      10^6 ltr
  **************************     ---------     ---------
  Dry Weather Inflow .......         0.000         0.000
  Wet Weather Inflow .......         0.000         0.000
  Groundwater Inflow .......         0.000         0.000
  RDII Inflow ..............         0.000         0.000
  External Inflow ..........       195.026      1950.277
  External Outflow .........       111.353      1113.546
  Flooding Loss ............        74.942       749.431
  Evaporation Loss .........         0.000         0.000
  Exfiltration Loss ........         0.000         0.000
  Initial Stored Volume ....         0.056         0.562
  Final Stored Volume ......         0.350         3.500
  Continuity Error (%) .....         4.324
  
  
  *************************
  Highest Continuity Errors
  *************************
  Node 8 (24.00%)
  Node SS4 (22.19%)
  Node 2 (6.25%)
  Node SonSto_SS4 (5.28%)
  Node 54 (2.53%)
  
  
  ***************************
  Time-Step Critical Elements
  ***************************
  Link 1_4_a_1 (18755.81%)
  Link 1_4_b (1.52%)
  
  
  ********************************
  Highest Flow Instability Indexes
  ********************************
  All links are stable.
  
  
  *********************************
  Most Frequent Nonconverging Nodes
  *********************************
  Node Brunnm_Fassung (42.56%)
  Node Brunnmuehle(Teich) (42.56%)
  Node Fensterstollen (42.56%)
  Node Gischeren (42.56%)
  Node Schuettstein (42.56%)
  
  
  *************************
  Routing Time Step Summary
  *************************
  Minimum Time Step           :     0.50 sec
  Average Time Step           :     0.50 sec
  Maximum Time Step           :     0.50 sec
  % of Time in Steady State   :    99.47
  Average Iterations per Step :     7.11
  % of Steps Not Converging   :    42.56
  Time Step Frequencies       :
      0.500 -  0.500 sec      :   100.00 %
      0.500 -  0.500 sec      :     0.00 %
      0.500 -  0.500 sec      :     0.00 %
      0.500 -  0.500 sec      :     0.00 %
      0.500 -  0.500 sec      :     0.00 %
  
  
  ******************
  Node Depth Summary
  ******************
  
  ---------------------------------------------------------------------------------
                                 Average  Maximum  Maximum  Time of Max    Reported
                                   Depth    Depth      HGL   Occurrence   Max Depth
  Node                 Type       Meters   Meters   Meters  days hr:min      Meters
  ---------------------------------------------------------------------------------
  9                    JUNCTION    44.20    55.84   494.34     0  00:00       44.22
  Holiloch_sonde       JUNCTION    40.74    48.24   488.24     0  00:00       40.76
  11                   JUNCTION    49.46    59.07   469.07     0  00:02       49.47
  13                   JUNCTION    54.33    58.46   496.46     0  00:00       54.35
  21                   JUNCTION    41.34    42.14   442.14     0  00:04       41.35
  SonSto_F             JUNCTION     0.17     0.17   437.97     0  00:07        0.17
  Sondierstollen       JUNCTION     0.00     0.00   440.80     0  00:00        0.00
  Aval_Trappe          JUNCTION     0.38     0.38   437.98     0  00:05        0.38
  30                   JUNCTION     0.34     0.34   437.64     0  00:05        0.34
  Gischeren_node       JUNCTION     0.62     0.62   477.12     0  00:07        0.62
  34                   JUNCTION    19.80    20.45   440.45     0  00:04       19.81
  38                   JUNCTION    24.70    26.86   446.86     0  00:02       24.71
  SS6                  JUNCTION     0.07     0.07   448.07     0  00:02        0.07
  40                   JUNCTION    31.28    32.12   451.12     0  00:01       31.29
  41                   JUNCTION    54.59    77.36   514.86     0  00:00       54.61
  SondeSchuettstein    JUNCTION    21.70    23.75   482.75     0  00:00       21.71
  SS4                  JUNCTION     0.07     0.07   448.07     0  00:07        0.07
  47                   JUNCTION    14.03    14.25   479.15     0  00:00       14.04
  48                   JUNCTION     9.42    11.41   482.41     0  00:00        9.43
  SondeGischeren       JUNCTION    12.10    12.13   477.13     0  00:07       12.13
  49                   JUNCTION    13.43    15.02   481.02     0  00:02       13.45
  50                   JUNCTION     6.74     7.50   470.50     0  00:04        6.76
  51                   JUNCTION    73.11    79.40   499.40     0  00:00       73.13
  Amont_C              JUNCTION    77.82   101.03   519.03     0  00:00       77.84
  52                   JUNCTION    10.19    21.69   478.69     0  00:04       10.22
  53                   JUNCTION    23.93    24.00   491.00     0  00:07       24.00
  54                   JUNCTION    25.87    26.73   489.73     0  00:07       26.00
  56                   JUNCTION     6.75     7.00   437.00     0  00:01        6.75
  2                    JUNCTION     3.53   102.00   540.00     0  00:02        3.54
  4                    JUNCTION     8.83     9.59   437.59     0  00:00        8.84
  5                    JUNCTION     6.04     6.07   478.57     0  00:04        6.05
  6                    JUNCTION    21.63    25.01   483.01     0  00:00       21.64
  7                    JUNCTION     3.53     3.55   478.55     0  00:04        3.54
  SS3                  JUNCTION     0.06     0.06   448.06     0  00:07        0.06
  SS5                  JUNCTION     0.63     0.63   439.53     0  00:07        0.63
  8                    JUNCTION     3.22     3.24   477.24     0  00:07        3.24
  10                   JUNCTION    11.43    13.07   481.07     0  00:02       11.44
  SonSto_SS5           JUNCTION     0.14     0.14   439.44     0  00:07        0.14
  SonSto_SS3           JUNCTION     0.08     0.08   439.78     0  00:07        0.08
  SonSto_SS4           JUNCTION     0.12     0.12   439.52     0  00:07        0.12
  Amont_Trappe         JUNCTION     0.29     0.29   437.99     0  00:05        0.29
  SonSto_SS6           JUNCTION     0.14     0.14   438.84     0  00:07        0.14
  SS2                  JUNCTION     0.00     0.00   448.00     0  00:00        0.00
  SonSto_SS2           JUNCTION     0.00     0.00   441.50     0  00:00        0.00
  12                   JUNCTION    24.09    24.52   473.52     0  00:01       24.11
  14                   JUNCTION    12.66    15.98   480.98     0  00:01       12.67
  15                   JUNCTION     0.35     0.36   472.36     0  00:04        0.35
  TWT_PointHaut_60+650 JUNCTION     0.00     0.00   438.50     0  00:00        0.00
  TWT_Fensterstollen_60+375 JUNCTION     0.19     0.19   441.49     0  00:04        0.19
  TWT_Acces_LT_60+110  JUNCTION     0.00     0.00   441.50     0  00:00        0.00
  TWT_Liaison_LT_59+738 JUNCTION     0.00     0.00   450.60     0  00:00        0.00
  Syst_Est_amont       JUNCTION     0.63     0.66   430.66     0  00:03        0.64
  Syst_Est_interm      JUNCTION    19.73    38.43   448.43     0  00:07       19.83
  TWT_Branche_Est_Sonsto_60+540 JUNCTION     0.00     0.00   442.40     0  00:00        0.00
  TWT_Intersection_Sonsto_60+345 JUNCTION     0.21     0.21   441.11     0  00:04        0.21
  TWT_Chrosweg_61+140  JUNCTION     0.00     0.00   432.00     0  00:00        0.00
  SonSto_F_sup         JUNCTION     0.06     0.06   448.06     0  00:04        0.06
  SonSto_porte         JUNCTION     3.00     3.00   441.50     0  00:02        3.00
  Brunnm_Fassung       OUTFALL      0.10     0.10   433.90     0  00:04        0.10
  Brunnmuehle(Teich)   OUTFALL      0.24     0.24   435.74     0  00:04        0.24
  Fensterstollen       OUTFALL      0.34     0.34   437.34     0  00:05        0.34
  Gischeren            OUTFALL      0.00     0.00   480.00     0  00:00        0.00
  Schuettstein         OUTFALL      0.23     0.23   477.78     0  00:04        0.23
  Holiloch             OUTFALL      1.65     1.66   478.16     0  00:04        1.65
  Sauserquelle         OUTFALL      0.36     0.36   435.91     0  00:02        0.36
  Entw_Stollen         OUTFALL      0.18     0.18   436.68     0  00:01        0.18
  Sous_lacustre        OUTFALL      0.11     0.11   429.31     0  00:04        0.11
  Sous_ecoul.          OUTFALL      0.00     0.00   433.00     0  00:04        0.00
  Syst_Est_aval        OUTFALL      0.37     0.51   429.51     0  00:07        0.37
  TWT_Portail_Est_61+665 OUTFALL      0.00     0.00   421.60     0  00:00        0.00
  
  
  *******************
  Node Inflow Summary
  *******************
  
  -------------------------------------------------------------------------------------------------
                                  Maximum  Maximum                  Lateral       Total        Flow
                                  Lateral    Total  Time of Max      Inflow      Inflow     Balance
                                   Inflow   Inflow   Occurrence      Volume      Volume       Error
  Node                 Type           CMS      CMS  days hr:min    10^6 ltr    10^6 ltr     Percent
  -------------------------------------------------------------------------------------------------
  9                    JUNCTION         0     15.2     0  00:00           0         692       0.080
  Holiloch_sonde       JUNCTION         0     13.6     0  00:00           0         651       0.089
  11                   JUNCTION         0    0.276     0  00:00           0        22.5       0.044
  13                   JUNCTION         0     21.4     0  00:00           0    1.63e+03       0.192
  21                   JUNCTION         0    0.451     0  00:04           0        38.8       0.031
  SonSto_F             JUNCTION         0    0.936     0  00:07           0        80.8       0.022
  Sondierstollen       JUNCTION         0        0     0  00:00           0           0       0.000 ltr
  Aval_Trappe          JUNCTION         0     2.69     0  00:05           0         232       0.008
  30                   JUNCTION         0     2.75     0  00:05           0         237       0.007
  Gischeren_node       JUNCTION         0    0.314     0  00:07           0        23.323272893.025 ltr
  34                   JUNCTION         0    0.414     0  00:04           0        35.6       0.025
  38                   JUNCTION         0    0.267     0  00:00           0        20.6       0.050
  SS6                  JUNCTION         0    0.159     0  00:02           0        13.1       0.003
  40                   JUNCTION         0     2.06     0  00:04           0         178       0.031
  41                   JUNCTION         0     5.43     0  00:00           0        43.2       0.809
  SondeSchuettstein    JUNCTION         0      0.8     0  00:00           0        42.9       0.170
  SS4                  JUNCTION         0    0.126     0  00:07           0        10.9      28.517
  47                   JUNCTION         0     9.74     0  00:00           0         637       0.045
  48                   JUNCTION         0    0.593     0  00:00           0        42.8       0.231
  SondeGischeren       JUNCTION         0    0.334     0  00:07           0        25.5       0.264
  49                   JUNCTION         0    0.992     0  00:01           0        13.2       0.604
  50                   JUNCTION         0    0.181     0  00:04           0        12.6       0.029
  51                   JUNCTION         0     38.2     0  00:00           0    1.86e+03       0.159
  Amont_C              JUNCTION      21.5     46.6     0  00:00    1.86e+03    1.86e+03       0.059
  52                   JUNCTION         0    0.268     0  00:03           0        18.2       0.173
  53                   JUNCTION         0    0.396     0  00:00           0        14.5       4.848
  54                   JUNCTION         0    0.329     0  00:07           0        13.8       2.598
  56                   JUNCTION         0     1.08     0  00:02           0        92.5       0.022
  2                    JUNCTION         0     8.23     0  00:02           0        7.16       6.662
  4                    JUNCTION         0    0.382     0  00:04           0        32.6       0.045
  5                    JUNCTION         0      8.6     0  00:00           0         636       0.124
  6                    JUNCTION         0     11.1     0  00:00           0         650       0.088
  7                    JUNCTION         0     7.67     0  00:02           0         635       0.072
  SS3                  JUNCTION         0    0.146     0  00:07           0        12.5       0.020
  SS5                  JUNCTION         0    0.328     0  00:07           0        28.3       0.170
  8                    JUNCTION         0    0.557     0  00:06           0        47.2      31.585
  10                   JUNCTION         0    0.784     0  00:02           0        13.2       0.745
  SonSto_SS5           JUNCTION         0    0.394     0  00:07           0          34       0.080
  SonSto_SS3           JUNCTION         0   0.0786     0  00:07           0        6.78       0.199
  SonSto_SS4           JUNCTION         0    0.177     0  00:07           0        15.2       5.571
  Amont_Trappe         JUNCTION         0    0.873     0  00:07           0        75.4       0.006
  SonSto_SS6           JUNCTION         0    0.545     0  00:07           0          47       0.034
  SS2                  JUNCTION         0        0     0  00:00           0           0       0.000 ltr
  SonSto_SS2           JUNCTION         0        0     0  00:00           0           0       0.000 ltr
  12                   JUNCTION         0    0.421     0  00:00           0        24.7       0.137
  14                   JUNCTION         0     2.04     0  00:01           0         144       0.161
  15                   JUNCTION         0    0.474     0  00:04           0        40.6       0.242
  TWT_PointHaut_60+650 JUNCTION         0        0     0  00:00           0           0       0.000 ltr
  TWT_Fensterstollen_60+375 JUNCTION         0     2.73     0  00:04           0         235       0.219
  TWT_Acces_LT_60+110  JUNCTION         0        0     0  00:00           0           0       0.000 ltr
  TWT_Liaison_LT_59+738 JUNCTION         0        0     0  00:00           0           0       0.000 ltr
  Syst_Est_amont       JUNCTION      1.08     1.08     0  00:00        92.9        92.9      50.773
  Syst_Est_interm      JUNCTION         0     1.13     0  00:04           0        61.6       1.407
  TWT_Branche_Est_Sonsto_60+540 JUNCTION         0        0     0  00:00           0           0       0.000 ltr
  TWT_Intersection_Sonsto_60+345 JUNCTION         0     8.81     0  00:04           0         756       0.368
  TWT_Chrosweg_61+140  JUNCTION         0        0     0  00:00           0           0       0.000 ltr
  SonSto_F_sup         JUNCTION         0    0.474     0  00:04           0        40.5       0.003
  SonSto_porte         JUNCTION         0     9.84     0  00:02           0         753       0.096
  Brunnm_Fassung       OUTFALL          0   0.0348     0  00:04           0        2.92       0.000
  Brunnmuehle(Teich)   OUTFALL          0    0.377     0  00:04           0        32.1       0.000
  Fensterstollen       OUTFALL          0     2.75     0  00:05           0         237       0.000
  Gischeren            OUTFALL          0        0     0  00:00           0           0       0.000 ltr
  Schuettstein         OUTFALL          0    0.503     0  00:04           0        42.7       0.000
  Holiloch             OUTFALL          0     7.49     0  00:04           0         635       0.000
  Sauserquelle         OUTFALL          0     1.08     0  00:02           0        92.5       0.000
  Entw_Stollen         OUTFALL          0    0.213     0  00:02           0        6.71       0.000
  Sous_lacustre        OUTFALL          0   0.0376     0  00:04           0        3.19       0.000
  Sous_ecoul.          OUTFALL          0  0.00616     0  00:04           0       0.516       0.000
  Syst_Est_aval        OUTFALL          0     1.32     0  00:07           0        60.7       0.000
  TWT_Portail_Est_61+665 OUTFALL          0        0     0  00:00           0           0       0.000 ltr
  
  
  **********************
  Node Surcharge Summary
  **********************
  
  Surcharging occurs when water rises above the top of the highest conduit.
  ---------------------------------------------------------------------
                                               Max. Height   Min. Depth
                                   Hours       Above Crown    Below Rim
  Node                 Type      Surcharged         Meters       Meters
  ---------------------------------------------------------------------
  9                    JUNCTION       23.99         54.039       44.161
  Holiloch_sonde       JUNCTION       23.99         46.342      151.758
  11                   JUNCTION       24.00         58.613       90.927
  13                   JUNCTION       23.99         55.461      341.539
  21                   JUNCTION       24.00         41.537      107.863
  34                   JUNCTION       24.00         19.851       79.549
  38                   JUNCTION       24.00         26.258      123.142
  40                   JUNCTION       24.00         28.119       67.881
  41                   JUNCTION       23.99         76.507      172.643
  SondeSchuettstein    JUNCTION       23.99         22.946        0.000
  47                   JUNCTION       23.99         12.351       85.749
  48                   JUNCTION       23.99         10.608       88.592
  SondeGischeren       JUNCTION       23.93         10.933       87.867
  49                   JUNCTION       23.96          7.025      184.975
  50                   JUNCTION       23.93          7.200      192.500
  51                   JUNCTION       24.00         75.396      320.604
  Amont_C              JUNCTION       24.00         98.030      298.970
  52                   JUNCTION       23.93         21.290       78.310
  53                   JUNCTION       23.98         18.996      176.004
  54                   JUNCTION       23.87         21.731      173.269
  56                   JUNCTION       24.00          6.005       92.995
  2                    JUNCTION       23.95        100.000        0.000
  4                    JUNCTION       23.99          8.944       90.406
  5                    JUNCTION       23.97          1.066       43.934
  6                    JUNCTION       23.99         20.008      174.992
  10                   JUNCTION       23.96          5.066      186.934
  12                   JUNCTION       23.99         24.171      175.479
  14                   JUNCTION       23.97         11.984      184.016
  TWT_Liaison_LT_59+738 JUNCTION       24.00          0.000        0.000
  Syst_Est_interm      JUNCTION       23.87         36.929       61.571
  SonSto_porte         JUNCTION       23.96          0.000        0.000
  
  
  *********************
  Node Flooding Summary
  *********************
  
  Flooding refers to all water that overflows a node, whether it ponds or not.
  --------------------------------------------------------------------------
                                                             Total   Maximum
                                 Maximum   Time of Max       Flood    Ponded
                        Hours       Rate    Occurrence      Volume     Depth
  Node                 Flooded       CMS   days hr:min    10^6 ltr    Meters
  --------------------------------------------------------------------------
  2                       0.01      6.61      0  00:02       0.003   100.000
  SonSto_porte           23.96      9.47      0  00:02     749.426     0.000
  
  
  ***********************
  Outfall Loading Summary
  ***********************
  
  -----------------------------------------------------------
                         Flow       Avg       Max       Total
                         Freq      Flow      Flow      Volume
  Outfall Node           Pcnt       CMS       CMS    10^6 ltr
  -----------------------------------------------------------
  Brunnm_Fassung        99.95    0.0338    0.0348       2.920
  Brunnmuehle(Teich)    99.95     0.372     0.377      32.116
  Fensterstollen        99.97      2.75      2.75     237.108
  Gischeren              0.00         0         0       0.000
  Schuettstein          99.94     0.495     0.503      42.728
  Holiloch              99.89      7.36      7.49     634.999
  Sauserquelle          99.98      1.07      1.08      92.520
  Entw_Stollen          99.96    0.0777     0.213       6.707
  Sous_lacustre         99.99    0.0369    0.0376       3.187
  Sous_ecoul.           99.95   0.00598   0.00616       0.516
  Syst_Est_aval         99.47     0.707      1.32      60.741
  TWT_Portail_Est_61+665   0.00         0         0       0.000
  -----------------------------------------------------------
  System                83.26      12.9      13.5    1113.541
  
  
  ********************
  Link Flow Summary
  ********************
  
  -----------------------------------------------------------------------------
                                 Maximum  Time of Max   Maximum    Max/    Max/
                                  |Flow|   Occurrence   |Veloc|    Full    Full
  Link                 Type          CMS  days hr:min     m/sec    Flow   Depth
  -----------------------------------------------------------------------------
  Brunn_Fassung_L      CONDUIT    0.0348     0  00:04      1.48    0.57    0.77
  11                   CONDUIT      13.6     0  00:00      7.72    2.03    1.00
  14                   CONDUIT      15.2     0  00:00     10.73    8.28    1.00
  16                   CONDUIT     0.276     0  00:00      3.23    1.92    1.00
  17                   CONDUIT      0.27     0  00:00      0.96    0.46    1.00
  26                   CONDUIT      5.43     0  00:00      9.80    7.36    1.00
  27                   CONDUIT    0.0628     0  00:07      1.77    0.81    0.88
  Gischeren_L          CONDUIT         0     0  00:00      0.00    0.00    0.26
  Schuettstein_L       CONDUIT     0.503     0  00:04      3.28    0.43    0.73
  Brunnmuehle_L        CONDUIT     0.414     0  00:04      1.47    0.20    1.00
  32                   CONDUIT         0     0  00:00      0.00    0.00    0.00
  35                   CONDUIT     0.189     0  00:07      0.26    0.03    0.76
  45                   CONDUIT     0.545     0  00:07      3.99    0.00    0.05
  46                   CONDUIT      1.08     0  00:02      3.80    1.07    1.00
  47                   CONDUIT     0.124     0  00:00      3.26    7.73    1.00
  50                   CONDUIT     0.593     0  00:00      2.19    0.11    1.00
  51                   CONDUIT     0.229     0  00:01      2.37    0.64    1.00
  53                   CONDUIT     0.267     0  00:00      1.61    1.36    1.00
  Fenster_L            CONDUIT      2.75     0  00:05      6.21    0.03    0.11
  58                   CONDUIT      2.69     0  00:05      5.57    0.03    0.12
  59                   CONDUIT     0.394     0  00:07      3.33    0.00    0.05
  61                   CONDUIT       0.8     0  00:00      3.85    1.13    1.00
  63                   CONDUIT     0.159     0  00:02      2.19    0.71    0.52
  66                   CONDUIT     0.181     0  00:04      2.68    2.38    1.00
  67                   CONDUIT      21.4     0  00:00      5.54    0.21    1.00
  Amont_L              CONDUIT      38.2     0  00:00      5.40    2.07    1.00
  69                   CONDUIT     0.268     0  00:03      2.26    1.05    1.00
  70                   CONDUIT     0.212     0  00:04      1.68    0.66    1.00
  71                   CONDUIT     0.396     0  00:00      1.90    0.70    1.00
  72                   CONDUIT     0.329     0  00:07      1.59    1.56    1.00
  Sauser_L             CONDUIT      1.08     0  00:02      1.90    0.27    0.68
  75                   CONDUIT     0.126     0  00:07      3.82    1.29    0.64
  Entw_Sto_L           CONDUIT     0.213     0  00:02      8.37    4.92    1.00
  4                    CONDUIT    0.0295     0  00:07      1.04    1.32    1.00
  5                    CONDUIT    0.0268     0  00:02      1.05    0.96    1.00
  6                    CONDUIT    0.0376     0  00:04      1.45    0.56    0.77
  7                    CONDUIT     0.382     0  00:04      1.94    0.59    1.00
  Brunn_Teich_L        CONDUIT     0.377     0  00:04      1.56    0.29    0.68
  9                    CONDUIT   0.00616     0  00:04      1.55    0.00    0.50
  12                   CONDUIT       8.6     0  00:00      4.98    0.18    1.00
  15                   CONDUIT      11.1     0  00:00      5.80    0.29    1.00
  18                   CONDUIT      9.74     0  00:00      5.06    0.39    1.00
  19                   CONDUIT     0.992     0  00:01      1.33    0.94    1.00
  20                   CONDUIT     0.873     0  00:07      2.60    0.07    0.34
  21                   CONDUIT      7.67     0  00:02      0.87    0.05    0.86
  Hooliloch_L          CONDUIT      7.49     0  00:04      1.38    0.15    0.65
  23                   CONDUIT     0.146     0  00:07      3.33    0.91    0.59
  25                   CONDUIT     0.557     0  00:06      2.03    0.45    1.00
  28                   CONDUIT    0.0785     0  00:07      1.11    0.00    0.03
  29                   CONDUIT    0.0661     0  00:07      0.60    0.00    0.04
  31                   CONDUIT     0.129     0  00:07      0.50    0.08    0.39
  33                   CONDUIT     0.784     0  00:02      0.81    0.30    1.00
  37                   CONDUIT     0.328     0  00:07      0.62    0.01    0.13
  SS3_L                CONDUIT    0.0786     0  00:07      2.66    0.00    0.03
  40                   CONDUIT     0.873     0  00:07      1.27    0.01    0.06
  SS6_L                CONDUIT     0.159     0  00:02      2.67    0.00    0.05
  1                    CONDUIT         0     0  00:00      0.00    0.00    0.01
  2                    CONDUIT         0     0  00:00      0.00    0.00    0.00
  3                    CONDUIT    0.0983     0  00:07      3.37    0.01    0.10
  10                   CONDUIT     0.101     0  00:07      0.20    0.00    0.13
  13                   CONDUIT     0.421     0  00:00      4.74    0.91    1.00
  22                   CONDUIT     0.304     0  00:00      3.16    0.75    1.00
  24                   CONDUIT      2.04     0  00:01      3.16    0.00    1.00
  30                   CONDUIT      1.67     0  00:04      2.32    0.70    1.00
  34                   CONDUIT     0.474     0  00:04      2.26    0.53    0.82
  36                   CONDUIT     0.474     0  00:04      5.73    0.51    0.38
  38                   CONDUIT     0.334     0  00:07      2.57    0.13    1.00
  48                   CONDUIT      1.13     0  00:04      2.61    0.76    0.82
  54                   CONDUIT      1.32     0  00:07      1.08    0.25    0.65
  68                   CONDUIT     0.395     0  00:04      4.63    0.00    0.04
  73                   CONDUIT      8.19     0  00:02      2.66    1.89    1.00
  TWT1                 CONDUIT         0     0  00:00      0.00    0.00    0.00
  TWT2                 CONDUIT         0     0  00:00      0.00    0.00    0.00
  TWT3                 CONDUIT         0     0  00:00      0.00    0.00    0.00
  TWT4                 CONDUIT         0     0  00:00      0.00    0.00    0.01
  1_2_b_               CONDUIT         0     0  00:00      0.00    0.00    0.00
  1_2_b_1              CONDUIT      1.83     0  00:04     12.62    3.14    0.69
  1_2_b_2              CONDUIT    0.0785     0  00:04      2.03    0.03    0.25
  1_2_b_3              CONDUIT      0.76     0  00:04      5.26    0.52    0.69
  1_2_b_5              CONDUIT    0.0669     0  00:07      1.77    0.03    0.25
  TWT5                 CONDUIT      0.91     0  00:04      2.72    0.00    0.02
  1_4_a                CONDUIT      1.82     0  00:04      5.79    0.01    0.10
  1_4_a_1              CONDUIT      7.91     0  00:04    >50.00    6.69    0.71
  TWT6                 CONDUIT         0     0  00:00      0.00    0.00    0.01
  1_4_b                CONDUIT       8.8     0  00:04     38.27    0.01    0.53
  
  
  ***************************
  Flow Classification Summary
  ***************************
  
  -------------------------------------------------------------------------------------
                      Adjusted    ---------- Fraction of Time in Flow Class ---------- 
                       /Actual         Up    Down  Sub   Sup   Up    Down  Norm  Inlet 
  Conduit               Length    Dry  Dry   Dry   Crit  Crit  Crit  Crit  Ltd   Ctrl  
  -------------------------------------------------------------------------------------
  Brunn_Fassung_L         1.00   0.00  0.00  0.00  0.00  1.00  0.00  0.00  0.00  0.00
  11                      1.00   0.00  0.00  0.00  1.00  0.00  0.00  0.00  0.00  0.00
  14                      1.00   0.00  0.00  0.00  1.00  0.00  0.00  0.00  0.00  0.00
  16                      1.00   0.00  0.00  0.00  1.00  0.00  0.00  0.00  0.00  0.00
  17                      1.00   0.00  0.00  0.00  1.00  0.00  0.00  0.00  0.00  0.00
  26                      1.00   0.00  0.00  0.00  1.00  0.00  0.00  0.00  0.00  0.00
  27                      1.00   0.00  0.00  0.00  0.00  1.00  0.00  0.00  0.00  0.00
  Gischeren_L             1.00   0.00  1.00  0.00  0.00  0.00  0.00  0.00  0.00  0.00
  Schuettstein_L          1.00   0.00  0.00  0.00  0.00  1.00  0.00  0.00  0.00  0.00
  Brunnmuehle_L           1.00   0.00  0.00  0.00  1.00  0.00  0.00  0.00  0.00  0.00
  32                      1.00   1.00  0.00  0.00  0.00  0.00  0.00  0.00  0.00  0.00
  35                      1.00   0.00  0.00  0.00  1.00  0.00  0.00  0.00  0.00  0.00
  45                      1.00   0.00  0.00  0.00  0.00  1.00  0.00  0.00  1.00  0.00
  46                      1.00   0.00  0.00  0.00  1.00  0.00  0.00  0.00  0.00  0.00
  47                      1.00   0.00  0.00  0.00  1.00  0.00  0.00  0.00  0.00  0.00
  50                      1.00   0.00  0.00  0.00  1.00  0.00  0.00  0.00  0.00  0.00
  51                      1.00   0.00  0.00  0.00  1.00  0.00  0.00  0.00  0.00  0.00
  53                      1.00   0.00  0.00  0.00  1.00  0.00  0.00  0.00  0.00  0.00
  Fenster_L               1.00   0.00  0.00  0.00  0.00  1.00  0.00  0.00  0.00  0.00
  58                      1.00   0.00  0.00  0.00  0.00  1.00  0.00  0.00  1.00  0.00
  59                      1.00   0.00  0.00  0.00  0.00  1.00  0.00  0.00  0.00  0.00
  61                      1.00   0.00  0.00  0.00  1.00  0.00  0.00  0.00  0.00  0.00
  63                      1.00   0.00  0.00  0.00  1.00  0.00  0.00  0.00  0.00  0.00
  66                      1.00   0.00  0.00  0.00  1.00  0.00  0.00  0.00  0.00  0.00
  67                      1.00   0.00  0.00  0.00  1.00  0.00  0.00  0.00  0.00  0.00
  Amont_L                 1.00   0.00  0.00  0.00  1.00  0.00  0.00  0.00  0.00  0.00
  69                      1.00   0.00  0.00  0.00  1.00  0.00  0.00  0.00  0.00  0.00
  70                      1.00   0.00  0.00  0.00  1.00  0.00  0.00  0.00  0.00  0.00
  71                      1.00   0.00  0.00  0.00  1.00  0.00  0.00  0.00  0.00  0.00
  72                      1.00   0.00  0.00  0.00  1.00  0.00  0.00  0.00  0.00  0.00
  Sauser_L                1.00   0.00  0.00  0.00  1.00  0.00  0.00  0.00  0.00  0.00
  75                      1.00   0.00  0.00  0.00  0.00  1.00  0.00  0.00  0.00  0.00
  Entw_Sto_L              1.00   0.00  0.00  0.00  1.00  0.00  0.00  0.00  0.00  0.00
  4                       1.00   0.00  0.00  0.00  1.00  0.00  0.00  0.00  0.00  0.00
  5                       1.00   0.00  0.00  0.00  1.00  0.00  0.00  0.00  0.00  0.00
  6                       1.00   0.00  0.00  0.00  0.00  1.00  0.00  0.00  0.00  0.00
  7                       1.00   0.00  0.00  0.00  1.00  0.00  0.00  0.00  0.00  0.00
  Brunn_Teich_L           1.00   0.00  0.00  0.00  1.00  0.00  0.00  0.00  0.00  0.00
  9                       1.00   0.00  0.00  0.00  0.00  1.00  0.00  0.00  0.00  0.00
  12                      1.00   0.00  0.00  0.00  1.00  0.00  0.00  0.00  0.00  0.00
  15                      1.00   0.00  0.00  0.00  1.00  0.00  0.00  0.00  0.00  0.00
  18                      1.00   0.00  0.00  0.00  1.00  0.00  0.00  0.00  0.00  0.00
  19                      1.00   0.00  0.00  0.00  1.00  0.00  0.00  0.00  0.00  0.00
  20                      1.00   0.00  0.00  0.00  0.00  1.00  0.00  0.00  0.00  0.00
  21                      1.00   0.00  0.00  0.00  1.00  0.00  0.00  0.00  0.00  0.00
  Hooliloch_L             1.00   0.00  0.00  0.00  1.00  0.00  0.00  0.00  0.00  0.00
  23                      1.00   0.00  0.00  0.00  0.00  1.00  0.00  0.00  0.00  0.00
  25                      1.00   0.00  0.00  0.00  1.00  0.00  0.00  0.00  0.00  0.00
  28                      1.00   0.00  0.00  0.00  0.00  1.00  0.00  0.00  1.00  0.00
  29                      1.00   0.00  0.00  0.00  1.00  0.00  0.00  0.00  1.00  0.00
  31                      1.00   0.00  0.00  0.00  1.00  0.00  0.00  0.00  0.00  0.00
  33                      1.00   0.00  0.00  0.00  1.00  0.00  0.00  0.00  0.00  0.00
  37                      1.00   0.00  0.00  0.00  1.00  0.00  0.00  0.00  0.00  0.00
  SS3_L                   1.00   0.00  0.00  0.00  0.00  1.00  0.00  0.00  1.00  0.00
  40                      1.00   0.00  0.00  0.00  1.00  0.00  0.00  0.00  0.00  0.00
  SS6_L                   1.00   0.00  0.00  0.00  0.00  1.00  0.00  0.00  1.00  0.00
  1                       1.00   0.00  1.00  0.00  0.00  0.00  0.00  0.00  0.00  0.00
  2                       1.00   1.00  0.00  0.00  0.00  0.00  0.00  0.00  0.00  0.00
  3                       1.00   0.00  0.00  0.00  0.00  1.00  0.00  0.00  1.00  0.00
  10                      1.00   0.00  0.00  0.00  1.00  0.00  0.00  0.00  0.00  0.00
  13                      1.00   0.00  0.00  0.00  1.00  0.00  0.00  0.00  0.00  0.00
  22                      1.00   0.00  0.00  0.00  1.00  0.00  0.00  0.00  0.00  0.00
  24                      1.00   0.00  0.00  0.00  1.00  0.00  0.00  0.00  0.00  0.00
  30                      1.00   0.00  0.00  0.00  1.00  0.00  0.00  0.00  0.00  0.00
  34                      1.00   0.00  0.00  0.00  0.00  1.00  0.00  0.00  0.00  0.00
  36                      1.00   0.00  0.00  0.00  0.00  1.00  0.00  0.00  0.00  0.00
  38                      1.00   0.00  0.00  0.00  1.00  0.00  0.00  0.00  0.00  0.00
  48                      1.00   0.00  0.00  0.00  1.00  0.00  0.00  0.00  0.00  0.00
  54                      1.00   0.00  0.01  0.00  0.99  0.00  0.00  0.00  0.00  0.00
  68                      1.00   0.00  0.00  0.00  0.00  1.00  0.00  0.00  1.00  0.00
  73                      1.00   0.00  0.00  0.00  1.00  0.00  0.00  0.00  0.00  0.00
  TWT1                    1.00   1.00  0.00  0.00  0.00  0.00  0.00  0.00  0.00  0.00
  TWT2                    1.00   1.00  0.00  0.00  0.00  0.00  0.00  0.00  0.00  0.00
  TWT3                    1.00   1.00  0.00  0.00  0.00  0.00  0.00  0.00  0.00  0.00
  TWT4                    1.00   0.00  1.00  0.00  0.00  0.00  0.00  0.00  0.00  0.00
  1_2_b_                  1.00   1.00  0.00  0.00  0.00  0.00  0.00  0.00  0.00  0.00
  1_2_b_1                 1.00   0.00  0.00  0.00  0.00  1.00  0.00  0.00  0.00  0.00
  1_2_b_2                 1.00   0.00  0.00  0.00  0.00  1.00  0.00  0.00  1.00  0.00
  1_2_b_3                 1.00   0.00  0.00  0.00  0.00  1.00  0.00  0.00  0.00  0.00
  1_2_b_5                 1.00   0.00  0.00  0.00  0.00  1.00  0.00  0.00  1.00  0.00
  TWT5                    1.00   0.00  0.00  0.00  0.00  1.00  0.00  0.00  1.00  0.00
  1_4_a                   1.00   0.00  0.00  0.00  0.00  1.00  0.00  0.00  1.00  0.00
  1_4_a_1                 1.00   0.00  0.00  0.00  0.00  1.00  0.00  0.00  0.00  0.00
  TWT6                    1.00   0.00  1.00  0.00  0.00  0.00  0.00  0.00  0.00  0.00
  1_4_b                   1.00   0.00  0.00  0.00  1.00  0.00  0.00  0.00  1.00  0.00
  
  
  *************************
  Conduit Surcharge Summary
  *************************
  
  ----------------------------------------------------------------------------
                                                           Hours        Hours 
                         --------- Hours Full --------   Above Full   Capacity
  Conduit                Both Ends  Upstream  Dnstream   Normal Flow   Limited
  ----------------------------------------------------------------------------
  Brunn_Fassung_L             0.01      0.01     24.00      0.01         0.01
  11                         23.99     23.99     23.99     23.99         0.01
  14                         23.99     23.99     24.00     23.99         0.01
  16                         24.00     24.00     24.00     23.99        23.99
  17                         24.00     24.00     24.00      0.01         0.01
  26                         23.99     24.00     23.99      0.01         0.01
  27                          0.01      0.01     23.99      0.01         0.01
  Schuettstein_L              0.01      0.01     23.99      0.01         0.01
  Brunnmuehle_L              24.00     24.00     24.00      0.01         0.01
  35                          0.01      0.01     23.93      0.01         0.01
  46                         24.00     24.00     24.00     23.97         0.01
  47                         24.00     24.00     24.00     24.00        24.00
  50                         23.99     23.99     23.99      0.01         0.01
  51                         23.98     23.98     24.00      0.01         0.01
  53                         24.00     24.00     24.00     23.99         0.01
  61                         23.99     23.99     23.99      0.01         0.01
  63                          0.01     23.97      0.01      0.01         0.01
  66                         23.93     23.98     23.93     23.97        23.93
  67                         23.99     23.99     24.00      0.01         0.01
  Amont_L                    24.00     24.00     24.00     24.00         0.01
  69                         23.93     23.93     24.00      0.02         0.01
  70                         23.93     23.93     24.00      0.01         0.01
  71                         23.98     23.98     23.99      0.01         0.01
  72                         23.87     23.98     23.87      0.11         0.01
  Sauser_L                    0.01      0.01     24.00      0.01         0.01
  75                          0.01     23.97      0.01     23.87         0.01
  Entw_Sto_L                 23.97     23.98     23.97     23.97        23.97
  4                          23.98     23.98     23.98     23.90        23.90
  5                          23.98     23.98     24.00      0.01         0.01
  6                           0.01      0.01     24.00      0.01         0.01
  7                          23.99     23.99     24.00      0.01         0.01
  Brunn_Teich_L               0.01      0.01     23.99      0.01         0.01
  9                           0.01      0.01     23.99      0.01         0.01
  12                         23.98     23.98     23.99      0.01         0.01
  15                         23.99     23.99     23.99      0.01         0.01
  18                         23.99     23.99     23.99      0.01         0.01
  19                         23.97     23.97     23.99      0.01         0.01
  21                          0.01      0.01     23.97      0.01         0.01
  23                          0.01     23.93      0.01      0.01         0.01
  25                         23.89     23.89     23.99      0.01         0.01
  33                         23.96     23.96     23.96      0.01         0.01
  13                         23.99     23.99     24.00      0.01         0.01
  22                         23.99     23.99     24.00      0.01         0.01
  24                         23.97     23.97     24.00      0.01         0.01
  30                         23.97     23.97     24.00      0.01         0.01
  34                          0.01      0.01     23.99      0.01         0.01
  38                         23.91     23.91     23.94      0.01         0.01
  48                          0.01      0.01     23.91      0.01         0.01
  54                          0.01      0.01     23.87      0.01         0.01
  73                         23.95     23.97     23.95      0.02         0.01
  1_2_b_1                     0.01      0.01     23.99     23.99         0.01
  1_2_b_3                     0.01      0.01     23.99      0.01         0.01
  1_4_a_1                     0.01      0.01     23.99     23.99         0.01
  1_4_b                       0.01      0.01     23.96      0.01         0.01
  

  Analysis begun on:  Mon Aug 17 07:57:15 2026
  Analysis ended on:  Mon Aug 17 07:57:17 2026
  Total elapsed time: 00:00:02