
  EPA STORM WATER MANAGEMENT MODEL - VERSION 5.2 (Build 5.2.4)
  ------------------------------------------------------------

  Brunnmuehle (Twann) 
  WARNING 08: elevation drop exceeds length for Conduit SS3_L
  WARNING 08: elevation drop exceeds length for Conduit SS6_L
  WARNING 08: elevation drop exceeds length for Conduit 2
  WARNING 08: elevation drop exceeds length for Conduit 3
  WARNING 08: elevation drop exceeds length for Conduit 68
  WARNING 08: elevation drop exceeds length for Conduit 1_2_b_
  WARNING 08: elevation drop exceeds length for Conduit 1_2_b_2
  WARNING 08: elevation drop exceeds length for Conduit 1_2_b_3
  WARNING 08: elevation drop exceeds length for Conduit 1_2_b_6
  WARNING 08: elevation drop exceeds length for Conduit 1_4_b
  WARNING 08: elevation drop exceeds length for Conduit 1_5_a
  WARNING 02: maximum depth increased for Node 2
  
  ****************
  Analysis Options
  ****************
  Flow Units ............... CMS
  Process Models:
    Rainfall/Runoff ........ NO
    RDII ................... NO
    Snowmelt ............... NO
    Groundwater ............ NO
    Flow Routing ........... YES
    Ponding Allowed ........ NO
    Water Quality .......... NO
  Flow Routing Method ...... DYNWAVE
  Surcharge Method ......... EXTRAN
  Starting Date ............ 01/01/2000 00:00:00
  Ending Date .............. 01/02/2000 00:00:00
  Antecedent Dry Days ...... 0.0
  Report Time Step ......... 01:00:00
  Routing Time Step ........ 0.50 sec
  Variable Time Step ....... YES
  Maximum Trials ........... 8
  Number of Threads ........ 1
  Head Tolerance ........... 0.001500 m
  
  
  **************************        Volume        Volume
  Flow Routing Continuity        hectare-m      10^6 ltr
  **************************     ---------     ---------
  Dry Weather Inflow .......         0.000         0.000
  Wet Weather Inflow .......         0.000         0.000
  Groundwater Inflow .......         0.000         0.000
  RDII Inflow ..............         0.000         0.000
  External Inflow ..........       166.906      1669.074
  External Outflow .........       159.223      1592.242
  Flooding Loss ............         0.000         0.000
  Evaporation Loss .........         0.000         0.000
  Exfiltration Loss ........         0.000         0.000
  Initial Stored Volume ....         0.056         0.562
  Final Stored Volume ......         0.444         4.442
  Continuity Error (%) .....         4.369
  
  
  *************************
  Highest Continuity Errors
  *************************
  Node TWT_Intersection_Sonsto_60+345 (-10405.01%)
  Node TWT_Acces_LT_60+110 (100.00%)
  Node Amont_Trappe (98.98%)
  Node SonSto_F (84.79%)
  Node SonSto_SS4 (65.94%)
  
  
  ***************************
  Time-Step Critical Elements
  ***************************
  Link 1_4_a (15158.16%)
  Link 20 (80.67%)
  Link 1_2_b_1 (6.97%)
  
  
  ********************************
  Highest Flow Instability Indexes
  ********************************
  All links are stable.
  
  
  *********************************
  Most Frequent Nonconverging Nodes
  *********************************
  Node Brunnm_Fassung (49.69%)
  Node Brunnmuehle(Teich) (49.69%)
  Node Fensterstollen (49.69%)
  Node Gischeren (49.69%)
  Node Schuettstein (49.69%)
  
  
  *************************
  Routing Time Step Summary
  *************************
  Minimum Time Step           :     0.50 sec
  Average Time Step           :     0.50 sec
  Maximum Time Step           :     0.50 sec
  % of Time in Steady State   :    99.34
  Average Iterations per Step :     7.13
  % of Steps Not Converging   :    49.69
  Time Step Frequencies       :
      0.500 -  0.500 sec      :   100.00 %
      0.500 -  0.500 sec      :     0.00 %
      0.500 -  0.500 sec      :     0.00 %
      0.500 -  0.500 sec      :     0.00 %
      0.500 -  0.500 sec      :     0.00 %
  
  
  ******************
  Node Depth Summary
  ******************
  
  ---------------------------------------------------------------------------------
                                 Average  Maximum  Maximum  Time of Max    Reported
                                   Depth    Depth      HGL   Occurrence   Max Depth
  Node                 Type       Meters   Meters   Meters  days hr:min      Meters
  ---------------------------------------------------------------------------------
  9                    JUNCTION    48.68    56.88   495.38     0  00:00       48.71
  Holiloch_sonde       JUNCTION    43.31    53.10   493.10     0  00:00       43.33
  11                   JUNCTION    54.70    56.32   466.32     0  00:03       54.71
  13                   JUNCTION    68.22    68.75   506.75     0  00:03       68.25
  21                   JUNCTION    42.62    44.07   444.07     0  00:03       42.63
  SonSto_F             JUNCTION     0.48     0.48   438.28     0  00:09        0.48
  Sondierstollen       JUNCTION     0.00     0.00   440.80     0  00:00        0.00
  Aval_Trappe          JUNCTION     0.59     0.66   438.26     0  00:09        0.59
  30                   JUNCTION     0.56     0.56   437.86     0  00:09        0.56
  Gischeren_node       JUNCTION     3.84     3.86   480.36     0  00:09        3.86
  34                   JUNCTION    20.72    21.56   441.56     0  00:03       20.73
  38                   JUNCTION    26.71    28.10   448.10     0  00:03       26.72
  SS6                  JUNCTION     0.05     0.05   448.05     0  00:02        0.05
  40                   JUNCTION    31.19    31.62   450.62     0  00:01       31.20
  41                   JUNCTION    68.25    68.78   506.28     0  00:03       68.28
  SondeSchuettstein    JUNCTION    23.93    25.94   484.94     0  00:00       23.95
  SS4                  JUNCTION     0.08     0.08   448.08     0  00:08        0.08
  47                   JUNCTION    14.77    17.47   482.37     0  00:00       14.78
  48                   JUNCTION    11.40    13.13   484.13     0  00:00       11.40
  SondeGischeren       JUNCTION    15.33    15.38   480.38     0  00:08       15.37
  49                   JUNCTION    14.89    16.64   482.64     0  00:02       14.91
  50                   JUNCTION     8.73     8.77   471.77     0  00:08        8.76
  51                   JUNCTION    86.74    87.28   507.28     0  00:03       86.77
  Amont_C              JUNCTION    90.73    93.25   511.25     0  00:00       90.77
  52                   JUNCTION    17.66    32.23   489.23     0  00:03       17.70
  53                   JUNCTION    34.91    36.95   503.95     0  00:08       35.00
  54                   JUNCTION    35.89    38.37   501.37     0  00:08       36.08
  56                   JUNCTION     6.74     7.14   437.14     0  00:01        6.75
  2                    JUNCTION     0.13     0.13   438.13     0  00:09        0.13
  4                    JUNCTION     9.02    10.02   438.02     0  00:00        9.03
  5                    JUNCTION     6.39     6.40   478.90     0  00:03        6.40
  6                    JUNCTION    23.08    26.09   484.09     0  00:00       23.10
  7                    JUNCTION     3.87     3.88   478.88     0  00:03        3.87
  SS3                  JUNCTION     0.08     0.08   448.08     0  00:09        0.08
  SS5                  JUNCTION     0.62     0.76   439.66     0  00:08        0.62
  8                    JUNCTION     6.51     6.54   480.54     0  00:09        6.53
  10                   JUNCTION    12.89    14.69   482.69     0  00:02       12.91
  SonSto_SS5           JUNCTION     0.17     0.20   439.50     0  00:08        0.17
  SonSto_SS3           JUNCTION     0.10     0.10   439.80     0  00:08        0.10
  SonSto_SS4           JUNCTION     0.17     0.19   439.59     0  00:08        0.17
  Amont_Trappe         JUNCTION     0.52     0.73   438.43     0  00:07        0.52
  SonSto_SS6           JUNCTION     0.15     0.16   438.86     0  00:08        0.15
  SS2                  JUNCTION     0.00     0.00   448.00     0  00:00        0.00
  SonSto_SS2           JUNCTION     0.00     0.00   441.50     0  00:00        0.00
  12                   JUNCTION    31.36    31.61   480.61     0  00:03       31.38
  14                   JUNCTION    21.39    23.08   488.08     0  00:01       21.41
  15                   JUNCTION     0.42     0.42   472.42     0  00:03        0.42
  TWT_PointHaut_60+650 JUNCTION     0.00     0.00   438.50     0  00:00        0.00
  TWT_Fensterstollen_60+375 JUNCTION     1.00     1.00   438.30     0  00:09        1.00
  TWT_Acces_LT_60+110  JUNCTION     0.80     0.80   438.30     0  00:09        0.80
  TWT_Liaison_LT_59+738 JUNCTION     0.00     0.00   450.60     0  00:00        0.00
  Syst_Est_amont       JUNCTION     0.69     0.70   430.70     0  00:09        0.70
  Syst_Est_interm      JUNCTION    19.41    38.19   448.19     0  00:08       19.53
  TWT_Branche_Est_Sonsto_60+540 JUNCTION     0.00     0.00   442.40     0  00:00        0.00
  TWT_Intersection_Sonsto_60+345 JUNCTION     1.15     1.29   438.29     0  00:08        1.15
  TWT_Chrosweg_61+140  JUNCTION     0.00     0.00   432.00     0  00:00        0.00
  SonSto_F_sup         JUNCTION     0.07     0.07   448.07     0  00:03        0.07
  SonSto_porte         JUNCTION     0.00     0.00   438.50     0  00:00        0.00
  Brunnm_Fassung       OUTFALL      0.11     0.11   433.91     0  00:03        0.11
  Brunnmuehle(Teich)   OUTFALL      0.25     0.25   435.75     0  00:03        0.25
  Fensterstollen       OUTFALL      0.43     0.44   437.44     0  00:09        0.44
  Gischeren            OUTFALL      0.22     0.22   480.22     0  00:09        0.22
  Schuettstein         OUTFALL      0.28     0.28   477.83     0  00:03        0.28
  Holiloch             OUTFALL      1.89     1.90   478.40     0  00:03        1.89
  Sauserquelle         OUTFALL      0.36     0.36   435.91     0  00:09        0.36
  Entw_Stollen         OUTFALL      0.13     0.13   436.63     0  00:09        0.13
  Sous_lacustre        OUTFALL      0.11     0.11   429.31     0  00:03        0.11
  Sous_ecoul.          OUTFALL      0.00     0.00   433.00     0  00:03        0.00
  Syst_Est_aval        OUTFALL      0.27     0.47   429.47     0  00:08        0.27
  TWT_Portail_Est_61+665 OUTFALL      0.00     0.00   421.60     0  00:00        0.00
  
  
  *******************
  Node Inflow Summary
  *******************
  
  -------------------------------------------------------------------------------------------------
                                  Maximum  Maximum                  Lateral       Total        Flow
                                  Lateral    Total  Time of Max      Inflow      Inflow     Balance
                                   Inflow   Inflow   Occurrence      Volume      Volume       Error
  Node                 Type           CMS      CMS  days hr:min    10^6 ltr    10^6 ltr     Percent
  -------------------------------------------------------------------------------------------------
  9                    JUNCTION         0     16.1     0  00:00           0         980       0.028
  Holiloch_sonde       JUNCTION         0     14.7     0  00:00           0         928      -0.002
  11                   JUNCTION         0    0.293     0  00:02           0        25.2      -0.001
  13                   JUNCTION         0     18.3     0  00:00           0    1.34e+03       0.062
  21                   JUNCTION         0    0.504     0  00:03           0        43.1      -0.000
  SonSto_F             JUNCTION         0     1.55     0  00:09           0        98.7     557.453
  Sondierstollen       JUNCTION         0        0     0  00:00           0           0       0.000 ltr
  Aval_Trappe          JUNCTION         0      5.3     0  00:09           0         456       1.691
  30                   JUNCTION         0     4.89     0  00:09           0         421       5.612
  Gischeren_node       JUNCTION         0    0.593     0  00:06           0        48.2       0.197
  34                   JUNCTION         0    0.466     0  00:03           0        39.7       0.001
  38                   JUNCTION         0     0.28     0  00:00           0        22.8      -0.001
  SS6                  JUNCTION         0    0.167     0  00:02           0        13.7      -0.001
  40                   JUNCTION         0     2.39     0  00:02           0         204      -0.004
  41                   JUNCTION         0     3.23     0  00:00           0        61.2       0.093
  SondeSchuettstein    JUNCTION         0    0.914     0  00:00           0        61.1      -0.002
  SS4                  JUNCTION         0    0.147     0  00:08           0        12.6       0.002
  47                   JUNCTION         0       12     0  00:00           0         914      -0.021
  48                   JUNCTION         0    0.714     0  00:03           0        61.1       0.015
  SondeGischeren       JUNCTION         0    0.442     0  00:05           0        30.1       0.133
  49                   JUNCTION         0     1.12     0  00:01           0        13.7      -0.002
  50                   JUNCTION         0    0.181     0  00:03           0        13.6       0.016
  51                   JUNCTION         0       34     0  00:00           0    1.59e+03      -0.033
  Amont_C              JUNCTION      18.4     43.2     0  00:00    1.59e+03    1.59e+03       0.009
  52                   JUNCTION         0    0.315     0  00:02           0        20.3       0.109
  53                   JUNCTION         0    0.507     0  00:00           0        15.6       0.056
  54                   JUNCTION         0     0.41     0  00:07           0        15.6       0.721
  56                   JUNCTION         0     1.07     0  00:09           0        92.3       0.000
  2                    JUNCTION         0    0.061     0  00:09           0        5.25      68.630
  4                    JUNCTION         0     0.43     0  00:03           0        36.4       0.016
  5                    JUNCTION         0     10.9     0  00:00           0         914       0.078
  6                    JUNCTION         0     12.9     0  00:00           0         928       0.010
  7                    JUNCTION         0     10.8     0  00:02           0         914       0.013
  SS3                  JUNCTION         0    0.157     0  00:09           0        13.6       0.004
  SS5                  JUNCTION         0    0.882     0  00:08           0        19.6     -28.201
  8                    JUNCTION         0     0.76     0  00:04           0        61.8       0.090
  10                   JUNCTION         0    0.898     0  00:02           0        13.7       0.483
  SonSto_SS5           JUNCTION         0    0.674     0  00:08           0        34.5     -33.098
  SonSto_SS3           JUNCTION         0    0.157     0  00:09           0        13.6      -0.087
  SonSto_SS4           JUNCTION         0    0.409     0  00:09           0        28.8     193.559
  Amont_Trappe         JUNCTION         0     1.78     0  00:08           0        42.6    9737.336
  SonSto_SS6           JUNCTION         0    0.701     0  00:08           0        58.8       1.903
  SS2                  JUNCTION         0        0     0  00:00           0           0       0.000 ltr
  SonSto_SS2           JUNCTION         0        0     0  00:00           0           0       0.000 ltr
  12                   JUNCTION         0    0.471     0  00:00           0        28.4       0.014
  14                   JUNCTION         0     2.49     0  00:01           0         166       0.029
  15                   JUNCTION         0    0.597     0  00:03           0        51.2       0.041
  TWT_PointHaut_60+650 JUNCTION         0        0     0  00:00           0           0       0.000 ltr
  TWT_Fensterstollen_60+375 JUNCTION         0     6.85     0  00:09           0         424      -7.165
  TWT_Acces_LT_60+110  JUNCTION         0     2.91     0  00:05           0        54.654640892.587 ltr
  TWT_Liaison_LT_59+738 JUNCTION         0        0     0  00:00           0           0       0.000 ltr
  Syst_Est_amont       JUNCTION      0.92     0.92     0  00:00        79.5        79.5     141.474
  Syst_Est_interm      JUNCTION         0    0.974     0  00:04           0        32.9       1.226
  TWT_Branche_Est_Sonsto_60+540 JUNCTION         0        0     0  00:00           0           0       0.000 ltr
  TWT_Intersection_Sonsto_60+345 JUNCTION         0     5.85     0  00:06           0        1.42     -99.048
  TWT_Chrosweg_61+140  JUNCTION         0        0     0  00:00           0           0       0.000 ltr
  SonSto_F_sup         JUNCTION         0    0.595     0  00:03           0        51.2       0.003
  SonSto_porte         JUNCTION         0        0     0  00:00           0           0       0.000 ltr
  Brunnm_Fassung       OUTFALL          0   0.0387     0  00:03           0        3.21       0.000
  Brunnmuehle(Teich)   OUTFALL          0    0.426     0  00:03           0        35.9       0.000
  Fensterstollen       OUTFALL          0     4.63     0  00:09           0         398       0.000
  Gischeren            OUTFALL          0    0.559     0  00:09           0        48.1       0.000
  Schuettstein         OUTFALL          0    0.714     0  00:03           0        61.1       0.000
  Holiloch             OUTFALL          0     10.7     0  00:03           0         914       0.000
  Sauserquelle         OUTFALL          0     1.07     0  00:09           0        92.3       0.000
  Entw_Stollen         OUTFALL          0   0.0362     0  00:09           0        3.12       0.000
  Sous_lacustre        OUTFALL          0   0.0406     0  00:03           0        3.41       0.000
  Sous_ecoul.          OUTFALL          0   0.0064     0  00:03           0       0.529       0.000
  Syst_Est_aval        OUTFALL          0     1.11     0  00:08           0        32.5       0.000
  TWT_Portail_Est_61+665 OUTFALL          0        0     0  00:00           0           0       0.000 ltr
  
  
  **********************
  Node Surcharge Summary
  **********************
  
  Surcharging occurs when water rises above the top of the highest conduit.
  ---------------------------------------------------------------------
                                               Max. Height   Min. Depth
                                   Hours       Above Crown    Below Rim
  Node                 Type      Surcharged         Meters       Meters
  ---------------------------------------------------------------------
  9                    JUNCTION       23.99         55.079       43.121
  Holiloch_sonde       JUNCTION       23.99         51.198      146.902
  11                   JUNCTION       24.00         55.855       93.685
  13                   JUNCTION       23.99         65.747      331.253
  21                   JUNCTION       24.00         43.473      105.927
  34                   JUNCTION       24.00         20.961       78.439
  38                   JUNCTION       24.00         27.503      121.897
  40                   JUNCTION       24.00         27.618       68.382
  41                   JUNCTION       23.99         67.931      181.219
  SondeSchuettstein    JUNCTION       23.99         25.136        0.000
  47                   JUNCTION       23.98         15.567       82.533
  48                   JUNCTION       23.99         12.332       86.868
  SondeGischeren       JUNCTION       23.95         14.184       84.616
  49                   JUNCTION       23.96          8.645      183.355
  50                   JUNCTION       23.94          8.467      191.233
  51                   JUNCTION       24.00         83.277      312.723
  Amont_C              JUNCTION       24.00         90.248      306.752
  52                   JUNCTION       23.95         31.826       67.774
  53                   JUNCTION       23.98         31.951      163.049
  54                   JUNCTION       23.87         33.366      161.634
  56                   JUNCTION       24.00          6.138       92.862
  4                    JUNCTION       23.99          9.367       89.983
  5                    JUNCTION       23.97          1.405       43.595
  6                    JUNCTION       23.99         21.090      173.910
  8                    JUNCTION       23.89          1.539      193.461
  10                   JUNCTION       23.96          6.688      185.312
  12                   JUNCTION       23.99         31.260      168.390
  14                   JUNCTION       23.98         19.080      176.920
  Syst_Est_interm      JUNCTION       23.85         36.691       61.809
  
  
  *********************
  Node Flooding Summary
  *********************
  
  No nodes were flooded.
  
  
  ***********************
  Outfall Loading Summary
  ***********************
  
  -----------------------------------------------------------
                         Flow       Avg       Max       Total
                         Freq      Flow      Flow      Volume
  Outfall Node           Pcnt       CMS       CMS    10^6 ltr
  -----------------------------------------------------------
  Brunnm_Fassung        99.95    0.0372    0.0387       3.210
  Brunnmuehle(Teich)    99.95     0.416     0.426      35.912
  Fensterstollen        99.94      4.61      4.63     398.408
  Gischeren             99.49     0.559     0.559      48.082
  Schuettstein          99.94     0.708     0.714      61.088
  Holiloch              99.91      10.6      10.7     913.631
  Sauserquelle          99.97      1.07      1.07      92.336
  Entw_Stollen          99.96    0.0361    0.0362       3.116
  Sous_lacustre        100.00    0.0394    0.0406       3.407
  Sous_ecoul.           99.95   0.00613    0.0064       0.529
  Syst_Est_aval         99.39     0.379      1.11      32.516
  TWT_Portail_Est_61+665   0.00         0         0       0.000
  -----------------------------------------------------------
  System                91.54      18.4      18.5    1592.235
  
  
  ********************
  Link Flow Summary
  ********************
  
  -----------------------------------------------------------------------------
                                 Maximum  Time of Max   Maximum    Max/    Max/
                                  |Flow|   Occurrence   |Veloc|    Full    Full
  Link                 Type          CMS  days hr:min     m/sec    Flow   Depth
  -----------------------------------------------------------------------------
  Brunn_Fassung_L      CONDUIT    0.0387     0  00:03      1.61    0.64    0.79
  11                   CONDUIT      14.7     0  00:00      7.82    2.20    1.00
  14                   CONDUIT      16.1     0  00:00     11.55    8.78    1.00
  16                   CONDUIT     0.293     0  00:02      3.42    2.04    1.00
  17                   CONDUIT     0.283     0  00:00      1.00    0.48    1.00
  26                   CONDUIT      3.23     0  00:00      5.93    4.38    1.00
  27                   CONDUIT    0.0733     0  00:08      1.99    0.94    1.00
  Gischeren_L          CONDUIT     0.559     0  00:09      0.80    0.07    0.59
  Schuettstein_L       CONDUIT     0.714     0  00:03      4.33    0.61    0.78
  Brunnmuehle_L        CONDUIT     0.466     0  00:03      1.65    0.22    1.00
  32                   CONDUIT         0     0  00:00      0.00    0.00    0.00
  35                   CONDUIT     0.294     0  00:05      0.38    0.05    1.00
  45                   CONDUIT     0.677     0  00:09      5.09    0.00    0.10
  46                   CONDUIT      1.07     0  00:09      3.78    1.07    1.00
  47                   CONDUIT     0.129     0  00:00      3.40    8.06    1.00
  50                   CONDUIT     0.714     0  00:03      2.73    0.13    1.00
  51                   CONDUIT     0.226     0  00:09      2.35    0.63    1.00
  53                   CONDUIT      0.28     0  00:00      1.68    1.42    1.00
  Fenster_L            CONDUIT      4.63     0  00:09      6.85    0.05    0.17
  58                   CONDUIT      4.83     0  00:09      6.33    0.06    0.19
  59                   CONDUIT     0.617     0  00:08      4.13    0.01    0.06
  61                   CONDUIT     0.914     0  00:00      4.29    1.29    1.00
  63                   CONDUIT     0.167     0  00:02      2.32    0.75    0.51
  66                   CONDUIT     0.181     0  00:03      2.78    2.38    1.00
  67                   CONDUIT      18.3     0  00:00      4.86    0.18    1.00
  Amont_L              CONDUIT        34     0  00:00      4.80    1.84    1.00
  69                   CONDUIT     0.315     0  00:02      2.66    1.23    1.00
  70                   CONDUIT     0.236     0  00:03      1.88    0.73    1.00
  71                   CONDUIT     0.507     0  00:00      2.11    0.90    1.00
  72                   CONDUIT      0.41     0  00:07      1.92    1.95    1.00
  Sauser_L             CONDUIT      1.07     0  00:09      1.89    0.27    0.68
  75                   CONDUIT     0.147     0  00:08      4.33    1.49    0.66
  Entw_Sto_L           CONDUIT    0.0362     0  00:09      1.89    0.84    0.70
  4                    CONDUIT     0.033     0  00:09      1.33    1.47    0.83
  5                    CONDUIT     0.028     0  00:09      1.22    1.00    0.85
  6                    CONDUIT    0.0406     0  00:03      1.54    0.61    0.78
  7                    CONDUIT      0.43     0  00:03      2.19    0.66    1.00
  Brunn_Teich_L        CONDUIT     0.426     0  00:03      1.73    0.32    0.70
  9                    CONDUIT    0.0064     0  00:03      1.61    0.00    0.51
  12                   CONDUIT      10.9     0  00:00      6.08    0.22    1.00
  15                   CONDUIT      12.9     0  00:00      6.16    0.33    1.00
  18                   CONDUIT        12     0  00:00      5.99    0.48    1.00
  19                   CONDUIT      1.12     0  00:01      1.45    1.07    1.00
  20                   CONDUIT      1.74     0  00:06      5.81    0.14    0.69
  21                   CONDUIT      10.8     0  00:02      1.09    0.07    0.89
  Hooliloch_L          CONDUIT      10.7     0  00:03      1.63    0.21    0.72
  23                   CONDUIT     0.157     0  00:09      3.36    0.98    0.63
  25                   CONDUIT      0.76     0  00:04      2.63    0.62    1.00
  28                   CONDUIT     0.158     0  00:08      2.30    0.00    0.05
  29                   CONDUIT     0.164     0  00:08      1.06    0.01    0.06
  31                   CONDUIT     0.428     0  00:06      0.67    0.26    0.89
  33                   CONDUIT     0.898     0  00:02      0.85    0.34    1.00
  37                   CONDUIT     0.631     0  00:08      0.90    0.01    0.16
  SS3_L                CONDUIT     0.157     0  00:09      3.15    0.00    0.05
  40                   CONDUIT      1.78     0  00:08      2.46    0.01    0.13
  SS6_L                CONDUIT    0.0885     0  00:02      3.00    0.00    0.05
  1                    CONDUIT         0     0  00:00      0.00    0.00    0.02
  2                    CONDUIT         0     0  00:00      0.00    0.00    0.00
  3                    CONDUIT     0.147     0  00:08      4.54    0.01    0.13
  10                   CONDUIT     0.658     0  00:08      1.06    0.00    0.14
  13                   CONDUIT     0.471     0  00:00      5.10    1.02    1.00
  22                   CONDUIT     0.343     0  00:00      3.56    0.85    1.00
  24                   CONDUIT      2.49     0  00:01      3.57    0.00    1.00
  30                   CONDUIT      1.93     0  00:02      2.68    0.81    1.00
  34                   CONDUIT     0.597     0  00:03      2.70    0.67    0.88
  36                   CONDUIT     0.595     0  00:03      5.86    0.64    0.44
  38                   CONDUIT     0.442     0  00:05      2.80    0.17    1.00
  48                   CONDUIT     0.974     0  00:04      2.53    0.65    0.85
  54                   CONDUIT      1.11     0  00:08      0.93    0.21    0.64
  68                   CONDUIT     0.477     0  00:03     10.04    0.00    0.09
  73                   CONDUIT         0     0  00:00      0.00    0.00    0.03
  TWT1                 CONDUIT         0     0  00:00      0.00    0.00    0.00
  TWT2                 CONDUIT         0     0  00:00      0.00    0.00    0.00
  TWT3                 CONDUIT         0     0  00:00      0.00    0.00    0.00
  TWT4                 CONDUIT         0     0  00:00      0.00    0.00    0.06
  1_2_b_               CONDUIT         0     0  00:00      0.00    0.00    0.00
  1_2_b_1              CONDUIT      2.58     0  00:03     16.66    9.91    1.00
  1_2_b_2              CONDUIT     0.118     0  00:03      1.04    0.04    0.57
  1_2_b_3              CONDUIT      1.13     0  00:01      6.01    0.85    1.00
  1_2_b_6              CONDUIT    0.0781     0  00:02      0.72    0.02    0.55
  TWT5                 CONDUIT      5.85     0  00:06      3.89    0.01    0.13
  1_4_a                CONDUIT       5.3     0  00:09      3.54    0.08    0.27
  TWT6                 CONDUIT      2.91     0  00:05      1.11    0.01    0.13
  1_4_b                CONDUIT         0     0  00:00      0.00    0.00    0.22
  TWT7                 CONDUIT         0     0  00:00      0.00    0.00    0.05
  1_5_a                CONDUIT         0     0  00:00      0.00    0.00    0.03
  
  
  ***************************
  Flow Classification Summary
  ***************************
  
  -------------------------------------------------------------------------------------
                      Adjusted    ---------- Fraction of Time in Flow Class ---------- 
                       /Actual         Up    Down  Sub   Sup   Up    Down  Norm  Inlet 
  Conduit               Length    Dry  Dry   Dry   Crit  Crit  Crit  Crit  Ltd   Ctrl  
  -------------------------------------------------------------------------------------
  Brunn_Fassung_L         1.00   0.00  0.00  0.00  0.00  1.00  0.00  0.00  0.00  0.00
  11                      1.00   0.00  0.00  0.00  1.00  0.00  0.00  0.00  0.00  0.00
  14                      1.00   0.00  0.00  0.00  1.00  0.00  0.00  0.00  0.00  0.00
  16                      1.00   0.00  0.00  0.00  1.00  0.00  0.00  0.00  0.00  0.00
  17                      1.00   0.00  0.00  0.00  1.00  0.00  0.00  0.00  0.00  0.00
  26                      1.00   0.00  0.00  0.00  1.00  0.00  0.00  0.00  0.00  0.00
  27                      1.00   0.00  0.00  0.00  1.00  0.00  0.00  0.00  0.00  0.00
  Gischeren_L             1.00   0.00  0.00  0.00  0.99  0.00  0.00  0.00  0.00  0.00
  Schuettstein_L          1.00   0.00  0.00  0.00  0.00  1.00  0.00  0.00  0.00  0.00
  Brunnmuehle_L           1.00   0.00  0.00  0.00  1.00  0.00  0.00  0.00  0.00  0.00
  32                      1.00   1.00  0.00  0.00  0.00  0.00  0.00  0.00  0.00  0.00
  35                      1.00   0.00  0.00  0.00  1.00  0.00  0.00  0.00  0.00  0.00
  45                      1.00   0.00  0.00  0.00  0.00  1.00  0.00  0.00  1.00  0.00
  46                      1.00   0.00  0.00  0.00  1.00  0.00  0.00  0.00  0.00  0.00
  47                      1.00   0.00  0.00  0.00  1.00  0.00  0.00  0.00  0.00  0.00
  50                      1.00   0.00  0.00  0.00  1.00  0.00  0.00  0.00  0.00  0.00
  51                      1.00   0.00  0.00  0.00  1.00  0.00  0.00  0.00  0.00  0.00
  53                      1.00   0.00  0.00  0.00  1.00  0.00  0.00  0.00  0.00  0.00
  Fenster_L               1.00   0.00  0.00  0.00  0.00  1.00  0.00  0.00  0.00  0.00
  58                      1.00   0.00  0.00  0.00  0.00  1.00  0.00  0.00  0.00  0.00
  59                      1.00   0.00  0.00  0.00  0.00  1.00  0.00  0.00  0.99  0.00
  61                      1.00   0.00  0.00  0.00  1.00  0.00  0.00  0.00  0.00  0.00
  63                      1.00   0.00  0.00  0.00  1.00  0.00  0.00  0.00  0.00  0.00
  66                      1.00   0.00  0.00  0.00  1.00  0.00  0.00  0.00  0.00  0.00
  67                      1.00   0.00  0.00  0.00  1.00  0.00  0.00  0.00  0.00  0.00
  Amont_L                 1.00   0.00  0.00  0.00  1.00  0.00  0.00  0.00  0.00  0.00
  69                      1.00   0.00  0.00  0.00  1.00  0.00  0.00  0.00  0.00  0.00
  70                      1.00   0.00  0.00  0.00  1.00  0.00  0.00  0.00  0.00  0.00
  71                      1.00   0.00  0.00  0.00  1.00  0.00  0.00  0.00  0.00  0.00
  72                      1.00   0.00  0.00  0.00  1.00  0.00  0.00  0.00  0.00  0.00
  Sauser_L                1.00   0.00  0.00  0.00  1.00  0.00  0.00  0.00  0.00  0.00
  75                      1.00   0.00  0.00  0.00  0.00  1.00  0.00  0.00  0.00  0.00
  Entw_Sto_L              1.00   0.00  0.00  0.00  0.00  1.00  0.00  0.00  0.00  0.00
  4                       1.00   0.00  0.00  0.00  1.00  0.00  0.00  0.00  0.00  0.00
  5                       1.00   0.00  0.00  0.00  1.00  0.00  0.00  0.00  0.00  0.00
  6                       1.00   0.00  0.00  0.00  0.00  1.00  0.00  0.00  0.00  0.00
  7                       1.00   0.00  0.00  0.00  1.00  0.00  0.00  0.00  0.00  0.00
  Brunn_Teich_L           1.00   0.00  0.00  0.00  1.00  0.00  0.00  0.00  0.00  0.00
  9                       1.00   0.00  0.00  0.00  0.00  1.00  0.00  0.00  0.00  0.00
  12                      1.00   0.00  0.00  0.00  1.00  0.00  0.00  0.00  0.00  0.00
  15                      1.00   0.00  0.00  0.00  1.00  0.00  0.00  0.00  0.00  0.00
  18                      1.00   0.00  0.00  0.00  1.00  0.00  0.00  0.00  0.00  0.00
  19                      1.00   0.00  0.00  0.00  1.00  0.00  0.00  0.00  0.00  0.00
  20                      1.00   0.00  0.00  0.00  0.99  0.01  0.00  0.00  0.00  0.00
  21                      1.00   0.00  0.00  0.00  1.00  0.00  0.00  0.00  0.00  0.00
  Hooliloch_L             1.00   0.00  0.00  0.00  1.00  0.00  0.00  0.00  0.00  0.00
  23                      1.00   0.00  0.00  0.00  0.00  1.00  0.00  0.00  0.00  0.00
  25                      1.00   0.00  0.00  0.00  1.00  0.00  0.00  0.00  0.00  0.00
  28                      1.00   0.00  0.00  0.00  0.00  1.00  0.00  0.00  1.00  0.00
  29                      1.00   0.00  0.00  0.00  1.00  0.00  0.00  0.00  0.00  0.00
  31                      1.00   0.00  0.00  0.00  1.00  0.00  0.00  0.00  0.00  0.00
  33                      1.00   0.00  0.00  0.00  1.00  0.00  0.00  0.00  0.00  0.00
  37                      1.00   0.00  0.00  0.00  1.00  0.00  0.00  0.00  0.00  0.00
  SS3_L                   1.00   0.00  0.00  0.00  0.00  1.00  0.00  0.00  1.00  0.00
  40                      1.00   0.00  0.00  0.00  1.00  0.00  0.00  0.00  0.00  0.00
  SS6_L                   1.00   0.00  0.00  0.00  0.00  1.00  0.00  0.00  1.00  0.00
  1                       1.00   0.00  1.00  0.00  0.00  0.00  0.00  0.00  0.00  0.00
  2                       1.00   1.00  0.00  0.00  0.00  0.00  0.00  0.00  0.00  0.00
  3                       1.00   0.00  0.00  0.00  0.00  1.00  0.00  0.00  1.00  0.00
  10                      1.00   0.00  0.00  0.00  1.00  0.00  0.00  0.00  0.00  0.00
  13                      1.00   0.00  0.00  0.00  1.00  0.00  0.00  0.00  0.00  0.00
  22                      1.00   0.00  0.00  0.00  1.00  0.00  0.00  0.00  0.00  0.00
  24                      1.00   0.00  0.00  0.00  1.00  0.00  0.00  0.00  0.00  0.00
  30                      1.00   0.00  0.00  0.00  1.00  0.00  0.00  0.00  0.00  0.00
  34                      1.00   0.00  0.00  0.00  0.00  1.00  0.00  0.00  0.00  0.00
  36                      1.00   0.00  0.00  0.00  0.00  1.00  0.00  0.00  0.00  0.00
  38                      1.00   0.00  0.00  0.00  1.00  0.00  0.00  0.00  0.00  0.00
  48                      1.00   0.00  0.00  0.00  1.00  0.00  0.00  0.00  0.00  0.00
  54                      1.00   0.00  0.01  0.00  0.99  0.00  0.00  0.00  0.00  0.00
  68                      1.00   0.00  0.00  0.00  0.00  1.00  0.00  0.00  1.00  0.00
  73                      1.00   0.00  1.00  0.00  0.00  0.00  0.00  0.00  0.00  0.00
  TWT1                    1.00   1.00  0.00  0.00  0.00  0.00  0.00  0.00  0.00  0.00
  TWT2                    1.00   1.00  0.00  0.00  0.00  0.00  0.00  0.00  0.00  0.00
  TWT3                    1.00   1.00  0.00  0.00  0.00  0.00  0.00  0.00  0.00  0.00
  TWT4                    1.00   0.00  1.00  0.00  0.00  0.00  0.00  0.00  0.00  0.00
  1_2_b_                  1.00   1.00  0.00  0.00  0.00  0.00  0.00  0.00  0.00  0.00
  1_2_b_1                 1.00   0.00  0.00  0.00  1.00  0.00  0.00  0.00  0.00  0.00
  1_2_b_2                 1.00   0.00  0.00  0.00  1.00  0.00  0.00  0.00  1.00  0.00
  1_2_b_3                 1.00   0.00  0.00  0.00  1.00  0.00  0.00  0.00  0.00  0.00
  1_2_b_6                 1.00   0.00  0.00  0.00  1.00  0.00  0.00  0.00  1.00  0.00
  TWT5                    1.00   0.00  0.00  0.00  1.00  0.00  0.00  0.00  0.00  0.00
  1_4_a                   1.00   0.00  0.00  0.00  0.01  0.99  0.00  0.00  0.00  0.00
  TWT6                    1.00   0.00  0.00  0.00  1.00  0.00  0.00  0.00  0.00  0.00
  1_4_b                   1.00   0.00  1.00  0.00  0.00  0.00  0.00  0.00  0.00  0.00
  TWT7                    1.00   0.00  1.00  0.00  0.00  0.00  0.00  0.00  0.00  0.00
  1_5_a                   1.00   0.00  1.00  0.00  0.00  0.00  0.00  0.00  0.00  0.00
  
  
  *************************
  Conduit Surcharge Summary
  *************************
  
  ----------------------------------------------------------------------------
                                                           Hours        Hours 
                         --------- Hours Full --------   Above Full   Capacity
  Conduit                Both Ends  Upstream  Dnstream   Normal Flow   Limited
  ----------------------------------------------------------------------------
  Brunn_Fassung_L             0.01      0.01     24.00      0.01         0.01
  11                         23.99     23.99     23.99     23.99         0.01
  14                         23.99     23.99     23.99     23.99         0.01
  16                         24.00     24.00     24.00     23.99        23.99
  17                         24.00     24.00     24.00      0.01         0.01
  26                         23.99     24.00     23.99      0.01         0.01
  27                         23.86     23.86     23.94      0.01         0.01
  Gischeren_L                 0.01      0.01     23.88      0.01         0.01
  Schuettstein_L              0.01      0.01     23.99      0.01         0.01
  Brunnmuehle_L              24.00     24.00     24.00      0.01         0.01
  35                         23.90     23.90     23.95      0.01         0.01
  46                         24.00     24.00     24.00     23.98         0.01
  47                         24.00     24.00     24.00     24.00        24.00
  50                         23.99     23.99     23.99      0.01         0.01
  51                         23.98     23.98     24.00      0.01         0.01
  53                         24.00     24.00     24.00     23.99         0.01
  61                         23.99     23.99     23.99      0.01         0.01
  63                          0.01     23.97      0.01      0.01         0.01
  66                         23.94     23.98     23.94     23.97        23.94
  67                         23.99     23.99     24.00      0.01         0.01
  Amont_L                    24.00     24.00     24.00      0.01         0.01
  69                         23.95     23.95     24.00      0.02         0.01
  70                         23.95     23.95     24.00      0.01         0.01
  71                         23.98     23.98     23.99      0.01         0.01
  72                         23.87     23.98     23.87      0.11         0.01
  Sauser_L                    0.01      0.01     24.00      0.01         0.01
  75                          0.01     23.98      0.01     23.87         0.01
  4                           0.01     23.98      0.01     23.88         0.01
  5                           0.01      0.01     24.00      0.01         0.01
  6                           0.01      0.01     24.00      0.01         0.01
  7                          23.99     23.99     24.00      0.01         0.01
  Brunn_Teich_L               0.01      0.01     23.99      0.01         0.01
  9                           0.01      0.01     23.99      0.01         0.01
  12                         23.98     23.98     23.98      0.01         0.01
  15                         23.99     23.99     23.99      0.01         0.01
  18                         23.98     23.98     23.99      0.01         0.01
  19                         23.97     23.97     23.99      0.01         0.01
  21                          0.01      0.01     23.97      0.01         0.01
  23                          0.01     23.94      0.01      0.01         0.01
  25                         23.92     23.92     23.99      0.01         0.01
  31                          0.01      0.01     23.89      0.01         0.01
  33                         23.96     23.96     23.96      0.01         0.01
  13                         23.99     23.99     24.00      0.01         0.01
  22                         23.99     23.99     24.00      0.01         0.01
  24                         23.98     23.98     23.99      0.01         0.01
  30                         23.98     23.98     23.99      0.01         0.01
  34                          0.01      0.01     23.99      0.01         0.01
  38                         23.93     23.93     23.95      0.01         0.01
  48                          0.01      0.01     23.89      0.01         0.01
  54                          0.01      0.01     23.85      0.01         0.01
  1_2_b_1                    23.96     24.00     23.96     24.00        23.96
  1_2_b_2                     0.01      0.01     23.96      0.01         0.01
  1_2_b_3                    23.96     23.96     24.00      0.01         0.01
  1_2_b_6                     0.01      0.01     23.96      0.01         0.01
  

  Analysis begun on:  Fri Aug 14 16:10:56 2026
  Analysis ended on:  Fri Aug 14 16:10:59 2026
  Total elapsed time: 00:00:03