
  EPA STORM WATER MANAGEMENT MODEL - VERSION 5.2 (Build 5.2.4)
  ------------------------------------------------------------

  Brunnmuehle (Twann) 
  WARNING 08: elevation drop exceeds length for Conduit SS3_L
  WARNING 08: elevation drop exceeds length for Conduit SS6_L
  WARNING 08: elevation drop exceeds length for Conduit 2
  WARNING 08: elevation drop exceeds length for Conduit 3
  WARNING 08: elevation drop exceeds length for Conduit 68
  WARNING 08: elevation drop exceeds length for Conduit 1_1_a_2
  WARNING 08: elevation drop exceeds length for Conduit 1_2_b_
  WARNING 08: elevation drop exceeds length for Conduit 1_2_b_2
  WARNING 08: elevation drop exceeds length for Conduit 1_2_b_3
  WARNING 08: elevation drop exceeds length for Conduit 1_2_b_6
  WARNING 08: elevation drop exceeds length for Conduit 1_4_b
  WARNING 08: elevation drop exceeds length for Conduit 1_5_a
  WARNING 04: minimum elevation drop used for Conduit 1_7_a
  WARNING 08: elevation drop exceeds length for Conduit 1_7_a_
  WARNING 08: elevation drop exceeds length for Conduit 1_7_a__
  WARNING 02: maximum depth increased for Node 2
  
  ****************
  Analysis Options
  ****************
  Flow Units ............... CMS
  Process Models:
    Rainfall/Runoff ........ NO
    RDII ................... NO
    Snowmelt ............... NO
    Groundwater ............ NO
    Flow Routing ........... YES
    Ponding Allowed ........ NO
    Water Quality .......... NO
  Flow Routing Method ...... DYNWAVE
  Surcharge Method ......... EXTRAN
  Starting Date ............ 01/01/2000 00:00:00
  Ending Date .............. 01/02/2000 00:00:00
  Antecedent Dry Days ...... 0.0
  Report Time Step ......... 01:00:00
  Routing Time Step ........ 0.50 sec
  Variable Time Step ....... YES
  Maximum Trials ........... 8
  Number of Threads ........ 1
  Head Tolerance ........... 0.001500 m
  
  
  **************************        Volume        Volume
  Flow Routing Continuity        hectare-m      10^6 ltr
  **************************     ---------     ---------
  Dry Weather Inflow .......         0.000         0.000
  Wet Weather Inflow .......         0.000         0.000
  Groundwater Inflow .......         0.000         0.000
  RDII Inflow ..............         0.000         0.000
  External Inflow ..........       207.725      2077.271
  External Outflow .........       197.909      1979.115
  Flooding Loss ............         0.000         0.000
  Evaporation Loss .........         0.000         0.000
  Exfiltration Loss ........         0.000         0.000
  Initial Stored Volume ....         0.057         0.569
  Final Stored Volume ......         0.604         6.043
  Continuity Error (%) .....         4.461
  
  
  *************************
  Highest Continuity Errors
  *************************
  Node TWT_Intersection_Sonsto_60+345 (-1880.10%)
  Node SonSto_F_sup (-235.93%)
  Node SondeSchuettstein (86.88%)
  Node TWT_Acces_LT_60+110 (81.68%)
  Node 2 (70.82%)
  
  
  ***************************
  Time-Step Critical Elements
  ***************************
  Link 1_4_a (20601.07%)
  Link 1_8_a (14.68%)
  
  
  ********************************
  Highest Flow Instability Indexes
  ********************************
  All links are stable.
  
  
  *********************************
  Most Frequent Nonconverging Nodes
  *********************************
  Node Brunnm_Fassung (43.44%)
  Node Brunnmuehle(Teich) (43.44%)
  Node Fensterstollen (43.44%)
  Node Gischeren (43.44%)
  Node Schuettstein (43.44%)
  
  
  *************************
  Routing Time Step Summary
  *************************
  Minimum Time Step           :     0.50 sec
  Average Time Step           :     0.50 sec
  Maximum Time Step           :     0.50 sec
  % of Time in Steady State   :    99.52
  Average Iterations per Step :     5.63
  % of Steps Not Converging   :    43.44
  Time Step Frequencies       :
      0.500 -  0.500 sec      :   100.00 %
      0.500 -  0.500 sec      :     0.00 %
      0.500 -  0.500 sec      :     0.00 %
      0.500 -  0.500 sec      :     0.00 %
      0.500 -  0.500 sec      :     0.00 %
  
  
  ******************
  Node Depth Summary
  ******************
  
  ---------------------------------------------------------------------------------
                                 Average  Maximum  Maximum  Time of Max    Reported
                                   Depth    Depth      HGL   Occurrence   Max Depth
  Node                 Type       Meters   Meters   Meters  days hr:min      Meters
  ---------------------------------------------------------------------------------
  9                    JUNCTION    30.33    40.35   478.85     0  00:00       30.35
  Holiloch_sonde       JUNCTION    28.83    34.81   474.81     0  00:00       28.85
  11                   JUNCTION    39.40    41.58   451.58     0  00:00       39.40
  13                   JUNCTION    30.83    31.14   469.14     0  00:00       30.84
  21                   JUNCTION    38.37    38.38   438.38     0  00:06       38.38
  SonSto_F             JUNCTION     0.71     0.71   438.51     0  00:06        0.71
  Sondierstollen       JUNCTION     0.00     0.00   440.80     0  00:00        0.00
  Aval_Trappe          JUNCTION     0.90     0.90   438.50     0  00:06        0.90
  30                   JUNCTION     0.97     0.98   438.28     0  00:06        0.98
  Gischeren_node       JUNCTION     0.00     0.00   476.50     0  00:00        0.00
  34                   JUNCTION    17.66    18.01   438.01     0  00:00       17.67
  38                   JUNCTION    20.41    20.42   440.42     0  00:06       20.42
  SS6                  JUNCTION     0.03     0.03   448.03     0  00:06        0.03
  40                   JUNCTION    20.09    20.19   439.19     0  00:02       20.09
  41                   JUNCTION    31.33    45.56   483.06     0  00:00       31.34
  SondeSchuettstein    JUNCTION     9.83    13.90   472.90     0  00:01        9.84
  SS4                  JUNCTION     0.04     0.04   448.04     0  00:06        0.04
  47                   JUNCTION     3.94     4.75   469.65     0  00:01        3.95
  48                   JUNCTION     0.00     0.04   471.04     0  00:01        0.00
  SondeGischeren       JUNCTION     0.00     0.00   465.00     0  00:00        0.00
  49                   JUNCTION     2.80     2.80   468.80     0  00:06        2.80
  50                   JUNCTION     0.00     0.00   463.00     0  00:00        0.00
  51                   JUNCTION    49.87    52.12   472.12     0  00:00       49.88
  Amont_C              JUNCTION    54.95   141.12   559.12     0  00:00       54.96
  52                   JUNCTION     0.18     0.18   457.18     0  00:06        0.18
  53                   JUNCTION     1.48     1.49   468.49     0  00:06        1.49
  54                   JUNCTION     0.10     0.10   463.10     0  00:06        0.10
  56                   JUNCTION     6.11     6.28   436.28     0  00:00        6.11
  2                    JUNCTION     0.74     0.75   438.75     0  00:06        0.75
  4                    JUNCTION     8.32     9.27   437.27     0  00:00        8.33
  5                    JUNCTION     0.00     0.00   472.50     0  00:00        0.00
  6                    JUNCTION    10.84    11.55   469.55     0  00:01       10.85
  7                    JUNCTION     0.00     0.00   475.00     0  00:00        0.00
  SS3                  JUNCTION     0.00     0.00   448.00     0  00:00        0.00
  SS5                  JUNCTION     0.28     0.28   439.18     0  00:06        0.28
  8                    JUNCTION     0.00     0.00   474.00     0  00:00        0.00
  10                   JUNCTION     0.77     0.78   468.78     0  00:06        0.78
  SonSto_SS5           JUNCTION     0.00     0.00   439.30     0  00:06        0.00
  SonSto_SS3           JUNCTION     0.00     0.00   439.70     0  00:00        0.00
  SonSto_SS4           JUNCTION     0.02     0.02   439.42     0  00:06        0.02
  Amont_Trappe         JUNCTION     0.81     0.81   438.51     0  00:06        0.81
  SonSto_SS6           JUNCTION     0.03     0.03   438.73     0  00:06        0.03
  SS2                  JUNCTION     0.00     0.00   448.00     0  00:00        0.00
  SonSto_SS2           JUNCTION     0.00     0.00   441.50     0  00:00        0.00
  12                   JUNCTION     6.51     6.52   455.52     0  00:06        6.52
  14                   JUNCTION     0.88     0.88   465.88     0  00:06        0.88
  15                   JUNCTION     0.00     0.00   472.00     0  00:00        0.00
  TWT_PointHaut_60+650 JUNCTION     0.31     0.32   438.82     0  00:04        0.31
  TWT_Fensterstollen_60+375 JUNCTION     1.30     1.30   438.60     0  00:06        1.30
  TWT_Acces_LT_60+110  JUNCTION     1.25     1.25   438.75     0  00:06        1.25
  TWT_Liaison_LT_59+738 JUNCTION     0.00     0.00   446.50     0  00:00        0.00
  Syst_Est_amont       JUNCTION    13.96   100.00   530.00     0  00:06       14.02
  Syst_Est_interm      JUNCTION    22.13    27.59   437.59     0  00:05       22.22
  TWT_Branche_Est_Sonsto_60+540 JUNCTION     0.60     0.72   439.12     0  00:02        0.60
  TWT_Intersection_Sonsto_60+345 JUNCTION     1.45     1.67   438.67     0  00:06        1.45
  TWT_Chrosweg_61+140  JUNCTION     0.22     0.22   432.22     0  00:06        0.22
  SonSto_F_sup         JUNCTION     0.00     0.00   448.00     0  00:00        0.00
  SonSto_porte         JUNCTION     0.04     0.16   438.66     0  00:06        0.04
  Brunnm_Fassung       OUTFALL      0.09     0.09   433.89     0  00:06        0.09
  Brunnmuehle(Teich)   OUTFALL      0.19     0.19   435.69     0  00:06        0.19
  Fensterstollen       OUTFALL      0.88     0.88   437.88     0  00:06        0.88
  Gischeren            OUTFALL      0.00     0.00   480.00     0  00:00        0.00
  Schuettstein         OUTFALL      0.00     0.00   477.55     0  00:00        0.00
  Holiloch             OUTFALL      0.00     0.00   476.50     0  00:00        0.00
  Sauserquelle         OUTFALL      0.24     0.24   435.79     0  00:02        0.24
  Entw_Stollen         OUTFALL      0.18     0.18   436.68     0  00:05        0.18
  Sous_lacustre        OUTFALL      0.10     0.10   429.30     0  00:06        0.10
  Sous_ecoul.          OUTFALL      0.00     0.00   433.00     0  00:00        0.00
  Syst_Est_aval        OUTFALL      0.56     0.56   429.56     0  00:06        0.56
  TWT_Portail_Est_61+665 OUTFALL      0.22     0.22   421.82     0  00:06        0.22
  
  
  *******************
  Node Inflow Summary
  *******************
  
  -------------------------------------------------------------------------------------------------
                                  Maximum  Maximum                  Lateral       Total        Flow
                                  Lateral    Total  Time of Max      Inflow      Inflow     Balance
                                   Inflow   Inflow   Occurrence      Volume      Volume       Error
  Node                 Type           CMS      CMS  days hr:min    10^6 ltr    10^6 ltr     Percent
  -------------------------------------------------------------------------------------------------
  9                    JUNCTION         0     10.5     0  00:00           0           6       1.697
  Holiloch_sonde       JUNCTION         0     8.96     0  00:00           0         5.9       0.894
  11                   JUNCTION         0    0.208     0  00:00           0        17.6       0.001
  13                   JUNCTION         0       23     0  00:00           0    1.88e+03       0.010
  21                   JUNCTION         0    0.311     0  00:06           0        26.8       0.004
  SonSto_F             JUNCTION         0     1.03     0  00:02           0        5.59      14.652
  Sondierstollen       JUNCTION         0        0     0  00:00           0           0       0.000 ltr
  Aval_Trappe          JUNCTION         0     10.5     0  00:05           0         874       0.138
  30                   JUNCTION         0     20.4     0  00:06           0    1.76e+03       7.046
  Gischeren_node       JUNCTION         0        0     0  00:00           0           0       0.000 ltr
  34                   JUNCTION         0     0.28     0  00:06           0        24.2       0.003
  38                   JUNCTION         0    0.203     0  00:00           0        16.1       0.001
  SS6                  JUNCTION         0   0.0585     0  00:06           0        5.05       0.086
  40                   JUNCTION         0     2.59     0  00:01           0         164      -0.008
  41                   JUNCTION         0     3.41     0  00:00           0      0.0273      79.939
  SondeSchuettstein    JUNCTION         0    0.349     0  00:01           0      0.0122     662.032
  SS4                  JUNCTION         0   0.0244     0  00:06           0         2.1       0.243
  47                   JUNCTION         0     1.96     0  00:01           0      0.0343      16.800
  48                   JUNCTION         0    0.199     0  00:01           0    0.000171      10.213
  SondeGischeren       JUNCTION         0        0     0  00:00           0           0       0.000 ltr
  49                   JUNCTION         0    0.308     0  00:01           0        5.72       9.997
  50                   JUNCTION         0        0     0  00:00           0           0       0.000 ltr
  51                   JUNCTION         0     40.1     0  00:00           0    1.98e+03      -0.002
  Amont_C              JUNCTION      22.9     46.8     0  00:00    1.98e+03    1.98e+03       0.013
  52                   JUNCTION         0    0.129     0  00:06           0        11.1       3.683
  53                   JUNCTION         0   0.0487     0  00:03           0        3.38       4.477
  54                   JUNCTION         0   0.0376     0  00:06           0        3.24       3.382
  56                   JUNCTION         0     0.51     0  00:02           0        43.5      -0.002
  2                    JUNCTION         0     1.22     0  00:05           0          46     242.742
  4                    JUNCTION         0    0.255     0  00:06           0          22       0.027
  5                    JUNCTION         0        0     0  00:00           0           0       0.000 ltr
  6                    JUNCTION         0     5.16     0  00:00           0        5.88       2.067
  7                    JUNCTION         0        0     0  00:00           0           0       0.000 ltr
  SS3                  JUNCTION         0        0     0  00:00           0           0       0.000 ltr
  SS5                  JUNCTION         0   0.0234     0  00:06           0        2.02      13.936
  8                    JUNCTION         0        0     0  00:00           0           0       0.000 ltr
  10                   JUNCTION         0    0.062     0  00:03           0         5.2       3.125
  SonSto_SS5           JUNCTION         0  0.00117     0  00:06           0       0.101       0.607
  SonSto_SS3           JUNCTION         0        0     0  00:00           0           0       0.000 ltr
  SonSto_SS4           JUNCTION         0   0.0243     0  00:06           0         2.1       0.288
  Amont_Trappe         JUNCTION         0     1.14     0  00:02           0        3.57       6.702
  SonSto_SS6           JUNCTION         0   0.0268     0  00:06           0        2.31       1.940
  SS2                  JUNCTION         0        0     0  00:00           0           0       0.000 ltr
  SonSto_SS2           JUNCTION         0        0     0  00:00           0           0       0.000 ltr
  12                   JUNCTION         0    0.267     0  00:01           0          21       0.015
  14                   JUNCTION         0    0.503     0  00:06           0        43.4       0.206
  15                   JUNCTION         0   0.0617     0  00:00           0    3.13e-05     -98.354
  TWT_PointHaut_60+650 JUNCTION         0      2.5     0  00:02           0         189      -3.802
  TWT_Fensterstollen_60+375 JUNCTION         0     23.6     0  00:06           0    1.83e+03       4.016
  TWT_Acces_LT_60+110  JUNCTION         0      7.4     0  00:04           0         238     445.886
  TWT_Liaison_LT_59+738 JUNCTION         0        0     0  00:00           0           0       0.000 ltr
  Syst_Est_amont       JUNCTION      1.15     1.15     0  00:00        98.9        98.9       0.130
  Syst_Est_interm      JUNCTION         0     1.99     0  00:05           0         135       0.308
  TWT_Branche_Est_Sonsto_60+540 JUNCTION         0     11.1     0  00:01           0         931       1.626
  TWT_Intersection_Sonsto_60+345 JUNCTION         0     12.3     0  00:05           0        18.9     -94.950
  TWT_Chrosweg_61+140  JUNCTION         0     3.47     0  00:05           0         196      21.208
  SonSto_F_sup         JUNCTION         0 7.91e-05     0  00:00           0    0.000777     -70.232
  SonSto_porte         JUNCTION         0    0.858     0  00:06           0        9.09     -44.684
  Brunnm_Fassung       OUTFALL          0   0.0253     0  00:06           0        2.19       0.000
  Brunnmuehle(Teich)   OUTFALL          0    0.249     0  00:06           0        21.5       0.000
  Fensterstollen       OUTFALL          0     19.1     0  00:06           0    1.64e+03       0.000
  Gischeren            OUTFALL          0        0     0  00:00           0           0       0.000 ltr
  Schuettstein         OUTFALL          0        0     0  00:00           0           0       0.000 ltr
  Holiloch             OUTFALL          0        0     0  00:00           0           0       0.000 ltr
  Sauserquelle         OUTFALL          0     0.51     0  00:02           0        43.5       0.000
  Entw_Stollen         OUTFALL          0   0.0507     0  00:06           0        4.37       0.000
  Sous_lacustre        OUTFALL          0   0.0307     0  00:06           0        2.65       0.000
  Sous_ecoul.          OUTFALL          0  0.00576     0  00:00           0        0.48       0.000
  Syst_Est_aval        OUTFALL          0     1.56     0  00:06           0         135       0.000
  TWT_Portail_Est_61+665 OUTFALL          0     1.46     0  00:06           0         126       0.000
  
  
  **********************
  Node Surcharge Summary
  **********************
  
  Surcharging occurs when water rises above the top of the highest conduit.
  ---------------------------------------------------------------------
                                               Max. Height   Min. Depth
                                   Hours       Above Crown    Below Rim
  Node                 Type      Surcharged         Meters       Meters
  ---------------------------------------------------------------------
  9                    JUNCTION       23.99         38.551       59.649
  Holiloch_sonde       JUNCTION       23.99         32.908      165.192
  11                   JUNCTION       24.00         41.121      108.419
  13                   JUNCTION       23.99         28.138      368.862
  21                   JUNCTION       24.00         37.777      111.623
  34                   JUNCTION       24.00         17.414       81.986
  38                   JUNCTION       24.00         19.821      129.579
  40                   JUNCTION       24.00         16.186       79.814
  41                   JUNCTION       23.99         44.705      204.445
  SondeSchuettstein    JUNCTION       23.98         13.099        0.000
  47                   JUNCTION       23.97          2.849       95.251
  51                   JUNCTION       24.00         48.120      347.880
  Amont_C              JUNCTION       24.00        138.118      258.882
  56                   JUNCTION       24.00          5.284       93.716
  4                    JUNCTION       23.99          8.621       90.729
  6                    JUNCTION       23.98          6.546      188.454
  12                   JUNCTION       23.98          6.173      193.477
  Syst_Est_amont       JUNCTION       23.89         99.000        0.000
  Syst_Est_interm      JUNCTION       23.90         26.091       72.409
  
  
  *********************
  Node Flooding Summary
  *********************
  
  Flooding refers to all water that overflows a node, whether it ponds or not.
  --------------------------------------------------------------------------
                                                             Total   Maximum
                                 Maximum   Time of Max       Flood    Ponded
                        Hours       Rate    Occurrence      Volume     Depth
  Node                 Flooded       CMS   days hr:min    10^6 ltr    Meters
  --------------------------------------------------------------------------
  Syst_Est_amont          0.01     0.543      0  00:06       0.000     0.000
  
  
  ***********************
  Outfall Loading Summary
  ***********************
  
  -----------------------------------------------------------
                         Flow       Avg       Max       Total
                         Freq      Flow      Flow      Volume
  Outfall Node           Pcnt       CMS       CMS    10^6 ltr
  -----------------------------------------------------------
  Brunnm_Fassung        99.95    0.0253    0.0253       2.188
  Brunnmuehle(Teich)    99.95     0.249     0.249      21.486
  Fensterstollen        99.98        19      19.1    1644.359
  Gischeren              0.00         0         0       0.000
  Schuettstein           0.00         0         0       0.000
  Holiloch               0.00         0         0       0.000
  Sauserquelle          99.98     0.504      0.51      43.498
  Entw_Stollen          99.83    0.0507    0.0507       4.370
  Sous_lacustre        100.00    0.0307    0.0307       2.653
  Sous_ecoul.           99.95   0.00556   0.00576       0.480
  Syst_Est_aval         99.59      1.56      1.56     134.562
  TWT_Portail_Est_61+665  99.96      1.45      1.46     125.511
  -----------------------------------------------------------
  System                74.93      22.9        23    1979.106
  
  
  ********************
  Link Flow Summary
  ********************
  
  -----------------------------------------------------------------------------
                                 Maximum  Time of Max   Maximum    Max/    Max/
                                  |Flow|   Occurrence   |Veloc|    Full    Full
  Link                 Type          CMS  days hr:min     m/sec    Flow   Depth
  -----------------------------------------------------------------------------
  Brunn_Fassung_L      CONDUIT    0.0253     0  00:06      1.15    0.42    0.73
  11                   CONDUIT      8.96     0  00:00      5.29    1.34    1.00
  14                   CONDUIT      10.5     0  00:00      7.15    5.71    1.00
  16                   CONDUIT     0.208     0  00:00      2.43    1.45    1.00
  17                   CONDUIT     0.206     0  00:00      0.73    0.35    1.00
  26                   CONDUIT      3.41     0  00:00      6.17    4.62    1.00
  27                   CONDUIT    0.0671     0  00:05      1.76    0.86    1.00
  Gischeren_L          CONDUIT         0     0  00:00      0.00    0.00    0.00
  Schuettstein_L       CONDUIT         0     0  00:00      0.00    0.00    0.04
  Brunnmuehle_L        CONDUIT      0.28     0  00:06      0.99    0.13    1.00
  32                   CONDUIT         0     0  00:00      0.00    0.00    0.00
  35                   CONDUIT         0     0  00:00      0.00    0.00    0.00
  45                   CONDUIT    0.0263     0  00:06      0.13    0.00    0.12
  46                   CONDUIT      0.51     0  00:02      1.80    0.51    1.00
  47                   CONDUIT    0.0895     0  00:00      2.35    5.58    1.00
  50                   CONDUIT     0.199     0  00:01      0.78    0.04    0.52
  51                   CONDUIT    0.0213     0  00:02      0.31    0.06    0.90
  53                   CONDUIT     0.203     0  00:00      1.22    1.03    1.00
  Fenster_L            CONDUIT      19.1     0  00:06     10.84    0.19    0.31
  58                   CONDUIT      10.6     0  00:05      7.68    0.14    0.31
  59                   CONDUIT    0.0008     0  00:06      0.12    0.00    0.01
  61                   CONDUIT     0.349     0  00:01      1.82    0.49    1.00
  63                   CONDUIT    0.0585     0  00:06      2.08    0.26    0.20
  66                   CONDUIT         0     0  00:00      0.00    0.00    0.00
  67                   CONDUIT        23     0  00:00      5.49    0.23    1.00
  Amont_L              CONDUIT      40.1     0  00:00      5.67    2.17    1.00
  69                   CONDUIT     0.129     0  00:06      1.32    0.50    0.72
  70                   CONDUIT     0.124     0  00:06      1.28    0.38    0.72
  71                   CONDUIT    0.0487     0  00:03      0.38    0.09    0.75
  72                   CONDUIT    0.0376     0  00:06      0.86    0.18    0.16
  Sauser_L             CONDUIT      0.51     0  00:02      0.99    0.13    0.62
  75                   CONDUIT    0.0244     0  00:06      2.23    0.25    0.27
  Entw_Sto_L           CONDUIT    0.0507     0  00:06      1.99    1.17    1.00
  4                    CONDUIT     0.012     0  00:06      0.89    0.54    0.76
  5                    CONDUIT    0.0188     0  00:04      0.79    0.67    1.00
  6                    CONDUIT    0.0307     0  00:06      1.24    0.46    0.74
  7                    CONDUIT     0.255     0  00:06      1.37    0.39    1.00
  Brunn_Teich_L        CONDUIT     0.249     0  00:06      1.10    0.19    0.65
  9                    CONDUIT   0.00576     0  00:00      1.45    0.00    0.50
  12                   CONDUIT         0     0  00:00      0.00    0.00    0.50
  15                   CONDUIT      5.16     0  00:00      3.26    0.13    1.00
  18                   CONDUIT      1.96     0  00:01      1.29    0.08    1.00
  19                   CONDUIT     0.308     0  00:01      0.70    0.29    0.78
  20                   CONDUIT     0.634     0  00:02      1.34    0.05    0.86
  21                   CONDUIT         0     0  00:00      0.00    0.00    0.00
  Hooliloch_L          CONDUIT         0     0  00:00      0.00    0.00    0.00
  23                   CONDUIT         0     0  00:00      0.00    0.00    0.00
  25                   CONDUIT         0     0  00:00      0.00    0.00    0.50
  28                   CONDUIT         0     0  00:00      0.00    0.00    0.00
  29                   CONDUIT   0.00117     0  00:06      0.23    0.00    0.00
  31                   CONDUIT         0     0  00:00      0.00    0.00    0.00
  33                   CONDUIT     0.062     0  00:03      0.28    0.02    0.22
  37                   CONDUIT  0.000363     0  00:06      0.00    0.00    0.05
  SS3_L                CONDUIT         0     0  00:00      0.00    0.00    0.00
  40                   CONDUIT      1.03     0  00:02      0.81    0.01    0.19
  SS6_L                CONDUIT     0.026     0  00:06      2.68    0.00    0.02
  1                    CONDUIT         0     0  00:00      0.00    0.00    0.00
  2                    CONDUIT         0     0  00:00      0.00    0.00    0.00
  3                    CONDUIT    0.0243     0  00:06      3.35    0.00    0.03
  10                   CONDUIT    0.0231     0  00:06      0.18    0.00    0.05
  13                   CONDUIT     0.267     0  00:01      2.99    0.58    1.00
  22                   CONDUIT     0.243     0  00:06      2.53    0.60    1.00
  24                   CONDUIT     0.503     0  00:06      1.14    0.00    0.61
  30                   CONDUIT     0.502     0  00:06      1.14    0.21    0.61
  34                   CONDUIT    0.0617     0  00:00      0.52    0.07    0.50
  36                   CONDUIT  7.91e-05     0  00:00      0.00    0.00    0.00
  38                   CONDUIT         0     0  00:00      0.00    0.00    0.00
  48                   CONDUIT      1.21     0  00:03      2.65    0.81    1.00
  54                   CONDUIT      1.56     0  00:06      1.21    0.30    0.69
  68                   CONDUIT  4.94e-05     0  00:00      0.03    0.00    0.12
  73                   CONDUIT     0.105     0  00:06      0.24    0.02    0.21
  TWT1                 CONDUIT      1.46     0  00:06      3.82    0.00    0.03
  1_1_a_2              CONDUIT      1.18     0  00:05      2.39    0.13    0.61
  TWT2                 CONDUIT       2.3     0  00:06      4.85    0.00    0.03
  TWT3                 CONDUIT       2.5     0  00:02      2.28    0.01    0.06
  TWT4                 CONDUIT      8.48     0  00:02      2.88    0.01    0.12
  1_2_b_               CONDUIT         0     0  00:00      0.00    0.00    0.12
  1_2_b_1              CONDUIT      10.9     0  00:06     18.94    6.59    1.00
  1_2_b_2              CONDUIT  5.33e-06     0  00:00      0.00    0.00    0.50
  1_2_b_3              CONDUIT      2.06     0  00:01      2.74    0.24    1.00
  1_2_b_6              CONDUIT    0.0325     0  00:06      0.08    0.00    0.51
  TWT5                 CONDUIT      12.3     0  00:05      5.16    0.02    0.17
  1_4_a                CONDUIT      10.3     0  00:05      5.11    0.16    0.37
  TWT6                 CONDUIT       7.4     0  00:04      1.74    0.02    0.18
  1_4_b                CONDUIT      3.52     0  00:06      1.99    0.00    0.30
  TWT7                 CONDUIT         0     0  00:00      0.00    0.00    0.08
  1_5_a                CONDUIT         0     0  00:00      0.00    0.00    0.19
  1_7_a                CONDUIT      10.3     0  00:06      3.43    2.34    0.23
  1_7_a_               CONDUIT  2.52e-05     0  00:00      0.00    0.00    0.36
  1_7_a__              CONDUIT      2.07     0  00:01      3.02    0.05    0.86
  1_7_a_1              CONDUIT      11.1     0  00:01     16.03    8.91    0.86
  1_8_a                CONDUIT      1.19     0  00:05      4.25    0.00    0.20
  
  
  ***************************
  Flow Classification Summary
  ***************************
  
  -------------------------------------------------------------------------------------
                      Adjusted    ---------- Fraction of Time in Flow Class ---------- 
                       /Actual         Up    Down  Sub   Sup   Up    Down  Norm  Inlet 
  Conduit               Length    Dry  Dry   Dry   Crit  Crit  Crit  Crit  Ltd   Ctrl  
  -------------------------------------------------------------------------------------
  Brunn_Fassung_L         1.00   0.00  0.00  0.00  0.00  1.00  0.00  0.00  0.00  0.00
  11                      1.00   0.00  0.00  0.00  1.00  0.00  0.00  0.00  0.00  0.00
  14                      1.00   0.00  0.00  0.00  1.00  0.00  0.00  0.00  0.00  0.00
  16                      1.00   0.00  0.00  0.00  1.00  0.00  0.00  0.00  0.00  0.00
  17                      1.00   0.00  0.00  0.00  1.00  0.00  0.00  0.00  0.00  0.00
  26                      1.00   0.00  0.00  0.00  1.00  0.00  0.00  0.00  0.00  0.00
  27                      1.00   0.00  0.00  0.00  1.00  0.00  0.00  0.00  0.00  0.00
  Gischeren_L             1.00   1.00  0.00  0.00  0.00  0.00  0.00  0.00  0.00  0.00
  Schuettstein_L          1.00   1.00  0.00  0.00  0.00  0.00  0.00  0.00  0.00  0.00
  Brunnmuehle_L           1.00   0.00  0.00  0.00  1.00  0.00  0.00  0.00  0.00  0.00
  32                      1.00   1.00  0.00  0.00  0.00  0.00  0.00  0.00  0.00  0.00
  35                      1.00   1.00  0.00  0.00  0.00  0.00  0.00  0.00  0.00  0.00
  45                      1.00   0.00  0.00  0.00  1.00  0.00  0.00  0.00  1.00  0.00
  46                      1.00   0.00  0.00  0.00  1.00  0.00  0.00  0.00  0.00  0.00
  47                      1.00   0.00  0.00  0.00  1.00  0.00  0.00  0.00  0.00  0.00
  50                      1.00   0.00  1.00  0.00  0.00  0.00  0.00  0.00  1.00  0.00
  51                      1.00   0.00  0.00  0.00  1.00  0.00  0.00  0.00  0.00  0.00
  53                      1.00   0.00  0.00  0.00  1.00  0.00  0.00  0.00  0.00  0.00
  Fenster_L               1.00   0.00  0.00  0.00  0.00  1.00  0.00  0.00  0.00  0.00
  58                      1.00   0.00  0.00  0.00  0.00  1.00  0.00  0.00  0.00  0.00
  59                      1.00   0.00  0.00  0.00  1.00  0.00  0.00  0.00  1.00  0.00
  61                      1.00   0.00  0.00  0.00  1.00  0.00  0.00  0.00  0.00  0.00
  63                      1.00   0.00  0.00  0.00  0.00  1.00  0.00  0.00  0.00  0.00
  66                      1.00   1.00  0.00  0.00  0.00  0.00  0.00  0.00  0.00  0.00
  67                      1.00   0.00  0.00  0.00  1.00  0.00  0.00  0.00  0.00  0.00
  Amont_L                 1.00   0.00  0.00  0.00  1.00  0.00  0.00  0.00  0.00  0.00
  69                      1.00   0.00  0.00  0.00  1.00  0.00  0.00  0.00  0.00  0.00
  70                      1.00   0.00  0.00  0.00  1.00  0.00  0.00  0.00  0.00  0.00
  71                      1.00   0.00  0.00  0.00  1.00  0.00  0.00  0.00  0.00  0.00
  72                      1.00   0.00  0.00  0.00  1.00  0.00  0.00  0.00  0.00  0.00
  Sauser_L                1.00   0.00  0.00  0.00  1.00  0.00  0.00  0.00  0.00  0.00
  75                      1.00   0.00  0.00  0.00  0.00  1.00  0.00  0.00  0.00  0.00
  Entw_Sto_L              1.00   0.00  0.00  0.00  1.00  0.00  0.00  0.00  0.00  0.00
  4                       1.00   0.00  0.00  0.00  1.00  0.00  0.00  0.00  1.00  0.00
  5                       1.00   0.00  0.00  0.00  1.00  0.00  0.00  0.00  0.00  0.00
  6                       1.00   0.00  0.00  0.00  0.00  1.00  0.00  0.00  0.00  0.00
  7                       1.00   0.00  0.00  0.00  1.00  0.00  0.00  0.00  0.00  0.00
  Brunn_Teich_L           1.00   0.00  0.00  0.00  1.00  0.00  0.00  0.00  0.00  0.00
  9                       1.00   0.00  0.00  0.00  0.00  1.00  0.00  0.00  0.00  0.00
  12                      1.00   0.00  1.00  0.00  0.00  0.00  0.00  0.00  0.00  0.00
  15                      1.00   0.00  0.00  0.00  1.00  0.00  0.00  0.00  0.00  0.00
  18                      1.00   0.00  0.00  0.00  1.00  0.00  0.00  0.00  0.00  0.00
  19                      1.00   0.00  0.00  0.00  1.00  0.00  0.00  0.00  0.00  0.00
  20                      1.00   0.00  0.00  0.00  1.00  0.00  0.00  0.00  0.00  0.00
  21                      1.00   1.00  0.00  0.00  0.00  0.00  0.00  0.00  0.00  0.00
  Hooliloch_L             1.00   1.00  0.00  0.00  0.00  0.00  0.00  0.00  0.00  0.00
  23                      1.00   1.00  0.00  0.00  0.00  0.00  0.00  0.00  0.00  0.00
  25                      1.00   0.00  1.00  0.00  0.00  0.00  0.00  0.00  0.00  0.00
  28                      1.00   0.00  1.00  0.00  0.00  0.00  0.00  0.00  0.00  0.00
  29                      1.00   0.00  0.00  0.00  1.00  0.00  0.00  0.00  0.00  0.00
  31                      1.00   1.00  0.00  0.00  0.00  0.00  0.00  0.00  0.00  0.00
  33                      1.00   0.00  0.00  0.00  1.00  0.00  0.00  0.00  0.00  0.00
  37                      1.00   0.00  0.00  0.00  1.00  0.00  0.00  0.00  1.00  0.00
  SS3_L                   1.00   1.00  0.00  0.00  0.00  0.00  0.00  0.00  0.00  0.00
  40                      1.00   0.00  0.00  0.00  1.00  0.00  0.00  0.00  0.00  0.00
  SS6_L                   1.00   0.00  0.00  0.00  0.00  1.00  0.00  0.00  1.00  0.00
  1                       1.00   1.00  0.00  0.00  0.00  0.00  0.00  0.00  0.00  0.00
  2                       1.00   1.00  0.00  0.00  0.00  0.00  0.00  0.00  0.00  0.00
  3                       1.00   0.00  0.00  0.00  0.00  1.00  0.00  0.00  0.00  0.00
  10                      1.00   0.00  0.00  0.00  1.00  0.00  0.00  0.00  1.00  0.00
  13                      1.00   0.00  0.00  0.00  1.00  0.00  0.00  0.00  0.00  0.00
  22                      1.00   0.00  0.00  0.00  1.00  0.00  0.00  0.00  0.00  0.00
  24                      1.00   0.00  0.00  0.00  1.00  0.00  0.00  0.00  0.00  0.00
  30                      1.00   0.00  0.00  0.00  1.00  0.00  0.00  0.00  1.00  0.00
  34                      1.00   0.00  0.00  0.00  1.00  0.00  0.00  0.00  1.00  0.00
  36                      1.00   0.00  0.00  0.00  0.00  1.00  0.00  0.00  0.00  0.00
  38                      1.00   1.00  0.00  0.00  0.00  0.00  0.00  0.00  0.00  0.00
  48                      1.00   0.00  0.00  0.00  1.00  0.00  0.00  0.00  0.00  0.00
  54                      1.00   0.00  0.00  0.00  1.00  0.00  0.00  0.00  0.00  0.00
  68                      1.00   0.00  0.00  0.00  1.00  0.00  0.00  0.00  1.00  0.00
  73                      1.00   0.00  0.00  0.00  1.00  0.00  0.00  0.00  0.00  0.00
  TWT1                    1.00   0.00  0.00  0.00  0.00  1.00  0.00  0.00  0.00  0.00
  1_1_a_2                 1.00   0.00  0.00  0.00  1.00  0.00  0.00  0.00  0.00  0.00
  TWT2                    1.00   0.00  0.00  0.00  0.00  1.00  0.00  0.00  0.00  0.00
  TWT3                    1.00   0.00  0.00  0.00  0.00  1.00  0.00  0.00  0.00  0.00
  TWT4                    1.00   0.00  0.00  0.00  1.00  0.00  0.00  0.00  1.00  0.00
  1_2_b_                  1.00   0.00  1.00  0.00  0.00  0.00  0.00  0.00  0.00  0.00
  1_2_b_1                 1.00   0.00  0.00  0.00  1.00  0.00  0.00  0.00  0.00  0.00
  1_2_b_2                 1.00   0.00  0.00  0.00  1.00  0.00  0.00  0.00  1.00  0.00
  1_2_b_3                 1.00   0.00  0.00  0.00  1.00  0.00  0.00  0.00  0.00  0.00
  1_2_b_6                 1.00   0.00  0.00  0.00  1.00  0.00  0.00  0.00  1.00  0.00
  TWT5                    1.00   0.00  0.00  0.00  1.00  0.00  0.00  0.00  0.00  0.00
  1_4_a                   1.00   0.00  0.00  0.00  0.00  1.00  0.00  0.00  0.00  0.00
  TWT6                    1.00   0.00  0.00  0.00  1.00  0.00  0.00  0.00  0.00  0.00
  1_4_b                   1.00   0.00  0.00  0.00  1.00  0.00  0.00  0.00  1.00  0.00
  TWT7                    1.00   0.00  1.00  0.00  0.00  0.00  0.00  0.00  0.00  0.00
  1_5_a                   1.00   0.00  1.00  0.00  0.00  0.00  0.00  0.00  0.00  0.00
  1_7_a                   1.00   0.00  0.00  0.00  0.00  1.00  0.00  0.00  0.00  0.00
  1_7_a_                  1.00   0.00  0.00  0.00  1.00  0.00  0.00  0.00  1.00  0.00
  1_7_a__                 1.00   0.00  0.00  0.00  1.00  0.00  0.00  0.00  0.00  0.00
  1_7_a_1                 1.00   0.00  0.00  0.00  0.00  1.00  0.00  0.00  0.00  0.00
  1_8_a                   1.00   0.00  0.00  0.00  1.00  0.00  0.00  0.00  0.00  0.00
  
  
  *************************
  Conduit Surcharge Summary
  *************************
  
  ----------------------------------------------------------------------------
                                                           Hours        Hours 
                         --------- Hours Full --------   Above Full   Capacity
  Conduit                Both Ends  Upstream  Dnstream   Normal Flow   Limited
  ----------------------------------------------------------------------------
  Brunn_Fassung_L             0.01      0.01     24.00      0.01         0.01
  11                         23.99     23.99     23.99      0.01         0.01
  14                         23.99     23.99     24.00      0.02         0.01
  16                         24.00     24.00     24.00     23.99        23.99
  17                         24.00     24.00     24.00      0.01         0.01
  26                         23.99     24.00     23.99      0.01         0.01
  27                         23.97     23.97     23.98      0.01         0.01
  Brunnmuehle_L              24.00     24.00     24.00      0.01         0.01
  46                         24.00     24.00     24.00      0.01         0.01
  47                         24.00     24.00     24.00     24.00        24.00
  50                          0.01      0.01     23.98      0.01         0.01
  51                          0.01      0.01     23.98      0.01         0.01
  53                         24.00     24.00     24.00      0.01         0.01
  61                         23.98     23.98     23.99      0.01         0.01
  67                         23.99     23.99     24.00      0.01         0.01
  Amont_L                    24.00     24.00     24.00     24.00         0.01
  69                          0.01      0.01     24.00      0.01         0.01
  70                          0.01      0.01     24.00      0.01         0.01
  71                          0.01      0.01     23.99      0.01         0.01
  Sauser_L                    0.01      0.01     24.00      0.01         0.01
  Entw_Sto_L                 23.91     23.93     23.91     23.92        23.91
  4                           0.01      0.01     23.93      0.01         0.01
  5                          23.93     23.93     24.00      0.01         0.01
  6                           0.01      0.01     24.00      0.01         0.01
  7                          23.99     23.99     24.00      0.01         0.01
  Brunn_Teich_L               0.01      0.01     23.99      0.01         0.01
  9                           0.01      0.01     23.99      0.01         0.01
  15                         23.98     23.98     23.99      0.01         0.01
  18                         23.97     23.97     23.98      0.01         0.01
  19                          0.01      0.01     23.98      0.01         0.01
  13                         23.98     23.98     24.00      0.01         0.01
  22                         23.98     23.98     24.00      0.01         0.01
  24                          0.01      0.01     24.00      0.01         0.01
  30                          0.01      0.01     24.00      0.01         0.01
  34                          0.01      0.01     23.99      0.01         0.01
  48                         23.89     23.89     23.92      0.01         0.01
  54                          0.01      0.01     23.90      0.01         0.01
  1_1_a_2                     0.01      0.01     23.92      0.01         0.01
  1_2_b_1                    23.96     24.00     23.96     24.00        23.96
  1_2_b_2                     0.01      0.01     23.96      0.01         0.01
  1_2_b_3                    23.96     23.96     24.00      0.01         0.01
  1_2_b_6                     0.01      0.01     23.95      0.01         0.01
  1_7_a                       0.01      0.01      0.01     23.95         0.01
  1_7_a__                     0.01      0.01     24.00      0.01         0.01
  1_7_a_1                     0.01      0.01     24.00     23.99         0.01
  

  Analysis begun on:  Thu Aug 13 11:55:21 2026
  Analysis ended on:  Thu Aug 13 11:55:23 2026
  Total elapsed time: 00:00:02