
  EPA STORM WATER MANAGEMENT MODEL - VERSION 5.2 (Build 5.2.4)
  ------------------------------------------------------------

  Brunnmuehle (Twann) 
  WARNING 08: elevation drop exceeds length for Conduit SS3_L
  WARNING 08: elevation drop exceeds length for Conduit SS6_L
  WARNING 08: elevation drop exceeds length for Conduit 2
  WARNING 08: elevation drop exceeds length for Conduit 3
  WARNING 08: elevation drop exceeds length for Conduit 68
  WARNING 08: elevation drop exceeds length for Conduit 1_2_b_
  WARNING 08: elevation drop exceeds length for Conduit 1_2_b_2
  WARNING 08: elevation drop exceeds length for Conduit 1_2_b_6
  WARNING 08: elevation drop exceeds length for Conduit 1_4_b
  WARNING 08: elevation drop exceeds length for Conduit 1_5_a
  WARNING 04: minimum elevation drop used for Conduit 1_7_a
  WARNING 08: elevation drop exceeds length for Conduit 1_7_a_
  WARNING 08: elevation drop exceeds length for Conduit 1_7_a__
  WARNING 02: maximum depth increased for Node 2
  
  ****************
  Analysis Options
  ****************
  Flow Units ............... CMS
  Process Models:
    Rainfall/Runoff ........ NO
    RDII ................... NO
    Snowmelt ............... NO
    Groundwater ............ NO
    Flow Routing ........... YES
    Ponding Allowed ........ NO
    Water Quality .......... NO
  Flow Routing Method ...... DYNWAVE
  Surcharge Method ......... EXTRAN
  Starting Date ............ 01/01/2000 00:00:00
  Ending Date .............. 01/02/2000 00:00:00
  Antecedent Dry Days ...... 0.0
  Report Time Step ......... 01:00:00
  Routing Time Step ........ 0.50 sec
  Variable Time Step ....... YES
  Maximum Trials ........... 8
  Number of Threads ........ 1
  Head Tolerance ........... 0.001500 m
  
  
  **************************        Volume        Volume
  Flow Routing Continuity        hectare-m      10^6 ltr
  **************************     ---------     ---------
  Dry Weather Inflow .......         0.000         0.000
  Wet Weather Inflow .......         0.000         0.000
  Groundwater Inflow .......         0.000         0.000
  RDII Inflow ..............         0.000         0.000
  External Inflow ..........       133.343      1333.445
  External Outflow .........       126.504      1265.050
  Flooding Loss ............         0.000         0.000
  Evaporation Loss .........         0.000         0.000
  Exfiltration Loss ........         0.000         0.000
  Initial Stored Volume ....         0.056         0.562
  Final Stored Volume ......         0.441         4.413
  Continuity Error (%) .....         4.838
  
  
  *************************
  Highest Continuity Errors
  *************************
  Node TWT_Acces_LT_60+110 (-764.57%)
  Node CentraleVentilation_1C (93.27%)
  Node SonSto_F (-76.19%)
  Node Aval_Trappe (-69.27%)
  Node 2 (-62.06%)
  
  
  ***************************
  Time-Step Critical Elements
  ***************************
  Link 20 (13225.75%)
  Link 1_7_a_ (76.48%)
  Link 1_8_a (15.57%)
  Link 1_4_a (1.16%)
  
  
  ********************************
  Highest Flow Instability Indexes
  ********************************
  All links are stable.
  
  
  *********************************
  Most Frequent Nonconverging Nodes
  *********************************
  Node Brunnm_Fassung (33.92%)
  Node Brunnmuehle(Teich) (33.92%)
  Node Fensterstollen (33.92%)
  Node Gischeren (33.92%)
  Node Schuettstein (33.92%)
  
  
  *************************
  Routing Time Step Summary
  *************************
  Minimum Time Step           :     0.50 sec
  Average Time Step           :     0.50 sec
  Maximum Time Step           :     0.50 sec
  % of Time in Steady State   :    99.25
  Average Iterations per Step :     6.42
  % of Steps Not Converging   :    33.92
  Time Step Frequencies       :
      0.500 -  0.500 sec      :   100.00 %
      0.500 -  0.500 sec      :     0.00 %
      0.500 -  0.500 sec      :     0.00 %
      0.500 -  0.500 sec      :     0.00 %
      0.500 -  0.500 sec      :     0.00 %
  
  
  ******************
  Node Depth Summary
  ******************
  
  ---------------------------------------------------------------------------------
                                 Average  Maximum  Maximum  Time of Max    Reported
                                   Depth    Depth      HGL   Occurrence   Max Depth
  Node                 Type       Meters   Meters   Meters  days hr:min      Meters
  ---------------------------------------------------------------------------------
  9                    JUNCTION    42.55    45.74   484.24     0  00:00       42.58
  Holiloch_sonde       JUNCTION    39.78    43.00   483.00     0  00:00       39.81
  11                   JUNCTION    46.95    47.57   457.57     0  00:06       46.97
  13                   JUNCTION    49.42    50.15   488.15     0  00:02       49.44
  21                   JUNCTION    40.79    41.29   441.29     0  00:10       40.80
  SonSto_F             JUNCTION     0.19     0.34   438.14     0  00:10        0.19
  Sondierstollen       JUNCTION     0.00     0.00   440.80     0  00:00        0.00
  Aval_Trappe          JUNCTION     0.54     0.58   438.18     0  00:10        0.54
  30                   JUNCTION     0.56     0.56   437.86     0  00:10        0.56
  Gischeren_node       JUNCTION     1.04     1.05   477.55     0  00:10        1.05
  34                   JUNCTION    19.41    19.77   439.77     0  00:10       19.42
  38                   JUNCTION    23.78    24.25   444.25     0  00:10       23.80
  SS6                  JUNCTION     0.05     0.05   448.05     0  00:02        0.05
  40                   JUNCTION    20.80    21.05   440.05     0  00:04       20.81
  41                   JUNCTION    49.77    50.49   487.99     0  00:02       49.80
  SondeSchuettstein    JUNCTION    20.84    23.32   482.32     0  00:01       20.85
  SS4                  JUNCTION     0.06     0.06   448.06     0  00:10        0.06
  47                   JUNCTION    13.72    14.08   478.98     0  00:01       13.74
  48                   JUNCTION     8.66    11.01   482.01     0  00:01        8.67
  SondeGischeren       JUNCTION    12.50    12.55   477.55     0  00:10       12.55
  49                   JUNCTION    12.90    14.38   480.38     0  00:02       12.92
  50                   JUNCTION     6.69     7.00   470.00     0  00:05        6.72
  51                   JUNCTION    67.76    68.47   488.47     0  00:02       67.79
  Amont_C              JUNCTION    71.03    87.54   505.54     0  00:00       71.05
  52                   JUNCTION     7.24    10.04   467.04     0  00:10        7.29
  53                   JUNCTION     9.06    16.78   483.78     0  00:01        9.05
  54                   JUNCTION     4.61     4.63   467.63     0  00:10        4.63
  56                   JUNCTION     6.17     6.22   436.22     0  00:04        6.18
  2                    JUNCTION     0.17     0.18   438.18     0  00:09        0.17
  4                    JUNCTION     8.75     9.40   437.40     0  00:00        8.75
  5                    JUNCTION     5.87     5.90   478.40     0  00:05        5.88
  6                    JUNCTION    21.07    21.16   479.16     0  00:04       21.08
  7                    JUNCTION     3.36     3.39   478.39     0  00:04        3.37
  SS3                  JUNCTION     0.08     0.08   448.08     0  00:10        0.08
  SS5                  JUNCTION     0.59     0.59   439.49     0  00:10        0.59
  8                    JUNCTION     3.59     3.60   477.60     0  00:10        3.60
  10                   JUNCTION    10.90    12.42   480.42     0  00:02       10.92
  SonSto_SS5           JUNCTION     0.12     0.12   439.42     0  00:10        0.12
  SonSto_SS3           JUNCTION     0.10     0.10   439.80     0  00:10        0.10
  SonSto_SS4           JUNCTION     0.08     0.08   439.48     0  00:10        0.08
  Amont_Trappe         JUNCTION     0.46     0.58   438.28     0  00:10        0.46
  SonSto_SS6           JUNCTION     0.11     0.11   438.81     0  00:06        0.11
  SS2                  JUNCTION     0.00     0.00   448.00     0  00:00        0.00
  SonSto_SS2           JUNCTION     0.00     0.00   441.50     0  00:00        0.00
  12                   JUNCTION    16.38    16.73   465.73     0  00:04       16.39
  14                   JUNCTION     5.50     6.49   471.49     0  00:04        5.51
  15                   JUNCTION     0.34     0.34   472.34     0  00:05        0.34
  TWT_PointHaut_60+749 JUNCTION     0.09     0.09   438.59     0  00:09        0.09
  TWT_Fensterstollen_60+375 JUNCTION     0.83     0.85   438.15     0  00:10        0.84
  TWT_Acces_LT_60+110  JUNCTION     0.67     0.68   438.18     0  00:09        0.67
  TWT_Liaison_LT_59+738 JUNCTION     0.00     0.00   446.50     0  00:00        0.00
  Syst_Est_amont       JUNCTION     0.50     0.52   430.52     0  00:03        0.50
  Syst_Est_interm      JUNCTION    18.86    23.68   433.68     0  00:10       19.00
  TWT_Branche_Est_Sonsto_60+540 JUNCTION     0.29     0.29   438.69     0  00:05        0.29
  TWT_Intersection_Sonsto_60+345 JUNCTION     1.16     1.17   438.17     0  00:10        1.17
  TWT_Chrosweg_61+140  JUNCTION     0.07     0.07   432.07     0  00:10        0.07
  SonSto_F_sup         JUNCTION     0.04     0.04   448.04     0  00:05        0.04
  SonSto_porte         JUNCTION     0.00     0.00   438.50     0  00:00        0.00
  CentraleVentilation_1C JUNCTION    10.22    14.95   468.95     0  00:05       10.28
  Brunnm_Fassung       OUTFALL      0.10     0.10   433.90     0  00:10        0.10
  Brunnmuehle(Teich)   OUTFALL      0.23     0.23   435.73     0  00:10        0.23
  Fensterstollen       OUTFALL      0.52     0.52   437.52     0  00:10        0.52
  Gischeren            OUTFALL      0.00     0.00   480.00     0  00:00        0.00
  Schuettstein         OUTFALL      0.20     0.21   477.76     0  00:01        0.20
  Holiloch             OUTFALL      1.53     1.54   478.04     0  00:04        1.53
  Sauserquelle         OUTFALL      0.25     0.26   435.81     0  00:04        0.25
  Entw_Stollen         OUTFALL      0.17     0.17   436.67     0  00:08        0.17
  Sous_lacustre        OUTFALL      0.10     0.11   429.31     0  00:10        0.10
  Sous_ecoul.          OUTFALL      0.00     0.00   433.00     0  00:10        0.00
  Syst_Est_aval        OUTFALL      0.33     0.34   429.34     0  00:10        0.33
  TWT_Portail_Est_61+665 OUTFALL      0.05     0.05   421.65     0  00:10        0.05
  
  
  *******************
  Node Inflow Summary
  *******************
  
  -------------------------------------------------------------------------------------------------
                                  Maximum  Maximum                  Lateral       Total        Flow
                                  Lateral    Total  Time of Max      Inflow      Inflow     Balance
                                   Inflow   Inflow   Occurrence      Volume      Volume       Error
  Node                 Type           CMS      CMS  days hr:min    10^6 ltr    10^6 ltr     Percent
  -------------------------------------------------------------------------------------------------
  9                    JUNCTION         0     12.3     0  00:00           0         567       0.027
  Holiloch_sonde       JUNCTION         0     11.4     0  00:00           0         530       0.001
  11                   JUNCTION         0    0.252     0  00:02           0        21.6      -0.001
  13                   JUNCTION         0     14.7     0  00:00           0    1.04e+03       0.005
  21                   JUNCTION         0    0.428     0  00:10           0        36.8       0.000
  SonSto_F             JUNCTION         0     1.03     0  00:10           0        46.2     -43.243
  Sondierstollen       JUNCTION         0        0     0  00:00           0           0       0.000 ltr
  Aval_Trappe          JUNCTION         0     4.07     0  00:10           0         131     -40.922
  30                   JUNCTION         0     7.06     0  00:10           0         608       7.702
  Gischeren_node       JUNCTION         0    0.238     0  00:09           0        15.315296303.676 ltr
  34                   JUNCTION         0    0.393     0  00:10           0        33.7       0.005
  38                   JUNCTION         0     0.24     0  00:01           0        19.5       0.004
  SS6                  JUNCTION         0    0.156     0  00:02           0        12.8      -0.007
  40                   JUNCTION         0     2.19     0  00:04           0         188       0.004
  41                   JUNCTION         0     1.57     0  00:00           0        34.9      -0.024
  SondeSchuettstein    JUNCTION         0    0.622     0  00:00           0        34.9       0.050
  SS4                  JUNCTION         0    0.088     0  00:10           0        7.59       0.063
  47                   JUNCTION         0     8.36     0  00:01           0         517       0.032
  48                   JUNCTION         0    0.546     0  00:01           0        34.9       0.005
  SondeGischeren       JUNCTION         0    0.286     0  00:09           0        19.3       0.281
  49                   JUNCTION         0    0.949     0  00:02           0        12.9      -0.100
  50                   JUNCTION         0     0.18     0  00:05           0        12.9       0.024
  51                   JUNCTION         0     28.4     0  00:00           0    1.27e+03       0.012
  Amont_C              JUNCTION      14.7     39.7     0  00:00    1.27e+03    1.27e+03       0.023
  52                   JUNCTION         0    0.246     0  00:08           0        17.4       0.200
  53                   JUNCTION         0    0.354     0  00:01           0        25.4       0.028
  54                   JUNCTION         0    0.295     0  00:10           0        25.4     158.372
  56                   JUNCTION         0    0.561     0  00:04           0        47.9       0.003
  2                    JUNCTION         0    0.195     0  00:07           0        4.32     -38.296
  4                    JUNCTION         0    0.362     0  00:10           0        30.9       0.020
  5                    JUNCTION         0     6.92     0  00:01           0         517      -0.006
  6                    JUNCTION         0     9.34     0  00:00           0         530       0.020
  7                    JUNCTION         0     6.46     0  00:02           0         517       0.194
  SS3                  JUNCTION         0     0.15     0  00:10           0        12.9       0.033
  SS5                  JUNCTION         0    0.252     0  00:10           0        21.7       0.116
  8                    JUNCTION         0    0.465     0  00:08           0        38.3      35.257
  10                   JUNCTION         0    0.739     0  00:02           0        12.9       0.404
  SonSto_SS5           JUNCTION         0    0.276     0  00:10           0        23.8       0.061
  SonSto_SS3           JUNCTION         0     0.15     0  00:10           0        12.9       0.141
  SonSto_SS4           JUNCTION         0    0.238     0  00:10           0        20.5       0.054
  Amont_Trappe         JUNCTION         0     1.27     0  00:10           0          77     -14.174
  SonSto_SS6           JUNCTION         0    0.355     0  00:10           0        30.6       0.058
  SS2                  JUNCTION         0        0     0  00:00           0           0       0.000 ltr
  SonSto_SS2           JUNCTION         0        0     0  00:00           0           0       0.000 ltr
  12                   JUNCTION         0    0.355     0  00:00           0        26.2       0.015
  14                   JUNCTION         0     1.85     0  00:03           0         152       0.034
  15                   JUNCTION         0    0.432     0  00:04           0        36.8       0.085
  TWT_PointHaut_60+749 JUNCTION         0    0.182     0  00:06           0        15.5      -0.929
  TWT_Fensterstollen_60+375 JUNCTION         0     5.86     0  00:10           0         476      12.366
  TWT_Acces_LT_60+110  JUNCTION         0      2.1     0  00:04           0        3.67     -88.434
  TWT_Liaison_LT_59+738 JUNCTION         0        0     0  00:00           0           0       0.000 ltr
  Syst_Est_amont       JUNCTION     0.735    0.735     0  00:00        63.5        63.5      32.966
  Syst_Est_interm      JUNCTION         0    0.781     0  00:04           0        47.8       0.517
  TWT_Branche_Est_Sonsto_60+540 JUNCTION         0      1.8     0  00:04           0         154       0.113
  TWT_Intersection_Sonsto_60+345 JUNCTION         0     4.19     0  00:02           0         220      57.644
  TWT_Chrosweg_61+140  JUNCTION         0    0.182     0  00:10           0        15.6      15.414
  SonSto_F_sup         JUNCTION         0    0.431     0  00:05           0        36.8       0.004
  SonSto_porte         JUNCTION         0        0     0  00:00           0           0       0.000 ltr
  CentraleVentilation_1C JUNCTION         0   0.0651     0  00:05           0      0.0116    1386.848
  Brunnm_Fassung       OUTFALL          0   0.0331     0  00:10           0        2.79       0.000
  Brunnmuehle(Teich)   OUTFALL          0    0.357     0  00:10           0        30.4       0.000
  Fensterstollen       OUTFALL          0     6.55     0  00:10           0         564       0.000
  Gischeren            OUTFALL          0        0     0  00:00           0           0       0.000 ltr
  Schuettstein         OUTFALL          0    0.445     0  00:01           0        34.9       0.000
  Holiloch             OUTFALL          0     6.14     0  00:04           0         516       0.000
  Sauserquelle         OUTFALL          0    0.561     0  00:04           0        47.9       0.000
  Entw_Stollen         OUTFALL          0   0.0465     0  00:08           0        3.96       0.000
  Sous_lacustre        OUTFALL          0   0.0363     0  00:10           0        3.09       0.000
  Sous_ecoul.          OUTFALL          0  0.00601     0  00:10           0        0.51       0.000
  Syst_Est_aval        OUTFALL          0    0.593     0  00:10           0        47.5       0.000
  TWT_Portail_Est_61+665 OUTFALL          0    0.158     0  00:10           0        13.6       0.000
  
  
  **********************
  Node Surcharge Summary
  **********************
  
  Surcharging occurs when water rises above the top of the highest conduit.
  ---------------------------------------------------------------------
                                               Max. Height   Min. Depth
                                   Hours       Above Crown    Below Rim
  Node                 Type      Surcharged         Meters       Meters
  ---------------------------------------------------------------------
  9                    JUNCTION       23.99         43.941       54.259
  Holiloch_sonde       JUNCTION       23.99         41.095      157.005
  11                   JUNCTION       24.00         47.113      102.427
  13                   JUNCTION       23.99         47.150      349.850
  21                   JUNCTION       24.00         40.685      108.715
  34                   JUNCTION       24.00         19.170       80.230
  38                   JUNCTION       24.00         23.653      125.747
  40                   JUNCTION       24.00         17.048       78.952
  41                   JUNCTION       23.99         49.638      199.512
  SondeSchuettstein    JUNCTION       23.98         22.523        0.000
  47                   JUNCTION       23.98         12.177       85.923
  48                   JUNCTION       23.98         10.206       88.994
  SondeGischeren       JUNCTION       23.91         11.349       87.451
  49                   JUNCTION       23.96          6.378      185.622
  50                   JUNCTION       23.91          6.696      193.004
  51                   JUNCTION       24.00         64.472      331.528
  Amont_C              JUNCTION       24.00         84.542      312.458
  52                   JUNCTION       23.83          9.541       89.959
  53                   JUNCTION       23.97         11.779      183.221
  56                   JUNCTION       23.99          5.217       93.783
  4                    JUNCTION       23.99          8.751       90.599
  5                    JUNCTION       23.96          0.899       44.101
  6                    JUNCTION       23.98         16.164      178.836
  10                   JUNCTION       23.95          4.417      187.583
  12                   JUNCTION       23.98         16.382      183.268
  14                   JUNCTION       23.93          2.492      193.508
  Syst_Est_interm      JUNCTION       23.82         22.179       76.321
  CentraleVentilation_1C JUNCTION       23.90         14.447      185.053
  
  
  *********************
  Node Flooding Summary
  *********************
  
  No nodes were flooded.
  
  
  ***********************
  Outfall Loading Summary
  ***********************
  
  -----------------------------------------------------------
                         Flow       Avg       Max       Total
                         Freq      Flow      Flow      Volume
  Outfall Node           Pcnt       CMS       CMS    10^6 ltr
  -----------------------------------------------------------
  Brunnm_Fassung        99.94    0.0324    0.0331       2.794
  Brunnmuehle(Teich)    99.94     0.352     0.357      30.422
  Fensterstollen        99.97      6.53      6.55     564.248
  Gischeren              0.00         0         0       0.000
  Schuettstein          99.91     0.404     0.445      34.897
  Holiloch              99.86      5.98      6.14     516.125
  Sauserquelle          99.96     0.555     0.561      47.935
  Entw_Stollen          99.93    0.0459    0.0465       3.959
  Sous_lacustre        100.00    0.0358    0.0363       3.093
  Sous_ecoul.           99.94   0.00591   0.00601       0.510
  Syst_Est_aval         99.25     0.554     0.593      47.509
  TWT_Portail_Est_61+665  99.88     0.157     0.158      13.552
  -----------------------------------------------------------
  System                91.55      14.7      14.7    1265.044
  
  
  ********************
  Link Flow Summary
  ********************
  
  -----------------------------------------------------------------------------
                                 Maximum  Time of Max   Maximum    Max/    Max/
                                  |Flow|   Occurrence   |Veloc|    Full    Full
  Link                 Type          CMS  days hr:min     m/sec    Flow   Depth
  -----------------------------------------------------------------------------
  Brunn_Fassung_L      CONDUIT    0.0331     0  00:10      1.42    0.55    0.76
  11                   CONDUIT      11.4     0  00:00      6.43    1.71    1.00
  14                   CONDUIT      12.3     0  00:00      8.91    6.67    1.00
  16                   CONDUIT     0.252     0  00:02      2.94    1.76    1.00
  17                   CONDUIT      0.24     0  00:01      0.85    0.41    1.00
  26                   CONDUIT      1.57     0  00:00      2.79    2.13    1.00
  27                   CONDUIT     0.056     0  00:10      1.47    0.72    1.00
  Gischeren_L          CONDUIT         0     0  00:00      0.00    0.00    0.44
  Schuettstein_L       CONDUIT     0.445     0  00:01      2.96    0.38    0.72
  Brunnmuehle_L        CONDUIT     0.393     0  00:10      1.39    0.19    1.00
  32                   CONDUIT         0     0  00:00      0.00    0.00    0.00
  35                   CONDUIT     0.138     0  00:09      0.20    0.02    0.94
  45                   CONDUIT     0.355     0  00:10      4.73    0.00    0.08
  46                   CONDUIT     0.561     0  00:04      1.99    0.56    1.00
  47                   CONDUIT     0.112     0  00:02      2.95    6.99    1.00
  50                   CONDUIT     0.546     0  00:01      1.61    0.10    1.00
  51                   CONDUIT     0.044     0  00:04      0.53    0.12    1.00
  53                   CONDUIT      0.24     0  00:01      1.44    1.22    1.00
  Fenster_L            CONDUIT      6.55     0  00:10      7.93    0.06    0.18
  58                   CONDUIT      2.81     0  00:10      4.39    0.04    0.19
  59                   CONDUIT     0.276     0  00:10      3.06    0.00    0.04
  61                   CONDUIT     0.622     0  00:00      3.25    0.88    1.00
  63                   CONDUIT     0.156     0  00:02      2.17    0.70    0.51
  66                   CONDUIT      0.18     0  00:05      2.69    2.37    1.00
  67                   CONDUIT      14.7     0  00:00      3.98    0.15    1.00
  Amont_L              CONDUIT      28.4     0  00:00      4.02    1.54    1.00
  69                   CONDUIT     0.246     0  00:08      2.09    0.96    1.00
  70                   CONDUIT     0.203     0  00:10      1.61    0.63    1.00
  71                   CONDUIT     0.354     0  00:01      1.55    0.62    1.00
  72                   CONDUIT     0.295     0  00:10      1.47    1.40    0.96
  Sauser_L             CONDUIT     0.561     0  00:04      1.08    0.14    0.63
  75                   CONDUIT     0.088     0  00:10      2.80    0.90    0.63
  Entw_Sto_L           CONDUIT    0.0465     0  00:08      1.90    1.08    0.97
  4                    CONDUIT     0.026     0  00:10      1.29    1.16    0.98
  5                    CONDUIT    0.0243     0  00:08      1.02    0.87    1.00
  6                    CONDUIT    0.0363     0  00:10      1.41    0.55    0.76
  7                    CONDUIT     0.362     0  00:10      1.84    0.56    1.00
  Brunn_Teich_L        CONDUIT     0.357     0  00:10      1.49    0.27    0.68
  9                    CONDUIT   0.00601     0  00:10      1.51    0.00    0.50
  12                   CONDUIT      6.92     0  00:01      4.09    0.14    1.00
  15                   CONDUIT      9.34     0  00:00      4.78    0.24    1.00
  18                   CONDUIT      8.36     0  00:01      4.28    0.34    1.00
  19                   CONDUIT     0.949     0  00:02      1.25    0.90    1.00
  20                   CONDUIT      1.15     0  00:10      3.86    0.09    0.57
  21                   CONDUIT      6.46     0  00:02      0.77    0.04    0.84
  Hooliloch_L          CONDUIT      6.14     0  00:04      1.26    0.12    0.62
  23                   CONDUIT      0.15     0  00:10      3.22    0.94    0.63
  25                   CONDUIT     0.465     0  00:08      1.70    0.38    1.00
  28                   CONDUIT      0.15     0  00:10      2.38    0.00    0.03
  29                   CONDUIT    0.0246     0  00:10      0.66    0.00    0.03
  31                   CONDUIT     0.107     0  00:10      0.43    0.07    0.47
  33                   CONDUIT     0.739     0  00:02      0.80    0.28    1.00
  37                   CONDUIT     0.252     0  00:10      0.53    0.01    0.12
  SS3_L                CONDUIT      0.15     0  00:10      3.04    0.00    0.05
  40                   CONDUIT      1.27     0  00:10      1.84    0.01    0.11
  SS6_L                CONDUIT    0.0827     0  00:02      3.32    0.00    0.04
  1                    CONDUIT         0     0  00:00      0.00    0.00    0.02
  2                    CONDUIT         0     0  00:00      0.00    0.00    0.00
  3                    CONDUIT     0.088     0  00:10      4.31    0.01    0.07
  10                   CONDUIT     0.213     0  00:10      0.49    0.00    0.11
  13                   CONDUIT     0.355     0  00:00      4.20    0.77    1.00
  22                   CONDUIT     0.306     0  00:02      3.18    0.76    1.00
  24                   CONDUIT      1.85     0  00:03      2.66    0.00    1.00
  30                   CONDUIT      1.78     0  00:04      2.47    0.74    1.00
  34                   CONDUIT     0.432     0  00:04      2.09    0.48    0.81
  36                   CONDUIT     0.431     0  00:05      5.86    0.46    0.35
  38                   CONDUIT     0.286     0  00:09      2.54    0.11    1.00
  48                   CONDUIT     0.781     0  00:04      2.40    0.52    0.75
  54                   CONDUIT     0.593     0  00:10      0.52    0.11    0.63
  68                   CONDUIT     0.183     0  00:05      8.36    0.00    0.06
  73                   CONDUIT         0     0  00:00      0.00    0.00    0.05
  TWT1                 CONDUIT     0.158     0  00:10      2.31    0.00    0.01
  TWT2                 CONDUIT     0.182     0  00:10      2.00    0.00    0.01
  TWT3                 CONDUIT     0.182     0  00:06      0.61    0.00    0.02
  TWT4                 CONDUIT      1.62     0  00:05      1.40    0.00    0.07
  1_2_b_               CONDUIT         0     0  00:00      0.00    0.00    0.05
  1_2_b_1              CONDUIT      2.21     0  00:02     13.04    8.48    1.00
  1_2_b_2              CONDUIT    0.0432     0  00:05      0.49    0.01    0.54
  1_2_b_6              CONDUIT    0.0731     0  00:02      0.78    0.02    0.55
  TWT5                 CONDUIT       2.1     0  00:03      1.44    0.00    0.13
  1_4_a                CONDUIT       3.7     0  00:10      3.33    0.06    0.24
  TWT6                 CONDUIT      2.07     0  00:04      1.00    0.01    0.11
  1_4_b                CONDUIT         0     0  00:00      0.00    0.00    0.19
  TWT7                 CONDUIT         0     0  00:00      0.00    0.00    0.04
  1_5_a                CONDUIT         0     0  00:00      0.00    0.00    0.05
  1_6_b_2              CONDUIT       2.2     0  00:02     12.91    7.07    1.00
  1_7_a                CONDUIT      4.58     0  00:10      3.08    1.04    0.14
  1_7_a_               CONDUIT     0.205     0  00:05      4.04    0.01    0.33
  1_7_a__              CONDUIT      1.59     0  00:06      9.60    0.23    0.79
  1_8_a                CONDUIT     0.151     0  00:07      5.03    0.00    0.09
  CV_1C_to_52          CONDUIT    0.0651     0  00:05      0.82    0.39    1.00
  
  
  ***************************
  Flow Classification Summary
  ***************************
  
  -------------------------------------------------------------------------------------
                      Adjusted    ---------- Fraction of Time in Flow Class ---------- 
                       /Actual         Up    Down  Sub   Sup   Up    Down  Norm  Inlet 
  Conduit               Length    Dry  Dry   Dry   Crit  Crit  Crit  Crit  Ltd   Ctrl  
  -------------------------------------------------------------------------------------
  Brunn_Fassung_L         1.00   0.00  0.00  0.00  0.00  1.00  0.00  0.00  0.00  0.00
  11                      1.00   0.00  0.00  0.00  1.00  0.00  0.00  0.00  0.00  0.00
  14                      1.00   0.00  0.00  0.00  1.00  0.00  0.00  0.00  0.00  0.00
  16                      1.00   0.00  0.00  0.00  1.00  0.00  0.00  0.00  0.00  0.00
  17                      1.00   0.00  0.00  0.00  1.00  0.00  0.00  0.00  0.00  0.00
  26                      1.00   0.00  0.00  0.00  1.00  0.00  0.00  0.00  0.00  0.00
  27                      1.00   0.00  0.00  0.00  1.00  0.00  0.00  0.00  0.00  0.00
  Gischeren_L             1.00   0.01  0.99  0.00  0.00  0.00  0.00  0.00  0.00  0.00
  Schuettstein_L          1.00   0.00  0.00  0.00  0.00  1.00  0.00  0.00  0.00  0.00
  Brunnmuehle_L           1.00   0.00  0.00  0.00  1.00  0.00  0.00  0.00  0.00  0.00
  32                      1.00   1.00  0.00  0.00  0.00  0.00  0.00  0.00  0.00  0.00
  35                      1.00   0.00  0.01  0.00  0.99  0.00  0.00  0.00  0.00  0.00
  45                      1.00   0.00  0.00  0.00  0.00  1.00  0.00  0.00  0.99  0.00
  46                      1.00   0.00  0.00  0.00  1.00  0.00  0.00  0.00  0.00  0.00
  47                      1.00   0.00  0.00  0.00  1.00  0.00  0.00  0.00  0.00  0.00
  50                      1.00   0.00  0.00  0.00  1.00  0.00  0.00  0.00  0.00  0.00
  51                      1.00   0.00  0.00  0.00  1.00  0.00  0.00  0.00  0.00  0.00
  53                      1.00   0.00  0.00  0.00  1.00  0.00  0.00  0.00  0.00  0.00
  Fenster_L               1.00   0.00  0.00  0.00  0.00  1.00  0.00  0.00  0.00  0.00
  58                      1.00   0.00  0.00  0.00  0.00  1.00  0.00  0.00  0.00  0.00
  59                      1.00   0.00  0.00  0.00  0.00  1.00  0.00  0.00  0.00  0.00
  61                      1.00   0.00  0.00  0.00  1.00  0.00  0.00  0.00  0.00  0.00
  63                      1.00   0.00  0.00  0.00  1.00  0.00  0.00  0.00  0.00  0.00
  66                      1.00   0.00  0.00  0.00  1.00  0.00  0.00  0.00  0.00  0.00
  67                      1.00   0.00  0.00  0.00  1.00  0.00  0.00  0.00  0.00  0.00
  Amont_L                 1.00   0.00  0.00  0.00  1.00  0.00  0.00  0.00  0.00  0.00
  69                      1.00   0.00  0.00  0.00  1.00  0.00  0.00  0.00  0.00  0.00
  70                      1.00   0.00  0.00  0.00  1.00  0.00  0.00  0.00  0.00  0.00
  71                      1.00   0.00  0.00  0.00  1.00  0.00  0.00  0.00  0.00  0.00
  72                      1.00   0.00  0.00  0.00  1.00  0.00  0.00  0.00  0.00  0.00
  Sauser_L                1.00   0.00  0.00  0.00  1.00  0.00  0.00  0.00  0.00  0.00
  75                      1.00   0.00  0.00  0.00  0.00  1.00  0.00  0.00  0.00  0.00
  Entw_Sto_L              1.00   0.00  0.00  0.00  0.99  0.01  0.00  0.00  0.00  0.00
  4                       1.00   0.00  0.00  0.00  1.00  0.00  0.00  0.00  0.00  0.00
  5                       1.00   0.00  0.00  0.00  1.00  0.00  0.00  0.00  0.00  0.00
  6                       1.00   0.00  0.00  0.00  0.00  1.00  0.00  0.00  0.00  0.00
  7                       1.00   0.00  0.00  0.00  1.00  0.00  0.00  0.00  0.00  0.00
  Brunn_Teich_L           1.00   0.00  0.00  0.00  1.00  0.00  0.00  0.00  0.00  0.00
  9                       1.00   0.00  0.00  0.00  0.00  1.00  0.00  0.00  0.00  0.00
  12                      1.00   0.00  0.00  0.00  1.00  0.00  0.00  0.00  0.00  0.00
  15                      1.00   0.00  0.00  0.00  1.00  0.00  0.00  0.00  0.00  0.00
  18                      1.00   0.00  0.00  0.00  1.00  0.00  0.00  0.00  0.00  0.00
  19                      1.00   0.00  0.00  0.00  1.00  0.00  0.00  0.00  0.00  0.00
  20                      1.00   0.00  0.00  0.00  0.99  0.01  0.00  0.00  0.00  0.00
  21                      1.00   0.00  0.00  0.00  1.00  0.00  0.00  0.00  0.00  0.00
  Hooliloch_L             1.00   0.00  0.00  0.00  1.00  0.00  0.00  0.00  0.00  0.00
  23                      1.00   0.00  0.00  0.00  0.00  1.00  0.00  0.00  0.00  0.00
  25                      1.00   0.00  0.00  0.00  1.00  0.00  0.00  0.00  0.00  0.00
  28                      1.00   0.00  0.00  0.00  0.00  1.00  0.00  0.00  0.00  0.00
  29                      1.00   0.00  0.00  0.00  1.00  0.00  0.00  0.00  1.00  0.00
  31                      1.00   0.00  0.01  0.00  0.99  0.00  0.00  0.00  0.00  0.00
  33                      1.00   0.00  0.00  0.00  1.00  0.00  0.00  0.00  0.00  0.00
  37                      1.00   0.00  0.00  0.00  1.00  0.00  0.00  0.00  0.00  0.00
  SS3_L                   1.00   0.00  0.00  0.00  0.00  1.00  0.00  0.00  1.00  0.00
  40                      1.00   0.00  0.00  0.00  1.00  0.00  0.00  0.00  0.00  0.00
  SS6_L                   1.00   0.00  0.00  0.00  0.00  1.00  0.00  0.00  1.00  0.00
  1                       1.00   0.00  1.00  0.00  0.00  0.00  0.00  0.00  0.00  0.00
  2                       1.00   1.00  0.00  0.00  0.00  0.00  0.00  0.00  0.00  0.00
  3                       1.00   0.00  0.00  0.00  0.00  1.00  0.00  0.00  1.00  0.00
  10                      1.00   0.00  0.00  0.00  1.00  0.00  0.00  0.00  1.00  0.00
  13                      1.00   0.00  0.00  0.00  1.00  0.00  0.00  0.00  0.00  0.00
  22                      1.00   0.00  0.00  0.00  1.00  0.00  0.00  0.00  0.00  0.00
  24                      1.00   0.00  0.00  0.00  1.00  0.00  0.00  0.00  0.00  0.00
  30                      1.00   0.00  0.00  0.00  1.00  0.00  0.00  0.00  0.00  0.00
  34                      1.00   0.00  0.00  0.00  1.00  0.00  0.00  0.00  0.00  0.00
  36                      1.00   0.00  0.00  0.00  0.00  1.00  0.00  0.00  0.00  0.00
  38                      1.00   0.00  0.00  0.00  1.00  0.00  0.00  0.00  0.00  0.00
  48                      1.00   0.00  0.00  0.00  1.00  0.00  0.00  0.00  0.00  0.00
  54                      1.00   0.00  0.01  0.00  0.99  0.00  0.00  0.00  0.00  0.00
  68                      1.00   0.00  0.00  0.00  0.00  1.00  0.00  0.00  1.00  0.00
  73                      1.00   0.00  1.00  0.00  0.00  0.00  0.00  0.00  0.00  0.00
  TWT1                    1.00   0.00  0.00  0.00  0.00  1.00  0.00  0.00  0.00  0.00
  TWT2                    1.00   0.00  0.00  0.00  0.00  1.00  0.00  0.00  0.00  0.00
  TWT3                    1.00   0.00  0.00  0.00  1.00  0.00  0.00  0.00  0.00  0.00
  TWT4                    1.00   0.00  0.00  0.00  1.00  0.00  0.00  0.00  1.00  0.00
  1_2_b_                  1.00   0.00  1.00  0.00  0.00  0.00  0.00  0.00  0.00  0.00
  1_2_b_1                 1.00   0.00  0.00  0.00  1.00  0.00  0.00  0.00  0.00  0.00
  1_2_b_2                 1.00   0.00  0.00  0.00  1.00  0.00  0.00  0.00  1.00  0.00
  1_2_b_6                 1.00   0.00  0.00  0.00  1.00  0.00  0.00  0.00  1.00  0.00
  TWT5                    1.00   0.00  0.00  0.00  1.00  0.00  0.00  0.00  0.00  0.00
  1_4_a                   1.00   0.00  0.00  0.00  1.00  0.00  0.00  0.00  0.00  0.00
  TWT6                    1.00   0.00  0.00  0.00  1.00  0.00  0.00  0.00  0.00  0.00
  1_4_b                   1.00   0.00  1.00  0.00  0.00  0.00  0.00  0.00  0.00  0.00
  TWT7                    1.00   0.00  1.00  0.00  0.00  0.00  0.00  0.00  0.00  0.00
  1_5_a                   1.00   0.00  1.00  0.00  0.00  0.00  0.00  0.00  0.00  0.00
  1_6_b_2                 1.00   0.00  0.00  0.00  1.00  0.00  0.00  0.00  0.00  0.00
  1_7_a                   1.00   0.00  0.00  0.00  0.00  1.00  0.00  0.00  0.00  0.00
  1_7_a_                  1.00   0.00  0.00  0.00  0.00  1.00  0.00  0.00  1.00  0.00
  1_7_a__                 1.00   0.00  0.00  0.00  0.00  1.00  0.00  0.00  0.00  0.00
  1_8_a                   1.00   0.00  0.00  0.00  1.00  0.00  0.00  0.00  0.00  0.00
  CV_1C_to_52             1.00   0.00  0.00  0.00  1.00  0.00  0.00  0.00  0.00  0.00
  
  
  *************************
  Conduit Surcharge Summary
  *************************
  
  ----------------------------------------------------------------------------
                                                           Hours        Hours 
                         --------- Hours Full --------   Above Full   Capacity
  Conduit                Both Ends  Upstream  Dnstream   Normal Flow   Limited
  ----------------------------------------------------------------------------
  Brunn_Fassung_L             0.01      0.01     24.00      0.01         0.01
  11                         23.99     23.99     23.99      0.03         0.01
  14                         23.99     23.99     23.99     23.99         0.01
  16                         24.00     24.00     24.00     23.99        23.99
  17                         24.00     24.00     24.00      0.01         0.01
  26                         23.99     23.99     23.99      0.01         0.01
  27                          0.01      0.01     23.95      0.01         0.01
  Schuettstein_L              0.01      0.01     23.98      0.01         0.01
  Brunnmuehle_L              24.00     24.00     24.00      0.01         0.01
  35                          0.01      0.01     23.86      0.01         0.01
  46                         24.00     24.00     24.00      0.01         0.01
  47                         24.00     24.00     24.00     24.00        24.00
  50                         23.98     23.98     23.98      0.01         0.01
  51                         23.96     23.96     24.00      0.01         0.01
  53                         24.00     24.00     24.00     23.99         0.01
  61                         23.98     23.98     23.99      0.01         0.01
  63                          0.01     23.97      0.01      0.01         0.01
  66                         23.91     23.97     23.91     23.96        23.91
  67                         23.99     23.99     24.00      0.01         0.01
  Amont_L                    24.00     24.00     24.00      0.01         0.01
  69                         23.85     23.85     24.00      0.01         0.01
  70                         23.85     23.85     24.00      0.01         0.01
  71                         23.98     23.98     23.99      0.01         0.01
  72                          0.01     23.97      0.01     23.97         0.01
  Sauser_L                    0.01      0.01     24.00      0.01         0.01
  75                          0.01     23.96      0.01      0.01         0.01
  Entw_Sto_L                  0.01      0.01      0.01     23.86         0.01
  4                           0.01     23.97      0.01     23.87         0.01
  5                           0.01      0.01     24.00      0.01         0.01
  6                           0.01      0.01     24.00      0.01         0.01
  7                          23.99     23.99     24.00      0.01         0.01
  Brunn_Teich_L               0.01      0.01     23.99      0.01         0.01
  9                           0.01      0.01     23.99      0.01         0.01
  12                         23.98     23.98     23.98      0.01         0.01
  15                         23.98     23.98     23.99      0.01         0.01
  18                         23.98     23.98     23.98      0.01         0.01
  19                         23.97     23.97     23.98      0.01         0.01
  21                          0.01      0.01     23.96      0.01         0.01
  23                          0.01     23.91      0.01      0.01         0.01
  25                         23.86     23.86     23.99      0.01         0.01
  33                         23.95     23.95     23.96      0.01         0.01
  13                         23.98     23.98     24.00      0.01         0.01
  22                         23.98     23.98     24.00      0.01         0.01
  24                         23.93     23.93     24.00      0.01         0.01
  30                         23.93     23.93     24.00      0.01         0.01
  34                          0.01      0.01     23.99      0.01         0.01
  38                         23.88     23.88     23.92      0.01         0.01
  48                          0.01      0.01     23.87      0.01         0.01
  54                          0.01      0.01     23.82      0.01         0.01
  1_2_b_1                    23.95     24.00     23.95     23.99        23.95
  1_2_b_2                     0.01      0.01     23.95      0.01         0.01
  1_2_b_6                     0.01      0.01     23.95      0.01         0.01
  1_6_b_2                    23.97     24.00     23.97     23.99        23.97
  1_7_a                       0.01      0.01      0.01     23.82         0.01
  1_7_a__                     0.01      0.01     24.00      0.01         0.01
  CV_1C_to_52                23.83     23.83     23.90      0.01         0.01
  

  Analysis begun on:  Wed Sep 30 11:48:36 2026
  Analysis ended on:  Wed Sep 30 11:48:40 2026
  Total elapsed time: 00:00:04