
  EPA STORM WATER MANAGEMENT MODEL - VERSION 5.2 (Build 5.2.4)
  ------------------------------------------------------------

  Brunnmuehle (Twann) 
  WARNING 08: elevation drop exceeds length for Conduit SS3_L
  WARNING 08: elevation drop exceeds length for Conduit SS6_L
  WARNING 08: elevation drop exceeds length for Conduit 2
  WARNING 08: elevation drop exceeds length for Conduit 3
  WARNING 08: elevation drop exceeds length for Conduit 68
  WARNING 08: elevation drop exceeds length for Conduit 1_2_b_
  WARNING 08: elevation drop exceeds length for Conduit 1_2_b_2
  WARNING 08: elevation drop exceeds length for Conduit 1_2_b_3
  WARNING 08: elevation drop exceeds length for Conduit 1_4_b
  WARNING 08: elevation drop exceeds length for Conduit 1_5_a
  WARNING 04: minimum elevation drop used for Conduit 1_7_a
  WARNING 08: elevation drop exceeds length for Conduit 1_7_a_
  WARNING 08: elevation drop exceeds length for Conduit 1_7_a__
  WARNING 02: maximum depth increased for Node 2
  
  ****************
  Analysis Options
  ****************
  Flow Units ............... CMS
  Process Models:
    Rainfall/Runoff ........ NO
    RDII ................... NO
    Snowmelt ............... NO
    Groundwater ............ NO
    Flow Routing ........... YES
    Ponding Allowed ........ NO
    Water Quality .......... NO
  Flow Routing Method ...... DYNWAVE
  Surcharge Method ......... EXTRAN
  Starting Date ............ 01/01/2000 00:00:00
  Ending Date .............. 01/02/2000 00:00:00
  Antecedent Dry Days ...... 0.0
  Report Time Step ......... 01:00:00
  Routing Time Step ........ 0.50 sec
  Variable Time Step ....... YES
  Maximum Trials ........... 8
  Number of Threads ........ 1
  Head Tolerance ........... 0.001500 m
  
  
  **************************        Volume        Volume
  Flow Routing Continuity        hectare-m      10^6 ltr
  **************************     ---------     ---------
  Dry Weather Inflow .......         0.000         0.000
  Wet Weather Inflow .......         0.000         0.000
  Groundwater Inflow .......         0.000         0.000
  RDII Inflow ..............         0.000         0.000
  External Inflow ..........       166.906      1669.074
  External Outflow .........       158.660      1586.617
  Flooding Loss ............         0.000         0.000
  Evaporation Loss .........         0.000         0.000
  Exfiltration Loss ........         0.000         0.000
  Initial Stored Volume ....         0.056         0.563
  Final Stored Volume ......         0.542         5.416
  Continuity Error (%) .....         4.648
  
  
  *************************
  Highest Continuity Errors
  *************************
  Node Amont_Trappe (-8405.85%)
  Node TWT_Acces_LT_60+110 (-1510.46%)
  Node SonSto_F (92.28%)
  Node Syst_Est_amont (60.22%)
  Node 54 (55.83%)
  
  
  ***************************
  Time-Step Critical Elements
  ***************************
  Link 1_4_a (16762.88%)
  Link 20 (10.98%)
  Link 1_4_a_1 (7.77%)
  
  
  ********************************
  Highest Flow Instability Indexes
  ********************************
  All links are stable.
  
  
  *********************************
  Most Frequent Nonconverging Nodes
  *********************************
  Node Brunnm_Fassung (43.15%)
  Node Brunnmuehle(Teich) (43.15%)
  Node Fensterstollen (43.15%)
  Node Gischeren (43.15%)
  Node Schuettstein (43.15%)
  
  
  *************************
  Routing Time Step Summary
  *************************
  Minimum Time Step           :     0.50 sec
  Average Time Step           :     0.50 sec
  Maximum Time Step           :     0.50 sec
  % of Time in Steady State   :    99.40
  Average Iterations per Step :     5.80
  % of Steps Not Converging   :    43.15
  Time Step Frequencies       :
      0.500 -  0.500 sec      :   100.00 %
      0.500 -  0.500 sec      :     0.00 %
      0.500 -  0.500 sec      :     0.00 %
      0.500 -  0.500 sec      :     0.00 %
      0.500 -  0.500 sec      :     0.00 %
  
  
  ******************
  Node Depth Summary
  ******************
  
  ---------------------------------------------------------------------------------
                                 Average  Maximum  Maximum  Time of Max    Reported
                                   Depth    Depth      HGL   Occurrence   Max Depth
  Node                 Type       Meters   Meters   Meters  days hr:min      Meters
  ---------------------------------------------------------------------------------
  9                    JUNCTION    40.68    44.59   483.09     0  00:00       40.71
  Holiloch_sonde       JUNCTION    38.63    43.22   483.22     0  00:00       38.66
  11                   JUNCTION    45.04    46.63   456.63     0  00:00       45.06
  13                   JUNCTION    44.02    44.06   482.06     0  00:06       44.05
  21                   JUNCTION    40.31    40.73   440.73     0  00:06       40.32
  SonSto_F             JUNCTION     0.38     0.61   438.41     0  00:08        0.39
  Sondierstollen       JUNCTION     0.00     0.00   440.80     0  00:00        0.00
  Aval_Trappe          JUNCTION     0.65     0.77   438.37     0  00:08        0.65
  30                   JUNCTION     0.81     0.81   438.11     0  00:08        0.81
  Gischeren_node       JUNCTION     0.00     0.00   476.50     0  00:00        0.00
  34                   JUNCTION    19.07    19.32   439.32     0  00:06       19.08
  38                   JUNCTION    23.06    23.38   443.38     0  00:06       23.07
  SS6                  JUNCTION     0.07     0.07   448.07     0  00:02        0.07
  40                   JUNCTION    20.10    20.12   439.12     0  00:08       20.10
  41                   JUNCTION    44.46    44.49   481.99     0  00:06       44.49
  SondeSchuettstein    JUNCTION    19.74    21.56   480.56     0  00:01       19.75
  SS4                  JUNCTION     0.06     0.06   448.06     0  00:02        0.06
  47                   JUNCTION    13.26    13.28   478.18     0  00:08       13.27
  48                   JUNCTION     7.68     9.37   480.37     0  00:01        7.69
  SondeGischeren       JUNCTION     9.19     9.91   474.91     0  00:08        9.23
  49                   JUNCTION    12.18    12.76   478.76     0  00:02       12.19
  50                   JUNCTION     4.29     6.92   469.92     0  00:08        4.31
  51                   JUNCTION    62.60    62.64   482.64     0  00:06       62.62
  Amont_C              JUNCTION    66.59    93.25   511.25     0  00:00       66.61
  52                   JUNCTION     4.46     8.84   465.84     0  00:06        4.48
  53                   JUNCTION     7.78    10.62   477.62     0  00:02        7.79
  54                   JUNCTION     2.27     2.27   465.27     0  00:08        2.27
  56                   JUNCTION     6.11     6.14   436.14     0  00:00        6.11
  2                    JUNCTION     0.10     0.10   438.10     0  00:08        0.10
  4                    JUNCTION     8.67     9.14   437.14     0  00:00        8.68
  5                    JUNCTION     5.55     5.56   478.06     0  00:08        5.56
  6                    JUNCTION    20.33    20.37   478.37     0  00:08       20.35
  7                    JUNCTION     3.05     3.06   478.06     0  00:08        3.06
  SS3                  JUNCTION     0.07     0.07   448.07     0  00:08        0.07
  SS5                  JUNCTION     0.54     0.54   439.44     0  00:08        0.54
  8                    JUNCTION     0.27     0.27   474.27     0  00:08        0.27
  10                   JUNCTION    10.18    10.79   478.79     0  00:02       10.20
  SonSto_SS5           JUNCTION     0.10     0.10   439.40     0  00:08        0.10
  SonSto_SS3           JUNCTION     0.10     0.10   439.80     0  00:08        0.10
  SonSto_SS4           JUNCTION     0.08     0.08   439.48     0  00:08        0.08
  Amont_Trappe         JUNCTION     0.56     0.74   438.44     0  00:07        0.56
  SonSto_SS6           JUNCTION     0.10     0.10   438.80     0  00:08        0.10
  SS2                  JUNCTION     0.00     0.00   448.00     0  00:00        0.00
  SonSto_SS2           JUNCTION     0.00     0.00   441.50     0  00:00        0.00
  12                   JUNCTION    13.30    13.32   462.32     0  00:06       13.31
  14                   JUNCTION     2.14     2.14   467.14     0  00:08        2.14
  15                   JUNCTION     0.31     0.31   472.31     0  00:08        0.31
  TWT_PointHaut_60+650 JUNCTION     0.11     0.11   438.61     0  00:07        0.11
  TWT_Fensterstollen_60+375 JUNCTION     1.10     1.12   438.42     0  00:08        1.10
  TWT_Acces_LT_60+110  JUNCTION     1.06     1.06   438.56     0  00:08        1.06
  TWT_Liaison_LT_59+738 JUNCTION     0.00     0.00   450.60     0  00:00        0.00
  Syst_Est_amont       JUNCTION     0.69     0.69   430.69     0  00:08        0.69
  Syst_Est_interm      JUNCTION    19.39    56.92   466.92     0  00:08       19.50
  TWT_Branche_Est_Sonsto_60+540 JUNCTION     0.38     0.38   438.78     0  00:08        0.38
  TWT_Intersection_Sonsto_60+345 JUNCTION     1.46     1.47   438.47     0  00:08        1.47
  TWT_Chrosweg_61+140  JUNCTION     0.09     0.09   432.09     0  00:08        0.09
  SonSto_F_sup         JUNCTION     0.04     0.04   448.04     0  00:08        0.04
  SonSto_porte         JUNCTION     0.00     0.00   438.50     0  00:00        0.00
  Brunnm_Fassung       OUTFALL      0.10     0.10   433.90     0  00:06        0.10
  Brunnmuehle(Teich)   OUTFALL      0.22     0.22   435.72     0  00:06        0.22
  Fensterstollen       OUTFALL      0.72     0.72   437.72     0  00:08        0.72
  Gischeren            OUTFALL      0.00     0.00   480.00     0  00:00        0.00
  Schuettstein         OUTFALL      0.16     0.17   477.72     0  00:01        0.16
  Holiloch             OUTFALL      1.30     1.30   477.80     0  00:08        1.30
  Sauserquelle         OUTFALL      0.24     0.24   435.79     0  00:08        0.24
  Entw_Stollen         OUTFALL      0.10     0.10   436.60     0  00:08        0.10
  Sous_lacustre        OUTFALL      0.10     0.10   429.30     0  00:06        0.10
  Sous_ecoul.          OUTFALL      0.00     0.00   433.00     0  00:06        0.00
  Syst_Est_aval        OUTFALL      0.28     0.48   429.48     0  00:08        0.28
  TWT_Portail_Est_61+665 OUTFALL      0.07     0.07   421.67     0  00:08        0.07
  
  
  *******************
  Node Inflow Summary
  *******************
  
  -------------------------------------------------------------------------------------------------
                                  Maximum  Maximum                  Lateral       Total        Flow
                                  Lateral    Total  Time of Max      Inflow      Inflow     Balance
                                   Inflow   Inflow   Occurrence      Volume      Volume       Error
  Node                 Type           CMS      CMS  days hr:min    10^6 ltr    10^6 ltr     Percent
  -------------------------------------------------------------------------------------------------
  9                    JUNCTION         0     12.4     0  00:00           0         378       0.040
  Holiloch_sonde       JUNCTION         0     11.1     0  00:00           0         347      -0.008
  11                   JUNCTION         0    0.237     0  00:03           0        20.4      -0.003
  13                   JUNCTION         0     18.3     0  00:00           0    1.41e+03       0.020
  21                   JUNCTION         0    0.407     0  00:06           0        35.1      -0.011
  SonSto_F             JUNCTION         0     1.72     0  00:08           0        53.7    1195.005
  Sondierstollen       JUNCTION         0        0     0  00:00           0           0       0.000 ltr
  Aval_Trappe          JUNCTION         0     8.51     0  00:08           0         696       0.670
  30                   JUNCTION         0     12.8     0  00:08           0    1.08e+03      -1.074
  Gischeren_node       JUNCTION         0        0     0  00:00           0           0       0.000 ltr
  34                   JUNCTION         0    0.373     0  00:06           0        32.1      -0.002
  38                   JUNCTION         0    0.226     0  00:00           0        18.6       0.013
  SS6                  JUNCTION         0    0.148     0  00:02           0        12.6      -0.003
  40                   JUNCTION         0      1.7     0  00:08           0         147      -0.006
  41                   JUNCTION         0     3.06     0  00:00           0          23       0.167
  SondeSchuettstein    JUNCTION         0    0.556     0  00:00           0        22.9      -0.013
  SS4                  JUNCTION         0   0.0823     0  00:08           0         7.1       0.040
  47                   JUNCTION         0      6.8     0  00:01           0         334       0.101
  48                   JUNCTION         0    0.413     0  00:01           0        22.9       0.035
  SondeGischeren       JUNCTION         0    0.206     0  00:07           0        12.2       0.432
  49                   JUNCTION         0    0.869     0  00:02           0        12.6      -0.020
  50                   JUNCTION         0    0.179     0  00:08           0        12.1       0.016
  51                   JUNCTION         0       34     0  00:00           0    1.59e+03      -0.005
  Amont_C              JUNCTION      18.4     43.2     0  00:00    1.59e+03    1.59e+03       0.014
  52                   JUNCTION         0    0.224     0  00:05           0        16.5       0.132
  53                   JUNCTION         0     0.28     0  00:01           0        20.3       0.053
  54                   JUNCTION         0    0.235     0  00:08           0        20.3     126.403
  56                   JUNCTION         0    0.505     0  00:08           0        43.6       0.001
  2                    JUNCTION         0   0.0422     0  00:08           0        3.64      61.679
  4                    JUNCTION         0    0.342     0  00:06           0        29.4       0.018
  5                    JUNCTION         0     5.34     0  00:01           0         334       0.050
  6                    JUNCTION         0     8.09     0  00:00           0         347       0.031
  7                    JUNCTION         0     4.54     0  00:03           0         333       0.061
  SS3                  JUNCTION         0    0.143     0  00:08           0        12.1       0.015
  SS5                  JUNCTION         0    0.203     0  00:08           0        17.5       3.969
  8                    JUNCTION         0    0.212     0  00:08           0        18.3      49.942
  10                   JUNCTION         0    0.625     0  00:02           0        12.6       0.530
  SonSto_SS5           JUNCTION         0    0.179     0  00:08           0        15.4       4.277
  SonSto_SS3           JUNCTION         0    0.141     0  00:08           0        12.1      -2.969
  SonSto_SS4           JUNCTION         0    0.228     0  00:08           0        19.6       0.548
  Amont_Trappe         JUNCTION         0      1.7     0  00:07           0       0.208     -98.824
  SonSto_SS6           JUNCTION         0    0.317     0  00:08           0        27.3       2.791
  SS2                  JUNCTION         0        0     0  00:00           0           0       0.000 ltr
  SonSto_SS2           JUNCTION         0        0     0  00:00           0           0       0.000 ltr
  12                   JUNCTION         0    0.334     0  00:00           0          25       0.010
  14                   JUNCTION         0     1.26     0  00:06           0         109       0.032
  15                   JUNCTION         0    0.365     0  00:06           0        31.5       0.039
  TWT_PointHaut_60+650 JUNCTION         0    0.405     0  00:08           0        34.9      -0.579
  TWT_Fensterstollen_60+375 JUNCTION         0     11.2     0  00:08           0         888     -17.718
  TWT_Acces_LT_60+110  JUNCTION         0     4.04     0  00:04           0        1.16     -93.791
  TWT_Liaison_LT_59+738 JUNCTION         0        0     0  00:00           0           0       0.000 ltr
  Syst_Est_amont       JUNCTION      0.92     1.06     0  00:07        79.5        91.1     151.402
  Syst_Est_interm      JUNCTION         0      1.2     0  00:08           0        36.2       1.085
  TWT_Branche_Est_Sonsto_60+540 JUNCTION         0     3.26     0  00:08           0         281       0.229
  TWT_Intersection_Sonsto_60+345 JUNCTION         0     7.92     0  00:01           0         625      41.877
  TWT_Chrosweg_61+140  JUNCTION         0    0.273     0  00:08           0        23.5      20.110
  SonSto_F_sup         JUNCTION         0    0.365     0  00:08           0        31.5       0.002
  SonSto_porte         JUNCTION         0        0     0  00:00           0           0       0.000 ltr
  Brunnm_Fassung       OUTFALL          0   0.0315     0  00:06           0        2.68       0.000
  Brunnmuehle(Teich)   OUTFALL          0    0.337     0  00:06           0        28.9       0.000
  Fensterstollen       OUTFALL          0     12.7     0  00:08           0    1.09e+03       0.000
  Gischeren            OUTFALL          0        0     0  00:00           0           0       0.000 ltr
  Schuettstein         OUTFALL          0    0.282     0  00:01           0        22.9       0.000
  Holiloch             OUTFALL          0     3.86     0  00:08           0         333       0.000
  Sauserquelle         OUTFALL          0    0.505     0  00:08           0        43.6       0.000
  Entw_Stollen         OUTFALL          0   0.0261     0  00:08           0        2.25       0.000
  Sous_lacustre        OUTFALL          0   0.0352     0  00:06           0        3.01       0.000
  Sous_ecoul.          OUTFALL          0  0.00592     0  00:06           0       0.505       0.000
  Syst_Est_aval        OUTFALL          0     1.18     0  00:08           0        35.8       0.000
  TWT_Portail_Est_61+665 OUTFALL          0    0.228     0  00:08           0        19.6       0.000
  
  
  **********************
  Node Surcharge Summary
  **********************
  
  Surcharging occurs when water rises above the top of the highest conduit.
  ---------------------------------------------------------------------
                                               Max. Height   Min. Depth
                                   Hours       Above Crown    Below Rim
  Node                 Type      Surcharged         Meters       Meters
  ---------------------------------------------------------------------
  9                    JUNCTION       23.99         42.789       55.411
  Holiloch_sonde       JUNCTION       23.99         41.319      156.781
  11                   JUNCTION       24.00         46.167      103.373
  13                   JUNCTION       23.99         41.057      355.943
  21                   JUNCTION       24.00         40.126      109.274
  34                   JUNCTION       24.00         18.719       80.681
  38                   JUNCTION       24.00         22.777      126.623
  40                   JUNCTION       24.00         16.118       79.882
  41                   JUNCTION       23.99         43.641      205.509
  SondeSchuettstein    JUNCTION       23.98         20.760        0.000
  47                   JUNCTION       23.98         11.381       86.719
  48                   JUNCTION       23.98          8.569       90.631
  SondeGischeren       JUNCTION       23.87          8.708       90.092
  49                   JUNCTION       23.95          4.764      187.236
  50                   JUNCTION       23.86          6.615      193.085
  51                   JUNCTION       24.00         58.645      337.355
  Amont_C              JUNCTION       24.00         90.248      306.752
  52                   JUNCTION       23.89          8.443       91.157
  53                   JUNCTION       23.96          5.620      189.380
  56                   JUNCTION       24.00          5.143       93.857
  4                    JUNCTION       23.99          8.494       90.856
  5                    JUNCTION       23.95          0.563       44.437
  6                    JUNCTION       23.98         15.369      179.631
  10                   JUNCTION       23.95          2.792      189.208
  12                   JUNCTION       23.98         12.975      186.675
  Syst_Est_interm      JUNCTION       23.86         55.424       43.076
  
  
  *********************
  Node Flooding Summary
  *********************
  
  No nodes were flooded.
  
  
  ***********************
  Outfall Loading Summary
  ***********************
  
  -----------------------------------------------------------
                         Flow       Avg       Max       Total
                         Freq      Flow      Flow      Volume
  Outfall Node           Pcnt       CMS       CMS    10^6 ltr
  -----------------------------------------------------------
  Brunnm_Fassung        99.95    0.0311    0.0315       2.682
  Brunnmuehle(Teich)    99.95     0.334     0.337      28.877
  Fensterstollen        99.97      12.7      12.7    1094.216
  Gischeren              0.00         0         0       0.000
  Schuettstein          99.91     0.266     0.282      22.922
  Holiloch              99.84      3.86      3.86     333.157
  Sauserquelle          99.97     0.504     0.505      43.556
  Entw_Stollen          99.96    0.0261    0.0261       2.251
  Sous_lacustre        100.00    0.0348    0.0352       3.009
  Sous_ecoul.           99.95   0.00585   0.00592       0.505
  Syst_Est_aval         99.43     0.417      1.18      35.850
  TWT_Portail_Est_61+665  99.94     0.227     0.228      19.587
  -----------------------------------------------------------
  System                91.57      18.4      18.4    1586.610
  
  
  ********************
  Link Flow Summary
  ********************
  
  -----------------------------------------------------------------------------
                                 Maximum  Time of Max   Maximum    Max/    Max/
                                  |Flow|   Occurrence   |Veloc|    Full    Full
  Link                 Type          CMS  days hr:min     m/sec    Flow   Depth
  -----------------------------------------------------------------------------
  Brunn_Fassung_L      CONDUIT    0.0315     0  00:06      1.37    0.52    0.76
  11                   CONDUIT      11.1     0  00:00      6.41    1.66    1.00
  14                   CONDUIT      12.4     0  00:00      8.31    6.77    1.00
  16                   CONDUIT     0.237     0  00:03      2.77    1.65    1.00
  17                   CONDUIT     0.227     0  00:00      0.80    0.39    1.00
  26                   CONDUIT      3.06     0  00:00      5.39    4.14    1.00
  27                   CONDUIT    0.0734     0  00:08      1.93    0.94    1.00
  Gischeren_L          CONDUIT         0     0  00:00      0.00    0.00    0.00
  Schuettstein_L       CONDUIT     0.282     0  00:01      2.02    0.24    0.67
  Brunnmuehle_L        CONDUIT     0.373     0  00:06      1.32    0.18    1.00
  32                   CONDUIT         0     0  00:00      0.00    0.00    0.00
  35                   CONDUIT         0     0  00:00      0.00    0.00    0.50
  45                   CONDUIT     0.308     0  00:08      3.57    0.00    0.12
  46                   CONDUIT     0.505     0  00:08      1.78    0.50    1.00
  47                   CONDUIT     0.106     0  00:06      2.78    6.60    1.00
  50                   CONDUIT     0.413     0  00:01      1.33    0.08    1.00
  51                   CONDUIT    0.0399     0  00:03      0.42    0.11    1.00
  53                   CONDUIT     0.226     0  00:00      1.36    1.15    1.00
  Fenster_L            CONDUIT      12.7     0  00:08      9.45    0.13    0.26
  58                   CONDUIT      8.46     0  00:08      6.31    0.11    0.25
  59                   CONDUIT     0.171     0  00:08      2.33    0.00    0.03
  61                   CONDUIT     0.556     0  00:00      2.73    0.78    1.00
  63                   CONDUIT     0.148     0  00:02      2.05    0.67    0.52
  66                   CONDUIT     0.179     0  00:08      2.63    2.36    1.00
  67                   CONDUIT      18.3     0  00:00      4.86    0.18    1.00
  Amont_L              CONDUIT        34     0  00:00      4.80    1.84    1.00
  69                   CONDUIT     0.224     0  00:05      1.89    0.88    1.00
  70                   CONDUIT     0.191     0  00:08      1.52    0.59    1.00
  71                   CONDUIT      0.28     0  00:01      1.24    0.50    1.00
  72                   CONDUIT     0.235     0  00:08      1.26    1.11    0.73
  Sauser_L             CONDUIT     0.505     0  00:08      0.98    0.13    0.62
  75                   CONDUIT    0.0823     0  00:08      2.80    0.84    0.63
  Entw_Sto_L           CONDUIT    0.0261     0  00:08      1.77    0.60    0.56
  4                    CONDUIT    0.0215     0  00:08      1.21    0.96    0.77
  5                    CONDUIT    0.0207     0  00:08      0.97    0.74    0.78
  6                    CONDUIT    0.0352     0  00:06      1.38    0.53    0.76
  7                    CONDUIT     0.342     0  00:06      1.74    0.53    1.00
  Brunn_Teich_L        CONDUIT     0.337     0  00:06      1.42    0.26    0.67
  9                    CONDUIT   0.00592     0  00:06      1.49    0.00    0.50
  12                   CONDUIT      5.34     0  00:01      3.27    0.11    1.00
  15                   CONDUIT      8.09     0  00:00      4.54    0.21    1.00
  18                   CONDUIT       6.8     0  00:01      3.70    0.27    1.00
  19                   CONDUIT     0.869     0  00:02      1.18    0.82    1.00
  20                   CONDUIT      1.55     0  00:07      2.79    0.12    0.74
  21                   CONDUIT      4.54     0  00:03      0.54    0.03    0.81
  Hooliloch_L          CONDUIT      3.86     0  00:08      1.02    0.08    0.54
  23                   CONDUIT     0.143     0  00:08      3.20    0.90    0.62
  25                   CONDUIT     0.212     0  00:08      1.28    0.17    0.55
  28                   CONDUIT     0.145     0  00:08      2.36    0.00    0.03
  29                   CONDUIT    0.0234     0  00:08      0.68    0.00    0.03
  31                   CONDUIT         0     0  00:00      0.00    0.00    0.03
  33                   CONDUIT     0.625     0  00:02      0.77    0.24    1.00
  37                   CONDUIT     0.155     0  00:08      0.39    0.00    0.11
  SS3_L                CONDUIT     0.141     0  00:08      3.04    0.00    0.04
  40                   CONDUIT       1.7     0  00:07      1.29    0.01    0.16
  SS6_L                CONDUIT     0.148     0  00:02      4.05    0.00    0.04
  1                    CONDUIT         0     0  00:00      0.00    0.00    0.02
  2                    CONDUIT         0     0  00:00      0.00    0.00    0.00
  3                    CONDUIT    0.0822     0  00:08      4.30    0.01    0.07
  10                   CONDUIT     0.203     0  00:08      1.49    0.00    0.10
  13                   CONDUIT     0.334     0  00:00      3.80    0.72    1.00
  22                   CONDUIT     0.289     0  00:06      3.00    0.72    1.00
  24                   CONDUIT      1.26     0  00:06      2.29    0.00    0.77
  30                   CONDUIT      1.26     0  00:08      2.29    0.53    0.77
  34                   CONDUIT     0.365     0  00:06      1.84    0.41    0.78
  36                   CONDUIT     0.365     0  00:08      5.69    0.39    0.31
  38                   CONDUIT     0.206     0  00:07      2.40    0.08    0.64
  48                   CONDUIT      1.06     0  00:08      2.52    0.71    0.84
  54                   CONDUIT      1.18     0  00:08      0.95    0.22    0.66
  68                   CONDUIT     0.157     0  00:08      7.05    0.00    0.11
  73                   CONDUIT         0     0  00:00      0.00    0.00    0.03
  TWT1                 CONDUIT     0.228     0  00:08      2.39    0.00    0.01
  TWT2                 CONDUIT     0.273     0  00:08      2.32    0.00    0.01
  TWT3                 CONDUIT     0.405     0  00:08      0.90    0.00    0.03
  TWT4                 CONDUIT      2.85     0  00:08      1.56    0.00    0.09
  1_2_b_               CONDUIT         0     0  00:00      0.00    0.00    0.06
  1_2_b_1              CONDUIT      2.05     0  00:04     12.68    7.90    1.00
  1_2_b_2              CONDUIT    0.0363     0  00:08      0.34    0.01    0.54
  1_2_b_3              CONDUIT     0.353     0  00:01      2.03    0.27    1.00
  1_3_b_1              CONDUIT     0.135     0  00:07      1.08    0.11    0.61
  TWT5                 CONDUIT      5.96     0  00:08      1.37    0.01    0.16
  1_4_a                CONDUIT      8.05     0  00:08      4.69    0.12    0.31
  1_4_a_1              CONDUIT      7.05     0  00:04     44.95    9.45    1.00
  TWT6                 CONDUIT      4.04     0  00:04      1.35    0.01    0.16
  1_4_b                CONDUIT         0     0  00:00      0.00    0.00    0.24
  TWT7                 CONDUIT         0     0  00:00      0.00    0.00    0.07
  1_5_a                CONDUIT         0     0  00:00      0.00    0.00    0.03
  1_7_a                CONDUIT      7.31     0  00:07      3.33    1.66    0.19
  1_7_a_               CONDUIT     0.172     0  00:08      2.22    0.01    0.42
  1_7_a__              CONDUIT     0.936     0  00:08      5.11    0.14    0.88
  1_7_a_1              CONDUIT      2.15     0  00:08     11.77   10.96    0.88
  
  
  ***************************
  Flow Classification Summary
  ***************************
  
  -------------------------------------------------------------------------------------
                      Adjusted    ---------- Fraction of Time in Flow Class ---------- 
                       /Actual         Up    Down  Sub   Sup   Up    Down  Norm  Inlet 
  Conduit               Length    Dry  Dry   Dry   Crit  Crit  Crit  Crit  Ltd   Ctrl  
  -------------------------------------------------------------------------------------
  Brunn_Fassung_L         1.00   0.00  0.00  0.00  0.00  1.00  0.00  0.00  0.00  0.00
  11                      1.00   0.00  0.00  0.00  1.00  0.00  0.00  0.00  0.00  0.00
  14                      1.00   0.00  0.00  0.00  1.00  0.00  0.00  0.00  0.00  0.00
  16                      1.00   0.00  0.00  0.00  1.00  0.00  0.00  0.00  0.00  0.00
  17                      1.00   0.00  0.00  0.00  1.00  0.00  0.00  0.00  0.00  0.00
  26                      1.00   0.00  0.00  0.00  1.00  0.00  0.00  0.00  0.00  0.00
  27                      1.00   0.00  0.00  0.00  1.00  0.00  0.00  0.00  0.00  0.00
  Gischeren_L             1.00   1.00  0.00  0.00  0.00  0.00  0.00  0.00  0.00  0.00
  Schuettstein_L          1.00   0.00  0.00  0.00  0.00  1.00  0.00  0.00  0.00  0.00
  Brunnmuehle_L           1.00   0.00  0.00  0.00  1.00  0.00  0.00  0.00  0.00  0.00
  32                      1.00   1.00  0.00  0.00  0.00  0.00  0.00  0.00  0.00  0.00
  35                      1.00   0.00  1.00  0.00  0.00  0.00  0.00  0.00  0.00  0.00
  45                      1.00   0.00  0.00  0.00  1.00  0.00  0.00  0.00  1.00  0.00
  46                      1.00   0.00  0.00  0.00  1.00  0.00  0.00  0.00  0.00  0.00
  47                      1.00   0.00  0.00  0.00  1.00  0.00  0.00  0.00  0.00  0.00
  50                      1.00   0.00  0.00  0.00  1.00  0.00  0.00  0.00  0.00  0.00
  51                      1.00   0.00  0.00  0.00  1.00  0.00  0.00  0.00  0.00  0.00
  53                      1.00   0.00  0.00  0.00  1.00  0.00  0.00  0.00  0.00  0.00
  Fenster_L               1.00   0.00  0.00  0.00  0.00  1.00  0.00  0.00  0.00  0.00
  58                      1.00   0.00  0.00  0.00  0.00  1.00  0.00  0.00  0.99  0.00
  59                      1.00   0.00  0.00  0.00  0.00  1.00  0.00  0.00  0.00  0.00
  61                      1.00   0.00  0.00  0.00  1.00  0.00  0.00  0.00  0.00  0.00
  63                      1.00   0.00  0.00  0.00  1.00  0.00  0.00  0.00  0.00  0.00
  66                      1.00   0.00  0.00  0.00  1.00  0.00  0.00  0.00  0.00  0.00
  67                      1.00   0.00  0.00  0.00  1.00  0.00  0.00  0.00  0.00  0.00
  Amont_L                 1.00   0.00  0.00  0.00  1.00  0.00  0.00  0.00  0.00  0.00
  69                      1.00   0.00  0.00  0.00  1.00  0.00  0.00  0.00  0.00  0.00
  70                      1.00   0.00  0.00  0.00  1.00  0.00  0.00  0.00  0.00  0.00
  71                      1.00   0.00  0.00  0.00  1.00  0.00  0.00  0.00  0.00  0.00
  72                      1.00   0.00  0.00  0.00  1.00  0.00  0.00  0.00  0.00  0.00
  Sauser_L                1.00   0.00  0.00  0.00  1.00  0.00  0.00  0.00  0.00  0.00
  75                      1.00   0.00  0.00  0.00  0.00  1.00  0.00  0.00  0.00  0.00
  Entw_Sto_L              1.00   0.00  0.00  0.00  0.00  1.00  0.00  0.00  0.00  0.00
  4                       1.00   0.00  0.00  0.00  1.00  0.00  0.00  0.00  0.00  0.00
  5                       1.00   0.00  0.00  0.00  1.00  0.00  0.00  0.00  0.00  0.00
  6                       1.00   0.00  0.00  0.00  0.00  1.00  0.00  0.00  0.00  0.00
  7                       1.00   0.00  0.00  0.00  1.00  0.00  0.00  0.00  0.00  0.00
  Brunn_Teich_L           1.00   0.00  0.00  0.00  1.00  0.00  0.00  0.00  0.00  0.00
  9                       1.00   0.00  0.00  0.00  0.00  1.00  0.00  0.00  0.00  0.00
  12                      1.00   0.00  0.00  0.00  1.00  0.00  0.00  0.00  0.00  0.00
  15                      1.00   0.00  0.00  0.00  1.00  0.00  0.00  0.00  0.00  0.00
  18                      1.00   0.00  0.00  0.00  1.00  0.00  0.00  0.00  0.00  0.00
  19                      1.00   0.00  0.00  0.00  1.00  0.00  0.00  0.00  0.00  0.00
  20                      1.00   0.00  0.00  0.00  1.00  0.00  0.00  0.00  0.00  0.00
  21                      1.00   0.00  0.00  0.00  1.00  0.00  0.00  0.00  0.00  0.00
  Hooliloch_L             1.00   0.00  0.00  0.00  1.00  0.00  0.00  0.00  0.00  0.00
  23                      1.00   0.00  0.00  0.00  0.00  1.00  0.00  0.00  0.00  0.00
  25                      1.00   0.00  0.00  0.00  1.00  0.00  0.00  0.00  0.00  0.00
  28                      1.00   0.00  0.00  0.00  0.00  1.00  0.00  0.00  0.00  0.00
  29                      1.00   0.00  0.00  0.00  1.00  0.00  0.00  0.00  1.00  0.00
  31                      1.00   0.00  1.00  0.00  0.00  0.00  0.00  0.00  0.00  0.00
  33                      1.00   0.00  0.00  0.00  1.00  0.00  0.00  0.00  0.00  0.00
  37                      1.00   0.00  0.00  0.00  1.00  0.00  0.00  0.00  0.00  0.00
  SS3_L                   1.00   0.00  0.00  0.00  0.00  1.00  0.00  0.00  1.00  0.00
  40                      1.00   0.00  0.00  0.00  1.00  0.00  0.00  0.00  0.00  0.00
  SS6_L                   1.00   0.00  0.00  0.00  0.00  1.00  0.00  0.00  1.00  0.00
  1                       1.00   0.00  1.00  0.00  0.00  0.00  0.00  0.00  0.00  0.00
  2                       1.00   1.00  0.00  0.00  0.00  0.00  0.00  0.00  0.00  0.00
  3                       1.00   0.00  0.00  0.00  0.00  1.00  0.00  0.00  1.00  0.00
  10                      1.00   0.00  0.00  0.00  1.00  0.00  0.00  0.00  1.00  0.00
  13                      1.00   0.00  0.00  0.00  1.00  0.00  0.00  0.00  0.00  0.00
  22                      1.00   0.00  0.00  0.00  1.00  0.00  0.00  0.00  0.00  0.00
  24                      1.00   0.00  0.00  0.00  1.00  0.00  0.00  0.00  0.00  0.00
  30                      1.00   0.00  0.00  0.00  1.00  0.00  0.00  0.00  1.00  0.00
  34                      1.00   0.00  0.00  0.00  1.00  0.00  0.00  0.00  0.00  0.00
  36                      1.00   0.00  0.00  0.00  0.00  1.00  0.00  0.00  0.00  0.00
  38                      1.00   0.00  0.00  0.00  1.00  0.00  0.00  0.00  0.00  0.00
  48                      1.00   0.00  0.00  0.00  1.00  0.00  0.00  0.00  0.00  0.00
  54                      1.00   0.00  0.01  0.00  0.99  0.00  0.00  0.00  0.00  0.00
  68                      1.00   0.00  0.00  0.00  1.00  0.00  0.00  0.00  1.00  0.00
  73                      1.00   0.00  1.00  0.00  0.00  0.00  0.00  0.00  0.00  0.00
  TWT1                    1.00   0.00  0.00  0.00  0.00  1.00  0.00  0.00  0.00  0.00
  TWT2                    1.00   0.00  0.00  0.00  0.00  1.00  0.00  0.00  0.00  0.00
  TWT3                    1.00   0.00  0.00  0.00  1.00  0.00  0.00  0.00  0.00  0.00
  TWT4                    1.00   0.00  0.00  0.00  1.00  0.00  0.00  0.00  1.00  0.00
  1_2_b_                  1.00   0.00  1.00  0.00  0.00  0.00  0.00  0.00  0.00  0.00
  1_2_b_1                 1.00   0.00  0.00  0.00  1.00  0.00  0.00  0.00  0.00  0.00
  1_2_b_2                 1.00   0.00  0.00  0.00  1.00  0.00  0.00  0.00  1.00  0.00
  1_2_b_3                 1.00   0.00  0.00  0.00  1.00  0.00  0.00  0.00  0.00  0.00
  1_3_b_1                 1.00   0.00  0.00  0.00  1.00  0.00  0.00  0.00  1.00  0.00
  TWT5                    1.00   0.00  0.00  0.00  1.00  0.00  0.00  0.00  0.00  0.00
  1_4_a                   1.00   0.00  0.00  0.00  0.00  1.00  0.00  0.00  0.00  0.00
  1_4_a_1                 1.00   0.00  0.00  0.00  1.00  0.00  0.00  0.00  0.00  0.00
  TWT6                    1.00   0.00  0.00  0.00  1.00  0.00  0.00  0.00  0.00  0.00
  1_4_b                   1.00   0.00  1.00  0.00  0.00  0.00  0.00  0.00  0.00  0.00
  TWT7                    1.00   0.00  1.00  0.00  0.00  0.00  0.00  0.00  0.00  0.00
  1_5_a                   1.00   0.00  1.00  0.00  0.00  0.00  0.00  0.00  0.00  0.00
  1_7_a                   1.00   0.00  0.00  0.00  1.00  0.00  0.00  0.00  0.00  0.00
  1_7_a_                  1.00   0.00  0.00  0.00  0.00  1.00  0.00  0.00  1.00  0.00
  1_7_a__                 1.00   0.00  0.00  0.00  0.00  1.00  0.00  0.00  0.00  0.00
  1_7_a_1                 1.00   0.00  0.00  0.00  0.00  1.00  0.00  0.00  0.00  0.00
  
  
  *************************
  Conduit Surcharge Summary
  *************************
  
  ----------------------------------------------------------------------------
                                                           Hours        Hours 
                         --------- Hours Full --------   Above Full   Capacity
  Conduit                Both Ends  Upstream  Dnstream   Normal Flow   Limited
  ----------------------------------------------------------------------------
  Brunn_Fassung_L             0.01      0.01     24.00      0.01         0.01
  11                         23.99     23.99     23.99      0.01         0.01
  14                         23.99     23.99     23.99     23.99         0.01
  16                         24.00     24.00     24.00     23.99        23.99
  17                         24.00     24.00     24.00      0.01         0.01
  26                         23.99     24.00     23.99      0.01         0.01
  27                         23.96     23.96     23.97      0.01         0.01
  Schuettstein_L              0.01      0.01     23.98      0.01         0.01
  Brunnmuehle_L              24.00     24.00     24.00      0.01         0.01
  46                         24.00     24.00     24.00      0.01         0.01
  47                         24.00     24.00     24.00     24.00        24.00
  50                         23.98     23.98     23.98      0.01         0.01
  51                         23.96     23.96     23.99      0.01         0.01
  53                         24.00     24.00     24.00     23.99         0.01
  61                         23.98     23.98     23.99      0.01         0.01
  63                          0.01     23.97      0.01      0.01         0.01
  66                         23.86     23.96     23.86     23.94        23.86
  67                         23.99     23.99     24.00      0.01         0.01
  Amont_L                    24.00     24.00     24.00      0.01         0.01
  69                         23.89     23.89     24.00      0.01         0.01
  70                         23.89     23.89     24.00      0.01         0.01
  71                         23.97     23.97     23.99      0.01         0.01
  72                          0.01     23.96      0.01     23.93         0.01
  Sauser_L                    0.01      0.01     24.00      0.01         0.01
  75                          0.01     23.96      0.01      0.01         0.01
  4                           0.01     23.96      0.01      0.01         0.01
  5                           0.01      0.01     24.00      0.01         0.01
  6                           0.01      0.01     24.00      0.01         0.01
  7                          23.99     23.99     24.00      0.01         0.01
  Brunn_Teich_L               0.01      0.01     23.99      0.01         0.01
  9                           0.01      0.01     23.99      0.01         0.01
  12                         23.98     23.98     23.98      0.01         0.01
  15                         23.99     23.99     23.99      0.01         0.01
  18                         23.98     23.98     23.98      0.01         0.01
  19                         23.97     23.97     23.98      0.01         0.01
  21                          0.01      0.01     23.95      0.01         0.01
  23                          0.01     23.86      0.01      0.01         0.01
  25                          0.01      0.01     23.99      0.01         0.01
  33                         23.95     23.95     23.95      0.01         0.01
  13                         23.98     23.98     24.00      0.01         0.01
  22                         23.98     23.98     24.00      0.01         0.01
  24                          0.01      0.01     23.99      0.01         0.01
  30                          0.01      0.01     23.99      0.01         0.01
  34                          0.01      0.01     23.99      0.01         0.01
  38                          0.01      0.01     23.89      0.01         0.01
  48                          0.01      0.01     23.90      0.01         0.01
  54                          0.01      0.01     23.86      0.01         0.01
  1_2_b_1                    23.97     24.00     23.97     24.00        23.97
  1_2_b_2                     0.01      0.01     23.97      0.01         0.01
  1_2_b_3                    23.97     23.97     24.00      0.01         0.01
  1_3_b_1                     0.01      0.01     23.97      0.01         0.01
  1_4_a_1                    23.99     24.00     23.99     23.99        23.99
  1_7_a                       0.01      0.01      0.01     23.92         0.01
  1_7_a__                     0.01      0.01     24.00      0.01         0.01
  1_7_a_1                     0.01      0.01     24.00     23.99         0.01
  

  Analysis begun on:  Fri Aug 14 16:17:50 2026
  Analysis ended on:  Fri Aug 14 16:17:52 2026
  Total elapsed time: 00:00:02