
  EPA STORM WATER MANAGEMENT MODEL - VERSION 5.2 (Build 5.2.4)
  ------------------------------------------------------------

  Brunnmuehle (Twann) 
  WARNING 08: elevation drop exceeds length for Conduit SS3_L
  WARNING 08: elevation drop exceeds length for Conduit SS6_L
  WARNING 08: elevation drop exceeds length for Conduit 2
  WARNING 08: elevation drop exceeds length for Conduit 3
  WARNING 08: elevation drop exceeds length for Conduit 68
  WARNING 08: elevation drop exceeds length for Conduit 1_2_b_
  WARNING 08: elevation drop exceeds length for Conduit 1_2_b_2
  WARNING 08: elevation drop exceeds length for Conduit 1_2_b_3
  WARNING 08: elevation drop exceeds length for Conduit 1_2_b_5
  WARNING 08: elevation drop exceeds length for Conduit 1_4_a
  WARNING 08: elevation drop exceeds length for Conduit 1_4_a_1
  WARNING 08: elevation drop exceeds length for Conduit 1_4_b
  WARNING 08: elevation drop exceeds length for Conduit 1_5_a
  WARNING 02: maximum depth increased for Node 2
  
  ****************
  Analysis Options
  ****************
  Flow Units ............... CMS
  Process Models:
    Rainfall/Runoff ........ NO
    RDII ................... NO
    Snowmelt ............... NO
    Groundwater ............ NO
    Flow Routing ........... YES
    Ponding Allowed ........ NO
    Water Quality .......... NO
  Flow Routing Method ...... DYNWAVE
  Surcharge Method ......... EXTRAN
  Starting Date ............ 01/01/2000 00:00:00
  Ending Date .............. 01/02/2000 00:00:00
  Antecedent Dry Days ...... 0.0
  Report Time Step ......... 01:00:00
  Routing Time Step ........ 0.50 sec
  Variable Time Step ....... YES
  Maximum Trials ........... 8
  Number of Threads ........ 1
  Head Tolerance ........... 0.001500 m
  
  
  **************************        Volume        Volume
  Flow Routing Continuity        hectare-m      10^6 ltr
  **************************     ---------     ---------
  Dry Weather Inflow .......         0.000         0.000
  Wet Weather Inflow .......         0.000         0.000
  Groundwater Inflow .......         0.000         0.000
  RDII Inflow ..............         0.000         0.000
  External Inflow ..........       133.343      1333.445
  External Outflow .........        64.374       643.742
  Flooding Loss ............        69.405       694.056
  Evaporation Loss .........         0.000         0.000
  Exfiltration Loss ........         0.000         0.000
  Initial Stored Volume ....         0.056         0.562
  Final Stored Volume ......         0.302         3.017
  Continuity Error (%) .....        -0.510
  
  
  *************************
  Highest Continuity Errors
  *************************
  Node 2 (-1347.14%)
  Node Syst_Est_interm (100.00%)
  Node TWT_Acces_LT_60+110 (91.72%)
  Node SondeGischeren (66.50%)
  Node 54 (55.14%)
  
  
  ***************************
  Time-Step Critical Elements
  ***************************
  Link 1_4_a_1 (41715.70%)
  Link 1_4_b (7.73%)
  
  
  ********************************
  Highest Flow Instability Indexes
  ********************************
  All links are stable.
  
  
  *********************************
  Most Frequent Nonconverging Nodes
  *********************************
  Node Brunnm_Fassung (93.72%)
  Node Brunnmuehle(Teich) (93.72%)
  Node Fensterstollen (93.72%)
  Node Gischeren (93.72%)
  Node Schuettstein (93.72%)
  
  
  *************************
  Routing Time Step Summary
  *************************
  Minimum Time Step           :     0.50 sec
  Average Time Step           :     0.50 sec
  Maximum Time Step           :     0.50 sec
  % of Time in Steady State   :    99.76
  Average Iterations per Step :     7.98
  % of Steps Not Converging   :    93.72
  Time Step Frequencies       :
      0.500 -  0.500 sec      :   100.00 %
      0.500 -  0.500 sec      :     0.00 %
      0.500 -  0.500 sec      :     0.00 %
      0.500 -  0.500 sec      :     0.00 %
      0.500 -  0.500 sec      :     0.00 %
  
  
  ******************
  Node Depth Summary
  ******************
  
  ---------------------------------------------------------------------------------
                                 Average  Maximum  Maximum  Time of Max    Reported
                                   Depth    Depth      HGL   Occurrence   Max Depth
  Node                 Type       Meters   Meters   Meters  days hr:min      Meters
  ---------------------------------------------------------------------------------
  9                    JUNCTION    41.35    44.15   482.65     0  00:00       41.38
  Holiloch_sonde       JUNCTION    39.05    43.47   483.47     0  00:00       39.08
  11                   JUNCTION    45.20    46.07   456.07     0  00:03       45.21
  13                   JUNCTION    46.01    46.10   484.10     0  00:02       46.03
  21                   JUNCTION    39.54    39.56   439.56     0  00:03       39.55
  SonSto_F             JUNCTION     0.11     0.11   437.91     0  00:03        0.11
  Sondierstollen       JUNCTION     0.00     0.00   440.80     0  00:00        0.00
  Aval_Trappe          JUNCTION     0.25     0.26   437.86     0  00:02        0.25
  30                   JUNCTION     0.23     0.24   437.54     0  00:02        0.23
  Gischeren_node       JUNCTION     0.00     0.00   476.50     0  00:00        0.00
  34                   JUNCTION    18.51    18.54   438.54     0  00:00       18.52
  38                   JUNCTION    22.44    22.67   442.67     0  00:03       22.45
  SS6                  JUNCTION     0.07     0.07   448.07     0  00:02        0.07
  40                   JUNCTION    29.24    29.25   448.25     0  00:03       29.25
  41                   JUNCTION    46.41    46.50   484.00     0  00:02       46.43
  SondeSchuettstein    JUNCTION    20.17    21.86   480.86     0  00:01       20.18
  SS4                  JUNCTION     0.06     0.06   448.06     0  00:02        0.06
  47                   JUNCTION    13.41    13.44   478.34     0  00:03       13.43
  48                   JUNCTION     8.06     9.64   480.64     0  00:01        8.06
  SondeGischeren       JUNCTION     0.53     0.53   465.53     0  00:03        0.53
  49                   JUNCTION    12.43    13.54   479.54     0  00:02       12.45
  50                   JUNCTION     0.18     0.18   463.18     0  00:03        0.18
  51                   JUNCTION    64.33    64.43   484.43     0  00:02       64.36
  Amont_C              JUNCTION    67.61    87.54   505.54     0  00:00       67.64
  52                   JUNCTION     0.23     0.23   457.23     0  00:03        0.23
  53                   JUNCTION    10.45    13.01   480.01     0  00:02       10.46
  54                   JUNCTION     0.81     0.81   463.81     0  00:03        0.81
  56                   JUNCTION     6.67     6.67   436.67     0  00:03        6.67
  2                    JUNCTION     1.89    13.43   451.43     0  00:03        1.89
  4                    JUNCTION     8.54     9.31   437.31     0  00:00        8.54
  5                    JUNCTION     5.66     5.67   478.17     0  00:03        5.67
  6                    JUNCTION    20.60    20.62   478.62     0  00:03       20.62
  7                    JUNCTION     3.16     3.17   478.17     0  00:03        3.17
  SS3                  JUNCTION     0.04     0.04   448.04     0  00:03        0.04
  SS5                  JUNCTION     0.60     0.60   439.50     0  00:03        0.60
  8                    JUNCTION     0.20     0.20   474.20     0  00:01        0.20
  10                   JUNCTION    10.44    11.57   479.57     0  00:02       10.46
  SonSto_SS5           JUNCTION     0.13     0.13   439.43     0  00:03        0.13
  SonSto_SS3           JUNCTION     0.06     0.06   439.76     0  00:03        0.06
  SonSto_SS4           JUNCTION     0.10     0.10   439.50     0  00:03        0.10
  Amont_Trappe         JUNCTION     0.18     0.18   437.88     0  00:02        0.18
  SonSto_SS6           JUNCTION     0.13     0.13   438.83     0  00:03        0.13
  SS2                  JUNCTION     0.00     0.00   448.00     0  00:00        0.00
  SonSto_SS2           JUNCTION     0.00     0.00   441.50     0  00:00        0.00
  12                   JUNCTION    18.49    18.51   467.51     0  00:03       18.51
  14                   JUNCTION     3.63     3.63   468.63     0  00:03        3.63
  15                   JUNCTION     0.31     0.31   472.31     0  00:03        0.31
  TWT_PointHaut_60+650 JUNCTION     0.00     0.00   438.50     0  00:00        0.00
  TWT_Fensterstollen_60+375 JUNCTION     0.09     0.09   441.39     0  00:03        0.09
  TWT_Acces_LT_60+110  JUNCTION     0.00     0.00   441.50     0  00:03        0.00
  TWT_Liaison_LT_59+738 JUNCTION     0.01     0.07   450.67     0  00:03        0.01
  Syst_Est_amont       JUNCTION     0.52     0.52   430.52     0  00:03        0.52
  Syst_Est_interm      JUNCTION     0.37     0.37   410.37     0  00:03        0.37
  TWT_Branche_Est_Sonsto_60+540 JUNCTION     0.00     0.00   442.40     0  00:00        0.00
  TWT_Intersection_Sonsto_60+345 JUNCTION     0.18     0.18   441.08     0  00:03        0.18
  TWT_Chrosweg_61+140  JUNCTION     0.00     0.00   432.00     0  00:00        0.00
  SonSto_F_sup         JUNCTION     0.05     0.05   448.05     0  00:03        0.05
  SonSto_porte         JUNCTION     3.00     3.00   441.50     0  00:03        3.00
  Brunnm_Fassung       OUTFALL      0.09     0.09   433.89     0  00:03        0.09
  Brunnmuehle(Teich)   OUTFALL      0.21     0.21   435.71     0  00:03        0.21
  Fensterstollen       OUTFALL      0.23     0.23   437.23     0  00:03        0.23
  Gischeren            OUTFALL      0.00     0.00   480.00     0  00:00        0.00
  Schuettstein         OUTFALL      0.18     0.18   477.73     0  00:01        0.18
  Holiloch             OUTFALL      1.38     1.38   477.88     0  00:03        1.38
  Sauserquelle         OUTFALL      0.34     0.34   435.89     0  00:03        0.34
  Entw_Stollen         OUTFALL      0.18     0.18   436.68     0  00:02        0.18
  Sous_lacustre        OUTFALL      0.10     0.10   429.30     0  00:03        0.10
  Sous_ecoul.          OUTFALL      0.00     0.00   433.00     0  00:00        0.00
  Syst_Est_aval        OUTFALL      0.00     0.00   429.00     0  00:00        0.00
  TWT_Portail_Est_61+665 OUTFALL      0.00     0.00   421.60     0  00:00        0.00
  
  
  *******************
  Node Inflow Summary
  *******************
  
  -------------------------------------------------------------------------------------------------
                                  Maximum  Maximum                  Lateral       Total        Flow
                                  Lateral    Total  Time of Max      Inflow      Inflow     Balance
                                   Inflow   Inflow   Occurrence      Volume      Volume       Error
  Node                 Type           CMS      CMS  days hr:min    10^6 ltr    10^6 ltr     Percent
  -------------------------------------------------------------------------------------------------
  9                    JUNCTION         0     12.4     0  00:00           0         458       0.010
  Holiloch_sonde       JUNCTION         0     11.2     0  00:00           0         424       0.028
  11                   JUNCTION         0    0.245     0  00:01           0          21      -0.004
  13                   JUNCTION         0       15     0  00:00           0    1.06e+03       0.021
  21                   JUNCTION         0    0.371     0  00:03           0          32       0.020
  SonSto_F             JUNCTION         0    0.778     0  00:03           0        67.1       0.354
  Sondierstollen       JUNCTION         0        0     0  00:00           0           0       0.000 ltr
  Aval_Trappe          JUNCTION         0     1.13     0  00:03           0        97.8       0.265
  30                   JUNCTION         0     1.17     0  00:03           0         101      -0.603
  Gischeren_node       JUNCTION         0        0     0  00:00           0           0       0.000 ltr
  34                   JUNCTION         0    0.338     0  00:03           0        29.1       0.015
  38                   JUNCTION         0    0.229     0  00:00           0        19.2       0.005
  SS6                  JUNCTION         0    0.152     0  00:02           0        12.7       0.004
  40                   JUNCTION         0     1.73     0  00:03           0         150      -0.002
  41                   JUNCTION         0     1.66     0  00:00           0        27.9       0.049
  SondeSchuettstein    JUNCTION         0    0.583     0  00:00           0        27.9       0.095
  SS4                  JUNCTION         0   0.0815     0  00:02           0        6.77       0.057
  47                   JUNCTION         0     7.37     0  00:01           0         411      -0.028
  48                   JUNCTION         0    0.464     0  00:01           0        27.9      -0.018
  SondeGischeren       JUNCTION         0    0.232     0  00:03           0          20     198.465
  49                   JUNCTION         0      0.9     0  00:02           0        12.8      -0.585
  50                   JUNCTION         0   0.0778     0  00:03           0        6.71       1.205
  51                   JUNCTION         0     28.4     0  00:00           0    1.27e+03      -0.011
  Amont_C              JUNCTION      14.7     39.7     0  00:00    1.27e+03    1.27e+03       0.023
  52                   JUNCTION         0    0.208     0  00:03           0          18      40.744
  53                   JUNCTION         0    0.309     0  00:01           0        19.3       0.045
  54                   JUNCTION         0    0.224     0  00:03           0        19.3     122.919
  56                   JUNCTION         0    0.992     0  00:03           0        85.6       0.027
  2                    JUNCTION         0     6.52     0  00:03           0        9.75     -93.090
  4                    JUNCTION         0    0.309     0  00:03           0        26.6       0.021
  5                    JUNCTION         0     5.93     0  00:01           0         411       0.075
  6                    JUNCTION         0     8.57     0  00:00           0         424       0.066
  7                    JUNCTION         0        5     0  00:02           0         411       5.134
  SS3                  JUNCTION         0   0.0768     0  00:03           0        6.63       0.142
  SS5                  JUNCTION         0    0.285     0  00:03           0        23.8       1.476
  8                    JUNCTION         0    0.233     0  00:02           0          20      -0.036
  10                   JUNCTION         0    0.668     0  00:02           0        12.9       1.537
  SonSto_SS5           JUNCTION         0    0.318     0  00:03           0        27.2      -0.696
  SonSto_SS3           JUNCTION         0    0.041     0  00:03           0        3.53       1.933
  SonSto_SS4           JUNCTION         0    0.119     0  00:03           0        10.2       3.997
  Amont_Trappe         JUNCTION         0    0.737     0  00:03           0        63.5       0.225
  SonSto_SS6           JUNCTION         0    0.466     0  00:03           0          40       0.165
  SS2                  JUNCTION         0        0     0  00:00           0           0       0.000 ltr
  SonSto_SS2           JUNCTION         0        0     0  00:00           0           0       0.000 ltr
  12                   JUNCTION         0    0.342     0  00:00           0        22.7       0.029
  14                   JUNCTION         0      1.6     0  00:03           0         138      16.735
  15                   JUNCTION         0    0.383     0  00:03           0        33.1       1.660
  TWT_PointHaut_60+650 JUNCTION         0        0     0  00:00           0           0       0.000 ltr
  TWT_Fensterstollen_60+375 JUNCTION         0    0.635     0  00:03           0        54.8       2.373
  TWT_Acces_LT_60+110  JUNCTION         0   0.0589     0  00:03           0        1.46    1107.872
  TWT_Liaison_LT_59+738 JUNCTION         0     2.46     0  00:03           0     0.00471     -99.933
  Syst_Est_amont       JUNCTION     0.735    0.735     0  00:00        63.5        63.5       1.960
  Syst_Est_interm      JUNCTION         0    0.722     0  00:03           0        62.362276774.530 ltr
  TWT_Branche_Est_Sonsto_60+540 JUNCTION         0        0     0  00:00           0           0       0.000 ltr
  TWT_Intersection_Sonsto_60+345 JUNCTION         0     6.43     0  00:03           0         556       0.016
  TWT_Chrosweg_61+140  JUNCTION         0        0     0  00:00           0           0       0.000 ltr
  SonSto_F_sup         JUNCTION         0    0.377     0  00:03           0        32.5       0.119
  SonSto_porte         JUNCTION         0     9.25     0  00:03           0         691      -0.538
  Brunnm_Fassung       OUTFALL          0   0.0289     0  00:03           0        2.49       0.000
  Brunnmuehle(Teich)   OUTFALL          0    0.303     0  00:03           0        26.1       0.000
  Fensterstollen       OUTFALL          0     1.18     0  00:03           0         101       0.000
  Gischeren            OUTFALL          0        0     0  00:00           0           0       0.000 ltr
  Schuettstein         OUTFALL          0    0.341     0  00:01           0        27.9       0.000
  Holiloch             OUTFALL          0     4.54     0  00:03           0         391       0.000
  Sauserquelle         OUTFALL          0    0.991     0  00:03           0        85.6       0.000
  Entw_Stollen         OUTFALL          0    0.127     0  00:03           0        5.85       0.000
  Sous_lacustre        OUTFALL          0   0.0333     0  00:03           0        2.87       0.000
  Sous_ecoul.          OUTFALL          0  0.00589     0  00:00           0       0.496       0.000
  Syst_Est_aval        OUTFALL          0        0     0  00:00           0           0       0.000 ltr
  TWT_Portail_Est_61+665 OUTFALL          0        0     0  00:00           0           0       0.000 ltr
  
  
  **********************
  Node Surcharge Summary
  **********************
  
  Surcharging occurs when water rises above the top of the highest conduit.
  ---------------------------------------------------------------------
                                               Max. Height   Min. Depth
                                   Hours       Above Crown    Below Rim
  Node                 Type      Surcharged         Meters       Meters
  ---------------------------------------------------------------------
  9                    JUNCTION       23.99         42.348       55.852
  Holiloch_sonde       JUNCTION       23.99         41.568      156.532
  11                   JUNCTION       24.00         45.614      103.926
  13                   JUNCTION       23.99         43.100      353.900
  21                   JUNCTION       24.00         38.960      110.440
  34                   JUNCTION       24.00         17.943       81.457
  38                   JUNCTION       24.00         22.070      127.330
  40                   JUNCTION       24.00         25.254       70.746
  41                   JUNCTION       23.99         45.653      203.497
  SondeSchuettstein    JUNCTION       23.98         21.059        0.000
  47                   JUNCTION       23.98         11.537       86.563
  48                   JUNCTION       23.98          8.843       90.357
  49                   JUNCTION       23.95          5.540      186.460
  51                   JUNCTION       24.00         60.433      335.567
  Amont_C              JUNCTION       24.00         84.544      312.456
  53                   JUNCTION       23.97          8.014      186.986
  56                   JUNCTION       23.99          5.670       93.330
  2                    JUNCTION        0.01         11.425        0.000
  4                    JUNCTION       23.99          8.660       90.690
  5                    JUNCTION       23.96          0.671       44.329
  6                    JUNCTION       23.98         15.623      179.377
  10                   JUNCTION       23.95          3.573      188.427
  12                   JUNCTION       23.98         18.159      181.491
  SonSto_porte         JUNCTION       23.94          0.000        0.000
  
  
  *********************
  Node Flooding Summary
  *********************
  
  Flooding refers to all water that overflows a node, whether it ponds or not.
  --------------------------------------------------------------------------
                                                             Total   Maximum
                                 Maximum   Time of Max       Flood    Ponded
                        Hours       Rate    Occurrence      Volume     Depth
  Node                 Flooded       CMS   days hr:min    10^6 ltr    Meters
  --------------------------------------------------------------------------
  SonSto_porte           23.94      8.05      0  00:03     694.055     0.000
  
  
  ***********************
  Outfall Loading Summary
  ***********************
  
  -----------------------------------------------------------
                         Flow       Avg       Max       Total
                         Freq      Flow      Flow      Volume
  Outfall Node           Pcnt       CMS       CMS    10^6 ltr
  -----------------------------------------------------------
  Brunnm_Fassung        99.94    0.0288    0.0289       2.490
  Brunnmuehle(Teich)    99.94     0.302     0.303      26.097
  Fensterstollen        99.92      1.18      1.18     101.476
  Gischeren              0.00         0         0       0.000
  Schuettstein          99.91     0.323     0.341      27.866
  Holiloch              99.85      4.53      4.54     391.023
  Sauserquelle          99.96     0.991     0.991      85.576
  Entw_Stollen          99.94    0.0677     0.127       5.847
  Sous_lacustre        100.00    0.0332    0.0333       2.869
  Sous_ecoul.           99.94   0.00575   0.00589       0.496
  Syst_Est_aval          0.00         0         0       0.000
  TWT_Portail_Est_61+665   0.00         0         0       0.000
  -----------------------------------------------------------
  System                74.95      7.46      7.46     643.739
  
  
  ********************
  Link Flow Summary
  ********************
  
  -----------------------------------------------------------------------------
                                 Maximum  Time of Max   Maximum    Max/    Max/
                                  |Flow|   Occurrence   |Veloc|    Full    Full
  Link                 Type          CMS  days hr:min     m/sec    Flow   Depth
  -----------------------------------------------------------------------------
  Brunn_Fassung_L      CONDUIT    0.0289     0  00:03      1.28    0.48    0.74
  11                   CONDUIT      11.2     0  00:00      6.37    1.67    1.00
  14                   CONDUIT      12.4     0  00:00      8.77    6.72    1.00
  16                   CONDUIT     0.245     0  00:01      2.86    1.71    1.00
  17                   CONDUIT     0.232     0  00:00      0.82    0.40    1.00
  26                   CONDUIT      1.66     0  00:00      2.92    2.24    1.00
  27                   CONDUIT    0.0385     0  00:03      1.26    0.49    0.75
  Gischeren_L          CONDUIT         0     0  00:00      0.00    0.00    0.00
  Schuettstein_L       CONDUIT     0.341     0  00:01      2.37    0.29    0.69
  Brunnmuehle_L        CONDUIT     0.338     0  00:03      1.19    0.16    1.00
  32                   CONDUIT         0     0  00:00      0.00    0.00    0.00
  35                   CONDUIT         0     0  00:00      0.00    0.00    0.22
  45                   CONDUIT     0.463     0  00:03      4.91    0.00    0.04
  46                   CONDUIT     0.992     0  00:03      3.51    0.99    1.00
  47                   CONDUIT     0.106     0  00:00      2.78    6.58    1.00
  50                   CONDUIT     0.464     0  00:01      1.39    0.09    1.00
  51                   CONDUIT     0.205     0  00:03      2.13    0.57    1.00
  53                   CONDUIT     0.229     0  00:00      1.38    1.16    1.00
  Fenster_L            CONDUIT      1.18     0  00:03      4.80    0.01    0.08
  58                   CONDUIT      1.13     0  00:03      4.26    0.01    0.08
  59                   CONDUIT     0.319     0  00:03      3.02    0.00    0.04
  61                   CONDUIT     0.583     0  00:00      2.94    0.82    1.00
  63                   CONDUIT     0.152     0  00:02      2.09    0.68    0.52
  66                   CONDUIT    0.0778     0  00:03      1.47    1.02    0.80
  67                   CONDUIT      14.7     0  00:00      3.98    0.15    1.00
  Amont_L              CONDUIT      28.4     0  00:00      4.02    1.54    1.00
  69                   CONDUIT     0.208     0  00:03      1.96    0.81    0.79
  70                   CONDUIT     0.148     0  00:03      1.39    0.46    0.79
  71                   CONDUIT     0.309     0  00:01      1.36    0.55    1.00
  72                   CONDUIT     0.224     0  00:03      1.35    1.06    0.58
  Sauser_L             CONDUIT     0.991     0  00:03      1.77    0.25    0.67
  75                   CONDUIT    0.0815     0  00:02      2.81    0.83    0.62
  Entw_Sto_L           CONDUIT     0.127     0  00:03      4.97    2.92    1.00
  4                    CONDUIT    0.0238     0  00:02      0.85    1.07    1.00
  5                    CONDUIT    0.0224     0  00:01      0.92    0.80    1.00
  6                    CONDUIT    0.0333     0  00:03      1.32    0.50    0.75
  7                    CONDUIT     0.309     0  00:03      1.57    0.48    1.00
  Brunn_Teich_L        CONDUIT     0.303     0  00:03      1.30    0.23    0.66
  9                    CONDUIT   0.00589     0  00:00      1.48    0.00    0.50
  12                   CONDUIT      5.93     0  00:01      3.59    0.12    1.00
  15                   CONDUIT      8.57     0  00:00      4.60    0.22    1.00
  18                   CONDUIT      7.37     0  00:01      3.93    0.30    1.00
  19                   CONDUIT       0.9     0  00:02      1.20    0.85    1.00
  20                   CONDUIT     0.735     0  00:03      3.42    0.06    0.22
  21                   CONDUIT         5     0  00:02      0.64    0.03    0.82
  Hooliloch_L          CONDUIT      4.54     0  00:03      1.10    0.09    0.57
  23                   CONDUIT    0.0768     0  00:03      3.21    0.48    0.37
  25                   CONDUIT     0.233     0  00:02      1.44    0.19    0.54
  28                   CONDUIT    0.0402     0  00:03      0.85    0.00    0.03
  29                   CONDUIT    0.0432     0  00:03      0.50    0.00    0.04
  31                   CONDUIT         0     0  00:00      0.00    0.00    0.02
  33                   CONDUIT     0.668     0  00:02      0.78    0.25    1.00
  37                   CONDUIT      0.28     0  00:03      0.57    0.01    0.12
  SS3_L                CONDUIT     0.041     0  00:03      2.41    0.00    0.02
  40                   CONDUIT     0.737     0  00:03      1.72    0.00    0.04
  SS6_L                CONDUIT     0.152     0  00:02      3.26    0.00    0.05
  1                    CONDUIT         0     0  00:00      0.00    0.00    0.01
  2                    CONDUIT         0     0  00:00      0.00    0.00    0.00
  3                    CONDUIT    0.0802     0  00:02      3.41    0.01    0.08
  10                   CONDUIT    0.0864     0  00:02      0.19    0.00    0.12
  13                   CONDUIT     0.342     0  00:00      3.95    0.74    1.00
  22                   CONDUIT     0.278     0  00:01      2.89    0.69    1.00
  24                   CONDUIT       1.6     0  00:03      2.38    0.00    0.95
  30                   CONDUIT      1.37     0  00:03      2.05    0.58    0.95
  34                   CONDUIT     0.383     0  00:03      1.92    0.43    0.78
  36                   CONDUIT     0.377     0  00:03      5.51    0.40    0.33
  38                   CONDUIT     0.232     0  00:03      2.46    0.09    0.37
  48                   CONDUIT     0.722     0  00:03      2.40    0.48    0.44
  54                   CONDUIT         0     0  00:00      0.00    0.00    0.12
  68                   CONDUIT     0.315     0  00:03      8.36    0.00    0.03
  73                   CONDUIT      6.48     0  00:03      2.44    1.49    1.00
  TWT1                 CONDUIT         0     0  00:00      0.00    0.00    0.00
  TWT2                 CONDUIT         0     0  00:00      0.00    0.00    0.00
  TWT3                 CONDUIT         0     0  00:00      0.00    0.00    0.00
  TWT4                 CONDUIT         0     0  00:00      0.00    0.00    0.01
  1_2_b_               CONDUIT         0     0  00:00      0.00    0.00    0.00
  1_2_b_2              CONDUIT    0.0621     0  00:03      3.43    0.02    0.15
  1_2_b_3              CONDUIT     0.538     0  00:03      4.42    0.37    0.59
  1_2_b_5              CONDUIT    0.0358     0  00:03      2.27    0.01    0.14
  TWT5                 CONDUIT     0.222     0  00:03      1.16    0.00    0.02
  1_4_a                CONDUIT     0.399     0  00:03      2.55    0.00    0.06
  1_4_a_1              CONDUIT      6.22     0  00:03     43.70    5.26    0.68
  TWT6                 CONDUIT    0.0014     0  00:03      0.01    0.00    0.01
  1_4_b                CONDUIT      6.43     0  00:03     33.94    0.01    0.53
  TWT7                 CONDUIT    0.0589     0  00:03      3.21    0.00    0.00
  1_5_a                CONDUIT      2.46     0  00:03      1.52    0.00    0.52
  
  
  ***************************
  Flow Classification Summary
  ***************************
  
  -------------------------------------------------------------------------------------
                      Adjusted    ---------- Fraction of Time in Flow Class ---------- 
                       /Actual         Up    Down  Sub   Sup   Up    Down  Norm  Inlet 
  Conduit               Length    Dry  Dry   Dry   Crit  Crit  Crit  Crit  Ltd   Ctrl  
  -------------------------------------------------------------------------------------
  Brunn_Fassung_L         1.00   0.00  0.00  0.00  0.00  1.00  0.00  0.00  0.00  0.00
  11                      1.00   0.00  0.00  0.00  1.00  0.00  0.00  0.00  0.00  0.00
  14                      1.00   0.00  0.00  0.00  1.00  0.00  0.00  0.00  0.00  0.00
  16                      1.00   0.00  0.00  0.00  1.00  0.00  0.00  0.00  0.00  0.00
  17                      1.00   0.00  0.00  0.00  1.00  0.00  0.00  0.00  0.00  0.00
  26                      1.00   0.00  0.00  0.00  1.00  0.00  0.00  0.00  0.00  0.00
  27                      1.00   0.00  0.00  0.00  0.00  1.00  0.00  0.00  1.00  0.00
  Gischeren_L             1.00   1.00  0.00  0.00  0.00  0.00  0.00  0.00  0.00  0.00
  Schuettstein_L          1.00   0.00  0.00  0.00  0.00  1.00  0.00  0.00  0.00  0.00
  Brunnmuehle_L           1.00   0.00  0.00  0.00  1.00  0.00  0.00  0.00  0.00  0.00
  32                      1.00   1.00  0.00  0.00  0.00  0.00  0.00  0.00  0.00  0.00
  35                      1.00   0.00  1.00  0.00  0.00  0.00  0.00  0.00  0.00  0.00
  45                      1.00   0.00  0.00  0.00  0.00  1.00  0.00  0.00  0.00  0.00
  46                      1.00   0.00  0.00  0.00  1.00  0.00  0.00  0.00  0.00  0.00
  47                      1.00   0.00  0.00  0.00  1.00  0.00  0.00  0.00  0.00  0.00
  50                      1.00   0.00  0.00  0.00  1.00  0.00  0.00  0.00  0.00  0.00
  51                      1.00   0.00  0.00  0.00  1.00  0.00  0.00  0.00  0.00  0.00
  53                      1.00   0.00  0.00  0.00  1.00  0.00  0.00  0.00  0.00  0.00
  Fenster_L               1.00   0.00  0.00  0.00  0.00  1.00  0.00  0.00  1.00  0.00
  58                      1.00   0.00  0.00  0.00  0.00  1.00  0.00  0.00  0.00  0.00
  59                      1.00   0.00  0.00  0.00  0.00  1.00  0.00  0.00  1.00  0.00
  61                      1.00   0.00  0.00  0.00  1.00  0.00  0.00  0.00  0.00  0.00
  63                      1.00   0.00  0.00  0.00  1.00  0.00  0.00  0.00  0.00  0.00
  66                      1.00   0.00  0.00  0.00  1.00  0.00  0.00  0.00  0.00  0.00
  67                      1.00   0.00  0.00  0.00  1.00  0.00  0.00  0.00  0.00  0.00
  Amont_L                 1.00   0.00  0.00  0.00  1.00  0.00  0.00  0.00  0.00  0.00
  69                      1.00   0.00  0.00  0.00  0.00  1.00  0.00  0.00  0.00  0.00
  70                      1.00   0.00  0.00  0.00  1.00  0.00  0.00  0.00  0.00  0.00
  71                      1.00   0.00  0.00  0.00  1.00  0.00  0.00  0.00  0.00  0.00
  72                      1.00   0.00  0.00  0.00  1.00  0.00  0.00  0.00  0.00  0.00
  Sauser_L                1.00   0.00  0.00  0.00  1.00  0.00  0.00  0.00  0.00  0.00
  75                      1.00   0.00  0.00  0.00  0.00  1.00  0.00  0.00  0.00  0.00
  Entw_Sto_L              1.00   0.00  0.00  0.00  1.00  0.00  0.00  0.00  0.00  0.00
  4                       1.00   0.00  0.00  0.00  1.00  0.00  0.00  0.00  0.00  0.00
  5                       1.00   0.00  0.00  0.00  1.00  0.00  0.00  0.00  0.00  0.00
  6                       1.00   0.00  0.00  0.00  0.00  1.00  0.00  0.00  0.00  0.00
  7                       1.00   0.00  0.00  0.00  1.00  0.00  0.00  0.00  0.00  0.00
  Brunn_Teich_L           1.00   0.00  0.00  0.00  1.00  0.00  0.00  0.00  0.00  0.00
  9                       1.00   0.00  0.00  0.00  0.00  1.00  0.00  0.00  0.00  0.00
  12                      1.00   0.00  0.00  0.00  1.00  0.00  0.00  0.00  0.00  0.00
  15                      1.00   0.00  0.00  0.00  1.00  0.00  0.00  0.00  0.00  0.00
  18                      1.00   0.00  0.00  0.00  1.00  0.00  0.00  0.00  0.00  0.00
  19                      1.00   0.00  0.00  0.00  1.00  0.00  0.00  0.00  0.00  0.00
  20                      1.00   0.00  0.00  0.00  0.00  1.00  0.00  0.00  0.00  0.00
  21                      1.00   0.00  0.00  0.00  1.00  0.00  0.00  0.00  0.00  0.00
  Hooliloch_L             1.00   0.00  0.00  0.00  1.00  0.00  0.00  0.00  0.00  0.00
  23                      1.00   0.00  0.00  0.00  0.00  1.00  0.00  0.00  0.00  0.00
  25                      1.00   0.00  0.00  0.00  1.00  0.00  0.00  0.00  0.00  0.00
  28                      1.00   0.00  0.00  0.00  0.00  1.00  0.00  0.00  1.00  0.00
  29                      1.00   0.00  0.00  0.00  1.00  0.00  0.00  0.00  1.00  0.00
  31                      1.00   0.00  1.00  0.00  0.00  0.00  0.00  0.00  0.00  0.00
  33                      1.00   0.00  0.00  0.00  1.00  0.00  0.00  0.00  0.00  0.00
  37                      1.00   0.00  0.00  0.00  1.00  0.00  0.00  0.00  0.00  0.00
  SS3_L                   1.00   0.00  0.00  0.00  0.00  1.00  0.00  0.00  1.00  0.00
  40                      1.00   0.00  0.00  0.00  0.00  1.00  0.00  0.00  0.00  0.00
  SS6_L                   1.00   0.00  0.00  0.00  0.00  1.00  0.00  0.00  1.00  0.00
  1                       1.00   0.00  1.00  0.00  0.00  0.00  0.00  0.00  0.00  0.00
  2                       1.00   1.00  0.00  0.00  0.00  0.00  0.00  0.00  0.00  0.00
  3                       1.00   0.00  0.00  0.00  0.00  1.00  0.00  0.00  1.00  0.00
  10                      1.00   0.00  0.00  0.00  1.00  0.00  0.00  0.00  0.00  0.00
  13                      1.00   0.00  0.00  0.00  1.00  0.00  0.00  0.00  0.00  0.00
  22                      1.00   0.00  0.00  0.00  1.00  0.00  0.00  0.00  0.00  0.00
  24                      1.00   0.00  0.00  0.00  1.00  0.00  0.00  0.00  0.00  0.00
  30                      1.00   0.00  0.00  0.00  1.00  0.00  0.00  0.00  0.00  0.00
  34                      1.00   0.00  0.00  0.00  1.00  0.00  0.00  0.00  0.00  0.00
  36                      1.00   0.00  0.00  0.00  0.00  1.00  0.00  0.00  0.00  0.00
  38                      1.00   0.00  0.00  0.00  1.00  0.00  0.00  0.00  1.00  0.00
  48                      1.00   0.00  0.00  0.00  0.00  1.00  0.00  0.00  0.00  0.00
  54                      1.00   0.00  1.00  0.00  0.00  0.00  0.00  0.00  0.00  0.00
  68                      1.00   0.00  0.00  0.00  0.00  1.00  0.00  0.00  1.00  0.00
  73                      1.00   0.00  0.00  0.00  1.00  0.00  0.00  0.00  0.00  0.00
  TWT1                    1.00   1.00  0.00  0.00  0.00  0.00  0.00  0.00  0.00  0.00
  TWT2                    1.00   1.00  0.00  0.00  0.00  0.00  0.00  0.00  0.00  0.00
  TWT3                    1.00   1.00  0.00  0.00  0.00  0.00  0.00  0.00  0.00  0.00
  TWT4                    1.00   0.00  1.00  0.00  0.00  0.00  0.00  0.00  0.00  0.00
  1_2_b_                  1.00   1.00  0.00  0.00  0.00  0.00  0.00  0.00  0.00  0.00
  1_2_b_2                 1.00   0.00  0.00  0.00  0.00  1.00  0.00  0.00  1.00  0.00
  1_2_b_3                 1.00   0.00  0.00  0.00  0.00  1.00  0.00  0.00  0.00  0.00
  1_2_b_5                 1.00   0.00  0.00  0.00  0.00  1.00  0.00  0.00  1.00  0.00
  TWT5                    1.00   0.00  0.00  0.00  0.00  1.00  0.00  0.00  1.00  0.00
  1_4_a                   1.00   0.00  0.00  0.00  0.00  1.00  0.00  0.00  1.00  0.00
  1_4_a_1                 1.00   0.00  0.00  0.00  0.00  1.00  0.00  0.00  0.00  0.00
  TWT6                    1.00   0.00  0.00  0.00  1.00  0.00  0.00  0.00  1.00  0.00
  1_4_b                   1.00   0.00  0.00  0.00  1.00  0.00  0.00  0.00  1.00  0.00
  TWT7                    1.00   0.00  0.00  0.00  0.00  1.00  0.00  0.00  1.00  0.00
  1_5_a                   1.00   0.00  0.00  0.00  1.00  0.00  0.00  0.00  1.00  0.00
  
  
  *************************
  Conduit Surcharge Summary
  *************************
  
  ----------------------------------------------------------------------------
                                                           Hours        Hours 
                         --------- Hours Full --------   Above Full   Capacity
  Conduit                Both Ends  Upstream  Dnstream   Normal Flow   Limited
  ----------------------------------------------------------------------------
  Brunn_Fassung_L             0.01      0.01     24.00      0.01         0.01
  11                         23.99     23.99     23.99      0.01         0.01
  14                         23.99     23.99     23.99     23.99         0.01
  16                         24.00     24.00     24.00     23.99        23.99
  17                         24.00     24.00     24.00      0.01         0.01
  26                         23.99     23.99     23.99      0.01         0.01
  27                          0.01      0.01     23.96      0.01         0.01
  Schuettstein_L              0.01      0.01     23.98      0.01         0.01
  Brunnmuehle_L              24.00     24.00     24.00      0.01         0.01
  46                         24.00     24.00     24.00      0.01         0.01
  47                         24.00     24.00     24.00     24.00        24.00
  50                         23.98     23.98     23.98      0.01         0.01
  51                         23.98     23.98     24.00      0.01         0.01
  53                         24.00     24.00     24.00     23.99         0.01
  61                         23.98     23.98     23.99      0.01         0.01
  63                          0.01     23.97      0.01      0.01         0.01
  66                          0.01     23.96      0.01     23.95         0.01
  67                         23.99     23.99     24.00      0.01         0.01
  Amont_L                    24.00     24.00     24.00      0.01         0.01
  69                          0.01      0.01     24.00      0.01         0.01
  70                          0.01      0.01     24.00      0.01         0.01
  71                         23.97     23.97     23.99      0.01         0.01
  72                          0.01     23.97      0.01     23.96         0.01
  Sauser_L                    0.01      0.01     24.00      0.01         0.01
  75                          0.01     23.96      0.01      0.01         0.01
  Entw_Sto_L                 23.96     23.97     23.96     23.97        23.96
  4                          23.96     23.96     23.97      0.01         0.01
  5                          23.97     23.97     24.00      0.01         0.01
  6                           0.01      0.01     24.00      0.01         0.01
  7                          23.99     23.99     24.00      0.01         0.01
  Brunn_Teich_L               0.01      0.01     23.99      0.01         0.01
  9                           0.01      0.01     23.99      0.01         0.01
  12                         23.98     23.98     23.98      0.01         0.01
  15                         23.98     23.98     23.99      0.01         0.01
  18                         23.98     23.98     23.98      0.01         0.01
  19                         23.96     23.96     23.98      0.01         0.01
  21                          0.01      0.01     23.96      0.01         0.01
  25                          0.01      0.01     23.99      0.01         0.01
  33                         23.95     23.95     23.95      0.01         0.01
  13                         23.98     23.98     24.00      0.01         0.01
  22                         23.98     23.98     24.00      0.01         0.01
  24                          0.01      0.01     24.00      0.01         0.01
  30                          0.01      0.01     24.00      0.01         0.01
  34                          0.01      0.01     23.99      0.01         0.01
  73                          0.01     23.95      0.01      0.02         0.01
  1_2_b_3                     0.01      0.01     23.98      0.01         0.01
  1_4_a_1                     0.01      0.01     23.99     23.99         0.01
  1_4_b                       0.01      0.01     23.94      0.01         0.01
  1_5_a                       0.01      0.01      0.01      0.01         0.01
  

  Analysis begun on:  Thu Aug 20 12:10:48 2026
  Analysis ended on:  Thu Aug 20 12:10:51 2026
  Total elapsed time: 00:00:03