
  EPA STORM WATER MANAGEMENT MODEL - VERSION 5.2 (Build 5.2.4)
  ------------------------------------------------------------

  Brunnmuehle (Twann) 
  WARNING 08: elevation drop exceeds length for Conduit SS3_L
  WARNING 08: elevation drop exceeds length for Conduit SS6_L
  WARNING 08: elevation drop exceeds length for Conduit 2
  WARNING 08: elevation drop exceeds length for Conduit 3
  WARNING 08: elevation drop exceeds length for Conduit 68
  WARNING 08: elevation drop exceeds length for Conduit 1_2_b_
  WARNING 08: elevation drop exceeds length for Conduit 1_2_b_2
  WARNING 08: elevation drop exceeds length for Conduit 1_2_b_3
  WARNING 08: elevation drop exceeds length for Conduit 1_4_a
  WARNING 08: elevation drop exceeds length for Conduit 1_4_b
  WARNING 08: elevation drop exceeds length for Conduit 1_5_a
  WARNING 02: maximum depth increased for Node 2
  
  ****************
  Analysis Options
  ****************
  Flow Units ............... CMS
  Process Models:
    Rainfall/Runoff ........ NO
    RDII ................... NO
    Snowmelt ............... NO
    Groundwater ............ NO
    Flow Routing ........... YES
    Ponding Allowed ........ NO
    Water Quality .......... NO
  Flow Routing Method ...... DYNWAVE
  Surcharge Method ......... EXTRAN
  Starting Date ............ 01/01/2000 00:00:00
  Ending Date .............. 01/02/2000 00:00:00
  Antecedent Dry Days ...... 0.0
  Report Time Step ......... 01:00:00
  Routing Time Step ........ 0.50 sec
  Variable Time Step ....... YES
  Maximum Trials ........... 8
  Number of Threads ........ 1
  Head Tolerance ........... 0.001500 m
  
  
  **************************        Volume        Volume
  Flow Routing Continuity        hectare-m      10^6 ltr
  **************************     ---------     ---------
  Dry Weather Inflow .......         0.000         0.000
  Wet Weather Inflow .......         0.000         0.000
  Groundwater Inflow .......         0.000         0.000
  RDII Inflow ..............         0.000         0.000
  External Inflow ..........       207.725      2077.271
  External Outflow .........       188.125      1881.271
  Flooding Loss ............        22.992       229.926
  Evaporation Loss .........         0.000         0.000
  Exfiltration Loss ........         0.000         0.000
  Initial Stored Volume ....         0.056         0.562
  Final Stored Volume ......         0.401         4.015
  Continuity Error (%) .....        -1.799
  
  
  *************************
  Highest Continuity Errors
  *************************
  Node SonSto_porte (-464.02%)
  Node TWT_Intersection_Sonsto_60+345 (80.17%)
  Node 2 (-29.65%)
  Node TWT_Chrosweg_61+140 (19.42%)
  Node TWT_Acces_LT_60+110 (-6.09%)
  
  
  ***************************
  Time-Step Critical Elements
  ***************************
  Link 20 (12530.43%)
  Link 1_4_b (15.03%)
  
  
  ********************************
  Highest Flow Instability Indexes
  ********************************
  All links are stable.
  
  
  *********************************
  Most Frequent Nonconverging Nodes
  *********************************
  Node Brunnm_Fassung (64.05%)
  Node Brunnmuehle(Teich) (64.05%)
  Node Fensterstollen (64.05%)
  Node Gischeren (64.05%)
  Node Schuettstein (64.05%)
  
  
  *************************
  Routing Time Step Summary
  *************************
  Minimum Time Step           :     0.50 sec
  Average Time Step           :     0.50 sec
  Maximum Time Step           :     0.50 sec
  % of Time in Steady State   :    99.20
  Average Iterations per Step :     6.41
  % of Steps Not Converging   :    64.05
  Time Step Frequencies       :
      0.500 -  0.500 sec      :   100.00 %
      0.500 -  0.500 sec      :     0.00 %
      0.500 -  0.500 sec      :     0.00 %
      0.500 -  0.500 sec      :     0.00 %
      0.500 -  0.500 sec      :     0.00 %
  
  
  ******************
  Node Depth Summary
  ******************
  
  ---------------------------------------------------------------------------------
                                 Average  Maximum  Maximum  Time of Max    Reported
                                   Depth    Depth      HGL   Occurrence   Max Depth
  Node                 Type       Meters   Meters   Meters  days hr:min      Meters
  ---------------------------------------------------------------------------------
  9                    JUNCTION    56.85    76.58   515.08     0  00:00       56.88
  Holiloch_sonde       JUNCTION    47.88    69.51   509.51     0  00:00       47.90
  11                   JUNCTION    65.32    68.15   478.15     0  00:02       65.34
  13                   JUNCTION    93.35    95.59   533.59     0  00:00       93.38
  21                   JUNCTION    45.07    47.12   447.12     0  00:02       45.08
  SonSto_F             JUNCTION     0.18     0.20   438.00     0  00:01        0.18
  Sondierstollen       JUNCTION     0.00     0.00   440.80     0  00:00        0.00
  Aval_Trappe          JUNCTION     0.33     0.37   437.97     0  00:01        0.33
  30                   JUNCTION     0.30     0.33   437.63     0  00:01        0.30
  Gischeren_node       JUNCTION     4.04     4.05   480.55     0  00:11        4.05
  34                   JUNCTION    22.45    23.98   443.98     0  00:02       22.46
  38                   JUNCTION    30.66    33.17   453.17     0  00:02       30.67
  SS6                  JUNCTION     0.07     0.07   448.07     0  00:01        0.07
  40                   JUNCTION    41.19    45.27   464.27     0  00:00       41.20
  41                   JUNCTION    92.96    97.65   535.15     0  00:00       92.99
  SondeSchuettstein    JUNCTION    27.48    29.47   488.47     0  00:00       27.49
  SS4                  JUNCTION     0.09     0.09   448.09     0  00:11        0.09
  47                   JUNCTION    15.96    23.07   487.97     0  00:00       15.97
  48                   JUNCTION    14.44    15.94   486.94     0  00:00       14.44
  SondeGischeren       JUNCTION    15.56    15.60   480.60     0  00:07       15.59
  49                   JUNCTION    17.38    19.37   485.37     0  00:01       17.40
  50                   JUNCTION     8.89     8.92   471.92     0  00:08        8.91
  51                   JUNCTION   112.20   114.47   534.47     0  00:00      112.23
  Amont_C              JUNCTION   117.28   141.12   559.12     0  00:00      117.31
  52                   JUNCTION    31.60    52.73   509.73     0  00:02       31.65
  53                   JUNCTION    58.08    59.23   526.23     0  00:05       58.17
  54                   JUNCTION    57.69    59.23   522.23     0  00:05       57.89
  56                   JUNCTION     7.08     8.29   438.29     0  00:00        7.08
  2                    JUNCTION     3.59     3.86   441.86     0  00:09        3.61
  4                    JUNCTION     9.36    10.52   438.52     0  00:00        9.36
  5                    JUNCTION     6.82     7.11   479.61     0  00:01        6.83
  6                    JUNCTION    25.60    33.18   491.18     0  00:00       25.61
  7                    JUNCTION     4.30     4.33   479.33     0  00:02        4.30
  SS3                  JUNCTION     0.08     0.08   448.08     0  00:07        0.08
  SS5                  JUNCTION     0.70     0.71   439.61     0  00:05        0.70
  8                    JUNCTION     6.87     6.89   480.89     0  00:10        6.88
  10                   JUNCTION    15.37    17.41   485.41     0  00:01       15.39
  SonSto_SS5           JUNCTION     0.18     0.19   439.49     0  00:05        0.18
  SonSto_SS3           JUNCTION     0.10     0.10   439.80     0  00:10        0.10
  SonSto_SS4           JUNCTION     0.19     0.19   439.59     0  00:05        0.19
  Amont_Trappe         JUNCTION     0.26     0.30   438.00     0  00:01        0.26
  SonSto_SS6           JUNCTION     0.16     0.17   438.87     0  00:05        0.16
  SS2                  JUNCTION     0.00     0.00   448.00     0  00:00        0.00
  SonSto_SS2           JUNCTION     0.00     0.00   441.50     0  00:00        0.00
  12                   JUNCTION    49.59    51.34   500.34     0  00:00       49.61
  14                   JUNCTION    41.27    54.88   519.88     0  00:00       41.30
  15                   JUNCTION     1.31     2.29   474.29     0  00:02        1.31
  TWT_PointHaut_60+650 JUNCTION     0.00     0.00   438.50     0  00:00        0.00
  TWT_Fensterstollen_60+375 JUNCTION     0.12     0.13   441.43     0  00:01        0.12
  TWT_Acces_LT_60+110  JUNCTION     0.41     0.41   441.91     0  00:10        0.41
  TWT_Liaison_LT_59+738 JUNCTION     0.00     0.00   450.60     0  00:00        0.00
  Syst_Est_amont       JUNCTION     5.41    25.53   455.53     0  00:08        5.44
  Syst_Est_interm      JUNCTION    20.10    25.99   435.99     0  00:08       20.20
  TWT_Branche_Est_Sonsto_60+540 JUNCTION     0.00     0.00   442.40     0  00:00        0.00
  TWT_Intersection_Sonsto_60+345 JUNCTION     0.16     0.32   441.22     0  00:11        0.16
  TWT_Chrosweg_61+140  JUNCTION     0.10     0.10   432.10     0  00:11        0.10
  SonSto_F_sup         JUNCTION     0.07     0.07   448.07     0  00:01        0.07
  SonSto_porte         JUNCTION     2.98     3.00   441.50     0  00:10        3.00
  Brunnm_Fassung       OUTFALL      0.12     0.12   433.92     0  00:02        0.12
  Brunnmuehle(Teich)   OUTFALL      0.27     0.28   435.78     0  00:02        0.27
  Fensterstollen       OUTFALL      0.30     0.31   437.31     0  00:01        0.30
  Gischeren            OUTFALL      0.27     0.27   480.27     0  00:11        0.27
  Schuettstein         OUTFALL      0.35     0.36   477.91     0  00:02        0.35
  Holiloch             OUTFALL      2.14     2.16   478.66     0  00:02        2.15
  Sauserquelle         OUTFALL      0.41     0.42   435.97     0  00:01        0.41
  Entw_Stollen         OUTFALL      0.18     0.18   436.68     0  00:04        0.18
  Sous_lacustre        OUTFALL      0.12     0.12   429.32     0  00:02        0.12
  Sous_ecoul.          OUTFALL      0.00     0.00   433.00     0  00:02        0.00
  Syst_Est_aval        OUTFALL      0.38     0.42   429.42     0  00:07        0.38
  TWT_Portail_Est_61+665 OUTFALL      0.10     0.10   421.70     0  00:11        0.10
  
  
  *******************
  Node Inflow Summary
  *******************
  
  -------------------------------------------------------------------------------------------------
                                  Maximum  Maximum                  Lateral       Total        Flow
                                  Lateral    Total  Time of Max      Inflow      Inflow     Balance
                                   Inflow   Inflow   Occurrence      Volume      Volume       Error
  Node                 Type           CMS      CMS  days hr:min    10^6 ltr    10^6 ltr     Percent
  -------------------------------------------------------------------------------------------------
  9                    JUNCTION         0     21.4     0  00:00           0    1.35e+03       0.012
  Holiloch_sonde       JUNCTION         0     18.7     0  00:00           0    1.29e+03       0.002
  11                   JUNCTION         0    0.348     0  00:01           0        29.3      -0.001
  13                   JUNCTION         0     22.8     0  00:00           0    1.69e+03       0.015
  21                   JUNCTION         0    0.593     0  00:02           0        50.3       0.003
  SonSto_F             JUNCTION         0     1.42     0  00:05           0         120      -0.021
  Sondierstollen       JUNCTION         0        0     0  00:00           0           0       0.000 ltr
  Aval_Trappe          JUNCTION         0     2.06     0  00:05           0         175      -0.000
  30                   JUNCTION         0     2.17     0  00:05           0         181       0.013
  Gischeren_node       JUNCTION         0    0.881     0  00:04           0        72.9       0.067
  34                   JUNCTION         0     0.55     0  00:02           0        46.5       0.003
  38                   JUNCTION         0    0.332     0  00:00           0        26.7      -0.006
  SS6                  JUNCTION         0    0.179     0  00:01           0        14.7       0.006
  40                   JUNCTION         0      2.7     0  00:02           0         231       0.002
  41                   JUNCTION         0     6.12     0  00:00           0        84.8       0.011
  SondeSchuettstein    JUNCTION         0     1.14     0  00:00           0        84.8      -0.001
  SS4                  JUNCTION         0    0.178     0  00:11           0        15.3       0.004
  47                   JUNCTION         0     16.2     0  00:00           0    1.27e+03      -0.014
  48                   JUNCTION         0     1.07     0  00:00           0        84.8       0.009
  SondeGischeren       JUNCTION         0    0.619     0  00:01           0        41.2       0.162
  49                   JUNCTION         0     1.27     0  00:01           0        14.8       0.827
  50                   JUNCTION         0    0.182     0  00:02           0        13.6       0.023
  51                   JUNCTION         0     40.1     0  00:00           0    1.98e+03      -0.000
  Amont_C              JUNCTION      22.9     46.8     0  00:00    1.98e+03    1.98e+03       0.013
  52                   JUNCTION         0    0.391     0  00:02           0        23.7       0.089
  53                   JUNCTION         0    0.663     0  00:00           0        18.8       0.062
  54                   JUNCTION         0    0.527     0  00:05           0        18.8       0.486
  56                   JUNCTION         0     1.43     0  00:00           0         121       0.001
  2                    JUNCTION         0     2.06     0  00:06           0        6.55     -22.869
  4                    JUNCTION         0    0.508     0  00:02           0        42.8       0.014
  5                    JUNCTION         0     15.1     0  00:01           0    1.27e+03       0.039
  6                    JUNCTION         0     17.1     0  00:00           0    1.29e+03       0.015
  7                    JUNCTION         0     15.5     0  00:01           0    1.27e+03       0.025
  SS3                  JUNCTION         0    0.158     0  00:10           0        13.6       0.002
  SS5                  JUNCTION         0    0.513     0  00:05           0        41.6      -0.375
  8                    JUNCTION         0     1.04     0  00:03           0        86.7       0.090
  10                   JUNCTION         0     1.06     0  00:01           0        14.7      -0.130
  SonSto_SS5           JUNCTION         0    0.663     0  00:05           0        56.1       0.140
  SonSto_SS3           JUNCTION         0    0.158     0  00:09           0        13.6       0.015
  SonSto_SS4           JUNCTION         0    0.336     0  00:11           0        28.9       0.349
  Amont_Trappe         JUNCTION         0     1.35     0  00:05           0         114      -0.005
  SonSto_SS6           JUNCTION         0    0.831     0  00:05           0        70.7       0.027
  SS2                  JUNCTION         0        0     0  00:00           0           0       0.000 ltr
  SonSto_SS2           JUNCTION         0        0     0  00:00           0           0       0.000 ltr
  12                   JUNCTION         0    0.526     0  00:00           0        32.1       0.010
  14                   JUNCTION         0     3.24     0  00:00           0         187       0.024
  15                   JUNCTION         0    0.751     0  00:01           0        59.3       0.023
  TWT_PointHaut_60+650 JUNCTION         0        0     0  00:00           0           0       0.000 ltr
  TWT_Fensterstollen_60+375 JUNCTION         0     1.09     0  00:01           0        92.1      -0.006
  TWT_Acces_LT_60+110  JUNCTION         0     1.82     0  00:10           0         156      -5.738
  TWT_Liaison_LT_59+738 JUNCTION         0        0     0  00:00           0           0       0.000 ltr
  Syst_Est_amont       JUNCTION      1.15     1.15     0  00:00        98.9        98.9       0.132
  Syst_Est_interm      JUNCTION         0     1.21     0  00:04           0        65.9       0.619
  TWT_Branche_Est_Sonsto_60+540 JUNCTION         0        0     0  00:00           0           0       0.000 ltr
  TWT_Intersection_Sonsto_60+345 JUNCTION         0     8.09     0  00:10           0         197     404.397
  TWT_Chrosweg_61+140  JUNCTION         0    0.553     0  00:08           0        32.8      24.105
  SonSto_F_sup         JUNCTION         0    0.714     0  00:01           0        59.3       0.002
  SonSto_porte         JUNCTION         0     14.1     0  00:11           0        40.9     -82.270
  Brunnm_Fassung       OUTFALL          0   0.0456     0  00:02           0        3.72       0.000
  Brunnmuehle(Teich)   OUTFALL          0    0.505     0  00:02           0        42.2       0.000
  Fensterstollen       OUTFALL          0     2.23     0  00:01           0         181       0.000
  Gischeren            OUTFALL          0    0.847     0  00:11           0        72.9       0.000
  Schuettstein         OUTFALL          0        1     0  00:02           0        84.8       0.000
  Holiloch             OUTFALL          0       15     0  00:02           0    1.27e+03       0.000
  Sauserquelle         OUTFALL          0     1.43     0  00:01           0         121       0.000
  Entw_Stollen         OUTFALL          0   0.0786     0  00:10           0        6.74       0.000
  Sous_lacustre        OUTFALL          0   0.0458     0  00:02           0         3.8       0.000
  Sous_ecoul.          OUTFALL          0  0.00686     0  00:02           0       0.551       0.000
  Syst_Est_aval        OUTFALL          0    0.897     0  00:07           0        65.5       0.000
  TWT_Portail_Est_61+665 OUTFALL          0    0.308     0  00:11           0        26.5       0.000
  
  
  **********************
  Node Surcharge Summary
  **********************
  
  Surcharging occurs when water rises above the top of the highest conduit.
  ---------------------------------------------------------------------
                                               Max. Height   Min. Depth
                                   Hours       Above Crown    Below Rim
  Node                 Type      Surcharged         Meters       Meters
  ---------------------------------------------------------------------
  9                    JUNCTION       23.99         74.776       23.424
  Holiloch_sonde       JUNCTION       23.99         67.613      130.487
  11                   JUNCTION       24.00         67.689       81.851
  13                   JUNCTION       23.99         92.594      304.406
  21                   JUNCTION       24.00         46.519      102.881
  34                   JUNCTION       24.00         23.375       76.025
  38                   JUNCTION       24.00         32.572      116.828
  40                   JUNCTION       24.00         41.274       54.726
  41                   JUNCTION       23.99         96.801      152.349
  SondeSchuettstein    JUNCTION       23.99         28.674        0.000
  47                   JUNCTION       23.99         21.170       76.930
  48                   JUNCTION       23.99         15.139       84.061
  SondeGischeren       JUNCTION       23.96         14.400       84.400
  49                   JUNCTION       23.97         11.366      180.634
  50                   JUNCTION       23.96          8.624      191.076
  51                   JUNCTION       24.00        110.469      285.531
  Amont_C              JUNCTION       24.00        138.119      258.881
  52                   JUNCTION       23.96         52.333       47.267
  53                   JUNCTION       23.99         54.225      140.775
  54                   JUNCTION       23.92         54.225      140.775
  56                   JUNCTION       24.00          7.291       91.709
  2                    JUNCTION       23.85          1.863        0.000
  4                    JUNCTION       23.99          9.872       89.478
  5                    JUNCTION       23.98          2.112       42.888
  6                    JUNCTION       23.99         28.175      166.825
  8                    JUNCTION       23.92          1.893      193.107
  10                   JUNCTION       23.97          9.413      182.587
  12                   JUNCTION       23.99         50.992      148.658
  14                   JUNCTION       23.98         50.876      145.124
  15                   JUNCTION       23.96          1.738       97.712
  Syst_Est_amont       JUNCTION       23.86         24.533       74.467
  Syst_Est_interm      JUNCTION       23.88         24.493       74.007
  SonSto_porte         JUNCTION       23.81          0.000        0.000
  
  
  *********************
  Node Flooding Summary
  *********************
  
  Flooding refers to all water that overflows a node, whether it ponds or not.
  --------------------------------------------------------------------------
                                                             Total   Maximum
                                 Maximum   Time of Max       Flood    Ponded
                        Hours       Rate    Occurrence      Volume     Depth
  Node                 Flooded       CMS   days hr:min    10^6 ltr    Meters
  --------------------------------------------------------------------------
  SonSto_porte           23.81      12.4      0  00:11     229.926     0.000
  
  
  ***********************
  Outfall Loading Summary
  ***********************
  
  -----------------------------------------------------------
                         Flow       Avg       Max       Total
                         Freq      Flow      Flow      Volume
  Outfall Node           Pcnt       CMS       CMS    10^6 ltr
  -----------------------------------------------------------
  Brunnm_Fassung        99.96    0.0431    0.0456       3.720
  Brunnmuehle(Teich)    99.96     0.489     0.505      42.236
  Fensterstollen        99.96       2.1      2.23     181.154
  Gischeren             99.66     0.847     0.847      72.888
  Schuettstein          99.95     0.982         1      84.816
  Holiloch              99.93      14.7        15    1272.319
  Sauserquelle          99.98       1.4      1.43     121.034
  Entw_Stollen          99.97     0.078    0.0786       6.737
  Sous_lacustre        100.00     0.044    0.0458       3.804
  Sous_ecoul.           99.96   0.00638   0.00686       0.551
  Syst_Est_aval         99.50     0.762     0.897      65.540
  TWT_Portail_Est_61+665  99.43     0.308     0.308      26.462
  -----------------------------------------------------------
  System                99.85      21.8      21.8    1881.262
  
  
  ********************
  Link Flow Summary
  ********************
  
  -----------------------------------------------------------------------------
                                 Maximum  Time of Max   Maximum    Max/    Max/
                                  |Flow|   Occurrence   |Veloc|    Full    Full
  Link                 Type          CMS  days hr:min     m/sec    Flow   Depth
  -----------------------------------------------------------------------------
  Brunn_Fassung_L      CONDUIT    0.0456     0  00:02      1.82    0.75    0.82
  11                   CONDUIT      18.7     0  00:00      9.92    2.80    1.00
  14                   CONDUIT      21.4     0  00:00     14.28   11.62    1.00
  16                   CONDUIT     0.348     0  00:01      4.06    2.42    1.00
  17                   CONDUIT     0.335     0  00:00      1.18    0.57    1.00
  26                   CONDUIT      6.12     0  00:00     11.11    8.30    1.00
  27                   CONDUIT    0.0724     0  00:05      1.97    0.93    0.96
  Gischeren_L          CONDUIT     0.847     0  00:11      1.17    0.11    0.61
  Schuettstein_L       CONDUIT         1     0  00:02      5.60    0.86    0.86
  Brunnmuehle_L        CONDUIT      0.55     0  00:02      1.94    0.26    1.00
  32                   CONDUIT         0     0  00:00      0.00    0.00    0.00
  35                   CONDUIT     0.423     0  00:03      0.51    0.08    1.00
  45                   CONDUIT     0.842     0  00:05      5.06    0.01    0.06
  46                   CONDUIT      1.43     0  00:00      5.07    1.43    1.00
  47                   CONDUIT     0.155     0  00:00      4.07    9.63    1.00
  50                   CONDUIT      1.07     0  00:00      4.00    0.20    1.00
  51                   CONDUIT     0.324     0  00:00      3.37    0.91    1.00
  53                   CONDUIT     0.332     0  00:00      2.00    1.69    1.00
  Fenster_L            CONDUIT      2.23     0  00:01      5.91    0.02    0.11
  58                   CONDUIT      2.09     0  00:05      5.12    0.03    0.11
  59                   CONDUIT     0.661     0  00:05      4.03    0.01    0.06
  61                   CONDUIT      1.14     0  00:00      5.67    1.61    1.00
  63                   CONDUIT     0.179     0  00:01      2.47    0.81    0.52
  66                   CONDUIT     0.182     0  00:02      2.88    2.40    1.00
  67                   CONDUIT      22.8     0  00:00      5.48    0.23    1.00
  Amont_L              CONDUIT      40.1     0  00:00      5.67    2.17    1.00
  69                   CONDUIT     0.391     0  00:02      3.30    1.53    1.00
  70                   CONDUIT     0.277     0  00:02      2.20    0.86    1.00
  71                   CONDUIT     0.663     0  00:00      2.85    1.17    1.00
  72                   CONDUIT     0.527     0  00:05      2.47    2.50    1.00
  Sauser_L             CONDUIT      1.43     0  00:01      2.41    0.36    0.71
  75                   CONDUIT     0.178     0  00:11      5.10    1.81    0.68
  Entw_Sto_L           CONDUIT    0.0786     0  00:10      3.09    1.82    1.00
  4                    CONDUIT    0.0405     0  00:05      1.43    1.81    1.00
  5                    CONDUIT    0.0341     0  00:03      1.43    1.21    1.00
  6                    CONDUIT    0.0458     0  00:02      1.69    0.69    0.81
  7                    CONDUIT     0.508     0  00:02      2.59    0.78    1.00
  Brunn_Teich_L        CONDUIT     0.505     0  00:02      1.99    0.38    0.72
  9                    CONDUIT   0.00686     0  00:02      1.72    0.00    0.51
  12                   CONDUIT      15.1     0  00:01      7.90    0.31    1.00
  15                   CONDUIT      17.1     0  00:00      8.35    0.44    1.00
  18                   CONDUIT      16.2     0  00:00      7.64    0.65    1.00
  19                   CONDUIT      1.27     0  00:01      1.65    1.21    1.00
  20                   CONDUIT      1.35     0  00:05      4.52    0.11    0.33
  21                   CONDUIT      15.5     0  00:01      1.39    0.10    0.93
  Hooliloch_L          CONDUIT        15     0  00:02      2.05    0.30    0.77
  23                   CONDUIT     0.158     0  00:10      3.37    0.99    0.63
  25                   CONDUIT      1.04     0  00:03      3.58    0.85    1.00
  28                   CONDUIT     0.158     0  00:10      1.35    0.00    0.05
  29                   CONDUIT     0.175     0  00:05      0.98    0.01    0.06
  31                   CONDUIT     0.595     0  00:04      0.93    0.36    0.91
  33                   CONDUIT      1.06     0  00:01      0.98    0.40    1.00
  37                   CONDUIT     0.499     0  00:05      0.77    0.01    0.15
  SS3_L                CONDUIT     0.158     0  00:09      3.17    0.00    0.05
  40                   CONDUIT      1.35     0  00:05      2.03    0.01    0.06
  SS6_L                CONDUIT     0.179     0  00:01      2.63    0.00    0.06
  1                    CONDUIT         0     0  00:00      0.00    0.00    0.02
  2                    CONDUIT         0     0  00:00      0.00    0.00    0.00
  3                    CONDUIT     0.178     0  00:11      3.95    0.02    0.14
  10                   CONDUIT     0.199     0  00:05      0.31    0.00    0.15
  13                   CONDUIT     0.526     0  00:00      6.33    1.14    1.00
  22                   CONDUIT     0.395     0  00:00      4.11    0.98    1.00
  24                   CONDUIT      3.24     0  00:00      4.68    0.00    1.00
  30                   CONDUIT      2.19     0  00:02      3.04    0.92    1.00
  34                   CONDUIT     0.751     0  00:01      3.30    0.84    1.00
  36                   CONDUIT     0.714     0  00:01      5.82    0.76    0.57
  38                   CONDUIT     0.619     0  00:01      3.21    0.23    1.00
  48                   CONDUIT      1.21     0  00:04      2.64    0.81    1.00
  54                   CONDUIT     0.897     0  00:07      0.75    0.17    0.66
  68                   CONDUIT     0.598     0  00:01     10.20    0.00    0.05
  73                   CONDUIT      1.99     0  00:06      1.51    0.46    1.00
  TWT1                 CONDUIT     0.308     0  00:11      2.43    0.00    0.01
  TWT2                 CONDUIT         0     0  00:00      0.00    0.00    0.01
  TWT3                 CONDUIT         0     0  00:00      0.00    0.00    0.00
  TWT4                 CONDUIT         0     0  00:00      0.00    0.00    0.01
  1_2_b_               CONDUIT         0     0  00:00      0.00    0.00    0.00
  1_2_b_2              CONDUIT     0.116     0  00:01      4.18    0.05    0.20
  1_2_b_3              CONDUIT     0.973     0  00:02      7.56    0.66    0.63
  1_3_a_1              CONDUIT     0.553     0  00:08      5.57    1.25    0.60
  TWT5                 CONDUIT     0.365     0  00:10      2.99    0.00    0.03
  1_4_a                CONDUIT     0.752     0  00:01      3.44    0.00    0.08
  TWT6                 CONDUIT      1.94     0  00:11      3.65    0.00    0.05
  1_4_b                CONDUIT      14.1     0  00:11      9.51    0.02    0.54
  1_4_b_2              CONDUIT      1.82     0  00:10      9.95    5.39    0.91
  TWT7                 CONDUIT         0     0  00:00      0.00    0.00    0.03
  1_5_a                CONDUIT         0     0  00:00      0.00    0.00    0.50
  
  
  ***************************
  Flow Classification Summary
  ***************************
  
  -------------------------------------------------------------------------------------
                      Adjusted    ---------- Fraction of Time in Flow Class ---------- 
                       /Actual         Up    Down  Sub   Sup   Up    Down  Norm  Inlet 
  Conduit               Length    Dry  Dry   Dry   Crit  Crit  Crit  Crit  Ltd   Ctrl  
  -------------------------------------------------------------------------------------
  Brunn_Fassung_L         1.00   0.00  0.00  0.00  0.00  1.00  0.00  0.00  0.00  0.00
  11                      1.00   0.00  0.00  0.00  1.00  0.00  0.00  0.00  0.00  0.00
  14                      1.00   0.00  0.00  0.00  1.00  0.00  0.00  0.00  0.00  0.00
  16                      1.00   0.00  0.00  0.00  1.00  0.00  0.00  0.00  0.00  0.00
  17                      1.00   0.00  0.00  0.00  1.00  0.00  0.00  0.00  0.00  0.00
  26                      1.00   0.00  0.00  0.00  1.00  0.00  0.00  0.00  0.00  0.00
  27                      1.00   0.00  0.00  0.00  0.00  1.00  0.00  0.00  0.00  0.00
  Gischeren_L             1.00   0.00  0.00  0.00  1.00  0.00  0.00  0.00  0.00  0.00
  Schuettstein_L          1.00   0.00  0.00  0.00  0.00  1.00  0.00  0.00  0.00  0.00
  Brunnmuehle_L           1.00   0.00  0.00  0.00  1.00  0.00  0.00  0.00  0.00  0.00
  32                      1.00   1.00  0.00  0.00  0.00  0.00  0.00  0.00  0.00  0.00
  35                      1.00   0.00  0.00  0.00  1.00  0.00  0.00  0.00  0.00  0.00
  45                      1.00   0.00  0.00  0.00  0.00  1.00  0.00  0.00  1.00  0.00
  46                      1.00   0.00  0.00  0.00  1.00  0.00  0.00  0.00  0.00  0.00
  47                      1.00   0.00  0.00  0.00  1.00  0.00  0.00  0.00  0.00  0.00
  50                      1.00   0.00  0.00  0.00  1.00  0.00  0.00  0.00  0.00  0.00
  51                      1.00   0.00  0.00  0.00  1.00  0.00  0.00  0.00  0.00  0.00
  53                      1.00   0.00  0.00  0.00  1.00  0.00  0.00  0.00  0.00  0.00
  Fenster_L               1.00   0.00  0.00  0.00  0.00  1.00  0.00  0.00  0.00  0.00
  58                      1.00   0.00  0.00  0.00  0.00  1.00  0.00  0.00  1.00  0.00
  59                      1.00   0.00  0.00  0.00  0.00  1.00  0.00  0.00  0.00  0.00
  61                      1.00   0.00  0.00  0.00  1.00  0.00  0.00  0.00  0.00  0.00
  63                      1.00   0.00  0.00  0.00  1.00  0.00  0.00  0.00  0.00  0.00
  66                      1.00   0.00  0.00  0.00  1.00  0.00  0.00  0.00  0.00  0.00
  67                      1.00   0.00  0.00  0.00  1.00  0.00  0.00  0.00  0.00  0.00
  Amont_L                 1.00   0.00  0.00  0.00  1.00  0.00  0.00  0.00  0.00  0.00
  69                      1.00   0.00  0.00  0.00  1.00  0.00  0.00  0.00  0.00  0.00
  70                      1.00   0.00  0.00  0.00  1.00  0.00  0.00  0.00  0.00  0.00
  71                      1.00   0.00  0.00  0.00  1.00  0.00  0.00  0.00  0.00  0.00
  72                      1.00   0.00  0.00  0.00  1.00  0.00  0.00  0.00  0.00  0.00
  Sauser_L                1.00   0.00  0.00  0.00  1.00  0.00  0.00  0.00  0.00  0.00
  75                      1.00   0.00  0.00  0.00  0.00  1.00  0.00  0.00  0.00  0.00
  Entw_Sto_L              1.00   0.00  0.00  0.00  1.00  0.00  0.00  0.00  0.00  0.00
  4                       1.00   0.00  0.00  0.00  1.00  0.00  0.00  0.00  0.00  0.00
  5                       1.00   0.00  0.00  0.00  1.00  0.00  0.00  0.00  0.00  0.00
  6                       1.00   0.00  0.00  0.00  0.00  1.00  0.00  0.00  0.00  0.00
  7                       1.00   0.00  0.00  0.00  1.00  0.00  0.00  0.00  0.00  0.00
  Brunn_Teich_L           1.00   0.00  0.00  0.00  1.00  0.00  0.00  0.00  0.00  0.00
  9                       1.00   0.00  0.00  0.00  0.00  1.00  0.00  0.00  0.00  0.00
  12                      1.00   0.00  0.00  0.00  1.00  0.00  0.00  0.00  0.00  0.00
  15                      1.00   0.00  0.00  0.00  1.00  0.00  0.00  0.00  0.00  0.00
  18                      1.00   0.00  0.00  0.00  1.00  0.00  0.00  0.00  0.00  0.00
  19                      1.00   0.00  0.00  0.00  1.00  0.00  0.00  0.00  0.00  0.00
  20                      1.00   0.00  0.00  0.00  0.00  1.00  0.00  0.00  0.00  0.00
  21                      1.00   0.00  0.00  0.00  1.00  0.00  0.00  0.00  0.00  0.00
  Hooliloch_L             1.00   0.00  0.00  0.00  1.00  0.00  0.00  0.00  0.00  0.00
  23                      1.00   0.00  0.00  0.00  0.00  1.00  0.00  0.00  0.00  0.00
  25                      1.00   0.00  0.00  0.00  1.00  0.00  0.00  0.00  0.00  0.00
  28                      1.00   0.00  0.00  0.00  0.00  1.00  0.00  0.00  1.00  0.00
  29                      1.00   0.00  0.00  0.00  1.00  0.00  0.00  0.00  0.00  0.00
  31                      1.00   0.00  0.00  0.00  1.00  0.00  0.00  0.00  0.00  0.00
  33                      1.00   0.00  0.00  0.00  1.00  0.00  0.00  0.00  0.00  0.00
  37                      1.00   0.00  0.00  0.00  1.00  0.00  0.00  0.00  0.00  0.00
  SS3_L                   1.00   0.00  0.00  0.00  0.00  1.00  0.00  0.00  1.00  0.00
  40                      1.00   0.00  0.00  0.00  0.00  1.00  0.00  0.00  0.00  0.00
  SS6_L                   1.00   0.00  0.00  0.00  0.00  1.00  0.00  0.00  1.00  0.00
  1                       1.00   0.00  1.00  0.00  0.00  0.00  0.00  0.00  0.00  0.00
  2                       1.00   1.00  0.00  0.00  0.00  0.00  0.00  0.00  0.00  0.00
  3                       1.00   0.00  0.00  0.00  0.00  1.00  0.00  0.00  1.00  0.00
  10                      1.00   0.00  0.00  0.00  1.00  0.00  0.00  0.00  0.00  0.00
  13                      1.00   0.00  0.00  0.00  1.00  0.00  0.00  0.00  0.00  0.00
  22                      1.00   0.00  0.00  0.00  1.00  0.00  0.00  0.00  0.00  0.00
  24                      1.00   0.00  0.00  0.00  1.00  0.00  0.00  0.00  0.00  0.00
  30                      1.00   0.00  0.00  0.00  1.00  0.00  0.00  0.00  0.00  0.00
  34                      1.00   0.00  0.00  0.00  1.00  0.00  0.00  0.00  0.00  0.00
  36                      1.00   0.00  0.00  0.00  0.00  1.00  0.00  0.00  0.00  0.00
  38                      1.00   0.00  0.00  0.00  1.00  0.00  0.00  0.00  0.00  0.00
  48                      1.00   0.00  0.00  0.00  1.00  0.00  0.00  0.00  0.00  0.00
  54                      1.00   0.00  0.01  0.00  0.99  0.00  0.00  0.00  0.00  0.00
  68                      1.00   0.00  0.00  0.00  0.00  1.00  0.00  0.00  1.00  0.00
  73                      1.00   0.00  0.00  0.00  1.00  0.00  0.00  0.00  0.00  0.00
  TWT1                    1.00   0.01  0.00  0.00  0.00  0.99  0.00  0.00  0.00  0.00
  TWT2                    1.00   0.01  0.99  0.00  0.00  0.00  0.00  0.00  0.00  0.00
  TWT3                    1.00   1.00  0.00  0.00  0.00  0.00  0.00  0.00  0.00  0.00
  TWT4                    1.00   0.00  1.00  0.00  0.00  0.00  0.00  0.00  0.00  0.00
  1_2_b_                  1.00   1.00  0.00  0.00  0.00  0.00  0.00  0.00  0.00  0.00
  1_2_b_2                 1.00   0.00  0.00  0.00  0.00  1.00  0.00  0.00  1.00  0.00
  1_2_b_3                 1.00   0.00  0.00  0.00  0.00  1.00  0.00  0.00  0.00  0.00
  1_3_a_1                 1.00   0.00  0.01  0.00  0.00  0.99  0.00  0.00  0.00  0.00
  TWT5                    1.00   0.00  0.00  0.00  0.00  1.00  0.00  0.00  0.99  0.00
  1_4_a                   1.00   0.00  0.00  0.00  0.00  1.00  0.00  0.00  1.00  0.00
  TWT6                    1.00   0.00  0.00  0.00  0.00  1.00  0.00  0.00  0.00  0.00
  1_4_b                   1.00   0.00  0.00  0.00  0.99  0.01  0.00  0.00  0.01  0.00
  1_4_b_2                 1.00   0.00  0.00  0.00  0.00  1.00  0.00  0.00  0.00  0.00
  TWT7                    1.00   0.00  1.00  0.00  0.00  0.00  0.00  0.00  0.00  0.00
  1_5_a                   1.00   0.00  1.00  0.00  0.00  0.00  0.00  0.00  0.00  0.00
  
  
  *************************
  Conduit Surcharge Summary
  *************************
  
  ----------------------------------------------------------------------------
                                                           Hours        Hours 
                         --------- Hours Full --------   Above Full   Capacity
  Conduit                Both Ends  Upstream  Dnstream   Normal Flow   Limited
  ----------------------------------------------------------------------------
  Brunn_Fassung_L             0.01      0.01     24.00      0.01         0.01
  11                         23.99     23.99     23.99     23.99         0.01
  14                         23.99     23.99     24.00     23.99         0.01
  16                         24.00     24.00     24.00     23.99        23.99
  17                         24.00     24.00     24.00      0.01         0.01
  26                         23.99     24.00     23.99     23.99        23.99
  27                          0.01      0.01     23.98      0.01         0.01
  Gischeren_L                 0.01      0.01     23.92      0.01         0.01
  Schuettstein_L              0.01      0.01     23.99      0.01         0.01
  Brunnmuehle_L              24.00     24.00     24.00      0.01         0.01
  35                         23.93     23.93     23.96      0.01         0.01
  46                         24.00     24.00     24.00     23.99         0.01
  47                         24.00     24.00     24.00     24.00        24.00
  50                         23.99     23.99     23.99      0.01         0.01
  51                         23.99     23.99     24.00      0.01         0.01
  53                         24.00     24.00     24.00     23.99         0.01
  61                         23.99     23.99     23.99     23.99         0.01
  63                          0.01     23.98      0.01      0.01         0.01
  66                         23.96     23.98     23.96     23.98        23.96
  67                         23.99     23.99     24.00      0.01         0.01
  Amont_L                    24.00     24.00     24.00     24.00         0.01
  69                         23.96     23.96     24.00     23.98         0.01
  70                         23.96     23.96     24.00      0.01         0.01
  71                         23.99     23.99     23.99      0.01         0.01
  72                         23.92     23.99     23.92     23.99        23.92
  Sauser_L                    0.01      0.01     24.00      0.01         0.01
  75                          0.01     23.98      0.01     23.92         0.01
  Entw_Sto_L                 23.92     23.94     23.92     23.94        23.92
  4                          23.94     23.98     23.94     23.95        23.94
  5                          23.94     23.94     24.00     23.95         0.01
  6                           0.01      0.01     24.00      0.01         0.01
  7                          23.99     23.99     24.00      0.01         0.01
  Brunn_Teich_L               0.01      0.01     23.99      0.01         0.01
  9                           0.01      0.01     23.99      0.01         0.01
  12                         23.99     23.99     23.99      0.01         0.01
  15                         23.99     23.99     23.99      0.01         0.01
  18                         23.99     23.99     23.99      0.01         0.01
  19                         23.98     23.98     23.99      0.01         0.01
  21                          0.01      0.01     23.98      0.01         0.01
  Hooliloch_L                 0.01      0.01     23.97      0.01         0.01
  23                          0.01     23.96      0.01      0.01         0.01
  25                         23.95     23.95     23.99      0.01         0.01
  31                          0.01      0.01     23.92      0.01         0.01
  33                         23.97     23.97     23.97      0.01         0.01
  13                         23.99     23.99     24.00      0.01         0.01
  22                         23.99     23.99     24.00      0.01         0.01
  24                         23.98     23.98     24.00      0.01         0.01
  30                         23.98     23.98     24.00      0.01         0.01
  34                         23.96     23.96     23.99      0.01         0.01
  36                          0.01     23.96      0.01      0.01         0.01
  38                         23.95     23.95     23.97      0.01         0.01
  48                         23.86     23.86     23.91      0.01         0.01
  54                          0.01      0.01     23.88      0.01         0.01
  73                         23.84     23.84     23.85      0.01         0.01
  1_2_b_3                     0.01      0.01     23.99      0.01         0.01
  1_3_a_1                     0.01      0.01     23.86      0.01         0.01
  1_4_b                       0.01      0.01     23.81      0.01         0.01
  1_4_b_2                     0.01      0.01     23.99     23.99         0.01
  

  Analysis begun on:  Mon Aug 17 09:30:28 2026
  Analysis ended on:  Mon Aug 17 09:30:30 2026
  Total elapsed time: 00:00:02