
  EPA STORM WATER MANAGEMENT MODEL - VERSION 5.2 (Build 5.2.4)
  ------------------------------------------------------------

  Brunnmuehle (Twann) 
  WARNING 08: elevation drop exceeds length for Conduit SS3_L
  WARNING 08: elevation drop exceeds length for Conduit SS6_L
  WARNING 08: elevation drop exceeds length for Conduit 2
  WARNING 08: elevation drop exceeds length for Conduit 3
  WARNING 08: elevation drop exceeds length for Conduit 68
  WARNING 08: elevation drop exceeds length for Conduit 1_2_b_
  WARNING 08: elevation drop exceeds length for Conduit 1_2_b_2
  WARNING 08: elevation drop exceeds length for Conduit 1_2_b_3
  WARNING 08: elevation drop exceeds length for Conduit 1_4_a
  WARNING 08: elevation drop exceeds length for Conduit 1_4_b
  WARNING 08: elevation drop exceeds length for Conduit 1_4_b_1
  WARNING 08: elevation drop exceeds length for Conduit 1_5_a
  WARNING 02: maximum depth increased for Node 2
  
  ****************
  Analysis Options
  ****************
  Flow Units ............... CMS
  Process Models:
    Rainfall/Runoff ........ NO
    RDII ................... NO
    Snowmelt ............... NO
    Groundwater ............ NO
    Flow Routing ........... YES
    Ponding Allowed ........ NO
    Water Quality .......... NO
  Flow Routing Method ...... DYNWAVE
  Surcharge Method ......... EXTRAN
  Starting Date ............ 01/01/2000 00:00:00
  Ending Date .............. 01/02/2000 00:00:00
  Antecedent Dry Days ...... 0.0
  Report Time Step ......... 01:00:00
  Routing Time Step ........ 0.50 sec
  Variable Time Step ....... YES
  Maximum Trials ........... 8
  Number of Threads ........ 1
  Head Tolerance ........... 0.001500 m
  
  
  **************************        Volume        Volume
  Flow Routing Continuity        hectare-m      10^6 ltr
  **************************     ---------     ---------
  Dry Weather Inflow .......         0.000         0.000
  Wet Weather Inflow .......         0.000         0.000
  Groundwater Inflow .......         0.000         0.000
  RDII Inflow ..............         0.000         0.000
  External Inflow ..........       133.343      1333.445
  External Outflow .........       123.831      1238.327
  Flooding Loss ............        10.535       105.351
  Evaporation Loss .........         0.000         0.000
  Exfiltration Loss ........         0.000         0.000
  Initial Stored Volume ....         0.057         0.565
  Final Stored Volume ......         0.372         3.724
  Continuity Error (%) .....        -1.004
  
  
  *************************
  Highest Continuity Errors
  *************************
  Node SonSto_porte (-6.92%)
  Node 2 (6.80%)
  Node TWT_Intersection_Sonsto_60+345 (1.20%)
  
  
  ***************************
  Time-Step Critical Elements
  ***************************
  Link 1_4_a (86.12%)
  Link 1_4_b (13.84%)
  
  
  ********************************
  Highest Flow Instability Indexes
  ********************************
  Link 21 (115)
  Link 67 (108)
  Link 31 (107)
  Link Amont_L (105)
  Link 26 (102)
  
  
  *********************************
  Most Frequent Nonconverging Nodes
  *********************************
  Node Brunnm_Fassung (83.95%)
  Node Brunnmuehle(Teich) (83.95%)
  Node Fensterstollen (83.95%)
  Node Gischeren (83.95%)
  Node Schuettstein (83.95%)
  
  
  *************************
  Routing Time Step Summary
  *************************
  Minimum Time Step           :     0.50 sec
  Average Time Step           :     0.50 sec
  Maximum Time Step           :     0.50 sec
  % of Time in Steady State   :     0.00
  Average Iterations per Step :     7.56
  % of Steps Not Converging   :    83.95
  Time Step Frequencies       :
      0.500 -  0.500 sec      :   100.00 %
      0.500 -  0.500 sec      :     0.00 %
      0.500 -  0.500 sec      :     0.00 %
      0.500 -  0.500 sec      :     0.00 %
      0.500 -  0.500 sec      :     0.00 %
  
  
  ******************
  Node Depth Summary
  ******************
  
  ---------------------------------------------------------------------------------
                                 Average  Maximum  Maximum  Time of Max    Reported
                                   Depth    Depth      HGL   Occurrence   Max Depth
  Node                 Type       Meters   Meters   Meters  days hr:min      Meters
  ---------------------------------------------------------------------------------
  9                    JUNCTION    45.19    48.16   486.66     0  00:00       45.23
  Holiloch_sonde       JUNCTION    41.32    43.87   483.87     0  00:00       41.35
  11                   JUNCTION    33.79    35.55   445.55     0  00:00       33.80
  13                   JUNCTION    57.41    57.65   495.65     0  00:02       57.45
  21                   JUNCTION    39.00    39.89   439.89     0  00:04       39.02
  SonSto_F             JUNCTION     0.19     0.20   438.00     0  00:15        0.20
  Sondierstollen       JUNCTION     0.00     0.00   440.80     0  00:00        0.00
  Aval_Trappe          JUNCTION     0.39     0.40   438.00     0  00:09        0.40
  30                   JUNCTION     0.35     0.36   437.66     0  00:09        0.36
  Gischeren_node       JUNCTION     3.74     3.76   480.26     0  12:43        3.76
  34                   JUNCTION    18.12    18.85   438.85     0  00:04       18.13
  38                   JUNCTION    19.88    20.71   440.71     0  00:04       19.90
  SS6                  JUNCTION     0.07     0.07   448.07     0  00:02        0.07
  40                   JUNCTION    31.83    32.87   451.87     0  00:02       31.86
  41                   JUNCTION    57.63    57.87   495.37     0  00:02       57.67
  SondeSchuettstein    JUNCTION    22.24    24.00   483.00     0  00:01       22.27
  SS4                  JUNCTION     0.08     0.08   448.08     0  15:47        0.08
  47                   JUNCTION    14.22    14.25   479.15     0  00:04       14.24
  48                   JUNCTION     9.91    11.50   482.50     0  00:01        9.92
  SondeGischeren       JUNCTION    15.21    15.28   480.28     0  02:31       15.27
  49                   JUNCTION    13.80    15.40   481.40     0  00:02       13.83
  50                   JUNCTION     8.64     8.69   471.69     0  11:52        8.69
  51                   JUNCTION    75.73    75.97   495.97     0  00:02       75.77
  Amont_C              JUNCTION    78.99    87.47   505.47     0  00:00       79.03
  52                   JUNCTION    10.35    21.66   478.66     0  00:04       10.39
  53                   JUNCTION    24.91    26.30   493.30     0  00:08       24.98
  54                   JUNCTION    26.44    27.88   490.88     0  00:08       26.59
  56                   JUNCTION     6.77     7.07   437.07     0  00:02        6.77
  2                    JUNCTION     3.29     4.15   442.15     0  00:16        3.63
  4                    JUNCTION     8.44     9.16   437.16     0  00:00        8.45
  5                    JUNCTION     6.14     6.15   478.65     0  12:36        6.15
  6                    JUNCTION    21.97    23.80   481.80     0  00:01       22.00
  7                    JUNCTION     3.63     3.64   478.64     0  00:04        3.63
  SS3                  JUNCTION     0.08     0.08   448.08     0  19:01        0.08
  SS5                  JUNCTION     0.68     0.75   439.65     0  00:15        0.75
  8                    JUNCTION     6.33     6.37   480.37     0  17:43        6.37
  10                   JUNCTION    11.79    13.44   481.44     0  00:02       11.82
  SonSto_SS5           JUNCTION     0.17     0.19   439.49     0  00:14        0.19
  SonSto_SS3           JUNCTION     0.10     0.10   439.80     0  00:11        0.10
  SonSto_SS4           JUNCTION     0.14     0.19   439.59     0  00:15        0.18
  Amont_Trappe         JUNCTION     0.30     0.31   438.01     0  00:10        0.31
  SonSto_SS6           JUNCTION     0.15     0.16   438.86     0  00:15        0.16
  SS2                  JUNCTION     0.00     0.00   448.00     0  00:00        0.00
  SonSto_SS2           JUNCTION     0.00     0.00   441.50     0  00:00        0.00
  12                   JUNCTION    25.78    25.91   474.91     0  00:02       25.81
  14                   JUNCTION    14.57    18.97   483.97     0  00:02       14.60
  15                   JUNCTION     0.37     0.37   472.37     0  00:04        0.37
  TWT_PointHaut_60+650 JUNCTION     0.00     0.00   438.50     0  00:00        0.00
  TWT_Fensterstollen_60+375 JUNCTION     0.19     0.20   441.50     0  00:04        0.19
  TWT_Acces_LT_60+110  JUNCTION     0.14     0.14   441.64     0  07:57        0.14
  TWT_Liaison_LT_59+738 JUNCTION     0.00     0.00   450.60     0  00:00        0.00
  Syst_Est_amont       JUNCTION     2.79     9.97   439.97     0  00:13        2.82
  Syst_Est_interm      JUNCTION    19.69    23.68   433.68     0  00:10       19.84
  TWT_Branche_Est_Sonsto_60+540 JUNCTION     0.00     0.00   442.40     0  00:00        0.00
  TWT_Intersection_Sonsto_60+345 JUNCTION     0.24     0.30   441.20     0  00:19        0.30
  TWT_Chrosweg_61+140  JUNCTION     0.07     0.07   432.07     0  18:53        0.07
  SonSto_F_sup         JUNCTION     0.06     0.06   448.06     0  00:04        0.06
  SonSto_porte         JUNCTION     2.80     3.00   441.50     0  00:18        3.00
  Brunnm_Fassung       OUTFALL      0.09     0.09   433.89     0  00:04        0.09
  Brunnmuehle(Teich)   OUTFALL      0.20     0.21   435.71     0  00:04        0.20
  Fensterstollen       OUTFALL      0.35     0.36   437.36     0  00:10        0.35
  Gischeren            OUTFALL      0.18     0.18   480.18     0  12:43        0.18
  Schuettstein         OUTFALL      0.24     0.24   477.79     0  00:02        0.24
  Holiloch             OUTFALL      1.72     1.73   478.23     0  00:04        1.73
  Sauserquelle         OUTFALL      0.36     0.36   435.91     0  20:16        0.36
  Entw_Stollen         OUTFALL      0.18     0.18   436.68     0  00:04        0.18
  Sous_lacustre        OUTFALL      0.10     0.10   429.30     0  00:04        0.10
  Sous_ecoul.          OUTFALL      0.00     0.00   433.00     0  00:04        0.00
  Syst_Est_aval        OUTFALL      0.33     0.34   429.34     0  00:10        0.33
  TWT_Portail_Est_61+665 OUTFALL      0.05     0.05   421.65     0  18:53        0.05
  
  
  *******************
  Node Inflow Summary
  *******************
  
  -------------------------------------------------------------------------------------------------
                                  Maximum  Maximum                  Lateral       Total        Flow
                                  Lateral    Total  Time of Max      Inflow      Inflow     Balance
                                   Inflow   Inflow   Occurrence      Volume      Volume       Error
  Node                 Type           CMS      CMS  days hr:min    10^6 ltr    10^6 ltr     Percent
  -------------------------------------------------------------------------------------------------
  9                    JUNCTION         0     13.4     0  00:00           0         769       0.015
  Holiloch_sonde       JUNCTION         0     12.6     0  00:00           0         725       0.010
  11                   JUNCTION         0    0.324     0  13:54           0          28       0.000
  13                   JUNCTION         0     15.1     0  00:00           0    1.04e+03       0.022
  21                   JUNCTION         0    0.347     0  00:04           0        29.7       0.000
  SonSto_F             JUNCTION         0     1.16     0  00:14           0          94       0.009
  Sondierstollen       JUNCTION         0        0     0  00:00           0           0       0.000 ltr
  Aval_Trappe          JUNCTION         0     2.98     0  00:10           0         246       0.002
  30                   JUNCTION         0     3.06     0  00:10           0         252       0.003
  Gischeren_node       JUNCTION         0    0.434     0  00:09           0        33.7       0.183
  34                   JUNCTION         0    0.316     0  00:04           0        26.9       0.000
  38                   JUNCTION         0    0.202     0  00:00           0        10.6       0.000
  SS6                  JUNCTION         0    0.161     0  00:02           0        13.2       0.001
  40                   JUNCTION         0     2.11     0  00:02           0         182       0.000
  41                   JUNCTION         0     2.03     0  00:00           0        47.7       0.033
  SondeSchuettstein    JUNCTION         0    0.758     0  00:00           0        47.7       0.025
  SS4                  JUNCTION         0    0.131     0  03:48           0        11.3       0.003
  47                   JUNCTION         0     9.85     0  00:01           0         712       0.005
  48                   JUNCTION         0    0.602     0  00:01           0        47.7       0.010
  SondeGischeren       JUNCTION         0    0.363     0  00:06           0        23.4       0.215
  49                   JUNCTION         0     1.01     0  00:01           0        13.3       0.423
  50                   JUNCTION         0     0.18     0  00:04           0        13.5       0.017
  51                   JUNCTION         0     28.4     0  00:00           0    1.27e+03      -0.001
  Amont_C              JUNCTION      14.7     39.7     0  00:00    1.27e+03    1.27e+03       0.020
  52                   JUNCTION         0    0.277     0  00:03           0        19.1       0.114
  53                   JUNCTION         0    0.414     0  00:01           0        14.1       0.091
  54                   JUNCTION         0    0.347     0  00:07           0        14.1       0.583
  56                   JUNCTION         0     1.09     0  17:53           0        94.4       0.000
  2                    JUNCTION         0     1.03     0  00:05           0        7.32       7.302
  4                    JUNCTION         0     0.29     0  00:04           0        24.6       0.023
  5                    JUNCTION         0      8.7     0  00:01           0         712       0.035
  6                    JUNCTION         0     10.7     0  00:00           0         725       0.020
  7                    JUNCTION         0     8.46     0  00:02           0         712       0.038
  SS3                  JUNCTION         0    0.157     0  15:14           0        13.5       0.003
  SS5                  JUNCTION         0    0.859     0  00:17           0        38.7       0.121
  8                    JUNCTION         0    0.603     0  00:06           0        47.4       0.158
  10                   JUNCTION         0    0.813     0  00:02           0        13.2       0.106
  SonSto_SS5           JUNCTION         0    0.664     0  00:14           0        44.7       0.015
  SonSto_SS3           JUNCTION         0    0.157     0  06:13           0        13.5       0.011
  SonSto_SS4           JUNCTION         0    0.403     0  19:11           0        26.7       0.549
  Amont_Trappe         JUNCTION         0     1.05     0  00:15           0        88.1       0.002
  SonSto_SS6           JUNCTION         0    0.761     0  00:14           0        57.9       0.049
  SS2                  JUNCTION         0        0     0  00:00           0           0       0.000 ltr
  SonSto_SS2           JUNCTION         0        0     0  00:00           0           0       0.000 ltr
  12                   JUNCTION         0    0.398     0  00:00           0        25.3       0.014
  14                   JUNCTION         0     2.11     0  00:02           0         147       0.031
  15                   JUNCTION         0    0.503     0  00:04           0        43.3       0.025
  TWT_PointHaut_60+650 JUNCTION         0        0     0  00:00           0           0       0.000 ltr
  TWT_Fensterstollen_60+375 JUNCTION         0     2.77     0  00:04           0         237       0.009
  TWT_Acces_LT_60+110  JUNCTION         0    0.194     0  00:16           0        16.7       0.076
  TWT_Liaison_LT_59+738 JUNCTION         0        0     0  00:00           0           0       0.000 ltr
  Syst_Est_amont       JUNCTION     0.735    0.735     0  00:00        63.5        63.5       0.202
  Syst_Est_interm      JUNCTION         0     0.78     0  00:04           0        49.6       0.839
  TWT_Branche_Est_Sonsto_60+540 JUNCTION         0        0     0  00:00           0           0       0.000 ltr
  TWT_Intersection_Sonsto_60+345 JUNCTION         0     6.95     0  00:18           0         237       1.210
  TWT_Chrosweg_61+140  JUNCTION         0     0.26     0  00:13           0        13.7       0.142
  SonSto_F_sup         JUNCTION         0    0.502     0  00:04           0        43.2       0.002
  SonSto_porte         JUNCTION         0     13.1     0  00:19           0         235      -6.471
  Brunnm_Fassung       OUTFALL          0   0.0284     0  00:04           0        2.35       0.000
  Brunnmuehle(Teich)   OUTFALL          0    0.285     0  00:04           0        24.1       0.000
  Fensterstollen       OUTFALL          0     3.06     0  00:10           0         252       0.000
  Gischeren            OUTFALL          0    0.392     0  12:43           0        33.6       0.000
  Schuettstein         OUTFALL          0    0.555     0  00:02           0        47.7       0.000
  Holiloch             OUTFALL          0     8.27     0  00:04           0         711       0.000
  Sauserquelle         OUTFALL          0     1.09     0  20:16           0        94.4       0.000
  Entw_Stollen         OUTFALL          0   0.0781     0  03:57           0        6.55       0.000
  Sous_lacustre        OUTFALL          0   0.0329     0  00:04           0        2.77       0.000
  Sous_ecoul.          OUTFALL          0  0.00586     0  00:04           0       0.489       0.000
  Syst_Est_aval        OUTFALL          0    0.593     0  00:10           0        49.2       0.000
  TWT_Portail_Est_61+665 OUTFALL          0    0.161     0  18:53           0        13.7       0.000
  
  
  **********************
  Node Surcharge Summary
  **********************
  
  Surcharging occurs when water rises above the top of the highest conduit.
  ---------------------------------------------------------------------
                                               Max. Height   Min. Depth
                                   Hours       Above Crown    Below Rim
  Node                 Type      Surcharged         Meters       Meters
  ---------------------------------------------------------------------
  9                    JUNCTION       23.99         46.365       51.835
  Holiloch_sonde       JUNCTION       23.99         41.968      156.132
  11                   JUNCTION       24.00         35.046      114.454
  13                   JUNCTION       23.99         54.653      342.347
  21                   JUNCTION       24.00         39.286      110.114
  34                   JUNCTION       24.00         18.247       81.153
  38                   JUNCTION       24.00         20.111      129.289
  40                   JUNCTION       24.00         28.872       67.128
  41                   JUNCTION       23.99         57.023      192.127
  SondeSchuettstein    JUNCTION       23.98         23.199        0.000
  47                   JUNCTION       23.98         12.350       85.750
  48                   JUNCTION       23.98         10.704       88.496
  SondeGischeren       JUNCTION       23.93         14.079       84.721
  49                   JUNCTION       23.96          7.400      184.600
  50                   JUNCTION       23.93          8.391      191.309
  51                   JUNCTION       24.00         71.972      324.028
  Amont_C              JUNCTION       24.00         84.465      312.535
  52                   JUNCTION       23.93         21.259       78.341
  53                   JUNCTION       23.97         21.302      173.698
  54                   JUNCTION       23.87         22.877      172.123
  56                   JUNCTION       23.99          6.073       92.927
  2                    JUNCTION       23.74          2.148        0.000
  4                    JUNCTION       23.99          8.512       90.838
  5                    JUNCTION       23.97          1.155       43.845
  6                    JUNCTION       23.98         18.800      176.200
  8                    JUNCTION       23.85          1.373      193.627
  10                   JUNCTION       23.96          5.443      186.557
  12                   JUNCTION       23.98         25.556      174.094
  14                   JUNCTION       23.97         14.965      181.035
  Syst_Est_amont       JUNCTION       23.77          8.973       90.027
  Syst_Est_interm      JUNCTION       23.82         22.182       76.318
  SonSto_porte         JUNCTION        4.10          0.000        0.000
  
  
  *********************
  Node Flooding Summary
  *********************
  
  Flooding refers to all water that overflows a node, whether it ponds or not.
  --------------------------------------------------------------------------
                                                             Total   Maximum
                                 Maximum   Time of Max       Flood    Ponded
                        Hours       Rate    Occurrence      Volume     Depth
  Node                 Flooded       CMS   days hr:min    10^6 ltr    Meters
  --------------------------------------------------------------------------
  SonSto_porte            4.09      10.5      0  18:58     105.350     0.000
  
  
  ***********************
  Outfall Loading Summary
  ***********************
  
  -----------------------------------------------------------
                         Flow       Avg       Max       Total
                         Freq      Flow      Flow      Volume
  Outfall Node           Pcnt       CMS       CMS    10^6 ltr
  -----------------------------------------------------------
  Brunnm_Fassung        99.94    0.0273    0.0284       2.353
  Brunnmuehle(Teich)    99.94     0.279     0.285      24.076
  Fensterstollen        99.96      2.92      3.06     252.179
  Gischeren             99.32     0.392     0.392      33.619
  Schuettstein          99.92     0.552     0.555      47.659
  Holiloch              99.88      8.24      8.27     711.279
  Sauserquelle          99.96      1.09      1.09      94.414
  Entw_Stollen          99.94    0.0758    0.0781       6.547
  Sous_lacustre        100.00    0.0321    0.0329       2.770
  Sous_ecoul.           99.94   0.00566   0.00586       0.489
  Syst_Est_aval         99.25     0.574     0.593      49.224
  TWT_Portail_Est_61+665  99.03      0.16     0.161      13.712
  -----------------------------------------------------------
  System                99.76      14.4      14.4    1238.321
  
  
  ********************
  Link Flow Summary
  ********************
  
  -----------------------------------------------------------------------------
                                 Maximum  Time of Max   Maximum    Max/    Max/
                                  |Flow|   Occurrence   |Veloc|    Full    Full
  Link                 Type          CMS  days hr:min     m/sec    Flow   Depth
  -----------------------------------------------------------------------------
  Brunn_Fassung_L      CONDUIT    0.0284     0  00:04      1.26    0.47    0.74
  11                   CONDUIT      12.6     0  00:00      6.93    1.88    1.00
  14                   CONDUIT      13.4     0  00:00      9.89    7.30    1.00
  16                   CONDUIT     0.324     0  13:54      3.79    2.26    1.00
  17                   CONDUIT     0.201     0  00:00      0.71    0.34    1.00
  26                   CONDUIT      2.03     0  00:00      3.58    2.75    1.00
  27                   CONDUIT     0.069     0  04:06      1.87    0.89    0.95
  Gischeren_L          CONDUIT     0.392     0  12:43      0.58    0.05    0.58
  Schuettstein_L       CONDUIT     0.555     0  00:02      3.55    0.47    0.74
  Brunnmuehle_L        CONDUIT     0.316     0  00:04      1.12    0.15    1.00
  32                   CONDUIT         0     0  00:00      0.00    0.00    0.00
  35                   CONDUIT     0.215     0  00:06      0.29    0.04    1.00
  45                   CONDUIT     0.738     0  00:14      4.41    0.01    0.06
  46                   CONDUIT      1.09     0  17:53      3.87    1.09    1.00
  47                   CONDUIT     0.114     0  00:00      3.00    7.12    1.00
  50                   CONDUIT     0.602     0  00:01      2.10    0.11    1.00
  51                   CONDUIT     0.233     0  00:51      2.42    0.65    1.00
  53                   CONDUIT     0.202     0  00:00      1.21    1.02    1.00
  Fenster_L            CONDUIT      3.06     0  00:10      6.45    0.03    0.12
  58                   CONDUIT      2.99     0  00:10      5.72    0.04    0.13
  59                   CONDUIT     0.608     0  00:14      3.96    0.01    0.06
  61                   CONDUIT     0.758     0  00:00      3.71    1.07    1.00
  63                   CONDUIT     0.161     0  00:02      2.22    0.72    0.52
  66                   CONDUIT      0.18     0  00:04      2.69    2.38    1.00
  67                   CONDUIT      14.6     0  00:00      3.98    0.14    1.00
  Amont_L              CONDUIT      28.4     0  00:00      4.02    1.54    1.00
  69                   CONDUIT     0.277     0  00:03      2.34    1.08    1.00
  70                   CONDUIT     0.221     0  00:04      1.76    0.69    1.00
  71                   CONDUIT     0.414     0  00:01      1.82    0.73    1.00
  72                   CONDUIT     0.347     0  00:07      1.65    1.64    1.00
  Sauser_L             CONDUIT      1.09     0  20:16      1.92    0.28    0.68
  75                   CONDUIT     0.131     0  03:48      3.92    1.34    0.66
  Entw_Sto_L           CONDUIT    0.0781     0  03:57      3.07    1.80    1.00
  4                    CONDUIT    0.0317     0  00:08      1.25    1.42    1.00
  5                    CONDUIT    0.0137     0  00:03      0.57    0.49    1.00
  6                    CONDUIT    0.0329     0  00:04      1.30    0.49    0.75
  7                    CONDUIT      0.29     0  00:04      1.47    0.45    1.00
  Brunn_Teich_L        CONDUIT     0.285     0  00:04      1.23    0.22    0.66
  9                    CONDUIT   0.00586     0  00:04      1.47    0.00    0.50
  12                   CONDUIT       8.7     0  00:01      4.94    0.18    1.00
  15                   CONDUIT      10.7     0  00:00      5.21    0.28    1.00
  18                   CONDUIT      9.85     0  00:01      5.01    0.40    1.00
  19                   CONDUIT      1.01     0  00:01      1.32    0.96    1.00
  20                   CONDUIT      1.06     0  00:17      3.00    0.08    0.36
  21                   CONDUIT      8.46     0  00:02      0.92    0.06    0.86
  Hooliloch_L          CONDUIT      8.27     0  00:04      1.44    0.16    0.67
  23                   CONDUIT     0.157     0  15:14      3.36    0.98    0.63
  25                   CONDUIT     0.603     0  00:06      2.12    0.49    1.00
  28                   CONDUIT     0.157     0  00:11      2.20    0.00    0.05
  29                   CONDUIT     0.159     0  00:15      1.04    0.01    0.06
  31                   CONDUIT     0.333     0  00:09      0.53    0.20    0.88
  33                   CONDUIT     0.813     0  00:02      0.82    0.31    1.00
  37                   CONDUIT     0.623     0  00:15      0.89    0.01    0.16
  SS3_L                CONDUIT     0.157     0  06:13      3.15    0.00    0.05
  40                   CONDUIT      1.05     0  00:15      1.40    0.01    0.06
  SS6_L                CONDUIT     0.161     0  00:02      2.61    0.00    0.06
  1                    CONDUIT         0     0  00:00      0.00    0.00    0.02
  2                    CONDUIT         0     0  00:00      0.00    0.00    0.00
  3                    CONDUIT     0.131     0  13:10      4.02    0.01    0.13
  10                   CONDUIT     0.628     0  00:17      1.02    0.00    0.14
  13                   CONDUIT     0.398     0  00:00      4.56    0.86    1.00
  22                   CONDUIT     0.311     0  00:01      3.23    0.77    1.00
  24                   CONDUIT      2.11     0  00:02      3.04    0.00    1.00
  30                   CONDUIT      1.71     0  00:02      2.38    0.72    1.00
  34                   CONDUIT     0.503     0  00:04      2.37    0.56    0.84
  36                   CONDUIT     0.502     0  00:04      5.78    0.54    0.39
  38                   CONDUIT     0.363     0  00:06      2.67    0.14    1.00
  48                   CONDUIT      0.78     0  00:04      2.40    0.52    1.00
  54                   CONDUIT     0.593     0  00:10      0.52    0.11    0.63
  68                   CONDUIT     0.419     0  00:04      4.49    0.00    0.04
  73                   CONDUIT     0.992     0  00:05      1.58    0.23    1.00
  TWT1                 CONDUIT     0.161     0  18:53      2.32    0.00    0.01
  TWT2                 CONDUIT         0     0  00:00      0.00    0.00    0.00
  TWT3                 CONDUIT         0     0  00:00      0.00    0.00    0.00
  TWT4                 CONDUIT         0     0  00:00      0.00    0.00    0.01
  1_2_b_               CONDUIT         0     0  00:00      0.00    0.00    0.00
  1_2_b_1              CONDUIT       1.9     0  00:02     13.02    3.28    0.70
  1_2_b_2              CONDUIT     0.083     0  00:04      2.11    0.03    0.26
  1_2_b_3              CONDUIT     0.789     0  00:02      5.40    0.54    0.70
  1_3_a_1              CONDUIT      0.26     0  00:13      2.63    0.59    0.57
  TWT5                 CONDUIT     0.923     0  00:18      4.50    0.00    0.03
  1_4_a                CONDUIT      1.93     0  00:04      5.78    0.01    0.10
  TWT6                 CONDUIT     0.216     0  07:57      1.34    0.00    0.03
  1_4_b                CONDUIT      13.1     0  00:19     10.38    0.01    0.54
  1_4_b_1              CONDUIT     0.194     0  00:16      1.51    0.19    0.64
  TWT7                 CONDUIT         0     0  00:00      0.00    0.00    0.01
  1_5_a                CONDUIT         0     0  00:00      0.00    0.00    0.50
  
  
  ***************************
  Flow Classification Summary
  ***************************
  
  -------------------------------------------------------------------------------------
                      Adjusted    ---------- Fraction of Time in Flow Class ---------- 
                       /Actual         Up    Down  Sub   Sup   Up    Down  Norm  Inlet 
  Conduit               Length    Dry  Dry   Dry   Crit  Crit  Crit  Crit  Ltd   Ctrl  
  -------------------------------------------------------------------------------------
  Brunn_Fassung_L         1.00   0.00  0.00  0.00  0.00  1.00  0.00  0.00  0.00  0.00
  11                      1.00   0.00  0.00  0.00  1.00  0.00  0.00  0.00  0.00  0.00
  14                      1.00   0.00  0.00  0.00  1.00  0.00  0.00  0.00  0.00  0.00
  16                      1.00   0.00  0.00  0.00  1.00  0.00  0.00  0.00  0.00  0.00
  17                      1.00   0.00  0.00  0.00  1.00  0.00  0.00  0.00  0.00  0.00
  26                      1.00   0.00  0.00  0.00  1.00  0.00  0.00  0.00  0.00  0.00
  27                      1.00   0.00  0.00  0.00  0.30  0.70  0.00  0.00  0.00  0.00
  Gischeren_L             1.00   0.00  0.00  0.00  0.99  0.00  0.00  0.00  0.00  0.00
  Schuettstein_L          1.00   0.00  0.00  0.00  0.00  1.00  0.00  0.00  0.00  0.00
  Brunnmuehle_L           1.00   0.00  0.00  0.00  1.00  0.00  0.00  0.00  0.00  0.00
  32                      1.00   1.00  0.00  0.00  0.00  0.00  0.00  0.00  0.00  0.00
  35                      1.00   0.00  0.00  0.00  1.00  0.00  0.00  0.00  0.00  0.00
  45                      1.00   0.00  0.00  0.00  0.00  1.00  0.00  0.00  0.49  0.00
  46                      1.00   0.00  0.00  0.00  1.00  0.00  0.00  0.00  0.00  0.00
  47                      1.00   0.00  0.00  0.00  1.00  0.00  0.00  0.00  0.00  0.00
  50                      1.00   0.00  0.00  0.00  1.00  0.00  0.00  0.00  0.00  0.00
  51                      1.00   0.00  0.00  0.00  1.00  0.00  0.00  0.00  0.00  0.00
  53                      1.00   0.00  0.00  0.00  1.00  0.00  0.00  0.00  0.00  0.00
  Fenster_L               1.00   0.00  0.00  0.00  0.00  1.00  0.00  0.00  0.06  0.00
  58                      1.00   0.00  0.00  0.00  0.00  1.00  0.00  0.00  0.44  0.00
  59                      1.00   0.00  0.00  0.00  0.00  1.00  0.00  0.00  0.27  0.00
  61                      1.00   0.00  0.00  0.00  1.00  0.00  0.00  0.00  0.00  0.00
  63                      1.00   0.00  0.00  0.00  1.00  0.00  0.00  0.00  0.00  0.00
  66                      1.00   0.00  0.00  0.00  1.00  0.00  0.00  0.00  0.00  0.00
  67                      1.00   0.00  0.00  0.00  1.00  0.00  0.00  0.00  0.00  0.00
  Amont_L                 1.00   0.00  0.00  0.00  1.00  0.00  0.00  0.00  0.00  0.00
  69                      1.00   0.00  0.00  0.00  1.00  0.00  0.00  0.00  0.00  0.00
  70                      1.00   0.00  0.00  0.00  1.00  0.00  0.00  0.00  0.00  0.00
  71                      1.00   0.00  0.00  0.00  1.00  0.00  0.00  0.00  0.00  0.00
  72                      1.00   0.00  0.00  0.00  1.00  0.00  0.00  0.00  0.00  0.00
  Sauser_L                1.00   0.00  0.00  0.00  1.00  0.00  0.00  0.00  0.00  0.00
  75                      1.00   0.00  0.00  0.00  0.00  1.00  0.00  0.00  0.00  0.00
  Entw_Sto_L              1.00   0.00  0.00  0.00  1.00  0.00  0.00  0.00  0.00  0.00
  4                       1.00   0.00  0.00  0.00  1.00  0.00  0.00  0.00  0.00  0.00
  5                       1.00   0.00  0.00  0.00  1.00  0.00  0.00  0.00  0.00  0.00
  6                       1.00   0.00  0.00  0.00  0.00  1.00  0.00  0.00  0.00  0.00
  7                       1.00   0.00  0.00  0.00  1.00  0.00  0.00  0.00  0.00  0.00
  Brunn_Teich_L           1.00   0.00  0.00  0.00  1.00  0.00  0.00  0.00  0.00  0.00
  9                       1.00   0.00  0.00  0.00  0.00  1.00  0.00  0.00  0.00  0.00
  12                      1.00   0.00  0.00  0.00  1.00  0.00  0.00  0.00  0.00  0.00
  15                      1.00   0.00  0.00  0.00  1.00  0.00  0.00  0.00  0.00  0.00
  18                      1.00   0.00  0.00  0.00  1.00  0.00  0.00  0.00  0.00  0.00
  19                      1.00   0.00  0.00  0.00  1.00  0.00  0.00  0.00  0.00  0.00
  20                      1.00   0.00  0.00  0.00  0.00  1.00  0.00  0.00  0.00  0.00
  21                      1.00   0.00  0.00  0.00  1.00  0.00  0.00  0.00  0.00  0.00
  Hooliloch_L             1.00   0.00  0.00  0.00  1.00  0.00  0.00  0.00  0.00  0.00
  23                      1.00   0.00  0.00  0.00  0.00  1.00  0.00  0.00  0.00  0.00
  25                      1.00   0.00  0.00  0.00  1.00  0.00  0.00  0.00  0.00  0.00
  28                      1.00   0.00  0.00  0.00  0.00  1.00  0.00  0.00  0.67  0.00
  29                      1.00   0.00  0.00  0.00  0.94  0.06  0.00  0.00  0.31  0.00
  31                      1.00   0.00  0.00  0.00  1.00  0.00  0.00  0.00  0.00  0.00
  33                      1.00   0.00  0.00  0.00  1.00  0.00  0.00  0.00  0.00  0.00
  37                      1.00   0.00  0.00  0.00  1.00  0.00  0.00  0.00  0.00  0.00
  SS3_L                   1.00   0.00  0.00  0.00  0.00  1.00  0.00  0.00  1.00  0.00
  40                      1.00   0.00  0.00  0.00  1.00  0.00  0.00  0.00  0.00  0.00
  SS6_L                   1.00   0.00  0.00  0.00  0.00  1.00  0.00  0.00  1.00  0.00
  1                       1.00   0.00  1.00  0.00  0.00  0.00  0.00  0.00  0.00  0.00
  2                       1.00   1.00  0.00  0.00  0.00  0.00  0.00  0.00  0.00  0.00
  3                       1.00   0.00  0.00  0.00  0.00  1.00  0.00  0.00  1.00  0.00
  10                      1.00   0.00  0.00  0.00  1.00  0.00  0.00  0.00  0.12  0.00
  13                      1.00   0.00  0.00  0.00  1.00  0.00  0.00  0.00  0.00  0.00
  22                      1.00   0.00  0.00  0.00  1.00  0.00  0.00  0.00  0.00  0.00
  24                      1.00   0.00  0.00  0.00  1.00  0.00  0.00  0.00  0.00  0.00
  30                      1.00   0.00  0.00  0.00  1.00  0.00  0.00  0.00  0.00  0.00
  34                      1.00   0.00  0.00  0.00  0.00  1.00  0.00  0.00  0.00  0.00
  36                      1.00   0.00  0.00  0.00  0.00  1.00  0.00  0.00  0.00  0.00
  38                      1.00   0.00  0.00  0.00  1.00  0.00  0.00  0.00  0.00  0.00
  48                      1.00   0.00  0.00  0.00  1.00  0.00  0.00  0.00  0.00  0.00
  54                      1.00   0.00  0.01  0.00  0.99  0.00  0.00  0.00  0.00  0.00
  68                      1.00   0.00  0.00  0.00  0.00  1.00  0.00  0.00  1.00  0.00
  73                      1.00   0.00  0.00  0.00  1.00  0.00  0.00  0.00  0.00  0.00
  TWT1                    1.00   0.01  0.00  0.00  0.00  0.99  0.00  0.00  0.00  0.00
  TWT2                    1.00   0.01  0.99  0.00  0.00  0.00  0.00  0.00  0.00  0.00
  TWT3                    1.00   1.00  0.00  0.00  0.00  0.00  0.00  0.00  0.00  0.00
  TWT4                    1.00   0.00  1.00  0.00  0.00  0.00  0.00  0.00  0.00  0.00
  1_2_b_                  1.00   1.00  0.00  0.00  0.00  0.00  0.00  0.00  0.00  0.00
  1_2_b_1                 1.00   0.00  0.00  0.00  0.00  1.00  0.00  0.00  0.00  0.00
  1_2_b_2                 1.00   0.00  0.00  0.00  0.00  1.00  0.00  0.00  1.00  0.00
  1_2_b_3                 1.00   0.00  0.00  0.00  0.00  1.00  0.00  0.00  0.00  0.00
  1_3_a_1                 1.00   0.00  0.01  0.00  0.99  0.00  0.00  0.00  0.00  0.00
  TWT5                    1.00   0.00  0.00  0.00  0.00  1.00  0.00  0.00  0.57  0.00
  1_4_a                   1.00   0.00  0.00  0.00  0.00  1.00  0.00  0.00  1.00  0.00
  TWT6                    1.00   0.00  0.00  0.00  0.99  0.01  0.00  0.00  0.48  0.00
  1_4_b                   1.00   0.00  0.00  0.00  0.99  0.01  0.00  0.00  0.22  0.00
  1_4_b_1                 1.00   0.00  0.00  0.00  1.00  0.00  0.00  0.00  0.00  0.00
  TWT7                    1.00   0.00  1.00  0.00  0.00  0.00  0.00  0.00  0.00  0.00
  1_5_a                   1.00   0.00  1.00  0.00  0.00  0.00  0.00  0.00  0.00  0.00
  
  
  *************************
  Conduit Surcharge Summary
  *************************
  
  ----------------------------------------------------------------------------
                                                           Hours        Hours 
                         --------- Hours Full --------   Above Full   Capacity
  Conduit                Both Ends  Upstream  Dnstream   Normal Flow   Limited
  ----------------------------------------------------------------------------
  Brunn_Fassung_L             0.01      0.01     24.00      0.01         0.01
  11                         23.99     23.99     23.99     23.99         0.01
  14                         23.99     23.99     23.99     23.99         0.01
  16                         24.00     24.00     24.00     23.99        23.99
  17                         24.00     24.00     24.00      0.01         0.01
  26                         23.99     23.99     23.99      0.01         0.01
  27                          0.01      0.01     23.98      0.01         0.01
  Gischeren_L                 0.01      0.01     23.84      0.01         0.01
  Schuettstein_L              0.01      0.01     23.98      0.01         0.01
  Brunnmuehle_L              24.00     24.00     24.00      0.01         0.01
  35                         23.87     23.87     23.93      0.01         0.01
  46                         24.00     24.00     24.00     23.97         0.01
  47                         24.00     24.00     24.00     24.00        24.00
  50                         23.98     23.98     23.98      0.01         0.01
  51                         23.98     23.98     24.00      0.01         0.01
  53                         24.00     24.00     24.00      0.01         0.01
  61                         23.99     23.99     23.99      0.01         0.01
  63                          0.01     23.97      0.01      0.01         0.01
  66                         23.93     23.97     23.93     23.96        23.93
  67                         23.99     23.99     24.00      0.01         0.01
  Amont_L                    24.00     24.00     24.00      0.01         0.01
  69                         23.93     23.93     24.00      0.02         0.01
  70                         23.93     23.93     24.00      0.01         0.01
  71                         23.98     23.98     23.99      0.01         0.01
  72                         23.87     23.97     23.87      0.11         0.01
  Sauser_L                    0.01      0.01     24.00      0.01         0.01
  75                          0.01     23.97      0.01     23.87         0.01
  Entw_Sto_L                 23.92     23.94     23.92     23.94        23.92
  4                          23.94     23.97     23.94     23.95        23.94
  5                          23.94     23.94     24.00      0.01         0.01
  6                           0.01      0.01     24.00      0.01         0.01
  7                          23.99     23.99     24.00      0.01         0.01
  Brunn_Teich_L               0.01      0.01     23.99      0.01         0.01
  9                           0.01      0.01     23.99      0.01         0.01
  12                         23.98     23.98     23.98      0.01         0.01
  15                         23.98     23.98     23.99      0.01         0.01
  18                         23.98     23.98     23.98      0.01         0.01
  19                         23.97     23.97     23.98      0.01         0.01
  21                          0.01      0.01     23.97      0.01         0.01
  23                          0.01     23.93      0.01      0.01         0.01
  25                         23.89     23.89     23.99      0.01         0.01
  31                          0.01      0.01     23.85      0.01         0.01
  33                         23.96     23.96     23.96      0.01         0.01
  13                         23.98     23.98     24.00      0.01         0.01
  22                         23.98     23.98     24.00      0.01         0.01
  24                         23.97     23.97     24.00      0.01         0.01
  30                         23.97     23.97     24.00      0.01         0.01
  34                          0.01      0.01     23.99      0.01         0.01
  38                         23.91     23.91     23.94      0.01         0.01
  48                         23.77     23.77     23.87      0.01         0.01
  54                          0.01      0.01     23.82      0.01         0.01
  73                         23.73     23.73     23.74      0.01         0.01
  1_2_b_1                     0.01      0.01     23.99     23.99         0.01
  1_2_b_3                     0.01      0.01     23.99      0.01         0.01
  1_3_a_1                     0.01      0.01     23.77      0.01         0.01
  1_4_b                       0.01      0.01      4.15      0.01         0.01
  1_4_b_1                     0.01      0.01     24.00      0.01         0.01
  

  Analysis begun on:  Thu Aug 20 12:08:55 2026
  Analysis ended on:  Thu Aug 20 12:09:40 2026
  Total elapsed time: 00:00:45