
  EPA STORM WATER MANAGEMENT MODEL - VERSION 5.2 (Build 5.2.4)
  ------------------------------------------------------------

  Brunnmuehle (Twann) 
  WARNING 08: elevation drop exceeds length for Conduit SS3_L
  WARNING 08: elevation drop exceeds length for Conduit SS6_L
  WARNING 08: elevation drop exceeds length for Conduit 2
  WARNING 08: elevation drop exceeds length for Conduit 3
  WARNING 08: elevation drop exceeds length for Conduit 68
  WARNING 08: elevation drop exceeds length for Conduit 1_2_b_
  WARNING 08: elevation drop exceeds length for Conduit 1_2_b_2
  WARNING 08: elevation drop exceeds length for Conduit 1_4_b
  WARNING 08: elevation drop exceeds length for Conduit 1_5_a
  WARNING 04: minimum elevation drop used for Conduit 1_7_a
  WARNING 08: elevation drop exceeds length for Conduit 1_7_a_
  WARNING 08: elevation drop exceeds length for Conduit 1_7_a__
  WARNING 02: maximum depth increased for Node 2
  
  ****************
  Analysis Options
  ****************
  Flow Units ............... CMS
  Process Models:
    Rainfall/Runoff ........ NO
    RDII ................... NO
    Snowmelt ............... NO
    Groundwater ............ NO
    Flow Routing ........... YES
    Ponding Allowed ........ NO
    Water Quality .......... NO
  Flow Routing Method ...... DYNWAVE
  Surcharge Method ......... EXTRAN
  Starting Date ............ 01/01/2000 00:00:00
  Ending Date .............. 01/02/2000 00:00:00
  Antecedent Dry Days ...... 0.0
  Report Time Step ......... 01:00:00
  Routing Time Step ........ 0.50 sec
  Variable Time Step ....... YES
  Maximum Trials ........... 8
  Number of Threads ........ 1
  Head Tolerance ........... 0.001500 m
  
  
  **************************        Volume        Volume
  Flow Routing Continuity        hectare-m      10^6 ltr
  **************************     ---------     ---------
  Dry Weather Inflow .......         0.000         0.000
  Wet Weather Inflow .......         0.000         0.000
  Groundwater Inflow .......         0.000         0.000
  RDII Inflow ..............         0.000         0.000
  External Inflow ..........       195.026      1950.277
  External Outflow .........       185.597      1855.991
  Flooding Loss ............         0.000         0.000
  Evaporation Loss .........         0.000         0.000
  Exfiltration Loss ........         0.000         0.000
  Initial Stored Volume ....         0.056         0.562
  Final Stored Volume ......         0.567         5.668
  Continuity Error (%) .....         4.571
  
  
  *************************
  Highest Continuity Errors
  *************************
  Node 2 (-145.00%)
  Node SonSto_F (-65.71%)
  Node 54 (58.29%)
  Node 8 (44.49%)
  Node TWT_Acces_LT_60+110 (-35.69%)
  
  
  ***************************
  Time-Step Critical Elements
  ***************************
  Link 1_4_a (18738.55%)
  Link 1_4_a_1 (7.93%)
  Link 1_7_a_ (2.93%)
  Link 20 (2.39%)
  
  
  ********************************
  Highest Flow Instability Indexes
  ********************************
  All links are stable.
  
  
  *********************************
  Most Frequent Nonconverging Nodes
  *********************************
  Node Brunnm_Fassung (38.44%)
  Node Brunnmuehle(Teich) (38.44%)
  Node Fensterstollen (38.44%)
  Node Gischeren (38.44%)
  Node Schuettstein (38.44%)
  
  
  *************************
  Routing Time Step Summary
  *************************
  Minimum Time Step           :     0.50 sec
  Average Time Step           :     0.50 sec
  Maximum Time Step           :     0.50 sec
  % of Time in Steady State   :    99.47
  Average Iterations per Step :     6.31
  % of Steps Not Converging   :    38.44
  Time Step Frequencies       :
      0.500 -  0.500 sec      :   100.00 %
      0.500 -  0.500 sec      :     0.00 %
      0.500 -  0.500 sec      :     0.00 %
      0.500 -  0.500 sec      :     0.00 %
      0.500 -  0.500 sec      :     0.00 %
  
  
  ******************
  Node Depth Summary
  ******************
  
  ---------------------------------------------------------------------------------
                                 Average  Maximum  Maximum  Time of Max    Reported
                                   Depth    Depth      HGL   Occurrence   Max Depth
  Node                 Type       Meters   Meters   Meters  days hr:min      Meters
  ---------------------------------------------------------------------------------
  9                    JUNCTION    41.43    48.65   487.15     0  00:00       41.45
  Holiloch_sonde       JUNCTION    39.11    46.03   486.03     0  00:00       39.13
  11                   JUNCTION    45.33    47.17   457.17     0  00:00       45.34
  13                   JUNCTION    46.13    46.39   484.39     0  00:03       46.15
  21                   JUNCTION    39.51    39.52   439.52     0  00:07       39.52
  SonSto_F             JUNCTION     0.38     0.52   438.32     0  00:03        0.38
  Sondierstollen       JUNCTION     0.00     0.00   440.80     0  00:00        0.00
  Aval_Trappe          JUNCTION     0.66     0.69   438.29     0  00:02        0.66
  30                   JUNCTION     0.76     0.78   438.08     0  00:07        0.76
  Gischeren_node       JUNCTION     0.00     0.00   476.50     0  00:00        0.00
  34                   JUNCTION    18.49    18.50   438.50     0  00:07       18.50
  38                   JUNCTION    22.44    22.45   442.45     0  00:07       22.45
  SS6                  JUNCTION     0.07     0.07   448.07     0  00:02        0.07
  40                   JUNCTION    20.53    20.54   439.54     0  00:07       20.53
  41                   JUNCTION    46.54    51.31   488.81     0  00:00       46.56
  SondeSchuettstein    JUNCTION    20.19    22.09   481.09     0  00:01       20.20
  SS4                  JUNCTION     0.06     0.06   448.06     0  00:02        0.06
  47                   JUNCTION    13.47    13.50   478.40     0  00:03       13.48
  48                   JUNCTION     8.08     9.79   480.79     0  00:01        8.09
  SondeGischeren       JUNCTION     9.42    10.82   475.82     0  00:06        9.46
  49                   JUNCTION    12.49    13.63   479.63     0  00:02       12.51
  50                   JUNCTION     4.46     6.65   469.65     0  00:06        4.48
  51                   JUNCTION    64.93    65.20   485.20     0  00:03       64.95
  Amont_C              JUNCTION    69.64   101.03   519.03     0  00:00       69.66
  52                   JUNCTION     0.23     0.23   457.23     0  00:07        0.23
  53                   JUNCTION     8.45    13.23   480.23     0  00:01        8.45
  54                   JUNCTION     2.94     2.95   465.95     0  00:07        2.95
  56                   JUNCTION     6.15     6.18   436.18     0  00:00        6.15
  2                    JUNCTION     0.59     0.59   438.59     0  00:07        0.59
  4                    JUNCTION     8.53     9.20   437.20     0  00:00        8.54
  5                    JUNCTION     5.70     5.72   478.22     0  00:03        5.71
  6                    JUNCTION    20.64    20.70   478.70     0  00:03       20.66
  7                    JUNCTION     3.20     3.22   478.22     0  00:03        3.21
  SS3                  JUNCTION     0.07     0.07   448.07     0  00:07        0.07
  SS5                  JUNCTION     0.57     0.57   439.47     0  00:07        0.57
  8                    JUNCTION     0.49     0.49   474.49     0  00:07        0.49
  10                   JUNCTION    10.48    11.67   479.67     0  00:02       10.49
  SonSto_SS5           JUNCTION     0.11     0.11   439.41     0  00:07        0.11
  SonSto_SS3           JUNCTION     0.10     0.10   439.80     0  00:06        0.10
  SonSto_SS4           JUNCTION     0.07     0.08   439.48     0  00:07        0.08
  Amont_Trappe         JUNCTION     0.47     0.68   438.38     0  00:02        0.47
  SonSto_SS6           JUNCTION     0.12     0.12   438.82     0  00:07        0.12
  SS2                  JUNCTION     0.00     0.00   448.00     0  00:00        0.00
  SonSto_SS2           JUNCTION     0.00     0.00   441.50     0  00:00        0.00
  12                   JUNCTION    14.75    14.83   463.83     0  00:03       14.75
  14                   JUNCTION     3.31     3.31   468.31     0  00:07        3.31
  15                   JUNCTION     0.32     0.32   472.32     0  00:04        0.32
  TWT_PointHaut_60+749 JUNCTION     0.15     0.15   438.65     0  00:07        0.15
  TWT_Fensterstollen_60+375 JUNCTION     1.04     1.06   438.36     0  00:07        1.04
  TWT_Acces_LT_60+110  JUNCTION     1.09     1.09   438.59     0  00:07        1.09
  TWT_Liaison_LT_59+738 JUNCTION     0.00     0.00   446.50     0  00:00        0.00
  Syst_Est_amont       JUNCTION     0.63     0.66   430.66     0  00:03        0.64
  Syst_Est_interm      JUNCTION    19.73    38.43   448.43     0  00:07       19.83
  TWT_Branche_Est_Sonsto_60+540 JUNCTION     0.41     0.42   438.82     0  00:02        0.41
  TWT_Intersection_Sonsto_60+345 JUNCTION     1.50     1.50   438.50     0  00:07        1.50
  TWT_Chrosweg_61+140  JUNCTION     0.11     0.12   432.12     0  00:07        0.12
  SonSto_F_sup         JUNCTION     0.04     0.04   448.04     0  00:04        0.04
  SonSto_porte         JUNCTION     0.02     0.02   438.52     0  00:07        0.02
  Brunnm_Fassung       OUTFALL      0.09     0.09   433.89     0  00:07        0.09
  Brunnmuehle(Teich)   OUTFALL      0.21     0.21   435.71     0  00:07        0.21
  Fensterstollen       OUTFALL      0.76     0.76   437.76     0  00:07        0.76
  Gischeren            OUTFALL      0.00     0.00   480.00     0  00:00        0.00
  Schuettstein         OUTFALL      0.18     0.19   477.74     0  00:01        0.18
  Holiloch             OUTFALL      1.41     1.42   477.92     0  00:03        1.41
  Sauserquelle         OUTFALL      0.25     0.25   435.80     0  00:07        0.25
  Entw_Stollen         OUTFALL      0.18     0.18   436.68     0  00:05        0.18
  Sous_lacustre        OUTFALL      0.10     0.10   429.30     0  00:07        0.10
  Sous_ecoul.          OUTFALL      0.00     0.00   433.00     0  00:00        0.00
  Syst_Est_aval        OUTFALL      0.37     0.51   429.51     0  00:07        0.37
  TWT_Portail_Est_61+665 OUTFALL      0.12     0.12   421.72     0  00:07        0.12
  CentraleVentilation_1C OUTFALL      0.16     0.16   454.16     0  00:07        0.16
  
  
  *******************
  Node Inflow Summary
  *******************
  
  -------------------------------------------------------------------------------------------------
                                  Maximum  Maximum                  Lateral       Total        Flow
                                  Lateral    Total  Time of Max      Inflow      Inflow     Balance
                                   Inflow   Inflow   Occurrence      Volume      Volume       Error
  Node                 Type           CMS      CMS  days hr:min    10^6 ltr    10^6 ltr     Percent
  -------------------------------------------------------------------------------------------------
  9                    JUNCTION         0     13.5     0  00:00           0         460       0.030
  Holiloch_sonde       JUNCTION         0       12     0  00:00           0         427       0.008
  11                   JUNCTION         0    0.247     0  00:04           0        21.1       0.001
  13                   JUNCTION         0     21.4     0  00:00           0    1.65e+03       0.012
  21                   JUNCTION         0    0.369     0  00:07           0        31.9      -0.001
  SonSto_F             JUNCTION         0     1.46     0  00:03           0        47.9     -39.652
  Sondierstollen       JUNCTION         0        0     0  00:00           0           0       0.000 ltr
  Aval_Trappe          JUNCTION         0     7.15     0  00:07           0         564      -4.162
  30                   JUNCTION         0     14.5     0  00:07           0    1.25e+03       1.431
  Gischeren_node       JUNCTION         0        0     0  00:00           0           0       0.000 ltr
  34                   JUNCTION         0    0.336     0  00:07           0          29      -0.001
  38                   JUNCTION         0    0.237     0  00:00           0        19.3       0.005
  SS6                  JUNCTION         0    0.152     0  00:02           0        12.7       0.001
  40                   JUNCTION         0     1.97     0  00:07           0         170      -0.006
  41                   JUNCTION         0     3.37     0  00:00           0        28.2       0.058
  SondeSchuettstein    JUNCTION         0    0.631     0  00:00           0        28.2      -0.022
  SS4                  JUNCTION         0   0.0839     0  00:07           0        7.24       0.059
  47                   JUNCTION         0     7.82     0  00:01           0         414       0.068
  48                   JUNCTION         0    0.458     0  00:01           0        28.2       0.046
  SondeGischeren       JUNCTION         0    0.236     0  00:03           0        12.3       0.480
  49                   JUNCTION         0    0.906     0  00:01           0        12.8       1.068
  50                   JUNCTION         0     0.18     0  00:06           0        12.2       0.021
  51                   JUNCTION         0     38.2     0  00:00           0    1.86e+03      -0.002
  Amont_C              JUNCTION      21.5     46.6     0  00:00    1.86e+03    1.86e+03       0.015
  52                   JUNCTION         0    0.209     0  00:07           0        18.1       3.593
  53                   JUNCTION         0    0.316     0  00:01           0        22.2       0.034
  54                   JUNCTION         0    0.257     0  00:07           0        22.2     139.733
  56                   JUNCTION         0    0.536     0  00:07           0        46.3       0.000
  2                    JUNCTION         0    0.823     0  00:04           0        3.97     -59.184
  4                    JUNCTION         0    0.307     0  00:07           0        26.5       0.019
  5                    JUNCTION         0     6.36     0  00:01           0         413       0.059
  6                    JUNCTION         0     9.11     0  00:00           0         426       0.021
  7                    JUNCTION         0     5.11     0  00:02           0         413      -0.048
  SS3                  JUNCTION         0    0.143     0  00:06           0        12.2       0.015
  SS5                  JUNCTION         0    0.221     0  00:07           0        18.9       0.184
  8                    JUNCTION         0    0.256     0  00:07           0        22.1      80.140
  10                   JUNCTION         0    0.676     0  00:02           0        12.6      -0.562
  SonSto_SS5           JUNCTION         0    0.244     0  00:07           0        20.8       0.062
  SonSto_SS3           JUNCTION         0    0.142     0  00:07           0        12.2       0.287
  SonSto_SS4           JUNCTION         0    0.229     0  00:07           0        19.4       0.073
  Amont_Trappe         JUNCTION         0     1.35     0  00:02           0        75.5      -1.968
  SonSto_SS6           JUNCTION         0    0.393     0  00:07           0        33.5      -0.003
  SS2                  JUNCTION         0        0     0  00:00           0           0       0.000 ltr
  SonSto_SS2           JUNCTION         0        0     0  00:00           0           0       0.000 ltr
  12                   JUNCTION         0    0.358     0  00:00           0        25.5       0.013
  14                   JUNCTION         0     1.58     0  00:07           0         136       0.873
  15                   JUNCTION         0    0.392     0  00:03           0        33.7       0.001
  TWT_PointHaut_60+749 JUNCTION         0    0.506     0  00:07           0        43.6       0.322
  TWT_Fensterstollen_60+375 JUNCTION         0     13.4     0  00:07           0    1.16e+03       0.907
  TWT_Acces_LT_60+110  JUNCTION         0     5.61     0  00:04           0         106     -26.300
  TWT_Liaison_LT_59+738 JUNCTION         0        0     0  00:00           0           0       0.000 ltr
  Syst_Est_amont       JUNCTION      1.08     1.08     0  00:00        92.9        92.9      50.773
  Syst_Est_interm      JUNCTION         0     1.13     0  00:04           0        61.6       1.407
  TWT_Branche_Est_Sonsto_60+540 JUNCTION         0     3.83     0  00:07           0         331       0.235
  TWT_Intersection_Sonsto_60+345 JUNCTION         0     9.06     0  00:07           0         782      14.214
  TWT_Chrosweg_61+140  JUNCTION         0    0.505     0  00:07           0        43.5      28.734
  SonSto_F_sup         JUNCTION         0    0.392     0  00:04           0        33.7      -0.000
  SonSto_porte         JUNCTION         0   0.0594     0  00:07           0        5.11      34.994
  Brunnm_Fassung       OUTFALL          0   0.0288     0  00:07           0        2.48       0.000
  Brunnmuehle(Teich)   OUTFALL          0    0.302     0  00:07           0          26       0.000
  Fensterstollen       OUTFALL          0     14.3     0  00:07           0    1.23e+03       0.000
  Gischeren            OUTFALL          0        0     0  00:00           0           0       0.000 ltr
  Schuettstein         OUTFALL          0    0.364     0  00:01           0        28.2       0.000
  Holiloch             OUTFALL          0     4.87     0  00:03           0         413       0.000
  Sauserquelle         OUTFALL          0    0.536     0  00:07           0        46.3       0.000
  Entw_Stollen         OUTFALL          0   0.0489     0  00:07           0        4.21       0.000
  Sous_lacustre        OUTFALL          0   0.0332     0  00:07           0        2.86       0.000
  Sous_ecoul.          OUTFALL          0  0.00587     0  00:00           0       0.496       0.000
  Syst_Est_aval        OUTFALL          0     1.32     0  00:07           0        60.7       0.000
  TWT_Portail_Est_61+665 OUTFALL          0    0.392     0  00:07           0        33.8       0.000
  CentraleVentilation_1C OUTFALL          0   0.0561     0  00:07           0        4.84       0.000
  
  
  **********************
  Node Surcharge Summary
  **********************
  
  Surcharging occurs when water rises above the top of the highest conduit.
  ---------------------------------------------------------------------
                                               Max. Height   Min. Depth
                                   Hours       Above Crown    Below Rim
  Node                 Type      Surcharged         Meters       Meters
  ---------------------------------------------------------------------
  9                    JUNCTION       23.99         46.846       51.354
  Holiloch_sonde       JUNCTION       23.99         44.127      153.973
  11                   JUNCTION       24.00         46.708      102.832
  13                   JUNCTION       23.99         43.390      353.610
  21                   JUNCTION       24.00         38.918      110.482
  34                   JUNCTION       24.00         17.898       81.502
  38                   JUNCTION       24.00         21.849      127.551
  40                   JUNCTION       24.00         16.538       79.462
  41                   JUNCTION       23.99         50.460      198.690
  SondeSchuettstein    JUNCTION       23.99         21.285        0.000
  47                   JUNCTION       23.98         11.597       86.503
  48                   JUNCTION       23.98          8.993       90.207
  SondeGischeren       JUNCTION       23.89          9.622       89.178
  49                   JUNCTION       23.96          5.630      186.370
  50                   JUNCTION       23.89          6.350      193.350
  51                   JUNCTION       24.00         61.202      334.798
  Amont_C              JUNCTION       24.00         98.030      298.970
  53                   JUNCTION       23.97          8.227      186.773
  56                   JUNCTION       24.00          5.181       93.819
  4                    JUNCTION       23.99          8.554       90.796
  5                    JUNCTION       23.96          0.722       44.278
  6                    JUNCTION       23.98         15.695      179.305
  10                   JUNCTION       23.96          3.665      188.335
  12                   JUNCTION       23.99         14.480      185.170
  Syst_Est_interm      JUNCTION       23.87         36.930       61.570
  
  
  *********************
  Node Flooding Summary
  *********************
  
  No nodes were flooded.
  
  
  ***********************
  Outfall Loading Summary
  ***********************
  
  -----------------------------------------------------------
                         Flow       Avg       Max       Total
                         Freq      Flow      Flow      Volume
  Outfall Node           Pcnt       CMS       CMS    10^6 ltr
  -----------------------------------------------------------
  Brunnm_Fassung        99.95    0.0288    0.0288       2.483
  Brunnmuehle(Teich)    99.95     0.301     0.302      26.024
  Fensterstollen        99.97      14.3      14.3    1232.766
  Gischeren              0.00         0         0       0.000
  Schuettstein          99.93     0.326     0.364      28.162
  Holiloch              99.87      4.79      4.87     413.311
  Sauserquelle          99.98     0.536     0.536      46.302
  Entw_Stollen          99.94    0.0487    0.0489       4.209
  Sous_lacustre         99.99    0.0331    0.0332       2.864
  Sous_ecoul.           99.95   0.00574   0.00587       0.496
  Syst_Est_aval         99.47     0.707      1.32      60.741
  TWT_Portail_Est_61+665  99.95     0.391     0.392      33.785
  CentraleVentilation_1C  99.97     0.056    0.0561       4.839
  -----------------------------------------------------------
  System                92.22      21.5      22.1    1855.982
  
  
  ********************
  Link Flow Summary
  ********************
  
  -----------------------------------------------------------------------------
                                 Maximum  Time of Max   Maximum    Max/    Max/
                                  |Flow|   Occurrence   |Veloc|    Full    Full
  Link                 Type          CMS  days hr:min     m/sec    Flow   Depth
  -----------------------------------------------------------------------------
  Brunn_Fassung_L      CONDUIT    0.0288     0  00:07      1.27    0.48    0.74
  11                   CONDUIT        12     0  00:00      6.90    1.80    1.00
  14                   CONDUIT      13.5     0  00:00      9.01    7.34    1.00
  16                   CONDUIT     0.247     0  00:04      2.88    1.72    1.00
  17                   CONDUIT     0.238     0  00:00      0.84    0.41    1.00
  26                   CONDUIT      3.37     0  00:00      6.09    4.56    1.00
  27                   CONDUIT    0.0723     0  00:03      1.90    0.93    1.00
  Gischeren_L          CONDUIT         0     0  00:00      0.00    0.00    0.00
  Schuettstein_L       CONDUIT     0.364     0  00:01      2.51    0.31    0.69
  Brunnmuehle_L        CONDUIT     0.336     0  00:07      1.19    0.16    1.00
  32                   CONDUIT         0     0  00:00      0.00    0.00    0.00
  35                   CONDUIT         0     0  00:00      0.00    0.00    0.50
  45                   CONDUIT     0.392     0  00:07      3.64    0.00    0.10
  46                   CONDUIT     0.536     0  00:07      1.90    0.53    1.00
  47                   CONDUIT     0.109     0  00:02      2.86    6.77    1.00
  50                   CONDUIT     0.458     0  00:01      1.56    0.09    1.00
  51                   CONDUIT    0.0288     0  00:01      0.35    0.08    1.00
  53                   CONDUIT     0.237     0  00:00      1.42    1.20    1.00
  Fenster_L            CONDUIT      14.3     0  00:07     10.10    0.14    0.26
  58                   CONDUIT      7.07     0  00:07      5.90    0.09    0.24
  59                   CONDUIT     0.246     0  00:07      2.77    0.00    0.04
  61                   CONDUIT     0.631     0  00:00      3.09    0.89    1.00
  63                   CONDUIT     0.152     0  00:02      2.10    0.68    0.52
  66                   CONDUIT      0.18     0  00:06      2.63    2.37    1.00
  67                   CONDUIT      21.4     0  00:00      5.58    0.21    1.00
  Amont_L              CONDUIT      38.2     0  00:00      5.40    2.07    1.00
  69                   CONDUIT     0.209     0  00:07      1.98    0.82    0.78
  70                   CONDUIT     0.146     0  00:07      1.38    0.45    0.78
  71                   CONDUIT     0.316     0  00:01      1.39    0.56    1.00
  72                   CONDUIT     0.257     0  00:07      1.35    1.22    0.79
  Sauser_L             CONDUIT     0.536     0  00:07      1.04    0.14    0.62
  75                   CONDUIT    0.0839     0  00:07      2.80    0.85    0.63
  Entw_Sto_L           CONDUIT    0.0489     0  00:07      1.92    1.13    1.00
  4                    CONDUIT    0.0244     0  00:04      1.31    1.09    1.00
  5                    CONDUIT    0.0233     0  00:04      0.97    0.83    1.00
  6                    CONDUIT    0.0332     0  00:07      1.31    0.50    0.75
  7                    CONDUIT     0.307     0  00:07      1.56    0.47    1.00
  Brunn_Teich_L        CONDUIT     0.302     0  00:07      1.29    0.23    0.66
  9                    CONDUIT   0.00587     0  00:00      1.48    0.00    0.50
  12                   CONDUIT      6.36     0  00:01      3.84    0.13    1.00
  15                   CONDUIT      9.11     0  00:00      5.01    0.24    1.00
  18                   CONDUIT      7.82     0  00:01      4.17    0.31    1.00
  19                   CONDUIT     0.906     0  00:01      1.21    0.86    1.00
  20                   CONDUIT      1.33     0  00:03      2.46    0.11    0.67
  21                   CONDUIT      5.11     0  00:02      0.66    0.03    0.82
  Hooliloch_L          CONDUIT      4.87     0  00:03      1.13    0.10    0.58
  23                   CONDUIT     0.143     0  00:06      3.20    0.89    0.62
  25                   CONDUIT     0.256     0  00:07      1.46    0.21    0.60
  28                   CONDUIT     0.146     0  00:07      2.38    0.00    0.03
  29                   CONDUIT    0.0236     0  00:07      0.67    0.00    0.03
  31                   CONDUIT         0     0  00:00      0.00    0.00    0.05
  33                   CONDUIT     0.676     0  00:02      0.78    0.26    1.00
  37                   CONDUIT     0.221     0  00:07      0.49    0.01    0.11
  SS3_L                CONDUIT     0.142     0  00:07      3.04    0.00    0.04
  40                   CONDUIT      1.35     0  00:02      1.21    0.01    0.14
  SS6_L                CONDUIT     0.152     0  00:02      3.97    0.00    0.05
  1                    CONDUIT         0     0  00:00      0.00    0.00    0.02
  2                    CONDUIT         0     0  00:00      0.00    0.00    0.00
  3                    CONDUIT    0.0839     0  00:07      4.26    0.01    0.07
  10                   CONDUIT     0.205     0  00:07      0.58    0.00    0.11
  13                   CONDUIT     0.358     0  00:00      4.09    0.78    1.00
  22                   CONDUIT     0.297     0  00:02      3.08    0.73    1.00
  24                   CONDUIT      1.58     0  00:07      2.46    0.00    0.91
  30                   CONDUIT      1.56     0  00:07      2.37    0.65    0.91
  34                   CONDUIT     0.392     0  00:03      1.94    0.44    0.79
  36                   CONDUIT     0.392     0  00:04      5.77    0.42    0.33
  38                   CONDUIT     0.236     0  00:03      2.43    0.09    0.74
  48                   CONDUIT      1.13     0  00:04      2.61    0.76    0.82
  54                   CONDUIT      1.32     0  00:07      1.08    0.25    0.65
  68                   CONDUIT     0.168     0  00:04      7.37    0.00    0.09
  73                   CONDUIT    0.0594     0  00:07      0.20    0.01    0.15
  TWT1                 CONDUIT     0.392     0  00:07      2.58    0.00    0.01
  TWT2                 CONDUIT     0.505     0  00:07      2.79    0.00    0.02
  TWT3                 CONDUIT     0.506     0  00:07      1.00    0.00    0.04
  TWT4                 CONDUIT      3.52     0  00:02      1.79    0.01    0.09
  1_2_b_               CONDUIT         0     0  00:00      0.00    0.00    0.07
  1_2_b_1              CONDUIT      2.11     0  00:02     13.56    8.11    1.00
  1_2_b_2              CONDUIT    0.0391     0  00:04      0.36    0.01    0.54
  TWT5                 CONDUIT      7.94     0  00:07      1.54    0.01    0.16
  1_4_a                CONDUIT      6.95     0  00:07      4.28    0.11    0.29
  1_4_a_1              CONDUIT      7.43     0  00:02    >50.00    9.95    1.00
  TWT6                 CONDUIT       4.4     0  00:04      1.21    0.01    0.16
  1_4_b                CONDUIT     0.044     0  00:07      0.03    0.00    0.25
  1_4_b_2              CONDUIT      1.23     0  00:03      8.15    9.68    1.00
  TWT7                 CONDUIT         0     0  00:00      0.00    0.00    0.07
  1_5_a                CONDUIT         0     0  00:00      0.00    0.00    0.15
  1_7_a                CONDUIT      7.64     0  00:07      3.25    1.74    0.18
  1_7_a_               CONDUIT     0.185     0  00:04      2.21    0.01    0.46
  1_7_a__              CONDUIT      1.41     0  00:07      7.54    0.21    0.92
  1_7_a_1              CONDUIT      2.24     0  00:02     12.00   11.40    0.92
  1_8_a                CONDUIT     0.779     0  00:04      0.67    0.00    0.17
  CV_1C_to_52          CONDUIT    0.0561     0  00:07      0.81    0.34    0.38
  
  
  ***************************
  Flow Classification Summary
  ***************************
  
  -------------------------------------------------------------------------------------
                      Adjusted    ---------- Fraction of Time in Flow Class ---------- 
                       /Actual         Up    Down  Sub   Sup   Up    Down  Norm  Inlet 
  Conduit               Length    Dry  Dry   Dry   Crit  Crit  Crit  Crit  Ltd   Ctrl  
  -------------------------------------------------------------------------------------
  Brunn_Fassung_L         1.00   0.00  0.00  0.00  0.00  1.00  0.00  0.00  0.00  0.00
  11                      1.00   0.00  0.00  0.00  1.00  0.00  0.00  0.00  0.00  0.00
  14                      1.00   0.00  0.00  0.00  1.00  0.00  0.00  0.00  0.00  0.00
  16                      1.00   0.00  0.00  0.00  1.00  0.00  0.00  0.00  0.00  0.00
  17                      1.00   0.00  0.00  0.00  1.00  0.00  0.00  0.00  0.00  0.00
  26                      1.00   0.00  0.00  0.00  1.00  0.00  0.00  0.00  0.00  0.00
  27                      1.00   0.00  0.00  0.00  1.00  0.00  0.00  0.00  0.00  0.00
  Gischeren_L             1.00   1.00  0.00  0.00  0.00  0.00  0.00  0.00  0.00  0.00
  Schuettstein_L          1.00   0.00  0.00  0.00  0.00  1.00  0.00  0.00  0.00  0.00
  Brunnmuehle_L           1.00   0.00  0.00  0.00  1.00  0.00  0.00  0.00  0.00  0.00
  32                      1.00   1.00  0.00  0.00  0.00  0.00  0.00  0.00  0.00  0.00
  35                      1.00   0.00  1.00  0.00  0.00  0.00  0.00  0.00  0.00  0.00
  45                      1.00   0.00  0.00  0.00  0.00  1.00  0.00  0.00  1.00  0.00
  46                      1.00   0.00  0.00  0.00  1.00  0.00  0.00  0.00  0.00  0.00
  47                      1.00   0.00  0.00  0.00  1.00  0.00  0.00  0.00  0.00  0.00
  50                      1.00   0.00  0.00  0.00  1.00  0.00  0.00  0.00  0.00  0.00
  51                      1.00   0.00  0.00  0.00  1.00  0.00  0.00  0.00  0.00  0.00
  53                      1.00   0.00  0.00  0.00  1.00  0.00  0.00  0.00  0.00  0.00
  Fenster_L               1.00   0.00  0.00  0.00  0.00  1.00  0.00  0.00  0.00  0.00
  58                      1.00   0.00  0.00  0.00  0.00  1.00  0.00  0.00  0.00  0.00
  59                      1.00   0.00  0.00  0.00  0.00  1.00  0.00  0.00  1.00  0.00
  61                      1.00   0.00  0.00  0.00  1.00  0.00  0.00  0.00  0.00  0.00
  63                      1.00   0.00  0.00  0.00  1.00  0.00  0.00  0.00  0.00  0.00
  66                      1.00   0.00  0.00  0.00  1.00  0.00  0.00  0.00  0.00  0.00
  67                      1.00   0.00  0.00  0.00  1.00  0.00  0.00  0.00  0.00  0.00
  Amont_L                 1.00   0.00  0.00  0.00  1.00  0.00  0.00  0.00  0.00  0.00
  69                      1.00   0.00  0.00  0.00  0.00  1.00  0.00  0.00  0.00  0.00
  70                      1.00   0.00  0.00  0.00  1.00  0.00  0.00  0.00  0.00  0.00
  71                      1.00   0.00  0.00  0.00  1.00  0.00  0.00  0.00  0.00  0.00
  72                      1.00   0.00  0.00  0.00  1.00  0.00  0.00  0.00  0.00  0.00
  Sauser_L                1.00   0.00  0.00  0.00  1.00  0.00  0.00  0.00  0.00  0.00
  75                      1.00   0.00  0.00  0.00  0.00  1.00  0.00  0.00  0.00  0.00
  Entw_Sto_L              1.00   0.00  0.00  0.00  1.00  0.00  0.00  0.00  0.00  0.00
  4                       1.00   0.00  0.00  0.00  1.00  0.00  0.00  0.00  0.00  0.00
  5                       1.00   0.00  0.00  0.00  1.00  0.00  0.00  0.00  0.00  0.00
  6                       1.00   0.00  0.00  0.00  0.00  1.00  0.00  0.00  0.00  0.00
  7                       1.00   0.00  0.00  0.00  1.00  0.00  0.00  0.00  0.00  0.00
  Brunn_Teich_L           1.00   0.00  0.00  0.00  1.00  0.00  0.00  0.00  0.00  0.00
  9                       1.00   0.00  0.00  0.00  0.00  1.00  0.00  0.00  0.00  0.00
  12                      1.00   0.00  0.00  0.00  1.00  0.00  0.00  0.00  0.00  0.00
  15                      1.00   0.00  0.00  0.00  1.00  0.00  0.00  0.00  0.00  0.00
  18                      1.00   0.00  0.00  0.00  1.00  0.00  0.00  0.00  0.00  0.00
  19                      1.00   0.00  0.00  0.00  1.00  0.00  0.00  0.00  0.00  0.00
  20                      1.00   0.00  0.00  0.00  1.00  0.00  0.00  0.00  0.00  0.00
  21                      1.00   0.00  0.00  0.00  1.00  0.00  0.00  0.00  0.00  0.00
  Hooliloch_L             1.00   0.00  0.00  0.00  1.00  0.00  0.00  0.00  0.00  0.00
  23                      1.00   0.00  0.00  0.00  0.00  1.00  0.00  0.00  0.00  0.00
  25                      1.00   0.00  0.00  0.00  1.00  0.00  0.00  0.00  0.00  0.00
  28                      1.00   0.00  0.00  0.00  0.00  1.00  0.00  0.00  0.00  0.00
  29                      1.00   0.00  0.00  0.00  1.00  0.00  0.00  0.00  1.00  0.00
  31                      1.00   0.00  1.00  0.00  0.00  0.00  0.00  0.00  0.00  0.00
  33                      1.00   0.00  0.00  0.00  1.00  0.00  0.00  0.00  0.00  0.00
  37                      1.00   0.00  0.00  0.00  1.00  0.00  0.00  0.00  0.00  0.00
  SS3_L                   1.00   0.00  0.00  0.00  0.00  1.00  0.00  0.00  1.00  0.00
  40                      1.00   0.00  0.00  0.00  1.00  0.00  0.00  0.00  0.00  0.00
  SS6_L                   1.00   0.00  0.00  0.00  0.00  1.00  0.00  0.00  1.00  0.00
  1                       1.00   0.00  1.00  0.00  0.00  0.00  0.00  0.00  0.00  0.00
  2                       1.00   1.00  0.00  0.00  0.00  0.00  0.00  0.00  0.00  0.00
  3                       1.00   0.00  0.00  0.00  0.00  1.00  0.00  0.00  1.00  0.00
  10                      1.00   0.00  0.00  0.00  1.00  0.00  0.00  0.00  1.00  0.00
  13                      1.00   0.00  0.00  0.00  1.00  0.00  0.00  0.00  0.00  0.00
  22                      1.00   0.00  0.00  0.00  1.00  0.00  0.00  0.00  0.00  0.00
  24                      1.00   0.00  0.00  0.00  1.00  0.00  0.00  0.00  0.00  0.00
  30                      1.00   0.00  0.00  0.00  1.00  0.00  0.00  0.00  0.00  0.00
  34                      1.00   0.00  0.00  0.00  1.00  0.00  0.00  0.00  0.00  0.00
  36                      1.00   0.00  0.00  0.00  0.00  1.00  0.00  0.00  0.00  0.00
  38                      1.00   0.00  0.00  0.00  1.00  0.00  0.00  0.00  0.00  0.00
  48                      1.00   0.00  0.00  0.00  1.00  0.00  0.00  0.00  0.00  0.00
  54                      1.00   0.00  0.01  0.00  0.99  0.00  0.00  0.00  0.00  0.00
  68                      1.00   0.00  0.00  0.00  1.00  0.00  0.00  0.00  1.00  0.00
  73                      1.00   0.00  0.00  0.00  1.00  0.00  0.00  0.00  0.00  0.00
  TWT1                    1.00   0.00  0.00  0.00  0.00  1.00  0.00  0.00  0.00  0.00
  TWT2                    1.00   0.00  0.00  0.00  0.00  1.00  0.00  0.00  0.00  0.00
  TWT3                    1.00   0.00  0.00  0.00  1.00  0.00  0.00  0.00  0.00  0.00
  TWT4                    1.00   0.00  0.00  0.00  1.00  0.00  0.00  0.00  1.00  0.00
  1_2_b_                  1.00   0.00  1.00  0.00  0.00  0.00  0.00  0.00  0.00  0.00
  1_2_b_1                 1.00   0.00  0.00  0.00  1.00  0.00  0.00  0.00  0.00  0.00
  1_2_b_2                 1.00   0.00  0.00  0.00  1.00  0.00  0.00  0.00  1.00  0.00
  TWT5                    1.00   0.00  0.00  0.00  1.00  0.00  0.00  0.00  0.00  0.00
  1_4_a                   1.00   0.00  0.00  0.00  0.00  1.00  0.00  0.00  0.00  0.00
  1_4_a_1                 1.00   0.00  0.00  0.00  1.00  0.00  0.00  0.00  0.00  0.00
  TWT6                    1.00   0.00  0.00  0.00  1.00  0.00  0.00  0.00  0.00  0.00
  1_4_b                   1.00   0.00  0.00  0.00  1.00  0.00  0.00  0.00  1.00  0.00
  1_4_b_2                 1.00   0.00  0.00  0.00  1.00  0.00  0.00  0.00  0.00  0.00
  TWT7                    1.00   0.00  1.00  0.00  0.00  0.00  0.00  0.00  0.00  0.00
  1_5_a                   1.00   0.00  1.00  0.00  0.00  0.00  0.00  0.00  0.00  0.00
  1_7_a                   1.00   0.00  0.00  0.00  0.00  1.00  0.00  0.00  0.00  0.00
  1_7_a_                  1.00   0.00  0.00  0.00  0.00  1.00  0.00  0.00  1.00  0.00
  1_7_a__                 1.00   0.00  0.00  0.00  0.00  1.00  0.00  0.00  0.00  0.00
  1_7_a_1                 1.00   0.00  0.00  0.00  0.00  1.00  0.00  0.00  0.00  0.00
  1_8_a                   1.00   0.00  0.00  0.00  1.00  0.00  0.00  0.00  0.00  0.00
  CV_1C_to_52             1.00   0.00  0.00  0.00  1.00  0.00  0.00  0.00  0.00  0.00
  
  
  *************************
  Conduit Surcharge Summary
  *************************
  
  ----------------------------------------------------------------------------
                                                           Hours        Hours 
                         --------- Hours Full --------   Above Full   Capacity
  Conduit                Both Ends  Upstream  Dnstream   Normal Flow   Limited
  ----------------------------------------------------------------------------
  Brunn_Fassung_L             0.01      0.01     24.00      0.01         0.01
  11                         23.99     23.99     23.99      0.01         0.01
  14                         23.99     23.99     24.00     23.99         0.01
  16                         24.00     24.00     24.00     23.99        23.99
  17                         24.00     24.00     24.00      0.01         0.01
  26                         23.99     24.00     23.99      0.01         0.01
  27                         23.96     23.96     23.97      0.01         0.01
  Schuettstein_L              0.01      0.01     23.98      0.01         0.01
  Brunnmuehle_L              24.00     24.00     24.00      0.01         0.01
  46                         24.00     24.00     24.00      0.01         0.01
  47                         24.00     24.00     24.00     24.00        24.00
  50                         23.98     23.98     23.99      0.01         0.01
  51                         23.97     23.97     24.00      0.01         0.01
  53                         24.00     24.00     24.00     23.99         0.01
  61                         23.99     23.99     23.99      0.01         0.01
  63                          0.01     23.97      0.01      0.01         0.01
  66                         23.89     23.97     23.89     23.95        23.89
  67                         23.99     23.99     24.00      0.01         0.01
  Amont_L                    24.00     24.00     24.00     24.00         0.01
  69                          0.01      0.01     24.00      0.01         0.01
  70                          0.01      0.01     24.00      0.01         0.01
  71                         23.98     23.98     23.99      0.01         0.01
  72                          0.01     23.97      0.01     23.96         0.01
  Sauser_L                    0.01      0.01     24.00      0.01         0.01
  75                          0.01     23.96      0.01      0.01         0.01
  Entw_Sto_L                 23.91     23.93     23.91     23.92        23.91
  4                          23.93     23.97     23.93     23.93        23.93
  5                          23.93     23.93     24.00      0.01         0.01
  6                           0.01      0.01     24.00      0.01         0.01
  7                          23.99     23.99     24.00      0.01         0.01
  Brunn_Teich_L               0.01      0.01     23.99      0.01         0.01
  9                           0.01      0.01     23.99      0.01         0.01
  12                         23.98     23.98     23.98      0.01         0.01
  15                         23.99     23.99     23.99      0.01         0.01
  18                         23.98     23.98     23.98      0.01         0.01
  19                         23.97     23.97     23.98      0.01         0.01
  21                          0.01      0.01     23.96      0.01         0.01
  23                          0.01     23.89      0.01      0.01         0.01
  25                          0.01      0.01     23.99      0.01         0.01
  33                         23.96     23.96     23.96      0.01         0.01
  13                         23.99     23.99     24.00      0.01         0.01
  22                         23.99     23.99     24.00      0.01         0.01
  24                          0.01      0.01     24.00      0.01         0.01
  30                          0.01      0.01     24.00      0.01         0.01
  34                          0.01      0.01     23.99      0.01         0.01
  38                          0.01      0.01     23.91      0.01         0.01
  48                          0.01      0.01     23.91      0.01         0.01
  54                          0.01      0.01     23.87      0.01         0.01
  1_2_b_1                    23.97     24.00     23.97     24.00        23.97
  1_2_b_2                     0.01      0.01     23.97      0.01         0.01
  1_4_a_1                    23.99     24.00     23.99     24.00        23.99
  1_4_b_2                    23.95     24.00     23.95     24.00        23.95
  1_7_a                       0.01      0.01      0.01     23.92         0.01
  1_7_a__                     0.01      0.01     24.00      0.01         0.01
  1_7_a_1                     0.01      0.01     24.00     23.99         0.01
  

  Analysis begun on:  Wed Sep 30 15:38:33 2026
  Analysis ended on:  Wed Sep 30 15:38:37 2026
  Total elapsed time: 00:00:04