
  EPA STORM WATER MANAGEMENT MODEL - VERSION 5.2 (Build 5.2.4)
  ------------------------------------------------------------

  Brunnmuehle (Twann) 
  WARNING 08: elevation drop exceeds length for Conduit SS3_L
  WARNING 08: elevation drop exceeds length for Conduit SS6_L
  WARNING 08: elevation drop exceeds length for Conduit 2
  WARNING 08: elevation drop exceeds length for Conduit 3
  WARNING 08: elevation drop exceeds length for Conduit 68
  WARNING 08: elevation drop exceeds length for Conduit 1_2_b_
  WARNING 08: elevation drop exceeds length for Conduit 1_2_b_2
  WARNING 08: elevation drop exceeds length for Conduit 1_4_b
  WARNING 08: elevation drop exceeds length for Conduit 1_5_a
  WARNING 04: minimum elevation drop used for Conduit 1_7_a
  WARNING 08: elevation drop exceeds length for Conduit 1_7_a_
  WARNING 08: elevation drop exceeds length for Conduit 1_7_a__
  WARNING 02: maximum depth increased for Node 2
  
  ****************
  Analysis Options
  ****************
  Flow Units ............... CMS
  Process Models:
    Rainfall/Runoff ........ NO
    RDII ................... NO
    Snowmelt ............... NO
    Groundwater ............ NO
    Flow Routing ........... YES
    Ponding Allowed ........ NO
    Water Quality .......... NO
  Flow Routing Method ...... DYNWAVE
  Surcharge Method ......... EXTRAN
  Starting Date ............ 01/01/2000 00:00:00
  Ending Date .............. 01/02/2000 00:00:00
  Antecedent Dry Days ...... 0.0
  Report Time Step ......... 01:00:00
  Routing Time Step ........ 0.50 sec
  Variable Time Step ....... YES
  Maximum Trials ........... 8
  Number of Threads ........ 1
  Head Tolerance ........... 0.001500 m
  
  
  **************************        Volume        Volume
  Flow Routing Continuity        hectare-m      10^6 ltr
  **************************     ---------     ---------
  Dry Weather Inflow .......         0.000         0.000
  Wet Weather Inflow .......         0.000         0.000
  Groundwater Inflow .......         0.000         0.000
  RDII Inflow ..............         0.000         0.000
  External Inflow ..........       166.906      1669.074
  External Outflow .........       160.067      1600.692
  Flooding Loss ............         0.000         0.000
  Evaporation Loss .........         0.000         0.000
  Exfiltration Loss ........         0.000         0.000
  Initial Stored Volume ....         0.056         0.562
  Final Stored Volume ......         0.480         4.795
  Continuity Error (%) .....         3.842
  
  
  *************************
  Highest Continuity Errors
  *************************
  Node TWT_Intersection_Sonsto_60+345 (-1461.61%)
  Node TWT_Acces_LT_60+110 (99.99%)
  Node 2 (73.23%)
  Node 54 (68.02%)
  Node 8 (36.36%)
  
  
  ***************************
  Time-Step Critical Elements
  ***************************
  Link 1_7_a_ (16240.74%)
  Link 1_5_a (75.71%)
  Link 20 (8.79%)
  Link 1_8_a (1.23%)
  
  
  ********************************
  Highest Flow Instability Indexes
  ********************************
  All links are stable.
  
  
  *********************************
  Most Frequent Nonconverging Nodes
  *********************************
  Node Brunnm_Fassung (39.13%)
  Node Brunnmuehle(Teich) (39.13%)
  Node Fensterstollen (39.13%)
  Node Gischeren (39.13%)
  Node Schuettstein (39.13%)
  
  
  *************************
  Routing Time Step Summary
  *************************
  Minimum Time Step           :     0.50 sec
  Average Time Step           :     0.50 sec
  Maximum Time Step           :     0.50 sec
  % of Time in Steady State   :    99.39
  Average Iterations per Step :     7.22
  % of Steps Not Converging   :    39.13
  Time Step Frequencies       :
      0.500 -  0.500 sec      :   100.00 %
      0.500 -  0.500 sec      :     0.00 %
      0.500 -  0.500 sec      :     0.00 %
      0.500 -  0.500 sec      :     0.00 %
      0.500 -  0.500 sec      :     0.00 %
  
  
  ******************
  Node Depth Summary
  ******************
  
  ---------------------------------------------------------------------------------
                                 Average  Maximum  Maximum  Time of Max    Reported
                                   Depth    Depth      HGL   Occurrence   Max Depth
  Node                 Type       Meters   Meters   Meters  days hr:min      Meters
  ---------------------------------------------------------------------------------
  9                    JUNCTION    45.29    53.32   491.82     0  00:00       45.32
  Holiloch_sonde       JUNCTION    41.38    47.70   487.70     0  00:00       41.41
  11                   JUNCTION    50.54    52.13   462.13     0  00:03       50.55
  13                   JUNCTION    57.74    58.87   496.87     0  00:02       57.77
  21                   JUNCTION    41.63    42.78   442.78     0  00:03       41.65
  SonSto_F             JUNCTION     0.20     0.20   438.00     0  00:08        0.20
  Sondierstollen       JUNCTION     0.00     0.00   440.80     0  00:00        0.00
  Aval_Trappe          JUNCTION     0.45     0.45   438.05     0  00:08        0.45
  30                   JUNCTION     0.59     0.60   437.90     0  00:08        0.60
  Gischeren_node       JUNCTION     2.32     2.33   478.83     0  00:08        2.33
  34                   JUNCTION    20.01    20.82   440.82     0  00:03       20.02
  38                   JUNCTION    25.13    26.26   446.26     0  00:03       25.14
  SS6                  JUNCTION     0.07     0.07   448.07     0  00:02        0.07
  40                   JUNCTION    20.93    22.24   441.24     0  00:02       20.94
  41                   JUNCTION    57.96    59.08   496.58     0  00:02       57.99
  SondeSchuettstein    JUNCTION    22.30    24.69   483.69     0  00:01       22.32
  SS4                  JUNCTION     0.06     0.06   448.06     0  00:08        0.06
  47                   JUNCTION    14.23    16.31   481.21     0  00:01       14.24
  48                   JUNCTION     9.96    12.20   483.20     0  00:01        9.96
  SondeGischeren       JUNCTION    13.79    13.83   478.83     0  00:08       13.83
  49                   JUNCTION    13.82    15.56   481.56     0  00:02       13.84
  50                   JUNCTION     7.60     7.64   470.64     0  00:08        7.63
  51                   JUNCTION    76.27    77.41   497.41     0  00:02       76.30
  Amont_C              JUNCTION    80.25    93.25   511.25     0  00:00       80.28
  52                   JUNCTION    11.93    25.19   482.19     0  00:03       11.96
  53                   JUNCTION    12.60    21.67   488.67     0  00:01       12.59
  54                   JUNCTION     4.60     4.62   467.62     0  00:08        4.62
  56                   JUNCTION     6.19     6.41   436.41     0  00:02        6.19
  2                    JUNCTION     0.25     0.25   438.25     0  00:08        0.25
  4                    JUNCTION     8.88     9.22   437.22     0  00:03        8.88
  5                    JUNCTION     6.14     6.18   478.68     0  00:04        6.15
  6                    JUNCTION    22.01    23.59   481.59     0  00:01       22.03
  7                    JUNCTION     3.64     3.66   478.66     0  00:04        3.64
  SS3                  JUNCTION     0.08     0.08   448.08     0  00:08        0.08
  SS5                  JUNCTION     0.59     0.60   439.50     0  00:08        0.60
  8                    JUNCTION     4.86     4.88   478.88     0  00:08        4.88
  10                   JUNCTION    11.83    13.61   481.61     0  00:02       11.84
  SonSto_SS5           JUNCTION     0.12     0.12   439.42     0  00:08        0.12
  SonSto_SS3           JUNCTION     0.11     0.11   439.81     0  00:08        0.11
  SonSto_SS4           JUNCTION     0.08     0.08   439.48     0  00:08        0.08
  Amont_Trappe         JUNCTION     0.31     0.31   438.01     0  00:08        0.31
  SonSto_SS6           JUNCTION     0.12     0.13   438.83     0  00:05        0.12
  SS2                  JUNCTION     0.00     0.00   448.00     0  00:00        0.00
  SonSto_SS2           JUNCTION     0.00     0.00   441.50     0  00:00        0.00
  12                   JUNCTION    20.98    21.68   470.68     0  00:02       20.99
  14                   JUNCTION    10.99    15.22   480.22     0  00:02       11.00
  15                   JUNCTION     0.38     0.39   472.39     0  00:04        0.38
  TWT_PointHaut_60+650 JUNCTION     0.17     0.19   438.69     0  00:05        0.17
  TWT_Fensterstollen_60+375 JUNCTION     0.90     0.90   438.20     0  00:08        0.90
  TWT_Acces_LT_60+110  JUNCTION     0.75     0.75   438.25     0  00:08        0.75
  TWT_Liaison_LT_59+738 JUNCTION     0.03     0.03   446.53     0  00:02        0.03
  Syst_Est_amont       JUNCTION     0.57     0.60   430.60     0  00:03        0.57
  Syst_Est_interm      JUNCTION    18.92    38.19   448.19     0  00:08       19.03
  TWT_Branche_Est_Sonsto_60+540 JUNCTION     0.44     0.50   438.90     0  00:02        0.44
  TWT_Intersection_Sonsto_60+345 JUNCTION     1.06     1.26   438.26     0  00:08        1.06
  TWT_Chrosweg_61+140  JUNCTION     0.15     0.15   432.15     0  00:08        0.15
  SonSto_F_sup         JUNCTION     0.04     0.04   448.04     0  00:04        0.04
  SonSto_porte         JUNCTION     0.00     0.00   438.50     0  00:00        0.00
  Brunnm_Fassung       OUTFALL      0.10     0.11   433.91     0  00:03        0.10
  Brunnmuehle(Teich)   OUTFALL      0.24     0.24   435.74     0  00:03        0.24
  Fensterstollen       OUTFALL      0.55     0.55   437.55     0  00:08        0.55
  Gischeren            OUTFALL      0.00     0.00   480.00     0  00:00        0.00
  Schuettstein         OUTFALL      0.24     0.25   477.80     0  00:02        0.24
  Holiloch             OUTFALL      1.73     1.75   478.25     0  00:04        1.73
  Sauserquelle         OUTFALL      0.26     0.26   435.81     0  00:02        0.26
  Entw_Stollen         OUTFALL      0.17     0.17   436.67     0  00:07        0.17
  Sous_lacustre        OUTFALL      0.11     0.11   429.31     0  00:03        0.11
  Sous_ecoul.          OUTFALL      0.00     0.00   433.00     0  00:03        0.00
  Syst_Est_aval        OUTFALL      0.35     0.47   429.47     0  00:08        0.35
  TWT_Portail_Est_61+665 OUTFALL      0.15     0.15   421.75     0  00:08        0.15
  
  
  *******************
  Node Inflow Summary
  *******************
  
  -------------------------------------------------------------------------------------------------
                                  Maximum  Maximum                  Lateral       Total        Flow
                                  Lateral    Total  Time of Max      Inflow      Inflow     Balance
                                   Inflow   Inflow   Occurrence      Volume      Volume       Error
  Node                 Type           CMS      CMS  days hr:min    10^6 ltr    10^6 ltr     Percent
  -------------------------------------------------------------------------------------------------
  9                    JUNCTION         0     15.1     0  00:00           0         776       0.016
  Holiloch_sonde       JUNCTION         0     13.8     0  00:00           0         732       0.017
  11                   JUNCTION         0    0.275     0  00:01           0        23.2      -0.001
  13                   JUNCTION         0     18.3     0  00:00           0    1.34e+03       0.028
  21                   JUNCTION         0    0.469     0  00:03           0        39.8       0.006
  SonSto_F             JUNCTION         0    0.655     0  00:08           0        56.3      10.795
  Sondierstollen       JUNCTION         0        0     0  00:00           0           0       0.000 ltr
  Aval_Trappe          JUNCTION         0      2.5     0  00:08           0         216      -0.551
  30                   JUNCTION         0     7.89     0  00:08           0         679       7.049
  Gischeren_node       JUNCTION         0    0.364     0  00:06           0        18.618585303.642 ltr
  34                   JUNCTION         0    0.431     0  00:03           0        36.6       0.004
  38                   JUNCTION         0     0.26     0  00:01           0        21.1      -0.007
  SS6                  JUNCTION         0    0.161     0  00:02           0        13.2       0.003
  40                   JUNCTION         0     2.38     0  00:02           0         204      -0.004
  41                   JUNCTION         0     1.44     0  00:00           0        48.2       0.052
  SondeSchuettstein    JUNCTION         0    0.843     0  00:00           0        48.1       0.064
  SS4                  JUNCTION         0    0.088     0  00:08           0        7.59       0.083
  47                   JUNCTION         0     10.7     0  00:01           0         718      -0.005
  48                   JUNCTION         0    0.664     0  00:01           0        48.1      -0.005
  SondeGischeren       JUNCTION         0    0.372     0  00:06           0          18       0.439
  49                   JUNCTION         0     1.04     0  00:01           0        13.3       0.036
  50                   JUNCTION         0     0.18     0  00:04           0        13.2       0.006
  51                   JUNCTION         0       34     0  00:00           0    1.59e+03      -0.002
  Amont_C              JUNCTION      18.4     43.2     0  00:00    1.59e+03    1.59e+03       0.018
  52                   JUNCTION         0    0.281     0  00:03           0        18.8       0.111
  53                   JUNCTION         0     0.44     0  00:01           0        30.3       0.021
  54                   JUNCTION         0    0.351     0  00:08           0        30.3     212.688
  56                   JUNCTION         0    0.595     0  00:02           0        48.8      -0.001
  2                    JUNCTION         0    0.403     0  00:06           0        18.2     273.611
  4                    JUNCTION         0    0.398     0  00:03           0        33.6       0.018
  5                    JUNCTION         0     9.34     0  00:01           0         718      -0.017
  6                    JUNCTION         0     11.8     0  00:00           0         732       0.040
  7                    JUNCTION         0     8.75     0  00:02           0         719       0.086
  SS3                  JUNCTION         0    0.153     0  00:08           0        13.2       0.047
  SS5                  JUNCTION         0    0.262     0  00:08           0        22.6       0.181
  8                    JUNCTION         0     0.62     0  00:06           0        50.1      57.133
  10                   JUNCTION         0    0.826     0  00:02           0        13.3       0.545
  SonSto_SS5           JUNCTION         0    0.287     0  00:08           0        24.7       0.098
  SonSto_SS3           JUNCTION         0    0.153     0  00:08           0        13.2       0.241
  SonSto_SS4           JUNCTION         0    0.241     0  00:08           0        20.8       0.082
  Amont_Trappe         JUNCTION         0    0.677     0  00:06           0        47.3      -0.036
  SonSto_SS6           JUNCTION         0     0.44     0  00:08           0        37.9       0.061
  SS2                  JUNCTION         0        0     0  00:00           0           0       0.000 ltr
  SonSto_SS2           JUNCTION         0        0     0  00:00           0           0       0.000 ltr
  12                   JUNCTION         0    0.428     0  00:00           0        28.4       0.006
  14                   JUNCTION         0     2.21     0  00:02           0         165       0.021
  15                   JUNCTION         0    0.515     0  00:03           0        43.8       0.030
  TWT_PointHaut_60+650 JUNCTION         0    0.848     0  00:03           0        55.6      -4.376
  TWT_Fensterstollen_60+375 JUNCTION         0     8.83     0  00:08           0         542     -14.393
  TWT_Acces_LT_60+110  JUNCTION         0      2.9     0  00:06           0         106  912203.501
  TWT_Liaison_LT_59+738 JUNCTION         0    0.202     0  00:02           0        17.3       0.026
  Syst_Est_amont       JUNCTION      0.92     0.92     0  00:00        79.5        79.5      42.674
  Syst_Est_interm      JUNCTION         0    0.974     0  00:04           0        55.7       4.124
  TWT_Branche_Est_Sonsto_60+540 JUNCTION         0     4.55     0  00:03           0         390       0.041
  TWT_Intersection_Sonsto_60+345 JUNCTION         0     5.63     0  00:07           0        6.52     -93.596
  TWT_Chrosweg_61+140  JUNCTION         0    0.734     0  00:06           0        58.2       6.396
  SonSto_F_sup         JUNCTION         0    0.515     0  00:04           0        43.8       0.001
  SonSto_porte         JUNCTION         0        0     0  00:00           0           0       0.000 ltr
  Brunnm_Fassung       OUTFALL          0   0.0361     0  00:03           0        2.99       0.000
  Brunnmuehle(Teich)   OUTFALL          0    0.393     0  00:03           0          33       0.000
  Fensterstollen       OUTFALL          0     7.37     0  00:08           0         634       0.000
  Gischeren            OUTFALL          0        0     0  00:00           0           0       0.000 ltr
  Schuettstein         OUTFALL          0    0.575     0  00:02           0        48.1       0.000
  Holiloch             OUTFALL          0     8.51     0  00:04           0         718       0.000
  Sauserquelle         OUTFALL          0     0.59     0  00:02           0        48.8       0.000
  Entw_Stollen         OUTFALL          0    0.046     0  00:07           0        3.88       0.000
  Sous_lacustre        OUTFALL          0   0.0385     0  00:03           0        3.24       0.000
  Sous_ecoul.          OUTFALL          0   0.0062     0  00:03           0       0.519       0.000
  Syst_Est_aval        OUTFALL          0     1.11     0  00:08           0        53.5       0.000
  TWT_Portail_Est_61+665 OUTFALL          0    0.635     0  00:08           0        54.7       0.000
  
  
  **********************
  Node Surcharge Summary
  **********************
  
  Surcharging occurs when water rises above the top of the highest conduit.
  ---------------------------------------------------------------------
                                               Max. Height   Min. Depth
                                   Hours       Above Crown    Below Rim
  Node                 Type      Surcharged         Meters       Meters
  ---------------------------------------------------------------------
  9                    JUNCTION       23.99         51.520       46.680
  Holiloch_sonde       JUNCTION       23.99         45.798      152.302
  11                   JUNCTION       24.00         51.673       97.867
  13                   JUNCTION       23.99         55.874      341.126
  21                   JUNCTION       24.00         42.175      107.225
  34                   JUNCTION       24.00         20.224       79.176
  38                   JUNCTION       24.00         25.658      123.742
  40                   JUNCTION       24.00         18.235       77.765
  41                   JUNCTION       23.99         58.230      190.920
  SondeSchuettstein    JUNCTION       23.98         23.889        0.000
  47                   JUNCTION       23.98         14.410       83.690
  48                   JUNCTION       23.98         11.395       87.805
  SondeGischeren       JUNCTION       23.93         12.633       86.167
  49                   JUNCTION       23.96          7.563      184.437
  50                   JUNCTION       23.93          7.338      192.362
  51                   JUNCTION       24.00         73.412      322.588
  Amont_C              JUNCTION       24.00         90.251      306.749
  52                   JUNCTION       23.94         24.792       74.808
  53                   JUNCTION       23.98         16.669      178.331
  56                   JUNCTION       23.99          5.410       93.590
  4                    JUNCTION       23.99          8.571       90.779
  5                    JUNCTION       23.97          1.181       43.819
  6                    JUNCTION       23.98         18.590      176.410
  10                   JUNCTION       23.96          5.606      186.394
  12                   JUNCTION       23.98         21.335      178.315
  14                   JUNCTION       23.96         11.224      184.776
  Syst_Est_interm      JUNCTION       23.85         36.690       61.810
  
  
  *********************
  Node Flooding Summary
  *********************
  
  No nodes were flooded.
  
  
  ***********************
  Outfall Loading Summary
  ***********************
  
  -----------------------------------------------------------
                         Flow       Avg       Max       Total
                         Freq      Flow      Flow      Volume
  Outfall Node           Pcnt       CMS       CMS    10^6 ltr
  -----------------------------------------------------------
  Brunnm_Fassung        99.94    0.0346    0.0361       2.989
  Brunnmuehle(Teich)    99.94     0.383     0.393      33.048
  Fensterstollen        99.97      7.34      7.37     633.970
  Gischeren              0.00         0         0       0.000
  Schuettstein          99.92     0.557     0.575      48.107
  Holiloch              99.88      8.32      8.51     717.983
  Sauserquelle          99.97     0.565      0.59      48.756
  Entw_Stollen          99.95    0.0449     0.046       3.880
  Sous_lacustre        100.00    0.0375    0.0385       3.238
  Sous_ecoul.           99.94   0.00602    0.0062       0.519
  Syst_Est_aval         99.39     0.623      1.11      53.501
  TWT_Portail_Est_61+665  99.93     0.634     0.635      54.694
  -----------------------------------------------------------
  System                91.57      18.5      18.9    1600.684
  
  
  ********************
  Link Flow Summary
  ********************
  
  -----------------------------------------------------------------------------
                                 Maximum  Time of Max   Maximum    Max/    Max/
                                  |Flow|   Occurrence   |Veloc|    Full    Full
  Link                 Type          CMS  days hr:min     m/sec    Flow   Depth
  -----------------------------------------------------------------------------
  Brunn_Fassung_L      CONDUIT    0.0361     0  00:03      1.52    0.60    0.78
  11                   CONDUIT      13.8     0  00:00      7.43    2.06    1.00
  14                   CONDUIT      15.1     0  00:00     10.41    8.23    1.00
  16                   CONDUIT     0.275     0  00:01      3.21    1.92    1.00
  17                   CONDUIT     0.261     0  00:00      0.92    0.45    1.00
  26                   CONDUIT      1.44     0  00:00      2.56    1.96    1.00
  27                   CONDUIT    0.0409     0  00:08      1.29    0.53    0.95
  Gischeren_L          CONDUIT         0     0  00:00      0.00    0.00    0.50
  Schuettstein_L       CONDUIT     0.575     0  00:02      3.65    0.49    0.75
  Brunnmuehle_L        CONDUIT     0.431     0  00:03      1.53    0.20    1.00
  32                   CONDUIT         0     0  00:00      0.00    0.00    0.00
  35                   CONDUIT     0.224     0  00:06      0.30    0.04    1.00
  45                   CONDUIT     0.442     0  00:08      5.24    0.00    0.05
  46                   CONDUIT     0.595     0  00:02      2.10    0.59    1.00
  47                   CONDUIT     0.122     0  00:01      3.21    7.61    1.00
  50                   CONDUIT     0.664     0  00:01      2.38    0.12    1.00
  51                   CONDUIT    0.0636     0  00:02      0.66    0.18    1.00
  53                   CONDUIT      0.26     0  00:01      1.56    1.32    1.00
  Fenster_L            CONDUIT      7.37     0  00:08      8.17    0.07    0.19
  58                   CONDUIT      2.52     0  00:08      3.96    0.03    0.17
  59                   CONDUIT     0.286     0  00:08      2.93    0.00    0.04
  61                   CONDUIT     0.843     0  00:00      4.05    1.19    1.00
  63                   CONDUIT     0.161     0  00:02      2.23    0.72    0.52
  66                   CONDUIT      0.18     0  00:04      2.69    2.38    1.00
  67                   CONDUIT      18.3     0  00:00      4.96    0.18    1.00
  Amont_L              CONDUIT        34     0  00:00      4.80    1.84    1.00
  69                   CONDUIT     0.281     0  00:03      2.38    1.10    1.00
  70                   CONDUIT     0.218     0  00:03      1.74    0.68    1.00
  71                   CONDUIT      0.44     0  00:01      1.91    0.78    1.00
  72                   CONDUIT     0.351     0  00:08      1.70    1.66    0.96
  Sauser_L             CONDUIT      0.59     0  00:02      1.13    0.15    0.63
  75                   CONDUIT     0.088     0  00:08      2.79    0.89    0.63
  Entw_Sto_L           CONDUIT     0.046     0  00:07      1.88    1.06    0.98
  4                    CONDUIT    0.0256     0  00:07      1.16    1.14    1.00
  5                    CONDUIT    0.0267     0  00:07      1.11    0.95    1.00
  6                    CONDUIT    0.0385     0  00:03      1.48    0.58    0.77
  7                    CONDUIT     0.398     0  00:03      2.03    0.61    1.00
  Brunn_Teich_L        CONDUIT     0.393     0  00:03      1.62    0.30    0.69
  9                    CONDUIT    0.0062     0  00:03      1.56    0.00    0.50
  12                   CONDUIT      9.34     0  00:01      5.34    0.19    1.00
  15                   CONDUIT      11.8     0  00:00      5.72    0.30    1.00
  18                   CONDUIT      10.7     0  00:01      5.36    0.43    1.00
  19                   CONDUIT      1.04     0  00:01      1.35    0.99    1.00
  20                   CONDUIT     0.705     0  00:06      5.01    0.06    0.38
  21                   CONDUIT      8.75     0  00:02      0.96    0.06    0.87
  Hooliloch_L          CONDUIT      8.51     0  00:04      1.46    0.17    0.68
  23                   CONDUIT     0.153     0  00:08      3.29    0.96    0.63
  25                   CONDUIT      0.62     0  00:06      2.18    0.51    1.00
  28                   CONDUIT     0.153     0  00:08      2.40    0.00    0.03
  29                   CONDUIT    0.0249     0  00:08      0.66    0.00    0.03
  31                   CONDUIT     0.161     0  00:08      0.54    0.10    0.72
  33                   CONDUIT     0.826     0  00:02      0.83    0.31    1.00
  37                   CONDUIT     0.262     0  00:08      0.55    0.01    0.12
  SS3_L                CONDUIT     0.153     0  00:08      3.05    0.00    0.05
  40                   CONDUIT     0.677     0  00:06      2.13    0.00    0.06
  SS6_L                CONDUIT     0.161     0  00:02      4.06    0.00    0.05
  1                    CONDUIT         0     0  00:00      0.00    0.00    0.02
  2                    CONDUIT         0     0  00:00      0.00    0.00    0.00
  3                    CONDUIT    0.0879     0  00:08      4.40    0.01    0.07
  10                   CONDUIT     0.216     0  00:08      0.52    0.00    0.11
  13                   CONDUIT     0.428     0  00:00      4.86    0.93    1.00
  22                   CONDUIT     0.333     0  00:01      3.46    0.82    1.00
  24                   CONDUIT      2.21     0  00:02      3.20    0.00    1.00
  30                   CONDUIT      1.93     0  00:02      2.68    0.81    1.00
  34                   CONDUIT     0.515     0  00:03      2.41    0.58    0.85
  36                   CONDUIT     0.515     0  00:04      5.99    0.55    0.39
  38                   CONDUIT     0.372     0  00:06      2.72    0.14    1.00
  48                   CONDUIT     0.974     0  00:04      2.53    0.65    0.79
  54                   CONDUIT      1.11     0  00:08      0.93    0.21    0.64
  68                   CONDUIT     0.216     0  00:04      8.28    0.00    0.04
  73                   CONDUIT         0     0  00:00      0.00    0.00    0.06
  TWT1                 CONDUIT     0.635     0  00:08      3.02    0.00    0.02
  TWT2                 CONDUIT     0.734     0  00:06      3.35    0.00    0.02
  TWT3                 CONDUIT     0.848     0  00:03      1.39    0.00    0.04
  TWT4                 CONDUIT       4.4     0  00:02      3.24    0.01    0.08
  1_2_b_               CONDUIT         0     0  00:00      0.00    0.00    0.08
  1_2_b_1              CONDUIT      2.39     0  00:02     14.50    9.17    1.00
  1_2_b_2              CONDUIT    0.0521     0  00:04      0.48    0.02    0.54
  TWT5                 CONDUIT      5.63     0  00:07      3.41    0.01    0.12
  1_4_a                CONDUIT      1.96     0  00:08      1.65    0.03    0.23
  TWT6                 CONDUIT      2.67     0  00:06      1.00    0.01    0.12
  1_4_b                CONDUIT         0     0  00:00      0.00    0.00    0.21
  TWT7                 CONDUIT    0.0389     0  00:02      1.55    0.00    0.05
  1_5_a                CONDUIT     0.163     0  00:02     18.85    0.00    0.07
  1_7_a                CONDUIT      5.33     0  00:08      2.98    1.21    0.15
  1_7_a_               CONDUIT     0.247     0  00:04      2.67    0.02    0.54
  1_7_a__              CONDUIT      1.77     0  00:03      9.26    0.26    1.00
  1_7_a_1              CONDUIT      2.54     0  00:03     13.59   12.92    1.00
  1_8_a                CONDUIT     0.204     0  00:06      7.03    0.00    0.10
  1_8_a_2              CONDUIT     0.202     0  00:02      1.94    1.32    0.53
  
  
  ***************************
  Flow Classification Summary
  ***************************
  
  -------------------------------------------------------------------------------------
                      Adjusted    ---------- Fraction of Time in Flow Class ---------- 
                       /Actual         Up    Down  Sub   Sup   Up    Down  Norm  Inlet 
  Conduit               Length    Dry  Dry   Dry   Crit  Crit  Crit  Crit  Ltd   Ctrl  
  -------------------------------------------------------------------------------------
  Brunn_Fassung_L         1.00   0.00  0.00  0.00  0.00  1.00  0.00  0.00  0.00  0.00
  11                      1.00   0.00  0.00  0.00  1.00  0.00  0.00  0.00  0.00  0.00
  14                      1.00   0.00  0.00  0.00  1.00  0.00  0.00  0.00  0.00  0.00
  16                      1.00   0.00  0.00  0.00  1.00  0.00  0.00  0.00  0.00  0.00
  17                      1.00   0.00  0.00  0.00  1.00  0.00  0.00  0.00  0.00  0.00
  26                      1.00   0.00  0.00  0.00  1.00  0.00  0.00  0.00  0.00  0.00
  27                      1.00   0.00  0.00  0.00  1.00  0.00  0.00  0.00  0.00  0.00
  Gischeren_L             1.00   0.00  1.00  0.00  0.00  0.00  0.00  0.00  0.00  0.00
  Schuettstein_L          1.00   0.00  0.00  0.00  0.00  1.00  0.00  0.00  0.00  0.00
  Brunnmuehle_L           1.00   0.00  0.00  0.00  1.00  0.00  0.00  0.00  0.00  0.00
  32                      1.00   1.00  0.00  0.00  0.00  0.00  0.00  0.00  0.00  0.00
  35                      1.00   0.00  0.00  0.00  1.00  0.00  0.00  0.00  0.00  0.00
  45                      1.00   0.00  0.00  0.00  0.00  1.00  0.00  0.00  1.00  0.00
  46                      1.00   0.00  0.00  0.00  1.00  0.00  0.00  0.00  0.00  0.00
  47                      1.00   0.00  0.00  0.00  1.00  0.00  0.00  0.00  0.00  0.00
  50                      1.00   0.00  0.00  0.00  1.00  0.00  0.00  0.00  0.00  0.00
  51                      1.00   0.00  0.00  0.00  1.00  0.00  0.00  0.00  0.00  0.00
  53                      1.00   0.00  0.00  0.00  1.00  0.00  0.00  0.00  0.00  0.00
  Fenster_L               1.00   0.00  0.00  0.00  0.00  1.00  0.00  0.00  0.00  0.00
  58                      1.00   0.00  0.00  0.00  0.00  1.00  0.00  0.00  0.00  0.00
  59                      1.00   0.00  0.00  0.00  0.00  1.00  0.00  0.00  1.00  0.00
  61                      1.00   0.00  0.00  0.00  1.00  0.00  0.00  0.00  0.00  0.00
  63                      1.00   0.00  0.00  0.00  1.00  0.00  0.00  0.00  0.00  0.00
  66                      1.00   0.00  0.00  0.00  1.00  0.00  0.00  0.00  0.00  0.00
  67                      1.00   0.00  0.00  0.00  1.00  0.00  0.00  0.00  0.00  0.00
  Amont_L                 1.00   0.00  0.00  0.00  1.00  0.00  0.00  0.00  0.00  0.00
  69                      1.00   0.00  0.00  0.00  1.00  0.00  0.00  0.00  0.00  0.00
  70                      1.00   0.00  0.00  0.00  1.00  0.00  0.00  0.00  0.00  0.00
  71                      1.00   0.00  0.00  0.00  1.00  0.00  0.00  0.00  0.00  0.00
  72                      1.00   0.00  0.00  0.00  1.00  0.00  0.00  0.00  0.00  0.00
  Sauser_L                1.00   0.00  0.00  0.00  1.00  0.00  0.00  0.00  0.00  0.00
  75                      1.00   0.00  0.00  0.00  0.00  1.00  0.00  0.00  0.00  0.00
  Entw_Sto_L              1.00   0.00  0.00  0.00  0.99  0.00  0.00  0.00  0.00  0.00
  4                       1.00   0.00  0.00  0.00  1.00  0.00  0.00  0.00  0.00  0.00
  5                       1.00   0.00  0.00  0.00  1.00  0.00  0.00  0.00  0.00  0.00
  6                       1.00   0.00  0.00  0.00  0.00  1.00  0.00  0.00  0.00  0.00
  7                       1.00   0.00  0.00  0.00  1.00  0.00  0.00  0.00  0.00  0.00
  Brunn_Teich_L           1.00   0.00  0.00  0.00  1.00  0.00  0.00  0.00  0.00  0.00
  9                       1.00   0.00  0.00  0.00  0.00  1.00  0.00  0.00  0.00  0.00
  12                      1.00   0.00  0.00  0.00  1.00  0.00  0.00  0.00  0.00  0.00
  15                      1.00   0.00  0.00  0.00  1.00  0.00  0.00  0.00  0.00  0.00
  18                      1.00   0.00  0.00  0.00  1.00  0.00  0.00  0.00  0.00  0.00
  19                      1.00   0.00  0.00  0.00  1.00  0.00  0.00  0.00  0.00  0.00
  20                      1.00   0.00  0.00  0.00  0.99  0.00  0.00  0.00  0.00  0.00
  21                      1.00   0.00  0.00  0.00  1.00  0.00  0.00  0.00  0.00  0.00
  Hooliloch_L             1.00   0.00  0.00  0.00  1.00  0.00  0.00  0.00  0.00  0.00
  23                      1.00   0.00  0.00  0.00  0.00  1.00  0.00  0.00  0.00  0.00
  25                      1.00   0.00  0.00  0.00  1.00  0.00  0.00  0.00  0.00  0.00
  28                      1.00   0.00  0.00  0.00  0.00  1.00  0.00  0.00  0.00  0.00
  29                      1.00   0.00  0.00  0.00  1.00  0.00  0.00  0.00  1.00  0.00
  31                      1.00   0.00  0.00  0.00  1.00  0.00  0.00  0.00  0.00  0.00
  33                      1.00   0.00  0.00  0.00  1.00  0.00  0.00  0.00  0.00  0.00
  37                      1.00   0.00  0.00  0.00  1.00  0.00  0.00  0.00  0.00  0.00
  SS3_L                   1.00   0.00  0.00  0.00  0.00  1.00  0.00  0.00  1.00  0.00
  40                      1.00   0.00  0.00  0.00  1.00  0.00  0.00  0.00  0.00  0.00
  SS6_L                   1.00   0.00  0.00  0.00  0.00  1.00  0.00  0.00  1.00  0.00
  1                       1.00   0.00  1.00  0.00  0.00  0.00  0.00  0.00  0.00  0.00
  2                       1.00   1.00  0.00  0.00  0.00  0.00  0.00  0.00  0.00  0.00
  3                       1.00   0.00  0.00  0.00  0.00  1.00  0.00  0.00  1.00  0.00
  10                      1.00   0.00  0.00  0.00  1.00  0.00  0.00  0.00  1.00  0.00
  13                      1.00   0.00  0.00  0.00  1.00  0.00  0.00  0.00  0.00  0.00
  22                      1.00   0.00  0.00  0.00  1.00  0.00  0.00  0.00  0.00  0.00
  24                      1.00   0.00  0.00  0.00  1.00  0.00  0.00  0.00  0.00  0.00
  30                      1.00   0.00  0.00  0.00  1.00  0.00  0.00  0.00  0.00  0.00
  34                      1.00   0.00  0.00  0.00  0.00  1.00  0.00  0.00  0.00  0.00
  36                      1.00   0.00  0.00  0.00  0.00  1.00  0.00  0.00  0.00  0.00
  38                      1.00   0.00  0.00  0.00  1.00  0.00  0.00  0.00  0.00  0.00
  48                      1.00   0.00  0.00  0.00  1.00  0.00  0.00  0.00  0.00  0.00
  54                      1.00   0.00  0.01  0.00  0.99  0.00  0.00  0.00  0.00  0.00
  68                      1.00   0.00  0.00  0.00  0.00  1.00  0.00  0.00  1.00  0.00
  73                      1.00   0.00  1.00  0.00  0.00  0.00  0.00  0.00  0.00  0.00
  TWT1                    1.00   0.00  0.00  0.00  0.00  1.00  0.00  0.00  0.00  0.00
  TWT2                    1.00   0.00  0.00  0.00  0.00  1.00  0.00  0.00  0.00  0.00
  TWT3                    1.00   0.00  0.00  0.00  1.00  0.00  0.00  0.00  0.00  0.00
  TWT4                    1.00   0.00  0.00  0.00  1.00  0.00  0.00  0.00  1.00  0.00
  1_2_b_                  1.00   0.00  1.00  0.00  0.00  0.00  0.00  0.00  0.00  0.00
  1_2_b_1                 1.00   0.00  0.00  0.00  1.00  0.00  0.00  0.00  0.00  0.00
  1_2_b_2                 1.00   0.00  0.00  0.00  1.00  0.00  0.00  0.00  1.00  0.00
  TWT5                    1.00   0.00  0.00  0.00  1.00  0.00  0.00  0.00  0.00  0.00
  1_4_a                   1.00   0.00  0.00  0.00  1.00  0.00  0.00  0.00  0.00  0.00
  TWT6                    1.00   0.00  0.00  0.00  1.00  0.00  0.00  0.00  0.00  0.00
  1_4_b                   1.00   0.00  1.00  0.00  0.00  0.00  0.00  0.00  0.00  0.00
  TWT7                    1.00   0.00  0.00  0.00  1.00  0.00  0.00  0.00  1.00  0.00
  1_5_a                   1.00   0.00  0.00  0.00  0.00  1.00  0.00  0.00  1.00  0.00
  1_7_a                   1.00   0.00  0.00  0.00  0.00  1.00  0.00  0.00  0.00  0.00
  1_7_a_                  1.00   0.00  0.00  0.00  0.00  1.00  0.00  0.00  1.00  0.00
  1_7_a__                 1.00   0.00  0.00  0.00  0.00  1.00  0.00  0.00  0.00  0.00
  1_7_a_1                 1.00   0.00  0.00  0.00  0.00  1.00  0.00  0.00  0.00  0.00
  1_8_a                   1.00   0.00  0.00  0.00  1.00  0.00  0.00  0.00  0.00  0.00
  1_8_a_2                 1.00   0.00  0.00  0.00  0.00  1.00  0.00  0.00  0.00  0.00
  
  
  *************************
  Conduit Surcharge Summary
  *************************
  
  ----------------------------------------------------------------------------
                                                           Hours        Hours 
                         --------- Hours Full --------   Above Full   Capacity
  Conduit                Both Ends  Upstream  Dnstream   Normal Flow   Limited
  ----------------------------------------------------------------------------
  Brunn_Fassung_L             0.01      0.01     24.00      0.01         0.01
  11                         23.99     23.99     23.99     23.99         0.01
  14                         23.99     23.99     23.99     23.99         0.01
  16                         24.00     24.00     24.00     23.99        23.99
  17                         24.00     24.00     24.00      0.01         0.01
  26                         23.99     23.99     23.99      0.01         0.01
  27                          0.01      0.01     23.96      0.01         0.01
  Schuettstein_L              0.01      0.01     23.98      0.01         0.01
  Brunnmuehle_L              24.00     24.00     24.00      0.01         0.01
  35                         23.87     23.87     23.93      0.01         0.01
  46                         24.00     24.00     24.00      0.01         0.01
  47                         24.00     24.00     24.00     24.00        24.00
  50                         23.98     23.98     23.98      0.01         0.01
  51                         23.97     23.97     24.00      0.01         0.01
  53                         24.00     24.00     24.00     23.99         0.01
  61                         23.98     23.98     23.99      0.01         0.01
  63                          0.01     23.97      0.01      0.01         0.01
  66                         23.93     23.97     23.93     23.96        23.93
  67                         23.99     23.99     24.00      0.01         0.01
  Amont_L                    24.00     24.00     24.00      0.01         0.01
  69                         23.94     23.94     24.00      0.02         0.01
  70                         23.94     23.94     24.00      0.01         0.01
  71                         23.98     23.98     23.99      0.01         0.01
  72                          0.01     23.98      0.01     23.98         0.01
  Sauser_L                    0.01      0.01     24.00      0.01         0.01
  75                          0.01     23.97      0.01      0.01         0.01
  Entw_Sto_L                  0.01     23.87      0.01     23.87         0.01
  4                          23.87     23.97     23.87     23.88        23.87
  5                          23.87     23.87     24.00      0.01         0.01
  6                           0.01      0.01     24.00      0.01         0.01
  7                          23.99     23.99     24.00      0.01         0.01
  Brunn_Teich_L               0.01      0.01     23.99      0.01         0.01
  9                           0.01      0.01     23.99      0.01         0.01
  12                         23.98     23.98     23.98      0.01         0.01
  15                         23.98     23.98     23.99      0.01         0.01
  18                         23.98     23.98     23.98      0.01         0.01
  19                         23.97     23.97     23.98      0.01         0.01
  21                          0.01      0.01     23.97      0.01         0.01
  23                          0.01     23.93      0.01      0.01         0.01
  25                         23.90     23.90     23.99      0.01         0.01
  33                         23.96     23.96     23.96      0.01         0.01
  13                         23.98     23.98     24.00      0.01         0.01
  22                         23.98     23.98     24.00      0.01         0.01
  24                         23.96     23.96     23.99      0.01         0.01
  30                         23.96     23.96     23.99      0.01         0.01
  34                          0.01      0.01     23.99      0.01         0.01
  38                         23.91     23.91     23.94      0.01         0.01
  48                          0.01      0.01     23.89      0.01         0.01
  54                          0.01      0.01     23.85      0.01         0.01
  1_2_b_1                    23.96     24.00     23.96     23.99        23.96
  1_2_b_2                     0.01      0.01     23.96      0.01         0.01
  1_7_a                       0.01      0.01      0.01     23.86         0.01
  1_7_a__                     0.01      0.01     24.00      0.01         0.01
  1_7_a_1                     0.01      0.01     24.00     23.99         0.01
  1_8_a_2                     0.01      0.01     23.99     23.99         0.01
  

  Analysis begun on:  Fri Aug 14 16:29:34 2026
  Analysis ended on:  Fri Aug 14 16:29:36 2026
  Total elapsed time: 00:00:02