
  EPA STORM WATER MANAGEMENT MODEL - VERSION 5.2 (Build 5.2.4)
  ------------------------------------------------------------

  Brunnmuehle (Twann) 
  WARNING 08: elevation drop exceeds length for Conduit SS3_L
  WARNING 08: elevation drop exceeds length for Conduit SS6_L
  WARNING 08: elevation drop exceeds length for Conduit 2
  WARNING 08: elevation drop exceeds length for Conduit 3
  WARNING 08: elevation drop exceeds length for Conduit 68
  WARNING 08: elevation drop exceeds length for Conduit 1_2_b_
  WARNING 08: elevation drop exceeds length for Conduit 1_2_b_2
  WARNING 08: elevation drop exceeds length for Conduit 1_4_b
  WARNING 08: elevation drop exceeds length for Conduit 1_5_a
  WARNING 04: minimum elevation drop used for Conduit 1_7_a
  WARNING 08: elevation drop exceeds length for Conduit 1_7_a_
  WARNING 08: elevation drop exceeds length for Conduit 1_7_a__
  WARNING 02: maximum depth increased for Node 2
  
  ****************
  Analysis Options
  ****************
  Flow Units ............... CMS
  Process Models:
    Rainfall/Runoff ........ NO
    RDII ................... NO
    Snowmelt ............... NO
    Groundwater ............ NO
    Flow Routing ........... YES
    Ponding Allowed ........ NO
    Water Quality .......... NO
  Flow Routing Method ...... DYNWAVE
  Surcharge Method ......... EXTRAN
  Starting Date ............ 01/01/2000 00:00:00
  Ending Date .............. 01/02/2000 00:00:00
  Antecedent Dry Days ...... 0.0
  Report Time Step ......... 01:00:00
  Routing Time Step ........ 0.50 sec
  Variable Time Step ....... YES
  Maximum Trials ........... 8
  Number of Threads ........ 1
  Head Tolerance ........... 0.001500 m
  
  
  **************************        Volume        Volume
  Flow Routing Continuity        hectare-m      10^6 ltr
  **************************     ---------     ---------
  Dry Weather Inflow .......         0.000         0.000
  Wet Weather Inflow .......         0.000         0.000
  Groundwater Inflow .......         0.000         0.000
  RDII Inflow ..............         0.000         0.000
  External Inflow ..........       195.026      1950.277
  External Outflow .........       184.875      1848.772
  Flooding Loss ............         0.000         0.000
  Evaporation Loss .........         0.000         0.000
  Exfiltration Loss ........         0.000         0.000
  Initial Stored Volume ....         0.056         0.562
  Final Stored Volume ......         0.550         5.495
  Continuity Error (%) .....         4.950
  
  
  *************************
  Highest Continuity Errors
  *************************
  Node TWT_Acces_LT_60+110 (-2660.57%)
  Node 54 (60.58%)
  Node 8 (55.63%)
  Node SonSto_F (-52.43%)
  Node 2 (41.03%)
  
  
  ***************************
  Time-Step Critical Elements
  ***************************
  Link 1_4_a (18023.30%)
  Link 1_7_a_ (17.03%)
  Link 1_4_a_1 (6.37%)
  
  
  ********************************
  Highest Flow Instability Indexes
  ********************************
  All links are stable.
  
  
  *********************************
  Most Frequent Nonconverging Nodes
  *********************************
  Node Brunnm_Fassung (44.20%)
  Node Brunnmuehle(Teich) (44.20%)
  Node Fensterstollen (44.20%)
  Node Gischeren (44.20%)
  Node Schuettstein (44.20%)
  
  
  *************************
  Routing Time Step Summary
  *************************
  Minimum Time Step           :     0.50 sec
  Average Time Step           :     0.50 sec
  Maximum Time Step           :     0.50 sec
  % of Time in Steady State   :    99.45
  Average Iterations per Step :     6.49
  % of Steps Not Converging   :    44.20
  Time Step Frequencies       :
      0.500 -  0.500 sec      :   100.00 %
      0.500 -  0.500 sec      :     0.00 %
      0.500 -  0.500 sec      :     0.00 %
      0.500 -  0.500 sec      :     0.00 %
      0.500 -  0.500 sec      :     0.00 %
  
  
  ******************
  Node Depth Summary
  ******************
  
  ---------------------------------------------------------------------------------
                                 Average  Maximum  Maximum  Time of Max    Reported
                                   Depth    Depth      HGL   Occurrence   Max Depth
  Node                 Type       Meters   Meters   Meters  days hr:min      Meters
  ---------------------------------------------------------------------------------
  9                    JUNCTION    42.03    49.13   487.63     0  00:00       42.06
  Holiloch_sonde       JUNCTION    39.48    46.36   486.36     0  00:00       39.51
  11                   JUNCTION    46.73    47.26   457.26     0  00:05       46.74
  13                   JUNCTION    47.91    48.25   486.25     0  00:02       47.93
  21                   JUNCTION    40.71    41.22   441.22     0  00:05       40.72
  SonSto_F             JUNCTION     0.47     0.54   438.34     0  00:03        0.47
  Sondierstollen       JUNCTION     0.00     0.00   440.80     0  00:00        0.00
  Aval_Trappe          JUNCTION     0.70     0.72   438.32     0  00:03        0.70
  30                   JUNCTION     0.78     0.79   438.09     0  00:07        0.78
  Gischeren_node       JUNCTION     0.00     0.00   476.50     0  00:00        0.00
  34                   JUNCTION    19.36    19.79   439.79     0  00:05       19.37
  38                   JUNCTION    23.68    24.33   444.33     0  00:05       23.70
  SS6                  JUNCTION     0.07     0.07   448.07     0  00:02        0.07
  40                   JUNCTION    20.77    20.79   439.79     0  00:05       20.78
  41                   JUNCTION    48.29    63.19   500.69     0  00:00       48.30
  SondeSchuettstein    JUNCTION    20.54    22.39   481.39     0  00:01       20.55
  SS4                  JUNCTION     0.06     0.06   448.06     0  00:02        0.06
  47                   JUNCTION    13.61    13.69   478.59     0  00:01       13.62
  48                   JUNCTION     8.40    10.11   481.11     0  00:01        8.41
  SondeGischeren       JUNCTION     9.96    11.31   476.31     0  00:05       10.00
  49                   JUNCTION    12.72    14.04   480.04     0  00:02       12.73
  50                   JUNCTION     4.85     6.95   469.95     0  00:05        4.87
  51                   JUNCTION    66.69    67.05   487.05     0  00:02       66.71
  Amont_C              JUNCTION    71.40   101.03   519.03     0  00:00       71.42
  52                   JUNCTION     6.70    14.25   471.25     0  00:05        6.72
  53                   JUNCTION     9.63    14.35   481.35     0  00:01        9.63
  54                   JUNCTION     2.65     2.65   465.65     0  00:07        2.65
  56                   JUNCTION     6.17     6.21   436.21     0  00:00        6.17
  2                    JUNCTION     0.10     0.10   438.10     0  00:07        0.10
  4                    JUNCTION     8.74     9.21   437.21     0  00:00        8.74
  5                    JUNCTION     5.80     5.82   478.32     0  00:03        5.81
  6                    JUNCTION    20.88    20.93   478.93     0  00:03       20.89
  7                    JUNCTION     3.30     3.31   478.31     0  00:03        3.30
  SS3                  JUNCTION     0.07     0.07   448.07     0  00:07        0.07
  SS5                  JUNCTION     0.58     0.58   439.48     0  00:06        0.58
  8                    JUNCTION     1.02     1.02   475.02     0  00:07        1.02
  10                   JUNCTION    10.72    12.08   480.08     0  00:02       10.73
  SonSto_SS5           JUNCTION     0.12     0.12   439.42     0  00:06        0.12
  SonSto_SS3           JUNCTION     0.10     0.10   439.80     0  00:06        0.10
  SonSto_SS4           JUNCTION     0.08     0.08   439.48     0  00:06        0.08
  Amont_Trappe         JUNCTION     0.52     0.70   438.40     0  00:03        0.52
  SonSto_SS6           JUNCTION     0.12     0.12   438.82     0  00:06        0.12
  SS2                  JUNCTION     0.00     0.00   448.00     0  00:00        0.00
  SonSto_SS2           JUNCTION     0.00     0.00   441.50     0  00:00        0.00
  12                   JUNCTION    15.80    15.87   464.87     0  00:02       15.81
  14                   JUNCTION     4.81     4.87   469.87     0  00:05        4.82
  15                   JUNCTION     0.33     0.33   472.33     0  00:04        0.33
  TWT_PointHaut_60+749 JUNCTION     0.08     0.08   438.58     0  00:07        0.08
  TWT_Fensterstollen_60+375 JUNCTION     1.07     1.08   438.38     0  00:07        1.07
  TWT_Acces_LT_60+110  JUNCTION     1.10     1.11   438.61     0  00:07        1.10
  TWT_Liaison_LT_59+738 JUNCTION     0.00     0.00   450.60     0  00:00        0.00
  Syst_Est_amont       JUNCTION     0.71     0.71   430.71     0  00:07        0.71
  Syst_Est_interm      JUNCTION    19.41    38.43   448.43     0  00:07       19.51
  TWT_Branche_Est_Sonsto_60+540 JUNCTION     0.29     0.29   438.69     0  00:07        0.29
  TWT_Intersection_Sonsto_60+345 JUNCTION     1.52     1.52   438.52     0  00:07        1.52
  TWT_Chrosweg_61+140  JUNCTION     0.06     0.06   432.06     0  00:07        0.06
  SonSto_F_sup         JUNCTION     0.04     0.04   448.04     0  00:04        0.04
  SonSto_porte         JUNCTION     0.02     0.02   438.52     0  00:07        0.02
  Brunnm_Fassung       OUTFALL      0.10     0.10   433.90     0  00:05        0.10
  Brunnmuehle(Teich)   OUTFALL      0.23     0.23   435.73     0  00:05        0.23
  Fensterstollen       OUTFALL      0.75     0.76   437.76     0  00:07        0.76
  Gischeren            OUTFALL      0.00     0.00   480.00     0  00:00        0.00
  Schuettstein         OUTFALL      0.19     0.20   477.75     0  00:01        0.19
  Holiloch             OUTFALL      1.48     1.48   477.98     0  00:03        1.48
  Sauserquelle         OUTFALL      0.25     0.25   435.80     0  00:05        0.25
  Entw_Stollen         OUTFALL      0.10     0.10   436.60     0  00:07        0.10
  Sous_lacustre        OUTFALL      0.10     0.10   429.30     0  00:05        0.10
  Sous_ecoul.          OUTFALL      0.00     0.00   433.00     0  00:05        0.00
  Syst_Est_aval        OUTFALL      0.28     0.51   429.51     0  00:07        0.28
  TWT_Portail_Est_61+665 OUTFALL      0.03     0.03   421.63     0  00:07        0.03
  
  
  *******************
  Node Inflow Summary
  *******************
  
  -------------------------------------------------------------------------------------------------
                                  Maximum  Maximum                  Lateral       Total        Flow
                                  Lateral    Total  Time of Max      Inflow      Inflow     Balance
                                   Inflow   Inflow   Occurrence      Volume      Volume       Error
  Node                 Type           CMS      CMS  days hr:min    10^6 ltr    10^6 ltr     Percent
  -------------------------------------------------------------------------------------------------
  9                    JUNCTION         0     13.6     0  00:00           0         520       0.015
  Holiloch_sonde       JUNCTION         0     12.1     0  00:00           0         485       0.024
  11                   JUNCTION         0    0.248     0  00:02           0        21.3      -0.002
  13                   JUNCTION         0     21.4     0  00:00           0    1.63e+03       0.013
  21                   JUNCTION         0    0.425     0  00:05           0        36.6      -0.009
  SonSto_F             JUNCTION         0     1.42     0  00:03           0        50.6     -34.397
  Sondierstollen       JUNCTION         0        0     0  00:00           0           0       0.000 ltr
  Aval_Trappe          JUNCTION         0     7.79     0  00:07           0         642       0.891
  30                   JUNCTION         0     13.9     0  00:07           0     1.2e+03      -1.292
  Gischeren_node       JUNCTION         0        0     0  00:00           0           0       0.000 ltr
  34                   JUNCTION         0     0.39     0  00:05           0        33.5      -0.003
  38                   JUNCTION         0    0.238     0  00:00           0        19.4       0.005
  SS6                  JUNCTION         0    0.154     0  00:02           0        12.8       0.002
  40                   JUNCTION         0     2.16     0  00:05           0         186      -0.003
  41                   JUNCTION         0     4.84     0  00:00           0          32       0.116
  SondeSchuettstein    JUNCTION         0    0.643     0  00:00           0          32      -0.009
  SS4                  JUNCTION         0   0.0832     0  00:07           0        7.18       0.047
  47                   JUNCTION         0     8.14     0  00:01           0         472       0.029
  48                   JUNCTION         0    0.463     0  00:01           0          32       0.036
  SondeGischeren       JUNCTION         0    0.257     0  00:03           0        12.4       0.532
  49                   JUNCTION         0    0.927     0  00:01           0        12.9      -0.021
  50                   JUNCTION         0     0.18     0  00:05           0        12.3       0.022
  51                   JUNCTION         0     38.2     0  00:00           0    1.86e+03      -0.001
  Amont_C              JUNCTION      21.5     46.6     0  00:00    1.86e+03    1.86e+03       0.012
  52                   JUNCTION         0    0.242     0  00:04           0        17.2       0.127
  53                   JUNCTION         0    0.333     0  00:01           0          23       0.041
  54                   JUNCTION         0    0.266     0  00:07           0        22.9     153.657
  56                   JUNCTION         0    0.554     0  00:05           0        47.8      -0.000
  2                    JUNCTION         0   0.0439     0  00:07           0        3.78      69.583
  4                    JUNCTION         0    0.358     0  00:05           0        30.7       0.016
  5                    JUNCTION         0     6.72     0  00:01           0         472      -0.009
  6                    JUNCTION         0     9.28     0  00:00           0         485       0.011
  7                    JUNCTION         0     5.77     0  00:02           0         472       0.016
  SS3                  JUNCTION         0    0.143     0  00:05           0        12.3       0.043
  SS5                  JUNCTION         0    0.241     0  00:06           0        20.7       0.110
  8                    JUNCTION         0    0.324     0  00:07           0          28     125.392
  10                   JUNCTION         0    0.714     0  00:02           0        12.9       0.604
  SonSto_SS5           JUNCTION         0    0.264     0  00:06           0        22.7       0.058
  SonSto_SS3           JUNCTION         0    0.143     0  00:07           0        12.3       0.206
  SonSto_SS4           JUNCTION         0    0.227     0  00:06           0        19.5       0.051
  Amont_Trappe         JUNCTION         0     1.52     0  00:03           0        72.8     -27.859
  SonSto_SS6           JUNCTION         0    0.415     0  00:06           0        35.5       0.037
  SS2                  JUNCTION         0        0     0  00:00           0           0       0.000 ltr
  SonSto_SS2           JUNCTION         0        0     0  00:00           0           0       0.000 ltr
  12                   JUNCTION         0    0.363     0  00:00           0        25.9       0.015
  14                   JUNCTION         0     1.79     0  00:05           0         151       0.024
  15                   JUNCTION         0    0.412     0  00:03           0        35.4      -0.011
  TWT_PointHaut_60+749 JUNCTION         0    0.177     0  00:07           0        15.2      10.115
  TWT_Fensterstollen_60+375 JUNCTION         0     12.5     0  00:07           0    1.07e+03      -2.389
  TWT_Acces_LT_60+110  JUNCTION         0     5.11     0  00:04           0        1.24     -96.378
  TWT_Liaison_LT_59+738 JUNCTION         0        0     0  00:00           0           0       0.000 ltr
  Syst_Est_amont       JUNCTION      1.08     1.08     0  00:00        92.9        92.9     158.439
  Syst_Est_interm      JUNCTION         0     1.13     0  00:04           0        35.9       1.087
  TWT_Branche_Est_Sonsto_60+540 JUNCTION         0     1.76     0  00:06           0         152       0.025
  TWT_Intersection_Sonsto_60+345 JUNCTION         0     10.2     0  00:07           0         878      15.974
  TWT_Chrosweg_61+140  JUNCTION         0    0.161     0  00:07           0        13.8      51.995
  SonSto_F_sup         JUNCTION         0    0.411     0  00:04           0        35.4      -0.001
  SonSto_porte         JUNCTION         0    0.122     0  00:07           0         8.7   16602.687
  Brunnm_Fassung       OUTFALL          0   0.0328     0  00:05           0        2.78       0.000
  Brunnmuehle(Teich)   OUTFALL          0    0.353     0  00:05           0        30.2       0.000
  Fensterstollen       OUTFALL          0     14.1     0  00:07           0    1.21e+03       0.000
  Gischeren            OUTFALL          0        0     0  00:00           0           0       0.000 ltr
  Schuettstein         OUTFALL          0    0.393     0  00:01           0          32       0.000
  Holiloch             OUTFALL          0     5.52     0  00:03           0         472       0.000
  Sauserquelle         OUTFALL          0    0.554     0  00:05           0        47.8       0.000
  Entw_Stollen         OUTFALL          0   0.0259     0  00:07           0        2.23       0.000
  Sous_lacustre        OUTFALL          0   0.0361     0  00:05           0        3.08       0.000
  Sous_ecoul.          OUTFALL          0  0.00605     0  00:05           0        0.51       0.000
  Syst_Est_aval        OUTFALL          0     1.32     0  00:07           0        35.5       0.000
  TWT_Portail_Est_61+665 OUTFALL          0    0.106     0  00:07           0        9.09       0.000
  
  
  **********************
  Node Surcharge Summary
  **********************
  
  Surcharging occurs when water rises above the top of the highest conduit.
  ---------------------------------------------------------------------
                                               Max. Height   Min. Depth
                                   Hours       Above Crown    Below Rim
  Node                 Type      Surcharged         Meters       Meters
  ---------------------------------------------------------------------
  9                    JUNCTION       23.99         47.331       50.869
  Holiloch_sonde       JUNCTION       23.99         44.464      153.636
  11                   JUNCTION       24.00         46.797      102.743
  13                   JUNCTION       23.99         45.247      351.753
  21                   JUNCTION       24.00         40.617      108.783
  34                   JUNCTION       24.00         19.188       80.212
  38                   JUNCTION       24.00         23.726      125.674
  40                   JUNCTION       24.00         16.793       79.207
  41                   JUNCTION       23.99         62.339      186.811
  SondeSchuettstein    JUNCTION       23.99         21.588        0.000
  47                   JUNCTION       23.98         11.786       86.314
  48                   JUNCTION       23.98          9.307       89.893
  SondeGischeren       JUNCTION       23.91         10.110       88.690
  49                   JUNCTION       23.96          6.040      185.960
  50                   JUNCTION       23.90          6.652      193.048
  51                   JUNCTION       24.00         63.046      332.954
  Amont_C              JUNCTION       24.00         98.030      298.970
  52                   JUNCTION       23.92         13.853       85.747
  53                   JUNCTION       23.97          9.349      185.651
  56                   JUNCTION       24.00          5.210       93.790
  4                    JUNCTION       23.99          8.556       90.794
  5                    JUNCTION       23.96          0.817       44.183
  6                    JUNCTION       23.98         15.926      179.074
  10                   JUNCTION       23.96          4.077      187.923
  12                   JUNCTION       23.99         15.517      184.133
  14                   JUNCTION       23.92          0.870      195.130
  Syst_Est_interm      JUNCTION       23.87         36.930       61.570
  
  
  *********************
  Node Flooding Summary
  *********************
  
  No nodes were flooded.
  
  
  ***********************
  Outfall Loading Summary
  ***********************
  
  -----------------------------------------------------------
                         Flow       Avg       Max       Total
                         Freq      Flow      Flow      Volume
  Outfall Node           Pcnt       CMS       CMS    10^6 ltr
  -----------------------------------------------------------
  Brunnm_Fassung        99.95    0.0322    0.0328       2.778
  Brunnmuehle(Teich)    99.95      0.35     0.353      30.202
  Fensterstollen        99.97      14.1      14.1    1213.877
  Gischeren              0.00         0         0       0.000
  Schuettstein          99.93      0.37     0.393      31.951
  Holiloch              99.87      5.47      5.52     471.697
  Sauserquelle          99.98     0.553     0.554      47.794
  Entw_Stollen          99.96    0.0258    0.0259       2.232
  Sous_lacustre         99.99    0.0357    0.0361       3.080
  Sous_ecoul.           99.95    0.0059   0.00605       0.510
  Syst_Est_aval         99.47     0.414      1.32      35.548
  TWT_Portail_Est_61+665  99.90     0.105     0.106       9.094
  -----------------------------------------------------------
  System                91.58      21.4      21.5    1848.763
  
  
  ********************
  Link Flow Summary
  ********************
  
  -----------------------------------------------------------------------------
                                 Maximum  Time of Max   Maximum    Max/    Max/
                                  |Flow|   Occurrence   |Veloc|    Full    Full
  Link                 Type          CMS  days hr:min     m/sec    Flow   Depth
  -----------------------------------------------------------------------------
  Brunn_Fassung_L      CONDUIT    0.0328     0  00:05      1.41    0.54    0.76
  11                   CONDUIT      12.1     0  00:00      6.95    1.81    1.00
  14                   CONDUIT      13.6     0  00:00      9.07    7.39    1.00
  16                   CONDUIT     0.248     0  00:02      2.90    1.73    1.00
  17                   CONDUIT     0.238     0  00:00      0.84    0.41    1.00
  26                   CONDUIT      4.84     0  00:00      8.56    6.55    1.00
  27                   CONDUIT    0.0707     0  00:03      1.86    0.91    1.00
  Gischeren_L          CONDUIT         0     0  00:00      0.00    0.00    0.00
  Schuettstein_L       CONDUIT     0.393     0  00:01      2.67    0.33    0.70
  Brunnmuehle_L        CONDUIT      0.39     0  00:05      1.38    0.18    1.00
  32                   CONDUIT         0     0  00:00      0.00    0.00    0.00
  35                   CONDUIT         0     0  00:00      0.00    0.00    0.50
  45                   CONDUIT     0.413     0  00:06      3.03    0.00    0.11
  46                   CONDUIT     0.554     0  00:05      1.96    0.55    1.00
  47                   CONDUIT     0.111     0  00:02      2.91    6.89    1.00
  50                   CONDUIT     0.463     0  00:01      1.61    0.09    1.00
  51                   CONDUIT    0.0412     0  00:01      0.49    0.12    1.00
  53                   CONDUIT     0.238     0  00:00      1.43    1.21    1.00
  Fenster_L            CONDUIT      14.1     0  00:07      9.81    0.14    0.26
  58                   CONDUIT      7.41     0  00:07      6.21    0.10    0.25
  59                   CONDUIT     0.267     0  00:06      2.87    0.00    0.04
  61                   CONDUIT     0.643     0  00:00      3.15    0.90    1.00
  63                   CONDUIT     0.154     0  00:02      2.13    0.69    0.52
  66                   CONDUIT      0.18     0  00:05      2.64    2.37    1.00
  67                   CONDUIT      21.4     0  00:00      5.55    0.21    1.00
  Amont_L              CONDUIT      38.2     0  00:00      5.40    2.07    1.00
  69                   CONDUIT     0.242     0  00:04      2.05    0.95    1.00
  70                   CONDUIT     0.199     0  00:05      1.59    0.62    1.00
  71                   CONDUIT     0.333     0  00:01      1.45    0.59    1.00
  72                   CONDUIT     0.266     0  00:07      1.40    1.26    0.77
  Sauser_L             CONDUIT     0.554     0  00:05      1.07    0.14    0.63
  75                   CONDUIT    0.0832     0  00:07      2.80    0.85    0.63
  Entw_Sto_L           CONDUIT    0.0259     0  00:07      1.77    0.60    0.56
  4                    CONDUIT    0.0216     0  00:07      1.22    0.97    0.77
  5                    CONDUIT    0.0216     0  00:07      1.02    0.77    0.78
  6                    CONDUIT    0.0361     0  00:05      1.41    0.54    0.76
  7                    CONDUIT     0.358     0  00:05      1.82    0.55    1.00
  Brunn_Teich_L        CONDUIT     0.353     0  00:05      1.48    0.27    0.68
  9                    CONDUIT   0.00605     0  00:05      1.52    0.00    0.50
  12                   CONDUIT      6.72     0  00:01      4.01    0.14    1.00
  15                   CONDUIT      9.28     0  00:00      5.06    0.24    1.00
  18                   CONDUIT      8.14     0  00:01      4.29    0.33    1.00
  19                   CONDUIT     0.927     0  00:01      1.23    0.88    1.00
  20                   CONDUIT      1.42     0  00:03      2.47    0.11    0.71
  21                   CONDUIT      5.77     0  00:02      0.71    0.04    0.83
  Hooliloch_L          CONDUIT      5.52     0  00:03      1.20    0.11    0.60
  23                   CONDUIT     0.143     0  00:05      3.20    0.90    0.62
  25                   CONDUIT     0.324     0  00:07      1.58    0.26    0.70
  28                   CONDUIT     0.146     0  00:06      2.38    0.00    0.03
  29                   CONDUIT    0.0235     0  00:06      0.65    0.00    0.03
  31                   CONDUIT         0     0  00:00      0.00    0.00    0.10
  33                   CONDUIT     0.714     0  00:02      0.79    0.27    1.00
  37                   CONDUIT     0.241     0  00:06      0.52    0.01    0.12
  SS3_L                CONDUIT     0.143     0  00:07      3.04    0.00    0.04
  40                   CONDUIT      1.49     0  00:03      1.23    0.01    0.14
  SS6_L                CONDUIT     0.154     0  00:02      3.98    0.00    0.05
  1                    CONDUIT         0     0  00:00      0.00    0.00    0.02
  2                    CONDUIT         0     0  00:00      0.00    0.00    0.00
  3                    CONDUIT    0.0832     0  00:07      4.28    0.01    0.07
  10                   CONDUIT     0.204     0  00:06      0.48    0.00    0.11
  13                   CONDUIT     0.363     0  00:00      4.13    0.79    1.00
  22                   CONDUIT     0.302     0  00:02      3.14    0.75    1.00
  24                   CONDUIT      1.79     0  00:05      2.57    0.00    1.00
  30                   CONDUIT      1.75     0  00:05      2.43    0.73    1.00
  34                   CONDUIT     0.412     0  00:03      2.02    0.46    0.80
  36                   CONDUIT     0.411     0  00:04      5.81    0.44    0.34
  38                   CONDUIT     0.257     0  00:03      2.47    0.10    1.00
  48                   CONDUIT      1.13     0  00:04      2.61    0.76    0.85
  54                   CONDUIT      1.32     0  00:07      1.08    0.25    0.65
  68                   CONDUIT     0.176     0  00:04      7.67    0.00    0.10
  73                   CONDUIT  0.000606     0  00:07      0.02    0.00    0.03
  TWT1                 CONDUIT     0.106     0  00:07      2.17    0.00    0.01
  TWT2                 CONDUIT     0.161     0  00:07      1.97    0.00    0.01
  TWT3                 CONDUIT     0.177     0  00:07      0.59    0.00    0.02
  TWT4                 CONDUIT      1.58     0  00:07      0.93    0.00    0.09
  1_2_b_               CONDUIT         0     0  00:00      0.00    0.00    0.05
  1_2_b_1              CONDUIT      2.15     0  00:02     13.41    8.27    1.00
  1_2_b_2              CONDUIT    0.0411     0  00:04      0.38    0.01    0.54
  TWT5                 CONDUIT      8.73     0  00:07      1.84    0.01    0.16
  1_4_a                CONDUIT      7.39     0  00:07      4.37    0.11    0.30
  1_4_a_1              CONDUIT      7.72     0  00:02     47.77   10.35    1.00
  TWT6                 CONDUIT      5.11     0  00:04      1.46    0.01    0.16
  1_4_b                CONDUIT     0.122     0  00:07      0.09    0.00    0.26
  TWT7                 CONDUIT         0     0  00:00      0.00    0.00    0.07
  1_5_a                CONDUIT         0     0  00:00      0.00    0.00    0.03
  1_6_b_2              CONDUIT      2.15     0  00:02     12.21    6.91    1.00
  1_7_a                CONDUIT      6.86     0  00:07      3.26    1.56    0.19
  1_7_a_               CONDUIT     0.195     0  00:04      3.93    0.01    0.33
  1_7_a__              CONDUIT      1.57     0  00:06      9.42    0.23    0.79
  
  
  ***************************
  Flow Classification Summary
  ***************************
  
  -------------------------------------------------------------------------------------
                      Adjusted    ---------- Fraction of Time in Flow Class ---------- 
                       /Actual         Up    Down  Sub   Sup   Up    Down  Norm  Inlet 
  Conduit               Length    Dry  Dry   Dry   Crit  Crit  Crit  Crit  Ltd   Ctrl  
  -------------------------------------------------------------------------------------
  Brunn_Fassung_L         1.00   0.00  0.00  0.00  0.00  1.00  0.00  0.00  0.00  0.00
  11                      1.00   0.00  0.00  0.00  1.00  0.00  0.00  0.00  0.00  0.00
  14                      1.00   0.00  0.00  0.00  1.00  0.00  0.00  0.00  0.00  0.00
  16                      1.00   0.00  0.00  0.00  1.00  0.00  0.00  0.00  0.00  0.00
  17                      1.00   0.00  0.00  0.00  1.00  0.00  0.00  0.00  0.00  0.00
  26                      1.00   0.00  0.00  0.00  1.00  0.00  0.00  0.00  0.00  0.00
  27                      1.00   0.00  0.00  0.00  1.00  0.00  0.00  0.00  0.00  0.00
  Gischeren_L             1.00   1.00  0.00  0.00  0.00  0.00  0.00  0.00  0.00  0.00
  Schuettstein_L          1.00   0.00  0.00  0.00  0.00  1.00  0.00  0.00  0.00  0.00
  Brunnmuehle_L           1.00   0.00  0.00  0.00  1.00  0.00  0.00  0.00  0.00  0.00
  32                      1.00   1.00  0.00  0.00  0.00  0.00  0.00  0.00  0.00  0.00
  35                      1.00   0.00  1.00  0.00  0.00  0.00  0.00  0.00  0.00  0.00
  45                      1.00   0.00  0.00  0.00  1.00  0.00  0.00  0.00  1.00  0.00
  46                      1.00   0.00  0.00  0.00  1.00  0.00  0.00  0.00  0.00  0.00
  47                      1.00   0.00  0.00  0.00  1.00  0.00  0.00  0.00  0.00  0.00
  50                      1.00   0.00  0.00  0.00  1.00  0.00  0.00  0.00  0.00  0.00
  51                      1.00   0.00  0.00  0.00  1.00  0.00  0.00  0.00  0.00  0.00
  53                      1.00   0.00  0.00  0.00  1.00  0.00  0.00  0.00  0.00  0.00
  Fenster_L               1.00   0.00  0.00  0.00  0.00  1.00  0.00  0.00  0.00  0.00
  58                      1.00   0.00  0.00  0.00  0.00  1.00  0.00  0.00  0.00  0.00
  59                      1.00   0.00  0.00  0.00  0.00  1.00  0.00  0.00  1.00  0.00
  61                      1.00   0.00  0.00  0.00  1.00  0.00  0.00  0.00  0.00  0.00
  63                      1.00   0.00  0.00  0.00  1.00  0.00  0.00  0.00  0.00  0.00
  66                      1.00   0.00  0.00  0.00  1.00  0.00  0.00  0.00  0.00  0.00
  67                      1.00   0.00  0.00  0.00  1.00  0.00  0.00  0.00  0.00  0.00
  Amont_L                 1.00   0.00  0.00  0.00  1.00  0.00  0.00  0.00  0.00  0.00
  69                      1.00   0.00  0.00  0.00  1.00  0.00  0.00  0.00  0.00  0.00
  70                      1.00   0.00  0.00  0.00  1.00  0.00  0.00  0.00  0.00  0.00
  71                      1.00   0.00  0.00  0.00  1.00  0.00  0.00  0.00  0.00  0.00
  72                      1.00   0.00  0.00  0.00  1.00  0.00  0.00  0.00  0.00  0.00
  Sauser_L                1.00   0.00  0.00  0.00  1.00  0.00  0.00  0.00  0.00  0.00
  75                      1.00   0.00  0.00  0.00  0.00  1.00  0.00  0.00  0.00  0.00
  Entw_Sto_L              1.00   0.00  0.00  0.00  0.00  1.00  0.00  0.00  0.00  0.00
  4                       1.00   0.00  0.00  0.00  1.00  0.00  0.00  0.00  0.00  0.00
  5                       1.00   0.00  0.00  0.00  1.00  0.00  0.00  0.00  0.00  0.00
  6                       1.00   0.00  0.00  0.00  0.00  1.00  0.00  0.00  0.00  0.00
  7                       1.00   0.00  0.00  0.00  1.00  0.00  0.00  0.00  0.00  0.00
  Brunn_Teich_L           1.00   0.00  0.00  0.00  1.00  0.00  0.00  0.00  0.00  0.00
  9                       1.00   0.00  0.00  0.00  0.00  1.00  0.00  0.00  0.00  0.00
  12                      1.00   0.00  0.00  0.00  1.00  0.00  0.00  0.00  0.00  0.00
  15                      1.00   0.00  0.00  0.00  1.00  0.00  0.00  0.00  0.00  0.00
  18                      1.00   0.00  0.00  0.00  1.00  0.00  0.00  0.00  0.00  0.00
  19                      1.00   0.00  0.00  0.00  1.00  0.00  0.00  0.00  0.00  0.00
  20                      1.00   0.00  0.00  0.00  1.00  0.00  0.00  0.00  0.00  0.00
  21                      1.00   0.00  0.00  0.00  1.00  0.00  0.00  0.00  0.00  0.00
  Hooliloch_L             1.00   0.00  0.00  0.00  1.00  0.00  0.00  0.00  0.00  0.00
  23                      1.00   0.00  0.00  0.00  0.00  1.00  0.00  0.00  0.00  0.00
  25                      1.00   0.00  0.00  0.00  1.00  0.00  0.00  0.00  0.00  0.00
  28                      1.00   0.00  0.00  0.00  0.00  1.00  0.00  0.00  0.00  0.00
  29                      1.00   0.00  0.00  0.00  1.00  0.00  0.00  0.00  1.00  0.00
  31                      1.00   0.00  1.00  0.00  0.00  0.00  0.00  0.00  0.00  0.00
  33                      1.00   0.00  0.00  0.00  1.00  0.00  0.00  0.00  0.00  0.00
  37                      1.00   0.00  0.00  0.00  1.00  0.00  0.00  0.00  0.00  0.00
  SS3_L                   1.00   0.00  0.00  0.00  0.00  1.00  0.00  0.00  1.00  0.00
  40                      1.00   0.00  0.00  0.00  1.00  0.00  0.00  0.00  0.00  0.00
  SS6_L                   1.00   0.00  0.00  0.00  0.00  1.00  0.00  0.00  1.00  0.00
  1                       1.00   0.00  1.00  0.00  0.00  0.00  0.00  0.00  0.00  0.00
  2                       1.00   1.00  0.00  0.00  0.00  0.00  0.00  0.00  0.00  0.00
  3                       1.00   0.00  0.00  0.00  0.00  1.00  0.00  0.00  1.00  0.00
  10                      1.00   0.00  0.00  0.00  1.00  0.00  0.00  0.00  1.00  0.00
  13                      1.00   0.00  0.00  0.00  1.00  0.00  0.00  0.00  0.00  0.00
  22                      1.00   0.00  0.00  0.00  1.00  0.00  0.00  0.00  0.00  0.00
  24                      1.00   0.00  0.00  0.00  1.00  0.00  0.00  0.00  0.00  0.00
  30                      1.00   0.00  0.00  0.00  1.00  0.00  0.00  0.00  0.00  0.00
  34                      1.00   0.00  0.00  0.00  1.00  0.00  0.00  0.00  0.00  0.00
  36                      1.00   0.00  0.00  0.00  0.00  1.00  0.00  0.00  0.00  0.00
  38                      1.00   0.00  0.00  0.00  1.00  0.00  0.00  0.00  0.00  0.00
  48                      1.00   0.00  0.00  0.00  1.00  0.00  0.00  0.00  0.00  0.00
  54                      1.00   0.00  0.01  0.00  0.99  0.00  0.00  0.00  0.00  0.00
  68                      1.00   0.00  0.00  0.00  1.00  0.00  0.00  0.00  1.00  0.00
  73                      1.00   0.00  0.01  0.00  0.99  0.00  0.00  0.00  0.99  0.00
  TWT1                    1.00   0.00  0.00  0.00  0.00  1.00  0.00  0.00  0.00  0.00
  TWT2                    1.00   0.00  0.00  0.00  0.00  1.00  0.00  0.00  0.00  0.00
  TWT3                    1.00   0.00  0.00  0.00  1.00  0.00  0.00  0.00  0.00  0.00
  TWT4                    1.00   0.00  0.00  0.00  1.00  0.00  0.00  0.00  1.00  0.00
  1_2_b_                  1.00   0.00  1.00  0.00  0.00  0.00  0.00  0.00  0.00  0.00
  1_2_b_1                 1.00   0.00  0.00  0.00  1.00  0.00  0.00  0.00  0.00  0.00
  1_2_b_2                 1.00   0.00  0.00  0.00  1.00  0.00  0.00  0.00  1.00  0.00
  TWT5                    1.00   0.00  0.00  0.00  1.00  0.00  0.00  0.00  0.00  0.00
  1_4_a                   1.00   0.00  0.00  0.00  0.00  1.00  0.00  0.00  0.00  0.00
  1_4_a_1                 1.00   0.00  0.00  0.00  1.00  0.00  0.00  0.00  0.00  0.00
  TWT6                    1.00   0.00  0.00  0.00  1.00  0.00  0.00  0.00  0.00  0.00
  1_4_b                   1.00   0.00  0.01  0.00  0.99  0.00  0.00  0.00  0.00  0.00
  TWT7                    1.00   0.00  1.00  0.00  0.00  0.00  0.00  0.00  0.00  0.00
  1_5_a                   1.00   0.00  1.00  0.00  0.00  0.00  0.00  0.00  0.00  0.00
  1_6_b_2                 1.00   0.00  0.00  0.00  1.00  0.00  0.00  0.00  0.00  0.00
  1_7_a                   1.00   0.00  0.00  0.00  0.00  1.00  0.00  0.00  0.00  0.00
  1_7_a_                  1.00   0.00  0.00  0.00  0.00  1.00  0.00  0.00  1.00  0.00
  1_7_a__                 1.00   0.00  0.00  0.00  0.00  1.00  0.00  0.00  0.00  0.00
  
  
  *************************
  Conduit Surcharge Summary
  *************************
  
  ----------------------------------------------------------------------------
                                                           Hours        Hours 
                         --------- Hours Full --------   Above Full   Capacity
  Conduit                Both Ends  Upstream  Dnstream   Normal Flow   Limited
  ----------------------------------------------------------------------------
  Brunn_Fassung_L             0.01      0.01     24.00      0.01         0.01
  11                         23.99     23.99     23.99      0.01         0.01
  14                         23.99     23.99     24.00     23.99         0.01
  16                         24.00     24.00     24.00     23.99        23.99
  17                         24.00     24.00     24.00      0.01         0.01
  26                         23.99     24.00     23.99      0.01         0.01
  27                         23.97     23.97     23.97      0.01         0.01
  Schuettstein_L              0.01      0.01     23.98      0.01         0.01
  Brunnmuehle_L              24.00     24.00     24.00      0.01         0.01
  46                         24.00     24.00     24.00      0.01         0.01
  47                         24.00     24.00     24.00     24.00        24.00
  50                         23.98     23.98     23.99      0.01         0.01
  51                         23.97     23.97     24.00      0.01         0.01
  53                         24.00     24.00     24.00     23.99         0.01
  61                         23.99     23.99     23.99      0.01         0.01
  63                          0.01     23.97      0.01      0.01         0.01
  66                         23.90     23.97     23.90     23.96        23.90
  67                         23.99     23.99     24.00      0.01         0.01
  Amont_L                    24.00     24.00     24.00     24.00         0.01
  69                         23.92     23.92     24.00      0.01         0.01
  70                         23.92     23.92     24.00      0.01         0.01
  71                         23.98     23.98     23.99      0.01         0.01
  72                          0.01     23.97      0.01     23.97         0.01
  Sauser_L                    0.01      0.01     24.00      0.01         0.01
  75                          0.01     23.97      0.01      0.01         0.01
  4                           0.01     23.97      0.01      0.01         0.01
  5                           0.01      0.01     24.00      0.01         0.01
  6                           0.01      0.01     24.00      0.01         0.01
  7                          23.99     23.99     24.00      0.01         0.01
  Brunn_Teich_L               0.01      0.01     23.99      0.01         0.01
  9                           0.01      0.01     23.99      0.01         0.01
  12                         23.98     23.98     23.98      0.01         0.01
  15                         23.99     23.99     23.99      0.01         0.01
  18                         23.98     23.98     23.98      0.01         0.01
  19                         23.97     23.97     23.98      0.01         0.01
  21                          0.01      0.01     23.96      0.01         0.01
  23                          0.01     23.90      0.01      0.01         0.01
  25                          0.01      0.01     23.99      0.01         0.01
  33                         23.96     23.96     23.96      0.01         0.01
  13                         23.99     23.99     24.00      0.01         0.01
  22                         23.99     23.99     24.00      0.01         0.01
  24                         23.92     23.92     24.00      0.01         0.01
  30                         23.92     23.92     24.00      0.01         0.01
  34                          0.01      0.01     23.99      0.01         0.01
  38                         23.87     23.87     23.92      0.01         0.01
  48                          0.01      0.01     23.91      0.01         0.01
  54                          0.01      0.01     23.87      0.01         0.01
  1_2_b_1                    23.98     24.00     23.98     24.00        23.98
  1_2_b_2                     0.01      0.01     23.98      0.01         0.01
  1_4_a_1                    23.99     24.00     23.99     24.00        23.99
  1_6_b_2                    23.99     24.00     23.99     24.00        23.99
  1_7_a                       0.01      0.01      0.01     23.93         0.01
  1_7_a__                     0.01      0.01     24.00      0.01         0.01
  

  Analysis begun on:  Tue Sep 29 15:02:28 2026
  Analysis ended on:  Tue Sep 29 15:02:31 2026
  Total elapsed time: 00:00:03