
  EPA STORM WATER MANAGEMENT MODEL - VERSION 5.2 (Build 5.2.4)
  ------------------------------------------------------------

  Brunnmuehle (Twann) 
  WARNING 08: elevation drop exceeds length for Conduit SS3_L
  WARNING 08: elevation drop exceeds length for Conduit SS6_L
  WARNING 08: elevation drop exceeds length for Conduit 2
  WARNING 08: elevation drop exceeds length for Conduit 3
  WARNING 08: elevation drop exceeds length for Conduit 68
  WARNING 08: elevation drop exceeds length for Conduit 1_2_b_
  WARNING 08: elevation drop exceeds length for Conduit 1_2_b_2
  WARNING 08: elevation drop exceeds length for Conduit 1_4_b
  WARNING 08: elevation drop exceeds length for Conduit 1_5_a
  WARNING 04: minimum elevation drop used for Conduit 1_7_a
  WARNING 08: elevation drop exceeds length for Conduit 1_7_a_
  WARNING 08: elevation drop exceeds length for Conduit 1_7_a__
  WARNING 02: maximum depth increased for Node 2
  
  ****************
  Analysis Options
  ****************
  Flow Units ............... CMS
  Process Models:
    Rainfall/Runoff ........ NO
    RDII ................... NO
    Snowmelt ............... NO
    Groundwater ............ NO
    Flow Routing ........... YES
    Ponding Allowed ........ NO
    Water Quality .......... NO
  Flow Routing Method ...... DYNWAVE
  Surcharge Method ......... EXTRAN
  Starting Date ............ 01/01/2000 00:00:00
  Ending Date .............. 01/02/2000 00:00:00
  Antecedent Dry Days ...... 0.0
  Report Time Step ......... 01:00:00
  Routing Time Step ........ 0.50 sec
  Variable Time Step ....... YES
  Maximum Trials ........... 8
  Number of Threads ........ 1
  Head Tolerance ........... 0.001500 m
  
  
  **************************        Volume        Volume
  Flow Routing Continuity        hectare-m      10^6 ltr
  **************************     ---------     ---------
  Dry Weather Inflow .......         0.000         0.000
  Wet Weather Inflow .......         0.000         0.000
  Groundwater Inflow .......         0.000         0.000
  RDII Inflow ..............         0.000         0.000
  External Inflow ..........       207.725      2077.272
  External Outflow .........       197.273      1972.752
  Flooding Loss ............         0.000         0.000
  Evaporation Loss .........         0.000         0.000
  Exfiltration Loss ........         0.000         0.000
  Initial Stored Volume ....         0.057         0.565
  Final Stored Volume ......         0.466         4.664
  Continuity Error (%) .....         4.833
  
  
  *************************
  Highest Continuity Errors
  *************************
  Node TWT_Intersection_Sonsto_60+345 (-12671.82%)
  Node TWT_Acces_LT_60+110 (86.96%)
  Node 2 (77.24%)
  Node TWT_Chrosweg_61+140 (24.06%)
  Node TWT_Fensterstollen_60+375 (14.19%)
  
  
  ***************************
  Time-Step Critical Elements
  ***************************
  Link 1_7_a_ (16569.78%)
  Link 20 (50.82%)
  Link 1_7_a_1 (6.16%)
  
  
  ********************************
  Highest Flow Instability Indexes
  ********************************
  All links are stable.
  
  
  *********************************
  Most Frequent Nonconverging Nodes
  *********************************
  Node Brunnm_Fassung (54.09%)
  Node Brunnmuehle(Teich) (54.09%)
  Node Fensterstollen (54.09%)
  Node Gischeren (54.09%)
  Node Schuettstein (54.09%)
  
  
  *************************
  Routing Time Step Summary
  *************************
  Minimum Time Step           :     0.50 sec
  Average Time Step           :     0.50 sec
  Maximum Time Step           :     0.50 sec
  % of Time in Steady State   :    99.40
  Average Iterations per Step :     6.63
  % of Steps Not Converging   :    54.09
  Time Step Frequencies       :
      0.500 -  0.500 sec      :   100.00 %
      0.500 -  0.500 sec      :     0.00 %
      0.500 -  0.500 sec      :     0.00 %
      0.500 -  0.500 sec      :     0.00 %
      0.500 -  0.500 sec      :     0.00 %
  
  
  ******************
  Node Depth Summary
  ******************
  
  ---------------------------------------------------------------------------------
                                 Average  Maximum  Maximum  Time of Max    Reported
                                   Depth    Depth      HGL   Occurrence   Max Depth
  Node                 Type       Meters   Meters   Meters  days hr:min      Meters
  ---------------------------------------------------------------------------------
  9                    JUNCTION    53.99    68.57   507.07     0  00:00       54.02
  Holiloch_sonde       JUNCTION    46.29    64.01   504.01     0  00:00       46.31
  11                   JUNCTION    31.26    35.25   445.25     0  00:00       31.26
  13                   JUNCTION    84.73    87.78   525.78     0  00:00       84.75
  21                   JUNCTION    39.14    41.27   441.27     0  00:02       39.15
  SonSto_F             JUNCTION     0.16     0.16   437.96     0  00:08        0.16
  Sondierstollen       JUNCTION     0.00     0.00   440.80     0  00:00        0.00
  Aval_Trappe          JUNCTION     0.37     0.37   437.97     0  00:08        0.37
  30                   JUNCTION     0.49     0.50   437.80     0  00:08        0.50
  Gischeren_node       JUNCTION     3.98     3.99   480.49     0  00:08        3.99
  34                   JUNCTION    18.23    19.97   439.97     0  00:02       18.23
  38                   JUNCTION    19.54    21.93   441.93     0  00:02       19.54
  SS6                  JUNCTION     0.07     0.07   448.07     0  00:02        0.07
  40                   JUNCTION    21.64    25.05   444.05     0  00:01       21.64
  41                   JUNCTION    84.49    94.83   532.33     0  00:00       84.51
  SondeSchuettstein    JUNCTION    26.31    28.24   487.24     0  00:00       26.33
  SS4                  JUNCTION     0.09     0.09   448.09     0  00:06        0.09
  47                   JUNCTION    15.56    20.83   485.73     0  00:00       15.57
  48                   JUNCTION    13.44    15.07   486.07     0  00:00       13.44
  SondeGischeren       JUNCTION    15.49    15.53   480.53     0  00:06       15.52
  49                   JUNCTION    16.52    18.48   484.48     0  00:02       16.54
  50                   JUNCTION     8.84     8.86   471.86     0  00:06        8.86
  51                   JUNCTION   103.55   108.10   528.10     0  00:00      103.58
  Amont_C              JUNCTION   108.63   141.12   559.12     0  00:00      108.66
  52                   JUNCTION    24.32    48.21   505.21     0  00:02       24.36
  53                   JUNCTION    50.15    51.90   518.90     0  00:06       50.26
  54                   JUNCTION    50.24    52.75   515.75     0  00:06       50.46
  56                   JUNCTION     6.25     6.72   436.72     0  00:01        6.25
  2                    JUNCTION     0.13     0.14   438.14     0  00:08        0.14
  4                    JUNCTION     8.47     9.25   437.25     0  00:02        8.47
  5                    JUNCTION     6.68     6.71   479.21     0  00:02        6.68
  6                    JUNCTION    24.73    31.13   489.13     0  00:00       24.74
  7                    JUNCTION     4.16     4.18   479.18     0  00:02        4.16
  SS3                  JUNCTION     0.08     0.08   448.08     0  00:08        0.08
  SS5                  JUNCTION     0.64     0.65   439.55     0  00:07        0.64
  8                    JUNCTION     6.75     6.77   480.77     0  00:06        6.77
  10                   JUNCTION    14.51    16.52   484.52     0  00:02       14.53
  SonSto_SS5           JUNCTION     0.14     0.15   439.45     0  00:06        0.14
  SonSto_SS3           JUNCTION     0.11     0.11   439.81     0  00:05        0.11
  SonSto_SS4           JUNCTION     0.09     0.09   439.49     0  00:06        0.09
  Amont_Trappe         JUNCTION     0.28     0.28   437.98     0  00:08        0.28
  SonSto_SS6           JUNCTION     0.14     0.14   438.84     0  00:07        0.14
  SS2                  JUNCTION     0.00     0.00   448.00     0  00:00        0.00
  SonSto_SS2           JUNCTION     0.00     0.00   441.50     0  00:00        0.00
  12                   JUNCTION    35.86    41.42   490.42     0  00:00       35.87
  14                   JUNCTION    28.70    36.80   501.80     0  00:01       28.72
  15                   JUNCTION     0.52     0.52   472.52     0  00:02        0.52
  TWT_PointHaut_60+650 JUNCTION     0.22     0.22   438.72     0  00:08        0.22
  TWT_Fensterstollen_60+375 JUNCTION     0.79     0.80   438.10     0  00:08        0.80
  TWT_Acces_LT_60+110  JUNCTION     0.64     0.64   438.14     0  00:08        0.64
  TWT_Liaison_LT_59+738 JUNCTION     0.00     0.00   446.50     0  00:00        0.00
  Syst_Est_amont       JUNCTION     9.16    21.92   451.92     0  00:06        9.20
  Syst_Est_interm      JUNCTION    20.58    87.60   497.60     0  00:06       20.66
  TWT_Branche_Est_Sonsto_60+540 JUNCTION     0.48     0.58   438.98     0  00:01        0.48
  TWT_Intersection_Sonsto_60+345 JUNCTION     0.96     1.13   438.13     0  00:07        0.97
  TWT_Chrosweg_61+140  JUNCTION     0.17     0.17   432.17     0  00:08        0.17
  SonSto_F_sup         JUNCTION     0.05     0.05   448.05     0  00:02        0.05
  SonSto_porte         JUNCTION     0.00     0.00   438.50     0  00:00        0.00
  Brunnm_Fassung       OUTFALL      0.09     0.10   433.90     0  00:02        0.09
  Brunnmuehle(Teich)   OUTFALL      0.21     0.22   435.72     0  00:02        0.21
  Fensterstollen       OUTFALL      0.45     0.47   437.47     0  00:06        0.45
  Gischeren            OUTFALL      0.25     0.25   480.25     0  00:08        0.25
  Schuettstein         OUTFALL      0.33     0.33   477.88     0  00:02        0.33
  Holiloch             OUTFALL      2.07     2.08   478.58     0  00:02        2.07
  Sauserquelle         OUTFALL      0.27     0.27   435.82     0  00:01        0.27
  Entw_Stollen         OUTFALL      0.13     0.13   436.63     0  00:08        0.13
  Sous_lacustre        OUTFALL      0.10     0.10   429.30     0  00:02        0.10
  Sous_ecoul.          OUTFALL      0.00     0.00   433.00     0  00:02        0.00
  Syst_Est_aval        OUTFALL      0.43     0.58   429.58     0  00:06        0.44
  TWT_Portail_Est_61+665 OUTFALL      0.17     0.17   421.77     0  00:08        0.17
  
  
  *******************
  Node Inflow Summary
  *******************
  
  -------------------------------------------------------------------------------------------------
                                  Maximum  Maximum                  Lateral       Total        Flow
                                  Lateral    Total  Time of Max      Inflow      Inflow     Balance
                                   Inflow   Inflow   Occurrence      Volume      Volume       Error
  Node                 Type           CMS      CMS  days hr:min    10^6 ltr    10^6 ltr     Percent
  -------------------------------------------------------------------------------------------------
  9                    JUNCTION         0     20.5     0  00:00           0    1.23e+03       0.010
  Holiloch_sonde       JUNCTION         0       18     0  00:00           0    1.17e+03       0.007
  11                   JUNCTION         0     0.41     0  00:00           0        35.2      -0.000
  13                   JUNCTION         0     22.8     0  00:00           0    1.67e+03       0.017
  21                   JUNCTION         0    0.379     0  00:02           0        30.3       0.001
  SonSto_F             JUNCTION         0    0.874     0  00:07           0        73.4       0.661
  Sondierstollen       JUNCTION         0        0     0  00:00           0           0       0.000 ltr
  Aval_Trappe          JUNCTION         0     1.85     0  00:08           0         160       0.774
  30                   JUNCTION         0     5.54     0  00:08           0         477      12.024
  Gischeren_node       JUNCTION         0    0.795     0  00:05           0        65.3       0.116
  34                   JUNCTION         0    0.347     0  00:02           0        27.5       0.001
  38                   JUNCTION         0    0.194     0  00:00           0        7.05       0.002
  SS6                  JUNCTION         0    0.175     0  00:02           0        14.3       0.001
  40                   JUNCTION         0     2.89     0  00:02           0         247       0.000
  41                   JUNCTION         0     5.99     0  00:00           0        77.5       0.023
  SondeSchuettstein    JUNCTION         0     1.08     0  00:00           0        77.5       0.016
  SS4                  JUNCTION         0    0.168     0  00:06           0        14.4       0.000
  47                   JUNCTION         0     14.5     0  00:00           0    1.16e+03       0.003
  48                   JUNCTION         0    0.998     0  00:00           0        77.4       0.008
  SondeGischeren       JUNCTION         0    0.551     0  00:02           0        37.8       0.134
  49                   JUNCTION         0     1.22     0  00:01           0        14.4       0.405
  50                   JUNCTION         0    0.182     0  00:02           0        13.6       0.017
  51                   JUNCTION         0     40.1     0  00:00           0    1.98e+03       0.002
  Amont_C              JUNCTION      22.9     46.8     0  00:00    1.98e+03    1.98e+03       0.014
  52                   JUNCTION         0    0.367     0  00:02           0        23.3       0.094
  53                   JUNCTION         0    0.614     0  00:00           0        17.7       0.067
  54                   JUNCTION         0     0.49     0  00:06           0        17.7       0.643
  56                   JUNCTION         0    0.653     0  00:01           0        52.8       0.001
  2                    JUNCTION         0     0.18     0  00:08           0        14.1     339.378
  4                    JUNCTION         0    0.321     0  00:02           0        25.1       0.023
  5                    JUNCTION         0     13.8     0  00:02           0    1.16e+03       0.022
  6                    JUNCTION         0     16.1     0  00:00           0    1.17e+03       0.013
  7                    JUNCTION         0     14.3     0  00:01           0    1.16e+03       0.041
  SS3                  JUNCTION         0    0.158     0  00:08           0        13.6       0.003
  SS5                  JUNCTION         0    0.366     0  00:06           0        31.4       0.026
  8                    JUNCTION         0    0.949     0  00:03           0        79.1       0.094
  10                   JUNCTION         0     1.01     0  00:01           0        14.3       0.140
  SonSto_SS5           JUNCTION         0      0.4     0  00:07           0        34.3      -0.031
  SonSto_SS3           JUNCTION         0    0.158     0  00:08           0        13.6       0.014
  SonSto_SS4           JUNCTION         0    0.328     0  00:06           0          28       0.001
  Amont_Trappe         JUNCTION         0    0.871     0  00:07           0          69       0.002
  SonSto_SS6           JUNCTION         0     0.58     0  00:07           0        48.6       0.020
  SS2                  JUNCTION         0        0     0  00:00           0           0       0.000 ltr
  SonSto_SS2           JUNCTION         0        0     0  00:00           0           0       0.000 ltr
  12                   JUNCTION         0    0.517     0  00:00           0        34.4       0.012
  14                   JUNCTION         0     2.99     0  00:01           0         200       0.024
  15                   JUNCTION         0    0.712     0  00:02           0        60.1       0.046
  TWT_PointHaut_60+650 JUNCTION         0     1.72     0  00:06           0        97.7      -1.377
  TWT_Fensterstollen_60+375 JUNCTION         0     7.11     0  00:08           0         473      16.533
  TWT_Acces_LT_60+110  JUNCTION         0     2.35     0  00:05           0        77.4     666.806
  TWT_Liaison_LT_59+738 JUNCTION         0        0     0  00:00           0           0       0.000 ltr
  Syst_Est_amont       JUNCTION      1.15     1.52     0  00:04        98.9          99       0.136
  Syst_Est_interm      JUNCTION         0     1.51     0  00:05           0        84.1       0.472
  TWT_Branche_Est_Sonsto_60+540 JUNCTION         0      5.6     0  00:06           0         480       0.597
  TWT_Intersection_Sonsto_60+345 JUNCTION         0     5.09     0  00:02           0       0.962     -99.217
  TWT_Chrosweg_61+140  JUNCTION         0     1.15     0  00:08           0          99      31.681
  SonSto_F_sup         JUNCTION         0    0.697     0  00:02           0        60.1       0.001
  SonSto_porte         JUNCTION         0        0     0  00:00           0           0       0.000 ltr
  Brunnm_Fassung       OUTFALL          0   0.0313     0  00:02           0        2.39       0.000
  Brunnmuehle(Teich)   OUTFALL          0    0.318     0  00:02           0        24.6       0.000
  Fensterstollen       OUTFALL          0     5.44     0  00:06           0         426       0.000
  Gischeren            OUTFALL          0    0.758     0  00:08           0        65.2       0.000
  Schuettstein         OUTFALL          0    0.913     0  00:02           0        77.4       0.000
  Holiloch             OUTFALL          0     13.6     0  00:02           0    1.16e+03       0.000
  Sauserquelle         OUTFALL          0     0.64     0  00:01           0        52.8       0.000
  Entw_Stollen         OUTFALL          0   0.0373     0  00:08           0         3.2       0.000
  Sous_lacustre        OUTFALL          0   0.0349     0  00:02           0         2.8       0.000
  Sous_ecoul.          OUTFALL          0   0.0062     0  00:02           0       0.491       0.000
  Syst_Est_aval        OUTFALL          0     1.67     0  00:06           0        83.7       0.000
  TWT_Portail_Est_61+665 OUTFALL          0    0.874     0  00:08           0        75.2       0.000
  
  
  **********************
  Node Surcharge Summary
  **********************
  
  Surcharging occurs when water rises above the top of the highest conduit.
  ---------------------------------------------------------------------
                                               Max. Height   Min. Depth
                                   Hours       Above Crown    Below Rim
  Node                 Type      Surcharged         Meters       Meters
  ---------------------------------------------------------------------
  9                    JUNCTION       23.99         66.768       31.432
  Holiloch_sonde       JUNCTION       23.99         62.110      135.990
  11                   JUNCTION       24.00         34.749      114.751
  13                   JUNCTION       23.99         84.780      312.220
  21                   JUNCTION       24.00         40.666      108.734
  34                   JUNCTION       24.00         19.371       80.029
  38                   JUNCTION       24.00         21.327      128.073
  40                   JUNCTION       24.00         21.054       74.946
  41                   JUNCTION       23.99         93.978      155.172
  SondeSchuettstein    JUNCTION       23.99         27.440        0.000
  47                   JUNCTION       23.99         18.935       79.165
  48                   JUNCTION       23.99         14.266       84.934
  SondeGischeren       JUNCTION       23.96         14.325       84.475
  49                   JUNCTION       23.97         10.475      181.525
  50                   JUNCTION       23.96          8.564      191.136
  51                   JUNCTION       24.00        104.099      291.901
  Amont_C              JUNCTION       24.00        138.121      258.879
  52                   JUNCTION       23.96         47.812       51.788
  53                   JUNCTION       23.99         46.895      148.105
  54                   JUNCTION       23.89         47.747      147.253
  56                   JUNCTION       24.00          5.717       93.283
  4                    JUNCTION       23.99          8.603       90.747
  5                    JUNCTION       23.98          1.714       43.286
  6                    JUNCTION       23.99         26.134      168.866
  8                    JUNCTION       23.91          1.771      193.229
  10                   JUNCTION       23.97          8.522      183.478
  12                   JUNCTION       23.99         41.071      158.579
  14                   JUNCTION       23.98         32.804      163.196
  Syst_Est_amont       JUNCTION       23.89         20.916       78.084
  Syst_Est_interm      JUNCTION       23.90         86.105       12.395
  
  
  *********************
  Node Flooding Summary
  *********************
  
  No nodes were flooded.
  
  
  ***********************
  Outfall Loading Summary
  ***********************
  
  -----------------------------------------------------------
                         Flow       Avg       Max       Total
                         Freq      Flow      Flow      Volume
  Outfall Node           Pcnt       CMS       CMS    10^6 ltr
  -----------------------------------------------------------
  Brunnm_Fassung        99.95    0.0277    0.0313       2.391
  Brunnmuehle(Teich)    99.95     0.285     0.318      24.650
  Fensterstollen        99.95      4.93      5.44     425.833
  Gischeren             99.62     0.758     0.758      65.246
  Schuettstein          99.95     0.897     0.913      77.440
  Holiloch              99.92      13.4      13.6    1158.994
  Sauserquelle          99.98     0.611      0.64      52.769
  Entw_Stollen          99.93    0.0371    0.0373       3.203
  Sous_lacustre        100.00    0.0324    0.0349       2.797
  Sous_ecoul.           99.95   0.00569    0.0062       0.491
  Syst_Est_aval         99.57     0.973      1.67      83.734
  TWT_Portail_Est_61+665  99.96     0.871     0.874      75.195
  -----------------------------------------------------------
  System                99.89      22.9        23    1972.743
  
  
  ********************
  Link Flow Summary
  ********************
  
  -----------------------------------------------------------------------------
                                 Maximum  Time of Max   Maximum    Max/    Max/
                                  |Flow|   Occurrence   |Veloc|    Full    Full
  Link                 Type          CMS  days hr:min     m/sec    Flow   Depth
  -----------------------------------------------------------------------------
  Brunn_Fassung_L      CONDUIT    0.0313     0  00:02      1.36    0.52    0.76
  11                   CONDUIT        18     0  00:00      9.13    2.68    1.00
  14                   CONDUIT      20.5     0  00:00     13.88   11.15    1.00
  16                   CONDUIT      0.41     0  00:00      4.80    2.86    1.00
  17                   CONDUIT     0.194     0  00:00      0.69    0.33    1.00
  26                   CONDUIT      5.99     0  00:00     11.06    8.12    1.00
  27                   CONDUIT    0.0475     0  00:08      1.39    0.61    0.86
  Gischeren_L          CONDUIT     0.758     0  00:08      1.06    0.10    0.61
  Schuettstein_L       CONDUIT     0.913     0  00:02      5.23    0.78    0.83
  Brunnmuehle_L        CONDUIT     0.347     0  00:02      1.23    0.16    1.00
  32                   CONDUIT         0     0  00:00      0.00    0.00    0.00
  35                   CONDUIT     0.383     0  00:04      0.47    0.07    1.00
  45                   CONDUIT     0.588     0  00:07      5.55    0.00    0.05
  46                   CONDUIT     0.653     0  00:01      2.31    0.65    1.00
  47                   CONDUIT      0.15     0  00:00      3.96    9.38    1.00
  50                   CONDUIT     0.998     0  00:00      3.76    0.19    1.00
  51                   CONDUIT    0.0959     0  00:01      1.16    0.27    1.00
  53                   CONDUIT     0.194     0  00:00      1.16    0.98    1.00
  Fenster_L            CONDUIT      5.44     0  00:06      7.61    0.05    0.16
  58                   CONDUIT      1.84     0  00:08      3.21    0.02    0.14
  59                   CONDUIT     0.414     0  00:07      3.34    0.00    0.05
  61                   CONDUIT      1.08     0  00:00      5.48    1.52    1.00
  63                   CONDUIT     0.175     0  00:02      2.41    0.79    0.52
  66                   CONDUIT     0.182     0  00:02      2.79    2.40    1.00
  67                   CONDUIT      22.8     0  00:00      5.43    0.23    1.00
  Amont_L              CONDUIT      40.1     0  00:00      5.67    2.17    1.00
  69                   CONDUIT     0.367     0  00:02      3.09    1.44    1.00
  70                   CONDUIT     0.271     0  00:02      2.16    0.84    1.00
  71                   CONDUIT     0.614     0  00:00      2.75    1.08    1.00
  72                   CONDUIT      0.49     0  00:06      2.26    2.33    1.00
  Sauser_L             CONDUIT      0.64     0  00:01      1.21    0.16    0.64
  75                   CONDUIT     0.168     0  00:06      4.88    1.71    0.68
  Entw_Sto_L           CONDUIT    0.0373     0  00:08      1.86    0.86    0.73
  4                    CONDUIT    0.0369     0  00:08      1.89    1.65    0.86
  5                    CONDUIT   0.00977     0  00:08      0.48    0.35    0.88
  6                    CONDUIT    0.0349     0  00:02      1.37    0.52    0.76
  7                    CONDUIT     0.321     0  00:02      1.64    0.50    1.00
  Brunn_Teich_L        CONDUIT     0.318     0  00:02      1.35    0.24    0.67
  9                    CONDUIT    0.0062     0  00:02      1.56    0.00    0.50
  12                   CONDUIT      13.8     0  00:02      7.40    0.28    1.00
  15                   CONDUIT      16.1     0  00:00      7.75    0.42    1.00
  18                   CONDUIT      14.5     0  00:00      7.21    0.58    1.00
  19                   CONDUIT      1.22     0  00:01      1.61    1.16    1.00
  20                   CONDUIT     0.889     0  00:07      5.25    0.07    0.32
  21                   CONDUIT      14.3     0  00:01      1.27    0.09    0.92
  Hooliloch_L          CONDUIT      13.6     0  00:02      1.90    0.27    0.76
  23                   CONDUIT     0.158     0  00:08      3.37    0.99    0.63
  25                   CONDUIT     0.949     0  00:03      3.28    0.77    1.00
  28                   CONDUIT      0.16     0  00:06      2.44    0.00    0.03
  29                   CONDUIT    0.0339     0  00:06      0.62    0.00    0.04
  31                   CONDUIT     0.544     0  00:05      0.85    0.33    0.90
  33                   CONDUIT      1.01     0  00:01      0.93    0.38    1.00
  37                   CONDUIT     0.367     0  00:07      0.67    0.01    0.13
  SS3_L                CONDUIT     0.158     0  00:08      3.05    0.00    0.05
  40                   CONDUIT     0.871     0  00:07      2.29    0.01    0.05
  SS6_L                CONDUIT     0.175     0  00:02      4.19    0.00    0.05
  1                    CONDUIT         0     0  00:00      0.00    0.00    0.02
  2                    CONDUIT         0     0  00:00      0.00    0.00    0.00
  3                    CONDUIT     0.168     0  00:06      4.96    0.02    0.09
  10                   CONDUIT     0.294     0  00:06      0.60    0.00    0.12
  13                   CONDUIT     0.517     0  00:00      6.16    1.12    1.00
  22                   CONDUIT     0.402     0  00:02      4.18    1.00    1.00
  24                   CONDUIT      2.99     0  00:01      4.52    0.00    1.00
  30                   CONDUIT      2.34     0  00:02      3.25    0.98    1.00
  34                   CONDUIT     0.712     0  00:02      3.07    0.80    0.97
  36                   CONDUIT     0.697     0  00:02      5.99    0.74    0.52
  38                   CONDUIT     0.551     0  00:02      3.12    0.21    1.00
  48                   CONDUIT      1.51     0  00:05      2.64    1.02    1.00
  54                   CONDUIT      1.67     0  00:06      1.27    0.32    0.70
  68                   CONDUIT     0.288     0  00:02      9.46    0.00    0.03
  73                   CONDUIT         0     0  00:00      0.00    0.00    0.03
  TWT1                 CONDUIT     0.874     0  00:08      3.29    0.00    0.02
  TWT2                 CONDUIT      1.15     0  00:08      3.46    0.00    0.02
  1_1_b_1              CONDUIT     0.636     0  00:06      4.44    0.51    0.72
  TWT3                 CONDUIT       1.2     0  00:02      1.77    0.00    0.04
  TWT4                 CONDUIT      5.59     0  00:02      4.19    0.01    0.08
  1_2_b_               CONDUIT         0     0  00:00      0.00    0.00    0.10
  1_2_b_2              CONDUIT    0.0713     0  00:02      1.66    0.02    0.55
  TWT5                 CONDUIT      4.98     0  00:02      3.93    0.01    0.11
  1_4_a                CONDUIT      1.05     0  00:08      1.09    0.02    0.19
  TWT6                 CONDUIT         2     0  00:05      0.84    0.01    0.11
  1_4_b                CONDUIT         0     0  00:00      0.00    0.00    0.19
  TWT7                 CONDUIT         0     0  00:00      0.00    0.00    0.04
  1_5_a                CONDUIT         0     0  00:00      0.00    0.00    0.03
  1_6_a_1              CONDUIT     0.326     0  00:05      2.34    0.22    1.00
  1_7_a                CONDUIT      3.79     0  00:06      2.83    0.86    0.13
  1_7_a_               CONDUIT     0.338     0  00:02      3.24    0.02    0.55
  1_7_a__              CONDUIT      2.19     0  00:02     11.21    0.32    1.00
  1_7_a_1              CONDUIT      3.11     0  00:01     17.31   15.81    1.00
  1_8_a                CONDUIT     0.135     0  00:08      0.68    0.00    0.08
  
  
  ***************************
  Flow Classification Summary
  ***************************
  
  -------------------------------------------------------------------------------------
                      Adjusted    ---------- Fraction of Time in Flow Class ---------- 
                       /Actual         Up    Down  Sub   Sup   Up    Down  Norm  Inlet 
  Conduit               Length    Dry  Dry   Dry   Crit  Crit  Crit  Crit  Ltd   Ctrl  
  -------------------------------------------------------------------------------------
  Brunn_Fassung_L         1.00   0.00  0.00  0.00  0.00  1.00  0.00  0.00  0.00  0.00
  11                      1.00   0.00  0.00  0.00  1.00  0.00  0.00  0.00  0.00  0.00
  14                      1.00   0.00  0.00  0.00  1.00  0.00  0.00  0.00  0.00  0.00
  16                      1.00   0.00  0.00  0.00  1.00  0.00  0.00  0.00  0.00  0.00
  17                      1.00   0.00  0.00  0.00  1.00  0.00  0.00  0.00  0.00  0.00
  26                      1.00   0.00  0.00  0.00  1.00  0.00  0.00  0.00  0.00  0.00
  27                      1.00   0.00  0.00  0.00  1.00  0.00  0.00  0.00  0.00  0.00
  Gischeren_L             1.00   0.00  0.00  0.00  1.00  0.00  0.00  0.00  0.00  0.00
  Schuettstein_L          1.00   0.00  0.00  0.00  0.00  1.00  0.00  0.00  0.00  0.00
  Brunnmuehle_L           1.00   0.00  0.00  0.00  1.00  0.00  0.00  0.00  0.00  0.00
  32                      1.00   1.00  0.00  0.00  0.00  0.00  0.00  0.00  0.00  0.00
  35                      1.00   0.00  0.00  0.00  1.00  0.00  0.00  0.00  0.00  0.00
  45                      1.00   0.00  0.00  0.00  0.00  1.00  0.00  0.00  1.00  0.00
  46                      1.00   0.00  0.00  0.00  1.00  0.00  0.00  0.00  0.00  0.00
  47                      1.00   0.00  0.00  0.00  1.00  0.00  0.00  0.00  0.00  0.00
  50                      1.00   0.00  0.00  0.00  1.00  0.00  0.00  0.00  0.00  0.00
  51                      1.00   0.00  0.00  0.00  1.00  0.00  0.00  0.00  0.00  0.00
  53                      1.00   0.00  0.00  0.00  1.00  0.00  0.00  0.00  0.00  0.00
  Fenster_L               1.00   0.00  0.00  0.00  0.00  1.00  0.00  0.00  0.00  0.00
  58                      1.00   0.00  0.00  0.00  0.00  1.00  0.00  0.00  0.00  0.00
  59                      1.00   0.00  0.00  0.00  0.00  1.00  0.00  0.00  0.00  0.00
  61                      1.00   0.00  0.00  0.00  1.00  0.00  0.00  0.00  0.00  0.00
  63                      1.00   0.00  0.00  0.00  1.00  0.00  0.00  0.00  0.00  0.00
  66                      1.00   0.00  0.00  0.00  1.00  0.00  0.00  0.00  0.00  0.00
  67                      1.00   0.00  0.00  0.00  1.00  0.00  0.00  0.00  0.00  0.00
  Amont_L                 1.00   0.00  0.00  0.00  1.00  0.00  0.00  0.00  0.00  0.00
  69                      1.00   0.00  0.00  0.00  1.00  0.00  0.00  0.00  0.00  0.00
  70                      1.00   0.00  0.00  0.00  1.00  0.00  0.00  0.00  0.00  0.00
  71                      1.00   0.00  0.00  0.00  1.00  0.00  0.00  0.00  0.00  0.00
  72                      1.00   0.00  0.00  0.00  1.00  0.00  0.00  0.00  0.00  0.00
  Sauser_L                1.00   0.00  0.00  0.00  1.00  0.00  0.00  0.00  0.00  0.00
  75                      1.00   0.00  0.00  0.00  0.00  1.00  0.00  0.00  0.00  0.00
  Entw_Sto_L              1.00   0.00  0.00  0.00  0.00  1.00  0.00  0.00  0.00  0.00
  4                       1.00   0.00  0.00  0.00  0.00  1.00  0.00  0.00  0.00  0.00
  5                       1.00   0.00  0.00  0.00  1.00  0.00  0.00  0.00  0.00  0.00
  6                       1.00   0.00  0.00  0.00  0.00  1.00  0.00  0.00  0.00  0.00
  7                       1.00   0.00  0.00  0.00  1.00  0.00  0.00  0.00  0.00  0.00
  Brunn_Teich_L           1.00   0.00  0.00  0.00  1.00  0.00  0.00  0.00  0.00  0.00
  9                       1.00   0.00  0.00  0.00  0.00  1.00  0.00  0.00  0.00  0.00
  12                      1.00   0.00  0.00  0.00  1.00  0.00  0.00  0.00  0.00  0.00
  15                      1.00   0.00  0.00  0.00  1.00  0.00  0.00  0.00  0.00  0.00
  18                      1.00   0.00  0.00  0.00  1.00  0.00  0.00  0.00  0.00  0.00
  19                      1.00   0.00  0.00  0.00  1.00  0.00  0.00  0.00  0.00  0.00
  20                      1.00   0.00  0.00  0.00  0.00  1.00  0.00  0.00  0.00  0.00
  21                      1.00   0.00  0.00  0.00  1.00  0.00  0.00  0.00  0.00  0.00
  Hooliloch_L             1.00   0.00  0.00  0.00  1.00  0.00  0.00  0.00  0.00  0.00
  23                      1.00   0.00  0.00  0.00  0.00  1.00  0.00  0.00  0.00  0.00
  25                      1.00   0.00  0.00  0.00  1.00  0.00  0.00  0.00  0.00  0.00
  28                      1.00   0.00  0.00  0.00  0.00  1.00  0.00  0.00  0.00  0.00
  29                      1.00   0.00  0.00  0.00  1.00  0.00  0.00  0.00  1.00  0.00
  31                      1.00   0.00  0.00  0.00  1.00  0.00  0.00  0.00  0.00  0.00
  33                      1.00   0.00  0.00  0.00  1.00  0.00  0.00  0.00  0.00  0.00
  37                      1.00   0.00  0.00  0.00  1.00  0.00  0.00  0.00  0.00  0.00
  SS3_L                   1.00   0.00  0.00  0.00  0.00  1.00  0.00  0.00  1.00  0.00
  40                      1.00   0.00  0.00  0.00  1.00  0.00  0.00  0.00  0.00  0.00
  SS6_L                   1.00   0.00  0.00  0.00  0.00  1.00  0.00  0.00  1.00  0.00
  1                       1.00   0.00  1.00  0.00  0.00  0.00  0.00  0.00  0.00  0.00
  2                       1.00   1.00  0.00  0.00  0.00  0.00  0.00  0.00  0.00  0.00
  3                       1.00   0.00  0.00  0.00  0.00  1.00  0.00  0.00  1.00  0.00
  10                      1.00   0.00  0.00  0.00  1.00  0.00  0.00  0.00  1.00  0.00
  13                      1.00   0.00  0.00  0.00  1.00  0.00  0.00  0.00  0.00  0.00
  22                      1.00   0.00  0.00  0.00  1.00  0.00  0.00  0.00  0.00  0.00
  24                      1.00   0.00  0.00  0.00  1.00  0.00  0.00  0.00  0.00  0.00
  30                      1.00   0.00  0.00  0.00  1.00  0.00  0.00  0.00  0.00  0.00
  34                      1.00   0.00  0.00  0.00  1.00  0.00  0.00  0.00  0.00  0.00
  36                      1.00   0.00  0.00  0.00  0.00  1.00  0.00  0.00  0.00  0.00
  38                      1.00   0.00  0.00  0.00  1.00  0.00  0.00  0.00  0.00  0.00
  48                      1.00   0.00  0.00  0.00  1.00  0.00  0.00  0.00  0.00  0.00
  54                      1.00   0.00  0.00  0.00  1.00  0.00  0.00  0.00  0.00  0.00
  68                      1.00   0.00  0.00  0.00  0.00  1.00  0.00  0.00  1.00  0.00
  73                      1.00   0.00  1.00  0.00  0.00  0.00  0.00  0.00  0.00  0.00
  TWT1                    1.00   0.00  0.00  0.00  0.00  1.00  0.00  0.00  0.00  0.00
  TWT2                    1.00   0.00  0.00  0.00  0.00  1.00  0.00  0.00  0.00  0.00
  1_1_b_1                 1.00   0.00  0.00  0.00  1.00  0.00  0.00  0.00  0.00  0.00
  TWT3                    1.00   0.00  0.00  0.00  1.00  0.00  0.00  0.00  0.00  0.00
  TWT4                    1.00   0.00  0.00  0.00  0.00  1.00  0.00  0.00  1.00  0.00
  1_2_b_                  1.00   0.00  1.00  0.00  0.00  0.00  0.00  0.00  0.00  0.00
  1_2_b_2                 1.00   0.00  0.00  0.00  1.00  0.00  0.00  0.00  1.00  0.00
  TWT5                    1.00   0.00  0.00  0.00  1.00  0.00  0.00  0.00  0.00  0.00
  1_4_a                   1.00   0.00  0.00  0.00  1.00  0.00  0.00  0.00  0.00  0.00
  TWT6                    1.00   0.00  0.00  0.00  1.00  0.00  0.00  0.00  0.00  0.00
  1_4_b                   1.00   0.00  1.00  0.00  0.00  0.00  0.00  0.00  0.00  0.00
  TWT7                    1.00   0.00  1.00  0.00  0.00  0.00  0.00  0.00  0.00  0.00
  1_5_a                   1.00   0.00  1.00  0.00  0.00  0.00  0.00  0.00  0.00  0.00
  1_6_a_1                 1.00   0.00  0.00  0.00  1.00  0.00  0.00  0.00  0.00  0.00
  1_7_a                   1.00   0.00  0.00  0.00  0.00  1.00  0.00  0.00  0.00  0.00
  1_7_a_                  1.00   0.00  0.00  0.00  0.00  1.00  0.00  0.00  1.00  0.00
  1_7_a__                 1.00   0.00  0.00  0.00  0.00  1.00  0.00  0.00  0.00  0.00
  1_7_a_1                 1.00   0.00  0.00  0.00  0.00  1.00  0.00  0.00  0.00  0.00
  1_8_a                   1.00   0.00  0.00  0.00  1.00  0.00  0.00  0.00  0.00  0.00
  
  
  *************************
  Conduit Surcharge Summary
  *************************
  
  ----------------------------------------------------------------------------
                                                           Hours        Hours 
                         --------- Hours Full --------   Above Full   Capacity
  Conduit                Both Ends  Upstream  Dnstream   Normal Flow   Limited
  ----------------------------------------------------------------------------
  Brunn_Fassung_L             0.01      0.01     24.00      0.01         0.01
  11                         23.99     23.99     23.99     23.99         0.01
  14                         23.99     23.99     24.00     23.99         0.01
  16                         24.00     24.00     24.00     23.99        23.99
  17                         24.00     24.00     24.00      0.01         0.01
  26                         23.99     24.00     23.99     23.99        23.99
  27                          0.01      0.01     23.96      0.01         0.01
  Gischeren_L                 0.01      0.01     23.91      0.01         0.01
  Schuettstein_L              0.01      0.01     23.99      0.01         0.01
  Brunnmuehle_L              24.00     24.00     24.00      0.01         0.01
  35                         23.93     23.93     23.96      0.01         0.01
  46                         24.00     24.00     24.00      0.01         0.01
  47                         24.00     24.00     24.00     24.00        24.00
  50                         23.99     23.99     23.99      0.01         0.01
  51                         23.98     23.98     24.00      0.01         0.01
  53                         24.00     24.00     24.00      0.01         0.01
  61                         23.99     23.99     23.99     23.99         0.01
  63                          0.01     23.98      0.01      0.01         0.01
  66                         23.96     23.98     23.96     23.98        23.96
  67                         23.99     23.99     24.00      0.01         0.01
  Amont_L                    24.00     24.00     24.00     24.00         0.01
  69                         23.96     23.96     24.00     23.98         0.01
  70                         23.96     23.96     24.00      0.01         0.01
  71                         23.99     23.99     23.99      0.01         0.01
  72                         23.89     23.99     23.89      0.10         0.01
  Sauser_L                    0.01      0.01     24.00      0.01         0.01
  75                          0.01     23.98      0.01     23.89         0.01
  4                           0.01     23.98      0.01     23.89         0.01
  5                           0.01      0.01     24.00      0.01         0.01
  6                           0.01      0.01     24.00      0.01         0.01
  7                          23.99     23.99     24.00      0.01         0.01
  Brunn_Teich_L               0.01      0.01     23.99      0.01         0.01
  9                           0.01      0.01     23.99      0.01         0.01
  12                         23.99     23.99     23.99      0.01         0.01
  15                         23.99     23.99     23.99      0.01         0.01
  18                         23.99     23.99     23.99      0.01         0.01
  19                         23.98     23.98     23.99      0.01         0.01
  21                          0.01      0.01     23.98      0.01         0.01
  Hooliloch_L                 0.01      0.01     23.97      0.01         0.01
  23                          0.01     23.96      0.01      0.01         0.01
  25                         23.94     23.94     23.99      0.01         0.01
  31                          0.01      0.01     23.91      0.01         0.01
  33                         23.97     23.97     23.97      0.01         0.01
  13                         23.99     23.99     24.00      0.01         0.01
  22                         23.99     23.99     24.00      0.01         0.01
  24                         23.98     23.98     24.00      0.01         0.01
  30                         23.98     23.98     24.00      0.01         0.01
  34                          0.01      0.01     23.99      0.01         0.01
  38                         23.95     23.95     23.96      0.01         0.01
  48                         23.89     23.89     23.92      0.03         0.01
  54                          0.01      0.01     23.90      0.01         0.01
  1_1_b_1                     0.01      0.01     23.98      0.01         0.01
  1_2_b_2                     0.01      0.01     23.94      0.01         0.01
  1_6_a_1                    23.89     23.89     24.00      0.01         0.01
  1_7_a_                      0.01      0.01      0.02      0.01         0.01
  1_7_a__                     0.02      0.02     24.00      0.01         0.01
  1_7_a_1                     0.02      0.02     24.00     24.00         0.01
  

  Analysis begun on:  Mon Aug 17 10:21:14 2026
  Analysis ended on:  Mon Aug 17 10:21:16 2026
  Total elapsed time: 00:00:02