
  EPA STORM WATER MANAGEMENT MODEL - VERSION 5.2 (Build 5.2.4)
  ------------------------------------------------------------

  Brunnmuehle (Twann) 
  WARNING 08: elevation drop exceeds length for Conduit SS3_L
  WARNING 08: elevation drop exceeds length for Conduit SS6_L
  WARNING 08: elevation drop exceeds length for Conduit 2
  WARNING 08: elevation drop exceeds length for Conduit 3
  WARNING 08: elevation drop exceeds length for Conduit 68
  WARNING 08: elevation drop exceeds length for Conduit 1_2_b_
  WARNING 08: elevation drop exceeds length for Conduit 1_2_b_2
  WARNING 08: elevation drop exceeds length for Conduit 1_4_b
  WARNING 08: elevation drop exceeds length for Conduit 1_5_a
  WARNING 04: minimum elevation drop used for Conduit 1_7_a
  WARNING 08: elevation drop exceeds length for Conduit 1_7_a_
  WARNING 08: elevation drop exceeds length for Conduit 1_7_a__
  WARNING 08: elevation drop exceeds length for Conduit 1_7_a_4
  WARNING 02: maximum depth increased for Node 2
  
  ****************
  Analysis Options
  ****************
  Flow Units ............... CMS
  Process Models:
    Rainfall/Runoff ........ NO
    RDII ................... NO
    Snowmelt ............... NO
    Groundwater ............ NO
    Flow Routing ........... YES
    Ponding Allowed ........ NO
    Water Quality .......... NO
  Flow Routing Method ...... DYNWAVE
  Surcharge Method ......... EXTRAN
  Starting Date ............ 01/01/2000 00:00:00
  Ending Date .............. 01/02/2000 00:00:00
  Antecedent Dry Days ...... 0.0
  Report Time Step ......... 01:00:00
  Routing Time Step ........ 0.50 sec
  Variable Time Step ....... YES
  Maximum Trials ........... 8
  Number of Threads ........ 1
  Head Tolerance ........... 0.001500 m
  
  
  **************************        Volume        Volume
  Flow Routing Continuity        hectare-m      10^6 ltr
  **************************     ---------     ---------
  Dry Weather Inflow .......         0.000         0.000
  Wet Weather Inflow .......         0.000         0.000
  Groundwater Inflow .......         0.000         0.000
  RDII Inflow ..............         0.000         0.000
  External Inflow ..........       166.906      1669.074
  External Outflow .........       158.194      1581.955
  Flooding Loss ............         0.000         0.000
  Evaporation Loss .........         0.000         0.000
  Exfiltration Loss ........         0.000         0.000
  Initial Stored Volume ....         0.057         0.565
  Final Stored Volume ......         0.517         5.169
  Continuity Error (%) .....         4.942
  
  
  *************************
  Highest Continuity Errors
  *************************
  Node SS5 (-1129.51%)
  Node 6 (-272.65%)
  Node Syst_Est_interm (100.00%)
  Node 41 (90.83%)
  Node Holiloch_sonde (73.66%)
  
  
  ***************************
  Time-Step Critical Elements
  ***************************
  Link 1_4_a (20831.48%)
  
  
  ********************************
  Highest Flow Instability Indexes
  ********************************
  All links are stable.
  
  
  *********************************
  Most Frequent Nonconverging Nodes
  *********************************
  Node Brunnm_Fassung (33.41%)
  Node Brunnmuehle(Teich) (33.41%)
  Node Fensterstollen (33.41%)
  Node Gischeren (33.41%)
  Node Schuettstein (33.41%)
  
  
  *************************
  Routing Time Step Summary
  *************************
  Minimum Time Step           :     0.50 sec
  Average Time Step           :     0.50 sec
  Maximum Time Step           :     0.50 sec
  % of Time in Steady State   :    99.52
  Average Iterations per Step :     4.46
  % of Steps Not Converging   :    33.41
  Time Step Frequencies       :
      0.500 -  0.500 sec      :   100.00 %
      0.500 -  0.500 sec      :     0.00 %
      0.500 -  0.500 sec      :     0.00 %
      0.500 -  0.500 sec      :     0.00 %
      0.500 -  0.500 sec      :     0.00 %
  
  
  ******************
  Node Depth Summary
  ******************
  
  ---------------------------------------------------------------------------------
                                 Average  Maximum  Maximum  Time of Max    Reported
                                   Depth    Depth      HGL   Occurrence   Max Depth
  Node                 Type       Meters   Meters   Meters  days hr:min      Meters
  ---------------------------------------------------------------------------------
  9                    JUNCTION    13.72    26.00   464.50     0  00:00       13.72
  Holiloch_sonde       JUNCTION    12.22    24.98   464.98     0  00:01       12.22
  11                   JUNCTION    32.26    49.18   459.18     0  00:00       32.26
  13                   JUNCTION    14.22    18.49   456.49     0  00:01       14.22
  21                   JUNCTION    36.05    37.31   437.31     0  00:00       36.05
  SonSto_F             JUNCTION     0.55     0.59   438.39     0  00:03        0.55
  Sondierstollen       JUNCTION     0.00     0.00   440.80     0  00:00        0.00
  Aval_Trappe          JUNCTION     0.75     0.87   438.47     0  00:03        0.75
  30                   JUNCTION     0.86     0.86   438.16     0  00:06        0.86
  Gischeren_node       JUNCTION     0.00     0.00   476.50     0  00:00        0.00
  34                   JUNCTION    15.93    17.19   437.19     0  00:00       15.94
  38                   JUNCTION    17.20    18.42   438.42     0  00:01       17.20
  SS6                  JUNCTION     0.00     0.00   448.00     0  00:00        0.00
  40                   JUNCTION    19.92    20.06   439.06     0  00:02       19.92
  41                   JUNCTION    14.72    19.01   456.51     0  00:01       14.72
  SondeSchuettstein    JUNCTION     0.00     0.00   459.00     0  00:00        0.00
  SS4                  JUNCTION     0.00     0.00   448.00     0  00:00        0.00
  47                   JUNCTION     0.00     0.00   464.90     0  00:00        0.00
  48                   JUNCTION     0.00     0.00   471.00     0  00:00        0.00
  SondeGischeren       JUNCTION     0.00     0.00   465.00     0  00:00        0.00
  49                   JUNCTION     0.00     0.00   466.00     0  00:00        0.00
  50                   JUNCTION     0.00     0.00   463.00     0  00:00        0.00
  51                   JUNCTION    32.94    48.18   468.18     0  00:00       32.94
  Amont_C              JUNCTION    36.92   107.69   525.69     0  00:00       36.93
  52                   JUNCTION     0.00     0.00   457.00     0  00:01        0.00
  53                   JUNCTION     0.00     0.00   467.00     0  00:00        0.00
  54                   JUNCTION     0.00     0.00   463.00     0  00:00        0.00
  56                   JUNCTION     6.09     6.23   436.23     0  00:00        6.09
  2                    JUNCTION     0.03     0.03   438.03     0  00:06        0.03
  4                    JUNCTION     7.74     8.68   436.68     0  00:00        7.74
  5                    JUNCTION     0.00     0.00   472.50     0  00:00        0.00
  6                    JUNCTION     0.00     0.16   458.16     0  00:01        0.00
  7                    JUNCTION     0.00     0.00   475.00     0  00:00        0.00
  SS3                  JUNCTION     0.00     0.00   448.00     0  00:00        0.00
  SS5                  JUNCTION     0.02     0.11   439.01     0  00:02        0.02
  8                    JUNCTION     0.00     0.00   474.00     0  00:00        0.00
  10                   JUNCTION     0.00     0.00   468.00     0  00:00        0.00
  SonSto_SS5           JUNCTION     0.00     0.00   439.30     0  00:00        0.00
  SonSto_SS3           JUNCTION     0.00     0.00   439.70     0  00:00        0.00
  SonSto_SS4           JUNCTION     0.00     0.00   439.40     0  00:00        0.00
  Amont_Trappe         JUNCTION     0.65     0.79   438.49     0  00:03        0.65
  SonSto_SS6           JUNCTION     0.00     0.00   438.70     0  00:00        0.00
  SS2                  JUNCTION     0.00     0.00   448.00     0  00:00        0.00
  SonSto_SS2           JUNCTION     0.00     0.00   441.50     0  00:00        0.00
  12                   JUNCTION     0.15     0.16   449.16     0  00:03        0.15
  14                   JUNCTION     0.00     0.00   465.00     0  00:00        0.00
  15                   JUNCTION     0.00     0.00   472.00     0  00:00        0.00
  TWT_PointHaut_60+650 JUNCTION     0.22     0.26   438.76     0  00:04        0.23
  TWT_Fensterstollen_60+375 JUNCTION     1.14     1.17   438.47     0  00:03        1.14
  TWT_Acces_LT_60+110  JUNCTION     1.20     1.23   438.73     0  00:06        1.20
  TWT_Liaison_LT_59+738 JUNCTION     0.00     0.00   450.60     0  00:00        0.00
  Syst_Est_amont       JUNCTION     0.57     0.60   430.60     0  00:03        0.57
  Syst_Est_interm      JUNCTION     1.09     1.09   411.09     0  00:06        1.09
  TWT_Branche_Est_Sonsto_60+540 JUNCTION     0.50     0.65   439.05     0  00:02        0.50
  TWT_Intersection_Sonsto_60+345 JUNCTION     1.47     1.50   438.50     0  00:04        1.47
  TWT_Chrosweg_61+140  JUNCTION     0.20     0.20   432.20     0  00:06        0.20
  SonSto_F_sup         JUNCTION     0.00     0.00   448.00     0  00:00        0.00
  SonSto_porte         JUNCTION     0.00     0.00   438.50     0  00:00        0.00
  Brunnm_Fassung       OUTFALL      0.07     0.07   433.87     0  00:01        0.07
  Brunnmuehle(Teich)   OUTFALL      0.12     0.13   435.63     0  00:01        0.12
  Fensterstollen       OUTFALL      0.82     0.82   437.82     0  00:06        0.82
  Gischeren            OUTFALL      0.00     0.00   480.00     0  00:00        0.00
  Schuettstein         OUTFALL      0.00     0.00   477.55     0  00:00        0.00
  Holiloch             OUTFALL      0.00     0.00   476.50     0  00:00        0.00
  Sauserquelle         OUTFALL      0.24     0.24   435.79     0  00:02        0.24
  Entw_Stollen         OUTFALL      0.03     0.03   436.53     0  00:06        0.03
  Sous_lacustre        OUTFALL      0.09     0.09   429.29     0  00:01        0.09
  Sous_ecoul.          OUTFALL      0.00     0.00   433.00     0  00:00        0.00
  Syst_Est_aval        OUTFALL      0.00     0.00   429.00     0  00:00        0.00
  TWT_Portail_Est_61+665 OUTFALL      0.19     0.19   421.79     0  00:06        0.19
  
  
  *******************
  Node Inflow Summary
  *******************
  
  -------------------------------------------------------------------------------------------------
                                  Maximum  Maximum                  Lateral       Total        Flow
                                  Lateral    Total  Time of Max      Inflow      Inflow     Balance
                                   Inflow   Inflow   Occurrence      Volume      Volume       Error
  Node                 Type           CMS      CMS  days hr:min    10^6 ltr    10^6 ltr     Percent
  -------------------------------------------------------------------------------------------------
  9                    JUNCTION         0     7.09     0  00:00           0       0.211     107.644
  Holiloch_sonde       JUNCTION         0      5.8     0  00:01           0      0.0938     279.687
  11                   JUNCTION         0    0.165     0  00:00           0        12.7      -0.001
  13                   JUNCTION         0     18.7     0  00:00           0    1.56e+03       0.017
  21                   JUNCTION         0    0.166     0  00:00           0        12.1      -0.000
  SonSto_F             JUNCTION         0     1.08     0  00:03           0        3.77     -12.764
  Sondierstollen       JUNCTION         0        0     0  00:00           0           0       0.000 ltr
  Aval_Trappe          JUNCTION         0     9.15     0  00:03           0         659      -0.017
  30                   JUNCTION         0     16.9     0  00:06           0    1.46e+03       2.201
  Gischeren_node       JUNCTION         0        0     0  00:00           0           0       0.000 ltr
  34                   JUNCTION         0    0.167     0  00:00           0        9.88      -0.000
  38                   JUNCTION         0    0.164     0  00:00           0        12.1      -0.000
  SS6                  JUNCTION         0        0     0  00:00           0           0       0.000 ltr
  40                   JUNCTION         0    0.515     0  00:02           0        42.3       0.002
  41                   JUNCTION         0     1.51     0  00:00           0      0.0148     990.959
  SondeSchuettstein    JUNCTION         0        0     0  00:00           0           0       0.000 ltr
  SS4                  JUNCTION         0        0     0  00:00           0           0       0.000 ltr
  47                   JUNCTION         0        0     0  00:00           0           0       0.000 ltr
  48                   JUNCTION         0        0     0  00:00           0           0       0.000 ltr
  SondeGischeren       JUNCTION         0        0     0  00:00           0           0       0.000 ltr
  49                   JUNCTION         0        0     0  00:00           0           0       0.000 ltr
  50                   JUNCTION         0        0     0  00:00           0           0       0.000 ltr
  51                   JUNCTION         0     27.5     0  00:00           0    1.59e+03      -0.002
  Amont_C              JUNCTION      18.4     42.2     0  00:00    1.59e+03    1.59e+03       0.018
  52                   JUNCTION         0    0.019     0  00:00           0    1.12e-05     -95.621
  53                   JUNCTION         0        0     0  00:00           0           0       0.000 ltr
  54                   JUNCTION         0        0     0  00:00           0           0       0.000 ltr
  56                   JUNCTION         0    0.501     0  00:02           0        42.3       0.000
  2                    JUNCTION         0  0.00713     0  00:06           0       0.615     115.793
  4                    JUNCTION         0     0.17     0  00:00           0         8.4       0.066
  5                    JUNCTION         0        0     0  00:00           0           0       0.000 ltr
  6                    JUNCTION         0     2.15     0  00:01           0     0.00431     -73.165
  7                    JUNCTION         0        0     0  00:00           0           0       0.000 ltr
  SS3                  JUNCTION         0        0     0  00:00           0           0       0.000 ltr
  SS5                  JUNCTION         0   0.0136     0  00:02           0     0.00081     -91.867
  8                    JUNCTION         0        0     0  00:00           0           0       0.000 ltr
  10                   JUNCTION         0        0     0  00:00           0           0       0.000 ltr
  SonSto_SS5           JUNCTION         0        0     0  00:00           0           0       0.000 ltr
  SonSto_SS3           JUNCTION         0        0     0  00:00           0           0       0.000 ltr
  SonSto_SS4           JUNCTION         0        0     0  00:00           0           0       0.000 ltr
  Amont_Trappe         JUNCTION         0     1.18     0  00:03           0        3.73      -1.764
  SonSto_SS6           JUNCTION         0        0     0  00:00           0           0       0.000 ltr
  SS2                  JUNCTION         0        0     0  00:00           0           0       0.000 ltr
  SonSto_SS2           JUNCTION         0        0     0  00:00           0           0       0.000 ltr
  12                   JUNCTION         0     0.12     0  00:01           0         9.3       0.137
  14                   JUNCTION         0    0.127     0  00:00           0    6.33e-05      40.359
  15                   JUNCTION         0        0     0  00:00           0           0       0.000 ltr
  TWT_PointHaut_60+650 JUNCTION         0     1.72     0  00:02           0        94.4     -10.778
  TWT_Fensterstollen_60+375 JUNCTION         0     17.4     0  00:06           0    1.49e+03       2.077
  TWT_Acces_LT_60+110  JUNCTION         0     7.01     0  00:04           0         362     -33.316
  TWT_Liaison_LT_59+738 JUNCTION         0        0     0  00:00           0           0       0.000 ltr
  Syst_Est_amont       JUNCTION      0.92     0.92     0  00:00        79.5        79.5      -0.400
  Syst_Est_interm      JUNCTION         0    0.974     0  00:04           0        79.879798665.421 ltr
  TWT_Branche_Est_Sonsto_60+540 JUNCTION         0     7.27     0  00:01           0         568       0.382
  TWT_Intersection_Sonsto_60+345 JUNCTION         0     9.09     0  00:01           0         543      31.401
  TWT_Chrosweg_61+140  JUNCTION         0      1.4     0  00:04           0         106       5.685
  SonSto_F_sup         JUNCTION         0        0     0  00:00           0           0       0.000 ltr
  SonSto_porte         JUNCTION         0        0     0  00:00           0           0       0.000 ltr
  Brunnm_Fassung       OUTFALL          0   0.0182     0  00:01           0        1.48       0.000
  Brunnmuehle(Teich)   OUTFALL          0    0.108     0  00:01           0        7.95       0.000
  Fensterstollen       OUTFALL          0     16.6     0  00:06           0    1.43e+03       0.000
  Gischeren            OUTFALL          0        0     0  00:00           0           0       0.000 ltr
  Schuettstein         OUTFALL          0        0     0  00:00           0           0       0.000 ltr
  Holiloch             OUTFALL          0        0     0  00:00           0           0       0.000 ltr
  Sauserquelle         OUTFALL          0    0.501     0  00:02           0        42.3       0.000
  Entw_Stollen         OUTFALL          0  0.00331     0  00:06           0       0.285       0.000
  Sous_lacustre        OUTFALL          0   0.0261     0  00:01           0         2.2       0.000
  Sous_ecoul.          OUTFALL          0  0.00544     0  00:00           0       0.436       0.000
  Syst_Est_aval        OUTFALL          0        0     0  00:00           0           0       0.000 ltr
  TWT_Portail_Est_61+665 OUTFALL          0     1.16     0  00:06           0         100       0.000
  
  
  **********************
  Node Surcharge Summary
  **********************
  
  Surcharging occurs when water rises above the top of the highest conduit.
  ---------------------------------------------------------------------
                                               Max. Height   Min. Depth
                                   Hours       Above Crown    Below Rim
  Node                 Type      Surcharged         Meters       Meters
  ---------------------------------------------------------------------
  9                    JUNCTION       23.99         24.204       73.996
  Holiloch_sonde       JUNCTION       23.98         23.081      175.019
  11                   JUNCTION       24.00         48.722      100.818
  13                   JUNCTION       23.99         15.491      381.509
  21                   JUNCTION       24.00         36.710      112.690
  34                   JUNCTION       24.00         16.593       82.807
  38                   JUNCTION       24.00         17.817      131.583
  40                   JUNCTION       24.00         16.061       79.939
  41                   JUNCTION       23.99         18.163      230.987
  51                   JUNCTION       24.00         44.177      351.823
  Amont_C              JUNCTION       24.00        104.694      292.306
  56                   JUNCTION       24.00          5.227       93.773
  4                    JUNCTION       23.98          8.034       91.316
  
  
  *********************
  Node Flooding Summary
  *********************
  
  No nodes were flooded.
  
  
  ***********************
  Outfall Loading Summary
  ***********************
  
  -----------------------------------------------------------
                         Flow       Avg       Max       Total
                         Freq      Flow      Flow      Volume
  Outfall Node           Pcnt       CMS       CMS    10^6 ltr
  -----------------------------------------------------------
  Brunnm_Fassung        99.94    0.0172    0.0182       1.484
  Brunnmuehle(Teich)    99.93    0.0921     0.108       7.955
  Fensterstollen        99.97      16.5      16.6    1427.183
  Gischeren              0.00         0         0       0.000
  Schuettstein           0.00         0         0       0.000
  Holiloch               0.00         0         0       0.000
  Sauserquelle          99.97      0.49     0.501      42.324
  Entw_Stollen          99.92    0.0033   0.00331       0.285
  Sous_lacustre        100.00    0.0254    0.0261       2.196
  Sous_ecoul.           99.94   0.00505   0.00544       0.436
  Syst_Est_aval          0.00         0         0       0.000
  TWT_Portail_Est_61+665  99.95      1.16      1.16     100.085
  -----------------------------------------------------------
  System                66.64      18.3      18.4    1581.948
  
  
  ********************
  Link Flow Summary
  ********************
  
  -----------------------------------------------------------------------------
                                 Maximum  Time of Max   Maximum    Max/    Max/
                                  |Flow|   Occurrence   |Veloc|    Full    Full
  Link                 Type          CMS  days hr:min     m/sec    Flow   Depth
  -----------------------------------------------------------------------------
  Brunn_Fassung_L      CONDUIT    0.0182     0  00:01      0.88    0.30    0.69
  11                   CONDUIT       5.8     0  00:01      3.98    0.87    1.00
  14                   CONDUIT      7.09     0  00:00      4.78    3.86    1.00
  16                   CONDUIT     0.165     0  00:00      1.93    1.15    1.00
  17                   CONDUIT     0.166     0  00:00      0.59    0.28    1.00
  26                   CONDUIT      1.51     0  00:00      2.69    2.05    1.00
  27                   CONDUIT    0.0706     0  00:03      1.86    0.91    1.00
  Gischeren_L          CONDUIT         0     0  00:00      0.00    0.00    0.00
  Schuettstein_L       CONDUIT         0     0  00:00      0.00    0.00    0.00
  Brunnmuehle_L        CONDUIT     0.167     0  00:00      0.59    0.08    1.00
  32                   CONDUIT         0     0  00:00      0.00    0.00    0.00
  35                   CONDUIT         0     0  00:00      0.00    0.00    0.00
  45                   CONDUIT         0     0  00:00      0.00    0.00    0.10
  46                   CONDUIT     0.501     0  00:02      1.77    0.50    1.00
  47                   CONDUIT    0.0687     0  00:01      1.81    4.28    1.00
  50                   CONDUIT         0     0  00:00      0.00    0.00    0.00
  51                   CONDUIT    0.0136     0  00:02      0.23    0.04    0.66
  53                   CONDUIT     0.164     0  00:00      0.99    0.83    1.00
  Fenster_L            CONDUIT      16.6     0  00:06     10.29    0.16    0.28
  58                   CONDUIT      8.92     0  00:03      7.16    0.11    0.28
  59                   CONDUIT         0     0  00:00      0.00    0.00    0.00
  61                   CONDUIT         0     0  00:00      0.00    0.00    0.50
  63                   CONDUIT         0     0  00:00      0.00    0.00    0.00
  66                   CONDUIT         0     0  00:00      0.00    0.00    0.00
  67                   CONDUIT      18.6     0  00:00      4.93    0.18    1.00
  Amont_L              CONDUIT      27.4     0  00:00      3.88    1.49    1.00
  69                   CONDUIT     0.019     0  00:00      0.30    0.07    0.50
  70                   CONDUIT  1.85e-06     0  00:01      0.00    0.00    0.50
  71                   CONDUIT         0     0  00:00      0.00    0.00    0.50
  72                   CONDUIT         0     0  00:00      0.00    0.00    0.00
  Sauser_L             CONDUIT     0.501     0  00:02      0.98    0.13    0.62
  75                   CONDUIT         0     0  00:00      0.00    0.00    0.00
  Entw_Sto_L           CONDUIT   0.00331     0  00:06      1.00    0.08    0.19
  4                    CONDUIT         0     0  00:00      0.00    0.00    0.09
  5                    CONDUIT   0.00713     0  00:06      0.51    0.25    0.59
  6                    CONDUIT    0.0261     0  00:01      1.08    0.39    0.72
  7                    CONDUIT      0.17     0  00:00      1.14    0.26    1.00
  Brunn_Teich_L        CONDUIT     0.108     0  00:01      0.52    0.08    0.60
  9                    CONDUIT   0.00544     0  00:00      1.37    0.00    0.50
  12                   CONDUIT         0     0  00:00      0.00    0.00    0.00
  15                   CONDUIT      2.15     0  00:01      1.48    0.06    0.54
  18                   CONDUIT         0     0  00:00      0.00    0.00    0.04
  19                   CONDUIT         0     0  00:00      0.00    0.00    0.02
  20                   CONDUIT     0.979     0  00:03      1.59    0.08    0.83
  21                   CONDUIT         0     0  00:00      0.00    0.00    0.00
  Hooliloch_L          CONDUIT         0     0  00:00      0.00    0.00    0.00
  23                   CONDUIT         0     0  00:00      0.00    0.00    0.00
  25                   CONDUIT         0     0  00:00      0.00    0.00    0.50
  28                   CONDUIT         0     0  00:00      0.00    0.00    0.00
  29                   CONDUIT         0     0  00:00      0.00    0.00    0.00
  31                   CONDUIT         0     0  00:00      0.00    0.00    0.00
  33                   CONDUIT         0     0  00:00      0.00    0.00    0.00
  37                   CONDUIT         0     0  00:00      0.00    0.00    0.02
  SS3_L                CONDUIT         0     0  00:00      0.00    0.00    0.00
  40                   CONDUIT      1.08     0  00:03      0.77    0.01    0.16
  SS6_L                CONDUIT         0     0  00:00      0.00    0.00    0.00
  1                    CONDUIT         0     0  00:00      0.00    0.00    0.00
  2                    CONDUIT         0     0  00:00      0.00    0.00    0.00
  3                    CONDUIT         0     0  00:00      0.00    0.00    0.00
  10                   CONDUIT         0     0  00:00      0.00    0.00    0.02
  13                   CONDUIT      0.12     0  00:01      1.99    0.26    0.73
  22                   CONDUIT     0.114     0  00:03      1.51    0.28    0.73
  24                   CONDUIT     0.127     0  00:00      0.35    0.00    0.50
  30                   CONDUIT  8.57e-05     0  00:00      0.00    0.00    0.50
  34                   CONDUIT         0     0  00:00      0.00    0.00    0.50
  36                   CONDUIT         0     0  00:00      0.00    0.00    0.00
  38                   CONDUIT         0     0  00:00      0.00    0.00    0.00
  48                   CONDUIT     0.974     0  00:04      2.53    0.65    0.79
  54                   CONDUIT         0     0  00:00      0.00    0.00    0.36
  68                   CONDUIT         0     0  00:00      0.00    0.00    0.10
  73                   CONDUIT         0     0  00:00      0.00    0.00    0.01
  TWT1                 CONDUIT      1.16     0  00:06      3.60    0.00    0.02
  TWT2                 CONDUIT       1.4     0  00:04      4.15    0.00    0.03
  TWT3                 CONDUIT      1.72     0  00:02      2.01    0.01    0.05
  TWT4                 CONDUIT      6.94     0  00:02      3.16    0.01    0.10
  1_2_b_               CONDUIT         0     0  00:00      0.00    0.00    0.11
  1_2_b_1              CONDUIT      7.71     0  00:01     12.09    4.67    1.00
  1_2_b_2              CONDUIT         0     0  00:00      0.00    0.00    0.50
  TWT5                 CONDUIT      7.68     0  00:01      4.63    0.01    0.16
  1_4_a                CONDUIT      9.15     0  00:03      4.80    0.14    0.34
  TWT6                 CONDUIT       6.3     0  00:06      1.14    0.02    0.17
  1_4_b                CONDUIT         0     0  00:00      0.00    0.00    0.25
  TWT7                 CONDUIT         0     0  00:00      0.00    0.00    0.08
  1_5_a                CONDUIT         0     0  00:00      0.00    0.00    0.01
  1_6_a_2              CONDUIT      4.27     0  00:04      7.70    5.30    1.00
  1_7_a                CONDUIT      9.27     0  00:06      3.42    2.11    0.20
  1_7_a_               CONDUIT         0     0  00:00      0.00    0.00    0.33
  1_7_a__              CONDUIT     0.442     0  00:00      1.01    0.01    0.83
  1_7_a_1              CONDUIT      7.27     0  00:01     11.76    5.82    0.83
  1_7_a_4              CONDUIT         0     0  00:00      0.00    0.00    0.33
  
  
  ***************************
  Flow Classification Summary
  ***************************
  
  -------------------------------------------------------------------------------------
                      Adjusted    ---------- Fraction of Time in Flow Class ---------- 
                       /Actual         Up    Down  Sub   Sup   Up    Down  Norm  Inlet 
  Conduit               Length    Dry  Dry   Dry   Crit  Crit  Crit  Crit  Ltd   Ctrl  
  -------------------------------------------------------------------------------------
  Brunn_Fassung_L         1.00   0.00  0.00  0.00  1.00  0.00  0.00  0.00  0.00  0.00
  11                      1.00   0.00  0.00  0.00  1.00  0.00  0.00  0.00  0.00  0.00
  14                      1.00   0.00  0.00  0.00  1.00  0.00  0.00  0.00  0.00  0.00
  16                      1.00   0.00  0.00  0.00  1.00  0.00  0.00  0.00  0.00  0.00
  17                      1.00   0.00  0.00  0.00  1.00  0.00  0.00  0.00  0.00  0.00
  26                      1.00   0.00  0.00  0.00  1.00  0.00  0.00  0.00  0.00  0.00
  27                      1.00   0.00  0.00  0.00  1.00  0.00  0.00  0.00  0.00  0.00
  Gischeren_L             1.00   1.00  0.00  0.00  0.00  0.00  0.00  0.00  0.00  0.00
  Schuettstein_L          1.00   1.00  0.00  0.00  0.00  0.00  0.00  0.00  0.00  0.00
  Brunnmuehle_L           1.00   0.00  0.00  0.00  1.00  0.00  0.00  0.00  0.00  0.00
  32                      1.00   1.00  0.00  0.00  0.00  0.00  0.00  0.00  0.00  0.00
  35                      1.00   1.00  0.00  0.00  0.00  0.00  0.00  0.00  0.00  0.00
  45                      1.00   0.00  1.00  0.00  0.00  0.00  0.00  0.00  0.00  0.00
  46                      1.00   0.00  0.00  0.00  1.00  0.00  0.00  0.00  0.00  0.00
  47                      1.00   0.00  0.00  0.00  1.00  0.00  0.00  0.00  0.00  0.00
  50                      1.00   1.00  0.00  0.00  0.00  0.00  0.00  0.00  0.00  0.00
  51                      1.00   0.00  0.00  0.00  1.00  0.00  0.00  0.00  0.00  0.00
  53                      1.00   0.00  0.00  0.00  1.00  0.00  0.00  0.00  0.00  0.00
  Fenster_L               1.00   0.00  0.00  0.00  0.00  1.00  0.00  0.00  0.00  0.00
  58                      1.00   0.00  0.00  0.00  0.00  1.00  0.00  0.00  0.00  0.00
  59                      1.00   1.00  0.00  0.00  0.00  0.00  0.00  0.00  0.00  0.00
  61                      1.00   0.00  1.00  0.00  0.00  0.00  0.00  0.00  0.00  0.00
  63                      1.00   1.00  0.00  0.00  0.00  0.00  0.00  0.00  0.00  0.00
  66                      1.00   1.00  0.00  0.00  0.00  0.00  0.00  0.00  0.00  0.00
  67                      1.00   0.00  0.00  0.00  1.00  0.00  0.00  0.00  0.00  0.00
  Amont_L                 1.00   0.00  0.00  0.00  1.00  0.00  0.00  0.00  0.00  0.00
  69                      1.00   0.00  0.00  0.00  1.00  0.00  0.00  0.00  1.00  0.00
  70                      1.00   0.00  0.00  0.00  1.00  0.00  0.00  0.00  1.00  0.00
  71                      1.00   0.00  1.00  0.00  0.00  0.00  0.00  0.00  0.00  0.00
  72                      1.00   1.00  0.00  0.00  0.00  0.00  0.00  0.00  0.00  0.00
  Sauser_L                1.00   0.00  0.00  0.00  1.00  0.00  0.00  0.00  0.00  0.00
  75                      1.00   1.00  0.00  0.00  0.00  0.00  0.00  0.00  0.00  0.00
  Entw_Sto_L              1.00   0.00  0.00  0.00  0.00  1.00  0.00  0.00  0.00  0.00
  4                       1.00   0.00  1.00  0.00  0.00  0.00  0.00  0.00  0.00  0.00
  5                       1.00   0.00  0.00  0.00  1.00  0.00  0.00  0.00  0.00  0.00
  6                       1.00   0.00  0.00  0.00  1.00  0.00  0.00  0.00  0.00  0.00
  7                       1.00   0.00  0.00  0.00  1.00  0.00  0.00  0.00  0.00  0.00
  Brunn_Teich_L           1.00   0.00  0.00  0.00  1.00  0.00  0.00  0.00  0.00  0.00
  9                       1.00   0.00  0.00  0.00  0.00  1.00  0.00  0.00  0.00  0.00
  12                      1.00   1.00  0.00  0.00  0.00  0.00  0.00  0.00  0.00  0.00
  15                      1.00   0.00  0.00  0.00  1.00  0.00  0.00  0.00  1.00  0.00
  18                      1.00   0.00  1.00  0.00  0.00  0.00  0.00  0.00  0.00  0.00
  19                      1.00   0.00  1.00  0.00  0.00  0.00  0.00  0.00  0.00  0.00
  20                      1.00   0.00  0.00  0.00  1.00  0.00  0.00  0.00  0.00  0.00
  21                      1.00   1.00  0.00  0.00  0.00  0.00  0.00  0.00  0.00  0.00
  Hooliloch_L             1.00   1.00  0.00  0.00  0.00  0.00  0.00  0.00  0.00  0.00
  23                      1.00   1.00  0.00  0.00  0.00  0.00  0.00  0.00  0.00  0.00
  25                      1.00   0.00  1.00  0.00  0.00  0.00  0.00  0.00  0.00  0.00
  28                      1.00   1.00  0.00  0.00  0.00  0.00  0.00  0.00  0.00  0.00
  29                      1.00   1.00  0.00  0.00  0.00  0.00  0.00  0.00  0.00  0.00
  31                      1.00   1.00  0.00  0.00  0.00  0.00  0.00  0.00  0.00  0.00
  33                      1.00   1.00  0.00  0.00  0.00  0.00  0.00  0.00  0.00  0.00
  37                      1.00   0.00  1.00  0.00  0.00  0.00  0.00  0.00  0.00  0.00
  SS3_L                   1.00   1.00  0.00  0.00  0.00  0.00  0.00  0.00  0.00  0.00
  40                      1.00   0.00  0.00  0.00  1.00  0.00  0.00  0.00  0.00  0.00
  SS6_L                   1.00   1.00  0.00  0.00  0.00  0.00  0.00  0.00  0.00  0.00
  1                       1.00   1.00  0.00  0.00  0.00  0.00  0.00  0.00  0.00  0.00
  2                       1.00   1.00  0.00  0.00  0.00  0.00  0.00  0.00  0.00  0.00
  3                       1.00   1.00  0.00  0.00  0.00  0.00  0.00  0.00  0.00  0.00
  10                      1.00   0.00  1.00  0.00  0.00  0.00  0.00  0.00  0.00  0.00
  13                      1.00   0.00  0.00  0.00  1.00  0.00  0.00  0.00  0.00  0.00
  22                      1.00   0.00  0.00  0.00  1.00  0.00  0.00  0.00  0.00  0.00
  24                      1.00   0.00  1.00  0.00  0.00  0.00  0.00  0.00  1.00  0.00
  30                      1.00   0.00  1.00  0.00  0.00  0.00  0.00  0.00  1.00  0.00
  34                      1.00   0.00  1.00  0.00  0.00  0.00  0.00  0.00  0.00  0.00
  36                      1.00   1.00  0.00  0.00  0.00  0.00  0.00  0.00  0.00  0.00
  38                      1.00   1.00  0.00  0.00  0.00  0.00  0.00  0.00  0.00  0.00
  48                      1.00   0.00  0.00  0.00  1.00  0.00  0.00  0.00  1.00  0.00
  54                      1.00   0.00  1.00  0.00  0.00  0.00  0.00  0.00  0.00  0.00
  68                      1.00   0.00  1.00  0.00  0.00  0.00  0.00  0.00  0.00  0.00
  73                      1.00   0.00  1.00  0.00  0.00  0.00  0.00  0.00  0.00  0.00
  TWT1                    1.00   0.00  0.00  0.00  0.00  1.00  0.00  0.00  0.00  0.00
  TWT2                    1.00   0.00  0.00  0.00  0.00  1.00  0.00  0.00  0.00  0.00
  TWT3                    1.00   0.00  0.00  0.00  1.00  0.00  0.00  0.00  0.00  0.00
  TWT4                    1.00   0.00  0.00  0.00  1.00  0.00  0.00  0.00  1.00  0.00
  1_2_b_                  1.00   0.00  1.00  0.00  0.00  0.00  0.00  0.00  0.00  0.00
  1_2_b_1                 1.00   0.00  0.00  0.00  1.00  0.00  0.00  0.00  0.00  0.00
  1_2_b_2                 1.00   0.00  1.00  0.00  0.00  0.00  0.00  0.00  0.00  0.00
  TWT5                    1.00   0.00  0.00  0.00  1.00  0.00  0.00  0.00  0.00  0.00
  1_4_a                   1.00   0.00  0.00  0.00  0.00  1.00  0.00  0.00  0.00  0.00
  TWT6                    1.00   0.00  0.00  0.00  1.00  0.00  0.00  0.00  0.00  0.00
  1_4_b                   1.00   0.00  1.00  0.00  0.00  0.00  0.00  0.00  0.00  0.00
  TWT7                    1.00   0.00  1.00  0.00  0.00  0.00  0.00  0.00  0.00  0.00
  1_5_a                   1.00   0.00  1.00  0.00  0.00  0.00  0.00  0.00  0.00  0.00
  1_6_a_2                 1.00   0.00  0.00  0.00  1.00  0.00  0.00  0.00  0.00  0.00
  1_7_a                   1.00   0.00  0.00  0.00  0.00  1.00  0.00  0.00  0.00  0.00
  1_7_a_                  1.00   0.00  1.00  0.00  0.00  0.00  0.00  0.00  0.00  0.00
  1_7_a__                 1.00   0.00  0.00  0.00  1.00  0.00  0.00  0.00  0.00  0.00
  1_7_a_1                 1.00   0.00  0.00  0.00  0.00  1.00  0.00  0.00  0.00  0.00
  1_7_a_4                 1.00   0.00  1.00  0.00  0.00  0.00  0.00  0.00  0.00  0.00
  
  
  *************************
  Conduit Surcharge Summary
  *************************
  
  ----------------------------------------------------------------------------
                                                           Hours        Hours 
                         --------- Hours Full --------   Above Full   Capacity
  Conduit                Both Ends  Upstream  Dnstream   Normal Flow   Limited
  ----------------------------------------------------------------------------
  Brunn_Fassung_L             0.01      0.01     24.00      0.01         0.01
  11                         23.98     23.98     23.99      0.01         0.01
  14                         23.99     23.99     23.99      0.01         0.01
  16                         24.00     24.00     24.00     23.99        23.99
  17                         24.00     24.00     24.00      0.01         0.01
  26                         23.99     23.99     23.99      0.01         0.01
  27                         23.96     23.96     23.97      0.01         0.01
  Brunnmuehle_L              24.00     24.00     24.00      0.01         0.01
  46                         24.00     24.00     24.00      0.01         0.01
  47                         24.00     24.00     24.00     24.00        24.00
  51                          0.01      0.01     23.98      0.01         0.01
  53                         24.00     24.00     24.00      0.01         0.01
  67                         23.99     23.99     24.00      0.01         0.01
  Amont_L                    24.00     24.00     24.00      0.01         0.01
  69                          0.01      0.01     24.00      0.01         0.01
  70                          0.01      0.01     24.00      0.01         0.01
  Sauser_L                    0.01      0.01     24.00      0.01         0.01
  5                           0.01      0.01     24.00      0.01         0.01
  6                           0.01      0.01     24.00      0.01         0.01
  7                          23.99     23.99     24.00      0.01         0.01
  Brunn_Teich_L               0.01      0.01     23.98      0.01         0.01
  9                           0.01      0.01     23.98      0.01         0.01
  15                          0.01      0.01     23.98      0.01         0.01
  13                          0.01      0.01     24.00      0.01         0.01
  22                          0.01      0.01     24.00      0.01         0.01
  24                          0.01      0.01     24.00      0.01         0.01
  30                          0.01      0.01     24.00      0.01         0.01
  48                          0.01      0.01     23.89      0.01         0.01
  1_2_b_1                    23.93     23.99     23.93     23.99        23.93
  1_6_a_2                    23.92     23.99     23.92     23.99        23.92
  1_7_a                       0.01      0.01      0.01     23.94         0.01
  1_7_a__                     0.01      0.01     24.00      0.01         0.01
  1_7_a_1                     0.01      0.01     23.99     23.99         0.01
  

  Analysis begun on:  Wed Aug 12 18:53:38 2026
  Analysis ended on:  Wed Aug 12 18:53:41 2026
  Total elapsed time: 00:00:03