
  EPA STORM WATER MANAGEMENT MODEL - VERSION 5.2 (Build 5.2.4)
  ------------------------------------------------------------

  Brunnmuehle (Twann) 
  WARNING 08: elevation drop exceeds length for Conduit SS3_L
  WARNING 08: elevation drop exceeds length for Conduit SS6_L
  WARNING 08: elevation drop exceeds length for Conduit 2
  WARNING 08: elevation drop exceeds length for Conduit 3
  WARNING 08: elevation drop exceeds length for Conduit 68
  WARNING 08: elevation drop exceeds length for Conduit 1_2_b_
  WARNING 08: elevation drop exceeds length for Conduit 1_2_b_2
  WARNING 08: elevation drop exceeds length for Conduit 1_4_b
  WARNING 08: elevation drop exceeds length for Conduit 1_5_a
  WARNING 04: minimum elevation drop used for Conduit 1_7_a
  WARNING 08: elevation drop exceeds length for Conduit 1_7_a_
  WARNING 08: elevation drop exceeds length for Conduit 1_7_a__
  WARNING 02: maximum depth increased for Node 2
  
  ****************
  Analysis Options
  ****************
  Flow Units ............... CMS
  Process Models:
    Rainfall/Runoff ........ NO
    RDII ................... NO
    Snowmelt ............... NO
    Groundwater ............ NO
    Flow Routing ........... YES
    Ponding Allowed ........ NO
    Water Quality .......... NO
  Flow Routing Method ...... DYNWAVE
  Surcharge Method ......... EXTRAN
  Starting Date ............ 01/01/2000 00:00:00
  Ending Date .............. 01/02/2000 00:00:00
  Antecedent Dry Days ...... 0.0
  Report Time Step ......... 01:00:00
  Routing Time Step ........ 0.50 sec
  Variable Time Step ....... YES
  Maximum Trials ........... 8
  Number of Threads ........ 1
  Head Tolerance ........... 0.001500 m
  
  
  **************************        Volume        Volume
  Flow Routing Continuity        hectare-m      10^6 ltr
  **************************     ---------     ---------
  Dry Weather Inflow .......         0.000         0.000
  Wet Weather Inflow .......         0.000         0.000
  Groundwater Inflow .......         0.000         0.000
  RDII Inflow ..............         0.000         0.000
  External Inflow ..........       207.725      2077.271
  External Outflow .........       197.446      1974.482
  Flooding Loss ............         0.000         0.000
  Evaporation Loss .........         0.000         0.000
  Exfiltration Loss ........         0.000         0.000
  Initial Stored Volume ....         0.057         0.565
  Final Stored Volume ......         0.560         5.596
  Continuity Error (%) .....         4.705
  
  
  *************************
  Highest Continuity Errors
  *************************
  Node TWT_Acces_LT_60+110 (-4155.76%)
  Node 47 (-183.27%)
  Node SonSto_F (-106.78%)
  Node SonSto_F_sup (99.00%)
  Node SondeSchuettstein (92.92%)
  
  
  ***************************
  Time-Step Critical Elements
  ***************************
  Link 1_4_a (18042.53%)
  Link 1_8_a (10.34%)
  
  
  ********************************
  Highest Flow Instability Indexes
  ********************************
  All links are stable.
  
  
  *********************************
  Most Frequent Nonconverging Nodes
  *********************************
  Node Brunnm_Fassung (37.83%)
  Node Brunnmuehle(Teich) (37.83%)
  Node Fensterstollen (37.83%)
  Node Gischeren (37.83%)
  Node Schuettstein (37.83%)
  
  
  *************************
  Routing Time Step Summary
  *************************
  Minimum Time Step           :     0.50 sec
  Average Time Step           :     0.50 sec
  Maximum Time Step           :     0.50 sec
  % of Time in Steady State   :    99.45
  Average Iterations per Step :     5.09
  % of Steps Not Converging   :    37.83
  Time Step Frequencies       :
      0.500 -  0.500 sec      :   100.00 %
      0.500 -  0.500 sec      :     0.00 %
      0.500 -  0.500 sec      :     0.00 %
      0.500 -  0.500 sec      :     0.00 %
      0.500 -  0.500 sec      :     0.00 %
  
  
  ******************
  Node Depth Summary
  ******************
  
  ---------------------------------------------------------------------------------
                                 Average  Maximum  Maximum  Time of Max    Reported
                                   Depth    Depth      HGL   Occurrence   Max Depth
  Node                 Type       Meters   Meters   Meters  days hr:min      Meters
  ---------------------------------------------------------------------------------
  9                    JUNCTION    30.23    37.25   475.75     0  00:00       30.26
  Holiloch_sonde       JUNCTION    28.73    32.57   472.57     0  00:00       28.75
  11                   JUNCTION    39.38    41.58   451.58     0  00:00       39.39
  13                   JUNCTION    30.73    30.76   468.76     0  00:07       30.75
  21                   JUNCTION    38.37    38.48   438.48     0  00:00       38.38
  SonSto_F             JUNCTION     0.65     0.70   438.50     0  00:02        0.66
  Sondierstollen       JUNCTION     0.00     0.00   440.80     0  00:00        0.00
  Aval_Trappe          JUNCTION     0.86     0.95   438.55     0  00:02        0.86
  30                   JUNCTION     1.00     1.00   438.30     0  00:07        1.00
  Gischeren_node       JUNCTION     0.00     0.00   476.50     0  00:00        0.00
  34                   JUNCTION    17.67    18.00   438.00     0  00:00       17.68
  38                   JUNCTION    20.42    20.51   440.51     0  00:00       20.43
  SS6                  JUNCTION     0.04     0.04   448.04     0  00:07        0.04
  40                   JUNCTION    19.66    19.67   438.67     0  00:07       19.66
  41                   JUNCTION    31.25    36.97   474.47     0  00:00       31.27
  SondeSchuettstein    JUNCTION     9.74    13.64   472.64     0  00:01        9.75
  SS4                  JUNCTION     0.04     0.04   448.04     0  00:07        0.04
  47                   JUNCTION     3.84     4.65   469.55     0  00:02        3.85
  48                   JUNCTION     0.00     0.03   471.03     0  00:01        0.00
  SondeGischeren       JUNCTION     0.00     0.00   465.00     0  00:00        0.00
  49                   JUNCTION     2.71     2.72   468.72     0  00:07        2.72
  50                   JUNCTION     0.00     0.00   463.00     0  00:00        0.00
  51                   JUNCTION    49.78    49.80   469.80     0  00:07       49.80
  Amont_C              JUNCTION    54.86   141.12   559.12     0  00:00       54.88
  52                   JUNCTION     0.18     0.18   457.18     0  00:07        0.18
  53                   JUNCTION     1.42     1.43   468.43     0  00:07        1.43
  54                   JUNCTION     0.10     0.10   463.10     0  00:07        0.10
  56                   JUNCTION     6.07     6.07   436.07     0  00:07        6.07
  2                    JUNCTION     0.79     0.80   438.80     0  00:07        0.79
  4                    JUNCTION     8.32     8.90   436.90     0  00:00        8.33
  5                    JUNCTION     0.00     0.00   472.50     0  00:00        0.00
  6                    JUNCTION    10.76    11.45   469.45     0  00:02       10.77
  7                    JUNCTION     0.00     0.00   475.00     0  00:00        0.00
  SS3                  JUNCTION     0.00     0.00   448.00     0  00:00        0.00
  SS5                  JUNCTION     0.06     0.06   438.96     0  00:07        0.06
  8                    JUNCTION     0.00     0.00   474.00     0  00:00        0.00
  10                   JUNCTION     0.69     0.69   468.69     0  00:07        0.69
  SonSto_SS5           JUNCTION     0.00     0.00   439.30     0  00:07        0.00
  SonSto_SS3           JUNCTION     0.00     0.00   439.70     0  00:00        0.00
  SonSto_SS4           JUNCTION     0.02     0.02   439.42     0  00:07        0.02
  Amont_Trappe         JUNCTION     0.76     0.85   438.55     0  00:02        0.76
  SonSto_SS6           JUNCTION     0.05     0.05   438.75     0  00:07        0.05
  SS2                  JUNCTION     0.00     0.00   448.00     0  00:00        0.00
  SonSto_SS2           JUNCTION     0.00     0.00   441.50     0  00:00        0.00
  12                   JUNCTION     6.26     6.27   455.27     0  00:07        6.27
  14                   JUNCTION     0.87     0.87   465.87     0  00:07        0.87
  15                   JUNCTION     0.00     0.00   472.00     0  00:00        0.00
  TWT_PointHaut_60+650 JUNCTION     0.02     0.02   438.52     0  00:07        0.02
  TWT_Fensterstollen_60+375 JUNCTION     1.28     1.28   438.58     0  00:07        1.28
  TWT_Acces_LT_60+110  JUNCTION     1.29     1.30   438.80     0  00:07        1.29
  TWT_Liaison_LT_59+738 JUNCTION     0.00     0.00   446.50     0  00:00        0.00
  Syst_Est_amont       JUNCTION     0.90     0.90   430.90     0  00:07        0.90
  Syst_Est_interm      JUNCTION    19.49    24.81   434.81     0  00:07       19.59
  TWT_Branche_Est_Sonsto_60+540 JUNCTION     0.15     0.16   438.56     0  00:03        0.15
  TWT_Intersection_Sonsto_60+345 JUNCTION     1.68     1.69   438.69     0  00:07        1.69
  TWT_Chrosweg_61+140  JUNCTION     0.02     0.02   432.02     0  00:07        0.02
  SonSto_F_sup         JUNCTION     0.00     0.00   448.00     0  00:00        0.00
  SonSto_porte         JUNCTION     0.19     0.19   438.69     0  00:07        0.19
  Brunnm_Fassung       OUTFALL      0.09     0.09   433.89     0  00:07        0.09
  Brunnmuehle(Teich)   OUTFALL      0.19     0.19   435.69     0  00:07        0.19
  Fensterstollen       OUTFALL      0.94     0.94   437.94     0  00:07        0.94
  Gischeren            OUTFALL      0.00     0.00   480.00     0  00:00        0.00
  Schuettstein         OUTFALL      0.00     0.00   477.55     0  00:00        0.00
  Holiloch             OUTFALL      0.00     0.00   476.50     0  00:00        0.00
  Sauserquelle         OUTFALL      0.23     0.23   435.78     0  00:07        0.23
  Entw_Stollen         OUTFALL      0.18     0.18   436.68     0  00:04        0.18
  Sous_lacustre        OUTFALL      0.10     0.10   429.30     0  00:07        0.10
  Sous_ecoul.          OUTFALL      0.00     0.00   433.00     0  00:00        0.00
  Syst_Est_aval        OUTFALL      0.28     0.42   429.42     0  00:07        0.28
  TWT_Portail_Est_61+665 OUTFALL      0.01     0.01   421.61     0  00:07        0.01
  
  
  *******************
  Node Inflow Summary
  *******************
  
  -------------------------------------------------------------------------------------------------
                                  Maximum  Maximum                  Lateral       Total        Flow
                                  Lateral    Total  Time of Max      Inflow      Inflow     Balance
                                   Inflow   Inflow   Occurrence      Volume      Volume       Error
  Node                 Type           CMS      CMS  days hr:min    10^6 ltr    10^6 ltr     Percent
  -------------------------------------------------------------------------------------------------
  9                    JUNCTION         0     9.73     0  00:00           0        5.41       1.214
  Holiloch_sonde       JUNCTION         0     8.36     0  00:00           0        5.34       1.308
  11                   JUNCTION         0    0.205     0  00:03           0        17.5       0.004
  13                   JUNCTION         0     22.9     0  00:00           0    1.88e+03       0.005
  21                   JUNCTION         0    0.311     0  00:07           0        26.9      -0.015
  SonSto_F             JUNCTION         0     1.22     0  00:01           0        4.59     -51.639
  Sondierstollen       JUNCTION         0        0     0  00:00           0           0       0.000 ltr
  Aval_Trappe          JUNCTION         0     11.1     0  00:07           0         954      -0.289
  30                   JUNCTION         0     22.5     0  00:07           0    1.94e+03       3.798
  Gischeren_node       JUNCTION         0        0     0  00:00           0           0       0.000 ltr
  34                   JUNCTION         0    0.281     0  00:07           0        24.2      -0.001
  38                   JUNCTION         0    0.194     0  00:02           0        16.1       0.009
  SS6                  JUNCTION         0   0.0525     0  00:07           0        4.52       0.088
  40                   JUNCTION         0    0.853     0  00:07           0        73.6       0.014
  41                   JUNCTION         0     2.83     0  00:00           0      0.0409     228.408
  SondeSchuettstein    JUNCTION         0    0.345     0  00:01           0      0.0122    1311.666
  SS4                  JUNCTION         0   0.0235     0  00:07           0        2.03       0.160
  47                   JUNCTION         0     1.74     0  00:01           0      0.0344     -64.698
  48                   JUNCTION         0    0.164     0  00:01           0    0.000133       9.810
  SondeGischeren       JUNCTION         0        0     0  00:00           0           0       0.000 ltr
  49                   JUNCTION         0    0.308     0  00:02           0        5.02       8.410
  50                   JUNCTION         0        0     0  00:00           0           0       0.000 ltr
  51                   JUNCTION         0     40.1     0  00:00           0    1.98e+03       0.006
  Amont_C              JUNCTION      22.9     46.8     0  00:00    1.98e+03    1.98e+03       0.014
  52                   JUNCTION         0    0.129     0  00:07           0        11.1       2.962
  53                   JUNCTION         0   0.0517     0  00:02           0        3.19       3.097
  54                   JUNCTION         0   0.0359     0  00:07           0        3.09       2.207
  56                   JUNCTION         0    0.469     0  00:07           0        40.5       0.001
  2                    JUNCTION         0     1.15     0  00:04           0        14.7     -44.879
  4                    JUNCTION         0    0.255     0  00:07           0          22       0.024
  5                    JUNCTION         0        0     0  00:00           0           0       0.000 ltr
  6                    JUNCTION         0     4.45     0  00:00           0        5.37       6.205
  7                    JUNCTION         0        0     0  00:00           0           0       0.000 ltr
  SS3                  JUNCTION         0        0     0  00:00           0           0       0.000 ltr
  SS5                  JUNCTION         0   0.0227     0  00:07           0        1.95       0.504
  8                    JUNCTION         0        0     0  00:00           0           0       0.000 ltr
  10                   JUNCTION         0   0.0538     0  00:07           0        4.63       2.391
  SonSto_SS5           JUNCTION         0  0.00113     0  00:07           0      0.0977       0.411
  SonSto_SS3           JUNCTION         0        0     0  00:00           0           0       0.000 ltr
  SonSto_SS4           JUNCTION         0   0.0235     0  00:07           0        2.02       0.159
  Amont_Trappe         JUNCTION         0     1.29     0  00:01           0        5.27     -14.385
  SonSto_SS6           JUNCTION         0   0.0532     0  00:07           0        4.59       0.923
  SS2                  JUNCTION         0        0     0  00:00           0           0       0.000 ltr
  SonSto_SS2           JUNCTION         0        0     0  00:00           0           0       0.000 ltr
  12                   JUNCTION         0    0.267     0  00:01           0        21.1       0.029
  14                   JUNCTION         0    0.497     0  00:07           0        42.9       0.153
  15                   JUNCTION         0   0.0435     0  00:00           0     2.2e-05     -98.166
  TWT_PointHaut_60+650 JUNCTION         0   0.0244     0  00:04           0        1.77      -1.251
  TWT_Fensterstollen_60+375 JUNCTION         0       22     0  00:07           0    1.87e+03      -3.000
  TWT_Acces_LT_60+110  JUNCTION         0      6.9     0  00:03           0        1.75     -97.650
  TWT_Liaison_LT_59+738 JUNCTION         0        0     0  00:00           0           0       0.000 ltr
  Syst_Est_amont       JUNCTION      1.15     1.15     0  00:00        98.9        98.9     172.114
  Syst_Est_interm      JUNCTION         0     1.21     0  00:04           0        36.4       1.090
  TWT_Branche_Est_Sonsto_60+540 JUNCTION         0    0.622     0  00:02           0        33.1      19.833
  TWT_Intersection_Sonsto_60+345 JUNCTION         0     14.7     0  00:01           0         996       7.351
  TWT_Chrosweg_61+140  JUNCTION         0   0.0209     0  00:07           0         1.8      19.027
  SonSto_F_sup         JUNCTION         0 4.46e-05     0  00:00           0    0.000494     489.501 ltr
  SonSto_porte         JUNCTION         0     1.29     0  00:07           0        43.9  193301.632
  Brunnm_Fassung       OUTFALL          0   0.0254     0  00:07           0        2.19       0.000
  Brunnmuehle(Teich)   OUTFALL          0     0.25     0  00:07           0        21.5       0.000
  Fensterstollen       OUTFALL          0     21.6     0  00:07           0    1.87e+03       0.000
  Gischeren            OUTFALL          0        0     0  00:00           0           0       0.000 ltr
  Schuettstein         OUTFALL          0        0     0  00:00           0           0       0.000 ltr
  Holiloch             OUTFALL          0        0     0  00:00           0           0       0.000 ltr
  Sauserquelle         OUTFALL          0    0.469     0  00:07           0        40.5       0.000
  Entw_Stollen         OUTFALL          0   0.0515     0  00:07           0        4.43       0.000
  Sous_lacustre        OUTFALL          0   0.0308     0  00:07           0        2.65       0.000
  Sous_ecoul.          OUTFALL          0  0.00577     0  00:00           0       0.481       0.000
  Syst_Est_aval        OUTFALL          0    0.897     0  00:07           0          36       0.000
  TWT_Portail_Est_61+665 OUTFALL          0   0.0175     0  00:07           0        1.51       0.000
  
  
  **********************
  Node Surcharge Summary
  **********************
  
  Surcharging occurs when water rises above the top of the highest conduit.
  ---------------------------------------------------------------------
                                               Max. Height   Min. Depth
                                   Hours       Above Crown    Below Rim
  Node                 Type      Surcharged         Meters       Meters
  ---------------------------------------------------------------------
  9                    JUNCTION       23.99         35.452       62.748
  Holiloch_sonde       JUNCTION       23.99         30.672      167.428
  11                   JUNCTION       24.00         41.121      108.419
  13                   JUNCTION       23.99         27.765      369.235
  21                   JUNCTION       24.00         37.884      111.516
  34                   JUNCTION       24.00         17.404       81.996
  38                   JUNCTION       24.00         19.910      129.490
  40                   JUNCTION       24.00         15.665       80.335
  41                   JUNCTION       23.99         36.122      213.028
  SondeSchuettstein    JUNCTION       23.97         12.842        0.000
  47                   JUNCTION       23.97          2.749       95.351
  51                   JUNCTION       24.00         45.802      350.198
  Amont_C              JUNCTION       24.00        138.119      258.881
  56                   JUNCTION       24.00          5.068       93.932
  4                    JUNCTION       23.99          8.250       91.100
  6                    JUNCTION       23.98          6.453      188.547
  12                   JUNCTION       23.98          5.919      193.731
  Syst_Est_interm      JUNCTION       23.88         23.311       75.189
  
  
  *********************
  Node Flooding Summary
  *********************
  
  No nodes were flooded.
  
  
  ***********************
  Outfall Loading Summary
  ***********************
  
  -----------------------------------------------------------
                         Flow       Avg       Max       Total
                         Freq      Flow      Flow      Volume
  Outfall Node           Pcnt       CMS       CMS    10^6 ltr
  -----------------------------------------------------------
  Brunnm_Fassung        99.95    0.0254    0.0254       2.191
  Brunnmuehle(Teich)    99.95     0.249      0.25      21.538
  Fensterstollen        99.98      21.6      21.6    1865.216
  Gischeren              0.00         0         0       0.000
  Schuettstein           0.00         0         0       0.000
  Holiloch               0.00         0         0       0.000
  Sauserquelle          99.98     0.469     0.469      40.496
  Entw_Stollen          99.82    0.0513    0.0515       4.427
  Sous_lacustre        100.00    0.0307    0.0308       2.655
  Sous_ecoul.           99.95   0.00557   0.00577       0.481
  Syst_Est_aval         99.50     0.418     0.897      35.960
  TWT_Portail_Est_61+665  99.79    0.0175    0.0175       1.509
  -----------------------------------------------------------
  System                74.91      22.9      22.9    1974.473
  
  
  ********************
  Link Flow Summary
  ********************
  
  -----------------------------------------------------------------------------
                                 Maximum  Time of Max   Maximum    Max/    Max/
                                  |Flow|   Occurrence   |Veloc|    Full    Full
  Link                 Type          CMS  days hr:min     m/sec    Flow   Depth
  -----------------------------------------------------------------------------
  Brunn_Fassung_L      CONDUIT    0.0254     0  00:07      1.15    0.42    0.73
  11                   CONDUIT      8.36     0  00:00      4.92    1.25    1.00
  14                   CONDUIT      9.73     0  00:00      6.66    5.30    1.00
  16                   CONDUIT     0.205     0  00:03      2.39    1.43    1.00
  17                   CONDUIT     0.196     0  00:00      0.69    0.33    1.00
  26                   CONDUIT      2.83     0  00:00      5.08    3.83    1.00
  27                   CONDUIT    0.0621     0  00:01      1.63    0.80    1.00
  Gischeren_L          CONDUIT         0     0  00:00      0.00    0.00    0.00
  Schuettstein_L       CONDUIT         0     0  00:00      0.00    0.00    0.03
  Brunnmuehle_L        CONDUIT     0.281     0  00:07      0.99    0.13    1.00
  32                   CONDUIT         0     0  00:00      0.00    0.00    0.00
  35                   CONDUIT         0     0  00:00      0.00    0.00    0.00
  45                   CONDUIT    0.0528     0  00:07      0.15    0.00    0.12
  46                   CONDUIT     0.469     0  00:07      1.66    0.47    1.00
  47                   CONDUIT    0.0895     0  00:02      2.36    5.58    1.00
  50                   CONDUIT     0.164     0  00:01      0.64    0.03    0.52
  51                   CONDUIT    0.0226     0  00:07      0.39    0.06    0.59
  53                   CONDUIT     0.194     0  00:02      1.17    0.99    1.00
  Fenster_L            CONDUIT      21.6     0  00:07     11.17    0.21    0.32
  58                   CONDUIT      11.1     0  00:07      6.52    0.14    0.31
  59                   CONDUIT  0.000777     0  00:07      0.08    0.00    0.01
  61                   CONDUIT     0.345     0  00:01      1.56    0.49    1.00
  63                   CONDUIT    0.0525     0  00:07      2.04    0.24    0.18
  66                   CONDUIT         0     0  00:00      0.00    0.00    0.00
  67                   CONDUIT      22.9     0  00:00      5.49    0.23    1.00
  Amont_L              CONDUIT      40.1     0  00:00      5.67    2.17    1.00
  69                   CONDUIT     0.129     0  00:07      1.32    0.50    0.73
  70                   CONDUIT     0.125     0  00:07      1.28    0.39    0.73
  71                   CONDUIT    0.0517     0  00:02      0.42    0.09    0.74
  72                   CONDUIT    0.0359     0  00:07      0.85    0.17    0.15
  Sauser_L             CONDUIT     0.469     0  00:07      0.92    0.12    0.62
  75                   CONDUIT    0.0235     0  00:07      2.21    0.24    0.27
  Entw_Sto_L           CONDUIT    0.0515     0  00:07      2.02    1.19    1.00
  4                    CONDUIT    0.0116     0  00:07      0.62    0.52    0.76
  5                    CONDUIT    0.0187     0  00:03      0.78    0.67    1.00
  6                    CONDUIT    0.0308     0  00:07      1.24    0.46    0.74
  7                    CONDUIT     0.255     0  00:07      1.30    0.39    1.00
  Brunn_Teich_L        CONDUIT      0.25     0  00:07      1.10    0.19    0.65
  9                    CONDUIT   0.00577     0  00:00      1.45    0.00    0.50
  12                   CONDUIT         0     0  00:00      0.00    0.00    0.50
  15                   CONDUIT      4.45     0  00:00      2.95    0.11    1.00
  18                   CONDUIT      1.74     0  00:01      1.15    0.07    1.00
  19                   CONDUIT     0.308     0  00:02      0.69    0.29    0.77
  20                   CONDUIT      1.29     0  00:01      2.57    0.10    0.90
  21                   CONDUIT         0     0  00:00      0.00    0.00    0.00
  Hooliloch_L          CONDUIT         0     0  00:00      0.00    0.00    0.00
  23                   CONDUIT         0     0  00:00      0.00    0.00    0.00
  25                   CONDUIT         0     0  00:00      0.00    0.00    0.50
  28                   CONDUIT         0     0  00:00      0.00    0.00    0.00
  29                   CONDUIT   0.00113     0  00:07      0.23    0.00    0.00
  31                   CONDUIT         0     0  00:00      0.00    0.00    0.00
  33                   CONDUIT    0.0538     0  00:07      0.27    0.02    0.21
  37                   CONDUIT  0.000353     0  00:07      0.03    0.00    0.01
  SS3_L                CONDUIT         0     0  00:00      0.00    0.00    0.00
  40                   CONDUIT      1.22     0  00:01      1.05    0.01    0.19
  SS6_L                CONDUIT    0.0525     0  00:07      3.21    0.00    0.02
  1                    CONDUIT         0     0  00:00      0.00    0.00    0.00
  2                    CONDUIT         0     0  00:00      0.00    0.00    0.00
  3                    CONDUIT    0.0235     0  00:07      3.33    0.00    0.03
  10                   CONDUIT    0.0223     0  00:07      1.11    0.00    0.01
  13                   CONDUIT     0.267     0  00:01      2.86    0.58    1.00
  22                   CONDUIT     0.244     0  00:07      2.54    0.61    1.00
  24                   CONDUIT     0.497     0  00:07      1.14    0.00    0.61
  30                   CONDUIT     0.496     0  00:07      1.13    0.21    0.61
  34                   CONDUIT    0.0435     0  00:00      0.37    0.05    0.50
  36                   CONDUIT  4.46e-05     0  00:00      0.00    0.00    0.00
  38                   CONDUIT         0     0  00:00      0.00    0.00    0.00
  48                   CONDUIT      1.21     0  00:04      2.64    0.81    0.95
  54                   CONDUIT     0.897     0  00:07      0.75    0.17    0.66
  68                   CONDUIT  4.63e-05     0  00:01      0.04    0.00    0.12
  73                   CONDUIT     0.259     0  00:07      0.44    0.06    0.24
  TWT1                 CONDUIT    0.0175     0  00:07      1.65    0.00    0.00
  TWT2                 CONDUIT    0.0209     0  00:07      1.21    0.00    0.00
  TWT3                 CONDUIT    0.0244     0  00:04      0.25    0.00    0.01
  TWT4                 CONDUIT     0.439     0  00:03      0.23    0.00    0.09
  1_2_b_               CONDUIT         0     0  00:00      0.00    0.00    0.03
  1_2_b_1              CONDUIT      10.8     0  00:04     16.60    6.56    1.00
  1_2_b_2              CONDUIT  4.89e-06     0  00:00      0.00    0.00    0.50
  TWT5                 CONDUIT      10.8     0  00:07      1.69    0.01    0.19
  1_4_a                CONDUIT        11     0  00:07      4.95    0.17    0.36
  TWT6                 CONDUIT       6.9     0  00:03      1.75    0.02    0.19
  1_4_b                CONDUIT      3.77     0  00:07      2.07    0.01    0.31
  TWT7                 CONDUIT         0     0  00:00      0.00    0.00    0.08
  1_5_a                CONDUIT         0     0  00:00      0.00    0.00    0.20
  1_6_b_2              CONDUIT      10.8     0  00:04     16.51    5.48    1.00
  1_7_a                CONDUIT      11.3     0  00:07      3.52    2.58    0.23
  1_7_a_               CONDUIT     2e-05     0  00:01      0.02    0.00    0.08
  1_7_a__              CONDUIT     0.384     0  00:07      0.82    0.01    0.58
  1_8_a                CONDUIT      1.13     0  00:04      3.87    0.00    0.21
  
  
  ***************************
  Flow Classification Summary
  ***************************
  
  -------------------------------------------------------------------------------------
                      Adjusted    ---------- Fraction of Time in Flow Class ---------- 
                       /Actual         Up    Down  Sub   Sup   Up    Down  Norm  Inlet 
  Conduit               Length    Dry  Dry   Dry   Crit  Crit  Crit  Crit  Ltd   Ctrl  
  -------------------------------------------------------------------------------------
  Brunn_Fassung_L         1.00   0.00  0.00  0.00  0.00  1.00  0.00  0.00  0.00  0.00
  11                      1.00   0.00  0.00  0.00  1.00  0.00  0.00  0.00  0.00  0.00
  14                      1.00   0.00  0.00  0.00  1.00  0.00  0.00  0.00  0.00  0.00
  16                      1.00   0.00  0.00  0.00  1.00  0.00  0.00  0.00  0.00  0.00
  17                      1.00   0.00  0.00  0.00  1.00  0.00  0.00  0.00  0.00  0.00
  26                      1.00   0.00  0.00  0.00  1.00  0.00  0.00  0.00  0.00  0.00
  27                      1.00   0.00  0.00  0.00  1.00  0.00  0.00  0.00  0.00  0.00
  Gischeren_L             1.00   1.00  0.00  0.00  0.00  0.00  0.00  0.00  0.00  0.00
  Schuettstein_L          1.00   1.00  0.00  0.00  0.00  0.00  0.00  0.00  0.00  0.00
  Brunnmuehle_L           1.00   0.00  0.00  0.00  1.00  0.00  0.00  0.00  0.00  0.00
  32                      1.00   1.00  0.00  0.00  0.00  0.00  0.00  0.00  0.00  0.00
  35                      1.00   1.00  0.00  0.00  0.00  0.00  0.00  0.00  0.00  0.00
  45                      1.00   0.00  0.00  0.00  1.00  0.00  0.00  0.00  1.00  0.00
  46                      1.00   0.00  0.00  0.00  1.00  0.00  0.00  0.00  0.00  0.00
  47                      1.00   0.00  0.00  0.00  1.00  0.00  0.00  0.00  0.00  0.00
  50                      1.00   0.00  1.00  0.00  0.00  0.00  0.00  0.00  1.00  0.00
  51                      1.00   0.00  0.00  0.00  1.00  0.00  0.00  0.00  1.00  0.00
  53                      1.00   0.00  0.00  0.00  1.00  0.00  0.00  0.00  0.00  0.00
  Fenster_L               1.00   0.00  0.00  0.00  0.00  1.00  0.00  0.00  0.00  0.00
  58                      1.00   0.00  0.00  0.00  0.00  1.00  0.00  0.00  0.00  0.00
  59                      1.00   0.00  0.00  0.00  1.00  0.00  0.00  0.00  1.00  0.00
  61                      1.00   0.00  0.00  0.00  1.00  0.00  0.00  0.00  0.00  0.00
  63                      1.00   0.00  0.00  0.00  0.00  1.00  0.00  0.00  0.00  0.00
  66                      1.00   1.00  0.00  0.00  0.00  0.00  0.00  0.00  0.00  0.00
  67                      1.00   0.00  0.00  0.00  1.00  0.00  0.00  0.00  0.00  0.00
  Amont_L                 1.00   0.00  0.00  0.00  1.00  0.00  0.00  0.00  0.00  0.00
  69                      1.00   0.00  0.00  0.00  1.00  0.00  0.00  0.00  0.00  0.00
  70                      1.00   0.00  0.00  0.00  1.00  0.00  0.00  0.00  0.00  0.00
  71                      1.00   0.00  0.00  0.00  1.00  0.00  0.00  0.00  0.00  0.00
  72                      1.00   0.00  0.00  0.00  1.00  0.00  0.00  0.00  0.00  0.00
  Sauser_L                1.00   0.00  0.00  0.00  1.00  0.00  0.00  0.00  0.00  0.00
  75                      1.00   0.00  0.00  0.00  0.00  1.00  0.00  0.00  0.00  0.00
  Entw_Sto_L              1.00   0.00  0.00  0.00  1.00  0.00  0.00  0.00  0.00  0.00
  4                       1.00   0.00  0.00  0.00  1.00  0.00  0.00  0.00  1.00  0.00
  5                       1.00   0.00  0.00  0.00  1.00  0.00  0.00  0.00  0.00  0.00
  6                       1.00   0.00  0.00  0.00  0.00  1.00  0.00  0.00  0.00  0.00
  7                       1.00   0.00  0.00  0.00  1.00  0.00  0.00  0.00  0.00  0.00
  Brunn_Teich_L           1.00   0.00  0.00  0.00  1.00  0.00  0.00  0.00  0.00  0.00
  9                       1.00   0.00  0.00  0.00  0.00  1.00  0.00  0.00  0.00  0.00
  12                      1.00   0.00  1.00  0.00  0.00  0.00  0.00  0.00  0.00  0.00
  15                      1.00   0.00  0.00  0.00  1.00  0.00  0.00  0.00  0.00  0.00
  18                      1.00   0.00  0.00  0.00  1.00  0.00  0.00  0.00  0.00  0.00
  19                      1.00   0.00  0.00  0.00  1.00  0.00  0.00  0.00  0.00  0.00
  20                      1.00   0.00  0.00  0.00  1.00  0.00  0.00  0.00  0.00  0.00
  21                      1.00   1.00  0.00  0.00  0.00  0.00  0.00  0.00  0.00  0.00
  Hooliloch_L             1.00   1.00  0.00  0.00  0.00  0.00  0.00  0.00  0.00  0.00
  23                      1.00   1.00  0.00  0.00  0.00  0.00  0.00  0.00  0.00  0.00
  25                      1.00   0.00  1.00  0.00  0.00  0.00  0.00  0.00  0.00  0.00
  28                      1.00   0.00  1.00  0.00  0.00  0.00  0.00  0.00  0.00  0.00
  29                      1.00   0.00  0.00  0.00  1.00  0.00  0.00  0.00  0.00  0.00
  31                      1.00   1.00  0.00  0.00  0.00  0.00  0.00  0.00  0.00  0.00
  33                      1.00   0.00  0.00  0.00  1.00  0.00  0.00  0.00  0.00  0.00
  37                      1.00   0.00  0.00  0.00  1.00  0.00  0.00  0.00  1.00  0.00
  SS3_L                   1.00   1.00  0.00  0.00  0.00  0.00  0.00  0.00  0.00  0.00
  40                      1.00   0.00  0.00  0.00  1.00  0.00  0.00  0.00  0.00  0.00
  SS6_L                   1.00   0.00  0.00  0.00  0.00  1.00  0.00  0.00  1.00  0.00
  1                       1.00   1.00  0.00  0.00  0.00  0.00  0.00  0.00  0.00  0.00
  2                       1.00   1.00  0.00  0.00  0.00  0.00  0.00  0.00  0.00  0.00
  3                       1.00   0.00  0.00  0.00  0.00  1.00  0.00  0.00  0.00  0.00
  10                      1.00   0.00  0.00  0.00  0.00  1.00  0.00  0.00  1.00  0.00
  13                      1.00   0.00  0.00  0.00  1.00  0.00  0.00  0.00  0.00  0.00
  22                      1.00   0.00  0.00  0.00  1.00  0.00  0.00  0.00  0.00  0.00
  24                      1.00   0.00  0.00  0.00  1.00  0.00  0.00  0.00  0.00  0.00
  30                      1.00   0.00  0.00  0.00  1.00  0.00  0.00  0.00  1.00  0.00
  34                      1.00   0.00  0.00  0.00  1.00  0.00  0.00  0.00  1.00  0.00
  36                      1.00   0.00  0.00  0.00  0.00  1.00  0.00  0.00  0.00  0.00
  38                      1.00   1.00  0.00  0.00  0.00  0.00  0.00  0.00  0.00  0.00
  48                      1.00   0.00  0.00  0.00  1.00  0.00  0.00  0.00  0.00  0.00
  54                      1.00   0.00  0.01  0.00  0.99  0.00  0.00  0.00  0.00  0.00
  68                      1.00   0.00  1.00  0.00  0.00  0.00  0.00  0.00  1.00  0.00
  73                      1.00   0.00  0.00  0.00  1.00  0.00  0.00  0.00  0.00  0.00
  TWT1                    1.00   0.00  0.00  0.00  0.00  1.00  0.00  0.00  0.00  0.00
  TWT2                    1.00   0.00  0.00  0.00  0.00  1.00  0.00  0.00  0.00  0.00
  TWT3                    1.00   0.00  0.00  0.00  1.00  0.00  0.00  0.00  0.00  0.00
  TWT4                    1.00   0.00  0.00  0.00  1.00  0.00  0.00  0.00  0.00  0.00
  1_2_b_                  1.00   0.00  1.00  0.00  0.00  0.00  0.00  0.00  0.00  0.00
  1_2_b_1                 1.00   0.00  0.00  0.00  1.00  0.00  0.00  0.00  0.00  0.00
  1_2_b_2                 1.00   0.00  1.00  0.00  0.00  0.00  0.00  0.00  1.00  0.00
  TWT5                    1.00   0.00  0.00  0.00  1.00  0.00  0.00  0.00  0.00  0.00
  1_4_a                   1.00   0.00  0.00  0.00  0.00  1.00  0.00  0.00  0.00  0.00
  TWT6                    1.00   0.00  0.00  0.00  1.00  0.00  0.00  0.00  0.00  0.00
  1_4_b                   1.00   0.00  0.00  0.00  1.00  0.00  0.00  0.00  0.00  0.00
  TWT7                    1.00   0.00  1.00  0.00  0.00  0.00  0.00  0.00  0.00  0.00
  1_5_a                   1.00   0.00  1.00  0.00  0.00  0.00  0.00  0.00  0.00  0.00
  1_6_b_2                 1.00   0.00  0.00  0.00  1.00  0.00  0.00  0.00  0.00  0.00
  1_7_a                   1.00   0.00  0.00  0.00  0.00  1.00  0.00  0.00  0.00  0.00
  1_7_a_                  1.00   0.00  1.00  0.00  0.00  0.00  0.00  0.00  1.00  0.00
  1_7_a__                 1.00   0.00  0.00  0.00  1.00  0.00  0.00  0.00  0.00  0.00
  1_8_a                   1.00   0.00  0.00  0.00  1.00  0.00  0.00  0.00  0.00  0.00
  
  
  *************************
  Conduit Surcharge Summary
  *************************
  
  ----------------------------------------------------------------------------
                                                           Hours        Hours 
                         --------- Hours Full --------   Above Full   Capacity
  Conduit                Both Ends  Upstream  Dnstream   Normal Flow   Limited
  ----------------------------------------------------------------------------
  Brunn_Fassung_L             0.01      0.01     24.00      0.01         0.01
  11                         23.99     23.99     23.99      0.01         0.01
  14                         23.99     23.99     24.00      0.02         0.01
  16                         24.00     24.00     24.00     23.99        23.99
  17                         24.00     24.00     24.00      0.01         0.01
  26                         23.99     24.00     23.99      0.01         0.01
  27                         23.97     23.97     23.98      0.01         0.01
  Brunnmuehle_L              24.00     24.00     24.00      0.01         0.01
  46                         24.00     24.00     24.00      0.01         0.01
  47                         24.00     24.00     24.00     24.00        24.00
  50                          0.01      0.01     23.97      0.01         0.01
  51                          0.01      0.01     23.96      0.01         0.01
  53                         24.00     24.00     24.00      0.01         0.01
  61                         23.98     23.98     23.99      0.01         0.01
  67                         23.99     23.99     24.00      0.01         0.01
  Amont_L                    24.00     24.00     24.00     24.00         0.01
  69                          0.01      0.01     24.00      0.01         0.01
  70                          0.01      0.01     24.00      0.01         0.01
  71                          0.01      0.01     23.97      0.01         0.01
  Sauser_L                    0.01      0.01     24.00      0.01         0.01
  Entw_Sto_L                 23.92     23.94     23.92     23.93        23.92
  4                           0.01      0.01     23.94      0.01         0.01
  5                          23.94     23.94     24.00      0.01         0.01
  6                           0.01      0.01     24.00      0.01         0.01
  7                          23.99     23.99     24.00      0.01         0.01
  Brunn_Teich_L               0.01      0.01     23.99      0.01         0.01
  9                           0.01      0.01     23.99      0.01         0.01
  15                         23.98     23.98     23.99      0.01         0.01
  18                         23.97     23.97     23.98      0.01         0.01
  19                          0.01      0.01     23.98      0.01         0.01
  13                         23.98     23.98     24.00      0.01         0.01
  22                         23.98     23.98     24.00      0.01         0.01
  24                          0.01      0.01     24.00      0.01         0.01
  30                          0.01      0.01     24.00      0.01         0.01
  34                          0.01      0.01     23.99      0.01         0.01
  48                          0.01      0.01     23.91      0.01         0.01
  54                          0.01      0.01     23.88      0.01         0.01
  1_2_b_1                    23.97     24.00     23.97     24.00        23.97
  1_2_b_2                     0.01      0.01     23.97      0.01         0.01
  1_6_b_2                    23.98     24.00     23.98     24.00        23.98
  1_7_a                       0.01      0.01      0.01     23.96         0.01
  1_7_a__                     0.01      0.01     23.97      0.01         0.01
  

  Analysis begun on:  Thu Aug 13 11:50:11 2026
  Analysis ended on:  Thu Aug 13 11:50:13 2026
  Total elapsed time: 00:00:02