
  EPA STORM WATER MANAGEMENT MODEL - VERSION 5.2 (Build 5.2.4)
  ------------------------------------------------------------

  Brunnmuehle (Twann) 
  WARNING 08: elevation drop exceeds length for Conduit SS3_L
  WARNING 08: elevation drop exceeds length for Conduit SS6_L
  WARNING 08: elevation drop exceeds length for Conduit 2
  WARNING 08: elevation drop exceeds length for Conduit 3
  WARNING 08: elevation drop exceeds length for Conduit 68
  WARNING 08: elevation drop exceeds length for Conduit 1_2_b_
  WARNING 08: elevation drop exceeds length for Conduit 1_2_b_2
  WARNING 08: elevation drop exceeds length for Conduit 1_4_a_2
  WARNING 08: elevation drop exceeds length for Conduit 1_4_b
  WARNING 08: elevation drop exceeds length for Conduit 1_5_a
  WARNING 04: minimum elevation drop used for Conduit 1_7_a
  WARNING 08: elevation drop exceeds length for Conduit 1_7_a_
  WARNING 08: elevation drop exceeds length for Conduit 1_7_a__
  WARNING 02: maximum depth increased for Node 2
  
  ****************
  Analysis Options
  ****************
  Flow Units ............... CMS
  Process Models:
    Rainfall/Runoff ........ NO
    RDII ................... NO
    Snowmelt ............... NO
    Groundwater ............ NO
    Flow Routing ........... YES
    Ponding Allowed ........ NO
    Water Quality .......... NO
  Flow Routing Method ...... DYNWAVE
  Surcharge Method ......... EXTRAN
  Starting Date ............ 01/01/2000 00:00:00
  Ending Date .............. 01/02/2000 00:00:00
  Antecedent Dry Days ...... 0.0
  Report Time Step ......... 01:00:00
  Routing Time Step ........ 0.50 sec
  Variable Time Step ....... YES
  Maximum Trials ........... 8
  Number of Threads ........ 1
  Head Tolerance ........... 0.001500 m
  
  
  **************************        Volume        Volume
  Flow Routing Continuity        hectare-m      10^6 ltr
  **************************     ---------     ---------
  Dry Weather Inflow .......         0.000         0.000
  Wet Weather Inflow .......         0.000         0.000
  Groundwater Inflow .......         0.000         0.000
  RDII Inflow ..............         0.000         0.000
  External Inflow ..........       133.343      1333.445
  External Outflow .........       126.787      1267.888
  Flooding Loss ............         0.000         0.000
  Evaporation Loss .........         0.000         0.000
  Exfiltration Loss ........         0.000         0.000
  Initial Stored Volume ....         0.056         0.563
  Final Stored Volume ......         0.447         4.475
  Continuity Error (%) .....         4.621
  
  
  *************************
  Highest Continuity Errors
  *************************
  Node Syst_Est_interm (100.00%)
  Node TWT_Acces_LT_60+110 (83.05%)
  Node 2 (80.60%)
  Node TWT_Intersection_Sonsto_60+345 (-76.80%)
  Node 8 (43.48%)
  
  
  ***************************
  Time-Step Critical Elements
  ***************************
  Link 1_4_a (16068.19%)
  Link 20 (44.25%)
  Link 1_7_a_ (21.14%)
  Link 1_8_a (20.02%)
  
  
  ********************************
  Highest Flow Instability Indexes
  ********************************
  All links are stable.
  
  
  *********************************
  Most Frequent Nonconverging Nodes
  *********************************
  Node Brunnm_Fassung (37.98%)
  Node Brunnmuehle(Teich) (37.98%)
  Node Fensterstollen (37.98%)
  Node Gischeren (37.98%)
  Node Schuettstein (37.98%)
  
  
  *************************
  Routing Time Step Summary
  *************************
  Minimum Time Step           :     0.50 sec
  Average Time Step           :     0.50 sec
  Maximum Time Step           :     0.50 sec
  % of Time in Steady State   :    99.38
  Average Iterations per Step :     6.05
  % of Steps Not Converging   :    37.98
  Time Step Frequencies       :
      0.500 -  0.500 sec      :   100.00 %
      0.500 -  0.500 sec      :     0.00 %
      0.500 -  0.500 sec      :     0.00 %
      0.500 -  0.500 sec      :     0.00 %
      0.500 -  0.500 sec      :     0.00 %
  
  
  ******************
  Node Depth Summary
  ******************
  
  ---------------------------------------------------------------------------------
                                 Average  Maximum  Maximum  Time of Max    Reported
                                   Depth    Depth      HGL   Occurrence   Max Depth
  Node                 Type       Meters   Meters   Meters  days hr:min      Meters
  ---------------------------------------------------------------------------------
  9                    JUNCTION    42.42    44.83   483.33     0  00:00       42.45
  Holiloch_sonde       JUNCTION    39.71    41.59   481.59     0  00:00       39.74
  11                   JUNCTION    28.14    28.40   438.40     0  00:08       28.15
  13                   JUNCTION    49.06    49.73   487.73     0  00:02       49.08
  21                   JUNCTION    37.44    38.09   438.09     0  00:05       37.44
  SonSto_F             JUNCTION     0.16     0.22   438.02     0  00:07        0.16
  Sondierstollen       JUNCTION     0.00     0.00   440.80     0  00:00        0.00
  Aval_Trappe          JUNCTION     0.42     0.51   438.11     0  00:07        0.42
  30                   JUNCTION     0.58     0.58   437.88     0  00:08        0.58
  Gischeren_node       JUNCTION     0.02     0.02   476.52     0  00:08        0.02
  34                   JUNCTION    16.98    17.40   437.40     0  00:05       16.99
  38                   JUNCTION    17.57    18.02   438.02     0  00:05       17.58
  SS6                  JUNCTION     0.07     0.07   448.07     0  00:02        0.07
  40                   JUNCTION    20.73    20.87   439.87     0  00:04       20.73
  41                   JUNCTION    49.41    50.07   487.57     0  00:02       49.44
  SondeSchuettstein    JUNCTION    20.76    23.24   482.24     0  00:01       20.78
  SS4                  JUNCTION     0.06     0.06   448.06     0  00:03        0.06
  47                   JUNCTION    13.69    14.17   479.07     0  00:01       13.71
  48                   JUNCTION     8.60    10.76   481.76     0  00:01        8.61
  SondeGischeren       JUNCTION    11.53    11.57   476.57     0  00:08       11.57
  49                   JUNCTION    12.86    14.31   480.31     0  00:02       12.88
  50                   JUNCTION     5.98     6.70   469.70     0  00:05        6.01
  51                   JUNCTION    67.37    68.05   488.05     0  00:02       67.40
  Amont_C              JUNCTION    70.64    87.56   505.56     0  00:00       70.67
  52                   JUNCTION     5.40    10.90   467.90     0  00:05        5.42
  53                   JUNCTION    13.24    16.34   483.34     0  00:01       13.26
  54                   JUNCTION     0.33     0.33   463.33     0  00:08        0.33
  56                   JUNCTION     6.17     6.19   436.19     0  00:04        6.17
  2                    JUNCTION     0.21     0.21   438.21     0  00:08        0.21
  4                    JUNCTION     8.12     8.61   436.61     0  00:00        8.12
  5                    JUNCTION     5.86     5.88   478.38     0  00:07        5.86
  6                    JUNCTION    21.02    21.10   479.10     0  00:04       21.04
  7                    JUNCTION     3.35     3.37   478.37     0  00:06        3.35
  SS3                  JUNCTION     0.07     0.07   448.07     0  00:08        0.07
  SS5                  JUNCTION     0.58     0.58   439.48     0  00:08        0.58
  8                    JUNCTION     2.65     2.66   476.66     0  00:08        2.66
  10                   JUNCTION    10.86    12.34   480.34     0  00:02       10.88
  SonSto_SS5           JUNCTION     0.12     0.12   439.42     0  00:06        0.12
  SonSto_SS3           JUNCTION     0.10     0.10   439.80     0  00:06        0.10
  SonSto_SS4           JUNCTION     0.07     0.07   439.47     0  00:08        0.07
  Amont_Trappe         JUNCTION     0.29     0.45   438.15     0  00:07        0.29
  SonSto_SS6           JUNCTION     0.12     0.13   438.83     0  00:07        0.12
  SS2                  JUNCTION     0.00     0.00   448.00     0  00:00        0.00
  SonSto_SS2           JUNCTION     0.00     0.00   441.50     0  00:00        0.00
  12                   JUNCTION    16.14    16.40   465.40     0  00:02       16.15
  14                   JUNCTION     5.23     5.90   470.90     0  00:04        5.24
  15                   JUNCTION     0.34     0.34   472.34     0  00:06        0.34
  TWT_PointHaut_60+749 JUNCTION     0.16     0.17   438.67     0  00:06        0.16
  TWT_Fensterstollen_60+375 JUNCTION     0.87     0.88   438.18     0  00:08        0.87
  TWT_Acces_LT_60+110  JUNCTION     0.71     0.72   438.22     0  00:08        0.72
  TWT_Liaison_LT_59+738 JUNCTION     0.00     0.00   446.50     0  00:00        0.00
  Syst_Est_amont       JUNCTION     0.52     0.52   430.52     0  00:03        0.52
  Syst_Est_interm      JUNCTION     1.21     1.21   411.21     0  00:08        1.21
  TWT_Branche_Est_Sonsto_60+540 JUNCTION     0.42     0.46   438.86     0  00:02        0.42
  TWT_Intersection_Sonsto_60+345 JUNCTION     1.00     1.25   438.25     0  00:08        1.00
  TWT_Chrosweg_61+140  JUNCTION     0.12     0.12   432.12     0  00:08        0.12
  SonSto_F_sup         JUNCTION     0.04     0.04   448.04     0  00:06        0.04
  SonSto_porte         JUNCTION     0.00     0.00   438.50     0  00:00        0.00
  Brunnm_Fassung       OUTFALL      0.08     0.08   433.88     0  00:05        0.08
  Brunnmuehle(Teich)   OUTFALL      0.17     0.17   435.67     0  00:05        0.17
  Fensterstollen       OUTFALL      0.53     0.53   437.53     0  00:08        0.53
  Gischeren            OUTFALL      0.00     0.00   480.00     0  00:00        0.00
  Schuettstein         OUTFALL      0.20     0.22   477.77     0  00:01        0.20
  Holiloch             OUTFALL      1.52     1.53   478.03     0  00:06        1.52
  Sauserquelle         OUTFALL      0.25     0.25   435.80     0  00:04        0.25
  Entw_Stollen         OUTFALL      0.17     0.17   436.67     0  00:08        0.17
  Sous_lacustre        OUTFALL      0.09     0.09   429.29     0  00:05        0.09
  Sous_ecoul.          OUTFALL      0.00     0.00   433.00     0  00:00        0.00
  Syst_Est_aval        OUTFALL      0.00     0.00   429.00     0  00:00        0.00
  TWT_Portail_Est_61+665 OUTFALL      0.13     0.13   421.73     0  00:08        0.13
  CentraleVentilation_1C OUTFALL      0.24     0.24   454.24     0  00:08        0.24
  
  
  *******************
  Node Inflow Summary
  *******************
  
  -------------------------------------------------------------------------------------------------
                                  Maximum  Maximum                  Lateral       Total        Flow
                                  Lateral    Total  Time of Max      Inflow      Inflow     Balance
                                   Inflow   Inflow   Occurrence      Volume      Volume       Error
  Node                 Type           CMS      CMS  days hr:min    10^6 ltr    10^6 ltr     Percent
  -------------------------------------------------------------------------------------------------
  9                    JUNCTION         0     12.4     0  00:00           0         556       0.018
  Holiloch_sonde       JUNCTION         0     11.6     0  00:00           0         519       0.013
  11                   JUNCTION         0    0.318     0  00:02           0        27.3       0.030
  13                   JUNCTION         0     14.6     0  00:00           0    1.04e+03       0.023
  21                   JUNCTION         0    0.262     0  00:05           0          22      -0.003
  SonSto_F             JUNCTION         0    0.708     0  00:07           0        50.6       3.107
  Sondierstollen       JUNCTION         0        0     0  00:00           0           0       0.000 ltr
  Aval_Trappe          JUNCTION         0     3.45     0  00:07           0         189      -2.043
  30                   JUNCTION         0     7.43     0  00:08           0         639       5.879
  Gischeren_node       JUNCTION         0     0.11     0  00:08           0        9.46 9463215.533 ltr
  34                   JUNCTION         0    0.233     0  00:05           0        19.5       0.017
  38                   JUNCTION         0     0.16     0  00:00           0        4.09      -0.061
  SS6                  JUNCTION         0    0.155     0  00:02           0        12.8       0.001
  40                   JUNCTION         0     2.18     0  00:05           0         188       0.000
  41                   JUNCTION         0     1.59     0  00:00           0        34.2       0.084
  SondeSchuettstein    JUNCTION         0    0.632     0  00:00           0        34.2       0.025
  SS4                  JUNCTION         0   0.0817     0  00:03           0        6.66       0.004
  47                   JUNCTION         0     8.47     0  00:01           0         506       0.014
  48                   JUNCTION         0     0.54     0  00:01           0        34.2       0.009
  SondeGischeren       JUNCTION         0    0.275     0  00:01           0        15.5       0.398
  49                   JUNCTION         0    0.944     0  00:02           0        12.9      -0.036
  50                   JUNCTION         0     0.18     0  00:05           0        12.7       0.015
  51                   JUNCTION         0     28.4     0  00:00           0    1.27e+03      -0.002
  Amont_C              JUNCTION      14.7     39.7     0  00:00    1.27e+03    1.27e+03       0.020
  52                   JUNCTION         0    0.246     0  00:05           0        17.9       0.121
  53                   JUNCTION         0    0.352     0  00:01           0        19.7       0.067
  54                   JUNCTION         0    0.229     0  00:06           0        19.7       2.890
  56                   JUNCTION         0    0.553     0  00:04           0        47.5      -0.003
  2                    JUNCTION         0    0.297     0  00:08           0        19.8     415.334
  4                    JUNCTION         0    0.211     0  00:05           0        17.6       0.012
  5                    JUNCTION         0     7.02     0  00:01           0         506       0.044
  6                    JUNCTION         0     9.51     0  00:00           0         519       0.028
  7                    JUNCTION         0     6.28     0  00:02           0         506      -0.060
  SS3                  JUNCTION         0    0.147     0  00:08           0        12.7       0.034
  SS5                  JUNCTION         0    0.235     0  00:08           0        20.3       0.156
  8                    JUNCTION         0     0.46     0  00:08           0        39.3      76.914
  10                   JUNCTION         0    0.734     0  00:02           0        12.9       0.536
  SonSto_SS5           JUNCTION         0    0.258     0  00:08           0        22.3       0.088
  SonSto_SS3           JUNCTION         0    0.147     0  00:08           0        12.7       0.291
  SonSto_SS4           JUNCTION         0    0.224     0  00:08           0        19.3       0.067
  Amont_Trappe         JUNCTION         0     1.04     0  00:07           0        45.9       0.070
  SonSto_SS6           JUNCTION         0    0.407     0  00:06           0        35.1       0.051
  SS2                  JUNCTION         0        0     0  00:00           0           0       0.000 ltr
  SonSto_SS2           JUNCTION         0        0     0  00:00           0           0       0.000 ltr
  12                   JUNCTION         0    0.357     0  00:00           0        26.1       0.013
  14                   JUNCTION         0     1.83     0  00:04           0         152       0.029
  15                   JUNCTION         0    0.427     0  00:05           0        36.5      -0.047
  TWT_PointHaut_60+749 JUNCTION         0    0.619     0  00:03           0        48.5      -2.373
  TWT_Fensterstollen_60+375 JUNCTION         0      9.1     0  00:08           0         497     -20.159
  TWT_Acces_LT_60+110  JUNCTION         0     2.96     0  00:06           0         105     490.087
  TWT_Liaison_LT_59+738 JUNCTION         0        0     0  00:00           0           0       0.000 ltr
  Syst_Est_amont       JUNCTION     0.735    0.796     0  00:08        63.5        68.7       0.780
  Syst_Est_interm      JUNCTION         0     0.79     0  00:08           0        68.268189172.390 ltr
  TWT_Branche_Est_Sonsto_60+540 JUNCTION         0     4.12     0  00:05           0         354      -0.019
  TWT_Intersection_Sonsto_60+345 JUNCTION         0     6.59     0  00:07           0        59.6     -43.439
  TWT_Chrosweg_61+140  JUNCTION         0    0.578     0  00:08           0        49.6      10.544
  SonSto_F_sup         JUNCTION         0    0.427     0  00:06           0        36.5      -0.002
  SonSto_porte         JUNCTION         0        0     0  00:00           0           0       0.000 ltr
  Brunnm_Fassung       OUTFALL          0   0.0233     0  00:05           0        1.93       0.000
  Brunnmuehle(Teich)   OUTFALL          0    0.207     0  00:05           0        17.1       0.000
  Fensterstollen       OUTFALL          0     7.02     0  00:08           0         604       0.000
  Gischeren            OUTFALL          0        0     0  00:00           0           0       0.000 ltr
  Schuettstein         OUTFALL          0    0.452     0  00:01           0        34.2       0.000
  Holiloch             OUTFALL          0     5.99     0  00:06           0         506       0.000
  Sauserquelle         OUTFALL          0    0.552     0  00:04           0        47.5       0.000
  Entw_Stollen         OUTFALL          0   0.0458     0  00:08           0        3.82       0.000
  Sous_lacustre        OUTFALL          0   0.0294     0  00:05           0        2.48       0.000
  Sous_ecoul.          OUTFALL          0   0.0055     0  00:00           0       0.465       0.000
  Syst_Est_aval        OUTFALL          0        0     0  00:00           0           0       0.000 ltr
  TWT_Portail_Est_61+665 OUTFALL          0    0.461     0  00:08           0        39.7       0.000
  CentraleVentilation_1C OUTFALL          0    0.122     0  00:08           0        10.5       0.000
  
  
  **********************
  Node Surcharge Summary
  **********************
  
  Surcharging occurs when water rises above the top of the highest conduit.
  ---------------------------------------------------------------------
                                               Max. Height   Min. Depth
                                   Hours       Above Crown    Below Rim
  Node                 Type      Surcharged         Meters       Meters
  ---------------------------------------------------------------------
  9                    JUNCTION       23.99         43.033       55.167
  Holiloch_sonde       JUNCTION       23.99         39.690      158.410
  11                   JUNCTION       24.00         27.897      121.603
  13                   JUNCTION       23.99         46.729      350.271
  21                   JUNCTION       24.00         37.494      111.906
  34                   JUNCTION       24.00         16.803       82.597
  38                   JUNCTION       24.00         17.421      131.979
  40                   JUNCTION       24.00         16.871       79.129
  41                   JUNCTION       23.99         49.224      199.926
  SondeSchuettstein    JUNCTION       23.98         22.436        0.000
  47                   JUNCTION       23.98         12.275       85.825
  48                   JUNCTION       23.98          9.957       89.243
  SondeGischeren       JUNCTION       23.91         10.373       88.427
  49                   JUNCTION       23.96          6.305      185.695
  50                   JUNCTION       23.90          6.402      193.298
  51                   JUNCTION       24.00         64.046      331.954
  Amont_C              JUNCTION       24.00         84.556      312.444
  52                   JUNCTION       23.91         10.501       89.099
  53                   JUNCTION       23.97         11.344      183.656
  56                   JUNCTION       23.99          5.190       93.810
  4                    JUNCTION       23.98          7.955       91.395
  5                    JUNCTION       23.96          0.882       44.118
  6                    JUNCTION       23.98         16.097      178.903
  10                   JUNCTION       23.95          4.343      187.657
  12                   JUNCTION       23.98         16.052      183.598
  14                   JUNCTION       23.93          1.895      194.105
  
  
  *********************
  Node Flooding Summary
  *********************
  
  No nodes were flooded.
  
  
  ***********************
  Outfall Loading Summary
  ***********************
  
  -----------------------------------------------------------
                         Flow       Avg       Max       Total
                         Freq      Flow      Flow      Volume
  Outfall Node           Pcnt       CMS       CMS    10^6 ltr
  -----------------------------------------------------------
  Brunnm_Fassung        99.93    0.0223    0.0233       1.925
  Brunnmuehle(Teich)    99.93     0.198     0.207      17.121
  Fensterstollen        99.97      6.99      7.02     603.923
  Gischeren              0.00         0         0       0.000
  Schuettstein          99.92     0.396     0.452      34.199
  Holiloch              99.87      5.87      5.99     506.251
  Sauserquelle          99.97      0.55     0.552      47.491
  Entw_Stollen          99.85    0.0443    0.0458       3.825
  Sous_lacustre         99.98    0.0287    0.0294       2.475
  Sous_ecoul.           99.93   0.00539    0.0055       0.465
  Syst_Est_aval          0.00         0         0       0.000
  TWT_Portail_Est_61+665  99.93      0.46     0.461      39.686
  CentraleVentilation_1C  99.93     0.122     0.122      10.522
  -----------------------------------------------------------
  System                84.56      14.7      14.7    1267.882
  
  
  ********************
  Link Flow Summary
  ********************
  
  -----------------------------------------------------------------------------
                                 Maximum  Time of Max   Maximum    Max/    Max/
                                  |Flow|   Occurrence   |Veloc|    Full    Full
  Link                 Type          CMS  days hr:min     m/sec    Flow   Depth
  -----------------------------------------------------------------------------
  Brunn_Fassung_L      CONDUIT    0.0233     0  00:05      1.07    0.39    0.72
  11                   CONDUIT      11.6     0  00:00      6.52    1.74    1.00
  14                   CONDUIT      12.4     0  00:00      9.07    6.75    1.00
  16                   CONDUIT     0.318     0  00:02      3.72    2.22    1.00
  17                   CONDUIT      0.16     0  00:00      0.57    0.27    1.00
  26                   CONDUIT      1.59     0  00:00      2.82    2.15    1.00
  27                   CONDUIT    0.0598     0  00:07      1.73    0.77    1.00
  Gischeren_L          CONDUIT         0     0  00:00      0.00    0.00    0.01
  Schuettstein_L       CONDUIT     0.452     0  00:01      3.00    0.39    0.72
  Brunnmuehle_L        CONDUIT     0.233     0  00:05      0.82    0.11    1.00
  32                   CONDUIT         0     0  00:00      0.00    0.00    0.00
  35                   CONDUIT    0.0316     0  00:08      0.05    0.01    0.51
  45                   CONDUIT     0.417     0  00:07      5.22    0.00    0.06
  46                   CONDUIT     0.553     0  00:04      1.96    0.55    1.00
  47                   CONDUIT     0.112     0  00:02      2.94    6.97    1.00
  50                   CONDUIT      0.54     0  00:01      1.63    0.10    1.00
  51                   CONDUIT     0.038     0  00:04      0.44    0.11    1.00
  53                   CONDUIT      0.16     0  00:00      0.96    0.81    1.00
  Fenster_L            CONDUIT      7.02     0  00:08      8.13    0.07    0.19
  58                   CONDUIT      2.75     0  00:07      5.07    0.04    0.17
  59                   CONDUIT     0.258     0  00:08      2.82    0.00    0.04
  61                   CONDUIT     0.632     0  00:00      3.30    0.89    1.00
  63                   CONDUIT     0.155     0  00:02      2.14    0.70    0.52
  66                   CONDUIT      0.18     0  00:05      2.67    2.37    1.00
  67                   CONDUIT      14.6     0  00:00      3.97    0.14    1.00
  Amont_L              CONDUIT      28.4     0  00:00      4.01    1.54    1.00
  69                   CONDUIT     0.246     0  00:05      2.08    0.96    1.00
  70                   CONDUIT     0.208     0  00:06      1.66    0.64    1.00
  71                   CONDUIT     0.352     0  00:01      1.56    0.62    1.00
  72                   CONDUIT     0.229     0  00:06      1.46    1.09    0.53
  Sauser_L             CONDUIT     0.552     0  00:04      1.07    0.14    0.63
  75                   CONDUIT    0.0817     0  00:03      2.83    0.83    0.62
  Entw_Sto_L           CONDUIT    0.0458     0  00:08      1.87    1.06    0.98
  4                    CONDUIT    0.0241     0  00:08      1.33    1.08    1.00
  5                    CONDUIT   0.00283     0  00:08      0.12    0.10    1.00
  6                    CONDUIT    0.0294     0  00:05      1.19    0.44    0.73
  7                    CONDUIT     0.211     0  00:05      1.08    0.33    1.00
  Brunn_Teich_L        CONDUIT     0.207     0  00:05      0.93    0.16    0.63
  9                    CONDUIT    0.0055     0  00:00      1.38    0.00    0.50
  12                   CONDUIT      7.02     0  00:01      4.15    0.14    1.00
  15                   CONDUIT      9.51     0  00:00      4.77    0.25    1.00
  18                   CONDUIT      8.47     0  00:01      4.31    0.34    1.00
  19                   CONDUIT     0.944     0  00:02      1.25    0.90    1.00
  20                   CONDUIT      1.02     0  00:07      3.58    0.08    0.47
  21                   CONDUIT      6.28     0  00:02      0.76    0.04    0.84
  Hooliloch_L          CONDUIT      5.99     0  00:06      1.25    0.12    0.61
  23                   CONDUIT     0.147     0  00:08      3.20    0.92    0.62
  25                   CONDUIT      0.46     0  00:08      1.68    0.37    1.00
  28                   CONDUIT     0.147     0  00:08      2.39    0.00    0.03
  29                   CONDUIT    0.0232     0  00:08      0.62    0.00    0.03
  31                   CONDUIT    0.0786     0  00:08      0.34    0.05    0.27
  33                   CONDUIT     0.734     0  00:02      0.80    0.28    1.00
  37                   CONDUIT     0.235     0  00:08      0.51    0.01    0.12
  SS3_L                CONDUIT     0.147     0  00:08      3.04    0.00    0.04
  40                   CONDUIT      1.04     0  00:07      1.77    0.01    0.08
  SS6_L                CONDUIT     0.155     0  00:02      4.00    0.00    0.05
  1                    CONDUIT         0     0  00:00      0.00    0.00    0.02
  2                    CONDUIT         0     0  00:00      0.00    0.00    0.00
  3                    CONDUIT    0.0817     0  00:03      3.89    0.01    0.07
  10                   CONDUIT     0.201     0  00:08      0.48    0.00    0.11
  13                   CONDUIT     0.357     0  00:00      4.22    0.77    1.00
  22                   CONDUIT     0.305     0  00:02      3.17    0.76    1.00
  24                   CONDUIT      1.83     0  00:04      2.64    0.00    1.00
  30                   CONDUIT      1.77     0  00:05      2.45    0.74    1.00
  34                   CONDUIT     0.427     0  00:05      2.08    0.48    0.81
  36                   CONDUIT     0.427     0  00:06      5.85    0.46    0.35
  38                   CONDUIT     0.275     0  00:01      2.54    0.10    1.00
  48                   CONDUIT      0.79     0  00:08      2.40    0.53    0.76
  54                   CONDUIT         0     0  00:00      0.00    0.00    0.40
  68                   CONDUIT     0.182     0  00:06      7.63    0.00    0.04
  73                   CONDUIT         0     0  00:00      0.00    0.00    0.05
  TWT1                 CONDUIT     0.461     0  00:08      2.72    0.00    0.02
  TWT2                 CONDUIT     0.578     0  00:08      3.01    0.00    0.02
  TWT3                 CONDUIT     0.619     0  00:03      1.16    0.00    0.04
  TWT4                 CONDUIT      3.81     0  00:02      3.09    0.01    0.08
  1_2_b_               CONDUIT         0     0  00:00      0.00    0.00    0.08
  1_2_b_1              CONDUIT      2.19     0  00:02     13.22    8.43    1.00
  1_2_b_2              CONDUIT    0.0427     0  00:06      0.39    0.01    0.54
  1_3_a_1              CONDUIT    0.0607     0  00:08      0.47    0.14    0.62
  TWT5                 CONDUIT      6.32     0  00:07      2.94    0.01    0.12
  1_4_a                CONDUIT      3.01     0  00:07      2.79    0.05    0.22
  1_4_a_2              CONDUIT      0.27     0  00:07      1.77    0.07    1.00
  TWT6                 CONDUIT      2.94     0  00:06      1.09    0.01    0.12
  1_4_b                CONDUIT         0     0  00:00      0.00    0.00    0.21
  TWT7                 CONDUIT         0     0  00:00      0.00    0.00    0.04
  1_5_a                CONDUIT         0     0  00:00      0.00    0.00    0.05
  1_7_a                CONDUIT      5.15     0  00:08      3.02    1.17    0.15
  1_7_a_               CONDUIT     0.202     0  00:06      2.32    0.01    0.50
  1_7_a__              CONDUIT       1.6     0  00:06      8.45    0.23    0.96
  1_7_a_1              CONDUIT      2.33     0  00:02     12.43   11.88    0.96
  1_8_a                CONDUIT     0.271     0  00:08      5.23    0.00    0.09
  CV_1C_to_54          CONDUIT     0.122     0  00:08      1.06    0.66    0.57
  
  
  ***************************
  Flow Classification Summary
  ***************************
  
  -------------------------------------------------------------------------------------
                      Adjusted    ---------- Fraction of Time in Flow Class ---------- 
                       /Actual         Up    Down  Sub   Sup   Up    Down  Norm  Inlet 
  Conduit               Length    Dry  Dry   Dry   Crit  Crit  Crit  Crit  Ltd   Ctrl  
  -------------------------------------------------------------------------------------
  Brunn_Fassung_L         1.00   0.00  0.00  0.00  1.00  0.00  0.00  0.00  0.00  0.00
  11                      1.00   0.00  0.00  0.00  1.00  0.00  0.00  0.00  0.00  0.00
  14                      1.00   0.00  0.00  0.00  1.00  0.00  0.00  0.00  0.00  0.00
  16                      1.00   0.00  0.00  0.00  1.00  0.00  0.00  0.00  0.00  0.00
  17                      1.00   0.00  0.00  0.00  1.00  0.00  0.00  0.00  0.00  0.00
  26                      1.00   0.00  0.00  0.00  1.00  0.00  0.00  0.00  0.00  0.00
  27                      1.00   0.00  0.00  0.00  1.00  0.00  0.00  0.00  0.00  0.00
  Gischeren_L             1.00   0.01  0.99  0.00  0.00  0.00  0.00  0.00  0.00  0.00
  Schuettstein_L          1.00   0.00  0.00  0.00  0.00  1.00  0.00  0.00  0.00  0.00
  Brunnmuehle_L           1.00   0.00  0.00  0.00  1.00  0.00  0.00  0.00  0.00  0.00
  32                      1.00   1.00  0.00  0.00  0.00  0.00  0.00  0.00  0.00  0.00
  35                      1.00   0.00  0.01  0.00  0.99  0.00  0.00  0.00  0.00  0.00
  45                      1.00   0.00  0.00  0.00  0.00  1.00  0.00  0.00  1.00  0.00
  46                      1.00   0.00  0.00  0.00  1.00  0.00  0.00  0.00  0.00  0.00
  47                      1.00   0.00  0.00  0.00  1.00  0.00  0.00  0.00  0.00  0.00
  50                      1.00   0.00  0.00  0.00  1.00  0.00  0.00  0.00  0.00  0.00
  51                      1.00   0.00  0.00  0.00  1.00  0.00  0.00  0.00  0.00  0.00
  53                      1.00   0.00  0.00  0.00  1.00  0.00  0.00  0.00  0.00  0.00
  Fenster_L               1.00   0.00  0.00  0.00  0.00  1.00  0.00  0.00  0.00  0.00
  58                      1.00   0.00  0.00  0.00  0.00  1.00  0.00  0.00  0.00  0.00
  59                      1.00   0.00  0.00  0.00  0.00  1.00  0.00  0.00  1.00  0.00
  61                      1.00   0.00  0.00  0.00  1.00  0.00  0.00  0.00  0.00  0.00
  63                      1.00   0.00  0.00  0.00  1.00  0.00  0.00  0.00  0.00  0.00
  66                      1.00   0.00  0.00  0.00  1.00  0.00  0.00  0.00  0.00  0.00
  67                      1.00   0.00  0.00  0.00  1.00  0.00  0.00  0.00  0.00  0.00
  Amont_L                 1.00   0.00  0.00  0.00  1.00  0.00  0.00  0.00  0.00  0.00
  69                      1.00   0.00  0.00  0.00  1.00  0.00  0.00  0.00  0.00  0.00
  70                      1.00   0.00  0.00  0.00  1.00  0.00  0.00  0.00  0.00  0.00
  71                      1.00   0.00  0.00  0.00  1.00  0.00  0.00  0.00  0.00  0.00
  72                      1.00   0.00  0.00  0.00  1.00  0.00  0.00  0.00  0.00  0.00
  Sauser_L                1.00   0.00  0.00  0.00  1.00  0.00  0.00  0.00  0.00  0.00
  75                      1.00   0.00  0.00  0.00  0.00  1.00  0.00  0.00  0.00  0.00
  Entw_Sto_L              1.00   0.00  0.00  0.00  0.99  0.00  0.00  0.00  0.00  0.00
  4                       1.00   0.00  0.00  0.00  1.00  0.00  0.00  0.00  0.00  0.00
  5                       1.00   0.00  0.00  0.00  1.00  0.00  0.00  0.00  0.00  0.00
  6                       1.00   0.00  0.00  0.00  0.00  1.00  0.00  0.00  0.00  0.00
  7                       1.00   0.00  0.00  0.00  1.00  0.00  0.00  0.00  0.00  0.00
  Brunn_Teich_L           1.00   0.00  0.00  0.00  1.00  0.00  0.00  0.00  0.00  0.00
  9                       1.00   0.00  0.00  0.00  0.00  1.00  0.00  0.00  0.00  0.00
  12                      1.00   0.00  0.00  0.00  1.00  0.00  0.00  0.00  0.00  0.00
  15                      1.00   0.00  0.00  0.00  1.00  0.00  0.00  0.00  0.00  0.00
  18                      1.00   0.00  0.00  0.00  1.00  0.00  0.00  0.00  0.00  0.00
  19                      1.00   0.00  0.00  0.00  1.00  0.00  0.00  0.00  0.00  0.00
  20                      1.00   0.00  0.00  0.00  1.00  0.00  0.00  0.00  0.00  0.00
  21                      1.00   0.00  0.00  0.00  1.00  0.00  0.00  0.00  0.00  0.00
  Hooliloch_L             1.00   0.00  0.00  0.00  1.00  0.00  0.00  0.00  0.00  0.00
  23                      1.00   0.00  0.00  0.00  0.00  1.00  0.00  0.00  0.00  0.00
  25                      1.00   0.00  0.00  0.00  1.00  0.00  0.00  0.00  0.00  0.00
  28                      1.00   0.00  0.00  0.00  0.00  1.00  0.00  0.00  0.00  0.00
  29                      1.00   0.00  0.00  0.00  1.00  0.00  0.00  0.00  1.00  0.00
  31                      1.00   0.00  0.01  0.00  0.99  0.00  0.00  0.00  0.00  0.00
  33                      1.00   0.00  0.00  0.00  1.00  0.00  0.00  0.00  0.00  0.00
  37                      1.00   0.00  0.00  0.00  1.00  0.00  0.00  0.00  0.00  0.00
  SS3_L                   1.00   0.00  0.00  0.00  0.00  1.00  0.00  0.00  1.00  0.00
  40                      1.00   0.00  0.00  0.00  1.00  0.00  0.00  0.00  0.00  0.00
  SS6_L                   1.00   0.00  0.00  0.00  0.00  1.00  0.00  0.00  1.00  0.00
  1                       1.00   0.00  1.00  0.00  0.00  0.00  0.00  0.00  0.00  0.00
  2                       1.00   1.00  0.00  0.00  0.00  0.00  0.00  0.00  0.00  0.00
  3                       1.00   0.00  0.00  0.00  0.00  1.00  0.00  0.00  1.00  0.00
  10                      1.00   0.00  0.00  0.00  1.00  0.00  0.00  0.00  1.00  0.00
  13                      1.00   0.00  0.00  0.00  1.00  0.00  0.00  0.00  0.00  0.00
  22                      1.00   0.00  0.00  0.00  1.00  0.00  0.00  0.00  0.00  0.00
  24                      1.00   0.00  0.00  0.00  1.00  0.00  0.00  0.00  0.00  0.00
  30                      1.00   0.00  0.00  0.00  1.00  0.00  0.00  0.00  0.00  0.00
  34                      1.00   0.00  0.00  0.00  1.00  0.00  0.00  0.00  0.00  0.00
  36                      1.00   0.00  0.00  0.00  0.00  1.00  0.00  0.00  0.00  0.00
  38                      1.00   0.00  0.00  0.00  1.00  0.00  0.00  0.00  0.00  0.00
  48                      1.00   0.00  0.00  0.00  1.00  0.00  0.00  0.00  1.00  0.00
  54                      1.00   0.00  1.00  0.00  0.00  0.00  0.00  0.00  0.00  0.00
  68                      1.00   0.00  0.00  0.00  0.00  1.00  0.00  0.00  1.00  0.00
  73                      1.00   0.00  1.00  0.00  0.00  0.00  0.00  0.00  0.00  0.00
  TWT1                    1.00   0.00  0.00  0.00  0.00  1.00  0.00  0.00  0.00  0.00
  TWT2                    1.00   0.00  0.00  0.00  0.00  1.00  0.00  0.00  0.00  0.00
  TWT3                    1.00   0.00  0.00  0.00  1.00  0.00  0.00  0.00  0.00  0.00
  TWT4                    1.00   0.00  0.00  0.00  1.00  0.00  0.00  0.00  1.00  0.00
  1_2_b_                  1.00   0.00  1.00  0.00  0.00  0.00  0.00  0.00  0.00  0.00
  1_2_b_1                 1.00   0.00  0.00  0.00  1.00  0.00  0.00  0.00  0.00  0.00
  1_2_b_2                 1.00   0.00  0.00  0.00  1.00  0.00  0.00  0.00  1.00  0.00
  1_3_a_1                 1.00   0.00  0.00  0.00  1.00  0.00  0.00  0.00  1.00  0.00
  TWT5                    1.00   0.00  0.00  0.00  1.00  0.00  0.00  0.00  0.00  0.00
  1_4_a                   1.00   0.00  0.00  0.00  1.00  0.00  0.00  0.00  0.00  0.00
  1_4_a_2                 1.00   0.00  0.00  0.00  1.00  0.00  0.00  0.00  0.00  0.00
  TWT6                    1.00   0.00  0.00  0.00  1.00  0.00  0.00  0.00  0.00  0.00
  1_4_b                   1.00   0.00  1.00  0.00  0.00  0.00  0.00  0.00  0.00  0.00
  TWT7                    1.00   0.00  1.00  0.00  0.00  0.00  0.00  0.00  0.00  0.00
  1_5_a                   1.00   0.00  1.00  0.00  0.00  0.00  0.00  0.00  0.00  0.00
  1_7_a                   1.00   0.00  0.00  0.00  0.00  1.00  0.00  0.00  0.00  0.00
  1_7_a_                  1.00   0.00  0.00  0.00  0.00  1.00  0.00  0.00  1.00  0.00
  1_7_a__                 1.00   0.00  0.00  0.00  0.00  1.00  0.00  0.00  0.00  0.00
  1_7_a_1                 1.00   0.00  0.00  0.00  0.00  1.00  0.00  0.00  0.00  0.00
  1_8_a                   1.00   0.00  0.00  0.00  1.00  0.00  0.00  0.00  0.00  0.00
  CV_1C_to_54             1.00   0.00  0.00  0.00  1.00  0.00  0.00  0.00  0.00  0.00
  
  
  *************************
  Conduit Surcharge Summary
  *************************
  
  ----------------------------------------------------------------------------
                                                           Hours        Hours 
                         --------- Hours Full --------   Above Full   Capacity
  Conduit                Both Ends  Upstream  Dnstream   Normal Flow   Limited
  ----------------------------------------------------------------------------
  Brunn_Fassung_L             0.01      0.01     24.00      0.01         0.01
  11                         23.99     23.99     23.99      0.02         0.01
  14                         23.99     23.99     23.99     23.99         0.01
  16                         24.00     24.00     24.00     23.99        23.99
  17                         24.00     24.00     24.00      0.01         0.01
  26                         23.99     23.99     23.99      0.01         0.01
  27                          0.01      0.01     23.96      0.01         0.01
  Schuettstein_L              0.01      0.01     23.98      0.01         0.01
  Brunnmuehle_L              24.00     24.00     24.00      0.01         0.01
  35                          0.01      0.01     23.85      0.01         0.01
  46                         24.00     24.00     24.00      0.01         0.01
  47                         24.00     24.00     24.00     24.00        24.00
  50                         23.98     23.98     23.98      0.01         0.01
  51                         23.96     23.96     24.00      0.01         0.01
  53                         24.00     24.00     24.00      0.01         0.01
  61                         23.98     23.98     23.99      0.01         0.01
  63                          0.01     23.97      0.01      0.01         0.01
  66                         23.90     23.97     23.90     23.96        23.90
  67                         23.99     23.99     24.00      0.01         0.01
  Amont_L                    24.00     24.00     24.00      0.01         0.01
  69                         23.91     23.91     24.00      0.01         0.01
  70                         23.91     23.91     24.00      0.01         0.01
  71                         23.98     23.98     23.99      0.01         0.01
  72                          0.01     23.97      0.01     23.97         0.01
  Sauser_L                    0.01      0.01     24.00      0.01         0.01
  75                          0.01     23.93      0.01      0.01         0.01
  Entw_Sto_L                  0.01     23.86      0.01     23.86         0.01
  4                          23.86     23.95     23.86     23.87        23.86
  5                          23.86     23.86     23.98      0.01         0.01
  6                           0.01      0.01     24.00      0.01         0.01
  7                          23.99     23.99     24.00      0.01         0.01
  Brunn_Teich_L               0.01      0.01     23.98      0.01         0.01
  9                           0.01      0.01     23.98      0.01         0.01
  12                         23.98     23.98     23.98      0.01         0.01
  15                         23.98     23.98     23.99      0.01         0.01
  18                         23.98     23.98     23.98      0.01         0.01
  19                         23.97     23.97     23.98      0.01         0.01
  21                          0.01      0.01     23.96      0.01         0.01
  23                          0.01     23.90      0.01      0.01         0.01
  25                         23.85     23.85     23.99      0.01         0.01
  33                         23.95     23.95     23.96      0.01         0.01
  13                         23.98     23.98     24.00      0.01         0.01
  22                         23.98     23.98     24.00      0.01         0.01
  24                         23.93     23.93     24.00      0.01         0.01
  30                         23.93     23.93     24.00      0.01         0.01
  34                          0.01      0.01     23.99      0.01         0.01
  38                         23.88     23.88     23.92      0.01         0.01
  48                          0.01      0.01     23.87      0.01         0.01
  1_2_b_1                    23.95     24.00     23.95     23.99        23.95
  1_2_b_2                     0.01      0.01     23.95      0.01         0.01
  1_3_a_1                     0.01      0.01     23.96      0.01         0.01
  1_4_a_2                    23.96     23.96     24.00      0.01         0.01
  1_7_a                       0.01      0.01      0.01     23.86         0.01
  1_7_a__                     0.01      0.01     24.00      0.01         0.01
  1_7_a_1                     0.01      0.01     24.00     23.99         0.01
  

  Analysis begun on:  Mon Oct  5 08:20:04 2026
  Analysis ended on:  Mon Oct  5 08:20:06 2026
  Total elapsed time: 00:00:02