
  EPA STORM WATER MANAGEMENT MODEL - VERSION 5.2 (Build 5.2.4)
  ------------------------------------------------------------

  Brunnmuehle (Twann) 
  WARNING 08: elevation drop exceeds length for Conduit SS3_L
  WARNING 08: elevation drop exceeds length for Conduit SS6_L
  WARNING 08: elevation drop exceeds length for Conduit 2
  WARNING 08: elevation drop exceeds length for Conduit 3
  WARNING 08: elevation drop exceeds length for Conduit 68
  WARNING 08: elevation drop exceeds length for Conduit 1_2_b_
  WARNING 08: elevation drop exceeds length for Conduit 1_2_b_2
  WARNING 08: elevation drop exceeds length for Conduit 1_2_b_6
  WARNING 08: elevation drop exceeds length for Conduit 1_4_a
  WARNING 08: elevation drop exceeds length for Conduit 1_4_b
  WARNING 08: elevation drop exceeds length for Conduit 1_5_a
  WARNING 02: maximum depth increased for Node 2
  
  ****************
  Analysis Options
  ****************
  Flow Units ............... CMS
  Process Models:
    Rainfall/Runoff ........ NO
    RDII ................... NO
    Snowmelt ............... NO
    Groundwater ............ NO
    Flow Routing ........... YES
    Ponding Allowed ........ NO
    Water Quality .......... NO
  Flow Routing Method ...... DYNWAVE
  Surcharge Method ......... EXTRAN
  Starting Date ............ 01/01/2000 00:00:00
  Ending Date .............. 01/02/2000 00:00:00
  Antecedent Dry Days ...... 0.0
  Report Time Step ......... 01:00:00
  Routing Time Step ........ 0.50 sec
  Variable Time Step ....... YES
  Maximum Trials ........... 8
  Number of Threads ........ 1
  Head Tolerance ........... 0.001500 m
  
  
  **************************        Volume        Volume
  Flow Routing Continuity        hectare-m      10^6 ltr
  **************************     ---------     ---------
  Dry Weather Inflow .......         0.000         0.000
  Wet Weather Inflow .......         0.000         0.000
  Groundwater Inflow .......         0.000         0.000
  RDII Inflow ..............         0.000         0.000
  External Inflow ..........       195.026      1950.277
  External Outflow .........       139.415      1394.162
  Flooding Loss ............        64.531       645.317
  Evaporation Loss .........         0.000         0.000
  Exfiltration Loss ........         0.000         0.000
  Initial Stored Volume ....         0.056         0.561
  Final Stored Volume ......         0.386         3.859
  Continuity Error (%) .....        -4.742
  
  
  *************************
  Highest Continuity Errors
  *************************
  Node TWT_Acces_LT_60+110 (-23293.78%)
  Node TWT_Intersection_Sonsto_60+345 (-105.01%)
  Node Syst_Est_interm (100.00%)
  Node 2 (97.31%)
  Node SondeGischeren (65.46%)
  
  
  ***************************
  Time-Step Critical Elements
  ***************************
  Link 1_4_a (28637.48%)
  Link 1_4_b (11.77%)
  
  
  ********************************
  Highest Flow Instability Indexes
  ********************************
  All links are stable.
  
  
  *********************************
  Most Frequent Nonconverging Nodes
  *********************************
  Node Brunnm_Fassung (77.11%)
  Node Brunnmuehle(Teich) (77.11%)
  Node Fensterstollen (77.11%)
  Node Gischeren (77.11%)
  Node Schuettstein (77.11%)
  
  
  *************************
  Routing Time Step Summary
  *************************
  Minimum Time Step           :     0.50 sec
  Average Time Step           :     0.50 sec
  Maximum Time Step           :     0.50 sec
  % of Time in Steady State   :    99.65
  Average Iterations per Step :     7.40
  % of Steps Not Converging   :    77.11
  Time Step Frequencies       :
      0.500 -  0.500 sec      :   100.00 %
      0.500 -  0.500 sec      :     0.00 %
      0.500 -  0.500 sec      :     0.00 %
      0.500 -  0.500 sec      :     0.00 %
      0.500 -  0.500 sec      :     0.00 %
  
  
  ******************
  Node Depth Summary
  ******************
  
  ---------------------------------------------------------------------------------
                                 Average  Maximum  Maximum  Time of Max    Reported
                                   Depth    Depth      HGL   Occurrence   Max Depth
  Node                 Type       Meters   Meters   Meters  days hr:min      Meters
  ---------------------------------------------------------------------------------
  9                    JUNCTION    41.05    48.25   486.75     0  00:00       41.09
  Holiloch_sonde       JUNCTION    38.62    47.85   487.85     0  00:01       38.67
  11                   JUNCTION    45.88    48.98   458.98     0  00:00       45.89
  13                   JUNCTION    46.22    51.91   489.91     0  00:00       46.24
  21                   JUNCTION    40.26    40.27   440.27     0  00:05       40.27
  SonSto_F             JUNCTION     0.50     0.72   438.52     0  00:00        0.50
  Sondierstollen       JUNCTION     0.00     0.00   440.80     0  00:00        0.00
  Aval_Trappe          JUNCTION     0.70     0.96   438.56     0  00:00        0.70
  30                   JUNCTION     0.62     0.72   438.02     0  00:00        0.62
  Gischeren_node       JUNCTION     0.00     0.00   476.50     0  00:00        0.00
  34                   JUNCTION    19.03    19.04   439.04     0  00:05       19.04
  38                   JUNCTION    23.16    23.24   443.24     0  00:04       23.17
  SS6                  JUNCTION     0.05     0.05   448.05     0  00:03        0.05
  40                   JUNCTION    39.04    40.14   459.14     0  00:03       39.07
  41                   JUNCTION    46.62    71.61   509.11     0  00:00       46.65
  SondeSchuettstein    JUNCTION    20.20    20.70   479.70     0  00:01       20.22
  SS4                  JUNCTION     0.06     0.06   448.06     0  00:02        0.06
  47                   JUNCTION    13.24    13.27   478.17     0  00:05       13.26
  48                   JUNCTION     8.10     8.62   479.62     0  00:01        8.11
  SondeGischeren       JUNCTION     0.74     0.74   465.74     0  00:05        0.74
  49                   JUNCTION    12.19    12.77   478.77     0  00:03       12.21
  50                   JUNCTION     0.18     0.18   463.18     0  00:05        0.18
  51                   JUNCTION    65.04    72.82   492.82     0  00:00       65.07
  Amont_C              JUNCTION    69.76   101.03   519.03     0  00:00       69.79
  52                   JUNCTION     0.33     0.33   457.33     0  00:05        0.33
  53                   JUNCTION     9.79    12.69   479.69     0  00:02        9.81
  54                   JUNCTION     1.48     1.49   464.49     0  00:05        1.49
  56                   JUNCTION     7.01     7.32   437.32     0  00:03        7.02
  2                    JUNCTION     1.77    13.03   451.03     0  00:04        1.77
  4                    JUNCTION     8.66     9.18   437.18     0  00:00        8.67
  5                    JUNCTION     5.55     5.56   478.06     0  00:05        5.56
  6                    JUNCTION    20.33    20.36   478.36     0  00:05       20.36
  7                    JUNCTION     3.05     3.06   478.06     0  00:05        3.06
  SS3                  JUNCTION     0.06     0.06   448.06     0  00:05        0.06
  SS5                  JUNCTION     0.65     0.65   439.55     0  00:05        0.65
  8                    JUNCTION     0.20     0.20   474.20     0  00:05        0.20
  10                   JUNCTION    10.17    10.80   478.80     0  00:03       10.19
  SonSto_SS5           JUNCTION     0.15     0.15   439.45     0  00:05        0.15
  SonSto_SS3           JUNCTION     0.08     0.08   439.78     0  00:05        0.08
  SonSto_SS4           JUNCTION     0.14     0.14   439.54     0  00:05        0.14
  Amont_Trappe         JUNCTION     0.64     0.86   438.56     0  00:00        0.64
  SonSto_SS6           JUNCTION     0.13     0.13   438.83     0  00:05        0.13
  SS2                  JUNCTION     0.00     0.00   448.00     0  00:00        0.00
  SonSto_SS2           JUNCTION     0.00     0.00   441.50     0  00:00        0.00
  12                   JUNCTION    23.44    23.82   472.82     0  00:03       23.47
  14                   JUNCTION    10.33    13.55   478.55     0  00:03       10.35
  15                   JUNCTION     0.31     0.31   472.31     0  00:05        0.31
  TWT_PointHaut_60+650 JUNCTION     0.00     0.00   438.50     0  00:00        0.00
  TWT_Fensterstollen_60+375 JUNCTION     0.40     0.40   441.70     0  00:04        0.40
  TWT_Acces_LT_60+110  JUNCTION     0.01     0.01   441.51     0  00:04        0.01
  TWT_Liaison_LT_59+738 JUNCTION     0.00     0.08   450.68     0  00:04        0.00
  Syst_Est_amont       JUNCTION     0.64     0.66   430.66     0  00:03        0.64
  Syst_Est_interm      JUNCTION     0.84     0.84   410.84     0  00:05        0.84
  TWT_Branche_Est_Sonsto_60+540 JUNCTION     0.00     0.00   442.40     0  00:00        0.00
  TWT_Intersection_Sonsto_60+345 JUNCTION     0.21     0.35   441.25     0  00:04        0.21
  TWT_Chrosweg_61+140  JUNCTION     0.18     0.18   432.18     0  00:05        0.18
  SonSto_F_sup         JUNCTION     0.05     0.05   448.05     0  00:05        0.05
  SonSto_porte         JUNCTION     2.99     3.00   441.50     0  00:04        3.00
  Brunnm_Fassung       OUTFALL      0.10     0.10   433.90     0  00:05        0.10
  Brunnmuehle(Teich)   OUTFALL      0.22     0.22   435.72     0  00:05        0.22
  Fensterstollen       OUTFALL      0.61     0.64   437.64     0  00:03        0.61
  Gischeren            OUTFALL      0.00     0.00   480.00     0  00:00        0.00
  Schuettstein         OUTFALL      0.18     0.18   477.73     0  00:05        0.18
  Holiloch             OUTFALL      1.29     1.30   477.80     0  00:05        1.30
  Sauserquelle         OUTFALL      0.40     0.40   435.95     0  00:05        0.40
  Entw_Stollen         OUTFALL      0.18     0.18   436.68     0  00:02        0.18
  Sous_lacustre        OUTFALL      0.10     0.10   429.30     0  00:05        0.10
  Sous_ecoul.          OUTFALL      0.00     0.00   433.00     0  00:05        0.00
  Syst_Est_aval        OUTFALL      0.00     0.00   429.00     0  00:00        0.00
  TWT_Portail_Est_61+665 OUTFALL      0.17     0.17   421.77     0  00:05        0.17
  
  
  *******************
  Node Inflow Summary
  *******************
  
  -------------------------------------------------------------------------------------------------
                                  Maximum  Maximum                  Lateral       Total        Flow
                                  Lateral    Total  Time of Max      Inflow      Inflow     Balance
                                   Inflow   Inflow   Occurrence      Volume      Volume       Error
  Node                 Type           CMS      CMS  days hr:min    10^6 ltr    10^6 ltr     Percent
  -------------------------------------------------------------------------------------------------
  9                    JUNCTION         0     13.8     0  00:00           0         485       0.017
  Holiloch_sonde       JUNCTION         0     12.4     0  00:01           0         452       0.133
  11                   JUNCTION         0    0.259     0  00:00           0          21       0.000
  13                   JUNCTION         0     21.4     0  00:00           0    1.67e+03       0.015
  21                   JUNCTION         0    0.404     0  00:05           0        34.9       0.015
  SonSto_F             JUNCTION         0     2.57     0  00:00           0        70.6      46.495
  Sondierstollen       JUNCTION         0        0     0  00:00           0           0       0.000 ltr
  Aval_Trappe          JUNCTION         0       10     0  00:04           0         807       2.682
  30                   JUNCTION         0     9.92     0  00:04           0         792      -1.196
  Gischeren_node       JUNCTION         0        0     0  00:00           0           0       0.000 ltr
  34                   JUNCTION         0    0.369     0  00:05           0        31.8       0.000
  38                   JUNCTION         0    0.252     0  00:00           0        19.2       0.007
  SS6                  JUNCTION         0    0.148     0  00:03           0        12.5       0.002
  40                   JUNCTION         0     1.64     0  00:05           0         141       0.001
  41                   JUNCTION         0      5.2     0  00:00           0        28.4       0.096
  SondeSchuettstein    JUNCTION         0    0.497     0  00:00           0        28.3      -0.016
  SS4                  JUNCTION         0   0.0815     0  00:02           0        6.92       0.060
  47                   JUNCTION         0     6.95     0  00:01           0         334      -0.035
  48                   JUNCTION         0    0.335     0  00:01           0        28.4       0.057
  SondeGischeren       JUNCTION         0    0.234     0  00:05           0        20.2     189.494
  49                   JUNCTION         0    0.869     0  00:02           0        12.6       1.244
  50                   JUNCTION         0   0.0809     0  00:05           0        6.98       0.923
  51                   JUNCTION         0     38.2     0  00:00           0    1.86e+03      -0.001
  Amont_C              JUNCTION      21.5     46.6     0  00:00    1.86e+03    1.86e+03       0.016
  52                   JUNCTION         0    0.234     0  00:05           0        20.2      28.543
  53                   JUNCTION         0    0.307     0  00:01           0        20.5       0.040
  54                   JUNCTION         0    0.238     0  00:05           0        20.5     132.207
  56                   JUNCTION         0     1.34     0  00:05           0         115       0.000
  2                    JUNCTION         0     4.33     0  00:03           0         201    3623.184
  4                    JUNCTION         0    0.338     0  00:05           0        29.2       0.022
  5                    JUNCTION         0     5.49     0  00:01           0         334       0.112
  6                    JUNCTION         0     8.78     0  00:01           0         347       0.093
  7                    JUNCTION         0     4.49     0  00:03           0         334       0.619
  SS3                  JUNCTION         0   0.0802     0  00:05           0        6.92       0.155
  SS5                  JUNCTION         0    0.362     0  00:05           0        31.2       0.093
  8                    JUNCTION         0    0.244     0  00:00           0        20.2       0.120
  10                   JUNCTION         0    0.624     0  00:03           0        12.5      -0.731
  SonSto_SS5           JUNCTION         0    0.457     0  00:05           0        39.4       0.053
  SonSto_SS3           JUNCTION         0   0.0801     0  00:05           0        6.91       0.739
  SonSto_SS4           JUNCTION         0     0.16     0  00:05           0        13.8       0.323
  Amont_Trappe         JUNCTION         0     2.83     0  00:00           0        42.5     -28.514
  SonSto_SS6           JUNCTION         0    0.528     0  00:05           0        45.6       0.061
  SS2                  JUNCTION         0        0     0  00:00           0           0       0.000 ltr
  SonSto_SS2           JUNCTION         0        0     0  00:00           0           0       0.000 ltr
  12                   JUNCTION         0    0.314     0  00:00           0        19.7       0.022
  14                   JUNCTION         0     1.65     0  00:03           0         114       0.043
  15                   JUNCTION         0    0.375     0  00:05           0        32.4       0.320
  TWT_PointHaut_60+650 JUNCTION         0        0     0  00:00           0           0       0.000 ltr
  TWT_Fensterstollen_60+375 JUNCTION         0     13.2     0  00:04           0    1.13e+03      -0.284
  TWT_Acces_LT_60+110  JUNCTION         0   0.0802     0  00:04           0    0.000783     -99.573
  TWT_Liaison_LT_59+738 JUNCTION         0     1.78     0  00:04           0     0.00218     -70.282
  Syst_Est_amont       JUNCTION      1.08     1.08     0  00:00        92.9        92.9      -2.322
  Syst_Est_interm      JUNCTION         0     1.13     0  00:04           0        95.195077725.264 ltr
  TWT_Branche_Est_Sonsto_60+540 JUNCTION         0        0     0  00:00           0           0       0.000 ltr
  TWT_Intersection_Sonsto_60+345 JUNCTION         0     9.07     0  00:04           0         390     -51.223
  TWT_Chrosweg_61+140  JUNCTION         0     1.21     0  00:05           0         105      35.414
  SonSto_F_sup         JUNCTION         0    0.374     0  00:05           0        32.3       0.024
  SonSto_porte         JUNCTION         0     13.8     0  00:04           0         800      -5.035
  Brunnm_Fassung       OUTFALL          0   0.0309     0  00:05           0        2.67       0.000
  Brunnmuehle(Teich)   OUTFALL          0    0.332     0  00:05           0        28.7       0.000
  Fensterstollen       OUTFALL          0       10     0  00:03           0         801       0.000
  Gischeren            OUTFALL          0        0     0  00:00           0           0       0.000 ltr
  Schuettstein         OUTFALL          0    0.328     0  00:05           0        28.3       0.000
  Holiloch             OUTFALL          0     3.85     0  00:05           0         332       0.000
  Sauserquelle         OUTFALL          0     1.34     0  00:05           0         115       0.000
  Entw_Stollen         OUTFALL          0    0.126     0  00:04           0        5.33       0.000
  Sous_lacustre        OUTFALL          0   0.0347     0  00:05           0           3       0.000
  Sous_ecoul.          OUTFALL          0  0.00585     0  00:05           0       0.505       0.000
  Syst_Est_aval        OUTFALL          0        0     0  00:00           0           0       0.000 ltr
  TWT_Portail_Est_61+665 OUTFALL          0    0.897     0  00:05           0        77.3       0.000
  
  
  **********************
  Node Surcharge Summary
  **********************
  
  Surcharging occurs when water rises above the top of the highest conduit.
  ---------------------------------------------------------------------
                                               Max. Height   Min. Depth
                                   Hours       Above Crown    Below Rim
  Node                 Type      Surcharged         Meters       Meters
  ---------------------------------------------------------------------
  9                    JUNCTION       23.99         46.447       51.753
  Holiloch_sonde       JUNCTION       23.98         45.946      152.154
  11                   JUNCTION       24.00         48.517      101.023
  13                   JUNCTION       23.99         48.912      348.088
  21                   JUNCTION       24.00         39.673      109.727
  34                   JUNCTION       24.00         18.442       80.958
  38                   JUNCTION       24.00         22.643      126.757
  40                   JUNCTION       24.00         36.142       59.858
  41                   JUNCTION       23.99         70.764      178.386
  SondeSchuettstein    JUNCTION       23.99         19.898        0.000
  47                   JUNCTION       23.97         11.370       86.730
  48                   JUNCTION       23.97          7.816       91.384
  49                   JUNCTION       23.94          4.774      187.226
  51                   JUNCTION       24.00         68.818      327.182
  Amont_C              JUNCTION       24.00         98.030      298.970
  53                   JUNCTION       23.96          7.692      187.308
  56                   JUNCTION       24.00          6.320       92.680
  2                    JUNCTION        0.01         11.031        0.000
  4                    JUNCTION       23.99          8.527       90.823
  5                    JUNCTION       23.94          0.559       44.441
  6                    JUNCTION       23.97         15.362      179.638
  10                   JUNCTION       23.94          2.802      189.198
  12                   JUNCTION       23.99         23.470      176.180
  14                   JUNCTION       23.95          9.546      186.454
  SonSto_porte         JUNCTION       23.92          0.000        0.000
  
  
  *********************
  Node Flooding Summary
  *********************
  
  Flooding refers to all water that overflows a node, whether it ponds or not.
  --------------------------------------------------------------------------
                                                             Total   Maximum
                                 Maximum   Time of Max       Flood    Ponded
                        Hours       Rate    Occurrence      Volume     Depth
  Node                 Flooded       CMS   days hr:min    10^6 ltr    Meters
  --------------------------------------------------------------------------
  SonSto_porte           23.92      11.6      0  00:04     645.316     0.000
  
  
  ***********************
  Outfall Loading Summary
  ***********************
  
  -----------------------------------------------------------
                         Flow       Avg       Max       Total
                         Freq      Flow      Flow      Volume
  Outfall Node           Pcnt       CMS       CMS    10^6 ltr
  -----------------------------------------------------------
  Brunnm_Fassung        99.95    0.0309    0.0309       2.668
  Brunnmuehle(Teich)    99.95     0.332     0.332      28.669
  Fensterstollen        99.97      9.28        10     801.090
  Gischeren              0.00         0         0       0.000
  Schuettstein          99.89     0.328     0.328      28.337
  Holiloch              99.79      3.85      3.85     331.782
  Sauserquelle          99.98      1.34      1.34     115.439
  Entw_Stollen          99.96    0.0617     0.126       5.331
  Sous_lacustre         99.99    0.0347    0.0347       2.999
  Sous_ecoul.           99.95   0.00585   0.00585       0.505
  Syst_Est_aval          0.00         0         0       0.000
  TWT_Portail_Est_61+665  99.96     0.896     0.897      77.335
  -----------------------------------------------------------
  System                83.28      16.1      16.8    1394.156
  
  
  ********************
  Link Flow Summary
  ********************
  
  -----------------------------------------------------------------------------
                                 Maximum  Time of Max   Maximum    Max/    Max/
                                  |Flow|   Occurrence   |Veloc|    Full    Full
  Link                 Type          CMS  days hr:min     m/sec    Flow   Depth
  -----------------------------------------------------------------------------
  Brunn_Fassung_L      CONDUIT    0.0309     0  00:05      1.35    0.51    0.75
  11                   CONDUIT      12.4     0  00:01      8.04    1.85    1.00
  14                   CONDUIT      13.8     0  00:00      9.88    7.51    1.00
  16                   CONDUIT     0.259     0  00:00      3.03    1.81    1.00
  17                   CONDUIT     0.255     0  00:00      0.90    0.44    1.00
  26                   CONDUIT       5.2     0  00:00      9.44    7.05    1.00
  27                   CONDUIT    0.0766     0  00:00      2.02    0.99    1.00
  Gischeren_L          CONDUIT         0     0  00:00      0.00    0.00    0.00
  Schuettstein_L       CONDUIT     0.328     0  00:05      2.31    0.28    0.68
  Brunnmuehle_L        CONDUIT     0.369     0  00:05      1.30    0.17    1.00
  32                   CONDUIT         0     0  00:00      0.00    0.00    0.00
  35                   CONDUIT         0     0  00:00      0.00    0.00    0.31
  45                   CONDUIT     0.528     0  00:05      1.48    0.00    0.12
  46                   CONDUIT      1.34     0  00:05      4.73    1.33    1.00
  47                   CONDUIT     0.117     0  00:00      3.07    7.28    1.00
  50                   CONDUIT     0.335     0  00:01      1.10    0.06    1.00
  51                   CONDUIT     0.298     0  00:05      3.10    0.83    1.00
  53                   CONDUIT     0.252     0  00:00      1.51    1.28    1.00
  Fenster_L            CONDUIT        10     0  00:03      9.16    0.10    0.22
  58                   CONDUIT      9.85     0  00:04      8.17    0.13    0.27
  59                   CONDUIT     0.457     0  00:05      3.66    0.00    0.05
  61                   CONDUIT     0.497     0  00:00      3.39    0.70    1.00
  63                   CONDUIT     0.148     0  00:03      2.06    0.67    0.51
  66                   CONDUIT    0.0809     0  00:05      1.46    1.07    0.80
  67                   CONDUIT      21.4     0  00:00      5.55    0.21    1.00
  Amont_L              CONDUIT      38.2     0  00:00      5.40    2.07    1.00
  69                   CONDUIT     0.234     0  00:05      1.98    0.91    0.91
  70                   CONDUIT     0.182     0  00:05      1.52    0.56    0.91
  71                   CONDUIT     0.307     0  00:01      1.63    0.54    1.00
  72                   CONDUIT     0.238     0  00:05      1.33    1.13    0.65
  Sauser_L             CONDUIT      1.34     0  00:05      2.27    0.34    0.70
  75                   CONDUIT    0.0815     0  00:02      2.81    0.83    0.62
  Entw_Sto_L           CONDUIT     0.126     0  00:04      4.95    2.91    1.00
  4                    CONDUIT    0.0239     0  00:02      0.85    1.07    1.00
  5                    CONDUIT    0.0225     0  00:01      0.94    0.80    1.00
  6                    CONDUIT    0.0347     0  00:05      1.36    0.52    0.76
  7                    CONDUIT     0.338     0  00:05      1.72    0.52    1.00
  Brunn_Teich_L        CONDUIT     0.332     0  00:05      1.40    0.25    0.67
  9                    CONDUIT   0.00585     0  00:05      1.47    0.00    0.50
  12                   CONDUIT      5.49     0  00:01      3.37    0.11    1.00
  15                   CONDUIT      8.78     0  00:01      5.02    0.23    1.00
  18                   CONDUIT      6.95     0  00:01      3.81    0.28    1.00
  19                   CONDUIT     0.869     0  00:02      1.18    0.83    1.00
  20                   CONDUIT      2.83     0  00:00      4.91    0.23    0.91
  21                   CONDUIT      4.49     0  00:03      0.54    0.03    0.81
  Hooliloch_L          CONDUIT      3.85     0  00:05      1.02    0.08    0.54
  23                   CONDUIT    0.0802     0  00:05      3.08    0.50    0.40
  25                   CONDUIT     0.244     0  00:00      1.61    0.20    0.54
  28                   CONDUIT    0.0795     0  00:05      0.95    0.00    0.04
  29                   CONDUIT    0.0955     0  00:05      0.73    0.00    0.05
  31                   CONDUIT         0     0  00:00      0.00    0.00    0.02
  33                   CONDUIT     0.624     0  00:03      0.77    0.24    1.00
  37                   CONDUIT     0.362     0  00:05      0.65    0.01    0.13
  SS3_L                CONDUIT    0.0801     0  00:05      2.84    0.00    0.03
  40                   CONDUIT      2.57     0  00:00      2.11    0.02    0.19
  SS6_L                CONDUIT    0.0727     0  00:03      1.42    0.00    0.05
  1                    CONDUIT         0     0  00:00      0.00    0.00    0.01
  2                    CONDUIT         0     0  00:00      0.00    0.00    0.00
  3                    CONDUIT    0.0802     0  00:02      2.63    0.01    0.10
  10                   CONDUIT    0.0639     0  00:03      0.12    0.00    0.13
  13                   CONDUIT     0.314     0  00:00      4.35    0.68    1.00
  22                   CONDUIT     0.267     0  00:01      2.77    0.66    1.00
  24                   CONDUIT      1.65     0  00:03      2.75    0.00    1.00
  30                   CONDUIT      1.32     0  00:05      1.84    0.55    1.00
  34                   CONDUIT     0.375     0  00:05      1.89    0.42    0.78
  36                   CONDUIT     0.374     0  00:05      5.53    0.40    0.33
  38                   CONDUIT     0.234     0  00:05      2.31    0.09    0.47
  48                   CONDUIT      1.13     0  00:04      2.61    0.76    0.74
  54                   CONDUIT         0     0  00:00      0.00    0.00    0.28
  68                   CONDUIT      0.29     0  00:05      1.01    0.00    0.12
  73                   CONDUIT      4.29     0  00:03      2.20    0.99    0.97
  TWT1                 CONDUIT     0.897     0  00:05      3.31    0.00    0.02
  1_1_a_3              CONDUIT      1.21     0  00:05      2.56    1.88    0.59
  TWT2                 CONDUIT         0     0  00:00      0.00    0.00    0.01
  TWT3                 CONDUIT         0     0  00:00      0.00    0.00    0.00
  TWT4                 CONDUIT         0     0  00:00      0.00    0.00    0.03
  1_2_b_               CONDUIT         0     0  00:00      0.00    0.00    0.00
  1_2_b_1              CONDUIT        13     0  00:04     22.06    3.53    0.70
  1_2_b_2              CONDUIT     0.084     0  00:05      0.63    0.01    0.23
  1_2_b_6              CONDUIT    0.0754     0  00:03      0.57    0.00    0.23
  TWT5                 CONDUIT      4.52     0  00:05      8.07    0.00    0.05
  1_4_a                CONDUIT      8.75     0  00:04      9.88    0.04    0.22
  TWT6                 CONDUIT   0.00225     0  00:04      0.02    0.00    0.02
  1_4_b                CONDUIT      13.8     0  00:04     19.55    0.02    0.55
  TWT7                 CONDUIT    0.0802     0  00:04      3.49    0.00    0.00
  1_5_a                CONDUIT      1.78     0  00:04      1.08    0.00    0.52
  
  
  ***************************
  Flow Classification Summary
  ***************************
  
  -------------------------------------------------------------------------------------
                      Adjusted    ---------- Fraction of Time in Flow Class ---------- 
                       /Actual         Up    Down  Sub   Sup   Up    Down  Norm  Inlet 
  Conduit               Length    Dry  Dry   Dry   Crit  Crit  Crit  Crit  Ltd   Ctrl  
  -------------------------------------------------------------------------------------
  Brunn_Fassung_L         1.00   0.00  0.00  0.00  0.00  1.00  0.00  0.00  0.00  0.00
  11                      1.00   0.00  0.00  0.00  1.00  0.00  0.00  0.00  0.00  0.00
  14                      1.00   0.00  0.00  0.00  1.00  0.00  0.00  0.00  0.00  0.00
  16                      1.00   0.00  0.00  0.00  1.00  0.00  0.00  0.00  0.00  0.00
  17                      1.00   0.00  0.00  0.00  1.00  0.00  0.00  0.00  0.00  0.00
  26                      1.00   0.00  0.00  0.00  1.00  0.00  0.00  0.00  0.00  0.00
  27                      1.00   0.00  0.00  0.00  1.00  0.00  0.00  0.00  0.00  0.00
  Gischeren_L             1.00   1.00  0.00  0.00  0.00  0.00  0.00  0.00  0.00  0.00
  Schuettstein_L          1.00   0.00  0.00  0.00  0.00  1.00  0.00  0.00  0.00  0.00
  Brunnmuehle_L           1.00   0.00  0.00  0.00  1.00  0.00  0.00  0.00  0.00  0.00
  32                      1.00   1.00  0.00  0.00  0.00  0.00  0.00  0.00  0.00  0.00
  35                      1.00   0.00  1.00  0.00  0.00  0.00  0.00  0.00  0.00  0.00
  45                      1.00   0.00  0.00  0.00  1.00  0.00  0.00  0.00  1.00  0.00
  46                      1.00   0.00  0.00  0.00  1.00  0.00  0.00  0.00  0.00  0.00
  47                      1.00   0.00  0.00  0.00  1.00  0.00  0.00  0.00  0.00  0.00
  50                      1.00   0.00  0.00  0.00  1.00  0.00  0.00  0.00  0.00  0.00
  51                      1.00   0.00  0.00  0.00  1.00  0.00  0.00  0.00  0.00  0.00
  53                      1.00   0.00  0.00  0.00  1.00  0.00  0.00  0.00  0.00  0.00
  Fenster_L               1.00   0.00  0.00  0.00  0.00  1.00  0.00  0.00  0.00  0.00
  58                      1.00   0.00  0.00  0.00  0.00  1.00  0.00  0.00  0.00  0.00
  59                      1.00   0.00  0.00  0.00  0.00  1.00  0.00  0.00  0.00  0.00
  61                      1.00   0.00  0.00  0.00  1.00  0.00  0.00  0.00  0.00  0.00
  63                      1.00   0.00  0.00  0.00  1.00  0.00  0.00  0.00  0.00  0.00
  66                      1.00   0.00  0.00  0.00  1.00  0.00  0.00  0.00  0.00  0.00
  67                      1.00   0.00  0.00  0.00  1.00  0.00  0.00  0.00  0.00  0.00
  Amont_L                 1.00   0.00  0.00  0.00  1.00  0.00  0.00  0.00  0.00  0.00
  69                      1.00   0.00  0.00  0.00  1.00  0.00  0.00  0.00  0.00  0.00
  70                      1.00   0.00  0.00  0.00  1.00  0.00  0.00  0.00  0.00  0.00
  71                      1.00   0.00  0.00  0.00  1.00  0.00  0.00  0.00  0.00  0.00
  72                      1.00   0.00  0.00  0.00  1.00  0.00  0.00  0.00  0.00  0.00
  Sauser_L                1.00   0.00  0.00  0.00  1.00  0.00  0.00  0.00  0.00  0.00
  75                      1.00   0.00  0.00  0.00  0.00  1.00  0.00  0.00  0.00  0.00
  Entw_Sto_L              1.00   0.00  0.00  0.00  1.00  0.00  0.00  0.00  0.00  0.00
  4                       1.00   0.00  0.00  0.00  1.00  0.00  0.00  0.00  0.00  0.00
  5                       1.00   0.00  0.00  0.00  1.00  0.00  0.00  0.00  0.00  0.00
  6                       1.00   0.00  0.00  0.00  0.00  1.00  0.00  0.00  0.00  0.00
  7                       1.00   0.00  0.00  0.00  1.00  0.00  0.00  0.00  0.00  0.00
  Brunn_Teich_L           1.00   0.00  0.00  0.00  1.00  0.00  0.00  0.00  0.00  0.00
  9                       1.00   0.00  0.00  0.00  0.00  1.00  0.00  0.00  0.00  0.00
  12                      1.00   0.00  0.00  0.00  1.00  0.00  0.00  0.00  0.00  0.00
  15                      1.00   0.00  0.00  0.00  1.00  0.00  0.00  0.00  0.00  0.00
  18                      1.00   0.00  0.00  0.00  1.00  0.00  0.00  0.00  0.00  0.00
  19                      1.00   0.00  0.00  0.00  1.00  0.00  0.00  0.00  0.00  0.00
  20                      1.00   0.00  0.00  0.00  1.00  0.00  0.00  0.00  0.00  0.00
  21                      1.00   0.00  0.00  0.00  1.00  0.00  0.00  0.00  0.00  0.00
  Hooliloch_L             1.00   0.00  0.00  0.00  1.00  0.00  0.00  0.00  0.00  0.00
  23                      1.00   0.00  0.00  0.00  0.00  1.00  0.00  0.00  0.00  0.00
  25                      1.00   0.00  0.00  0.00  1.00  0.00  0.00  0.00  0.00  0.00
  28                      1.00   0.00  0.00  0.00  0.00  1.00  0.00  0.00  1.00  0.00
  29                      1.00   0.00  0.00  0.00  1.00  0.00  0.00  0.00  1.00  0.00
  31                      1.00   0.00  1.00  0.00  0.00  0.00  0.00  0.00  0.00  0.00
  33                      1.00   0.00  0.00  0.00  1.00  0.00  0.00  0.00  0.00  0.00
  37                      1.00   0.00  0.00  0.00  1.00  0.00  0.00  0.00  0.00  0.00
  SS3_L                   1.00   0.00  0.00  0.00  0.00  1.00  0.00  0.00  1.00  0.00
  40                      1.00   0.00  0.00  0.00  1.00  0.00  0.00  0.00  0.00  0.00
  SS6_L                   1.00   0.00  0.00  0.00  0.00  1.00  0.00  0.00  1.00  0.00
  1                       1.00   0.00  1.00  0.00  0.00  0.00  0.00  0.00  0.00  0.00
  2                       1.00   1.00  0.00  0.00  0.00  0.00  0.00  0.00  0.00  0.00
  3                       1.00   0.00  0.00  0.00  0.00  1.00  0.00  0.00  1.00  0.00
  10                      1.00   0.00  0.00  0.00  1.00  0.00  0.00  0.00  0.00  0.00
  13                      1.00   0.00  0.00  0.00  1.00  0.00  0.00  0.00  0.00  0.00
  22                      1.00   0.00  0.00  0.00  1.00  0.00  0.00  0.00  0.00  0.00
  24                      1.00   0.00  0.00  0.00  1.00  0.00  0.00  0.00  0.00  0.00
  30                      1.00   0.00  0.00  0.00  1.00  0.00  0.00  0.00  0.00  0.00
  34                      1.00   0.00  0.00  0.00  1.00  0.00  0.00  0.00  0.00  0.00
  36                      1.00   0.00  0.00  0.00  0.00  1.00  0.00  0.00  0.00  0.00
  38                      1.00   0.00  0.00  0.00  1.00  0.00  0.00  0.00  1.00  0.00
  48                      1.00   0.00  0.00  0.00  1.00  0.00  0.00  0.00  1.00  0.00
  54                      1.00   0.00  1.00  0.00  0.00  0.00  0.00  0.00  0.00  0.00
  68                      1.00   0.00  0.00  0.00  1.00  0.00  0.00  0.00  1.00  0.00
  73                      1.00   0.00  0.00  0.00  1.00  0.00  0.00  0.00  0.00  0.00
  TWT1                    1.00   0.00  0.00  0.00  0.00  1.00  0.00  0.00  0.00  0.00
  1_1_a_3                 1.00   0.00  0.00  0.00  0.00  1.00  0.00  0.00  0.00  0.00
  TWT2                    1.00   0.00  1.00  0.00  0.00  0.00  0.00  0.00  0.00  0.00
  TWT3                    1.00   1.00  0.00  0.00  0.00  0.00  0.00  0.00  0.00  0.00
  TWT4                    1.00   0.00  1.00  0.00  0.00  0.00  0.00  0.00  0.00  0.00
  1_2_b_                  1.00   1.00  0.00  0.00  0.00  0.00  0.00  0.00  0.00  0.00
  1_2_b_1                 1.00   0.00  0.00  0.00  0.00  1.00  0.00  0.00  0.00  0.00
  1_2_b_2                 1.00   0.00  0.00  0.00  1.00  0.00  0.00  0.00  1.00  0.00
  1_2_b_6                 1.00   0.00  0.00  0.00  1.00  0.00  0.00  0.00  1.00  0.00
  TWT5                    1.00   0.00  0.00  0.00  0.00  1.00  0.00  0.00  0.00  0.00
  1_4_a                   1.00   0.00  0.00  0.00  0.00  1.00  0.00  0.00  1.00  0.00
  TWT6                    1.00   0.00  0.00  0.00  1.00  0.00  0.00  0.00  1.00  0.00
  1_4_b                   1.00   0.00  0.00  0.00  1.00  0.00  0.00  0.00  1.00  0.00
  TWT7                    1.00   0.00  1.00  0.00  0.00  0.00  0.00  0.00  1.00  0.00
  1_5_a                   1.00   0.00  1.00  0.00  0.00  0.00  0.00  0.00  1.00  0.00
  
  
  *************************
  Conduit Surcharge Summary
  *************************
  
  ----------------------------------------------------------------------------
                                                           Hours        Hours 
                         --------- Hours Full --------   Above Full   Capacity
  Conduit                Both Ends  Upstream  Dnstream   Normal Flow   Limited
  ----------------------------------------------------------------------------
  Brunn_Fassung_L             0.01      0.01     24.00      0.01         0.01
  11                         23.98     23.98     23.99      0.02         0.01
  14                         23.99     23.99     24.00     23.99         0.01
  16                         24.00     24.00     24.00     23.99        23.99
  17                         24.00     24.00     24.00      0.01         0.01
  26                         23.99     24.00     23.99      0.01         0.01
  27                         23.99     23.99     23.99      0.01         0.01
  Schuettstein_L              0.01      0.01     23.97      0.01         0.01
  Brunnmuehle_L              24.00     24.00     24.00      0.01         0.01
  46                         24.00     24.00     24.00     23.97         0.01
  47                         24.00     24.00     24.00     24.00        24.00
  50                         23.97     23.97     23.99      0.01         0.01
  51                         23.98     23.98     24.00      0.01         0.01
  53                         24.00     24.00     24.00     23.98         0.01
  61                         23.99     23.99     23.99      0.01         0.01
  63                          0.01     23.96      0.01      0.01         0.01
  66                          0.01     23.95      0.01     23.94         0.01
  67                         23.99     23.99     24.00      0.01         0.01
  Amont_L                    24.00     24.00     24.00     24.00         0.01
  69                          0.01      0.01     24.00      0.01         0.01
  70                          0.01      0.01     24.00      0.01         0.01
  71                         23.97     23.97     23.99      0.01         0.01
  72                          0.01     23.96      0.01     23.95         0.01
  Sauser_L                    0.01      0.01     24.00      0.01         0.01
  75                          0.01     23.96      0.01      0.01         0.01
  Entw_Sto_L                 23.96     23.97     23.96     23.96        23.96
  4                          23.96     23.96     23.97      0.01         0.01
  5                          23.97     23.97     24.00      0.01         0.01
  6                           0.01      0.01     24.00      0.01         0.01
  7                          23.99     23.99     24.00      0.01         0.01
  Brunn_Teich_L               0.01      0.01     23.99      0.01         0.01
  9                           0.01      0.01     23.99      0.01         0.01
  12                         23.97     23.97     23.97      0.01         0.01
  15                         23.97     23.97     23.98      0.01         0.01
  18                         23.97     23.97     23.97      0.01         0.01
  19                         23.95     23.95     23.97      0.01         0.01
  21                          0.01      0.01     23.94      0.01         0.01
  25                          0.01      0.01     23.99      0.01         0.01
  33                         23.94     23.94     23.94      0.01         0.01
  13                         23.99     23.99     24.00      0.01         0.01
  22                         23.99     23.99     24.00      0.01         0.01
  24                         23.95     23.95     24.00      0.01         0.01
  30                         23.95     23.95     24.00      0.01         0.01
  34                          0.01      0.01     23.99      0.01         0.01
  73                          0.01     23.93      0.01      0.01         0.01
  1_1_a_3                     0.01     23.98      0.01     23.98         0.01
  1_2_b_1                     0.01      0.01     23.99     23.99         0.01
  1_4_b                       0.01      0.01     23.92      0.01         0.01
  1_5_a                       0.01      0.01      0.01      0.01         0.01
  

  Analysis begun on:  Thu Aug 13 08:54:25 2026
  Analysis ended on:  Thu Aug 13 08:54:28 2026
  Total elapsed time: 00:00:03