
  EPA STORM WATER MANAGEMENT MODEL - VERSION 5.2 (Build 5.2.4)
  ------------------------------------------------------------

  Brunnmuehle (Twann) 
  WARNING 08: elevation drop exceeds length for Conduit SS3_L
  WARNING 08: elevation drop exceeds length for Conduit SS6_L
  WARNING 08: elevation drop exceeds length for Conduit 2
  WARNING 08: elevation drop exceeds length for Conduit 3
  WARNING 08: elevation drop exceeds length for Conduit 68
  WARNING 08: elevation drop exceeds length for Conduit 1_2_b_
  WARNING 08: elevation drop exceeds length for Conduit 1_2_b_2
  WARNING 08: elevation drop exceeds length for Conduit 1_2_b_5
  WARNING 08: elevation drop exceeds length for Conduit 1_4_a
  WARNING 08: elevation drop exceeds length for Conduit 1_4_b
  WARNING 08: elevation drop exceeds length for Conduit 1_5_a
  WARNING 02: maximum depth increased for Node 2
  
  ****************
  Analysis Options
  ****************
  Flow Units ............... CMS
  Process Models:
    Rainfall/Runoff ........ NO
    RDII ................... NO
    Snowmelt ............... NO
    Groundwater ............ NO
    Flow Routing ........... YES
    Ponding Allowed ........ NO
    Water Quality .......... NO
  Flow Routing Method ...... DYNWAVE
  Surcharge Method ......... EXTRAN
  Starting Date ............ 01/01/2000 00:00:00
  Ending Date .............. 01/02/2000 00:00:00
  Antecedent Dry Days ...... 0.0
  Report Time Step ......... 01:00:00
  Routing Time Step ........ 0.50 sec
  Variable Time Step ....... YES
  Maximum Trials ........... 8
  Number of Threads ........ 1
  Head Tolerance ........... 0.001500 m
  
  
  **************************        Volume        Volume
  Flow Routing Continuity        hectare-m      10^6 ltr
  **************************     ---------     ---------
  Dry Weather Inflow .......         0.000         0.000
  Wet Weather Inflow .......         0.000         0.000
  Groundwater Inflow .......         0.000         0.000
  RDII Inflow ..............         0.000         0.000
  External Inflow ..........       133.343      1333.445
  External Outflow .........       125.945      1259.468
  Flooding Loss ............         0.000         0.000
  Evaporation Loss .........         0.000         0.000
  Exfiltration Loss ........         0.000         0.000
  Initial Stored Volume ....         0.056         0.564
  Final Stored Volume ......         1.493        14.927
  Continuity Error (%) .....         4.469
  
  
  *************************
  Highest Continuity Errors
  *************************
  Node TWT_Acces_LT_60+110 (81.42%)
  Node TWT_Intersection_Sonsto_60+345 (75.27%)
  Node 2 (8.10%)
  Node TWT_Fensterstollen_60+375 (4.52%)
  
  
  ***************************
  Time-Step Critical Elements
  ***************************
  Link 1_4_a (873.05%)
  Link 20 (98.45%)
  
  
  ********************************
  Highest Flow Instability Indexes
  ********************************
  Link Amont_L (1)
  Link 67 (1)
  Link 21 (1)
  Link 26 (1)
  Link 18 (1)
  
  
  *********************************
  Most Frequent Nonconverging Nodes
  *********************************
  Node Brunnm_Fassung (5.84%)
  Node Brunnmuehle(Teich) (5.84%)
  Node Fensterstollen (5.84%)
  Node Gischeren (5.84%)
  Node Schuettstein (5.84%)
  
  
  *************************
  Routing Time Step Summary
  *************************
  Minimum Time Step           :     0.50 sec
  Average Time Step           :     0.50 sec
  Maximum Time Step           :     0.50 sec
  % of Time in Steady State   :    89.71
  Average Iterations per Step :     2.63
  % of Steps Not Converging   :     5.84
  Time Step Frequencies       :
      0.500 -  0.500 sec      :   100.00 %
      0.500 -  0.500 sec      :     0.00 %
      0.500 -  0.500 sec      :     0.00 %
      0.500 -  0.500 sec      :     0.00 %
      0.500 -  0.500 sec      :     0.00 %
  
  
  ******************
  Node Depth Summary
  ******************
  
  ---------------------------------------------------------------------------------
                                 Average  Maximum  Maximum  Time of Max    Reported
                                   Depth    Depth      HGL   Occurrence   Max Depth
  Node                 Type       Meters   Meters   Meters  days hr:min      Meters
  ---------------------------------------------------------------------------------
  9                    JUNCTION    45.60    48.17   486.67     0  00:00       45.80
  Holiloch_sonde       JUNCTION    41.55    43.94   483.94     0  00:00       41.68
  11                   JUNCTION    32.73    32.91   442.91     0  00:00       32.87
  13                   JUNCTION    58.66    59.55   497.55     0  00:02       59.22
  21                   JUNCTION    38.82    39.52   439.52     0  00:04       38.86
  SonSto_F             JUNCTION     0.19     0.19   437.99     0  02:28        0.19
  Sondierstollen       JUNCTION     0.00     0.00   440.80     0  00:00        0.00
  Aval_Trappe          JUNCTION     0.36     0.37   437.97     0  02:28        0.37
  30                   JUNCTION     0.32     0.33   437.63     0  02:28        0.33
  Gischeren_node       JUNCTION     3.76     3.78   480.28     0  02:25        3.78
  34                   JUNCTION    17.99    18.50   438.50     0  00:04       18.02
  38                   JUNCTION    19.54    19.80   439.80     0  00:04       19.60
  SS6                  JUNCTION     0.07     0.07   448.07     0  00:02        0.07
  40                   JUNCTION    44.28    46.78   465.78     0  00:01       44.54
  41                   JUNCTION    58.86    59.74   497.24     0  00:02       59.41
  SondeSchuettstein    JUNCTION    22.45    24.24   483.24     0  00:01       22.55
  SS4                  JUNCTION     0.08     0.08   448.08     0  00:10        0.08
  47                   JUNCTION    14.29    14.35   479.25     0  00:04       14.33
  48                   JUNCTION    10.10    11.63   482.63     0  00:01       10.18
  SondeGischeren       JUNCTION    15.23    15.30   480.30     0  01:32       15.29
  49                   JUNCTION    13.93    15.62   481.62     0  00:02       14.00
  50                   JUNCTION     9.05     9.10   472.10     0  01:37        9.09
  51                   JUNCTION    77.00    77.88   497.88     0  00:02       77.56
  Amont_C              JUNCTION    80.26    87.67   505.67     0  00:00       80.82
  52                   JUNCTION    10.90    22.44   479.44     0  00:04       11.16
  53                   JUNCTION    26.06    28.24   495.24     0  00:09       26.62
  54                   JUNCTION    27.50    29.83   492.83     0  00:09       28.13
  56                   JUNCTION     7.16     7.98   437.98     0  00:01        7.17
  2                    JUNCTION     3.29     3.47   441.47     0  02:28        3.47
  4                    JUNCTION     8.41     8.66   436.66     0  00:00        8.42
  5                    JUNCTION     6.17     6.20   478.70     0  00:04        6.19
  6                    JUNCTION    22.10    25.19   483.19     0  00:01       22.18
  7                    JUNCTION     3.66     3.68   478.68     0  00:04        3.68
  SS3                  JUNCTION     0.06     0.06   448.06     0  01:37        0.06
  SS5                  JUNCTION     0.67     0.67   439.57     0  00:10        0.67
  8                    JUNCTION     6.35     6.40   480.40     0  01:31        6.39
  10                   JUNCTION    11.92    13.67   481.67     0  00:02       12.00
  SonSto_SS5           JUNCTION     0.17     0.17   439.47     0  00:10        0.17
  SonSto_SS3           JUNCTION     0.08     0.08   439.78     0  01:37        0.08
  SonSto_SS4           JUNCTION     0.17     0.17   439.57     0  00:10        0.17
  Amont_Trappe         JUNCTION     0.28     0.28   437.98     0  02:28        0.28
  SonSto_SS6           JUNCTION     0.15     0.16   438.86     0  00:10        0.15
  SS2                  JUNCTION     0.00     0.00   448.00     0  00:00        0.00
  SonSto_SS2           JUNCTION     0.00     0.00   441.50     0  00:00        0.00
  12                   JUNCTION    32.27    32.92   481.92     0  00:02       32.68
  14                   JUNCTION    19.87    22.71   487.71     0  00:01       20.31
  15                   JUNCTION     0.38     0.38   472.38     0  00:04        0.38
  TWT_PointHaut_60+650 JUNCTION     0.00     0.00   438.50     0  00:00        0.00
  TWT_Fensterstollen_60+375 JUNCTION     0.16     0.17   441.47     0  02:28        0.17
  TWT_Acces_LT_60+110  JUNCTION     3.79     3.97   441.47     0  02:28        3.97
  TWT_Liaison_LT_59+738 JUNCTION     0.00     0.00   450.60     0  00:00        0.00
  Syst_Est_amont       JUNCTION     4.97    48.47   478.47     0  00:13        5.01
  Syst_Est_interm      JUNCTION    20.00    30.98   440.98     0  00:13       20.15
  TWT_Branche_Est_Sonsto_60+540 JUNCTION     0.00     0.00   442.40     0  00:00        0.00
  TWT_Intersection_Sonsto_60+345 JUNCTION     4.29     4.47   441.47     0  02:28        4.47
  TWT_Chrosweg_61+140  JUNCTION     0.00     0.00   432.00     0  00:00        0.00
  SonSto_F_sup         JUNCTION     0.06     0.06   448.06     0  00:04        0.06
  SonSto_porte         JUNCTION     2.80     2.97   441.47     0  02:28        2.97
  Brunnm_Fassung       OUTFALL      0.09     0.09   433.89     0  00:04        0.09
  Brunnmuehle(Teich)   OUTFALL      0.20     0.20   435.70     0  02:25        0.20
  Fensterstollen       OUTFALL      0.32     0.32   437.32     0  02:28        0.32
  Gischeren            OUTFALL      0.19     0.19   480.19     0  02:25        0.19
  Schuettstein         OUTFALL      0.25     0.25   477.80     0  00:02        0.25
  Holiloch             OUTFALL      1.75     1.76   478.26     0  00:04        1.76
  Sauserquelle         OUTFALL      0.43     0.43   435.98     0  00:02        0.43
  Entw_Stollen         OUTFALL      0.18     0.18   436.68     0  00:34        0.18
  Sous_lacustre        OUTFALL      0.10     0.10   429.30     0  00:04        0.10
  Sous_ecoul.          OUTFALL      0.00     0.00   433.00     0  00:04        0.00
  Syst_Est_aval        OUTFALL      0.37     0.39   429.39     0  00:13        0.38
  TWT_Portail_Est_61+665 OUTFALL      0.00     0.00   421.60     0  00:00        0.00
  
  
  *******************
  Node Inflow Summary
  *******************
  
  -------------------------------------------------------------------------------------------------
                                  Maximum  Maximum                  Lateral       Total        Flow
                                  Lateral    Total  Time of Max      Inflow      Inflow     Balance
                                   Inflow   Inflow   Occurrence      Volume      Volume       Error
  Node                 Type           CMS      CMS  days hr:min    10^6 ltr    10^6 ltr     Percent
  -------------------------------------------------------------------------------------------------
  9                    JUNCTION         0     13.4     0  00:00           0         796       0.011
  Holiloch_sonde       JUNCTION         0     12.6     0  00:00           0         752       0.007
  11                   JUNCTION         0    0.342     0  00:09           0        28.6      -0.000
  13                   JUNCTION         0       15     0  00:00           0    1.06e+03       0.007
  21                   JUNCTION         0    0.337     0  02:25           0        28.9      -0.001
  SonSto_F             JUNCTION         0     1.15     0  00:10           0          98       0.100
  Sondierstollen       JUNCTION         0        0     0  00:00           0           0       0.000 ltr
  Aval_Trappe          JUNCTION         0     2.44     0  02:28           0         204       0.486
  30                   JUNCTION         0      2.5     0  02:28           0         210       0.484
  Gischeren_node       JUNCTION         0    0.458     0  00:08           0        35.9       0.030
  34                   JUNCTION         0    0.305     0  02:25           0        26.2      -0.001
  38                   JUNCTION         0    0.176     0  00:00           0        9.57      -0.001
  SS6                  JUNCTION         0    0.162     0  00:02           0        13.3       0.000
  40                   JUNCTION         0     1.84     0  00:02           0         158      -0.002
  41                   JUNCTION         0     2.03     0  00:00           0        49.4      -0.006
  SondeSchuettstein    JUNCTION         0    0.762     0  00:00           0        49.4       0.018
  SS4                  JUNCTION         0    0.134     0  00:09           0        11.5      -0.005
  47                   JUNCTION         0     9.97     0  00:01           0         738       0.003
  48                   JUNCTION         0    0.612     0  00:01           0        49.4       0.001
  SondeGischeren       JUNCTION         0    0.377     0  00:06           0        24.3       0.207
  49                   JUNCTION         0     1.03     0  00:01           0        13.3       0.335
  50                   JUNCTION         0     0.18     0  00:04           0        13.2       0.017
  51                   JUNCTION         0     28.4     0  00:00           0    1.27e+03      -0.014
  Amont_C              JUNCTION      14.7     39.8     0  00:00    1.27e+03    1.27e+03       0.016
  52                   JUNCTION         0    0.284     0  00:03           0        19.3       0.110
  53                   JUNCTION         0     0.42     0  00:01           0        14.3       0.038
  54                   JUNCTION         0    0.359     0  00:09           0        14.3       0.766
  56                   JUNCTION         0      1.5     0  00:02           0         129       0.000
  2                    JUNCTION         0    0.528     0  00:40           0        7.15       8.819
  4                    JUNCTION         0    0.278     0  02:25           0        23.9       0.023
  5                    JUNCTION         0      8.9     0  00:02           0         738       0.031
  6                    JUNCTION         0     10.8     0  00:00           0         752       0.017
  7                    JUNCTION         0     8.91     0  00:02           0         738      -0.080
  SS3                  JUNCTION         0    0.154     0  00:13           0        13.2       0.002
  SS5                  JUNCTION         0    0.429     0  00:10           0        36.2       0.003
  8                    JUNCTION         0    0.632     0  00:06           0        49.3       0.146
  10                   JUNCTION         0    0.828     0  00:02           0        13.3      -0.012
  SonSto_SS5           JUNCTION         0    0.559     0  00:10           0        47.8      -0.007
  SonSto_SS3           JUNCTION         0    0.083     0  01:34           0        7.16       0.015
  SonSto_SS4           JUNCTION         0    0.217     0  00:10           0        18.6      -0.043
  Amont_Trappe         JUNCTION         0      1.1     0  02:26           0        91.9       0.224
  SonSto_SS6           JUNCTION         0    0.715     0  00:10           0          61      -0.005
  SS2                  JUNCTION         0        0     0  00:00           0           0       0.000 ltr
  SonSto_SS2           JUNCTION         0        0     0  00:00           0           0       0.000 ltr
  12                   JUNCTION         0    0.397     0  00:00           0          22       0.009
  14                   JUNCTION         0     2.13     0  00:01           0         128       0.028
  15                   JUNCTION         0     0.52     0  00:04           0        44.3      -0.089
  TWT_PointHaut_60+650 JUNCTION         0        0     0  00:00           0           0       0.000 ltr
  TWT_Fensterstollen_60+375 JUNCTION         0     1.97     0  02:28           0         168       4.739
  TWT_Acces_LT_60+110  JUNCTION         0     1.46     0  02:23           0        23.6     438.236
  TWT_Liaison_LT_59+738 JUNCTION         0        0     0  00:00           0           0       0.000 ltr
  Syst_Est_amont       JUNCTION     0.735    0.735     0  00:00        63.5        63.5       0.201
  Syst_Est_interm      JUNCTION         0    0.865     0  00:13           0        63.4       0.656
  TWT_Branche_Est_Sonsto_60+540 JUNCTION         0        0     0  00:00           0           0       0.000 ltr
  TWT_Intersection_Sonsto_60+345 JUNCTION         0     1.27     0  01:28           0        52.3     304.373
  TWT_Chrosweg_61+140  JUNCTION         0        0     0  00:00           0           0       0.000 ltr
  SonSto_F_sup         JUNCTION         0    0.519     0  00:04           0        44.3      -0.005
  SonSto_porte         JUNCTION         0    0.555     0  00:39           0        7.92     102.251
  Brunnm_Fassung       OUTFALL          0    0.027     0  00:04           0        2.31       0.000
  Brunnmuehle(Teich)   OUTFALL          0    0.273     0  02:25           0        23.4       0.000
  Fensterstollen       OUTFALL          0     2.49     0  02:28           0         209       0.000
  Gischeren            OUTFALL          0    0.427     0  02:25           0        35.9       0.000
  Schuettstein         OUTFALL          0    0.585     0  00:02           0        49.4       0.000
  Holiloch             OUTFALL          0     8.72     0  00:04           0         739       0.000
  Sauserquelle         OUTFALL          0      1.5     0  00:02           0         129       0.000
  Entw_Stollen         OUTFALL          0   0.0773     0  02:28           0         6.5       0.000
  Sous_lacustre        OUTFALL          0   0.0319     0  00:04           0        2.74       0.000
  Sous_ecoul.          OUTFALL          0  0.00576     0  00:04           0       0.487       0.000
  Syst_Est_aval        OUTFALL          0      0.8     0  00:13           0          63       0.000
  TWT_Portail_Est_61+665 OUTFALL          0        0     0  00:00           0           0       0.000 ltr
  
  
  **********************
  Node Surcharge Summary
  **********************
  
  Surcharging occurs when water rises above the top of the highest conduit.
  ---------------------------------------------------------------------
                                               Max. Height   Min. Depth
                                   Hours       Above Crown    Below Rim
  Node                 Type      Surcharged         Meters       Meters
  ---------------------------------------------------------------------
  9                    JUNCTION       23.99         46.366       51.834
  Holiloch_sonde       JUNCTION       23.99         42.039      156.061
  11                   JUNCTION       24.00         32.408      117.092
  13                   JUNCTION       23.99         56.546      340.454
  21                   JUNCTION       24.00         38.925      110.475
  34                   JUNCTION       24.00         17.904       81.496
  38                   JUNCTION       24.00         19.198      130.202
  40                   JUNCTION       24.00         42.780       53.220
  41                   JUNCTION       23.99         58.887      190.263
  SondeSchuettstein    JUNCTION       23.98         23.436        0.000
  47                   JUNCTION       23.98         12.447       85.653
  48                   JUNCTION       23.98         10.830       88.370
  SondeGischeren       JUNCTION       23.93         14.099       84.701
  49                   JUNCTION       23.96          7.623      184.377
  50                   JUNCTION       23.93          8.799      190.901
  51                   JUNCTION       24.00         73.881      322.119
  Amont_C              JUNCTION       24.00         84.671      312.329
  52                   JUNCTION       23.93         22.040       77.560
  53                   JUNCTION       23.97         23.242      171.758
  54                   JUNCTION       23.84         24.834      170.166
  56                   JUNCTION       23.99          6.984       92.016
  2                    JUNCTION       22.59          1.471        0.000
  4                    JUNCTION       23.99          8.010       91.340
  5                    JUNCTION       23.97          1.205       43.795
  6                    JUNCTION       23.98         20.193      174.807
  8                    JUNCTION       23.85          1.403      193.597
  10                   JUNCTION       23.96          5.666      186.334
  12                   JUNCTION       23.98         32.571      167.079
  14                   JUNCTION       23.97         18.708      177.292
  Syst_Est_amont       JUNCTION       23.77         47.473       51.527
  Syst_Est_interm      JUNCTION       23.82         29.477       69.023
  
  
  *********************
  Node Flooding Summary
  *********************
  
  No nodes were flooded.
  
  
  ***********************
  Outfall Loading Summary
  ***********************
  
  -----------------------------------------------------------
                         Flow       Avg       Max       Total
                         Freq      Flow      Flow      Volume
  Outfall Node           Pcnt       CMS       CMS    10^6 ltr
  -----------------------------------------------------------
  Brunnm_Fassung        99.94    0.0267     0.027       2.306
  Brunnmuehle(Teich)    99.94     0.271     0.273      23.360
  Fensterstollen        99.96      2.41      2.49     208.512
  Gischeren             99.35     0.418     0.427      35.884
  Schuettstein          99.92     0.572     0.585      49.404
  Holiloch              99.88      8.56      8.72     738.647
  Sauserquelle          99.97      1.49       1.5     128.669
  Entw_Stollen          99.93    0.0753    0.0773       6.499
  Sous_lacustre        100.00    0.0317    0.0319       2.737
  Sous_ecoul.           99.94   0.00564   0.00576       0.487
  Syst_Est_aval         99.25     0.734       0.8      62.957
  TWT_Portail_Est_61+665   0.00         0         0       0.000
  -----------------------------------------------------------
  System                91.51      14.6      14.7    1259.462
  
  
  ********************
  Link Flow Summary
  ********************
  
  -----------------------------------------------------------------------------
                                 Maximum  Time of Max   Maximum    Max/    Max/
                                  |Flow|   Occurrence   |Veloc|    Full    Full
  Link                 Type          CMS  days hr:min     m/sec    Flow   Depth
  -----------------------------------------------------------------------------
  Brunn_Fassung_L      CONDUIT     0.027     0  00:04      1.21    0.45    0.73
  11                   CONDUIT      12.6     0  00:00      6.93    1.88    1.00
  14                   CONDUIT      13.4     0  00:00      9.88    7.29    1.00
  16                   CONDUIT     0.342     0  00:09      4.00    2.38    1.00
  17                   CONDUIT     0.176     0  00:00      0.62    0.30    1.00
  26                   CONDUIT      2.03     0  00:00      3.57    2.75    1.00
  27                   CONDUIT    0.0707     0  02:28      1.92    0.91    0.93
  Gischeren_L          CONDUIT     0.427     0  02:25      0.63    0.06    0.58
  Schuettstein_L       CONDUIT     0.585     0  00:02      3.71    0.50    0.75
  Brunnmuehle_L        CONDUIT     0.305     0  02:25      1.08    0.14    1.00
  32                   CONDUIT         0     0  00:00      0.00    0.00    0.00
  35                   CONDUIT     0.233     0  00:06      0.31    0.04    1.00
  45                   CONDUIT     0.724     0  00:10      5.11    0.01    0.06
  46                   CONDUIT       1.5     0  00:02      5.31    1.50    1.00
  47                   CONDUIT     0.114     0  00:00      3.01    7.13    1.00
  50                   CONDUIT     0.612     0  00:01      2.12    0.11    1.00
  51                   CONDUIT      0.34     0  00:02      3.54    0.95    1.00
  53                   CONDUIT     0.176     0  00:00      1.06    0.90    1.00
  Fenster_L            CONDUIT      2.49     0  02:28      5.95    0.02    0.11
  58                   CONDUIT      2.43     0  02:28      5.28    0.03    0.12
  59                   CONDUIT     0.561     0  00:10      3.80    0.01    0.05
  61                   CONDUIT     0.762     0  00:00      3.73    1.07    1.00
  63                   CONDUIT     0.162     0  00:02      2.23    0.73    0.52
  66                   CONDUIT      0.18     0  00:04      2.67    2.38    1.00
  67                   CONDUIT      14.7     0  00:00      4.04    0.15    1.00
  Amont_L              CONDUIT      28.4     0  00:00      4.01    1.54    1.00
  69                   CONDUIT     0.284     0  00:03      2.40    1.11    1.00
  70                   CONDUIT     0.227     0  00:09      1.80    0.70    1.00
  71                   CONDUIT      0.42     0  00:01      1.84    0.74    1.00
  72                   CONDUIT     0.359     0  00:09      1.71    1.70    1.00
  Sauser_L             CONDUIT       1.5     0  00:02      2.50    0.38    0.71
  75                   CONDUIT     0.134     0  00:09      4.01    1.37    0.66
  Entw_Sto_L           CONDUIT    0.0773     0  02:28      3.04    1.79    1.00
  4                    CONDUIT    0.0341     0  00:29      1.31    1.53    1.00
  5                    CONDUIT   0.00878     0  00:28      0.41    0.31    1.00
  6                    CONDUIT    0.0319     0  00:04      1.27    0.48    0.74
  7                    CONDUIT     0.278     0  02:25      1.42    0.43    1.00
  Brunn_Teich_L        CONDUIT     0.273     0  02:25      1.19    0.21    0.65
  9                    CONDUIT   0.00576     0  00:04      1.45    0.00    0.50
  12                   CONDUIT       8.9     0  00:02      5.07    0.18    1.00
  15                   CONDUIT      10.8     0  00:00      5.22    0.28    1.00
  18                   CONDUIT      9.97     0  00:01      4.97    0.40    1.00
  19                   CONDUIT      1.03     0  00:01      1.34    0.98    1.00
  20                   CONDUIT      1.11     0  02:26      4.01    0.09    0.32
  21                   CONDUIT      8.91     0  00:02      0.93    0.06    0.87
  Hooliloch_L          CONDUIT      8.72     0  00:04      1.48    0.17    0.68
  23                   CONDUIT     0.154     0  00:13      3.50    0.96    0.60
  25                   CONDUIT     0.632     0  00:06      2.21    0.52    1.00
  28                   CONDUIT     0.083     0  01:37      0.90    0.00    0.04
  29                   CONDUIT     0.137     0  00:10      0.86    0.01    0.06
  31                   CONDUIT     0.345     0  00:08      0.55    0.21    0.88
  33                   CONDUIT     0.828     0  00:02      0.82    0.31    1.00
  37                   CONDUIT     0.424     0  00:10      0.70    0.01    0.14
  SS3_L                CONDUIT     0.083     0  01:34      2.67    0.00    0.03
  40                   CONDUIT       1.1     0  02:26      1.87    0.01    0.06
  SS6_L                CONDUIT     0.162     0  00:02      2.47    0.00    0.06
  1                    CONDUIT         0     0  00:00      0.00    0.00    0.01
  2                    CONDUIT         0     0  00:00      0.00    0.00    0.00
  3                    CONDUIT     0.134     0  00:10      2.77    0.01    0.13
  10                   CONDUIT    0.0903     0  00:10      0.15    0.00    0.14
  13                   CONDUIT     0.397     0  00:00      4.57    0.86    1.00
  22                   CONDUIT     0.296     0  00:01      3.07    0.73    1.00
  24                   CONDUIT      2.13     0  00:01      3.08    0.00    1.00
  30                   CONDUIT      1.49     0  00:02      2.07    0.62    1.00
  34                   CONDUIT      0.52     0  00:04      2.43    0.58    0.85
  36                   CONDUIT     0.519     0  00:04      5.80    0.55    0.40
  38                   CONDUIT     0.377     0  00:06      2.70    0.14    1.00
  48                   CONDUIT     0.865     0  00:13      2.40    0.58    1.00
  54                   CONDUIT       0.8     0  00:13      0.68    0.15    0.63
  68                   CONDUIT     0.433     0  00:04      8.96    0.00    0.04
  73                   CONDUIT     0.489     0  00:40      0.64    0.11    1.00
  TWT1                 CONDUIT         0     0  00:00      0.00    0.00    0.00
  TWT2                 CONDUIT         0     0  00:00      0.00    0.00    0.00
  TWT3                 CONDUIT         0     0  00:00      0.00    0.00    0.00
  TWT4                 CONDUIT         0     0  00:00      0.00    0.00    0.01
  1_2_b_               CONDUIT         0     0  00:00      0.00    0.00    0.00
  1_2_b_1              CONDUIT      1.81     0  02:28     13.01    3.12    0.67
  1_2_b_2              CONDUIT    0.0856     0  00:04      3.53    0.03    0.23
  1_2_b_5              CONDUIT    0.0705     0  01:34      3.03    0.03    0.23
  TWT5                 CONDUIT      1.13     0  02:25      6.51    0.00    0.29
  1_4_a                CONDUIT      1.38     0  02:28      4.55    0.01    0.09
  TWT6                 CONDUIT      1.24     0  02:23      0.62    0.00    0.53
  1_4_b                CONDUIT     0.555     0  00:39      0.21    0.00    0.99
  1_4_b_1              CONDUIT     0.263     0  00:09      1.90    0.18    1.00
  TWT7                 CONDUIT         0     0  00:00      0.00    0.00    0.25
  1_5_a                CONDUIT         0     0  00:00      0.00    0.00    0.50
  
  
  ***************************
  Flow Classification Summary
  ***************************
  
  -------------------------------------------------------------------------------------
                      Adjusted    ---------- Fraction of Time in Flow Class ---------- 
                       /Actual         Up    Down  Sub   Sup   Up    Down  Norm  Inlet 
  Conduit               Length    Dry  Dry   Dry   Crit  Crit  Crit  Crit  Ltd   Ctrl  
  -------------------------------------------------------------------------------------
  Brunn_Fassung_L         1.00   0.00  0.00  0.00  0.00  1.00  0.00  0.00  0.00  0.00
  11                      1.00   0.00  0.00  0.00  1.00  0.00  0.00  0.00  0.00  0.00
  14                      1.00   0.00  0.00  0.00  1.00  0.00  0.00  0.00  0.00  0.00
  16                      1.00   0.00  0.00  0.00  1.00  0.00  0.00  0.00  0.00  0.00
  17                      1.00   0.00  0.00  0.00  1.00  0.00  0.00  0.00  0.00  0.00
  26                      1.00   0.00  0.00  0.00  1.00  0.00  0.00  0.00  0.00  0.00
  27                      1.00   0.00  0.00  0.00  0.00  1.00  0.00  0.00  0.00  0.00
  Gischeren_L             1.00   0.00  0.00  0.00  0.99  0.00  0.00  0.00  0.00  0.00
  Schuettstein_L          1.00   0.00  0.00  0.00  0.00  1.00  0.00  0.00  0.00  0.00
  Brunnmuehle_L           1.00   0.00  0.00  0.00  1.00  0.00  0.00  0.00  0.00  0.00
  32                      1.00   1.00  0.00  0.00  0.00  0.00  0.00  0.00  0.00  0.00
  35                      1.00   0.00  0.00  0.00  1.00  0.00  0.00  0.00  0.00  0.00
  45                      1.00   0.00  0.00  0.00  0.00  1.00  0.00  0.00  1.00  0.00
  46                      1.00   0.00  0.00  0.00  1.00  0.00  0.00  0.00  0.00  0.00
  47                      1.00   0.00  0.00  0.00  1.00  0.00  0.00  0.00  0.00  0.00
  50                      1.00   0.00  0.00  0.00  1.00  0.00  0.00  0.00  0.00  0.00
  51                      1.00   0.00  0.00  0.00  1.00  0.00  0.00  0.00  0.00  0.00
  53                      1.00   0.00  0.00  0.00  1.00  0.00  0.00  0.00  0.00  0.00
  Fenster_L               1.00   0.00  0.00  0.00  0.00  1.00  0.00  0.00  0.00  0.00
  58                      1.00   0.00  0.00  0.00  0.00  1.00  0.00  0.00  0.10  0.00
  59                      1.00   0.00  0.00  0.00  0.00  1.00  0.00  0.00  0.00  0.00
  61                      1.00   0.00  0.00  0.00  1.00  0.00  0.00  0.00  0.00  0.00
  63                      1.00   0.00  0.00  0.00  1.00  0.00  0.00  0.00  0.00  0.00
  66                      1.00   0.00  0.00  0.00  1.00  0.00  0.00  0.00  0.00  0.00
  67                      1.00   0.00  0.00  0.00  1.00  0.00  0.00  0.00  0.00  0.00
  Amont_L                 1.00   0.00  0.00  0.00  1.00  0.00  0.00  0.00  0.00  0.00
  69                      1.00   0.00  0.00  0.00  1.00  0.00  0.00  0.00  0.00  0.00
  70                      1.00   0.00  0.00  0.00  1.00  0.00  0.00  0.00  0.00  0.00
  71                      1.00   0.00  0.00  0.00  1.00  0.00  0.00  0.00  0.00  0.00
  72                      1.00   0.00  0.00  0.00  1.00  0.00  0.00  0.00  0.00  0.00
  Sauser_L                1.00   0.00  0.00  0.00  1.00  0.00  0.00  0.00  0.00  0.00
  75                      1.00   0.00  0.00  0.00  0.00  1.00  0.00  0.00  0.00  0.00
  Entw_Sto_L              1.00   0.00  0.00  0.00  0.98  0.02  0.00  0.00  0.00  0.00
  4                       1.00   0.00  0.00  0.00  0.99  0.01  0.00  0.00  0.00  0.00
  5                       1.00   0.00  0.00  0.00  1.00  0.00  0.00  0.00  0.00  0.00
  6                       1.00   0.00  0.00  0.00  0.00  1.00  0.00  0.00  0.00  0.00
  7                       1.00   0.00  0.00  0.00  1.00  0.00  0.00  0.00  0.00  0.00
  Brunn_Teich_L           1.00   0.00  0.00  0.00  1.00  0.00  0.00  0.00  0.00  0.00
  9                       1.00   0.00  0.00  0.00  0.00  1.00  0.00  0.00  0.00  0.00
  12                      1.00   0.00  0.00  0.00  1.00  0.00  0.00  0.00  0.00  0.00
  15                      1.00   0.00  0.00  0.00  1.00  0.00  0.00  0.00  0.00  0.00
  18                      1.00   0.00  0.00  0.00  1.00  0.00  0.00  0.00  0.00  0.00
  19                      1.00   0.00  0.00  0.00  1.00  0.00  0.00  0.00  0.00  0.00
  20                      1.00   0.00  0.00  0.00  0.00  1.00  0.00  0.00  0.00  0.00
  21                      1.00   0.00  0.00  0.00  1.00  0.00  0.00  0.00  0.00  0.00
  Hooliloch_L             1.00   0.00  0.00  0.00  1.00  0.00  0.00  0.00  0.00  0.00
  23                      1.00   0.00  0.00  0.00  0.00  1.00  0.00  0.00  0.00  0.00
  25                      1.00   0.00  0.00  0.00  1.00  0.00  0.00  0.00  0.00  0.00
  28                      1.00   0.00  0.00  0.00  1.00  0.00  0.00  0.00  1.00  0.00
  29                      1.00   0.00  0.00  0.00  1.00  0.00  0.00  0.00  0.00  0.00
  31                      1.00   0.00  0.00  0.00  1.00  0.00  0.00  0.00  0.00  0.00
  33                      1.00   0.00  0.00  0.00  1.00  0.00  0.00  0.00  0.00  0.00
  37                      1.00   0.00  0.00  0.00  1.00  0.00  0.00  0.00  0.00  0.00
  SS3_L                   1.00   0.00  0.00  0.00  0.00  1.00  0.00  0.00  1.00  0.00
  40                      1.00   0.00  0.00  0.00  0.90  0.10  0.00  0.00  0.00  0.00
  SS6_L                   1.00   0.00  0.00  0.00  0.00  1.00  0.00  0.00  1.00  0.00
  1                       1.00   0.00  1.00  0.00  0.00  0.00  0.00  0.00  0.00  0.00
  2                       1.00   1.00  0.00  0.00  0.00  0.00  0.00  0.00  0.00  0.00
  3                       1.00   0.00  0.00  0.00  0.00  1.00  0.00  0.00  1.00  0.00
  10                      1.00   0.00  0.00  0.00  1.00  0.00  0.00  0.00  0.00  0.00
  13                      1.00   0.00  0.00  0.00  1.00  0.00  0.00  0.00  0.00  0.00
  22                      1.00   0.00  0.00  0.00  1.00  0.00  0.00  0.00  0.00  0.00
  24                      1.00   0.00  0.00  0.00  1.00  0.00  0.00  0.00  0.00  0.00
  30                      1.00   0.00  0.00  0.00  1.00  0.00  0.00  0.00  0.00  0.00
  34                      1.00   0.00  0.00  0.00  0.00  1.00  0.00  0.00  0.00  0.00
  36                      1.00   0.00  0.00  0.00  0.00  1.00  0.00  0.00  0.00  0.00
  38                      1.00   0.00  0.00  0.00  1.00  0.00  0.00  0.00  0.00  0.00
  48                      1.00   0.00  0.00  0.00  1.00  0.00  0.00  0.00  0.00  0.00
  54                      1.00   0.00  0.01  0.00  0.99  0.00  0.00  0.00  0.00  0.00
  68                      1.00   0.00  0.00  0.00  0.00  1.00  0.00  0.00  1.00  0.00
  73                      1.00   0.00  0.02  0.00  0.98  0.00  0.00  0.00  0.01  0.00
  TWT1                    1.00   1.00  0.00  0.00  0.00  0.00  0.00  0.00  0.00  0.00
  TWT2                    1.00   1.00  0.00  0.00  0.00  0.00  0.00  0.00  0.00  0.00
  TWT3                    1.00   1.00  0.00  0.00  0.00  0.00  0.00  0.00  0.00  0.00
  TWT4                    1.00   0.00  1.00  0.00  0.00  0.00  0.00  0.00  0.00  0.00
  1_2_b_                  1.00   1.00  0.00  0.00  0.00  0.00  0.00  0.00  0.00  0.00
  1_2_b_1                 1.00   0.00  0.00  0.00  0.00  1.00  0.00  0.00  0.00  0.00
  1_2_b_2                 1.00   0.00  0.00  0.00  0.00  1.00  0.00  0.00  1.00  0.00
  1_2_b_5                 1.00   0.00  0.00  0.00  0.00  1.00  0.00  0.00  1.00  0.00
  TWT5                    1.00   0.00  0.00  0.00  1.00  0.00  0.00  0.00  0.10  0.00
  1_4_a                   1.00   0.00  0.00  0.00  0.00  1.00  0.00  0.00  1.00  0.00
  TWT6                    1.00   0.00  0.00  0.00  1.00  0.00  0.00  0.00  0.00  0.00
  1_4_b                   1.00   0.00  0.02  0.00  0.98  0.00  0.00  0.00  0.00  0.00
  1_4_b_1                 1.00   0.00  0.00  0.00  1.00  0.00  0.00  0.00  0.00  0.00
  TWT7                    1.00   0.00  1.00  0.00  0.00  0.00  0.00  0.00  0.00  0.00
  1_5_a                   1.00   0.00  1.00  0.00  0.00  0.00  0.00  0.00  0.00  0.00
  
  
  *************************
  Conduit Surcharge Summary
  *************************
  
  ----------------------------------------------------------------------------
                                                           Hours        Hours 
                         --------- Hours Full --------   Above Full   Capacity
  Conduit                Both Ends  Upstream  Dnstream   Normal Flow   Limited
  ----------------------------------------------------------------------------
  Brunn_Fassung_L             0.01      0.01     24.00      0.01         0.01
  11                         23.99     23.99     23.99     23.99         0.01
  14                         23.99     23.99     23.99     23.99         0.01
  16                         24.00     24.00     24.00     23.99        23.99
  17                         24.00     24.00     24.00      0.01         0.01
  26                         23.99     23.99     23.99      0.01         0.01
  27                          0.01      0.01     23.97      0.01         0.01
  Gischeren_L                 0.01      0.01     23.84      0.01         0.01
  Schuettstein_L              0.01      0.01     23.98      0.01         0.01
  Brunnmuehle_L              24.00     24.00     24.00      0.01         0.01
  35                         23.87     23.87     23.93      0.01         0.01
  46                         24.00     24.00     24.00     23.98         0.01
  47                         24.00     24.00     24.00     24.00        24.00
  50                         23.98     23.98     23.98      0.01         0.01
  51                         23.98     23.98     24.00      0.01         0.01
  53                         24.00     24.00     24.00      0.01         0.01
  61                         23.99     23.99     23.99      0.01         0.01
  63                          0.01     23.97      0.01      0.01         0.01
  66                         23.93     23.97     23.93     23.96        23.93
  67                         23.99     23.99     24.00      0.01         0.01
  Amont_L                    24.00     24.00     24.00      0.01         0.01
  69                         23.93     23.93     24.00      0.02         0.01
  70                         23.93     23.93     24.00      0.01         0.01
  71                         23.98     23.98     23.99      0.01         0.01
  72                         23.84     23.97     23.84      0.14         0.01
  Sauser_L                    0.01      0.01     24.00      0.01         0.01
  75                          0.01     23.97      0.01     23.84         0.01
  Entw_Sto_L                 23.43     23.52     23.43     23.54        23.43
  4                          23.51     23.97     23.51     23.84        23.51
  5                          23.52     23.52     24.00      0.01         0.01
  6                           0.01      0.01     24.00      0.01         0.01
  7                          23.99     23.99     24.00      0.01         0.01
  Brunn_Teich_L               0.01      0.01     23.98      0.01         0.01
  9                           0.01      0.01     23.98      0.01         0.01
  12                         23.98     23.98     23.98      0.01         0.01
  15                         23.98     23.98     23.99      0.01         0.01
  18                         23.98     23.98     23.98      0.01         0.01
  19                         23.97     23.97     23.98      0.01         0.01
  21                          0.01      0.01     23.97      0.01         0.01
  23                          0.01     23.93      0.01      0.01         0.01
  25                         23.90     23.90     23.99      0.01         0.01
  31                          0.01      0.01     23.85      0.01         0.01
  33                         23.96     23.96     23.96      0.01         0.01
  13                         23.98     23.98     24.00      0.01         0.01
  22                         23.98     23.98     24.00      0.01         0.01
  24                         23.97     23.97     24.00      0.01         0.01
  30                         23.97     23.97     24.00      0.01         0.01
  34                          0.01      0.01     23.99      0.01         0.01
  38                         23.91     23.91     23.94      0.01         0.01
  48                         23.77     23.77     23.87      0.01         0.01
  54                          0.01      0.01     23.82      0.01         0.01
  73                         22.26     22.26     22.59      0.01         0.01
  1_2_b_1                     0.01      0.01     23.99     23.99         0.01
  1_4_b                       0.01      0.01     22.60      0.01         0.01
  1_4_b_1                    23.83     23.83     24.00      0.01         0.01
  

  Analysis begun on:  Thu Aug 20 12:28:31 2026
  Analysis ended on:  Thu Aug 20 12:28:36 2026
  Total elapsed time: 00:00:05