
  EPA STORM WATER MANAGEMENT MODEL - VERSION 5.2 (Build 5.2.4)
  ------------------------------------------------------------

  Brunnmuehle (Twann) 
  WARNING 08: elevation drop exceeds length for Conduit SS3_L
  WARNING 08: elevation drop exceeds length for Conduit SS6_L
  WARNING 08: elevation drop exceeds length for Conduit 2
  WARNING 08: elevation drop exceeds length for Conduit 3
  WARNING 08: elevation drop exceeds length for Conduit 68
  WARNING 08: elevation drop exceeds length for Conduit 1_2_b_
  WARNING 08: elevation drop exceeds length for Conduit 1_2_b_2
  WARNING 08: elevation drop exceeds length for Conduit 1_2_b_5
  WARNING 08: elevation drop exceeds length for Conduit 1_4_a
  WARNING 08: elevation drop exceeds length for Conduit 1_4_b
  WARNING 08: elevation drop exceeds length for Conduit 1_5_a
  WARNING 02: maximum depth increased for Node 2
  
  ****************
  Analysis Options
  ****************
  Flow Units ............... CMS
  Process Models:
    Rainfall/Runoff ........ NO
    RDII ................... NO
    Snowmelt ............... NO
    Groundwater ............ NO
    Flow Routing ........... YES
    Ponding Allowed ........ NO
    Water Quality .......... NO
  Flow Routing Method ...... DYNWAVE
  Surcharge Method ......... EXTRAN
  Starting Date ............ 01/01/2000 00:00:00
  Ending Date .............. 01/02/2000 00:00:00
  Antecedent Dry Days ...... 0.0
  Report Time Step ......... 01:00:00
  Routing Time Step ........ 0.50 sec
  Variable Time Step ....... YES
  Maximum Trials ........... 8
  Number of Threads ........ 1
  Head Tolerance ........... 0.001500 m
  
  
  **************************        Volume        Volume
  Flow Routing Continuity        hectare-m      10^6 ltr
  **************************     ---------     ---------
  Dry Weather Inflow .......         0.000         0.000
  Wet Weather Inflow .......         0.000         0.000
  Groundwater Inflow .......         0.000         0.000
  RDII Inflow ..............         0.000         0.000
  External Inflow ..........       195.026      1950.277
  External Outflow .........        82.455       824.561
  Flooding Loss ............       102.567      1025.678
  Evaporation Loss .........         0.000         0.000
  Exfiltration Loss ........         0.000         0.000
  Initial Stored Volume ....         0.056         0.561
  Final Stored Volume ......         0.385         3.848
  Continuity Error (%) .....         4.960
  
  
  *************************
  Highest Continuity Errors
  *************************
  Node 2 (-741.77%)
  Node Amont_Trappe (-116.31%)
  Node Syst_Est_interm (100.00%)
  Node 54 (46.51%)
  Node SondeGischeren (43.08%)
  
  
  ***************************
  Time-Step Critical Elements
  ***************************
  Link 1_4_a (34954.66%)
  Link 1_4_b (15.38%)
  
  
  ********************************
  Highest Flow Instability Indexes
  ********************************
  All links are stable.
  
  
  *********************************
  Most Frequent Nonconverging Nodes
  *********************************
  Node Brunnm_Fassung (79.76%)
  Node Brunnmuehle(Teich) (79.76%)
  Node Fensterstollen (79.76%)
  Node Gischeren (79.76%)
  Node Schuettstein (79.76%)
  
  
  *************************
  Routing Time Step Summary
  *************************
  Minimum Time Step           :     0.50 sec
  Average Time Step           :     0.50 sec
  Maximum Time Step           :     0.50 sec
  % of Time in Steady State   :    99.71
  Average Iterations per Step :     7.76
  % of Steps Not Converging   :    79.76
  Time Step Frequencies       :
      0.500 -  0.500 sec      :   100.00 %
      0.500 -  0.500 sec      :     0.00 %
      0.500 -  0.500 sec      :     0.00 %
      0.500 -  0.500 sec      :     0.00 %
      0.500 -  0.500 sec      :     0.00 %
  
  
  ******************
  Node Depth Summary
  ******************
  
  ---------------------------------------------------------------------------------
                                 Average  Maximum  Maximum  Time of Max    Reported
                                   Depth    Depth      HGL   Occurrence   Max Depth
  Node                 Type       Meters   Meters   Meters  days hr:min      Meters
  ---------------------------------------------------------------------------------
  9                    JUNCTION    38.48    44.28   482.78     0  00:00       38.51
  Holiloch_sonde       JUNCTION    36.90    40.67   480.67     0  00:00       36.93
  11                   JUNCTION    43.17    45.88   455.88     0  00:00       43.18
  13                   JUNCTION    39.46    42.99   480.99     0  00:00       39.48
  21                   JUNCTION    39.22    39.26   439.26     0  00:04       39.23
  SonSto_F             JUNCTION     0.39     0.68   438.48     0  00:00        0.39
  Sondierstollen       JUNCTION     0.00     0.00   440.80     0  00:00        0.00
  Aval_Trappe          JUNCTION     0.66     0.91   438.51     0  00:00        0.66
  30                   JUNCTION     0.56     0.69   437.99     0  00:00        0.56
  Gischeren_node       JUNCTION     0.00     0.00   476.50     0  00:00        0.00
  34                   JUNCTION    18.28    18.31   438.31     0  00:04       18.29
  38                   JUNCTION    21.79    21.92   441.92     0  00:04       21.80
  SS6                  JUNCTION     0.07     0.07   448.07     0  00:04        0.07
  40                   JUNCTION    31.63    31.65   450.65     0  00:04       31.65
  41                   JUNCTION    39.96    63.44   500.94     0  00:00       39.98
  SondeSchuettstein    JUNCTION    18.45    20.34   479.34     0  00:01       18.47
  SS4                  JUNCTION     0.06     0.06   448.06     0  00:02        0.06
  47                   JUNCTION    11.96    11.97   476.87     0  00:04       11.97
  48                   JUNCTION     6.47     8.30   479.30     0  00:01        6.48
  SondeGischeren       JUNCTION     0.33     0.33   465.33     0  00:04        0.33
  49                   JUNCTION    10.72    10.73   476.73     0  00:04       10.73
  50                   JUNCTION     0.18     0.18   463.18     0  00:03        0.18
  51                   JUNCTION    58.30    63.78   483.78     0  00:00       58.31
  Amont_C              JUNCTION    63.01   101.03   519.03     0  00:00       63.03
  52                   JUNCTION     0.22     0.22   457.22     0  00:04        0.22
  53                   JUNCTION     6.12     6.14   473.14     0  00:04        6.12
  54                   JUNCTION     0.68     0.69   463.69     0  00:04        0.69
  56                   JUNCTION     6.76     6.76   436.76     0  00:04        6.76
  2                    JUNCTION     6.14    13.41   451.41     0  00:03        6.15
  4                    JUNCTION     8.48     9.17   437.17     0  00:00        8.49
  5                    JUNCTION     4.35     4.36   476.86     0  00:04        4.36
  6                    JUNCTION    18.88    18.96   476.96     0  00:01       18.89
  7                    JUNCTION     1.88     1.88   476.88     0  00:04        1.88
  SS3                  JUNCTION     0.04     0.04   448.04     0  00:03        0.04
  SS5                  JUNCTION     0.61     0.61   439.51     0  00:04        0.61
  8                    JUNCTION     0.15     0.15   474.15     0  00:04        0.15
  10                   JUNCTION     8.72     8.73   476.73     0  00:04        8.73
  SonSto_SS5           JUNCTION     0.13     0.13   439.43     0  00:04        0.13
  SonSto_SS3           JUNCTION     0.05     0.05   439.75     0  00:04        0.05
  SonSto_SS4           JUNCTION     0.11     0.11   439.51     0  00:04        0.11
  Amont_Trappe         JUNCTION     0.50     0.80   438.50     0  00:00        0.50
  SonSto_SS6           JUNCTION     0.13     0.13   438.83     0  00:04        0.13
  SS2                  JUNCTION     0.00     0.00   448.00     0  00:00        0.00
  SonSto_SS2           JUNCTION     0.00     0.00   441.50     0  00:00        0.00
  12                   JUNCTION    16.39    16.41   465.41     0  00:04       16.41
  14                   JUNCTION     2.17     2.17   467.17     0  00:04        2.17
  15                   JUNCTION     0.26     0.26   472.26     0  00:04        0.26
  TWT_PointHaut_60+650 JUNCTION     0.00     0.00   438.50     0  00:00        0.00
  TWT_Fensterstollen_60+375 JUNCTION     0.36     0.36   441.66     0  00:01        0.36
  TWT_Acces_LT_60+110  JUNCTION     0.77     0.77   442.27     0  00:04        0.77
  TWT_Liaison_LT_59+738 JUNCTION     0.02     0.05   450.65     0  00:03        0.02
  Syst_Est_amont       JUNCTION     0.65     0.66   430.66     0  00:03        0.65
  Syst_Est_interm      JUNCTION     0.65     0.65   410.65     0  00:04        0.65
  TWT_Branche_Est_Sonsto_60+540 JUNCTION     0.00     0.00   442.40     0  00:00        0.00
  TWT_Intersection_Sonsto_60+345 JUNCTION     0.23     0.23   441.13     0  00:04        0.23
  TWT_Chrosweg_61+140  JUNCTION     0.00     0.00   432.00     0  00:00        0.00
  SonSto_F_sup         JUNCTION     0.04     0.04   448.04     0  00:04        0.04
  SonSto_porte         JUNCTION     3.00     3.00   441.50     0  00:03        3.00
  Brunnm_Fassung       OUTFALL      0.09     0.09   433.89     0  00:04        0.09
  Brunnmuehle(Teich)   OUTFALL      0.21     0.21   435.71     0  00:04        0.21
  Fensterstollen       OUTFALL      0.56     0.59   437.59     0  00:00        0.57
  Gischeren            OUTFALL      0.00     0.00   480.00     0  00:00        0.00
  Schuettstein         OUTFALL      0.02     0.13   477.68     0  00:01        0.02
  Holiloch             OUTFALL      0.36     0.36   476.86     0  00:04        0.36
  Sauserquelle         OUTFALL      0.36     0.36   435.91     0  00:04        0.36
  Entw_Stollen         OUTFALL      0.18     0.18   436.68     0  00:02        0.18
  Sous_lacustre        OUTFALL      0.10     0.10   429.30     0  00:04        0.10
  Sous_ecoul.          OUTFALL      0.00     0.00   433.00     0  00:00        0.00
  Syst_Est_aval        OUTFALL      0.00     0.00   429.00     0  00:00        0.00
  TWT_Portail_Est_61+665 OUTFALL      0.00     0.00   421.60     0  00:00        0.00
  
  
  *******************
  Node Inflow Summary
  *******************
  
  -------------------------------------------------------------------------------------------------
                                  Maximum  Maximum                  Lateral       Total        Flow
                                  Lateral    Total  Time of Max      Inflow      Inflow     Balance
                                   Inflow   Inflow   Occurrence      Volume      Volume       Error
  Node                 Type           CMS      CMS  days hr:min    10^6 ltr    10^6 ltr     Percent
  -------------------------------------------------------------------------------------------------
  9                    JUNCTION         0     12.4     0  00:00           0         155       0.109
  Holiloch_sonde       JUNCTION         0     10.9     0  00:00           0         131       0.075
  11                   JUNCTION         0    0.239     0  00:00           0        19.4      -0.052
  13                   JUNCTION         0     21.4     0  00:00           0     1.7e+03       0.028
  21                   JUNCTION         0    0.356     0  00:04           0        30.7      -0.028
  SonSto_F             JUNCTION         0     2.15     0  00:00           0        59.6      32.571
  Sondierstollen       JUNCTION         0        0     0  00:00           0           0       0.000 ltr
  Aval_Trappe          JUNCTION         0     8.13     0  00:04           0         688       4.301
  30                   JUNCTION         0     8.06     0  00:01           0         665      -1.987
  Gischeren_node       JUNCTION         0        0     0  00:00           0           0       0.000 ltr
  34                   JUNCTION         0    0.323     0  00:04           0        27.9      -0.033
  38                   JUNCTION         0    0.232     0  00:00           0        18.2      -0.048
  SS6                  JUNCTION         0    0.139     0  00:04           0          12       0.006
  40                   JUNCTION         0     1.32     0  00:04           0         114       0.006
  41                   JUNCTION         0     4.82     0  00:00           0       0.313      13.459
  SondeSchuettstein    JUNCTION         0    0.512     0  00:00           0       0.278      -2.709
  SS4                  JUNCTION         0   0.0817     0  00:02           0        6.74       0.041
  47                   JUNCTION         0     5.85     0  00:01           0         118       0.032
  48                   JUNCTION         0    0.317     0  00:01           0       0.289      10.535
  SondeGischeren       JUNCTION         0     0.13     0  00:04           0        11.3      75.672
  49                   JUNCTION         0    0.791     0  00:02           0        12.1      -0.152
  50                   JUNCTION         0   0.0756     0  00:03           0        6.41       0.177
  51                   JUNCTION         0     38.2     0  00:00           0    1.86e+03      -0.009
  Amont_C              JUNCTION      21.5     46.6     0  00:00    1.86e+03    1.86e+03       0.012
  52                   JUNCTION         0    0.181     0  00:04           0        15.7      25.078
  53                   JUNCTION         0    0.227     0  00:01           0        15.7       0.029
  54                   JUNCTION         0    0.182     0  00:04           0        15.7      86.957
  56                   JUNCTION         0     1.09     0  00:04           0        93.7       0.004
  2                    JUNCTION         0     7.33     0  00:03           0        13.9     -88.120
  4                    JUNCTION         0    0.296     0  00:04           0        25.5       0.025
  5                    JUNCTION         0      4.3     0  00:01           0         118      56.375
  6                    JUNCTION         0     7.63     0  00:00           0         131       0.231
  7                    JUNCTION         0     1.45     0  00:01           0        75.7     511.944
  SS3                  JUNCTION         0   0.0745     0  00:03           0         6.4       0.016
  SS5                  JUNCTION         0     0.29     0  00:04           0          25       0.249
  8                    JUNCTION         0    0.134     0  00:00           0        11.4       1.245
  10                   JUNCTION         0    0.482     0  00:02           0        12.2       1.662
  SonSto_SS5           JUNCTION         0     0.34     0  00:04           0        29.3       0.145
  SonSto_SS3           JUNCTION         0    0.033     0  00:03           0        2.83       0.583
  SonSto_SS4           JUNCTION         0    0.111     0  00:04           0        9.55       1.257
  Amont_Trappe         JUNCTION         0     2.42     0  00:00           0        39.6     -53.771
  SonSto_SS6           JUNCTION         0    0.478     0  00:04           0        41.2       0.169
  SS2                  JUNCTION         0        0     0  00:00           0           0       0.000 ltr
  SonSto_SS2           JUNCTION         0        0     0  00:00           0           0       0.000 ltr
  12                   JUNCTION         0    0.322     0  00:00           0        19.9       0.030
  14                   JUNCTION         0     1.08     0  00:04           0        93.1       7.685
  15                   JUNCTION         0    0.281     0  00:04           0        24.2       2.364
  TWT_PointHaut_60+650 JUNCTION         0        0     0  00:00           0           0       0.000 ltr
  TWT_Fensterstollen_60+375 JUNCTION         0     10.6     0  00:04           0         912       0.074
  TWT_Acces_LT_60+110  JUNCTION         0      7.2     0  00:03           0         619      -1.008
  TWT_Liaison_LT_59+738 JUNCTION         0     8.22     0  00:03           0      0.0188     -99.855
  Syst_Est_amont       JUNCTION      1.08     1.08     0  00:00        92.9        92.9      -4.986
  Syst_Est_interm      JUNCTION         0     1.13     0  00:04           0        97.797743286.824 ltr
  TWT_Branche_Est_Sonsto_60+540 JUNCTION         0        0     0  00:00           0           0       0.000 ltr
  TWT_Intersection_Sonsto_60+345 JUNCTION         0     10.8     0  00:04           0         933       0.776
  TWT_Chrosweg_61+140  JUNCTION         0        0     0  00:00           0           0       0.000 ltr
  SonSto_F_sup         JUNCTION         0    0.274     0  00:04           0        23.7       0.186
  SonSto_porte         JUNCTION         0     12.4     0  00:03           0    1.03e+03       0.817
  Brunnm_Fassung       OUTFALL          0    0.028     0  00:04           0        2.41       0.000
  Brunnmuehle(Teich)   OUTFALL          0     0.29     0  00:04           0          25       0.000
  Fensterstollen       OUTFALL          0     8.45     0  00:00           0         679       0.000
  Gischeren            OUTFALL          0        0     0  00:00           0           0       0.000 ltr
  Schuettstein         OUTFALL          0    0.165     0  00:01           0       0.284       0.000
  Holiloch             OUTFALL          0    0.144     0  00:04           0        12.4       0.000
  Sauserquelle         OUTFALL          0     1.09     0  00:04           0        93.7       0.000
  Entw_Stollen         OUTFALL          0     0.13     0  00:03           0        9.01       0.000
  Sous_lacustre        OUTFALL          0   0.0326     0  00:04           0        2.81       0.000
  Sous_ecoul.          OUTFALL          0  0.00583     0  00:00           0       0.492       0.000
  Syst_Est_aval        OUTFALL          0        0     0  00:00           0           0       0.000 ltr
  TWT_Portail_Est_61+665 OUTFALL          0        0     0  00:00           0           0       0.000 ltr
  
  
  **********************
  Node Surcharge Summary
  **********************
  
  Surcharging occurs when water rises above the top of the highest conduit.
  ---------------------------------------------------------------------
                                               Max. Height   Min. Depth
                                   Hours       Above Crown    Below Rim
  Node                 Type      Surcharged         Meters       Meters
  ---------------------------------------------------------------------
  9                    JUNCTION       23.99         42.478       55.722
  Holiloch_sonde       JUNCTION       23.99         38.769      159.331
  11                   JUNCTION       24.00         45.421      104.119
  13                   JUNCTION       23.99         39.992      357.008
  21                   JUNCTION       24.00         38.661      110.739
  34                   JUNCTION       24.00         17.711       81.689
  38                   JUNCTION       24.00         21.320      128.080
  40                   JUNCTION       24.00         27.648       68.352
  41                   JUNCTION       23.99         62.595      186.555
  SondeSchuettstein    JUNCTION       23.98         19.541        0.000
  47                   JUNCTION       23.98         10.067       88.033
  48                   JUNCTION       23.98          7.502       91.698
  49                   JUNCTION       23.95          2.733      189.267
  51                   JUNCTION       24.00         59.783      336.217
  Amont_C              JUNCTION       24.00         98.030      298.970
  53                   JUNCTION       23.95          1.135      193.865
  56                   JUNCTION       24.00          5.765       93.235
  2                    JUNCTION       23.94         11.412        0.000
  4                    JUNCTION       23.99          8.517       90.833
  6                    JUNCTION       23.98         13.957      181.043
  10                   JUNCTION       23.95          0.735      191.265
  12                   JUNCTION       23.99         16.055      183.595
  SonSto_porte         JUNCTION       23.94          0.000        0.000
  
  
  *********************
  Node Flooding Summary
  *********************
  
  Flooding refers to all water that overflows a node, whether it ponds or not.
  --------------------------------------------------------------------------
                                                             Total   Maximum
                                 Maximum   Time of Max       Flood    Ponded
                        Hours       Rate    Occurrence      Volume     Depth
  Node                 Flooded       CMS   days hr:min    10^6 ltr    Meters
  --------------------------------------------------------------------------
  SonSto_porte           23.94      12.4      0  00:03    1025.676     0.000
  
  
  ***********************
  Outfall Loading Summary
  ***********************
  
  -----------------------------------------------------------
                         Flow       Avg       Max       Total
                         Freq      Flow      Flow      Volume
  Outfall Node           Pcnt       CMS       CMS    10^6 ltr
  -----------------------------------------------------------
  Brunnm_Fassung        99.95     0.028     0.028       2.414
  Brunnmuehle(Teich)    99.95      0.29      0.29      25.005
  Fensterstollen        99.97      7.86      8.45     678.730
  Gischeren              0.00         0         0       0.000
  Schuettstein          99.91   0.00329     0.165       0.284
  Holiloch              99.75     0.144     0.144      12.369
  Sauserquelle          99.98      1.09      1.09      93.726
  Entw_Stollen          99.96     0.104      0.13       9.007
  Sous_lacustre         99.99    0.0326    0.0326       2.813
  Sous_ecoul.           99.95    0.0057   0.00583       0.492
  Syst_Est_aval          0.00         0         0       0.000
  TWT_Portail_Est_61+665   0.00         0         0       0.000
  -----------------------------------------------------------
  System                74.95      9.55      9.79     824.841
  
  
  ********************
  Link Flow Summary
  ********************
  
  -----------------------------------------------------------------------------
                                 Maximum  Time of Max   Maximum    Max/    Max/
                                  |Flow|   Occurrence   |Veloc|    Full    Full
  Link                 Type          CMS  days hr:min     m/sec    Flow   Depth
  -----------------------------------------------------------------------------
  Brunn_Fassung_L      CONDUIT     0.028     0  00:04      1.25    0.46    0.74
  11                   CONDUIT      10.9     0  00:00      6.37    1.63    1.00
  14                   CONDUIT      12.4     0  00:00      8.82    6.75    1.00
  16                   CONDUIT     0.239     0  00:00      2.80    1.67    1.00
  17                   CONDUIT     0.235     0  00:00      0.83    0.40    1.00
  26                   CONDUIT      4.82     0  00:00      8.51    6.53    1.00
  27                   CONDUIT     0.075     0  00:00      1.97    0.96    1.00
  Gischeren_L          CONDUIT         0     0  00:00      0.00    0.00    0.00
  Schuettstein_L       CONDUIT     0.165     0  00:01      1.27    0.14    0.63
  Brunnmuehle_L        CONDUIT     0.323     0  00:04      1.14    0.15    1.00
  32                   CONDUIT         0     0  00:00      0.00    0.00    0.00
  35                   CONDUIT         0     0  00:00      0.00    0.00    0.14
  45                   CONDUIT     0.477     0  00:04      1.64    0.00    0.11
  46                   CONDUIT      1.09     0  00:04      3.84    1.08    1.00
  47                   CONDUIT     0.107     0  00:00      2.82    6.69    1.00
  50                   CONDUIT     0.317     0  00:01      1.14    0.06    1.00
  51                   CONDUIT     0.231     0  00:04      2.40    0.65    1.00
  53                   CONDUIT     0.232     0  00:00      1.40    1.18    1.00
  Fenster_L            CONDUIT      8.45     0  00:00      8.69    0.08    0.21
  58                   CONDUIT         8     0  00:01      7.71    0.10    0.25
  59                   CONDUIT     0.339     0  00:04      3.17    0.00    0.04
  61                   CONDUIT     0.512     0  00:00      2.83    0.72    1.00
  63                   CONDUIT     0.139     0  00:04      2.01    0.62    0.52
  66                   CONDUIT    0.0756     0  00:03      1.38    1.00    0.80
  67                   CONDUIT      21.4     0  00:00      5.59    0.21    1.00
  Amont_L              CONDUIT      38.2     0  00:00      5.40    2.07    1.00
  69                   CONDUIT     0.181     0  00:04      1.73    0.71    0.78
  70                   CONDUIT     0.145     0  00:04      1.38    0.45    0.78
  71                   CONDUIT     0.227     0  00:01      1.21    0.40    1.00
  72                   CONDUIT     0.182     0  00:04      1.08    0.86    0.57
  Sauser_L             CONDUIT      1.09     0  00:04      1.91    0.28    0.68
  75                   CONDUIT    0.0817     0  00:02      2.82    0.83    0.62
  Entw_Sto_L           CONDUIT      0.13     0  00:03      5.11    3.01    1.00
  4                    CONDUIT    0.0239     0  00:02      0.86    1.07    1.00
  5                    CONDUIT     0.021     0  00:01      0.87    0.75    1.00
  6                    CONDUIT    0.0326     0  00:04      1.30    0.49    0.75
  7                    CONDUIT     0.296     0  00:04      1.54    0.46    1.00
  Brunn_Teich_L        CONDUIT      0.29     0  00:04      1.25    0.22    0.66
  9                    CONDUIT   0.00583     0  00:00      1.47    0.00    0.50
  12                   CONDUIT       4.3     0  00:01      2.70    0.09    1.00
  15                   CONDUIT      7.63     0  00:00      4.38    0.20    1.00
  18                   CONDUIT      5.85     0  00:01      3.37    0.24    1.00
  19                   CONDUIT     0.791     0  00:02      1.15    0.75    1.00
  20                   CONDUIT      2.42     0  00:00      4.57    0.19    0.86
  21                   CONDUIT      1.45     0  00:01      0.30    0.01    0.62
  Hooliloch_L          CONDUIT     0.144     0  00:04      0.14    0.00    0.28
  23                   CONDUIT    0.0745     0  00:03      3.24    0.47    0.36
  25                   CONDUIT     0.134     0  00:00      0.88    0.11    0.53
  28                   CONDUIT    0.0326     0  00:04      0.65    0.00    0.03
  29                   CONDUIT    0.0503     0  00:04      0.54    0.00    0.04
  31                   CONDUIT         0     0  00:00      0.00    0.00    0.02
  33                   CONDUIT     0.482     0  00:02      0.73    0.18    1.00
  37                   CONDUIT     0.289     0  00:04      0.58    0.01    0.12
  SS3_L                CONDUIT     0.033     0  00:03      2.11    0.00    0.02
  40                   CONDUIT      2.15     0  00:00      1.99    0.01    0.17
  SS6_L                CONDUIT     0.139     0  00:04      2.89    0.00    0.05
  1                    CONDUIT         0     0  00:00      0.00    0.00    0.01
  2                    CONDUIT         0     0  00:00      0.00    0.00    0.00
  3                    CONDUIT    0.0813     0  00:02      2.82    0.01    0.08
  10                   CONDUIT    0.0599     0  00:03      0.13    0.00    0.12
  13                   CONDUIT     0.322     0  00:00      3.80    0.70    1.00
  22                   CONDUIT     0.258     0  00:01      2.68    0.64    1.00
  24                   CONDUIT      1.08     0  00:04      2.14    0.00    0.77
  30                   CONDUIT         1     0  00:04      1.85    0.42    0.77
  34                   CONDUIT     0.281     0  00:04      1.50    0.31    0.73
  36                   CONDUIT     0.274     0  00:04      5.18    0.29    0.27
  38                   CONDUIT      0.13     0  00:04      2.08    0.05    0.24
  48                   CONDUIT      1.13     0  00:04      2.61    0.76    0.65
  54                   CONDUIT         0     0  00:00      0.00    0.00    0.22
  68                   CONDUIT     0.214     0  00:04      0.95    0.00    0.11
  73                   CONDUIT      7.29     0  00:03      2.35    1.68    1.00
  TWT1                 CONDUIT         0     0  00:00      0.00    0.00    0.00
  TWT2                 CONDUIT         0     0  00:00      0.00    0.00    0.00
  TWT3                 CONDUIT         0     0  00:00      0.00    0.00    0.00
  TWT4                 CONDUIT         0     0  00:00      0.00    0.00    0.02
  1_2_b_               CONDUIT         0     0  00:00      0.00    0.00    0.00
  1_2_b_1              CONDUIT      10.5     0  00:04     18.35    2.84    0.68
  1_2_b_2              CONDUIT    0.0598     0  00:04      0.52    0.00    0.20
  1_2_b_5              CONDUIT    0.0416     0  00:03      0.37    0.00    0.20
  TWT5                 CONDUIT      3.57     0  00:04      6.99    0.00    0.04
  1_4_a                CONDUIT         7     0  00:01      9.82    0.03    0.21
  TWT6                 CONDUIT      7.24     0  00:04      5.54    0.02    0.06
  1_4_b                CONDUIT      10.7     0  00:04     18.31    0.01    0.54
  1_4_b_2              CONDUIT      7.14     0  00:04      9.73    3.34    0.88
  TWT7                 CONDUIT    0.0992     0  00:03      0.10    0.00    0.05
  1_5_a                CONDUIT      8.22     0  00:03      5.21    0.01    0.51
  
  
  ***************************
  Flow Classification Summary
  ***************************
  
  -------------------------------------------------------------------------------------
                      Adjusted    ---------- Fraction of Time in Flow Class ---------- 
                       /Actual         Up    Down  Sub   Sup   Up    Down  Norm  Inlet 
  Conduit               Length    Dry  Dry   Dry   Crit  Crit  Crit  Crit  Ltd   Ctrl  
  -------------------------------------------------------------------------------------
  Brunn_Fassung_L         1.00   0.00  0.00  0.00  0.00  1.00  0.00  0.00  0.00  0.00
  11                      1.00   0.00  0.00  0.00  1.00  0.00  0.00  0.00  0.00  0.00
  14                      1.00   0.00  0.00  0.00  1.00  0.00  0.00  0.00  0.00  0.00
  16                      1.00   0.00  0.00  0.00  1.00  0.00  0.00  0.00  0.00  0.00
  17                      1.00   0.00  0.00  0.00  1.00  0.00  0.00  0.00  0.00  0.00
  26                      1.00   0.00  0.00  0.00  1.00  0.00  0.00  0.00  0.00  0.00
  27                      1.00   0.00  0.00  0.00  1.00  0.00  0.00  0.00  0.00  0.00
  Gischeren_L             1.00   1.00  0.00  0.00  0.00  0.00  0.00  0.00  0.00  0.00
  Schuettstein_L          1.00   0.00  0.00  0.00  1.00  0.00  0.00  0.00  1.00  0.00
  Brunnmuehle_L           1.00   0.00  0.00  0.00  1.00  0.00  0.00  0.00  0.00  0.00
  32                      1.00   1.00  0.00  0.00  0.00  0.00  0.00  0.00  0.00  0.00
  35                      1.00   0.00  1.00  0.00  0.00  0.00  0.00  0.00  0.00  0.00
  45                      1.00   0.00  0.00  0.00  0.00  1.00  0.00  0.00  1.00  0.00
  46                      1.00   0.00  0.00  0.00  1.00  0.00  0.00  0.00  0.00  0.00
  47                      1.00   0.00  0.00  0.00  1.00  0.00  0.00  0.00  0.00  0.00
  50                      1.00   0.00  0.00  0.00  1.00  0.00  0.00  0.00  0.00  0.00
  51                      1.00   0.00  0.00  0.00  1.00  0.00  0.00  0.00  0.00  0.00
  53                      1.00   0.00  0.00  0.00  1.00  0.00  0.00  0.00  0.00  0.00
  Fenster_L               1.00   0.00  0.00  0.00  0.00  1.00  0.00  0.00  1.00  0.00
  58                      1.00   0.00  0.00  0.00  0.00  1.00  0.00  0.00  0.00  0.00
  59                      1.00   0.00  0.00  0.00  0.00  1.00  0.00  0.00  0.00  0.00
  61                      1.00   0.00  0.00  0.00  1.00  0.00  0.00  0.00  0.00  0.00
  63                      1.00   0.00  0.00  0.00  1.00  0.00  0.00  0.00  0.00  0.00
  66                      1.00   0.00  0.00  0.00  1.00  0.00  0.00  0.00  0.00  0.00
  67                      1.00   0.00  0.00  0.00  1.00  0.00  0.00  0.00  0.00  0.00
  Amont_L                 1.00   0.00  0.00  0.00  1.00  0.00  0.00  0.00  0.00  0.00
  69                      1.00   0.00  0.00  0.00  1.00  0.00  0.00  0.00  0.00  0.00
  70                      1.00   0.00  0.00  0.00  1.00  0.00  0.00  0.00  0.00  0.00
  71                      1.00   0.00  0.00  0.00  1.00  0.00  0.00  0.00  0.00  0.00
  72                      1.00   0.00  0.00  0.00  1.00  0.00  0.00  0.00  0.00  0.00
  Sauser_L                1.00   0.00  0.00  0.00  1.00  0.00  0.00  0.00  0.00  0.00
  75                      1.00   0.00  0.00  0.00  0.00  1.00  0.00  0.00  0.00  0.00
  Entw_Sto_L              1.00   0.00  0.00  0.00  1.00  0.00  0.00  0.00  0.00  0.00
  4                       1.00   0.00  0.00  0.00  1.00  0.00  0.00  0.00  0.00  0.00
  5                       1.00   0.00  0.00  0.00  1.00  0.00  0.00  0.00  0.00  0.00
  6                       1.00   0.00  0.00  0.00  0.00  1.00  0.00  0.00  0.00  0.00
  7                       1.00   0.00  0.00  0.00  1.00  0.00  0.00  0.00  0.00  0.00
  Brunn_Teich_L           1.00   0.00  0.00  0.00  1.00  0.00  0.00  0.00  0.00  0.00
  9                       1.00   0.00  0.00  0.00  0.00  1.00  0.00  0.00  0.00  0.00
  12                      1.00   0.00  0.00  0.00  1.00  0.00  0.00  0.00  0.00  0.00
  15                      1.00   0.00  0.00  0.00  1.00  0.00  0.00  0.00  0.00  0.00
  18                      1.00   0.00  0.00  0.00  1.00  0.00  0.00  0.00  0.00  0.00
  19                      1.00   0.00  0.00  0.00  1.00  0.00  0.00  0.00  0.00  0.00
  20                      1.00   0.00  0.00  0.00  1.00  0.00  0.00  0.00  0.00  0.00
  21                      1.00   0.00  0.00  0.00  1.00  0.00  0.00  0.00  0.00  0.00
  Hooliloch_L             1.00   0.00  0.00  0.00  1.00  0.00  0.00  0.00  0.00  0.00
  23                      1.00   0.00  0.00  0.00  0.00  1.00  0.00  0.00  0.00  0.00
  25                      1.00   0.00  0.00  0.00  1.00  0.00  0.00  0.00  0.00  0.00
  28                      1.00   0.00  0.00  0.00  1.00  0.00  0.00  0.00  1.00  0.00
  29                      1.00   0.00  0.00  0.00  1.00  0.00  0.00  0.00  1.00  0.00
  31                      1.00   0.00  1.00  0.00  0.00  0.00  0.00  0.00  0.00  0.00
  33                      1.00   0.00  0.00  0.00  1.00  0.00  0.00  0.00  0.00  0.00
  37                      1.00   0.00  0.00  0.00  1.00  0.00  0.00  0.00  0.00  0.00
  SS3_L                   1.00   0.00  0.00  0.00  0.00  1.00  0.00  0.00  1.00  0.00
  40                      1.00   0.00  0.00  0.00  1.00  0.00  0.00  0.00  0.00  0.00
  SS6_L                   1.00   0.00  0.00  0.00  0.00  1.00  0.00  0.00  1.00  0.00
  1                       1.00   0.00  1.00  0.00  0.00  0.00  0.00  0.00  0.00  0.00
  2                       1.00   1.00  0.00  0.00  0.00  0.00  0.00  0.00  0.00  0.00
  3                       1.00   0.00  0.00  0.00  0.00  1.00  0.00  0.00  1.00  0.00
  10                      1.00   0.00  0.00  0.00  1.00  0.00  0.00  0.00  0.00  0.00
  13                      1.00   0.00  0.00  0.00  1.00  0.00  0.00  0.00  0.00  0.00
  22                      1.00   0.00  0.00  0.00  1.00  0.00  0.00  0.00  0.00  0.00
  24                      1.00   0.00  0.00  0.00  1.00  0.00  0.00  0.00  0.00  0.00
  30                      1.00   0.00  0.00  0.00  1.00  0.00  0.00  0.00  0.00  0.00
  34                      1.00   0.00  0.00  0.00  1.00  0.00  0.00  0.00  0.00  0.00
  36                      1.00   0.00  0.00  0.00  0.00  1.00  0.00  0.00  0.00  0.00
  38                      1.00   0.00  0.00  0.00  1.00  0.00  0.00  0.00  1.00  0.00
  48                      1.00   0.00  0.00  0.00  1.00  0.00  0.00  0.00  0.00  0.00
  54                      1.00   0.00  1.00  0.00  0.00  0.00  0.00  0.00  0.00  0.00
  68                      1.00   0.00  0.00  0.00  1.00  0.00  0.00  0.00  1.00  0.00
  73                      1.00   0.00  0.00  0.00  1.00  0.00  0.00  0.00  0.00  0.00
  TWT1                    1.00   1.00  0.00  0.00  0.00  0.00  0.00  0.00  0.00  0.00
  TWT2                    1.00   1.00  0.00  0.00  0.00  0.00  0.00  0.00  0.00  0.00
  TWT3                    1.00   1.00  0.00  0.00  0.00  0.00  0.00  0.00  0.00  0.00
  TWT4                    1.00   0.00  1.00  0.00  0.00  0.00  0.00  0.00  0.00  0.00
  1_2_b_                  1.00   1.00  0.00  0.00  0.00  0.00  0.00  0.00  0.00  0.00
  1_2_b_1                 1.00   0.00  0.00  0.00  0.00  1.00  0.00  0.00  0.00  0.00
  1_2_b_2                 1.00   0.00  0.00  0.00  1.00  0.00  0.00  0.00  1.00  0.00
  1_2_b_5                 1.00   0.00  0.00  0.00  1.00  0.00  0.00  0.00  1.00  0.00
  TWT5                    1.00   0.00  0.00  0.00  0.00  1.00  0.00  0.00  0.00  0.00
  1_4_a                   1.00   0.00  0.00  0.00  0.00  1.00  0.00  0.00  1.00  0.00
  TWT6                    1.00   0.00  0.00  0.00  0.00  1.00  0.00  0.00  0.00  0.00
  1_4_b                   1.00   0.00  0.00  0.00  1.00  0.00  0.00  0.00  1.00  0.00
  1_4_b_2                 1.00   0.00  0.00  0.00  0.00  1.00  0.00  0.00  0.00  0.00
  TWT7                    1.00   0.00  0.00  0.00  1.00  0.00  0.00  0.00  1.00  0.00
  1_5_a                   1.00   0.00  0.00  0.00  1.00  0.00  0.00  0.00  1.00  0.00
  
  
  *************************
  Conduit Surcharge Summary
  *************************
  
  ----------------------------------------------------------------------------
                                                           Hours        Hours 
                         --------- Hours Full --------   Above Full   Capacity
  Conduit                Both Ends  Upstream  Dnstream   Normal Flow   Limited
  ----------------------------------------------------------------------------
  Brunn_Fassung_L             0.01      0.01     24.00      0.01         0.01
  11                         23.99     23.99     23.99      0.01         0.01
  14                         23.99     23.99     24.00      0.06         0.01
  16                         24.00     24.00     24.00     23.99        23.99
  17                         24.00     24.00     24.00      0.01         0.01
  26                         23.99     24.00     23.99      0.01         0.01
  27                         23.99     23.99     23.99      0.01         0.01
  Schuettstein_L              0.01      0.01     23.98      0.01         0.01
  Brunnmuehle_L              24.00     24.00     24.00      0.01         0.01
  46                         24.00     24.00     24.00     23.97         0.01
  47                         24.00     24.00     24.00     24.00        24.00
  50                         23.98     23.98     23.98      0.01         0.01
  51                         23.98     23.98     24.00      0.01         0.01
  53                         24.00     24.00     24.00     23.99         0.01
  61                         23.99     23.99     23.99      0.01         0.01
  63                          0.01     23.97      0.01      0.01         0.01
  66                          0.01     23.94      0.01      0.01         0.01
  67                         23.99     23.99     24.00      0.01         0.01
  Amont_L                    24.00     24.00     24.00     24.00         0.01
  69                          0.01      0.01     24.00      0.01         0.01
  70                          0.01      0.01     24.00      0.01         0.01
  71                         23.97     23.97     23.99      0.01         0.01
  72                          0.01     23.95      0.01      0.01         0.01
  Sauser_L                    0.01      0.01     24.00      0.01         0.01
  75                          0.01     23.95      0.01      0.01         0.01
  Entw_Sto_L                 23.96     23.97     23.96     23.96        23.96
  4                          23.96     23.96     23.97      0.01         0.01
  5                          23.97     23.97     24.00      0.01         0.01
  6                           0.01      0.01     24.00      0.01         0.01
  7                          23.99     23.99     24.00      0.01         0.01
  Brunn_Teich_L               0.01      0.01     23.99      0.01         0.01
  9                           0.01      0.01     23.99      0.01         0.01
  12                         23.97     23.97     23.98      0.01         0.01
  15                         23.99     23.99     23.99      0.01         0.01
  18                         23.98     23.98     23.98      0.01         0.01
  19                         23.96     23.96     23.98      0.01         0.01
  25                          0.01      0.01     23.99      0.01         0.01
  33                         23.95     23.95     23.95      0.01         0.01
  13                         23.99     23.99     24.00      0.01         0.01
  22                         23.99     23.99     24.00      0.01         0.01
  24                          0.01      0.01     24.00      0.01         0.01
  30                          0.01      0.01     24.00      0.01         0.01
  34                          0.01      0.01     23.99      0.01         0.01
  73                         23.94     23.95     23.94      0.01         0.01
  1_2_b_1                     0.01      0.01     23.99     23.99         0.01
  1_4_b                       0.01      0.01     23.94      0.01         0.01
  1_4_b_2                     0.01      0.01     23.99     23.99         0.01
  1_5_a                       0.01      0.01     23.94      0.01         0.01
  

  Analysis begun on:  Thu Aug 13 08:48:01 2026
  Analysis ended on:  Thu Aug 13 08:48:04 2026
  Total elapsed time: 00:00:03