
  EPA STORM WATER MANAGEMENT MODEL - VERSION 5.2 (Build 5.2.4)
  ------------------------------------------------------------

  Brunnmuehle (Twann) 
  WARNING 08: elevation drop exceeds length for Conduit SS3_L
  WARNING 08: elevation drop exceeds length for Conduit SS6_L
  WARNING 08: elevation drop exceeds length for Conduit 2
  WARNING 08: elevation drop exceeds length for Conduit 3
  WARNING 08: elevation drop exceeds length for Conduit 68
  WARNING 08: elevation drop exceeds length for Conduit 1_2_b_
  WARNING 08: elevation drop exceeds length for Conduit 1_2_b_2
  WARNING 08: elevation drop exceeds length for Conduit 1_2_b_3
  WARNING 08: elevation drop exceeds length for Conduit 1_2_b_6
  WARNING 08: elevation drop exceeds length for Conduit 1_4_b
  WARNING 08: elevation drop exceeds length for Conduit 1_5_a
  WARNING 02: maximum depth increased for Node 2
  
  ****************
  Analysis Options
  ****************
  Flow Units ............... CMS
  Process Models:
    Rainfall/Runoff ........ NO
    RDII ................... NO
    Snowmelt ............... NO
    Groundwater ............ NO
    Flow Routing ........... YES
    Ponding Allowed ........ NO
    Water Quality .......... NO
  Flow Routing Method ...... DYNWAVE
  Surcharge Method ......... EXTRAN
  Starting Date ............ 01/01/2000 00:00:00
  Ending Date .............. 01/02/2000 00:00:00
  Antecedent Dry Days ...... 0.0
  Report Time Step ......... 01:00:00
  Routing Time Step ........ 0.50 sec
  Variable Time Step ....... YES
  Maximum Trials ........... 8
  Number of Threads ........ 1
  Head Tolerance ........... 0.001500 m
  
  
  **************************        Volume        Volume
  Flow Routing Continuity        hectare-m      10^6 ltr
  **************************     ---------     ---------
  Dry Weather Inflow .......         0.000         0.000
  Wet Weather Inflow .......         0.000         0.000
  Groundwater Inflow .......         0.000         0.000
  RDII Inflow ..............         0.000         0.000
  External Inflow ..........       166.906      1669.077
  External Outflow .........       158.130      1581.317
  Flooding Loss ............         0.000         0.000
  Evaporation Loss .........         0.000         0.000
  Exfiltration Loss ........         0.000         0.000
  Initial Stored Volume ....         0.057         0.565
  Final Stored Volume ......         0.607         6.069
  Continuity Error (%) .....         4.927
  
  
  *************************
  Highest Continuity Errors
  *************************
  Node TWT_Acces_LT_60+110 (-8899.36%)
  Node Syst_Est_interm (100.00%)
  Node TWT_Intersection_Sonsto_60+345 (71.86%)
  Node 2 (63.45%)
  Node 54 (48.18%)
  
  
  ***************************
  Time-Step Critical Elements
  ***************************
  Link 1_4_a (17030.47%)
  Link 1_2_b_1 (1.28%)
  
  
  ********************************
  Highest Flow Instability Indexes
  ********************************
  All links are stable.
  
  
  *********************************
  Most Frequent Nonconverging Nodes
  *********************************
  Node Brunnm_Fassung (41.22%)
  Node Brunnmuehle(Teich) (41.22%)
  Node Fensterstollen (41.22%)
  Node Gischeren (41.22%)
  Node Schuettstein (41.22%)
  
  
  *************************
  Routing Time Step Summary
  *************************
  Minimum Time Step           :     0.50 sec
  Average Time Step           :     0.50 sec
  Maximum Time Step           :     0.50 sec
  % of Time in Steady State   :    99.41
  Average Iterations per Step :     5.32
  % of Steps Not Converging   :    41.22
  Time Step Frequencies       :
      0.500 -  0.500 sec      :   100.00 %
      0.500 -  0.500 sec      :     0.00 %
      0.500 -  0.500 sec      :     0.00 %
      0.500 -  0.500 sec      :     0.00 %
      0.500 -  0.500 sec      :     0.00 %
  
  
  ******************
  Node Depth Summary
  ******************
  
  ---------------------------------------------------------------------------------
                                 Average  Maximum  Maximum  Time of Max    Reported
                                   Depth    Depth      HGL   Occurrence   Max Depth
  Node                 Type       Meters   Meters   Meters  days hr:min      Meters
  ---------------------------------------------------------------------------------
  9                    JUNCTION    39.00    39.04   477.54     0  00:08       39.03
  Holiloch_sonde       JUNCTION    37.44    37.48   477.48     0  00:08       37.48
  11                   JUNCTION    43.39    49.32   459.32     0  00:00       43.41
  13                   JUNCTION    39.88    39.92   477.92     0  00:08       39.92
  21                   JUNCTION    39.94    39.96   439.96     0  00:08       39.96
  SonSto_F             JUNCTION     0.67     0.67   438.47     0  00:08        0.67
  Sondierstollen       JUNCTION     0.00     0.00   440.80     0  00:00        0.00
  Aval_Trappe          JUNCTION     0.87     0.87   438.47     0  00:08        0.87
  30                   JUNCTION     0.78     0.78   438.08     0  00:08        0.78
  Gischeren_node       JUNCTION     0.00     0.00   476.50     0  00:00        0.00
  34                   JUNCTION    18.80    18.82   438.82     0  00:08       18.82
  38                   JUNCTION    22.43    22.45   442.45     0  00:08       22.45
  SS6                  JUNCTION     0.05     0.05   448.05     0  00:08        0.05
  40                   JUNCTION    19.88    19.88   438.88     0  00:08       19.88
  41                   JUNCTION    40.38    40.41   477.91     0  00:08       40.41
  SondeSchuettstein    JUNCTION    18.72    19.43   478.43     0  00:01       18.75
  SS4                  JUNCTION     0.06     0.06   448.06     0  00:03        0.06
  47                   JUNCTION    12.51    12.53   477.43     0  00:08       12.53
  48                   JUNCTION     6.73     7.53   478.53     0  00:01        6.74
  SondeGischeren       JUNCTION     0.60     0.60   465.60     0  00:08        0.60
  49                   JUNCTION    11.28    11.30   477.30     0  00:08       11.30
  50                   JUNCTION     0.18     0.18   463.18     0  00:08        0.18
  51                   JUNCTION    58.49    58.52   478.52     0  00:08       58.52
  Amont_C              JUNCTION    62.47   107.69   525.69     0  00:00       62.51
  52                   JUNCTION     0.33     0.33   457.33     0  00:08        0.33
  53                   JUNCTION     5.93     6.28   473.28     0  00:05        5.94
  54                   JUNCTION     1.39     1.39   464.39     0  00:08        1.39
  56                   JUNCTION     6.09     6.30   436.30     0  00:00        6.09
  2                    JUNCTION     0.10     0.10   438.10     0  00:08        0.10
  4                    JUNCTION     8.61     8.89   436.89     0  00:00        8.62
  5                    JUNCTION     4.91     4.92   477.42     0  00:08        4.92
  6                    JUNCTION    19.42    19.45   477.45     0  00:08       19.44
  7                    JUNCTION     2.41     2.42   477.42     0  00:08        2.42
  SS3                  JUNCTION     0.06     0.06   448.06     0  00:08        0.06
  SS5                  JUNCTION     0.50     0.50   439.40     0  00:08        0.50
  8                    JUNCTION     0.16     0.16   474.16     0  00:08        0.16
  10                   JUNCTION     9.27     9.29   477.29     0  00:08        9.29
  SonSto_SS5           JUNCTION     0.08     0.08   439.38     0  00:08        0.08
  SonSto_SS3           JUNCTION     0.08     0.08   439.78     0  00:08        0.08
  SonSto_SS4           JUNCTION     0.06     0.06   439.46     0  00:08        0.06
  Amont_Trappe         JUNCTION     0.77     0.77   438.47     0  00:08        0.77
  SonSto_SS6           JUNCTION     0.08     0.08   438.78     0  00:08        0.08
  SS2                  JUNCTION     0.00     0.00   448.00     0  00:00        0.00
  SonSto_SS2           JUNCTION     0.00     0.00   441.50     0  00:00        0.00
  12                   JUNCTION    11.01    11.02   460.02     0  00:08       11.02
  14                   JUNCTION     1.75     1.75   466.75     0  00:08        1.75
  15                   JUNCTION     0.27     0.27   472.27     0  00:08        0.27
  TWT_PointHaut_60+650 JUNCTION     0.27     0.28   438.78     0  00:05        0.27
  TWT_Fensterstollen_60+375 JUNCTION     1.34     1.34   438.64     0  00:08        1.34
  TWT_Acces_LT_60+110  JUNCTION     1.25     1.27   438.77     0  00:07        1.25
  TWT_Liaison_LT_59+738 JUNCTION     0.00     0.00   450.60     0  00:00        0.00
  Syst_Est_amont       JUNCTION     0.57     0.60   430.60     0  00:03        0.57
  Syst_Est_interm      JUNCTION     1.42     1.43   411.43     0  00:08        1.43
  TWT_Branche_Est_Sonsto_60+540 JUNCTION     0.00     0.00   442.40     0  00:00        0.00
  TWT_Intersection_Sonsto_60+345 JUNCTION     1.63     1.63   438.63     0  00:08        1.63
  TWT_Chrosweg_61+140  JUNCTION     0.24     0.24   432.24     0  00:08        0.24
  SonSto_F_sup         JUNCTION     0.05     0.05   448.05     0  00:08        0.05
  SonSto_porte         JUNCTION     0.13     0.13   438.63     0  00:08        0.13
  Brunnm_Fassung       OUTFALL      0.09     0.09   433.89     0  00:08        0.09
  Brunnmuehle(Teich)   OUTFALL      0.22     0.22   435.72     0  00:08        0.22
  Fensterstollen       OUTFALL      0.76     0.77   437.77     0  00:08        0.77
  Gischeren            OUTFALL      0.00     0.00   480.00     0  00:00        0.00
  Schuettstein         OUTFALL      0.08     0.10   477.65     0  00:01        0.08
  Holiloch             OUTFALL      0.82     0.82   477.32     0  00:08        0.82
  Sauserquelle         OUTFALL      0.24     0.24   435.79     0  00:08        0.24
  Entw_Stollen         OUTFALL      0.10     0.10   436.60     0  00:08        0.10
  Sous_lacustre        OUTFALL      0.10     0.10   429.30     0  00:08        0.10
  Sous_ecoul.          OUTFALL      0.00     0.00   433.00     0  00:08        0.00
  Syst_Est_aval        OUTFALL      0.00     0.00   429.00     0  00:00        0.00
  TWT_Portail_Est_61+665 OUTFALL      0.24     0.24   421.84     0  00:08        0.24
  
  
  *******************
  Node Inflow Summary
  *******************
  
  -------------------------------------------------------------------------------------------------
                                  Maximum  Maximum                  Lateral       Total        Flow
                                  Lateral    Total  Time of Max      Inflow      Inflow     Balance
                                   Inflow   Inflow   Occurrence      Volume      Volume       Error
  Node                 Type           CMS      CMS  days hr:min    10^6 ltr    10^6 ltr     Percent
  -------------------------------------------------------------------------------------------------
  9                    JUNCTION         0     10.4     0  00:00           0         139       0.080
  Holiloch_sonde       JUNCTION         0     9.33     0  00:01           0         113       0.060
  11                   JUNCTION         0    0.225     0  00:08           0        19.5      -0.002
  13                   JUNCTION         0     18.6     0  00:00           0    1.43e+03       0.036
  21                   JUNCTION         0     0.39     0  00:08           0        33.6       0.011
  SonSto_F             JUNCTION         0     0.77     0  00:02           0        33.7      -4.588
  Sondierstollen       JUNCTION         0        0     0  00:00           0           0       0.000 ltr
  Aval_Trappe          JUNCTION         0     14.3     0  00:08           0    1.23e+03       0.026
  30                   JUNCTION         0     14.4     0  00:08           0    1.24e+03      -0.510
  Gischeren_node       JUNCTION         0        0     0  00:00           0           0       0.000 ltr
  34                   JUNCTION         0    0.356     0  00:08           0        30.7       0.004
  38                   JUNCTION         0    0.212     0  00:01           0        17.8       0.002
  SS6                  JUNCTION         0    0.141     0  00:08           0        12.2       0.002
  40                   JUNCTION         0     1.46     0  00:07           0         125       0.003
  41                   JUNCTION         0     1.31     0  00:00           0        5.22       0.301
  SondeSchuettstein    JUNCTION         0    0.491     0  00:01           0         5.2       0.242
  SS4                  JUNCTION         0    0.082     0  00:03           0         6.9       0.031
  47                   JUNCTION         0     4.61     0  00:01           0         100       0.010
  48                   JUNCTION         0    0.279     0  00:01           0        5.19       0.116
  SondeGischeren       JUNCTION         0    0.141     0  00:08           0        12.1      79.547
  49                   JUNCTION         0    0.767     0  00:02           0        12.3       0.578
  50                   JUNCTION         0   0.0785     0  00:08           0        6.76       0.402
  51                   JUNCTION         0     27.5     0  00:00           0    1.59e+03      -0.001
  Amont_C              JUNCTION      18.4     42.2     0  00:00    1.59e+03    1.59e+03       0.018
  52                   JUNCTION         0    0.205     0  00:08           0        17.6      11.271
  53                   JUNCTION         0    0.214     0  00:02           0        16.8      -0.123
  54                   JUNCTION         0    0.195     0  00:08           0        16.8      92.966
  56                   JUNCTION         0    0.487     0  00:08           0        42.1       0.000
  2                    JUNCTION         0   0.0685     0  00:08           0         5.9     173.623
  4                    JUNCTION         0    0.326     0  00:08           0        28.1       0.022
  5                    JUNCTION         0     3.14     0  00:01           0         100      -1.084
  6                    JUNCTION         0     6.32     0  00:01           0         113       0.120
  7                    JUNCTION         0     1.21     0  00:03           0         101       4.511
  SS3                  JUNCTION         0   0.0782     0  00:08           0        6.74       0.069
  SS5                  JUNCTION         0    0.141     0  00:08           0        12.2       0.469
  8                    JUNCTION         0    0.141     0  00:08           0        12.2       0.103
  10                   JUNCTION         0    0.448     0  00:03           0        12.2       0.389
  SonSto_SS5           JUNCTION         0    0.108     0  00:08           0        9.26       0.535
  SonSto_SS3           JUNCTION         0   0.0781     0  00:08           0        6.73       0.326
  SonSto_SS4           JUNCTION         0    0.158     0  00:08           0        13.6       0.060
  Amont_Trappe         JUNCTION         0        1     0  00:02           0        29.4      -1.031
  SonSto_SS6           JUNCTION         0    0.168     0  00:08           0        14.5       0.471
  SS2                  JUNCTION         0        0     0  00:00           0           0       0.000 ltr
  SonSto_SS2           JUNCTION         0        0     0  00:00           0           0       0.000 ltr
  12                   JUNCTION         0    0.299     0  00:01           0        23.8       0.016
  14                   JUNCTION         0     1.03     0  00:08           0        88.7       0.083
  15                   JUNCTION         0    0.303     0  00:08           0        26.1       0.114
  TWT_PointHaut_60+650 JUNCTION         0     1.82     0  00:05           0         156      -1.565
  TWT_Fensterstollen_60+375 JUNCTION         0     14.5     0  00:08           0    1.22e+03       1.123
  TWT_Acces_LT_60+110  JUNCTION         0     6.59     0  00:04           0        1.52     -98.889
  TWT_Liaison_LT_59+738 JUNCTION         0        0     0  00:00           0           0       0.000 ltr
  Syst_Est_amont       JUNCTION      0.92     0.92     0  00:00        79.5        79.5      -0.016
  Syst_Est_interm      JUNCTION         0    0.974     0  00:04           0        79.579492176.301 ltr
  TWT_Branche_Est_Sonsto_60+540 JUNCTION         0        0     0  00:00           0           0       0.000 ltr
  TWT_Intersection_Sonsto_60+345 JUNCTION         0     10.1     0  00:01           0         139     255.320
  TWT_Chrosweg_61+140  JUNCTION         0     1.87     0  00:06           0         159       2.247
  SonSto_F_sup         JUNCTION         0    0.303     0  00:08           0        26.1       0.009
  SonSto_porte         JUNCTION         0      0.3     0  00:07           0        15.3     538.736
  Brunnm_Fassung       OUTFALL          0     0.03     0  00:08           0        2.59       0.000
  Brunnmuehle(Teich)   OUTFALL          0     0.32     0  00:08           0        27.6       0.000
  Fensterstollen       OUTFALL          0     14.5     0  00:08           0    1.25e+03       0.000
  Gischeren            OUTFALL          0        0     0  00:00           0           0       0.000 ltr
  Schuettstein         OUTFALL          0   0.0987     0  00:01           0        5.18       0.000
  Holiloch             OUTFALL          0     1.13     0  00:08           0        97.1       0.000
  Sauserquelle         OUTFALL          0    0.487     0  00:08           0        42.1       0.000
  Entw_Stollen         OUTFALL          0   0.0251     0  00:08           0        2.16       0.000
  Sous_lacustre        OUTFALL          0   0.0341     0  00:08           0        2.94       0.000
  Sous_ecoul.          OUTFALL          0   0.0058     0  00:08           0       0.501       0.000
  Syst_Est_aval        OUTFALL          0        0     0  00:00           0           0       0.000 ltr
  TWT_Portail_Est_61+665 OUTFALL          0      1.8     0  00:08           0         155       0.000
  
  
  **********************
  Node Surcharge Summary
  **********************
  
  Surcharging occurs when water rises above the top of the highest conduit.
  ---------------------------------------------------------------------
                                               Max. Height   Min. Depth
                                   Hours       Above Crown    Below Rim
  Node                 Type      Surcharged         Meters       Meters
  ---------------------------------------------------------------------
  9                    JUNCTION       23.98         37.235       60.965
  Holiloch_sonde       JUNCTION       23.98         35.578      162.522
  11                   JUNCTION       24.00         48.865      100.675
  13                   JUNCTION       23.99         36.917      360.083
  21                   JUNCTION       24.00         39.357      110.043
  34                   JUNCTION       24.00         18.215       81.185
  38                   JUNCTION       24.00         21.848      127.552
  40                   JUNCTION       24.00         15.884       80.116
  41                   JUNCTION       23.99         39.564      209.586
  SondeSchuettstein    JUNCTION       23.97         18.633        0.000
  47                   JUNCTION       23.97         10.628       87.472
  48                   JUNCTION       23.97          6.733       92.467
  49                   JUNCTION       23.94          3.300      188.700
  51                   JUNCTION       24.00         54.521      341.479
  Amont_C              JUNCTION       24.00        104.694      292.306
  53                   JUNCTION       23.94          1.282      193.718
  56                   JUNCTION       24.00          5.295       93.705
  4                    JUNCTION       23.98          8.240       91.110
  6                    JUNCTION       23.98         14.445      180.555
  10                   JUNCTION       23.93          1.294      190.706
  12                   JUNCTION       23.98         10.674      188.976
  
  
  *********************
  Node Flooding Summary
  *********************
  
  No nodes were flooded.
  
  
  ***********************
  Outfall Loading Summary
  ***********************
  
  -----------------------------------------------------------
                         Flow       Avg       Max       Total
                         Freq      Flow      Flow      Volume
  Outfall Node           Pcnt       CMS       CMS    10^6 ltr
  -----------------------------------------------------------
  Brunnm_Fassung        99.93      0.03      0.03       2.591
  Brunnmuehle(Teich)    99.93     0.319      0.32      27.583
  Fensterstollen        99.94      14.4      14.5    1245.956
  Gischeren              0.00         0         0       0.000
  Schuettstein          99.87    0.0601    0.0987       5.183
  Holiloch              99.69      1.13      1.13      97.085
  Sauserquelle          99.97     0.487     0.487      42.063
  Entw_Stollen          99.93     0.025    0.0251       2.156
  Sous_lacustre        100.00    0.0341    0.0341       2.942
  Sous_ecoul.           99.93    0.0058    0.0058       0.501
  Syst_Est_aval          0.00         0         0       0.000
  TWT_Portail_Est_61+665  99.97       1.8       1.8     155.253
  -----------------------------------------------------------
  System                83.26      18.3      18.4    1581.313
  
  
  ********************
  Link Flow Summary
  ********************
  
  -----------------------------------------------------------------------------
                                 Maximum  Time of Max   Maximum    Max/    Max/
                                  |Flow|   Occurrence   |Veloc|    Full    Full
  Link                 Type          CMS  days hr:min     m/sec    Flow   Depth
  -----------------------------------------------------------------------------
  Brunn_Fassung_L      CONDUIT      0.03     0  00:08      1.32    0.50    0.75
  11                   CONDUIT      9.33     0  00:01      5.37    1.40    1.00
  14                   CONDUIT      10.4     0  00:00      7.04    5.65    1.00
  16                   CONDUIT     0.225     0  00:08      2.63    1.57    1.00
  17                   CONDUIT     0.212     0  00:01      0.75    0.36    1.00
  26                   CONDUIT      1.31     0  00:00      2.32    1.77    1.00
  27                   CONDUIT    0.0725     0  00:02      1.91    0.93    1.00
  Gischeren_L          CONDUIT         0     0  00:00      0.00    0.00    0.00
  Schuettstein_L       CONDUIT    0.0987     0  00:01      0.81    0.08    0.60
  Brunnmuehle_L        CONDUIT     0.356     0  00:08      1.26    0.17    1.00
  32                   CONDUIT         0     0  00:00      0.00    0.00    0.00
  35                   CONDUIT         0     0  00:00      0.00    0.00    0.25
  45                   CONDUIT     0.167     0  00:08      0.59    0.00    0.13
  46                   CONDUIT     0.487     0  00:08      1.72    0.49    1.00
  47                   CONDUIT     0.101     0  00:06      2.66    6.31    1.00
  50                   CONDUIT     0.279     0  00:01      1.07    0.05    1.00
  51                   CONDUIT    0.0626     0  00:04      0.65    0.18    1.00
  53                   CONDUIT     0.212     0  00:01      1.27    1.08    1.00
  Fenster_L            CONDUIT      14.5     0  00:08     10.03    0.14    0.26
  58                   CONDUIT      14.3     0  00:08      9.04    0.18    0.28
  59                   CONDUIT     0.107     0  00:08      2.16    0.00    0.03
  61                   CONDUIT     0.491     0  00:01      2.23    0.69    1.00
  63                   CONDUIT     0.141     0  00:08      2.04    0.63    0.51
  66                   CONDUIT    0.0785     0  00:08      1.38    1.03    0.80
  67                   CONDUIT      18.6     0  00:00      4.98    0.18    1.00
  Amont_L              CONDUIT      27.4     0  00:00      3.88    1.49    1.00
  69                   CONDUIT     0.205     0  00:08      1.73    0.80    0.91
  70                   CONDUIT     0.184     0  00:08      1.53    0.57    0.91
  71                   CONDUIT     0.214     0  00:02      0.98    0.38    1.00
  72                   CONDUIT     0.195     0  00:08      1.08    0.93    0.64
  Sauser_L             CONDUIT     0.487     0  00:08      0.95    0.12    0.62
  75                   CONDUIT     0.082     0  00:03      2.81    0.83    0.63
  Entw_Sto_L           CONDUIT    0.0251     0  00:08      1.74    0.58    0.55
  4                    CONDUIT    0.0211     0  00:08      1.20    0.94    0.76
  5                    CONDUIT    0.0195     0  00:08      0.92    0.70    0.78
  6                    CONDUIT    0.0341     0  00:08      1.34    0.51    0.75
  7                    CONDUIT     0.326     0  00:08      1.66    0.50    1.00
  Brunn_Teich_L        CONDUIT      0.32     0  00:08      1.36    0.24    0.67
  9                    CONDUIT    0.0058     0  00:08      1.46    0.00    0.50
  12                   CONDUIT      3.14     0  00:01      2.02    0.06    1.00
  15                   CONDUIT      6.32     0  00:01      3.52    0.16    1.00
  18                   CONDUIT      4.61     0  00:01      2.70    0.19    1.00
  19                   CONDUIT     0.767     0  00:02      1.13    0.73    1.00
  20                   CONDUIT     0.628     0  00:02      1.42    0.05    0.82
  21                   CONDUIT      1.21     0  00:03      0.23    0.01    0.73
  Hooliloch_L          CONDUIT      1.13     0  00:08      0.54    0.02    0.40
  23                   CONDUIT    0.0782     0  00:08      3.06    0.49    0.39
  25                   CONDUIT     0.141     0  00:08      0.88    0.11    0.53
  28                   CONDUIT    0.0779     0  00:08      1.82    0.00    0.02
  29                   CONDUIT    0.0163     0  00:08      0.67    0.00    0.02
  31                   CONDUIT         0     0  00:00      0.00    0.00    0.02
  33                   CONDUIT     0.448     0  00:03      0.72    0.17    1.00
  37                   CONDUIT    0.0912     0  00:08      0.26    0.00    0.10
  SS3_L                CONDUIT    0.0781     0  00:08      2.45    0.00    0.03
  40                   CONDUIT      0.68     0  00:02      0.84    0.00    0.18
  SS6_L                CONDUIT     0.061     0  00:08      3.36    0.00    0.03
  1                    CONDUIT         0     0  00:00      0.00    0.00    0.01
  2                    CONDUIT         0     0  00:00      0.00    0.00    0.00
  3                    CONDUIT     0.082     0  00:03      4.26    0.01    0.06
  10                   CONDUIT     0.141     0  00:08      1.55    0.00    0.09
  13                   CONDUIT     0.299     0  00:01      3.32    0.65    1.00
  22                   CONDUIT     0.276     0  00:06      2.87    0.68    1.00
  24                   CONDUIT      1.03     0  00:08      1.99    0.00    0.72
  30                   CONDUIT      1.03     0  00:08      1.98    0.43    0.72
  34                   CONDUIT     0.303     0  00:08      1.59    0.34    0.75
  36                   CONDUIT     0.303     0  00:08      5.31    0.32    0.29
  38                   CONDUIT     0.141     0  00:08      1.92    0.05    0.38
  48                   CONDUIT     0.974     0  00:04      2.53    0.65    0.79
  54                   CONDUIT         0     0  00:00      0.00    0.00    0.48
  68                   CONDUIT     0.223     0  00:08      1.03    0.00    0.12
  73                   CONDUIT    0.0279     0  00:08      0.38    0.01    0.06
  TWT1                 CONDUIT       1.8     0  00:08      4.12    0.00    0.03
  TWT2                 CONDUIT      1.87     0  00:06      4.17    0.00    0.03
  TWT3                 CONDUIT         0     0  00:00      0.00    0.00    0.02
  TWT4                 CONDUIT         0     0  00:00      0.00    0.00    0.08
  1_2_b_               CONDUIT         0     0  00:00      0.00    0.00    0.00
  1_2_b_1              CONDUIT      12.8     0  00:06     16.77    7.75    1.00
  1_2_b_2              CONDUIT    0.0794     0  00:08      0.19    0.00    0.52
  1_2_b_3              CONDUIT      0.99     0  00:06      1.26    0.12    1.00
  1_2_b_6              CONDUIT    0.0802     0  00:08      0.19    0.00    0.52
  1_3_b_3              CONDUIT      1.82     0  00:05      3.43    6.53    0.64
  TWT5                 CONDUIT      10.1     0  00:01      4.85    0.01    0.19
  1_4_a                CONDUIT        14     0  00:08      5.89    0.21    0.37
  TWT6                 CONDUIT      6.59     0  00:04      1.70    0.02    0.18
  1_4_b                CONDUIT       0.3     0  00:07      0.19    0.00    0.29
  TWT7                 CONDUIT         0     0  00:00      0.00    0.00    0.08
  1_5_a                CONDUIT         0     0  00:00      0.00    0.00    0.02
  
  
  ***************************
  Flow Classification Summary
  ***************************
  
  -------------------------------------------------------------------------------------
                      Adjusted    ---------- Fraction of Time in Flow Class ---------- 
                       /Actual         Up    Down  Sub   Sup   Up    Down  Norm  Inlet 
  Conduit               Length    Dry  Dry   Dry   Crit  Crit  Crit  Crit  Ltd   Ctrl  
  -------------------------------------------------------------------------------------
  Brunn_Fassung_L         1.00   0.00  0.00  0.00  0.00  1.00  0.00  0.00  0.00  0.00
  11                      1.00   0.00  0.00  0.00  1.00  0.00  0.00  0.00  0.00  0.00
  14                      1.00   0.00  0.00  0.00  1.00  0.00  0.00  0.00  0.00  0.00
  16                      1.00   0.00  0.00  0.00  1.00  0.00  0.00  0.00  0.00  0.00
  17                      1.00   0.00  0.00  0.00  1.00  0.00  0.00  0.00  0.00  0.00
  26                      1.00   0.00  0.00  0.00  1.00  0.00  0.00  0.00  0.00  0.00
  27                      1.00   0.00  0.00  0.00  1.00  0.00  0.00  0.00  0.00  0.00
  Gischeren_L             1.00   1.00  0.00  0.00  0.00  0.00  0.00  0.00  0.00  0.00
  Schuettstein_L          1.00   0.00  0.00  0.00  1.00  0.00  0.00  0.00  0.00  0.00
  Brunnmuehle_L           1.00   0.00  0.00  0.00  1.00  0.00  0.00  0.00  0.00  0.00
  32                      1.00   1.00  0.00  0.00  0.00  0.00  0.00  0.00  0.00  0.00
  35                      1.00   0.00  1.00  0.00  0.00  0.00  0.00  0.00  0.00  0.00
  45                      1.00   0.00  0.00  0.00  1.00  0.00  0.00  0.00  1.00  0.00
  46                      1.00   0.00  0.00  0.00  1.00  0.00  0.00  0.00  0.00  0.00
  47                      1.00   0.00  0.00  0.00  1.00  0.00  0.00  0.00  0.00  0.00
  50                      1.00   0.00  0.00  0.00  1.00  0.00  0.00  0.00  0.00  0.00
  51                      1.00   0.00  0.00  0.00  1.00  0.00  0.00  0.00  0.00  0.00
  53                      1.00   0.00  0.00  0.00  1.00  0.00  0.00  0.00  0.00  0.00
  Fenster_L               1.00   0.00  0.00  0.00  0.00  1.00  0.00  0.00  0.00  0.00
  58                      1.00   0.00  0.00  0.00  0.00  1.00  0.00  0.00  1.00  0.00
  59                      1.00   0.00  0.00  0.00  0.00  1.00  0.00  0.00  1.00  0.00
  61                      1.00   0.00  0.00  0.00  1.00  0.00  0.00  0.00  0.00  0.00
  63                      1.00   0.00  0.00  0.00  1.00  0.00  0.00  0.00  0.00  0.00
  66                      1.00   0.00  0.00  0.00  1.00  0.00  0.00  0.00  0.00  0.00
  67                      1.00   0.00  0.00  0.00  1.00  0.00  0.00  0.00  0.00  0.00
  Amont_L                 1.00   0.00  0.00  0.00  1.00  0.00  0.00  0.00  0.00  0.00
  69                      1.00   0.00  0.00  0.00  1.00  0.00  0.00  0.00  0.00  0.00
  70                      1.00   0.00  0.00  0.00  1.00  0.00  0.00  0.00  0.00  0.00
  71                      1.00   0.00  0.00  0.00  1.00  0.00  0.00  0.00  0.00  0.00
  72                      1.00   0.00  0.00  0.00  1.00  0.00  0.00  0.00  0.00  0.00
  Sauser_L                1.00   0.00  0.00  0.00  1.00  0.00  0.00  0.00  0.00  0.00
  75                      1.00   0.00  0.00  0.00  0.00  1.00  0.00  0.00  0.00  0.00
  Entw_Sto_L              1.00   0.00  0.00  0.00  0.00  1.00  0.00  0.00  0.00  0.00
  4                       1.00   0.00  0.00  0.00  1.00  0.00  0.00  0.00  0.00  0.00
  5                       1.00   0.00  0.00  0.00  1.00  0.00  0.00  0.00  0.00  0.00
  6                       1.00   0.00  0.00  0.00  0.00  1.00  0.00  0.00  0.00  0.00
  7                       1.00   0.00  0.00  0.00  1.00  0.00  0.00  0.00  0.00  0.00
  Brunn_Teich_L           1.00   0.00  0.00  0.00  1.00  0.00  0.00  0.00  0.00  0.00
  9                       1.00   0.00  0.00  0.00  0.00  1.00  0.00  0.00  0.00  0.00
  12                      1.00   0.00  0.00  0.00  1.00  0.00  0.00  0.00  0.00  0.00
  15                      1.00   0.00  0.00  0.00  1.00  0.00  0.00  0.00  0.00  0.00
  18                      1.00   0.00  0.00  0.00  1.00  0.00  0.00  0.00  0.00  0.00
  19                      1.00   0.00  0.00  0.00  1.00  0.00  0.00  0.00  0.00  0.00
  20                      1.00   0.00  0.00  0.00  1.00  0.00  0.00  0.00  0.00  0.00
  21                      1.00   0.00  0.00  0.00  1.00  0.00  0.00  0.00  0.00  0.00
  Hooliloch_L             1.00   0.00  0.00  0.00  1.00  0.00  0.00  0.00  0.00  0.00
  23                      1.00   0.00  0.00  0.00  0.00  1.00  0.00  0.00  0.00  0.00
  25                      1.00   0.00  0.00  0.00  1.00  0.00  0.00  0.00  0.00  0.00
  28                      1.00   0.00  0.00  0.00  0.00  1.00  0.00  0.00  0.00  0.00
  29                      1.00   0.00  0.00  0.00  1.00  0.00  0.00  0.00  1.00  0.00
  31                      1.00   0.00  1.00  0.00  0.00  0.00  0.00  0.00  0.00  0.00
  33                      1.00   0.00  0.00  0.00  1.00  0.00  0.00  0.00  0.00  0.00
  37                      1.00   0.00  0.00  0.00  1.00  0.00  0.00  0.00  0.00  0.00
  SS3_L                   1.00   0.00  0.00  0.00  0.00  1.00  0.00  0.00  1.00  0.00
  40                      1.00   0.00  0.00  0.00  1.00  0.00  0.00  0.00  0.00  0.00
  SS6_L                   1.00   0.00  0.00  0.00  0.00  1.00  0.00  0.00  1.00  0.00
  1                       1.00   0.00  1.00  0.00  0.00  0.00  0.00  0.00  0.00  0.00
  2                       1.00   1.00  0.00  0.00  0.00  0.00  0.00  0.00  0.00  0.00
  3                       1.00   0.00  0.00  0.00  0.00  1.00  0.00  0.00  1.00  0.00
  10                      1.00   0.00  0.00  0.00  1.00  0.00  0.00  0.00  1.00  0.00
  13                      1.00   0.00  0.00  0.00  1.00  0.00  0.00  0.00  0.00  0.00
  22                      1.00   0.00  0.00  0.00  1.00  0.00  0.00  0.00  0.00  0.00
  24                      1.00   0.00  0.00  0.00  1.00  0.00  0.00  0.00  0.00  0.00
  30                      1.00   0.00  0.00  0.00  1.00  0.00  0.00  0.00  1.00  0.00
  34                      1.00   0.00  0.00  0.00  1.00  0.00  0.00  0.00  0.00  0.00
  36                      1.00   0.00  0.00  0.00  0.00  1.00  0.00  0.00  0.00  0.00
  38                      1.00   0.00  0.00  0.00  1.00  0.00  0.00  0.00  1.00  0.00
  48                      1.00   0.00  0.00  0.00  1.00  0.00  0.00  0.00  1.00  0.00
  54                      1.00   0.00  1.00  0.00  0.00  0.00  0.00  0.00  0.00  0.00
  68                      1.00   0.00  0.00  0.00  1.00  0.00  0.00  0.00  1.00  0.00
  73                      1.00   0.00  0.00  0.00  1.00  0.00  0.00  0.00  0.00  0.00
  TWT1                    1.00   0.00  0.00  0.00  0.00  1.00  0.00  0.00  0.00  0.00
  TWT2                    1.00   0.00  0.00  0.00  0.00  1.00  0.00  0.00  0.00  0.00
  TWT3                    1.00   0.00  1.00  0.00  0.00  0.00  0.00  0.00  0.00  0.00
  TWT4                    1.00   0.00  1.00  0.00  0.00  0.00  0.00  0.00  0.00  0.00
  1_2_b_                  1.00   1.00  0.00  0.00  0.00  0.00  0.00  0.00  0.00  0.00
  1_2_b_1                 1.00   0.00  0.00  0.00  1.00  0.00  0.00  0.00  0.00  0.00
  1_2_b_2                 1.00   0.00  0.00  0.00  1.00  0.00  0.00  0.00  1.00  0.00
  1_2_b_3                 1.00   0.00  0.00  0.00  1.00  0.00  0.00  0.00  0.00  0.00
  1_2_b_6                 1.00   0.00  0.00  0.00  1.00  0.00  0.00  0.00  1.00  0.00
  1_3_b_3                 1.00   0.00  0.00  0.00  0.00  1.00  0.00  0.00  0.00  0.00
  TWT5                    1.00   0.00  0.00  0.00  1.00  0.00  0.00  0.00  0.00  0.00
  1_4_a                   1.00   0.00  0.00  0.00  0.00  1.00  0.00  0.00  0.00  0.00
  TWT6                    1.00   0.00  0.00  0.00  1.00  0.00  0.00  0.00  0.00  0.00
  1_4_b                   1.00   0.00  0.00  0.00  1.00  0.00  0.00  0.00  0.00  0.00
  TWT7                    1.00   0.00  1.00  0.00  0.00  0.00  0.00  0.00  0.00  0.00
  1_5_a                   1.00   0.00  1.00  0.00  0.00  0.00  0.00  0.00  0.00  0.00
  
  
  *************************
  Conduit Surcharge Summary
  *************************
  
  ----------------------------------------------------------------------------
                                                           Hours        Hours 
                         --------- Hours Full --------   Above Full   Capacity
  Conduit                Both Ends  Upstream  Dnstream   Normal Flow   Limited
  ----------------------------------------------------------------------------
  Brunn_Fassung_L             0.01      0.01     24.00      0.01         0.01
  11                         23.98     23.98     23.98      0.01         0.01
  14                         23.98     23.98     23.99      0.07         0.01
  16                         24.00     24.00     24.00     23.99        23.99
  17                         24.00     24.00     24.00      0.01         0.01
  26                         23.99     23.99     23.99      0.01         0.01
  27                         23.96     23.96     23.97      0.01         0.01
  Schuettstein_L              0.01      0.01     23.97      0.01         0.01
  Brunnmuehle_L              24.00     24.00     24.00      0.01         0.01
  46                         24.00     24.00     24.00      0.01         0.01
  47                         24.00     24.00     24.00     24.00        24.00
  50                         23.97     23.97     23.97      0.01         0.01
  51                         23.93     23.93     23.97      0.01         0.01
  53                         24.00     24.00     24.00     23.98         0.01
  61                         23.98     23.98     23.99      0.01         0.01
  63                          0.01     23.96      0.01      0.01         0.01
  66                          0.01     23.92      0.01     23.89         0.01
  67                         23.99     23.99     24.00      0.01         0.01
  Amont_L                    24.00     24.00     24.00      0.01         0.01
  69                          0.01      0.01     24.00      0.01         0.01
  70                          0.01      0.01     24.00      0.01         0.01
  71                         23.96     23.96     23.99      0.01         0.01
  72                          0.01     23.94      0.01      0.01         0.01
  Sauser_L                    0.01      0.01     24.00      0.01         0.01
  75                          0.01     23.94      0.01      0.01         0.01
  4                           0.01     23.95      0.01      0.01         0.01
  5                           0.01      0.01     24.00      0.01         0.01
  6                           0.01      0.01     24.00      0.01         0.01
  7                          23.99     23.99     24.00      0.01         0.01
  Brunn_Teich_L               0.01      0.01     23.98      0.01         0.01
  9                           0.01      0.01     23.98      0.01         0.01
  12                         23.96     23.96     23.97      0.01         0.01
  15                         23.98     23.98     23.98      0.01         0.01
  18                         23.97     23.97     23.98      0.01         0.01
  19                         23.96     23.96     23.98      0.01         0.01
  25                          0.01      0.01     23.97      0.01         0.01
  33                         23.93     23.93     23.94      0.01         0.01
  13                         23.98     23.98     24.00      0.01         0.01
  22                         23.98     23.98     24.00      0.01         0.01
  24                          0.01      0.01     24.00      0.01         0.01
  30                          0.01      0.01     24.00      0.01         0.01
  34                          0.01      0.01     23.98      0.01         0.01
  48                          0.01      0.01     23.89      0.01         0.01
  1_2_b_1                    23.95     23.99     23.95     23.99        23.95
  1_2_b_2                     0.01      0.01     23.95      0.01         0.01
  1_2_b_3                    23.95     23.95     24.00      0.01         0.01
  1_2_b_6                     0.01      0.01     23.95      0.01         0.01
  1_3_b_3                     0.01      0.01     23.99     23.99         0.01
  

  Analysis begun on:  Wed Aug 12 18:40:30 2026
  Analysis ended on:  Wed Aug 12 18:40:32 2026
  Total elapsed time: 00:00:02