
  EPA STORM WATER MANAGEMENT MODEL - VERSION 5.2 (Build 5.2.4)
  ------------------------------------------------------------

  Brunnmuehle (Twann) 
  WARNING 08: elevation drop exceeds length for Conduit SS3_L
  WARNING 08: elevation drop exceeds length for Conduit SS6_L
  WARNING 08: elevation drop exceeds length for Conduit 2
  WARNING 08: elevation drop exceeds length for Conduit 3
  WARNING 08: elevation drop exceeds length for Conduit 68
  WARNING 08: elevation drop exceeds length for Conduit 1_2_b_
  WARNING 08: elevation drop exceeds length for Conduit 1_2_b_2
  WARNING 08: elevation drop exceeds length for Conduit 1_3_a_2
  WARNING 08: elevation drop exceeds length for Conduit 1_3_b_2
  WARNING 08: elevation drop exceeds length for Conduit 1_4_a
  WARNING 08: elevation drop exceeds length for Conduit 1_4_a_1
  WARNING 02: maximum depth increased for Node 2
  
  ****************
  Analysis Options
  ****************
  Flow Units ............... CMS
  Process Models:
    Rainfall/Runoff ........ NO
    RDII ................... NO
    Snowmelt ............... NO
    Groundwater ............ NO
    Flow Routing ........... YES
    Ponding Allowed ........ NO
    Water Quality .......... NO
  Flow Routing Method ...... DYNWAVE
  Surcharge Method ......... EXTRAN
  Starting Date ............ 01/01/2000 00:00:00
  Ending Date .............. 01/02/2000 00:00:00
  Antecedent Dry Days ...... 0.0
  Report Time Step ......... 01:00:00
  Routing Time Step ........ 0.50 sec
  Variable Time Step ....... YES
  Maximum Trials ........... 8
  Number of Threads ........ 1
  Head Tolerance ........... 0.001500 m
  
  
  **************************        Volume        Volume
  Flow Routing Continuity        hectare-m      10^6 ltr
  **************************     ---------     ---------
  Dry Weather Inflow .......         0.000         0.000
  Wet Weather Inflow .......         0.000         0.000
  Groundwater Inflow .......         0.000         0.000
  RDII Inflow ..............         0.000         0.000
  External Inflow ..........       207.725      2077.271
  External Outflow .........       214.824      2148.261
  Flooding Loss ............         0.000         0.000
  Evaporation Loss .........         0.000         0.000
  Exfiltration Loss ........         0.000         0.000
  Initial Stored Volume ....         0.056         0.561
  Final Stored Volume ......         0.165         1.650
  Continuity Error (%) .....        -3.469
  
  
  *************************
  Highest Continuity Errors
  *************************
  Node SonSto_SS6 (-523920.61%)
  Node 6 (-155102.57%)
  Node SondeSchuettstein (-26209.79%)
  Node Syst_Est_interm (100.00%)
  Node SonSto_F_sup (99.99%)
  
  
  ***************************
  Time-Step Critical Elements
  ***************************
  Link 1_4_a (137092.86%)
  Link 1_4_a_1 (15.87%)
  
  
  ********************************
  Highest Flow Instability Indexes
  ********************************
  All links are stable.
  
  
  *********************************
  Most Frequent Nonconverging Nodes
  *********************************
  Node Brunnm_Fassung (100.00%)
  Node Brunnmuehle(Teich) (100.00%)
  Node Fensterstollen (100.00%)
  Node Gischeren (100.00%)
  Node Schuettstein (100.00%)
  
  
  *************************
  Routing Time Step Summary
  *************************
  Minimum Time Step           :     0.50 sec
  Average Time Step           :     0.50 sec
  Maximum Time Step           :     0.50 sec
  % of Time in Steady State   :    99.93
  Average Iterations per Step :     8.00
  % of Steps Not Converging   :   100.00
  Time Step Frequencies       :
      0.500 -  0.500 sec      :   100.00 %
      0.500 -  0.500 sec      :     0.00 %
      0.500 -  0.500 sec      :     0.00 %
      0.500 -  0.500 sec      :     0.00 %
      0.500 -  0.500 sec      :     0.00 %
  
  
  ******************
  Node Depth Summary
  ******************
  
  ---------------------------------------------------------------------------------
                                 Average  Maximum  Maximum  Time of Max    Reported
                                   Depth    Depth      HGL   Occurrence   Max Depth
  Node                 Type       Meters   Meters   Meters  days hr:min      Meters
  ---------------------------------------------------------------------------------
  9                    JUNCTION    17.58    31.01   469.51     0  00:00       17.58
  Holiloch_sonde       JUNCTION    16.03    30.68   470.68     0  00:00       16.04
  11                   JUNCTION    34.02    41.58   451.58     0  00:00       34.03
  13                   JUNCTION    18.15    21.44   459.44     0  00:00       18.16
  21                   JUNCTION    36.21    37.92   437.92     0  00:00       36.22
  SonSto_F             JUNCTION     0.91     1.69   439.49     0  00:00        0.91
  Sondierstollen       JUNCTION     0.00     0.00   440.80     0  00:00        0.00
  Aval_Trappe          JUNCTION     1.14     1.85   439.45     0  00:00        1.14
  30                   JUNCTION     1.00     1.41   438.71     0  00:00        1.01
  Gischeren_node       JUNCTION     0.00     0.00   476.50     0  00:00        0.00
  34                   JUNCTION    16.05    17.62   437.62     0  00:00       16.05
  38                   JUNCTION    17.66    19.02   439.02     0  00:00       17.66
  SS6                  JUNCTION     0.00     0.00   448.00     0  00:00        0.00
  40                   JUNCTION    17.25    17.58   436.58     0  00:00       17.25
  41                   JUNCTION    18.65    34.30   471.80     0  00:00       18.66
  SondeSchuettstein    JUNCTION     0.01     0.01   459.01     0  00:00        0.01
  SS4                  JUNCTION     0.00     0.00   448.00     0  00:00        0.00
  47                   JUNCTION     0.00     0.00   464.90     0  00:00        0.00
  48                   JUNCTION     0.00     0.00   471.00     0  00:00        0.00
  SondeGischeren       JUNCTION     0.00     0.00   465.00     0  00:00        0.00
  49                   JUNCTION     0.00     0.00   466.00     0  00:00        0.00
  50                   JUNCTION     0.00     0.00   463.00     0  00:00        0.00
  51                   JUNCTION    37.26    46.99   466.99     0  00:00       37.27
  Amont_C              JUNCTION    42.34   141.12   559.12     0  00:00       42.35
  52                   JUNCTION     0.00     0.00   457.00     0  00:01        0.00
  53                   JUNCTION     0.00     0.00   467.00     0  00:00        0.00
  54                   JUNCTION     0.00     0.00   463.00     0  00:00        0.00
  56                   JUNCTION     5.77     5.87   435.87     0  00:00        5.77
  2                    JUNCTION     0.01     0.01   438.01     0  00:01        0.01
  4                    JUNCTION     7.79     8.72   436.72     0  00:00        7.79
  5                    JUNCTION     0.00     0.00   472.50     0  00:00        0.00
  6                    JUNCTION     0.09     0.31   458.31     0  00:00        0.09
  7                    JUNCTION     0.00     0.00   475.00     0  00:00        0.00
  SS3                  JUNCTION     0.00     0.00   448.00     0  00:00        0.00
  SS5                  JUNCTION     0.01     0.01   438.91     0  00:01        0.01
  8                    JUNCTION     0.00     0.00   474.00     0  00:00        0.00
  10                   JUNCTION     0.00     0.00   468.00     0  00:00        0.00
  SonSto_SS5           JUNCTION     0.07     0.07   439.37     0  00:01        0.07
  SonSto_SS3           JUNCTION     0.00     0.00   439.70     0  00:00        0.00
  SonSto_SS4           JUNCTION     0.00     0.00   439.40     0  00:00        0.00
  Amont_Trappe         JUNCTION     1.02     1.78   439.48     0  00:00        1.02
  SonSto_SS6           JUNCTION     0.77     0.83   439.53     0  00:01        0.77
  SS2                  JUNCTION     0.00     0.00   448.00     0  00:00        0.00
  SonSto_SS2           JUNCTION     0.00     0.00   441.50     0  00:00        0.00
  12                   JUNCTION     0.16     0.16   449.16     0  00:01        0.16
  14                   JUNCTION     0.00     0.00   465.00     0  00:00        0.00
  15                   JUNCTION     0.00     0.00   472.00     0  00:00        0.00
  TWT_PointHaut_60+650 JUNCTION     0.00     0.00   438.50     0  00:00        0.00
  TWT_Fensterstollen_60+375 JUNCTION     0.61     0.64   441.94     0  00:00        0.61
  TWT_Acces_LT_60+110  JUNCTION     0.00     0.00   441.50     0  00:00        0.00
  TWT_Liaison_LT_59+738 JUNCTION     0.00     0.00   450.60     0  00:00        0.00
  Syst_Est_amont       JUNCTION     0.48     0.48   430.48     0  00:01        0.48
  Syst_Est_interm      JUNCTION     0.09     0.09   410.09     0  00:01        0.09
  TWT_Branche_Est_Sonsto_60+540 JUNCTION     0.00     0.00   442.40     0  00:00        0.00
  TWT_Intersection_Sonsto_60+345 JUNCTION     1.30     2.02   442.92     0  00:00        1.30
  TWT_Chrosweg_61+140  JUNCTION     0.00     0.00   432.00     0  00:00        0.00
  SonSto_F_sup         JUNCTION     0.00     0.00   448.00     0  00:00        0.00
  SonSto_porte         JUNCTION     0.00     0.00   438.50     0  00:00        0.00
  Brunnm_Fassung       OUTFALL      0.07     0.07   433.87     0  00:00        0.07
  Brunnmuehle(Teich)   OUTFALL      0.13     0.13   435.63     0  00:00        0.13
  Fensterstollen       OUTFALL      1.01     1.12   438.12     0  00:01        1.01
  Gischeren            OUTFALL      0.00     0.00   480.00     0  00:00        0.00
  Schuettstein         OUTFALL      0.00     0.00   477.55     0  00:00        0.00
  Holiloch             OUTFALL      0.00     0.00   476.50     0  00:00        0.00
  Sauserquelle         OUTFALL      0.15     0.15   435.70     0  00:01        0.15
  Entw_Stollen         OUTFALL      0.01     0.01   436.51     0  00:01        0.01
  Sous_lacustre        OUTFALL      0.09     0.09   429.29     0  00:00        0.09
  Sous_ecoul.          OUTFALL      0.00     0.00   433.00     0  00:00        0.00
  Syst_Est_aval        OUTFALL      0.00     0.00   429.00     0  00:00        0.00
  TWT_Portail_Est_61+665 OUTFALL      0.00     0.00   421.60     0  00:00        0.00
  
  
  *******************
  Node Inflow Summary
  *******************
  
  -------------------------------------------------------------------------------------------------
                                  Maximum  Maximum                  Lateral       Total        Flow
                                  Lateral    Total  Time of Max      Inflow      Inflow     Balance
                                   Inflow   Inflow   Occurrence      Volume      Volume       Error
  Node                 Type           CMS      CMS  days hr:min    10^6 ltr    10^6 ltr     Percent
  -------------------------------------------------------------------------------------------------
  9                    JUNCTION         0     9.25     0  00:00           0        14.9       1.085
  Holiloch_sonde       JUNCTION         0     7.66     0  00:00           0        14.7      -0.095
  11                   JUNCTION         0    0.177     0  00:00           0        14.1       0.011
  13                   JUNCTION         0       24     0  00:00           0    1.96e+03       0.028
  21                   JUNCTION         0    0.176     0  00:00           0        13.5       0.020
  SonSto_F             JUNCTION         0     6.94     0  00:00           0         154     -48.252
  Sondierstollen       JUNCTION         0        0     0  00:00           0           0       0.000 ltr
  Aval_Trappe          JUNCTION         0     24.9     0  00:00           0    2.04e+03      -1.089
  30                   JUNCTION         0     26.6     0  00:01           0    2.07e+03      -2.224
  Gischeren_node       JUNCTION         0        0     0  00:00           0           0       0.000 ltr
  34                   JUNCTION         0    0.176     0  00:00           0        11.3      -0.026
  38                   JUNCTION         0    0.175     0  00:00           0        13.5       0.014
  SS6                  JUNCTION         0        0     0  00:00           0           0       0.000 ltr
  40                   JUNCTION         0    0.192     0  00:01           0        16.6       0.024
  41                   JUNCTION         0     3.91     0  00:00           0      0.0524    8856.154
  SondeSchuettstein    JUNCTION         0    0.154     0  00:00           0    8.73e-05     -99.620
  SS4                  JUNCTION         0        0     0  00:00           0           0       0.000 ltr
  47                   JUNCTION         0        0     0  00:00           0           0       0.000 ltr
  48                   JUNCTION         0        0     0  00:00           0           0       0.000 ltr
  SondeGischeren       JUNCTION         0        0     0  00:00           0           0       0.000 ltr
  49                   JUNCTION         0        0     0  00:00           0           0       0.000 ltr
  50                   JUNCTION         0        0     0  00:00           0           0       0.000 ltr
  51                   JUNCTION         0     40.1     0  00:00           0    1.98e+03       0.009
  Amont_C              JUNCTION      22.9     46.8     0  00:00    1.98e+03    1.98e+03       0.017
  52                   JUNCTION         0   0.0155     0  00:00           0       0.533   67752.845
  53                   JUNCTION         0        0     0  00:00           0           0       0.000 ltr
  54                   JUNCTION         0        0     0  00:00           0           0       0.000 ltr
  56                   JUNCTION         0    0.192     0  00:01           0        16.6       0.081
  2                    JUNCTION         0  0.00684     0  00:01           0       0.591    6064.007
  4                    JUNCTION         0    0.177     0  00:00           0        9.77       0.053
  5                    JUNCTION         0        0     0  00:00           0           0       0.000 ltr
  6                    JUNCTION         0     3.68     0  00:00           0     0.00943     -99.936
  7                    JUNCTION         0        0     0  00:00           0           0       0.000 ltr
  SS3                  JUNCTION         0        0     0  00:00           0           0       0.000 ltr
  SS5                  JUNCTION         0   0.0223     0  00:01           0        1.92    4044.679
  8                    JUNCTION         0        0     0  00:00           0           0       0.000 ltr
  10                   JUNCTION         0        0     0  00:00           0           0       0.000 ltr
  SonSto_SS5           JUNCTION         0    0.274     0  00:01           0        23.7    1131.512
  SonSto_SS3           JUNCTION         0        0     0  00:00           0           0       0.000 ltr
  SonSto_SS4           JUNCTION         0        0     0  00:00           0           0       0.000 ltr
  Amont_Trappe         JUNCTION         0     7.57     0  00:00           0         292       1.012
  SonSto_SS6           JUNCTION         0      3.4     0  00:00           0       0.034     -99.981
  SS2                  JUNCTION         0        0     0  00:00           0           0       0.000 ltr
  SonSto_SS2           JUNCTION         0        0     0  00:00           0           0       0.000 ltr
  12                   JUNCTION         0    0.159     0  00:01           0        13.7      34.709
  14                   JUNCTION         0    0.107     0  00:00           0    5.37e-05     -23.865
  15                   JUNCTION         0   0.0226     0  00:00           0    1.13e-05     -99.407
  TWT_PointHaut_60+650 JUNCTION         0        0     0  00:00           0           0       0.000 ltr
  TWT_Fensterstollen_60+375 JUNCTION         0     25.6     0  00:00           0     1.7e+03      -3.158
  TWT_Acces_LT_60+110  JUNCTION         0        0     0  00:00           0           0       0.000 ltr
  TWT_Liaison_LT_59+738 JUNCTION         0        0     0  00:00           0           0       0.000 ltr
  Syst_Est_amont       JUNCTION      1.15     1.15     0  00:00        98.9        98.9     140.841
  Syst_Est_interm      JUNCTION         0    0.476     0  00:01           0        41.141071595.379 ltr
  TWT_Branche_Est_Sonsto_60+540 JUNCTION         0        0     0  00:00           0           0       0.000 ltr
  TWT_Intersection_Sonsto_60+345 JUNCTION         0       24     0  00:00           0    1.96e+03      15.274
  TWT_Chrosweg_61+140  JUNCTION         0        0     0  00:00           0           0       0.000 ltr
  SonSto_F_sup         JUNCTION         0 2.08e-05     0  00:00           0     0.00078     779.776 ltr
  SonSto_porte         JUNCTION         0        0     0  00:00           0           0       0.000 ltr
  Brunnm_Fassung       OUTFALL          0   0.0191     0  00:00           0        1.54       0.000
  Brunnmuehle(Teich)   OUTFALL          0    0.119     0  00:00           0        9.33       0.000
  Fensterstollen       OUTFALL          0     29.9     0  00:01           0    2.12e+03       0.000
  Gischeren            OUTFALL          0        0     0  00:00           0           0       0.000 ltr
  Schuettstein         OUTFALL          0        0     0  00:00           0           0       0.000 ltr
  Holiloch             OUTFALL          0        0     0  00:00           0           0       0.000 ltr
  Sauserquelle         OUTFALL          0    0.192     0  00:01           0        16.6       0.000
  Entw_Stollen         OUTFALL          0 0.000111     0  00:01           0     0.00959       0.000
  Sous_lacustre        OUTFALL          0   0.0259     0  00:00           0        2.23       0.000
  Sous_ecoul.          OUTFALL          0  0.00566     0  00:00           0        0.44       0.000
  Syst_Est_aval        OUTFALL          0        0     0  00:00           0           0       0.000 ltr
  TWT_Portail_Est_61+665 OUTFALL          0        0     0  00:00           0           0       0.000 ltr
  
  
  **********************
  Node Surcharge Summary
  **********************
  
  Surcharging occurs when water rises above the top of the highest conduit.
  ---------------------------------------------------------------------
                                               Max. Height   Min. Depth
                                   Hours       Above Crown    Below Rim
  Node                 Type      Surcharged         Meters       Meters
  ---------------------------------------------------------------------
  9                    JUNCTION       23.99         29.209       68.991
  Holiloch_sonde       JUNCTION       23.99         28.782      169.318
  11                   JUNCTION       24.00         41.121      108.419
  13                   JUNCTION       23.99         18.437      378.563
  21                   JUNCTION       24.00         37.321      112.079
  34                   JUNCTION       24.00         17.023       82.377
  38                   JUNCTION       24.00         18.417      130.983
  40                   JUNCTION       24.00         13.578       82.422
  41                   JUNCTION       23.99         33.449      215.701
  51                   JUNCTION       24.00         42.994      353.006
  Amont_C              JUNCTION       24.00        138.119      258.881
  56                   JUNCTION       24.00          4.873       94.127
  4                    JUNCTION       23.99          8.073       91.277
  TWT_Acces_LT_60+110  JUNCTION       24.00          0.000        0.000
  TWT_Liaison_LT_59+738 JUNCTION       24.00          0.000        0.000
  
  
  *********************
  Node Flooding Summary
  *********************
  
  No nodes were flooded.
  
  
  ***********************
  Outfall Loading Summary
  ***********************
  
  -----------------------------------------------------------
                         Flow       Avg       Max       Total
                         Freq      Flow      Flow      Volume
  Outfall Node           Pcnt       CMS       CMS    10^6 ltr
  -----------------------------------------------------------
  Brunnm_Fassung        99.95    0.0178    0.0191       1.537
  Brunnmuehle(Teich)    99.95     0.108     0.119       9.327
  Fensterstollen        99.97      24.5      29.9    2118.136
  Gischeren              0.00         0         0       0.000
  Schuettstein           0.00         0         0       0.000
  Holiloch               0.00         0         0       0.000
  Sauserquelle          99.98     0.192     0.192      16.572
  Entw_Stollen          99.94  0.000111  0.000111       0.010
  Sous_lacustre        100.00    0.0258    0.0259       2.229
  Sous_ecoul.           99.95   0.00509   0.00566       0.440
  Syst_Est_aval          0.00         0         0       0.000
  TWT_Portail_Est_61+665   0.00         0         0       0.000
  -----------------------------------------------------------
  System                58.31      24.9      30.2    2148.251
  
  
  ********************
  Link Flow Summary
  ********************
  
  -----------------------------------------------------------------------------
                                 Maximum  Time of Max   Maximum    Max/    Max/
                                  |Flow|   Occurrence   |Veloc|    Full    Full
  Link                 Type          CMS  days hr:min     m/sec    Flow   Depth
  -----------------------------------------------------------------------------
  Brunn_Fassung_L      CONDUIT    0.0191     0  00:00      0.91    0.31    0.69
  11                   CONDUIT      7.66     0  00:00      5.08    1.14    1.00
  14                   CONDUIT      9.25     0  00:00      5.50    5.03    1.00
  16                   CONDUIT     0.177     0  00:00      2.07    1.23    1.00
  17                   CONDUIT     0.176     0  00:00      0.62    0.30    1.00
  26                   CONDUIT      3.91     0  00:00      7.38    5.30    1.00
  27                   CONDUIT    0.0979     0  00:00      2.57    1.26    1.00
  Gischeren_L          CONDUIT         0     0  00:00      0.00    0.00    0.00
  Schuettstein_L       CONDUIT         0     0  00:00      0.00    0.00    0.00
  Brunnmuehle_L        CONDUIT     0.176     0  00:00      0.62    0.08    1.00
  32                   CONDUIT         0     0  00:00      0.00    0.00    0.00
  35                   CONDUIT         0     0  00:00      0.00    0.00    0.00
  45                   CONDUIT       3.4     0  00:00      1.47    0.02    0.37
  46                   CONDUIT     0.192     0  00:01      0.68    0.19    1.00
  47                   CONDUIT    0.0749     0  00:00      1.97    4.67    1.00
  50                   CONDUIT         0     0  00:00      0.00    0.00    0.01
  51                   CONDUIT   0.00103     0  00:00      0.02    0.00    0.51
  53                   CONDUIT     0.175     0  00:00      1.05    0.89    1.00
  Fenster_L            CONDUIT      29.9     0  00:01     12.35    0.30    0.41
  58                   CONDUIT      26.5     0  00:01     10.59    0.34    0.52
  59                   CONDUIT     0.274     0  00:01      0.46    0.00    0.14
  61                   CONDUIT     0.154     0  00:00      1.38    0.22    0.51
  63                   CONDUIT         0     0  00:00      0.00    0.00    0.00
  66                   CONDUIT         0     0  00:00      0.00    0.00    0.00
  67                   CONDUIT      23.7     0  00:00      5.42    0.23    1.00
  Amont_L              CONDUIT      40.1     0  00:00      5.67    2.17    1.00
  69                   CONDUIT    0.0155     0  00:00      0.25    0.06    0.50
  70                   CONDUIT  9.09e-06     0  00:01      0.00    0.00    0.50
  71                   CONDUIT         0     0  00:00      0.00    0.00    0.50
  72                   CONDUIT         0     0  00:00      0.00    0.00    0.00
  Sauser_L             CONDUIT     0.192     0  00:01      0.41    0.05    0.57
  75                   CONDUIT         0     0  00:00      0.00    0.00    0.00
  Entw_Sto_L           CONDUIT  0.000111     0  00:01      0.35    0.00    0.04
  4                    CONDUIT         0     0  00:00      0.00    0.00    0.02
  5                    CONDUIT   0.00684     0  00:01      0.51    0.24    0.52
  6                    CONDUIT    0.0259     0  00:00      1.07    0.39    0.72
  7                    CONDUIT     0.177     0  00:00      1.27    0.27    1.00
  Brunn_Teich_L        CONDUIT     0.119     0  00:00      0.57    0.09    0.60
  9                    CONDUIT   0.00566     0  00:00      1.42    0.00    0.50
  12                   CONDUIT         0     0  00:00      0.00    0.00    0.00
  15                   CONDUIT      3.68     0  00:00      2.47    0.10    0.58
  18                   CONDUIT         0     0  00:00      0.00    0.00    0.08
  19                   CONDUIT         0     0  00:00      0.00    0.00    0.03
  20                   CONDUIT      7.57     0  00:00      7.57    0.60    1.00
  21                   CONDUIT         0     0  00:00      0.00    0.00    0.00
  Hooliloch_L          CONDUIT         0     0  00:00      0.00    0.00    0.00
  23                   CONDUIT         0     0  00:00      0.00    0.00    0.00
  25                   CONDUIT         0     0  00:00      0.00    0.00    0.50
  28                   CONDUIT         0     0  00:00      0.00    0.00    0.00
  29                   CONDUIT         0     0  00:00      0.00    0.00    0.01
  31                   CONDUIT         0     0  00:00      0.00    0.00    0.00
  33                   CONDUIT         0     0  00:00      0.00    0.00    0.00
  37                   CONDUIT    0.0223     0  00:01      1.25    0.00    0.01
  SS3_L                CONDUIT         0     0  00:00      0.00    0.00    0.00
  40                   CONDUIT      6.94     0  00:00      2.45    0.04    0.43
  SS6_L                CONDUIT         0     0  00:00      0.00    0.00    0.21
  1                    CONDUIT         0     0  00:00      0.00    0.00    0.00
  2                    CONDUIT         0     0  00:00      0.00    0.00    0.00
  3                    CONDUIT         0     0  00:00      0.00    0.00    0.00
  10                   CONDUIT         0     0  00:00      0.00    0.00    0.00
  13                   CONDUIT     0.159     0  00:01      2.13    0.34    0.72
  22                   CONDUIT     0.118     0  00:01      1.58    0.29    0.72
  24                   CONDUIT     0.141     0  00:00      0.39    0.00    0.50
  30                   CONDUIT   2.5e-05     0  00:00      0.00    0.00    0.50
  34                   CONDUIT    0.0226     0  00:00      0.19    0.03    0.50
  36                   CONDUIT  2.08e-05     0  00:00      0.00    0.00    0.00
  38                   CONDUIT         0     0  00:00      0.00    0.00    0.00
  48                   CONDUIT     0.476     0  00:01      2.61    0.32    0.28
  54                   CONDUIT         0     0  00:00      0.00    0.00    0.03
  68                   CONDUIT  1.93e-05     0  00:01      0.00    0.00    0.28
  73                   CONDUIT         0     0  00:00      0.00    0.00    0.00
  TWT1                 CONDUIT         0     0  00:00      0.00    0.00    0.00
  TWT2                 CONDUIT         0     0  00:00      0.00    0.00    0.00
  TWT3                 CONDUIT         0     0  00:00      0.00    0.00    0.00
  TWT4                 CONDUIT         0     0  00:00      0.00    0.00    0.04
  1_2_b_               CONDUIT         0     0  00:00      0.00    0.00    0.00
  1_2_b_2              CONDUIT  1.59e-06     0  00:01      0.00    0.00    0.32
  1_3_a_2              CONDUIT         0     0  00:00      0.00    0.00    0.04
  1_3_b_2              CONDUIT         0     0  00:00      0.00    0.00    0.04
  TWT5                 CONDUIT      25.6     0  00:00      9.21    0.03    0.15
  1_4_a                CONDUIT      22.6     0  00:00     11.84    0.10    0.41
  1_4_a_1              CONDUIT        24     0  00:00     30.69    3.19    1.00
  
  
  ***************************
  Flow Classification Summary
  ***************************
  
  -------------------------------------------------------------------------------------
                      Adjusted    ---------- Fraction of Time in Flow Class ---------- 
                       /Actual         Up    Down  Sub   Sup   Up    Down  Norm  Inlet 
  Conduit               Length    Dry  Dry   Dry   Crit  Crit  Crit  Crit  Ltd   Ctrl  
  -------------------------------------------------------------------------------------
  Brunn_Fassung_L         1.00   0.00  0.00  0.00  1.00  0.00  0.00  0.00  0.00  0.00
  11                      1.00   0.00  0.00  0.00  1.00  0.00  0.00  0.00  0.00  0.00
  14                      1.00   0.00  0.00  0.00  1.00  0.00  0.00  0.00  0.00  0.00
  16                      1.00   0.00  0.00  0.00  1.00  0.00  0.00  0.00  0.00  0.00
  17                      1.00   0.00  0.00  0.00  1.00  0.00  0.00  0.00  0.00  0.00
  26                      1.00   0.00  0.00  0.00  1.00  0.00  0.00  0.00  0.00  0.00
  27                      1.00   0.00  0.00  0.00  1.00  0.00  0.00  0.00  0.00  0.00
  Gischeren_L             1.00   1.00  0.00  0.00  0.00  0.00  0.00  0.00  0.00  0.00
  Schuettstein_L          1.00   1.00  0.00  0.00  0.00  0.00  0.00  0.00  0.00  0.00
  Brunnmuehle_L           1.00   0.00  0.00  0.00  1.00  0.00  0.00  0.00  0.00  0.00
  32                      1.00   1.00  0.00  0.00  0.00  0.00  0.00  0.00  0.00  0.00
  35                      1.00   1.00  0.00  0.00  0.00  0.00  0.00  0.00  0.00  0.00
  45                      1.00   0.00  0.00  0.00  1.00  0.00  0.00  0.00  0.00  0.00
  46                      1.00   0.00  0.00  0.00  1.00  0.00  0.00  0.00  0.00  0.00
  47                      1.00   0.00  0.00  0.00  1.00  0.00  0.00  0.00  0.00  0.00
  50                      1.00   0.00  1.00  0.00  0.00  0.00  0.00  0.00  0.00  0.00
  51                      1.00   0.00  0.00  0.00  1.00  0.00  0.00  0.00  1.00  0.00
  53                      1.00   0.00  0.00  0.00  1.00  0.00  0.00  0.00  0.00  0.00
  Fenster_L               1.00   0.00  0.00  0.00  0.00  1.00  0.00  0.00  1.00  0.00
  58                      1.00   0.00  0.00  0.00  0.00  1.00  0.00  0.00  1.00  0.00
  59                      1.00   0.00  0.00  0.00  1.00  0.00  0.00  0.00  0.00  0.00
  61                      1.00   0.00  0.00  0.00  1.00  0.00  0.00  0.00  1.00  0.00
  63                      1.00   1.00  0.00  0.00  0.00  0.00  0.00  0.00  0.00  0.00
  66                      1.00   1.00  0.00  0.00  0.00  0.00  0.00  0.00  0.00  0.00
  67                      1.00   0.00  0.00  0.00  1.00  0.00  0.00  0.00  0.00  0.00
  Amont_L                 1.00   0.00  0.00  0.00  1.00  0.00  0.00  0.00  0.00  0.00
  69                      1.00   0.00  0.00  0.00  1.00  0.00  0.00  0.00  0.00  0.00
  70                      1.00   0.00  0.00  0.00  1.00  0.00  0.00  0.00  1.00  0.00
  71                      1.00   0.00  1.00  0.00  0.00  0.00  0.00  0.00  0.00  0.00
  72                      1.00   1.00  0.00  0.00  0.00  0.00  0.00  0.00  0.00  0.00
  Sauser_L                1.00   0.00  0.00  0.00  1.00  0.00  0.00  0.00  0.00  0.00
  75                      1.00   1.00  0.00  0.00  0.00  0.00  0.00  0.00  0.00  0.00
  Entw_Sto_L              1.00   0.00  0.00  0.00  0.00  1.00  0.00  0.00  0.00  0.00
  4                       1.00   0.00  1.00  0.00  0.00  0.00  0.00  0.00  0.00  0.00
  5                       1.00   0.00  0.00  0.00  1.00  0.00  0.00  0.00  0.00  0.00
  6                       1.00   0.00  0.00  0.00  1.00  0.00  0.00  0.00  0.00  0.00
  7                       1.00   0.00  0.00  0.00  1.00  0.00  0.00  0.00  0.00  0.00
  Brunn_Teich_L           1.00   0.00  0.00  0.00  1.00  0.00  0.00  0.00  0.00  0.00
  9                       1.00   0.00  0.00  0.00  0.00  1.00  0.00  0.00  0.00  0.00
  12                      1.00   1.00  0.00  0.00  0.00  0.00  0.00  0.00  0.00  0.00
  15                      1.00   0.00  0.00  0.00  1.00  0.00  0.00  0.00  1.00  0.00
  18                      1.00   0.00  1.00  0.00  0.00  0.00  0.00  0.00  0.00  0.00
  19                      1.00   0.00  1.00  0.00  0.00  0.00  0.00  0.00  0.00  0.00
  20                      1.00   0.00  0.00  0.00  1.00  0.00  0.00  0.00  0.00  0.00
  21                      1.00   1.00  0.00  0.00  0.00  0.00  0.00  0.00  0.00  0.00
  Hooliloch_L             1.00   1.00  0.00  0.00  0.00  0.00  0.00  0.00  0.00  0.00
  23                      1.00   1.00  0.00  0.00  0.00  0.00  0.00  0.00  0.00  0.00
  25                      1.00   0.00  1.00  0.00  0.00  0.00  0.00  0.00  0.00  0.00
  28                      1.00   1.00  0.00  0.00  0.00  0.00  0.00  0.00  0.00  0.00
  29                      1.00   0.00  1.00  0.00  0.00  0.00  0.00  0.00  0.00  0.00
  31                      1.00   1.00  0.00  0.00  0.00  0.00  0.00  0.00  0.00  0.00
  33                      1.00   1.00  0.00  0.00  0.00  0.00  0.00  0.00  0.00  0.00
  37                      1.00   0.00  0.00  0.00  0.00  1.00  0.00  0.00  0.00  0.00
  SS3_L                   1.00   1.00  0.00  0.00  0.00  0.00  0.00  0.00  0.00  0.00
  40                      1.00   0.00  0.00  0.00  1.00  0.00  0.00  0.00  0.00  0.00
  SS6_L                   1.00   0.00  1.00  0.00  0.00  0.00  0.00  0.00  0.00  0.00
  1                       1.00   1.00  0.00  0.00  0.00  0.00  0.00  0.00  0.00  0.00
  2                       1.00   1.00  0.00  0.00  0.00  0.00  0.00  0.00  0.00  0.00
  3                       1.00   1.00  0.00  0.00  0.00  0.00  0.00  0.00  0.00  0.00
  10                      1.00   0.00  1.00  0.00  0.00  0.00  0.00  0.00  0.00  0.00
  13                      1.00   0.00  0.00  0.00  0.00  1.00  0.00  0.00  0.00  0.00
  22                      1.00   0.00  0.00  0.00  0.00  1.00  0.00  0.00  0.00  0.00
  24                      1.00   0.00  1.00  0.00  0.00  0.00  0.00  0.00  1.00  0.00
  30                      1.00   0.00  1.00  0.00  0.00  0.00  0.00  0.00  1.00  0.00
  34                      1.00   0.00  0.00  0.00  1.00  0.00  0.00  0.00  1.00  0.00
  36                      1.00   0.00  0.00  0.00  0.00  1.00  0.00  0.00  0.00  0.00
  38                      1.00   1.00  0.00  0.00  0.00  0.00  0.00  0.00  0.00  0.00
  48                      1.00   0.00  0.00  0.00  0.00  1.00  0.00  0.00  0.00  0.00
  54                      1.00   0.00  1.00  0.00  0.00  0.00  0.00  0.00  0.00  0.00
  68                      1.00   0.00  1.00  0.00  0.00  0.00  0.00  0.00  1.00  0.00
  73                      1.00   0.00  1.00  0.00  0.00  0.00  0.00  0.00  0.00  0.00
  TWT1                    1.00   1.00  0.00  0.00  0.00  0.00  0.00  0.00  0.00  0.00
  TWT2                    1.00   1.00  0.00  0.00  0.00  0.00  0.00  0.00  0.00  0.00
  TWT3                    1.00   1.00  0.00  0.00  0.00  0.00  0.00  0.00  0.00  0.00
  TWT4                    1.00   0.00  1.00  0.00  0.00  0.00  0.00  0.00  0.00  0.00
  1_2_b_                  1.00   1.00  0.00  0.00  0.00  0.00  0.00  0.00  0.00  0.00
  1_2_b_2                 1.00   0.00  1.00  0.00  0.00  0.00  0.00  0.00  1.00  0.00
  1_3_a_2                 1.00   0.00  1.00  0.00  0.00  0.00  0.00  0.00  0.00  0.00
  1_3_b_2                 1.00   0.00  1.00  0.00  0.00  0.00  0.00  0.00  0.00  0.00
  TWT5                    1.00   0.00  0.00  0.00  0.00  1.00  0.00  0.00  0.00  0.00
  1_4_a                   1.00   0.00  0.00  0.00  0.00  1.00  0.00  0.00  1.00  0.00
  1_4_a_1                 1.00   0.00  0.00  0.00  1.00  0.00  0.00  0.00  0.00  0.00
  
  
  *************************
  Conduit Surcharge Summary
  *************************
  
  ----------------------------------------------------------------------------
                                                           Hours        Hours 
                         --------- Hours Full --------   Above Full   Capacity
  Conduit                Both Ends  Upstream  Dnstream   Normal Flow   Limited
  ----------------------------------------------------------------------------
  Brunn_Fassung_L             0.01      0.01     24.00      0.01         0.01
  11                         23.99     23.99     23.99      0.01         0.01
  14                         23.99     23.99     24.00      0.01         0.01
  16                         24.00     24.00     24.00     23.99        23.99
  17                         24.00     24.00     24.00      0.01         0.01
  26                         23.99     24.00     23.99      0.01         0.01
  27                         23.99     23.99     23.99     23.99         0.01
  Brunnmuehle_L              24.00     24.00     24.00      0.01         0.01
  46                         24.00     24.00     24.00      0.01         0.01
  47                         24.00     24.00     24.00     24.00        24.00
  51                          0.01      0.01     24.00      0.01         0.01
  53                         24.00     24.00     24.00      0.01         0.01
  61                          0.01      0.01     23.99      0.01         0.01
  67                         23.99     23.99     24.00      0.01         0.01
  Amont_L                    24.00     24.00     24.00     24.00         0.01
  69                          0.01      0.01     24.00      0.01         0.01
  70                          0.01      0.01     24.00      0.01         0.01
  Sauser_L                    0.01      0.01     24.00      0.01         0.01
  5                           0.01      0.01     24.00      0.01         0.01
  6                           0.01      0.01     24.00      0.01         0.01
  7                          23.99     23.99     24.00      0.01         0.01
  Brunn_Teich_L               0.01      0.01     23.99      0.01         0.01
  9                           0.01      0.01     23.99      0.01         0.01
  15                          0.01      0.01     23.99      0.01         0.01
  20                         23.99     23.99     23.99      0.01         0.01
  13                          0.01      0.01     24.00      0.01         0.01
  22                          0.01      0.01     24.00      0.01         0.01
  24                          0.01      0.01     24.00      0.01         0.01
  30                          0.01      0.01     24.00      0.01         0.01
  34                          0.01      0.01     23.99      0.01         0.01
  1_4_a_1                    23.99     23.99     23.99     23.99         0.01
  

  Analysis begun on:  Thu Aug 13 10:52:34 2026
  Analysis ended on:  Thu Aug 13 10:52:36 2026
  Total elapsed time: 00:00:02