
  EPA STORM WATER MANAGEMENT MODEL - VERSION 5.2 (Build 5.2.4)
  ------------------------------------------------------------

  Brunnmuehle (Twann) 
  WARNING 08: elevation drop exceeds length for Conduit SS3_L
  WARNING 08: elevation drop exceeds length for Conduit SS6_L
  WARNING 08: elevation drop exceeds length for Conduit 2
  WARNING 08: elevation drop exceeds length for Conduit 3
  WARNING 08: elevation drop exceeds length for Conduit 68
  WARNING 08: elevation drop exceeds length for Conduit 1_2_b_
  WARNING 08: elevation drop exceeds length for Conduit 1_2_b_2
  WARNING 08: elevation drop exceeds length for Conduit 1_2_b_3
  WARNING 08: elevation drop exceeds length for Conduit 1_2_b_5
  WARNING 08: elevation drop exceeds length for Conduit 1_4_b
  WARNING 08: elevation drop exceeds length for Conduit 1_5_a
  WARNING 04: minimum elevation drop used for Conduit 1_7_a
  WARNING 08: elevation drop exceeds length for Conduit 1_7_a_
  WARNING 08: elevation drop exceeds length for Conduit 1_7_a__
  WARNING 02: maximum depth increased for Node 2
  
  ****************
  Analysis Options
  ****************
  Flow Units ............... CMS
  Process Models:
    Rainfall/Runoff ........ NO
    RDII ................... NO
    Snowmelt ............... NO
    Groundwater ............ NO
    Flow Routing ........... YES
    Ponding Allowed ........ NO
    Water Quality .......... NO
  Flow Routing Method ...... DYNWAVE
  Surcharge Method ......... EXTRAN
  Starting Date ............ 01/01/2000 00:00:00
  Ending Date .............. 01/02/2000 00:00:00
  Antecedent Dry Days ...... 0.0
  Report Time Step ......... 01:00:00
  Routing Time Step ........ 0.50 sec
  Variable Time Step ....... YES
  Maximum Trials ........... 8
  Number of Threads ........ 1
  Head Tolerance ........... 0.001500 m
  
  
  **************************        Volume        Volume
  Flow Routing Continuity        hectare-m      10^6 ltr
  **************************     ---------     ---------
  Dry Weather Inflow .......         0.000         0.000
  Wet Weather Inflow .......         0.000         0.000
  Groundwater Inflow .......         0.000         0.000
  RDII Inflow ..............         0.000         0.000
  External Inflow ..........       133.343      1333.445
  External Outflow .........       130.752      1307.534
  Flooding Loss ............         0.000         0.000
  Evaporation Loss .........         0.000         0.000
  Exfiltration Loss ........         0.000         0.000
  Initial Stored Volume ....         0.056         0.563
  Final Stored Volume ......         0.431         4.311
  Continuity Error (%) .....         1.661
  
  
  *************************
  Highest Continuity Errors
  *************************
  Node TWT_Intersection_Sonsto_60+345 (-1042.83%)
  Node 2 (-633.58%)
  Node TWT_Acces_LT_60+110 (66.77%)
  Node TWT_Fensterstollen_60+375 (11.85%)
  Node 30 (9.76%)
  
  
  ***************************
  Time-Step Critical Elements
  ***************************
  Link 1_7_a_ (12351.26%)
  Link 20 (53.56%)
  Link 1_8_a (13.73%)
  
  
  ********************************
  Highest Flow Instability Indexes
  ********************************
  All links are stable.
  
  
  *********************************
  Most Frequent Nonconverging Nodes
  *********************************
  Node Brunnm_Fassung (35.44%)
  Node Brunnmuehle(Teich) (35.44%)
  Node Fensterstollen (35.44%)
  Node Gischeren (35.44%)
  Node Schuettstein (35.44%)
  
  
  *************************
  Routing Time Step Summary
  *************************
  Minimum Time Step           :     0.50 sec
  Average Time Step           :     0.50 sec
  Maximum Time Step           :     0.50 sec
  % of Time in Steady State   :    99.20
  Average Iterations per Step :     6.91
  % of Steps Not Converging   :    35.44
  Time Step Frequencies       :
      0.500 -  0.500 sec      :   100.00 %
      0.500 -  0.500 sec      :     0.00 %
      0.500 -  0.500 sec      :     0.00 %
      0.500 -  0.500 sec      :     0.00 %
      0.500 -  0.500 sec      :     0.00 %
  
  
  ******************
  Node Depth Summary
  ******************
  
  ---------------------------------------------------------------------------------
                                 Average  Maximum  Maximum  Time of Max    Reported
                                   Depth    Depth      HGL   Occurrence   Max Depth
  Node                 Type       Meters   Meters   Meters  days hr:min      Meters
  ---------------------------------------------------------------------------------
  9                    JUNCTION    44.42    48.05   486.55     0  00:00       44.45
  Holiloch_sonde       JUNCTION    40.88    43.59   483.59     0  00:00       40.91
  11                   JUNCTION    50.01    50.89   460.89     0  00:04       50.03
  13                   JUNCTION    55.09    55.34   493.34     0  00:04       55.12
  21                   JUNCTION    41.44    42.29   442.29     0  00:04       41.45
  SonSto_F             JUNCTION     0.11     0.12   437.92     0  00:11        0.12
  Sondierstollen       JUNCTION     0.00     0.00   440.80     0  00:00        0.00
  Aval_Trappe          JUNCTION     0.34     0.35   437.95     0  00:11        0.35
  30                   JUNCTION     0.48     0.48   437.78     0  00:11        0.48
  Gischeren_node       JUNCTION     3.72     3.74   480.24     0  00:11        3.74
  34                   JUNCTION    19.88    20.56   440.56     0  00:04       19.89
  38                   JUNCTION    24.88    25.82   445.82     0  00:04       24.89
  SS6                  JUNCTION     0.07     0.07   448.07     0  00:02        0.07
  40                   JUNCTION    20.51    21.01   440.01     0  00:02       20.51
  41                   JUNCTION    55.35    55.59   493.09     0  00:04       55.38
  SondeSchuettstein    JUNCTION    21.84    23.63   482.63     0  00:01       21.86
  SS4                  JUNCTION     0.08     0.08   448.08     0  00:11        0.08
  47                   JUNCTION    14.08    15.61   480.51     0  00:01       14.10
  48                   JUNCTION     9.57    11.08   482.08     0  00:01        9.58
  SondeGischeren       JUNCTION    15.18    15.25   480.25     0  00:11       15.24
  49                   JUNCTION    13.55    15.12   481.12     0  00:02       13.57
  50                   JUNCTION     9.08     9.13   472.13     0  00:11        9.11
  51                   JUNCTION    73.40    73.65   493.65     0  00:04       73.43
  Amont_C              JUNCTION    76.66    87.47   505.47     0  00:00       76.69
  52                   JUNCTION    10.41    22.09   479.09     0  00:04       10.44
  53                   JUNCTION    22.90    24.53   491.53     0  00:10       22.98
  54                   JUNCTION    24.65    26.57   489.57     0  00:10       24.82
  56                   JUNCTION     6.15     6.25   436.25     0  00:02        6.15
  2                    JUNCTION     0.05     0.09   438.09     0  00:11        0.05
  4                    JUNCTION     8.85     9.65   437.65     0  00:00        8.86
  5                    JUNCTION     6.07     6.09   478.59     0  00:04        6.08
  6                    JUNCTION    21.72    21.79   479.79     0  00:01       21.73
  7                    JUNCTION     3.56     3.57   478.57     0  00:04        3.57
  SS3                  JUNCTION     0.05     0.05   448.05     0  00:11        0.05
  SS5                  JUNCTION     0.56     0.56   439.46     0  00:11        0.56
  8                    JUNCTION     6.29     6.33   480.33     0  00:11        6.33
  10                   JUNCTION    11.54    13.17   481.17     0  00:02       11.56
  SonSto_SS5           JUNCTION     0.11     0.11   439.41     0  00:11        0.11
  SonSto_SS3           JUNCTION     0.07     0.07   439.77     0  00:10        0.07
  SonSto_SS4           JUNCTION     0.07     0.07   439.47     0  00:11        0.07
  Amont_Trappe         JUNCTION     0.25     0.25   437.95     0  00:11        0.25
  SonSto_SS6           JUNCTION     0.11     0.12   438.82     0  00:11        0.11
  SS2                  JUNCTION     0.00     0.00   448.00     0  00:00        0.00
  SonSto_SS2           JUNCTION     0.00     0.00   441.50     0  00:00        0.00
  12                   JUNCTION    19.26    19.38   468.38     0  00:02       19.27
  14                   JUNCTION     9.01    11.35   476.35     0  00:02        9.02
  15                   JUNCTION     0.37     0.37   472.37     0  00:04        0.37
  TWT_PointHaut_60+650 JUNCTION     0.16     0.17   438.67     0  00:05        0.16
  TWT_Fensterstollen_60+375 JUNCTION     0.78     0.78   438.08     0  00:11        0.78
  TWT_Acces_LT_60+110  JUNCTION     0.59     0.60   438.10     0  00:11        0.60
  TWT_Liaison_LT_59+738 JUNCTION     0.00     0.00   446.50     0  00:00        0.00
  Syst_Est_amont       JUNCTION     0.60     0.60   430.60     0  00:11        0.60
  Syst_Est_interm      JUNCTION    19.35    23.68   433.68     0  00:10       19.49
  TWT_Branche_Est_Sonsto_60+540 JUNCTION     0.42     0.46   438.86     0  00:02        0.42
  TWT_Intersection_Sonsto_60+345 JUNCTION     0.99     1.11   438.11     0  00:10        0.99
  TWT_Chrosweg_61+140  JUNCTION     0.14     0.14   432.14     0  00:11        0.14
  SonSto_F_sup         JUNCTION     0.04     0.04   448.04     0  00:04        0.04
  SonSto_porte         JUNCTION     0.00     0.00   438.50     0  00:00        0.00
  Brunnm_Fassung       OUTFALL      0.10     0.10   433.90     0  00:04        0.10
  Brunnmuehle(Teich)   OUTFALL      0.24     0.24   435.74     0  00:04        0.24
  Fensterstollen       OUTFALL      0.44     0.45   437.45     0  00:09        0.44
  Gischeren            OUTFALL      0.17     0.17   480.17     0  00:11        0.17
  Schuettstein         OUTFALL      0.23     0.23   477.78     0  00:04        0.23
  Holiloch             OUTFALL      1.67     1.68   478.18     0  00:04        1.68
  Sauserquelle         OUTFALL      0.25     0.25   435.80     0  00:02        0.25
  Entw_Stollen         OUTFALL      0.05     0.09   436.59     0  00:11        0.05
  Sous_lacustre        OUTFALL      0.11     0.11   429.31     0  00:04        0.11
  Sous_ecoul.          OUTFALL      0.00     0.00   433.00     0  00:04        0.00
  Syst_Est_aval        OUTFALL      0.26     0.34   429.34     0  00:10        0.26
  TWT_Portail_Est_61+665 OUTFALL      0.14     0.14   421.74     0  00:11        0.14
  
  
  *******************
  Node Inflow Summary
  *******************
  
  -------------------------------------------------------------------------------------------------
                                  Maximum  Maximum                  Lateral       Total        Flow
                                  Lateral    Total  Time of Max      Inflow      Inflow     Balance
                                   Inflow   Inflow   Occurrence      Volume      Volume       Error
  Node                 Type           CMS      CMS  days hr:min    10^6 ltr    10^6 ltr     Percent
  -------------------------------------------------------------------------------------------------
  9                    JUNCTION         0     13.4     0  00:00           0         716       0.008
  Holiloch_sonde       JUNCTION         0     12.6     0  00:00           0         674       0.024
  11                   JUNCTION         0    0.264     0  00:01           0        22.4       0.002
  13                   JUNCTION         0     15.1     0  00:00           0    1.03e+03       0.028
  21                   JUNCTION         0    0.457     0  00:04           0        39.1       0.007
  SonSto_F             JUNCTION         0    0.578     0  00:11           0        49.5       0.688
  Sondierstollen       JUNCTION         0        0     0  00:00           0           0       0.000 ltr
  Aval_Trappe          JUNCTION         0     1.55     0  00:11           0         133       0.058
  30                   JUNCTION         0     5.29     0  00:11           0         455      10.821
  Gischeren_node       JUNCTION         0    0.387     0  00:10           0        30.3       0.195
  34                   JUNCTION         0     0.42     0  00:04           0        35.9       0.007
  38                   JUNCTION         0    0.252     0  00:01           0        20.9       0.010
  SS6                  JUNCTION         0    0.159     0  00:02           0        13.1       0.004
  40                   JUNCTION         0     2.32     0  00:04           0         199      -0.006
  41                   JUNCTION         0     1.84     0  00:00           0        44.3       0.070
  SondeSchuettstein    JUNCTION         0    0.751     0  00:00           0        44.3      -0.001
  SS4                  JUNCTION         0    0.129     0  00:11           0        11.1       0.034
  47                   JUNCTION         0     9.71     0  00:01           0         660      -0.003
  48                   JUNCTION         0    0.588     0  00:01           0        44.3       0.020
  SondeGischeren       JUNCTION         0    0.338     0  00:07           0        21.6       0.244
  49                   JUNCTION         0    0.999     0  00:01           0        13.2       0.909
  50                   JUNCTION         0     0.18     0  00:04           0        13.2       0.014
  51                   JUNCTION         0     28.4     0  00:00           0    1.27e+03       0.001
  Amont_C              JUNCTION      14.7     39.7     0  00:00    1.27e+03    1.27e+03       0.016
  52                   JUNCTION         0    0.268     0  00:03           0        18.3       0.120
  53                   JUNCTION         0    0.401     0  00:01           0        13.4       0.107
  54                   JUNCTION         0    0.333     0  00:10           0        13.4       0.884
  56                   JUNCTION         0    0.543     0  00:02           0        46.2      -0.003
  2                    JUNCTION         0    0.117     0  00:09           0         3.8     -86.368
  4                    JUNCTION         0    0.387     0  00:04           0          33       0.016
  5                    JUNCTION         0     8.45     0  00:01           0         660      -0.006
  6                    JUNCTION         0     10.7     0  00:00           0         674       0.018
  7                    JUNCTION         0     7.86     0  00:02           0         661       0.140
  SS3                  JUNCTION         0    0.153     0  00:11           0        13.2       0.002
  SS5                  JUNCTION         0    0.198     0  00:11           0          17       0.092
  8                    JUNCTION         0    0.566     0  00:06           0        43.6       0.200
  10                   JUNCTION         0    0.788     0  00:02           0        13.1      -0.275
  SonSto_SS5           JUNCTION         0    0.218     0  00:11           0        18.8       0.024
  SonSto_SS3           JUNCTION         0   0.0735     0  00:11           0        6.34       0.059
  SonSto_SS4           JUNCTION         0    0.203     0  00:11           0        17.4       0.014
  Amont_Trappe         JUNCTION         0    0.537     0  00:11           0        46.3       2.485
  SonSto_SS6           JUNCTION         0    0.371     0  00:11           0        31.9      -0.364
  SS2                  JUNCTION         0        0     0  00:00           0           0       0.000 ltr
  SonSto_SS2           JUNCTION         0        0     0  00:00           0           0       0.000 ltr
  12                   JUNCTION         0    0.392     0  00:00           0        27.8       0.016
  14                   JUNCTION         0     2.07     0  00:02           0         162       0.031
  15                   JUNCTION         0    0.485     0  00:04           0        41.7       0.138
  TWT_PointHaut_60+650 JUNCTION         0     0.64     0  00:03           0        47.5      -0.372
  TWT_Fensterstollen_60+375 JUNCTION         0      6.6     0  00:11           0         463      13.445
  TWT_Acces_LT_60+110  JUNCTION         0     1.91     0  00:06           0        27.7     200.935
  TWT_Liaison_LT_59+738 JUNCTION         0        0     0  00:00           0           0       0.000 ltr
  Syst_Est_amont       JUNCTION     0.735    0.735     0  00:00        63.5        63.5     108.473
  Syst_Est_interm      JUNCTION         0    0.781     0  00:04           0        30.5       1.378
  TWT_Branche_Est_Sonsto_60+540 JUNCTION         0     4.08     0  00:11           0         352       0.354
  TWT_Intersection_Sonsto_60+345 JUNCTION         0     3.92     0  00:05           0        10.3     -91.250
  TWT_Chrosweg_61+140  JUNCTION         0    0.572     0  00:07           0        47.7       2.138
  SonSto_F_sup         JUNCTION         0    0.484     0  00:04           0        41.6       0.006
  SonSto_porte         JUNCTION         0        0     0  00:00           0           0       0.000 ltr
  Brunnm_Fassung       OUTFALL          0   0.0352     0  00:04           0        2.94       0.000
  Brunnmuehle(Teich)   OUTFALL          0    0.382     0  00:04           0        32.5       0.000
  Fensterstollen       OUTFALL          0     5.03     0  00:09           0         411       0.000
  Gischeren            OUTFALL          0    0.353     0  00:11           0        30.2       0.000
  Schuettstein         OUTFALL          0    0.517     0  00:04           0        44.3       0.000
  Holiloch             OUTFALL          0     7.69     0  00:04           0         660       0.000
  Sauserquelle         OUTFALL          0    0.541     0  00:02           0        46.2       0.000
  Entw_Stollen         OUTFALL          0   0.0228     0  00:11           0       0.625       0.000
  Sous_lacustre        OUTFALL          0   0.0379     0  00:04           0        3.21       0.000
  Sous_ecoul.          OUTFALL          0  0.00618     0  00:04           0       0.517       0.000
  Syst_Est_aval        OUTFALL          0    0.593     0  00:10           0          30       0.000
  TWT_Portail_Est_61+665 OUTFALL          0    0.543     0  00:11           0        46.7       0.000
  
  
  **********************
  Node Surcharge Summary
  **********************
  
  Surcharging occurs when water rises above the top of the highest conduit.
  ---------------------------------------------------------------------
                                               Max. Height   Min. Depth
                                   Hours       Above Crown    Below Rim
  Node                 Type      Surcharged         Meters       Meters
  ---------------------------------------------------------------------
  9                    JUNCTION       23.99         46.254       51.946
  Holiloch_sonde       JUNCTION       23.99         41.688      156.412
  11                   JUNCTION       24.00         50.433       99.107
  13                   JUNCTION       23.99         52.336      344.664
  21                   JUNCTION       24.00         41.693      107.707
  34                   JUNCTION       24.00         19.964       79.436
  38                   JUNCTION       24.00         25.219      124.181
  40                   JUNCTION       24.00         17.014       78.986
  41                   JUNCTION       23.99         54.742      194.408
  SondeSchuettstein    JUNCTION       23.98         22.829        0.000
  47                   JUNCTION       23.98         13.711       84.389
  48                   JUNCTION       23.98         10.280       88.920
  SondeGischeren       JUNCTION       23.93         14.052       84.748
  49                   JUNCTION       23.96          7.123      184.877
  50                   JUNCTION       23.92          8.826      190.874
  51                   JUNCTION       24.00         69.647      326.353
  Amont_C              JUNCTION       24.00         84.467      312.533
  52                   JUNCTION       23.93         21.688       77.912
  53                   JUNCTION       23.97         19.526      175.474
  54                   JUNCTION       23.82         21.568      173.432
  56                   JUNCTION       23.99          5.246       93.754
  4                    JUNCTION       23.99          8.997       90.353
  5                    JUNCTION       23.97          1.086       43.914
  6                    JUNCTION       23.98         16.788      178.212
  8                    JUNCTION       23.83          1.333      193.667
  10                   JUNCTION       23.96          5.165      186.835
  12                   JUNCTION       23.98         19.031      180.619
  14                   JUNCTION       23.96          7.348      188.652
  Syst_Est_interm      JUNCTION       23.82         22.179       76.321
  
  
  *********************
  Node Flooding Summary
  *********************
  
  No nodes were flooded.
  
  
  ***********************
  Outfall Loading Summary
  ***********************
  
  -----------------------------------------------------------
                         Flow       Avg       Max       Total
                         Freq      Flow      Flow      Volume
  Outfall Node           Pcnt       CMS       CMS    10^6 ltr
  -----------------------------------------------------------
  Brunnm_Fassung        99.94    0.0341    0.0352       2.944
  Brunnmuehle(Teich)    99.94     0.376     0.382      32.454
  Fensterstollen        99.95      4.76      5.03     410.714
  Gischeren             99.26     0.353     0.353      30.240
  Schuettstein          99.92     0.513     0.517      44.296
  Holiloch              99.88      7.64      7.69     659.600
  Sauserquelle          99.97     0.535     0.541      46.172
  Entw_Stollen          99.93   0.00723    0.0228       0.625
  Sous_lacustre        100.00    0.0371    0.0379       3.205
  Sous_ecoul.           99.94   0.00599   0.00618       0.517
  Syst_Est_aval         99.25      0.35     0.593      30.044
  TWT_Portail_Est_61+665  99.94     0.541     0.543      46.717
  -----------------------------------------------------------
  System                99.83      15.2      15.2    1307.528
  
  
  ********************
  Link Flow Summary
  ********************
  
  -----------------------------------------------------------------------------
                                 Maximum  Time of Max   Maximum    Max/    Max/
                                  |Flow|   Occurrence   |Veloc|    Full    Full
  Link                 Type          CMS  days hr:min     m/sec    Flow   Depth
  -----------------------------------------------------------------------------
  Brunn_Fassung_L      CONDUIT    0.0352     0  00:04      1.49    0.58    0.77
  11                   CONDUIT      12.6     0  00:00      6.91    1.88    1.00
  14                   CONDUIT      13.4     0  00:00      9.86    7.27    1.00
  16                   CONDUIT     0.264     0  00:01      3.09    1.84    1.00
  17                   CONDUIT     0.253     0  00:01      0.89    0.43    1.00
  26                   CONDUIT      1.84     0  00:00      3.24    2.49    1.00
  27                   CONDUIT    0.0337     0  00:11      1.11    0.43    0.76
  Gischeren_L          CONDUIT     0.353     0  00:11      0.53    0.05    0.57
  Schuettstein_L       CONDUIT     0.517     0  00:04      3.35    0.44    0.73
  Brunnmuehle_L        CONDUIT      0.42     0  00:04      1.49    0.20    1.00
  32                   CONDUIT         0     0  00:00      0.00    0.00    0.00
  35                   CONDUIT     0.194     0  00:07      0.27    0.03    1.00
  45                   CONDUIT     0.375     0  00:11      4.86    0.00    0.04
  46                   CONDUIT     0.543     0  00:02      1.92    0.54    1.00
  47                   CONDUIT     0.118     0  00:04      3.11    7.36    1.00
  50                   CONDUIT     0.588     0  00:01      1.89    0.11    1.00
  51                   CONDUIT    0.0241     0  00:01      0.31    0.07    1.00
  53                   CONDUIT     0.252     0  00:01      1.52    1.28    1.00
  Fenster_L            CONDUIT      5.03     0  00:09      7.44    0.05    0.15
  58                   CONDUIT      1.55     0  00:11      3.02    0.02    0.14
  59                   CONDUIT     0.219     0  00:11      2.60    0.00    0.04
  61                   CONDUIT     0.751     0  00:00      3.69    1.06    1.00
  63                   CONDUIT     0.159     0  00:02      2.20    0.72    0.52
  66                   CONDUIT      0.18     0  00:04      2.72    2.37    1.00
  67                   CONDUIT      14.6     0  00:00      3.98    0.14    1.00
  Amont_L              CONDUIT      28.4     0  00:00      4.02    1.54    1.00
  69                   CONDUIT     0.268     0  00:03      2.27    1.05    1.00
  70                   CONDUIT     0.212     0  00:10      1.69    0.66    1.00
  71                   CONDUIT     0.401     0  00:01      1.78    0.71    1.00
  72                   CONDUIT     0.333     0  00:10      1.60    1.58    1.00
  Sauser_L             CONDUIT     0.541     0  00:02      1.05    0.14    0.63
  75                   CONDUIT     0.129     0  00:11      3.85    1.31    0.66
  Entw_Sto_L           CONDUIT    0.0228     0  00:11      1.72    0.53    0.52
  4                    CONDUIT    0.0281     0  00:11      1.36    1.26    0.75
  5                    CONDUIT    0.0226     0  00:11      1.09    0.80    0.76
  6                    CONDUIT    0.0379     0  00:04      1.46    0.57    0.77
  7                    CONDUIT     0.387     0  00:04      1.97    0.60    1.00
  Brunn_Teich_L        CONDUIT     0.382     0  00:04      1.58    0.29    0.68
  9                    CONDUIT   0.00618     0  00:04      1.55    0.00    0.50
  12                   CONDUIT      8.45     0  00:01      4.81    0.17    1.00
  15                   CONDUIT      10.7     0  00:00      5.18    0.28    1.00
  18                   CONDUIT      9.71     0  00:01      4.88    0.39    1.00
  19                   CONDUIT     0.999     0  00:01      1.30    0.95    1.00
  20                   CONDUIT     0.539     0  00:10      4.34    0.04    0.30
  21                   CONDUIT      7.86     0  00:02      0.89    0.05    0.86
  Hooliloch_L          CONDUIT      7.69     0  00:04      1.40    0.15    0.66
  23                   CONDUIT     0.153     0  00:11      3.52    0.96    0.59
  25                   CONDUIT     0.566     0  00:06      2.00    0.46    1.00
  28                   CONDUIT    0.0747     0  00:11      1.75    0.00    0.02
  29                   CONDUIT     0.021     0  00:11      0.62    0.00    0.03
  31                   CONDUIT     0.304     0  00:10      0.51    0.19    0.87
  33                   CONDUIT     0.788     0  00:02      0.81    0.30    1.00
  37                   CONDUIT     0.197     0  00:11      0.46    0.00    0.11
  SS3_L                CONDUIT    0.0735     0  00:11      2.52    0.00    0.03
  40                   CONDUIT     0.537     0  00:11      1.99    0.00    0.05
  SS6_L                CONDUIT     0.159     0  00:02      4.04    0.00    0.05
  1                    CONDUIT         0     0  00:00      0.00    0.00    0.01
  2                    CONDUIT         0     0  00:00      0.00    0.00    0.00
  3                    CONDUIT     0.129     0  00:11      4.80    0.01    0.08
  10                   CONDUIT     0.182     0  00:11      0.74    0.00    0.11
  13                   CONDUIT     0.392     0  00:00      4.55    0.85    1.00
  22                   CONDUIT     0.322     0  00:04      3.35    0.80    1.00
  24                   CONDUIT      2.07     0  00:02      2.98    0.00    1.00
  30                   CONDUIT      1.88     0  00:04      2.61    0.79    1.00
  34                   CONDUIT     0.485     0  00:04      2.29    0.54    0.84
  36                   CONDUIT     0.484     0  00:04      5.95    0.52    0.37
  38                   CONDUIT     0.338     0  00:07      2.64    0.13    1.00
  48                   CONDUIT     0.781     0  00:04      2.40    0.52    0.80
  54                   CONDUIT     0.593     0  00:10      0.52    0.11    0.63
  68                   CONDUIT     0.204     0  00:04      8.03    0.00    0.03
  73                   CONDUIT         0     0  00:00      0.00    0.00    0.02
  TWT1                 CONDUIT     0.543     0  00:11      2.87    0.00    0.02
  TWT2                 CONDUIT     0.572     0  00:07      3.00    0.00    0.02
  TWT3                 CONDUIT      0.64     0  00:03      1.18    0.00    0.04
  TWT4                 CONDUIT      3.81     0  00:02      3.60    0.01    0.07
  1_2_b_               CONDUIT         0     0  00:00      0.00    0.00    0.08
  1_2_b_2              CONDUIT    0.0489     0  00:04      0.64    0.02    0.54
  1_2_b_3              CONDUIT     0.465     0  00:02      2.49    0.35    1.00
  1_2_b_5              CONDUIT    0.0793     0  00:11      0.71    0.02    0.55
  TWT5                 CONDUIT      3.92     0  00:05      3.29    0.00    0.11
  1_4_a                CONDUIT      1.02     0  00:11      1.11    0.02    0.19
  TWT6                 CONDUIT      1.88     0  00:06      0.88    0.01    0.11
  1_4_b                CONDUIT         0     0  00:00      0.00    0.00    0.19
  TWT7                 CONDUIT         0     0  00:00      0.00    0.00    0.04
  1_5_a                CONDUIT         0     0  00:00      0.00    0.00    0.02
  1_7_a                CONDUIT      3.71     0  00:11      2.83    0.85    0.13
  1_7_a_               CONDUIT     0.232     0  00:04      2.64    0.02    0.50
  1_7_a__              CONDUIT      1.39     0  00:11      7.34    0.20    0.96
  1_7_a_1              CONDUIT      2.46     0  00:02     13.16   12.53    0.96
  1_8_a                CONDUIT     0.815     0  00:11      3.70    0.00    0.07
  
  
  ***************************
  Flow Classification Summary
  ***************************
  
  -------------------------------------------------------------------------------------
                      Adjusted    ---------- Fraction of Time in Flow Class ---------- 
                       /Actual         Up    Down  Sub   Sup   Up    Down  Norm  Inlet 
  Conduit               Length    Dry  Dry   Dry   Crit  Crit  Crit  Crit  Ltd   Ctrl  
  -------------------------------------------------------------------------------------
  Brunn_Fassung_L         1.00   0.00  0.00  0.00  0.00  1.00  0.00  0.00  0.00  0.00
  11                      1.00   0.00  0.00  0.00  1.00  0.00  0.00  0.00  0.00  0.00
  14                      1.00   0.00  0.00  0.00  1.00  0.00  0.00  0.00  0.00  0.00
  16                      1.00   0.00  0.00  0.00  1.00  0.00  0.00  0.00  0.00  0.00
  17                      1.00   0.00  0.00  0.00  1.00  0.00  0.00  0.00  0.00  0.00
  26                      1.00   0.00  0.00  0.00  1.00  0.00  0.00  0.00  0.00  0.00
  27                      1.00   0.00  0.00  0.00  1.00  0.00  0.00  0.00  0.01  0.00
  Gischeren_L             1.00   0.00  0.00  0.00  0.99  0.00  0.00  0.00  0.00  0.00
  Schuettstein_L          1.00   0.00  0.00  0.00  0.00  1.00  0.00  0.00  0.00  0.00
  Brunnmuehle_L           1.00   0.00  0.00  0.00  1.00  0.00  0.00  0.00  0.00  0.00
  32                      1.00   1.00  0.00  0.00  0.00  0.00  0.00  0.00  0.00  0.00
  35                      1.00   0.00  0.00  0.00  1.00  0.00  0.00  0.00  0.00  0.00
  45                      1.00   0.00  0.00  0.00  0.00  1.00  0.00  0.00  0.99  0.00
  46                      1.00   0.00  0.00  0.00  1.00  0.00  0.00  0.00  0.00  0.00
  47                      1.00   0.00  0.00  0.00  1.00  0.00  0.00  0.00  0.00  0.00
  50                      1.00   0.00  0.00  0.00  1.00  0.00  0.00  0.00  0.00  0.00
  51                      1.00   0.00  0.00  0.00  1.00  0.00  0.00  0.00  0.00  0.00
  53                      1.00   0.00  0.00  0.00  1.00  0.00  0.00  0.00  0.00  0.00
  Fenster_L               1.00   0.00  0.00  0.00  0.00  1.00  0.00  0.00  0.00  0.00
  58                      1.00   0.00  0.00  0.00  0.00  1.00  0.00  0.00  0.00  0.00
  59                      1.00   0.00  0.00  0.00  0.00  1.00  0.00  0.00  1.00  0.00
  61                      1.00   0.00  0.00  0.00  1.00  0.00  0.00  0.00  0.00  0.00
  63                      1.00   0.00  0.00  0.00  1.00  0.00  0.00  0.00  0.00  0.00
  66                      1.00   0.00  0.00  0.00  1.00  0.00  0.00  0.00  0.00  0.00
  67                      1.00   0.00  0.00  0.00  1.00  0.00  0.00  0.00  0.00  0.00
  Amont_L                 1.00   0.00  0.00  0.00  1.00  0.00  0.00  0.00  0.00  0.00
  69                      1.00   0.00  0.00  0.00  1.00  0.00  0.00  0.00  0.00  0.00
  70                      1.00   0.00  0.00  0.00  1.00  0.00  0.00  0.00  0.00  0.00
  71                      1.00   0.00  0.00  0.00  1.00  0.00  0.00  0.00  0.00  0.00
  72                      1.00   0.00  0.00  0.00  1.00  0.00  0.00  0.00  0.00  0.00
  Sauser_L                1.00   0.00  0.00  0.00  1.00  0.00  0.00  0.00  0.00  0.00
  75                      1.00   0.00  0.00  0.00  0.00  1.00  0.00  0.00  0.00  0.00
  Entw_Sto_L              1.00   0.00  0.00  0.00  0.00  1.00  0.00  0.00  1.00  0.00
  4                       1.00   0.00  0.00  0.00  0.00  1.00  0.00  0.00  0.00  0.00
  5                       1.00   0.00  0.00  0.00  0.00  1.00  0.00  0.00  0.00  0.00
  6                       1.00   0.00  0.00  0.00  0.00  1.00  0.00  0.00  0.00  0.00
  7                       1.00   0.00  0.00  0.00  1.00  0.00  0.00  0.00  0.00  0.00
  Brunn_Teich_L           1.00   0.00  0.00  0.00  1.00  0.00  0.00  0.00  0.00  0.00
  9                       1.00   0.00  0.00  0.00  0.00  1.00  0.00  0.00  0.00  0.00
  12                      1.00   0.00  0.00  0.00  1.00  0.00  0.00  0.00  0.00  0.00
  15                      1.00   0.00  0.00  0.00  1.00  0.00  0.00  0.00  0.00  0.00
  18                      1.00   0.00  0.00  0.00  1.00  0.00  0.00  0.00  0.00  0.00
  19                      1.00   0.00  0.00  0.00  1.00  0.00  0.00  0.00  0.00  0.00
  20                      1.00   0.00  0.00  0.00  0.00  1.00  0.00  0.00  0.00  0.00
  21                      1.00   0.00  0.00  0.00  1.00  0.00  0.00  0.00  0.00  0.00
  Hooliloch_L             1.00   0.00  0.00  0.00  1.00  0.00  0.00  0.00  0.00  0.00
  23                      1.00   0.00  0.00  0.00  0.00  1.00  0.00  0.00  0.00  0.00
  25                      1.00   0.00  0.00  0.00  1.00  0.00  0.00  0.00  0.00  0.00
  28                      1.00   0.00  0.00  0.00  0.00  1.00  0.00  0.00  0.00  0.00
  29                      1.00   0.00  0.00  0.00  1.00  0.00  0.00  0.00  1.00  0.00
  31                      1.00   0.00  0.00  0.00  1.00  0.00  0.00  0.00  0.00  0.00
  33                      1.00   0.00  0.00  0.00  1.00  0.00  0.00  0.00  0.00  0.00
  37                      1.00   0.00  0.00  0.00  1.00  0.00  0.00  0.00  0.00  0.00
  SS3_L                   1.00   0.00  0.00  0.00  0.00  1.00  0.00  0.00  1.00  0.00
  40                      1.00   0.00  0.00  0.00  0.99  0.01  0.00  0.00  0.00  0.00
  SS6_L                   1.00   0.00  0.00  0.00  0.00  1.00  0.00  0.00  1.00  0.00
  1                       1.00   0.00  1.00  0.00  0.00  0.00  0.00  0.00  0.00  0.00
  2                       1.00   1.00  0.00  0.00  0.00  0.00  0.00  0.00  0.00  0.00
  3                       1.00   0.00  0.00  0.00  0.00  1.00  0.00  0.00  0.00  0.00
  10                      1.00   0.00  0.00  0.00  1.00  0.00  0.00  0.00  1.00  0.00
  13                      1.00   0.00  0.00  0.00  1.00  0.00  0.00  0.00  0.00  0.00
  22                      1.00   0.00  0.00  0.00  1.00  0.00  0.00  0.00  0.00  0.00
  24                      1.00   0.00  0.00  0.00  1.00  0.00  0.00  0.00  0.00  0.00
  30                      1.00   0.00  0.00  0.00  1.00  0.00  0.00  0.00  0.00  0.00
  34                      1.00   0.00  0.00  0.00  0.00  1.00  0.00  0.00  0.00  0.00
  36                      1.00   0.00  0.00  0.00  0.00  1.00  0.00  0.00  0.00  0.00
  38                      1.00   0.00  0.00  0.00  1.00  0.00  0.00  0.00  0.00  0.00
  48                      1.00   0.00  0.00  0.00  1.00  0.00  0.00  0.00  0.00  0.00
  54                      1.00   0.00  0.01  0.00  0.99  0.00  0.00  0.00  0.00  0.00
  68                      1.00   0.00  0.00  0.00  0.00  1.00  0.00  0.00  1.00  0.00
  73                      1.00   0.00  1.00  0.00  0.00  0.00  0.00  0.00  0.00  0.00
  TWT1                    1.00   0.00  0.00  0.00  0.00  1.00  0.00  0.00  0.99  0.00
  TWT2                    1.00   0.00  0.00  0.00  0.00  1.00  0.00  0.00  0.00  0.00
  TWT3                    1.00   0.00  0.00  0.00  1.00  0.00  0.00  0.00  0.00  0.00
  TWT4                    1.00   0.00  0.00  0.00  0.00  1.00  0.00  0.00  1.00  0.00
  1_2_b_                  1.00   0.00  1.00  0.00  0.00  0.00  0.00  0.00  0.00  0.00
  1_2_b_2                 1.00   0.00  0.00  0.00  1.00  0.00  0.00  0.00  1.00  0.00
  1_2_b_3                 1.00   0.00  0.00  0.00  1.00  0.00  0.00  0.00  0.00  0.00
  1_2_b_5                 1.00   0.00  0.00  0.00  1.00  0.00  0.00  0.00  1.00  0.00
  TWT5                    1.00   0.00  0.00  0.00  1.00  0.00  0.00  0.00  0.00  0.00
  1_4_a                   1.00   0.00  0.00  0.00  1.00  0.00  0.00  0.00  0.00  0.00
  TWT6                    1.00   0.00  0.00  0.00  1.00  0.00  0.00  0.00  0.00  0.00
  1_4_b                   1.00   0.00  1.00  0.00  0.00  0.00  0.00  0.00  0.00  0.00
  TWT7                    1.00   0.00  1.00  0.00  0.00  0.00  0.00  0.00  0.00  0.00
  1_5_a                   1.00   0.00  1.00  0.00  0.00  0.00  0.00  0.00  0.00  0.00
  1_7_a                   1.00   0.00  0.00  0.00  0.00  1.00  0.00  0.00  0.00  0.00
  1_7_a_                  1.00   0.00  0.00  0.00  0.00  1.00  0.00  0.00  1.00  0.00
  1_7_a__                 1.00   0.00  0.00  0.00  0.00  1.00  0.00  0.00  0.00  0.00
  1_7_a_1                 1.00   0.00  0.00  0.00  0.00  1.00  0.00  0.00  0.00  0.00
  1_8_a                   1.00   0.00  0.00  0.00  1.00  0.00  0.00  0.00  1.00  0.00
  
  
  *************************
  Conduit Surcharge Summary
  *************************
  
  ----------------------------------------------------------------------------
                                                           Hours        Hours 
                         --------- Hours Full --------   Above Full   Capacity
  Conduit                Both Ends  Upstream  Dnstream   Normal Flow   Limited
  ----------------------------------------------------------------------------
  Brunn_Fassung_L             0.01      0.01     24.00      0.01         0.01
  11                         23.99     23.99     23.99     23.99         0.01
  14                         23.99     23.99     23.99     23.99         0.01
  16                         24.00     24.00     24.00     23.99        23.99
  17                         24.00     24.00     24.00      0.01         0.01
  26                         23.99     23.99     23.99      0.01         0.01
  27                          0.01      0.01     23.95      0.01         0.01
  Gischeren_L                 0.01      0.01     23.82      0.01         0.01
  Schuettstein_L              0.01      0.01     23.98      0.01         0.01
  Brunnmuehle_L              24.00     24.00     24.00      0.01         0.01
  35                         23.86     23.86     23.93      0.01         0.01
  46                         24.00     24.00     24.00      0.01         0.01
  47                         24.00     24.00     24.00     24.00        24.00
  50                         23.98     23.98     23.98      0.01         0.01
  51                         23.97     23.97     23.99      0.01         0.01
  53                         24.00     24.00     24.00     23.99         0.01
  61                         23.99     23.99     23.99      0.01         0.01
  63                          0.01     23.97      0.01      0.01         0.01
  66                         23.92     23.97     23.92     23.96        23.92
  67                         23.99     23.99     24.00      0.01         0.01
  Amont_L                    24.00     24.00     24.00      0.01         0.01
  69                         23.93     23.93     24.00      0.02         0.01
  70                         23.93     23.93     24.00      0.01         0.01
  71                         23.98     23.98     23.99      0.01         0.01
  72                         23.82     23.97     23.82      0.16         0.01
  Sauser_L                    0.01      0.01     24.00      0.01         0.01
  75                          0.01     23.97      0.01     23.82         0.01
  4                           0.01     23.97      0.01     23.82         0.01
  5                           0.01      0.01     24.00      0.01         0.01
  6                           0.01      0.01     24.00      0.01         0.01
  7                          23.99     23.99     24.00      0.01         0.01
  Brunn_Teich_L               0.01      0.01     23.99      0.01         0.01
  9                           0.01      0.01     23.99      0.01         0.01
  12                         23.98     23.98     23.98      0.01         0.01
  15                         23.98     23.98     23.99      0.01         0.01
  18                         23.98     23.98     23.98      0.01         0.01
  19                         23.97     23.97     23.98      0.01         0.01
  21                          0.01      0.01     23.97      0.01         0.01
  23                          0.01     23.92      0.01      0.01         0.01
  25                         23.89     23.89     23.99      0.01         0.01
  31                          0.01      0.01     23.83      0.01         0.01
  33                         23.96     23.96     23.96      0.01         0.01
  13                         23.98     23.98     24.00      0.01         0.01
  22                         23.98     23.98     24.00      0.01         0.01
  24                         23.96     23.96     24.00      0.01         0.01
  30                         23.96     23.96     24.00      0.01         0.01
  34                          0.01      0.01     23.99      0.01         0.01
  38                         23.90     23.90     23.93      0.01         0.01
  48                          0.01      0.01     23.87      0.01         0.01
  54                          0.01      0.01     23.82      0.01         0.01
  1_2_b_2                     0.01      0.01     23.92      0.01         0.01
  1_2_b_3                    23.92     23.92     24.00      0.01         0.01
  1_2_b_5                     0.01      0.01     23.92      0.01         0.01
  1_7_a__                     0.01      0.01     24.00      0.01         0.01
  1_7_a_1                     0.01      0.01     24.00     23.99         0.01
  

  Analysis begun on:  Thu Aug 20 13:10:56 2026
  Analysis ended on:  Thu Aug 20 13:10:59 2026
  Total elapsed time: 00:00:03