
  EPA STORM WATER MANAGEMENT MODEL - VERSION 5.2 (Build 5.2.4)
  ------------------------------------------------------------

  Brunnmuehle (Twann) 
  WARNING 08: elevation drop exceeds length for Conduit SS3_L
  WARNING 08: elevation drop exceeds length for Conduit SS6_L
  WARNING 08: elevation drop exceeds length for Conduit 2
  WARNING 08: elevation drop exceeds length for Conduit 3
  WARNING 08: elevation drop exceeds length for Conduit 68
  WARNING 08: elevation drop exceeds length for Conduit 1_2_b_
  WARNING 08: elevation drop exceeds length for Conduit 1_2_b_2
  WARNING 08: elevation drop exceeds length for Conduit 1_3_b_2
  WARNING 08: elevation drop exceeds length for Conduit 1_4_b
  WARNING 08: elevation drop exceeds length for Conduit 1_5_a
  WARNING 04: minimum elevation drop used for Conduit 1_7_a
  WARNING 08: elevation drop exceeds length for Conduit 1_7_a_
  WARNING 08: elevation drop exceeds length for Conduit 1_7_a__
  WARNING 08: elevation drop exceeds length for Conduit 1_7_a_4
  WARNING 02: maximum depth increased for Node 2
  
  ****************
  Analysis Options
  ****************
  Flow Units ............... CMS
  Process Models:
    Rainfall/Runoff ........ NO
    RDII ................... NO
    Snowmelt ............... NO
    Groundwater ............ NO
    Flow Routing ........... YES
    Ponding Allowed ........ NO
    Water Quality .......... NO
  Flow Routing Method ...... DYNWAVE
  Surcharge Method ......... EXTRAN
  Starting Date ............ 01/01/2000 00:00:00
  Ending Date .............. 01/02/2000 00:00:00
  Antecedent Dry Days ...... 0.0
  Report Time Step ......... 01:00:00
  Routing Time Step ........ 0.50 sec
  Variable Time Step ....... YES
  Maximum Trials ........... 8
  Number of Threads ........ 1
  Head Tolerance ........... 0.001500 m
  
  
  **************************        Volume        Volume
  Flow Routing Continuity        hectare-m      10^6 ltr
  **************************     ---------     ---------
  Dry Weather Inflow .......         0.000         0.000
  Wet Weather Inflow .......         0.000         0.000
  Groundwater Inflow .......         0.000         0.000
  RDII Inflow ..............         0.000         0.000
  External Inflow ..........       166.906      1669.074
  External Outflow .........       158.357      1583.584
  Flooding Loss ............         0.000         0.000
  Evaporation Loss .........         0.000         0.000
  Exfiltration Loss ........         0.000         0.000
  Initial Stored Volume ....         0.056         0.562
  Final Stored Volume ......         0.533         5.327
  Continuity Error (%) .....         4.835
  
  
  *************************
  Highest Continuity Errors
  *************************
  Node SonSto_F (-105.78%)
  Node TWT_Acces_LT_60+110 (86.67%)
  Node 2 (76.53%)
  Node SondeGischeren (56.96%)
  Node 54 (55.30%)
  
  
  ***************************
  Time-Step Critical Elements
  ***************************
  Link 1_4_a (18179.03%)
  Link 1_8_a (10.43%)
  Link 20 (8.75%)
  Link 1_4_a_1 (7.27%)
  
  
  ********************************
  Highest Flow Instability Indexes
  ********************************
  All links are stable.
  
  
  *********************************
  Most Frequent Nonconverging Nodes
  *********************************
  Node Brunnm_Fassung (41.41%)
  Node Brunnmuehle(Teich) (41.41%)
  Node Fensterstollen (41.41%)
  Node Gischeren (41.41%)
  Node Schuettstein (41.41%)
  
  
  *************************
  Routing Time Step Summary
  *************************
  Minimum Time Step           :     0.50 sec
  Average Time Step           :     0.50 sec
  Maximum Time Step           :     0.50 sec
  % of Time in Steady State   :    99.45
  Average Iterations per Step :     6.17
  % of Steps Not Converging   :    41.41
  Time Step Frequencies       :
      0.500 -  0.500 sec      :   100.00 %
      0.500 -  0.500 sec      :     0.00 %
      0.500 -  0.500 sec      :     0.00 %
      0.500 -  0.500 sec      :     0.00 %
      0.500 -  0.500 sec      :     0.00 %
  
  
  ******************
  Node Depth Summary
  ******************
  
  ---------------------------------------------------------------------------------
                                 Average  Maximum  Maximum  Time of Max    Reported
                                   Depth    Depth      HGL   Occurrence   Max Depth
  Node                 Type       Meters   Meters   Meters  days hr:min      Meters
  ---------------------------------------------------------------------------------
  9                    JUNCTION    40.67    44.59   483.09     0  00:00       40.70
  Holiloch_sonde       JUNCTION    38.64    43.22   483.22     0  00:00       38.67
  11                   JUNCTION    44.99    46.62   456.62     0  00:00       45.00
  13                   JUNCTION    43.99    44.03   482.03     0  00:07       44.01
  21                   JUNCTION    40.31    40.68   440.68     0  00:06       40.32
  SonSto_F             JUNCTION     0.31     0.52   438.32     0  00:07        0.31
  Sondierstollen       JUNCTION     0.00     0.00   440.80     0  00:00        0.00
  Aval_Trappe          JUNCTION     0.61     0.80   438.40     0  00:07        0.61
  30                   JUNCTION     0.74     0.75   438.05     0  00:07        0.74
  Gischeren_node       JUNCTION     0.00     0.00   476.50     0  00:00        0.00
  34                   JUNCTION    19.06    19.34   439.34     0  00:06       19.07
  38                   JUNCTION    23.02    23.33   443.33     0  00:06       23.03
  SS6                  JUNCTION     0.05     0.05   448.05     0  00:02        0.05
  40                   JUNCTION    20.30    20.30   439.30     0  00:07       20.30
  41                   JUNCTION    44.44    44.46   481.96     0  00:06       44.46
  SondeSchuettstein    JUNCTION    19.74    21.56   480.56     0  00:01       19.75
  SS4                  JUNCTION     0.06     0.06   448.06     0  00:02        0.06
  47                   JUNCTION    13.26    13.27   478.17     0  00:07       13.27
  48                   JUNCTION     7.67     9.37   480.37     0  00:01        7.68
  SondeGischeren       JUNCTION     1.21     1.21   466.21     0  00:07        1.21
  49                   JUNCTION    12.17    12.74   478.74     0  00:02       12.19
  50                   JUNCTION     0.19     0.19   463.19     0  00:07        0.19
  51                   JUNCTION    62.58    62.61   482.61     0  00:06       62.61
  Amont_C              JUNCTION    66.57    93.25   511.25     0  00:00       66.59
  52                   JUNCTION     4.45     9.43   466.43     0  00:06        4.47
  53                   JUNCTION     7.64    10.55   477.55     0  00:02        7.64
  54                   JUNCTION     2.45     2.46   465.46     0  00:07        2.46
  56                   JUNCTION     6.13     6.17   436.17     0  00:00        6.13
  2                    JUNCTION     0.51     0.52   438.52     0  00:07        0.52
  4                    JUNCTION     8.67     9.14   437.14     0  00:00        8.68
  5                    JUNCTION     5.55     5.56   478.06     0  00:07        5.56
  6                    JUNCTION    20.32    20.36   478.36     0  00:07       20.34
  7                    JUNCTION     3.05     3.06   478.06     0  00:07        3.06
  SS3                  JUNCTION     0.06     0.06   448.06     0  00:07        0.06
  SS5                  JUNCTION     0.52     0.52   439.42     0  00:07        0.52
  8                    JUNCTION     0.19     0.19   474.19     0  00:07        0.19
  10                   JUNCTION    10.18    10.77   478.77     0  00:02       10.20
  SonSto_SS5           JUNCTION     0.09     0.09   439.39     0  00:07        0.09
  SonSto_SS3           JUNCTION     0.08     0.08   439.78     0  00:07        0.08
  SonSto_SS4           JUNCTION     0.07     0.07   439.47     0  00:07        0.07
  Amont_Trappe         JUNCTION     0.45     0.76   438.46     0  00:07        0.45
  SonSto_SS6           JUNCTION     0.09     0.09   438.79     0  00:07        0.09
  SS2                  JUNCTION     0.00     0.00   448.00     0  00:00        0.00
  SonSto_SS2           JUNCTION     0.00     0.00   441.50     0  00:00        0.00
  12                   JUNCTION    13.38    13.40   462.40     0  00:06       13.39
  14                   JUNCTION     2.14     2.14   467.14     0  00:07        2.14
  15                   JUNCTION     0.31     0.31   472.31     0  00:07        0.31
  TWT_PointHaut_60+650 JUNCTION     0.11     0.11   438.61     0  00:07        0.11
  TWT_Fensterstollen_60+375 JUNCTION     1.01     1.09   438.39     0  00:07        1.01
  TWT_Acces_LT_60+110  JUNCTION     1.01     1.02   438.52     0  00:07        1.02
  TWT_Liaison_LT_59+738 JUNCTION     0.00     0.00   446.50     0  00:00        0.00
  Syst_Est_amont       JUNCTION     0.57     0.60   430.60     0  00:03        0.57
  Syst_Est_interm      JUNCTION    19.56    34.93   444.93     0  00:07       19.67
  TWT_Branche_Est_Sonsto_60+540 JUNCTION     0.40     0.40   438.80     0  00:02        0.40
  TWT_Intersection_Sonsto_60+345 JUNCTION     1.44     1.44   438.44     0  00:07        1.44
  TWT_Chrosweg_61+140  JUNCTION     0.09     0.09   432.09     0  00:07        0.09
  SonSto_F_sup         JUNCTION     0.04     0.04   448.04     0  00:07        0.04
  SonSto_porte         JUNCTION     0.00     0.00   438.50     0  00:07        0.00
  Brunnm_Fassung       OUTFALL      0.10     0.10   433.90     0  00:06        0.10
  Brunnmuehle(Teich)   OUTFALL      0.22     0.22   435.72     0  00:06        0.22
  Fensterstollen       OUTFALL      0.71     0.71   437.71     0  00:07        0.71
  Gischeren            OUTFALL      0.00     0.00   480.00     0  00:00        0.00
  Schuettstein         OUTFALL      0.16     0.17   477.72     0  00:01        0.16
  Holiloch             OUTFALL      1.29     1.30   477.80     0  00:07        1.30
  Sauserquelle         OUTFALL      0.24     0.25   435.80     0  00:07        0.25
  Entw_Stollen         OUTFALL      0.18     0.18   436.68     0  00:06        0.18
  Sous_lacustre        OUTFALL      0.10     0.10   429.30     0  00:06        0.10
  Sous_ecoul.          OUTFALL      0.00     0.00   433.00     0  00:06        0.00
  Syst_Est_aval        OUTFALL      0.38     0.40   429.40     0  00:07        0.38
  TWT_Portail_Est_61+665 OUTFALL      0.08     0.08   421.68     0  00:07        0.08
  
  
  *******************
  Node Inflow Summary
  *******************
  
  -------------------------------------------------------------------------------------------------
                                  Maximum  Maximum                  Lateral       Total        Flow
                                  Lateral    Total  Time of Max      Inflow      Inflow     Balance
                                   Inflow   Inflow   Occurrence      Volume      Volume       Error
  Node                 Type           CMS      CMS  days hr:min    10^6 ltr    10^6 ltr     Percent
  -------------------------------------------------------------------------------------------------
  9                    JUNCTION         0     12.4     0  00:00           0         377       0.035
  Holiloch_sonde       JUNCTION         0     11.1     0  00:00           0         346       0.030
  11                   JUNCTION         0    0.238     0  00:05           0        20.4       0.004
  13                   JUNCTION         0     18.3     0  00:00           0    1.41e+03       0.007
  21                   JUNCTION         0    0.406     0  00:07           0          35       0.003
  SonSto_F             JUNCTION         0     1.29     0  00:07           0        32.8     -51.405
  Sondierstollen       JUNCTION         0        0     0  00:00           0           0       0.000 ltr
  Aval_Trappe          JUNCTION         0     7.57     0  00:07           0         572      -0.513
  30                   JUNCTION         0     12.1     0  00:07           0    1.04e+03      -1.829
  Gischeren_node       JUNCTION         0        0     0  00:00           0           0       0.000 ltr
  34                   JUNCTION         0    0.371     0  00:06           0          32       0.003
  38                   JUNCTION         0    0.227     0  00:00           0        18.6      -0.011
  SS6                  JUNCTION         0    0.148     0  00:02           0        12.6      -0.000
  40                   JUNCTION         0     1.68     0  00:07           0         145       0.010
  41                   JUNCTION         0     3.06     0  00:00           0        22.9       0.120
  SondeSchuettstein    JUNCTION         0    0.556     0  00:00           0        22.9      -0.000
  SS4                  JUNCTION         0   0.0827     0  00:07           0        7.14       0.053
  47                   JUNCTION         0     6.78     0  00:01           0         333       0.070
  48                   JUNCTION         0    0.411     0  00:01           0        22.9       0.048
  SondeGischeren       JUNCTION         0    0.206     0  00:07           0        17.8     132.351
  49                   JUNCTION         0    0.867     0  00:02           0        12.6      -0.428
  50                   JUNCTION         0   0.0887     0  00:07           0        7.65       0.859
  51                   JUNCTION         0       34     0  00:00           0    1.59e+03       0.003
  Amont_C              JUNCTION      18.4     43.2     0  00:00    1.59e+03    1.59e+03       0.017
  52                   JUNCTION         0    0.224     0  00:05           0        16.5       0.137
  53                   JUNCTION         0    0.279     0  00:01           0        20.4       0.041
  54                   JUNCTION         0    0.237     0  00:07           0        20.4     123.730
  56                   JUNCTION         0    0.518     0  00:07           0        44.8       0.002
  2                    JUNCTION         0    0.617     0  00:05           0        18.1     325.987
  4                    JUNCTION         0    0.341     0  00:06           0        29.3       0.019
  5                    JUNCTION         0     5.32     0  00:01           0         333       0.098
  6                    JUNCTION         0     8.09     0  00:00           0         345      -0.000
  7                    JUNCTION         0     4.47     0  00:03           0         332       0.085
  SS3                  JUNCTION         0    0.088     0  00:07           0        7.58       0.128
  SS5                  JUNCTION         0    0.152     0  00:07           0        13.1       0.294
  8                    JUNCTION         0    0.206     0  00:06           0        17.8       0.044
  10                   JUNCTION         0    0.621     0  00:02           0        12.7       1.114
  SonSto_SS5           JUNCTION         0    0.145     0  00:07           0        12.5       0.221
  SonSto_SS3           JUNCTION         0   0.0878     0  00:07           0        7.57       0.613
  SonSto_SS4           JUNCTION         0     0.17     0  00:07           0        14.7       0.114
  Amont_Trappe         JUNCTION         0     1.55     0  00:06           0        63.5      -0.004
  SonSto_SS6           JUNCTION         0    0.224     0  00:07           0        19.3       0.148
  SS2                  JUNCTION         0        0     0  00:00           0           0       0.000 ltr
  SonSto_SS2           JUNCTION         0        0     0  00:00           0           0       0.000 ltr
  12                   JUNCTION         0    0.333     0  00:00           0        24.9       0.013
  14                   JUNCTION         0     1.26     0  00:07           0         109       0.051
  15                   JUNCTION         0    0.365     0  00:07           0        31.5       0.045
  TWT_PointHaut_60+650 JUNCTION         0     1.07     0  00:07           0        40.5      -1.435
  TWT_Fensterstollen_60+375 JUNCTION         0     9.75     0  00:07           0         823     -15.255
  TWT_Acces_LT_60+110  JUNCTION         0     4.57     0  00:04           0         107     649.992
  TWT_Liaison_LT_59+738 JUNCTION         0        0     0  00:00           0           0       0.000 ltr
  Syst_Est_amont       JUNCTION      0.92     0.92     0  00:00        79.5        79.5      67.624
  Syst_Est_interm      JUNCTION         0     1.13     0  00:04           0        63.9       0.673
  TWT_Branche_Est_Sonsto_60+540 JUNCTION         0     3.57     0  00:07           0         308       0.057
  TWT_Intersection_Sonsto_60+345 JUNCTION         0     7.78     0  00:01           0         606      25.739
  TWT_Chrosweg_61+140  JUNCTION         0    0.286     0  00:07           0        24.6      23.931
  SonSto_F_sup         JUNCTION         0    0.365     0  00:07           0        31.5       0.002
  SonSto_porte         JUNCTION         0  0.00138     0  00:07           0       0.119     895.273
  Brunnm_Fassung       OUTFALL          0   0.0314     0  00:06           0        2.68       0.000
  Brunnmuehle(Teich)   OUTFALL          0    0.336     0  00:06           0        28.8       0.000
  Fensterstollen       OUTFALL          0     12.3     0  00:07           0    1.06e+03       0.000
  Gischeren            OUTFALL          0        0     0  00:00           0           0       0.000 ltr
  Schuettstein         OUTFALL          0     0.28     0  00:01           0        22.9       0.000
  Holiloch             OUTFALL          0     3.85     0  00:07           0         332       0.000
  Sauserquelle         OUTFALL          0    0.518     0  00:07           0        44.8       0.000
  Entw_Stollen         OUTFALL          0   0.0478     0  00:07           0        4.12       0.000
  Sous_lacustre        OUTFALL          0   0.0351     0  00:06           0        3.01       0.000
  Sous_ecoul.          OUTFALL          0  0.00592     0  00:06           0       0.505       0.000
  Syst_Est_aval        OUTFALL          0    0.815     0  00:07           0        63.5       0.000
  TWT_Portail_Est_61+665 OUTFALL          0    0.231     0  00:07           0        19.9       0.000
  
  
  **********************
  Node Surcharge Summary
  **********************
  
  Surcharging occurs when water rises above the top of the highest conduit.
  ---------------------------------------------------------------------
                                               Max. Height   Min. Depth
                                   Hours       Above Crown    Below Rim
  Node                 Type      Surcharged         Meters       Meters
  ---------------------------------------------------------------------
  9                    JUNCTION       23.99         42.787       55.413
  Holiloch_sonde       JUNCTION       23.99         41.318      156.782
  11                   JUNCTION       24.00         46.164      103.376
  13                   JUNCTION       23.99         41.028      355.972
  21                   JUNCTION       24.00         40.083      109.317
  34                   JUNCTION       24.00         18.736       80.664
  38                   JUNCTION       24.00         22.734      126.666
  40                   JUNCTION       24.00         16.299       79.701
  41                   JUNCTION       23.99         43.611      205.539
  SondeSchuettstein    JUNCTION       23.98         20.759        0.000
  47                   JUNCTION       23.98         11.372       86.728
  48                   JUNCTION       23.98          8.568       90.632
  SondeGischeren       JUNCTION       23.87          0.014       98.786
  49                   JUNCTION       23.95          4.742      187.258
  51                   JUNCTION       24.00         58.614      337.386
  Amont_C              JUNCTION       24.00         90.251      306.749
  52                   JUNCTION       23.89          9.028       90.572
  53                   JUNCTION       23.96          5.547      189.453
  56                   JUNCTION       23.99          5.168       93.832
  4                    JUNCTION       23.99          8.494       90.856
  5                    JUNCTION       23.95          0.560       44.440
  6                    JUNCTION       23.98         15.362      179.638
  10                   JUNCTION       23.95          2.771      189.229
  12                   JUNCTION       23.98         13.049      186.601
  Syst_Est_interm      JUNCTION       23.87         33.425       65.075
  
  
  *********************
  Node Flooding Summary
  *********************
  
  No nodes were flooded.
  
  
  ***********************
  Outfall Loading Summary
  ***********************
  
  -----------------------------------------------------------
                         Flow       Avg       Max       Total
                         Freq      Flow      Flow      Volume
  Outfall Node           Pcnt       CMS       CMS    10^6 ltr
  -----------------------------------------------------------
  Brunnm_Fassung        99.95     0.031    0.0314       2.679
  Brunnmuehle(Teich)    99.95     0.334     0.336      28.836
  Fensterstollen        99.97      12.3      12.3    1061.462
  Gischeren              0.00         0         0       0.000
  Schuettstein          99.91     0.265      0.28      22.854
  Holiloch              99.84      3.85      3.85     332.000
  Sauserquelle          99.97     0.518     0.518      44.767
  Entw_Stollen          99.94    0.0477    0.0478       4.119
  Sous_lacustre        100.00    0.0348    0.0351       3.008
  Sous_ecoul.           99.95   0.00585   0.00592       0.505
  Syst_Est_aval         99.45     0.739     0.815      63.475
  TWT_Portail_Est_61+665  99.94      0.23     0.231      19.872
  -----------------------------------------------------------
  System                91.57      18.3      18.4    1583.576
  
  
  ********************
  Link Flow Summary
  ********************
  
  -----------------------------------------------------------------------------
                                 Maximum  Time of Max   Maximum    Max/    Max/
                                  |Flow|   Occurrence   |Veloc|    Full    Full
  Link                 Type          CMS  days hr:min     m/sec    Flow   Depth
  -----------------------------------------------------------------------------
  Brunn_Fassung_L      CONDUIT    0.0314     0  00:06      1.37    0.52    0.76
  11                   CONDUIT      11.1     0  00:00      6.41    1.66    1.00
  14                   CONDUIT      12.4     0  00:00      8.31    6.77    1.00
  16                   CONDUIT     0.238     0  00:05      2.78    1.66    1.00
  17                   CONDUIT     0.227     0  00:00      0.80    0.39    1.00
  26                   CONDUIT      3.06     0  00:00      5.39    4.14    1.00
  27                   CONDUIT    0.0726     0  00:07      1.91    0.93    1.00
  Gischeren_L          CONDUIT         0     0  00:00      0.00    0.00    0.00
  Schuettstein_L       CONDUIT      0.28     0  00:01      2.01    0.24    0.67
  Brunnmuehle_L        CONDUIT     0.371     0  00:06      1.31    0.18    1.00
  32                   CONDUIT         0     0  00:00      0.00    0.00    0.00
  35                   CONDUIT         0     0  00:00      0.00    0.00    0.50
  45                   CONDUIT     0.223     0  00:07      2.76    0.00    0.10
  46                   CONDUIT     0.518     0  00:07      1.83    0.52    1.00
  47                   CONDUIT     0.106     0  00:06      2.78    6.58    1.00
  50                   CONDUIT     0.411     0  00:01      1.33    0.08    1.00
  51                   CONDUIT    0.0268     0  00:02      0.28    0.08    1.00
  53                   CONDUIT     0.227     0  00:00      1.36    1.15    1.00
  Fenster_L            CONDUIT      12.3     0  00:07      9.33    0.12    0.24
  58                   CONDUIT      6.79     0  00:07      6.61    0.09    0.24
  59                   CONDUIT     0.144     0  00:07      2.37    0.00    0.03
  61                   CONDUIT     0.556     0  00:00      2.73    0.78    1.00
  63                   CONDUIT     0.148     0  00:02      2.06    0.66    0.51
  66                   CONDUIT    0.0887     0  00:07      1.45    1.17    0.82
  67                   CONDUIT      18.3     0  00:00      4.86    0.18    1.00
  Amont_L              CONDUIT        34     0  00:00      4.80    1.84    1.00
  69                   CONDUIT     0.224     0  00:05      1.89    0.88    1.00
  70                   CONDUIT     0.191     0  00:07      1.52    0.59    1.00
  71                   CONDUIT     0.279     0  00:01      1.24    0.49    1.00
  72                   CONDUIT     0.237     0  00:07      1.26    1.12    0.75
  Sauser_L             CONDUIT     0.518     0  00:07      1.01    0.13    0.62
  75                   CONDUIT    0.0827     0  00:07      2.80    0.84    0.63
  Entw_Sto_L           CONDUIT    0.0478     0  00:07      1.88    1.11    1.00
  4                    CONDUIT    0.0245     0  00:05      1.31    1.09    1.00
  5                    CONDUIT     0.023     0  00:05      0.96    0.82    1.00
  6                    CONDUIT    0.0351     0  00:06      1.37    0.53    0.76
  7                    CONDUIT     0.341     0  00:06      1.74    0.53    1.00
  Brunn_Teich_L        CONDUIT     0.336     0  00:06      1.42    0.26    0.67
  9                    CONDUIT   0.00592     0  00:06      1.49    0.00    0.50
  12                   CONDUIT      5.32     0  00:01      3.26    0.11    1.00
  15                   CONDUIT      8.09     0  00:00      4.54    0.21    1.00
  18                   CONDUIT      6.78     0  00:01      3.70    0.27    1.00
  19                   CONDUIT     0.867     0  00:02      1.18    0.82    1.00
  20                   CONDUIT      1.22     0  00:07      2.69    0.10    0.77
  21                   CONDUIT      4.47     0  00:03      0.54    0.03    0.81
  Hooliloch_L          CONDUIT      3.85     0  00:07      1.02    0.08    0.54
  23                   CONDUIT     0.088     0  00:07      3.13    0.55    0.42
  25                   CONDUIT     0.206     0  00:06      1.28    0.17    0.54
  28                   CONDUIT    0.0873     0  00:07      1.91    0.00    0.02
  29                   CONDUIT    0.0175     0  00:07      0.66    0.00    0.03
  31                   CONDUIT         0     0  00:00      0.00    0.00    0.02
  33                   CONDUIT     0.621     0  00:02      0.77    0.24    1.00
  37                   CONDUIT     0.127     0  00:07      0.34    0.00    0.10
  SS3_L                CONDUIT    0.0878     0  00:07      2.66    0.00    0.03
  40                   CONDUIT      1.52     0  00:05      1.32    0.01    0.15
  SS6_L                CONDUIT    0.0805     0  00:02      3.25    0.00    0.04
  1                    CONDUIT         0     0  00:00      0.00    0.00    0.01
  2                    CONDUIT         0     0  00:00      0.00    0.00    0.00
  3                    CONDUIT    0.0827     0  00:07      4.31    0.01    0.06
  10                   CONDUIT     0.152     0  00:07      0.79    0.00    0.10
  13                   CONDUIT     0.333     0  00:00      3.80    0.72    1.00
  22                   CONDUIT     0.288     0  00:06      3.00    0.71    1.00
  24                   CONDUIT      1.26     0  00:07      2.29    0.00    0.77
  30                   CONDUIT      1.26     0  00:07      2.28    0.53    0.77
  34                   CONDUIT     0.365     0  00:07      1.83    0.41    0.78
  36                   CONDUIT     0.365     0  00:07      5.69    0.39    0.31
  38                   CONDUIT     0.206     0  00:07      2.40    0.08    0.59
  48                   CONDUIT     0.974     0  00:04      2.53    0.65    0.79
  54                   CONDUIT     0.815     0  00:07      0.71    0.15    0.63
  68                   CONDUIT     0.157     0  00:07      7.39    0.00    0.09
  73                   CONDUIT   0.00138     0  00:07      0.01    0.00    0.13
  TWT1                 CONDUIT     0.231     0  00:07      2.39    0.00    0.01
  TWT2                 CONDUIT     0.286     0  00:07      2.38    0.00    0.01
  TWT3                 CONDUIT      0.47     0  00:05      0.98    0.00    0.03
  TWT4                 CONDUIT      3.15     0  00:02      1.74    0.00    0.09
  1_2_b_               CONDUIT         0     0  00:00      0.00    0.00    0.07
  1_2_b_1              CONDUIT      2.05     0  00:06     12.64    7.90    1.00
  1_2_b_2              CONDUIT    0.0363     0  00:07      0.34    0.01    0.54
  1_3_b_2              CONDUIT       0.6     0  00:07      4.75    0.36    0.61
  TWT5                 CONDUIT      4.56     0  00:07      1.40    0.01    0.15
  1_4_a                CONDUIT       7.3     0  00:07      4.44    0.11    0.31
  1_4_a_1              CONDUIT      7.04     0  00:05     44.95    9.44    1.00
  TWT6                 CONDUIT      4.57     0  00:04      1.35    0.01    0.15
  1_4_b                CONDUIT  0.000139     0  00:07      0.00    0.00    0.24
  TWT7                 CONDUIT         0     0  00:00      0.00    0.00    0.06
  1_5_a                CONDUIT         0     0  00:00      0.00    0.00    0.13
  1_7_a                CONDUIT      6.78     0  00:07      3.29    1.54    0.18
  1_7_a_               CONDUIT     0.172     0  00:07      2.11    0.01    0.43
  1_7_a__              CONDUIT      1.16     0  00:07      6.27    0.17    0.90
  1_7_a_1              CONDUIT      2.17     0  00:07     11.70   11.05    0.90
  1_7_a_4              CONDUIT    0.0675     0  00:02      0.80    0.02    0.45
  1_8_a                CONDUIT     0.573     0  00:05      5.11    0.00    0.15
  
  
  ***************************
  Flow Classification Summary
  ***************************
  
  -------------------------------------------------------------------------------------
                      Adjusted    ---------- Fraction of Time in Flow Class ---------- 
                       /Actual         Up    Down  Sub   Sup   Up    Down  Norm  Inlet 
  Conduit               Length    Dry  Dry   Dry   Crit  Crit  Crit  Crit  Ltd   Ctrl  
  -------------------------------------------------------------------------------------
  Brunn_Fassung_L         1.00   0.00  0.00  0.00  0.00  1.00  0.00  0.00  0.00  0.00
  11                      1.00   0.00  0.00  0.00  1.00  0.00  0.00  0.00  0.00  0.00
  14                      1.00   0.00  0.00  0.00  1.00  0.00  0.00  0.00  0.00  0.00
  16                      1.00   0.00  0.00  0.00  1.00  0.00  0.00  0.00  0.00  0.00
  17                      1.00   0.00  0.00  0.00  1.00  0.00  0.00  0.00  0.00  0.00
  26                      1.00   0.00  0.00  0.00  1.00  0.00  0.00  0.00  0.00  0.00
  27                      1.00   0.00  0.00  0.00  1.00  0.00  0.00  0.00  0.00  0.00
  Gischeren_L             1.00   1.00  0.00  0.00  0.00  0.00  0.00  0.00  0.00  0.00
  Schuettstein_L          1.00   0.00  0.00  0.00  0.00  1.00  0.00  0.00  0.00  0.00
  Brunnmuehle_L           1.00   0.00  0.00  0.00  1.00  0.00  0.00  0.00  0.00  0.00
  32                      1.00   1.00  0.00  0.00  0.00  0.00  0.00  0.00  0.00  0.00
  35                      1.00   0.00  1.00  0.00  0.00  0.00  0.00  0.00  0.00  0.00
  45                      1.00   0.00  0.00  0.00  1.00  0.00  0.00  0.00  1.00  0.00
  46                      1.00   0.00  0.00  0.00  1.00  0.00  0.00  0.00  0.00  0.00
  47                      1.00   0.00  0.00  0.00  1.00  0.00  0.00  0.00  0.00  0.00
  50                      1.00   0.00  0.00  0.00  1.00  0.00  0.00  0.00  0.00  0.00
  51                      1.00   0.00  0.00  0.00  1.00  0.00  0.00  0.00  0.00  0.00
  53                      1.00   0.00  0.00  0.00  1.00  0.00  0.00  0.00  0.00  0.00
  Fenster_L               1.00   0.00  0.00  0.00  0.00  1.00  0.00  0.00  0.00  0.00
  58                      1.00   0.00  0.00  0.00  0.00  1.00  0.00  0.00  0.00  0.00
  59                      1.00   0.00  0.00  0.00  0.00  1.00  0.00  0.00  1.00  0.00
  61                      1.00   0.00  0.00  0.00  1.00  0.00  0.00  0.00  0.00  0.00
  63                      1.00   0.00  0.00  0.00  1.00  0.00  0.00  0.00  0.00  0.00
  66                      1.00   0.00  0.00  0.00  1.00  0.00  0.00  0.00  0.00  0.00
  67                      1.00   0.00  0.00  0.00  1.00  0.00  0.00  0.00  0.00  0.00
  Amont_L                 1.00   0.00  0.00  0.00  1.00  0.00  0.00  0.00  0.00  0.00
  69                      1.00   0.00  0.00  0.00  1.00  0.00  0.00  0.00  0.00  0.00
  70                      1.00   0.00  0.00  0.00  1.00  0.00  0.00  0.00  0.00  0.00
  71                      1.00   0.00  0.00  0.00  1.00  0.00  0.00  0.00  0.00  0.00
  72                      1.00   0.00  0.00  0.00  1.00  0.00  0.00  0.00  0.00  0.00
  Sauser_L                1.00   0.00  0.00  0.00  1.00  0.00  0.00  0.00  0.00  0.00
  75                      1.00   0.00  0.00  0.00  0.00  1.00  0.00  0.00  0.00  0.00
  Entw_Sto_L              1.00   0.00  0.00  0.00  1.00  0.00  0.00  0.00  0.00  0.00
  4                       1.00   0.00  0.00  0.00  1.00  0.00  0.00  0.00  0.00  0.00
  5                       1.00   0.00  0.00  0.00  1.00  0.00  0.00  0.00  0.00  0.00
  6                       1.00   0.00  0.00  0.00  0.00  1.00  0.00  0.00  0.00  0.00
  7                       1.00   0.00  0.00  0.00  1.00  0.00  0.00  0.00  0.00  0.00
  Brunn_Teich_L           1.00   0.00  0.00  0.00  1.00  0.00  0.00  0.00  0.00  0.00
  9                       1.00   0.00  0.00  0.00  0.00  1.00  0.00  0.00  0.00  0.00
  12                      1.00   0.00  0.00  0.00  1.00  0.00  0.00  0.00  0.00  0.00
  15                      1.00   0.00  0.00  0.00  1.00  0.00  0.00  0.00  0.00  0.00
  18                      1.00   0.00  0.00  0.00  1.00  0.00  0.00  0.00  0.00  0.00
  19                      1.00   0.00  0.00  0.00  1.00  0.00  0.00  0.00  0.00  0.00
  20                      1.00   0.00  0.00  0.00  1.00  0.00  0.00  0.00  0.00  0.00
  21                      1.00   0.00  0.00  0.00  1.00  0.00  0.00  0.00  0.00  0.00
  Hooliloch_L             1.00   0.00  0.00  0.00  1.00  0.00  0.00  0.00  0.00  0.00
  23                      1.00   0.00  0.00  0.00  0.00  1.00  0.00  0.00  0.00  0.00
  25                      1.00   0.00  0.00  0.00  1.00  0.00  0.00  0.00  0.00  0.00
  28                      1.00   0.00  0.00  0.00  0.00  1.00  0.00  0.00  0.00  0.00
  29                      1.00   0.00  0.00  0.00  1.00  0.00  0.00  0.00  1.00  0.00
  31                      1.00   0.00  1.00  0.00  0.00  0.00  0.00  0.00  0.00  0.00
  33                      1.00   0.00  0.00  0.00  1.00  0.00  0.00  0.00  0.00  0.00
  37                      1.00   0.00  0.00  0.00  1.00  0.00  0.00  0.00  0.00  0.00
  SS3_L                   1.00   0.00  0.00  0.00  0.00  1.00  0.00  0.00  1.00  0.00
  40                      1.00   0.00  0.00  0.00  1.00  0.00  0.00  0.00  0.00  0.00
  SS6_L                   1.00   0.00  0.00  0.00  0.00  1.00  0.00  0.00  1.00  0.00
  1                       1.00   0.00  1.00  0.00  0.00  0.00  0.00  0.00  0.00  0.00
  2                       1.00   1.00  0.00  0.00  0.00  0.00  0.00  0.00  0.00  0.00
  3                       1.00   0.00  0.00  0.00  0.00  1.00  0.00  0.00  1.00  0.00
  10                      1.00   0.00  0.00  0.00  1.00  0.00  0.00  0.00  1.00  0.00
  13                      1.00   0.00  0.00  0.00  1.00  0.00  0.00  0.00  0.00  0.00
  22                      1.00   0.00  0.00  0.00  1.00  0.00  0.00  0.00  0.00  0.00
  24                      1.00   0.00  0.00  0.00  1.00  0.00  0.00  0.00  0.00  0.00
  30                      1.00   0.00  0.00  0.00  1.00  0.00  0.00  0.00  1.00  0.00
  34                      1.00   0.00  0.00  0.00  1.00  0.00  0.00  0.00  0.00  0.00
  36                      1.00   0.00  0.00  0.00  0.00  1.00  0.00  0.00  0.00  0.00
  38                      1.00   0.00  0.00  0.00  1.00  0.00  0.00  0.00  1.00  0.00
  48                      1.00   0.00  0.00  0.00  1.00  0.00  0.00  0.00  0.00  0.00
  54                      1.00   0.00  0.01  0.00  0.99  0.00  0.00  0.00  0.00  0.00
  68                      1.00   0.00  0.00  0.00  1.00  0.00  0.00  0.00  1.00  0.00
  73                      1.00   0.00  0.01  0.00  0.99  0.00  0.00  0.00  0.00  0.00
  TWT1                    1.00   0.00  0.00  0.00  0.00  1.00  0.00  0.00  0.00  0.00
  TWT2                    1.00   0.00  0.00  0.00  0.00  1.00  0.00  0.00  0.00  0.00
  TWT3                    1.00   0.00  0.00  0.00  1.00  0.00  0.00  0.00  0.00  0.00
  TWT4                    1.00   0.00  0.00  0.00  1.00  0.00  0.00  0.00  1.00  0.00
  1_2_b_                  1.00   0.00  1.00  0.00  0.00  0.00  0.00  0.00  0.00  0.00
  1_2_b_1                 1.00   0.00  0.00  0.00  1.00  0.00  0.00  0.00  0.00  0.00
  1_2_b_2                 1.00   0.00  0.00  0.00  1.00  0.00  0.00  0.00  1.00  0.00
  1_3_b_2                 1.00   0.00  0.00  0.00  1.00  0.00  0.00  0.00  1.00  0.00
  TWT5                    1.00   0.00  0.00  0.00  1.00  0.00  0.00  0.00  0.00  0.00
  1_4_a                   1.00   0.00  0.00  0.00  0.00  1.00  0.00  0.00  0.00  0.00
  1_4_a_1                 1.00   0.00  0.00  0.00  1.00  0.00  0.00  0.00  0.00  0.00
  TWT6                    1.00   0.00  0.00  0.00  1.00  0.00  0.00  0.00  0.00  0.00
  1_4_b                   1.00   0.00  0.01  0.00  0.99  0.00  0.00  0.00  0.99  0.00
  TWT7                    1.00   0.00  1.00  0.00  0.00  0.00  0.00  0.00  0.00  0.00
  1_5_a                   1.00   0.00  1.00  0.00  0.00  0.00  0.00  0.00  0.00  0.00
  1_7_a                   1.00   0.00  0.00  0.00  1.00  0.00  0.00  0.00  0.00  0.00
  1_7_a_                  1.00   0.00  0.00  0.00  0.00  1.00  0.00  0.00  1.00  0.00
  1_7_a__                 1.00   0.00  0.00  0.00  0.00  1.00  0.00  0.00  0.00  0.00
  1_7_a_1                 1.00   0.00  0.00  0.00  0.00  1.00  0.00  0.00  0.00  0.00
  1_7_a_4                 1.00   0.00  0.00  0.00  1.00  0.00  0.00  0.00  1.00  0.00
  1_8_a                   1.00   0.00  0.00  0.00  1.00  0.00  0.00  0.00  0.00  0.00
  
  
  *************************
  Conduit Surcharge Summary
  *************************
  
  ----------------------------------------------------------------------------
                                                           Hours        Hours 
                         --------- Hours Full --------   Above Full   Capacity
  Conduit                Both Ends  Upstream  Dnstream   Normal Flow   Limited
  ----------------------------------------------------------------------------
  Brunn_Fassung_L             0.01      0.01     24.00      0.01         0.01
  11                         23.99     23.99     23.99      0.01         0.01
  14                         23.99     23.99     23.99     23.99         0.01
  16                         24.00     24.00     24.00     23.99        23.99
  17                         24.00     24.00     24.00      0.01         0.01
  26                         23.99     24.00     23.99      0.01         0.01
  27                         23.96     23.96     23.97      0.01         0.01
  Schuettstein_L              0.01      0.01     23.98      0.01         0.01
  Brunnmuehle_L              24.00     24.00     24.00      0.01         0.01
  46                         24.00     24.00     24.00      0.01         0.01
  47                         24.00     24.00     24.00     24.00        24.00
  50                         23.98     23.98     23.98      0.01         0.01
  51                         23.96     23.96     24.00      0.01         0.01
  53                         24.00     24.00     24.00     23.99         0.01
  61                         23.98     23.98     23.99      0.01         0.01
  63                          0.01     23.97      0.01      0.01         0.01
  66                          0.01     23.96      0.01     23.94         0.01
  67                         23.99     23.99     24.00      0.01         0.01
  Amont_L                    24.00     24.00     24.00      0.01         0.01
  69                         23.89     23.89     24.00      0.01         0.01
  70                         23.89     23.89     24.00      0.01         0.01
  71                         23.97     23.97     23.99      0.01         0.01
  72                          0.01     23.96      0.01     23.93         0.01
  Sauser_L                    0.01      0.01     24.00      0.01         0.01
  75                          0.01     23.96      0.01      0.01         0.01
  Entw_Sto_L                 23.89     23.91     23.89     23.91        23.89
  4                          23.91     23.96     23.91     23.92        23.91
  5                          23.91     23.91     24.00      0.01         0.01
  6                           0.01      0.01     24.00      0.01         0.01
  7                          23.99     23.99     24.00      0.01         0.01
  Brunn_Teich_L               0.01      0.01     23.99      0.01         0.01
  9                           0.01      0.01     23.99      0.01         0.01
  12                         23.98     23.98     23.98      0.01         0.01
  15                         23.99     23.99     23.99      0.01         0.01
  18                         23.98     23.98     23.98      0.01         0.01
  19                         23.97     23.97     23.98      0.01         0.01
  21                          0.01      0.01     23.95      0.01         0.01
  25                          0.01      0.01     23.99      0.01         0.01
  33                         23.95     23.95     23.95      0.01         0.01
  13                         23.98     23.98     24.00      0.01         0.01
  22                         23.98     23.98     24.00      0.01         0.01
  24                          0.01      0.01     23.99      0.01         0.01
  30                          0.01      0.01     23.99      0.01         0.01
  34                          0.01      0.01     23.99      0.01         0.01
  38                          0.01      0.01     23.89      0.01         0.01
  48                          0.01      0.01     23.90      0.01         0.01
  54                          0.01      0.01     23.87      0.01         0.01
  1_2_b_1                    23.97     24.00     23.97     24.00        23.97
  1_2_b_2                     0.01      0.01     23.97      0.01         0.01
  1_3_b_2                     0.01      0.01     23.94      0.01         0.01
  1_4_a_1                    23.99     24.00     23.99     23.99        23.99
  1_7_a                       0.01      0.01      0.01     23.92         0.01
  1_7_a__                     0.01      0.01     24.00      0.01         0.01
  1_7_a_1                     0.01      0.01     24.00     23.99         0.01
  

  Analysis begun on:  Fri Aug 14 16:30:22 2026
  Analysis ended on:  Fri Aug 14 16:30:24 2026
  Total elapsed time: 00:00:02