
  EPA STORM WATER MANAGEMENT MODEL - VERSION 5.2 (Build 5.2.4)
  ------------------------------------------------------------

  Brunnmuehle (Twann) 
  WARNING 08: elevation drop exceeds length for Conduit SS3_L
  WARNING 08: elevation drop exceeds length for Conduit SS6_L
  WARNING 08: elevation drop exceeds length for Conduit 2
  WARNING 08: elevation drop exceeds length for Conduit 3
  WARNING 08: elevation drop exceeds length for Conduit 68
  WARNING 08: elevation drop exceeds length for Conduit 1_2_b_
  WARNING 08: elevation drop exceeds length for Conduit 1_2_b_2
  WARNING 08: elevation drop exceeds length for Conduit 1_2_b_3
  WARNING 08: elevation drop exceeds length for Conduit 1_4_b
  WARNING 08: elevation drop exceeds length for Conduit 1_5_a
  WARNING 08: elevation drop exceeds length for Conduit 1_6_b_1
  WARNING 04: minimum elevation drop used for Conduit 1_7_a
  WARNING 08: elevation drop exceeds length for Conduit 1_7_a_
  WARNING 08: elevation drop exceeds length for Conduit 1_7_a__
  WARNING 02: maximum depth increased for Node 2
  
  ****************
  Analysis Options
  ****************
  Flow Units ............... CMS
  Process Models:
    Rainfall/Runoff ........ NO
    RDII ................... NO
    Snowmelt ............... NO
    Groundwater ............ NO
    Flow Routing ........... YES
    Ponding Allowed ........ NO
    Water Quality .......... NO
  Flow Routing Method ...... DYNWAVE
  Surcharge Method ......... EXTRAN
  Starting Date ............ 01/01/2000 00:00:00
  Ending Date .............. 01/02/2000 00:00:00
  Antecedent Dry Days ...... 0.0
  Report Time Step ......... 01:00:00
  Routing Time Step ........ 0.50 sec
  Variable Time Step ....... YES
  Maximum Trials ........... 8
  Number of Threads ........ 1
  Head Tolerance ........... 0.001500 m
  
  
  **************************        Volume        Volume
  Flow Routing Continuity        hectare-m      10^6 ltr
  **************************     ---------     ---------
  Dry Weather Inflow .......         0.000         0.000
  Wet Weather Inflow .......         0.000         0.000
  Groundwater Inflow .......         0.000         0.000
  RDII Inflow ..............         0.000         0.000
  External Inflow ..........       133.343      1333.445
  External Outflow .........       126.528      1265.296
  Flooding Loss ............         0.000         0.000
  Evaporation Loss .........         0.000         0.000
  Exfiltration Loss ........         0.000         0.000
  Initial Stored Volume ....         0.057         0.573
  Final Stored Volume ......         0.449         4.486
  Continuity Error (%) .....         4.815
  
  
  *************************
  Highest Continuity Errors
  *************************
  Node 2 (-10974.98%)
  Node TWT_Acces_LT_60+110 (-889.63%)
  Node Syst_Est_interm (100.00%)
  Node Holiloch_sonde (95.28%)
  Node 41 (94.03%)
  
  
  ***************************
  Time-Step Critical Elements
  ***************************
  Link 1_4_a (15942.38%)
  Link 20 (1.02%)
  
  
  ********************************
  Highest Flow Instability Indexes
  ********************************
  All links are stable.
  
  
  *********************************
  Most Frequent Nonconverging Nodes
  *********************************
  Node Brunnm_Fassung (22.90%)
  Node Brunnmuehle(Teich) (22.90%)
  Node Fensterstollen (22.90%)
  Node Gischeren (22.90%)
  Node Schuettstein (22.90%)
  
  
  *************************
  Routing Time Step Summary
  *************************
  Minimum Time Step           :     0.50 sec
  Average Time Step           :     0.50 sec
  Maximum Time Step           :     0.50 sec
  % of Time in Steady State   :    99.37
  Average Iterations per Step :     3.84
  % of Steps Not Converging   :    22.90
  Time Step Frequencies       :
      0.500 -  0.500 sec      :   100.00 %
      0.500 -  0.500 sec      :     0.00 %
      0.500 -  0.500 sec      :     0.00 %
      0.500 -  0.500 sec      :     0.00 %
      0.500 -  0.500 sec      :     0.00 %
  
  
  ******************
  Node Depth Summary
  ******************
  
  ---------------------------------------------------------------------------------
                                 Average  Maximum  Maximum  Time of Max    Reported
                                   Depth    Depth      HGL   Occurrence   Max Depth
  Node                 Type       Meters   Meters   Meters  days hr:min      Meters
  ---------------------------------------------------------------------------------
  9                    JUNCTION     6.96    18.49   456.99     0  00:01        6.96
  Holiloch_sonde       JUNCTION     5.46    18.62   458.62     0  00:01        5.46
  11                   JUNCTION    28.43    28.44   438.44     0  00:09       28.44
  13                   JUNCTION     7.46     9.76   447.76     0  00:01        7.46
  21                   JUNCTION    35.71    37.12   437.12     0  00:00       35.72
  SonSto_F             JUNCTION     0.46     0.57   438.37     0  00:03        0.46
  Sondierstollen       JUNCTION     0.00     0.00   440.80     0  00:00        0.00
  Aval_Trappe          JUNCTION     0.66     0.76   438.36     0  00:02        0.66
  30                   JUNCTION     0.80     0.80   438.10     0  00:09        0.80
  Gischeren_node       JUNCTION     0.00     0.00   476.50     0  00:00        0.00
  34                   JUNCTION    15.67    17.10   437.10     0  00:00       15.68
  38                   JUNCTION    16.22    16.59   436.59     0  00:00       16.22
  SS6                  JUNCTION     0.00     0.00   448.00     0  00:00        0.00
  40                   JUNCTION    19.61    19.63   438.63     0  00:08       19.61
  41                   JUNCTION     7.96    13.73   451.23     0  00:00        7.96
  SondeSchuettstein    JUNCTION     0.00     0.00   459.00     0  00:00        0.00
  SS4                  JUNCTION     0.00     0.00   448.00     0  00:00        0.00
  47                   JUNCTION     0.00     0.00   464.90     0  00:00        0.00
  48                   JUNCTION     0.00     0.00   471.00     0  00:00        0.00
  SondeGischeren       JUNCTION     0.00     0.00   465.00     0  00:00        0.00
  49                   JUNCTION     0.00     0.00   466.00     0  00:00        0.00
  50                   JUNCTION     0.00     0.00   463.00     0  00:00        0.00
  51                   JUNCTION    25.92    45.37   465.37     0  00:00       25.93
  Amont_C              JUNCTION    29.19    87.48   505.48     0  00:00       29.20
  52                   JUNCTION     0.00     0.00   457.00     0  00:00        0.00
  53                   JUNCTION     0.00     0.00   467.00     0  00:00        0.00
  54                   JUNCTION     0.00     0.00   463.00     0  00:00        0.00
  56                   JUNCTION     6.06     6.35   436.35     0  00:00        6.06
  2                    JUNCTION     0.49     0.50   438.50     0  00:08        0.49
  4                    JUNCTION     7.62     8.62   436.62     0  00:00        7.62
  5                    JUNCTION     0.00     0.00   472.50     0  00:00        0.00
  6                    JUNCTION     0.00     0.00   458.00     0  00:01        0.00
  7                    JUNCTION     0.00     0.00   475.00     0  00:00        0.00
  SS3                  JUNCTION     0.00     0.00   448.00     0  00:00        0.00
  SS5                  JUNCTION     0.00     0.00   438.90     0  00:00        0.00
  8                    JUNCTION     0.00     0.00   474.00     0  00:00        0.00
  10                   JUNCTION     0.00     0.00   468.00     0  00:00        0.00
  SonSto_SS5           JUNCTION     0.00     0.00   439.30     0  00:00        0.00
  SonSto_SS3           JUNCTION     0.00     0.00   439.70     0  00:00        0.00
  SonSto_SS4           JUNCTION     0.00     0.00   439.40     0  00:00        0.00
  Amont_Trappe         JUNCTION     0.56     0.63   438.33     0  00:03        0.56
  SonSto_SS6           JUNCTION     0.00     0.00   438.70     0  00:00        0.00
  SS2                  JUNCTION     0.00     0.00   448.00     0  00:00        0.00
  SonSto_SS2           JUNCTION     0.00     0.00   441.50     0  00:00        0.00
  12                   JUNCTION     0.00     0.01   449.01     0  00:00        0.00
  14                   JUNCTION     0.00     0.00   465.00     0  00:00        0.00
  15                   JUNCTION     0.00     0.00   472.00     0  00:00        0.00
  TWT_PointHaut_60+650 JUNCTION     0.11     0.11   438.61     0  00:09        0.11
  TWT_Fensterstollen_60+375 JUNCTION     1.08     1.10   438.40     0  00:08        1.08
  TWT_Acces_LT_60+110  JUNCTION     0.99     1.00   438.50     0  00:08        0.99
  TWT_Liaison_LT_59+738 JUNCTION     0.00     0.00   446.50     0  00:00        0.00
  Syst_Est_amont       JUNCTION     0.50     0.52   430.52     0  00:03        0.50
  Syst_Est_interm      JUNCTION     1.19     1.20   411.20     0  00:09        1.20
  TWT_Branche_Est_Sonsto_60+540 JUNCTION     0.35     0.35   438.75     0  00:09        0.35
  TWT_Intersection_Sonsto_60+345 JUNCTION     1.44     1.44   438.44     0  00:09        1.44
  TWT_Chrosweg_61+140  JUNCTION     0.09     0.09   432.09     0  00:09        0.09
  SonSto_F_sup         JUNCTION     0.00     0.00   448.00     0  00:00        0.00
  SonSto_porte         JUNCTION     0.00     0.00   438.50     0  00:08        0.00
  Brunnm_Fassung       OUTFALL      0.07     0.07   433.87     0  00:00        0.07
  Brunnmuehle(Teich)   OUTFALL      0.08     0.11   435.61     0  00:00        0.08
  Fensterstollen       OUTFALL      0.75     0.75   437.75     0  00:09        0.75
  Gischeren            OUTFALL      0.00     0.00   480.00     0  00:00        0.00
  Schuettstein         OUTFALL      0.00     0.00   477.55     0  00:00        0.00
  Holiloch             OUTFALL      0.00     0.00   476.50     0  00:00        0.00
  Sauserquelle         OUTFALL      0.23     0.23   435.78     0  00:08        0.23
  Entw_Stollen         OUTFALL      0.18     0.18   436.68     0  00:06        0.18
  Sous_lacustre        OUTFALL      0.08     0.08   429.28     0  00:09        0.08
  Sous_ecoul.          OUTFALL      0.00     0.00   433.00     0  00:00        0.00
  Syst_Est_aval        OUTFALL      0.00     0.00   429.00     0  00:00        0.00
  TWT_Portail_Est_61+665 OUTFALL      0.08     0.08   421.68     0  00:09        0.08
  
  
  *******************
  Node Inflow Summary
  *******************
  
  -------------------------------------------------------------------------------------------------
                                  Maximum  Maximum                  Lateral       Total        Flow
                                  Lateral    Total  Time of Max      Inflow      Inflow     Balance
                                   Inflow   Inflow   Occurrence      Volume      Volume       Error
  Node                 Type           CMS      CMS  days hr:min    10^6 ltr    10^6 ltr     Percent
  -------------------------------------------------------------------------------------------------
  9                    JUNCTION         0     4.67     0  00:01           0       0.192     141.828
  Holiloch_sonde       JUNCTION         0     3.45     0  00:01           0       0.073    2018.860
  11                   JUNCTION         0    0.181     0  00:00           0        10.7       0.278
  13                   JUNCTION         0     15.1     0  00:01           0    1.26e+03       0.019
  21                   JUNCTION         0    0.161     0  00:00           0        7.98       0.004
  SonSto_F             JUNCTION         0     1.61     0  00:02           0        3.75     -12.090
  Sondierstollen       JUNCTION         0        0     0  00:00           0           0       0.000 ltr
  Aval_Trappe          JUNCTION         0     7.59     0  00:08           0         641      -0.428
  30                   JUNCTION         0     13.8     0  00:09           0    1.19e+03      -0.327
  Gischeren_node       JUNCTION         0        0     0  00:00           0           0       0.000 ltr
  34                   JUNCTION         0    0.161     0  00:00           0        5.85       0.008
  38                   JUNCTION         0    0.161     0  00:00           0        7.98       0.004
  SS6                  JUNCTION         0        0     0  00:00           0           0       0.000 ltr
  40                   JUNCTION         0     1.71     0  00:02           0         122      -0.010
  41                   JUNCTION         0     1.36     0  00:00           0      0.0146    1574.745
  SondeSchuettstein    JUNCTION         0        0     0  00:00           0           0       0.000 ltr
  SS4                  JUNCTION         0        0     0  00:00           0           0       0.000 ltr
  47                   JUNCTION         0        0     0  00:00           0           0       0.000 ltr
  48                   JUNCTION         0        0     0  00:00           0           0       0.000 ltr
  SondeGischeren       JUNCTION         0        0     0  00:00           0           0       0.000 ltr
  49                   JUNCTION         0        0     0  00:00           0           0       0.000 ltr
  50                   JUNCTION         0        0     0  00:00           0           0       0.000 ltr
  51                   JUNCTION         0     28.4     0  00:00           0    1.27e+03      -0.002
  Amont_C              JUNCTION      14.7     39.7     0  00:00    1.27e+03    1.27e+03       0.019
  52                   JUNCTION         0   0.0131     0  00:00           0    6.66e-06     -94.846
  53                   JUNCTION         0        0     0  00:00           0           0       0.000 ltr
  54                   JUNCTION         0        0     0  00:00           0           0       0.000 ltr
  56                   JUNCTION         0    0.467     0  00:08           0        40.2      -0.000
  2                    JUNCTION         0    0.618     0  00:05           0      0.0964     -99.097
  4                    JUNCTION         0    0.161     0  00:00           0        4.49       0.131
  5                    JUNCTION         0        0     0  00:00           0           0       0.000 ltr
  6                    JUNCTION         0  0.00847     0  00:01           0    4.96e-06      -0.302 ltr
  7                    JUNCTION         0        0     0  00:00           0           0       0.000 ltr
  SS3                  JUNCTION         0        0     0  00:00           0           0       0.000 ltr
  SS5                  JUNCTION         0        0     0  00:00           0           0       0.000 ltr
  8                    JUNCTION         0        0     0  00:00           0           0       0.000 ltr
  10                   JUNCTION         0        0     0  00:00           0           0       0.000 ltr
  SonSto_SS5           JUNCTION         0        0     0  00:00           0           0       0.000 ltr
  SonSto_SS3           JUNCTION         0        0     0  00:00           0           0       0.000 ltr
  SonSto_SS4           JUNCTION         0        0     0  00:00           0           0       0.000 ltr
  Amont_Trappe         JUNCTION         0     1.52     0  00:02           0        3.32     -12.240
  SonSto_SS6           JUNCTION         0        0     0  00:00           0           0       0.000 ltr
  SS2                  JUNCTION         0        0     0  00:00           0           0       0.000 ltr
  SonSto_SS2           JUNCTION         0        0     0  00:00           0           0       0.000 ltr
  12                   JUNCTION         0   0.0743     0  00:00           0    4.17e-05     -96.058
  14                   JUNCTION         0   0.0234     0  00:00           0    1.17e-05      -0.055 ltr
  15                   JUNCTION         0        0     0  00:00           0           0       0.000 ltr
  TWT_PointHaut_60+650 JUNCTION         0    0.296     0  00:09           0        25.5       3.524
  TWT_Fensterstollen_60+375 JUNCTION         0     13.5     0  00:08           0    1.08e+03      -8.538
  TWT_Acces_LT_60+110  JUNCTION         0     4.17     0  00:03           0        7.63     -89.895
  TWT_Liaison_LT_59+738 JUNCTION         0        0     0  00:00           0           0       0.000 ltr
  Syst_Est_amont       JUNCTION     0.735    0.735     0  00:00        63.5        63.5      -0.004
  Syst_Est_interm      JUNCTION         0    0.781     0  00:04           0        63.563499675.228 ltr
  TWT_Branche_Est_Sonsto_60+540 JUNCTION         0     4.06     0  00:09           0         351       1.601
  TWT_Intersection_Sonsto_60+345 JUNCTION         0     9.55     0  00:01           0         530      51.701
  TWT_Chrosweg_61+140  JUNCTION         0    0.286     0  00:09           0        24.6      21.607
  SonSto_F_sup         JUNCTION         0        0     0  00:00           0           0       0.000 ltr
  SonSto_porte         JUNCTION         0 0.000476     0  00:08           0     1.4e-05     -99.896
  Brunnm_Fassung       OUTFALL          0   0.0165     0  00:00           0        1.36       0.000
  Brunnmuehle(Teich)   OUTFALL          0   0.0858     0  00:00           0        4.06       0.000
  Fensterstollen       OUTFALL          0     13.8     0  00:09           0    1.19e+03       0.000
  Gischeren            OUTFALL          0        0     0  00:00           0           0       0.000 ltr
  Schuettstein         OUTFALL          0        0     0  00:00           0           0       0.000 ltr
  Holiloch             OUTFALL          0        0     0  00:00           0           0       0.000 ltr
  Sauserquelle         OUTFALL          0    0.467     0  00:08           0        40.2       0.000
  Entw_Stollen         OUTFALL          0   0.0477     0  00:08           0         4.1       0.000
  Sous_lacustre        OUTFALL          0   0.0246     0  00:09           0        2.13       0.000
  Sous_ecoul.          OUTFALL          0  0.00548     0  00:00           0       0.426       0.000
  Syst_Est_aval        OUTFALL          0        0     0  00:00           0           0       0.000 ltr
  TWT_Portail_Est_61+665 OUTFALL          0    0.236     0  00:09           0        20.3       0.000
  
  
  **********************
  Node Surcharge Summary
  **********************
  
  Surcharging occurs when water rises above the top of the highest conduit.
  ---------------------------------------------------------------------
                                               Max. Height   Min. Depth
                                   Hours       Above Crown    Below Rim
  Node                 Type      Surcharged         Meters       Meters
  ---------------------------------------------------------------------
  9                    JUNCTION       23.98         16.688       81.512
  Holiloch_sonde       JUNCTION       23.98         16.722      181.378
  11                   JUNCTION       24.00         27.438      121.562
  13                   JUNCTION       23.99          6.759      390.241
  21                   JUNCTION       24.00         36.525      112.875
  34                   JUNCTION       24.00         16.501       82.899
  38                   JUNCTION       24.00         15.986      133.414
  40                   JUNCTION       24.00         15.629       80.371
  41                   JUNCTION       23.99         12.878      236.272
  51                   JUNCTION       24.00         41.374      354.626
  Amont_C              JUNCTION       24.00         84.480      312.520
  56                   JUNCTION       24.00          5.351       93.649
  4                    JUNCTION       23.99          7.974       91.376
  
  
  *********************
  Node Flooding Summary
  *********************
  
  No nodes were flooded.
  
  
  ***********************
  Outfall Loading Summary
  ***********************
  
  -----------------------------------------------------------
                         Flow       Avg       Max       Total
                         Freq      Flow      Flow      Volume
  Outfall Node           Pcnt       CMS       CMS    10^6 ltr
  -----------------------------------------------------------
  Brunnm_Fassung        99.94    0.0158    0.0165       1.365
  Brunnmuehle(Teich)    99.94     0.047    0.0858       4.055
  Fensterstollen        99.97      13.8      13.8    1192.739
  Gischeren              0.00         0         0       0.000
  Schuettstein           0.00         0         0       0.000
  Holiloch               0.00         0         0       0.000
  Sauserquelle          99.97     0.466     0.467      40.216
  Entw_Stollen          99.72    0.0475    0.0477       4.096
  Sous_lacustre         99.98    0.0246    0.0246       2.127
  Sous_ecoul.           99.94   0.00494   0.00548       0.426
  Syst_Est_aval          0.00         0         0       0.000
  TWT_Portail_Est_61+665  99.94     0.235     0.236      20.267
  -----------------------------------------------------------
  System                66.62      14.7      14.7    1265.291
  
  
  ********************
  Link Flow Summary
  ********************
  
  -----------------------------------------------------------------------------
                                 Maximum  Time of Max   Maximum    Max/    Max/
                                  |Flow|   Occurrence   |Veloc|    Full    Full
  Link                 Type          CMS  days hr:min     m/sec    Flow   Depth
  -----------------------------------------------------------------------------
  Brunn_Fassung_L      CONDUIT    0.0165     0  00:00      0.81    0.27    0.68
  11                   CONDUIT      3.45     0  00:01      2.13    0.52    1.00
  14                   CONDUIT      4.67     0  00:01      2.99    2.54    1.00
  16                   CONDUIT     0.181     0  00:00      2.12    1.26    1.00
  17                   CONDUIT     0.161     0  00:00      0.57    0.27    1.00
  26                   CONDUIT      1.36     0  00:00      2.47    1.85    1.00
  27                   CONDUIT    0.0649     0  00:05      1.71    0.83    1.00
  Gischeren_L          CONDUIT         0     0  00:00      0.00    0.00    0.00
  Schuettstein_L       CONDUIT         0     0  00:00      0.00    0.00    0.00
  Brunnmuehle_L        CONDUIT     0.161     0  00:00      0.57    0.08    1.00
  32                   CONDUIT         0     0  00:00      0.00    0.00    0.00
  35                   CONDUIT         0     0  00:00      0.00    0.00    0.00
  45                   CONDUIT         0     0  00:00      0.00    0.00    0.09
  46                   CONDUIT     0.467     0  00:08      1.65    0.47    1.00
  47                   CONDUIT    0.0519     0  00:00      1.36    3.23    1.00
  50                   CONDUIT         0     0  00:00      0.00    0.00    0.00
  51                   CONDUIT         0     0  00:00      0.00    0.00    0.50
  53                   CONDUIT     0.161     0  00:00      0.97    0.82    1.00
  Fenster_L            CONDUIT      13.8     0  00:09      9.85    0.14    0.26
  58                   CONDUIT      7.64     0  00:08      6.09    0.10    0.25
  59                   CONDUIT         0     0  00:00      0.00    0.00    0.00
  61                   CONDUIT         0     0  00:00      0.00    0.00    0.50
  63                   CONDUIT         0     0  00:00      0.00    0.00    0.00
  66                   CONDUIT         0     0  00:00      0.00    0.00    0.00
  67                   CONDUIT      14.7     0  00:00      3.97    0.15    1.00
  Amont_L              CONDUIT      28.4     0  00:00      4.02    1.54    1.00
  69                   CONDUIT    0.0131     0  00:00      0.21    0.05    0.50
  70                   CONDUIT  1.09e-06     0  00:00      0.00    0.00    0.50
  71                   CONDUIT         0     0  00:00      0.00    0.00    0.50
  72                   CONDUIT         0     0  00:00      0.00    0.00    0.00
  Sauser_L             CONDUIT     0.467     0  00:08      0.92    0.12    0.62
  75                   CONDUIT         0     0  00:00      0.00    0.00    0.00
  Entw_Sto_L           CONDUIT    0.0477     0  00:08      1.87    1.10    1.00
  4                    CONDUIT         0     0  00:00      0.00    0.00    0.50
  5                    CONDUIT   0.00217     0  00:04      0.12    0.08    1.00
  6                    CONDUIT    0.0246     0  00:09      1.03    0.37    0.71
  7                    CONDUIT     0.161     0  00:00      1.16    0.25    1.00
  Brunn_Teich_L        CONDUIT    0.0858     0  00:00      0.42    0.07    0.59
  9                    CONDUIT   0.00548     0  00:00      1.38    0.00    0.50
  12                   CONDUIT         0     0  00:00      0.00    0.00    0.00
  15                   CONDUIT   0.00847     0  00:01      0.01    0.00    0.50
  18                   CONDUIT         0     0  00:00      0.00    0.00    0.00
  19                   CONDUIT         0     0  00:00      0.00    0.00    0.00
  20                   CONDUIT      1.52     0  00:02      2.85    0.12    0.68
  21                   CONDUIT         0     0  00:00      0.00    0.00    0.00
  Hooliloch_L          CONDUIT         0     0  00:00      0.00    0.00    0.00
  23                   CONDUIT         0     0  00:00      0.00    0.00    0.00
  25                   CONDUIT         0     0  00:00      0.00    0.00    0.50
  28                   CONDUIT         0     0  00:00      0.00    0.00    0.00
  29                   CONDUIT         0     0  00:00      0.00    0.00    0.00
  31                   CONDUIT         0     0  00:00      0.00    0.00    0.00
  33                   CONDUIT         0     0  00:00      0.00    0.00    0.00
  37                   CONDUIT         0     0  00:00      0.00    0.00    0.00
  SS3_L                CONDUIT         0     0  00:00      0.00    0.00    0.00
  40                   CONDUIT      1.61     0  00:02      1.22    0.01    0.15
  SS6_L                CONDUIT         0     0  00:00      0.00    0.00    0.00
  1                    CONDUIT         0     0  00:00      0.00    0.00    0.00
  2                    CONDUIT         0     0  00:00      0.00    0.00    0.00
  3                    CONDUIT         0     0  00:00      0.00    0.00    0.00
  10                   CONDUIT         0     0  00:00      0.00    0.00    0.00
  13                   CONDUIT    0.0743     0  00:00      1.53    0.16    0.51
  22                   CONDUIT  0.000178     0  00:00      0.00    0.00    0.51
  24                   CONDUIT    0.0235     0  00:00      0.07    0.00    0.50
  30                   CONDUIT  4.17e-06     0  00:00      0.00    0.00    0.50
  34                   CONDUIT         0     0  00:00      0.00    0.00    0.50
  36                   CONDUIT         0     0  00:00      0.00    0.00    0.00
  38                   CONDUIT         0     0  00:00      0.00    0.00    0.00
  48                   CONDUIT     0.781     0  00:04      2.40    0.52    0.75
  54                   CONDUIT         0     0  00:00      0.00    0.00    0.40
  68                   CONDUIT         0     0  00:00      0.00    0.00    0.09
  73                   CONDUIT  0.000476     0  00:08      0.00    0.00    0.13
  TWT1                 CONDUIT     0.236     0  00:09      2.40    0.00    0.01
  TWT2                 CONDUIT     0.286     0  00:09      2.31    0.00    0.01
  TWT3                 CONDUIT     0.296     0  00:09      0.75    0.00    0.03
  TWT4                 CONDUIT      2.33     0  00:09      1.43    0.00    0.09
  1_2_b_               CONDUIT         0     0  00:00      0.00    0.00    0.06
  1_2_b_1              CONDUIT      5.43     0  00:01      8.42    3.29    1.00
  1_2_b_2              CONDUIT         0     0  00:00      0.00    0.00    0.50
  1_2_b_3              CONDUIT      1.25     0  00:02      1.77    0.15    1.00
  TWT5                 CONDUIT      4.97     0  00:08      1.67    0.01    0.16
  1_4_a                CONDUIT      7.54     0  00:08      4.38    0.12    0.30
  TWT6                 CONDUIT      4.17     0  00:03      1.40    0.01    0.15
  1_4_b                CONDUIT   0.00018     0  00:08      0.00    0.00    0.24
  TWT7                 CONDUIT         0     0  00:00      0.00    0.00    0.06
  1_5_a                CONDUIT         0     0  00:00      0.00    0.00    0.13
  1_6_b_1              CONDUIT    0.0793     0  00:00      0.17    0.01    1.00
  1_6_b_2              CONDUIT      5.89     0  00:01      7.71    2.98    1.00
  1_7_a                CONDUIT      7.56     0  00:08      3.25    1.72    0.19
  1_7_a_               CONDUIT         0     0  00:00      0.00    0.00    0.17
  1_7_a__              CONDUIT      1.66     0  00:02      3.04    0.04    0.67
  1_7_a_1              CONDUIT      4.06     0  00:09      7.81    3.26    0.67
  1_8_a                CONDUIT     0.617     0  00:05      0.59    0.00    0.15
  
  
  ***************************
  Flow Classification Summary
  ***************************
  
  -------------------------------------------------------------------------------------
                      Adjusted    ---------- Fraction of Time in Flow Class ---------- 
                       /Actual         Up    Down  Sub   Sup   Up    Down  Norm  Inlet 
  Conduit               Length    Dry  Dry   Dry   Crit  Crit  Crit  Crit  Ltd   Ctrl  
  -------------------------------------------------------------------------------------
  Brunn_Fassung_L         1.00   0.00  0.00  0.00  1.00  0.00  0.00  0.00  0.00  0.00
  11                      1.00   0.00  0.00  0.00  1.00  0.00  0.00  0.00  0.00  0.00
  14                      1.00   0.00  0.00  0.00  1.00  0.00  0.00  0.00  0.00  0.00
  16                      1.00   0.00  0.00  0.00  1.00  0.00  0.00  0.00  0.00  0.00
  17                      1.00   0.00  0.00  0.00  1.00  0.00  0.00  0.00  0.00  0.00
  26                      1.00   0.00  0.00  0.00  1.00  0.00  0.00  0.00  0.00  0.00
  27                      1.00   0.00  0.00  0.00  1.00  0.00  0.00  0.00  0.00  0.00
  Gischeren_L             1.00   1.00  0.00  0.00  0.00  0.00  0.00  0.00  0.00  0.00
  Schuettstein_L          1.00   1.00  0.00  0.00  0.00  0.00  0.00  0.00  0.00  0.00
  Brunnmuehle_L           1.00   0.00  0.00  0.00  1.00  0.00  0.00  0.00  0.00  0.00
  32                      1.00   1.00  0.00  0.00  0.00  0.00  0.00  0.00  0.00  0.00
  35                      1.00   1.00  0.00  0.00  0.00  0.00  0.00  0.00  0.00  0.00
  45                      1.00   0.00  1.00  0.00  0.00  0.00  0.00  0.00  0.00  0.00
  46                      1.00   0.00  0.00  0.00  1.00  0.00  0.00  0.00  0.00  0.00
  47                      1.00   0.00  0.00  0.00  1.00  0.00  0.00  0.00  0.00  0.00
  50                      1.00   1.00  0.00  0.00  0.00  0.00  0.00  0.00  0.00  0.00
  51                      1.00   0.00  1.00  0.00  0.00  0.00  0.00  0.00  0.00  0.00
  53                      1.00   0.00  0.00  0.00  1.00  0.00  0.00  0.00  0.00  0.00
  Fenster_L               1.00   0.00  0.00  0.00  0.00  1.00  0.00  0.00  0.00  0.00
  58                      1.00   0.00  0.00  0.00  0.00  1.00  0.00  0.00  0.00  0.00
  59                      1.00   1.00  0.00  0.00  0.00  0.00  0.00  0.00  0.00  0.00
  61                      1.00   0.00  1.00  0.00  0.00  0.00  0.00  0.00  0.00  0.00
  63                      1.00   1.00  0.00  0.00  0.00  0.00  0.00  0.00  0.00  0.00
  66                      1.00   1.00  0.00  0.00  0.00  0.00  0.00  0.00  0.00  0.00
  67                      1.00   0.00  0.00  0.00  1.00  0.00  0.00  0.00  0.00  0.00
  Amont_L                 1.00   0.00  0.00  0.00  1.00  0.00  0.00  0.00  0.00  0.00
  69                      1.00   0.00  0.00  0.00  1.00  0.00  0.00  0.00  1.00  0.00
  70                      1.00   0.00  0.00  0.00  1.00  0.00  0.00  0.00  1.00  0.00
  71                      1.00   0.00  1.00  0.00  0.00  0.00  0.00  0.00  0.00  0.00
  72                      1.00   1.00  0.00  0.00  0.00  0.00  0.00  0.00  0.00  0.00
  Sauser_L                1.00   0.00  0.00  0.00  1.00  0.00  0.00  0.00  0.00  0.00
  75                      1.00   1.00  0.00  0.00  0.00  0.00  0.00  0.00  0.00  0.00
  Entw_Sto_L              1.00   0.00  0.00  0.00  1.00  0.00  0.00  0.00  0.00  0.00
  4                       1.00   0.00  1.00  0.00  0.00  0.00  0.00  0.00  0.00  0.00
  5                       1.00   0.00  0.00  0.00  1.00  0.00  0.00  0.00  0.00  0.00
  6                       1.00   0.00  0.00  0.00  1.00  0.00  0.00  0.00  0.00  0.00
  7                       1.00   0.00  0.00  0.00  1.00  0.00  0.00  0.00  0.00  0.00
  Brunn_Teich_L           1.00   0.00  0.00  0.00  1.00  0.00  0.00  0.00  0.00  0.00
  9                       1.00   0.00  0.00  0.00  0.00  1.00  0.00  0.00  0.00  0.00
  12                      1.00   1.00  0.00  0.00  0.00  0.00  0.00  0.00  0.00  0.00
  15                      1.00   0.00  1.00  0.00  0.00  0.00  0.00  0.00  1.00  0.00
  18                      1.00   1.00  0.00  0.00  0.00  0.00  0.00  0.00  0.00  0.00
  19                      1.00   1.00  0.00  0.00  0.00  0.00  0.00  0.00  0.00  0.00
  20                      1.00   0.00  0.00  0.00  1.00  0.00  0.00  0.00  0.00  0.00
  21                      1.00   1.00  0.00  0.00  0.00  0.00  0.00  0.00  0.00  0.00
  Hooliloch_L             1.00   1.00  0.00  0.00  0.00  0.00  0.00  0.00  0.00  0.00
  23                      1.00   1.00  0.00  0.00  0.00  0.00  0.00  0.00  0.00  0.00
  25                      1.00   0.00  1.00  0.00  0.00  0.00  0.00  0.00  0.00  0.00
  28                      1.00   1.00  0.00  0.00  0.00  0.00  0.00  0.00  0.00  0.00
  29                      1.00   1.00  0.00  0.00  0.00  0.00  0.00  0.00  0.00  0.00
  31                      1.00   1.00  0.00  0.00  0.00  0.00  0.00  0.00  0.00  0.00
  33                      1.00   1.00  0.00  0.00  0.00  0.00  0.00  0.00  0.00  0.00
  37                      1.00   1.00  0.00  0.00  0.00  0.00  0.00  0.00  0.00  0.00
  SS3_L                   1.00   1.00  0.00  0.00  0.00  0.00  0.00  0.00  0.00  0.00
  40                      1.00   0.00  0.00  0.00  1.00  0.00  0.00  0.00  0.00  0.00
  SS6_L                   1.00   1.00  0.00  0.00  0.00  0.00  0.00  0.00  0.00  0.00
  1                       1.00   1.00  0.00  0.00  0.00  0.00  0.00  0.00  0.00  0.00
  2                       1.00   1.00  0.00  0.00  0.00  0.00  0.00  0.00  0.00  0.00
  3                       1.00   1.00  0.00  0.00  0.00  0.00  0.00  0.00  0.00  0.00
  10                      1.00   1.00  0.00  0.00  0.00  0.00  0.00  0.00  0.00  0.00
  13                      1.00   0.00  0.00  0.00  1.00  0.00  0.00  0.00  1.00  0.00
  22                      1.00   0.00  0.00  0.00  1.00  0.00  0.00  0.00  1.00  0.00
  24                      1.00   0.00  1.00  0.00  0.00  0.00  0.00  0.00  1.00  0.00
  30                      1.00   0.00  1.00  0.00  0.00  0.00  0.00  0.00  1.00  0.00
  34                      1.00   0.00  1.00  0.00  0.00  0.00  0.00  0.00  0.00  0.00
  36                      1.00   1.00  0.00  0.00  0.00  0.00  0.00  0.00  0.00  0.00
  38                      1.00   1.00  0.00  0.00  0.00  0.00  0.00  0.00  0.00  0.00
  48                      1.00   0.00  0.00  0.00  1.00  0.00  0.00  0.00  1.00  0.00
  54                      1.00   0.00  1.00  0.00  0.00  0.00  0.00  0.00  0.00  0.00
  68                      1.00   0.00  1.00  0.00  0.00  0.00  0.00  0.00  0.00  0.00
  73                      1.00   0.00  0.00  0.00  0.99  0.00  0.00  0.00  0.99  0.00
  TWT1                    1.00   0.00  0.00  0.00  0.00  1.00  0.00  0.00  0.00  0.00
  TWT2                    1.00   0.00  0.00  0.00  0.00  1.00  0.00  0.00  0.00  0.00
  TWT3                    1.00   0.00  0.00  0.00  1.00  0.00  0.00  0.00  0.00  0.00
  TWT4                    1.00   0.00  0.00  0.00  1.00  0.00  0.00  0.00  1.00  0.00
  1_2_b_                  1.00   0.00  1.00  0.00  0.00  0.00  0.00  0.00  0.00  0.00
  1_2_b_1                 1.00   0.00  0.00  0.00  1.00  0.00  0.00  0.00  0.00  0.00
  1_2_b_2                 1.00   0.00  1.00  0.00  0.00  0.00  0.00  0.00  0.00  0.00
  1_2_b_3                 1.00   0.00  0.00  0.00  1.00  0.00  0.00  0.00  0.00  0.00
  TWT5                    1.00   0.00  0.00  0.00  1.00  0.00  0.00  0.00  0.00  0.00
  1_4_a                   1.00   0.00  0.00  0.00  0.00  1.00  0.00  0.00  0.00  0.00
  TWT6                    1.00   0.00  0.00  0.00  1.00  0.00  0.00  0.00  0.00  0.00
  1_4_b                   1.00   0.00  0.01  0.00  0.99  0.00  0.00  0.00  0.99  0.00
  TWT7                    1.00   0.00  1.00  0.00  0.00  0.00  0.00  0.00  0.00  0.00
  1_5_a                   1.00   0.00  1.00  0.00  0.00  0.00  0.00  0.00  0.00  0.00
  1_6_b_1                 1.00   0.00  0.00  0.00  1.00  0.00  0.00  0.00  0.00  0.00
  1_6_b_2                 1.00   0.00  0.00  0.00  1.00  0.00  0.00  0.00  0.00  0.00
  1_7_a                   1.00   0.00  0.00  0.00  1.00  0.00  0.00  0.00  0.00  0.00
  1_7_a_                  1.00   0.00  1.00  0.00  0.00  0.00  0.00  0.00  0.00  0.00
  1_7_a__                 1.00   0.00  0.00  0.00  0.00  1.00  0.00  0.00  0.00  0.00
  1_7_a_1                 1.00   0.00  0.00  0.00  0.00  1.00  0.00  0.00  0.00  0.00
  1_8_a                   1.00   0.00  0.00  0.00  1.00  0.00  0.00  0.00  0.00  0.00
  
  
  *************************
  Conduit Surcharge Summary
  *************************
  
  ----------------------------------------------------------------------------
                                                           Hours        Hours 
                         --------- Hours Full --------   Above Full   Capacity
  Conduit                Both Ends  Upstream  Dnstream   Normal Flow   Limited
  ----------------------------------------------------------------------------
  Brunn_Fassung_L             0.01      0.01     24.00      0.01         0.01
  11                         23.98     23.98     23.98      0.01         0.01
  14                         23.98     23.98     23.99      0.01         0.01
  16                         24.00     24.00     24.00      0.01         0.01
  17                         24.00     24.00     24.00      0.01         0.01
  26                         23.99     23.99     23.99      0.01         0.01
  27                         23.96     23.96     23.97      0.01         0.01
  Brunnmuehle_L              24.00     24.00     24.00      0.01         0.01
  46                         24.00     24.00     24.00      0.01         0.01
  47                         24.00     24.00     24.00     24.00        24.00
  53                         24.00     24.00     24.00      0.01         0.01
  67                         23.99     23.99     24.00      0.01         0.01
  Amont_L                    24.00     24.00     24.00      0.01         0.01
  69                          0.01      0.01     24.00      0.01         0.01
  70                          0.01      0.01     24.00      0.01         0.01
  Sauser_L                    0.01      0.01     24.00      0.01         0.01
  Entw_Sto_L                 23.89     23.91     23.89     23.91        23.89
  5                          23.91     23.91     23.97      0.01         0.01
  6                           0.01      0.01     24.00      0.01         0.01
  7                          23.99     23.99     24.00      0.01         0.01
  Brunn_Teich_L               0.01      0.01     23.98      0.01         0.01
  9                           0.01      0.01     23.99      0.01         0.01
  15                          0.01      0.01     23.98      0.01         0.01
  13                          0.01      0.01     24.00      0.01         0.01
  22                          0.01      0.01     24.00      0.01         0.01
  24                          0.01      0.01     24.00      0.01         0.01
  30                          0.01      0.01     24.00      0.01         0.01
  48                          0.01      0.01     23.87      0.01         0.01
  1_2_b_1                    23.89     23.99     23.89     23.99        23.89
  1_2_b_3                    23.89     23.89     24.00      0.01         0.01
  1_6_b_1                    23.97     23.97     24.00      0.01         0.01
  1_6_b_2                    23.97     23.99     23.97     23.99        23.97
  1_7_a                       0.01      0.01      0.01     23.93         0.01
  1_7_a__                     0.01      0.01     24.00      0.01         0.01
  1_7_a_1                     0.01      0.01     23.99     23.99         0.01
  

  Analysis begun on:  Fri Jul 10 13:20:18 2026
  Analysis ended on:  Fri Jul 10 13:20:20 2026
  Total elapsed time: 00:00:02