
  EPA STORM WATER MANAGEMENT MODEL - VERSION 5.2 (Build 5.2.4)
  ------------------------------------------------------------

  Brunnmuehle (Twann) 
  WARNING 08: elevation drop exceeds length for Conduit SS3_L
  WARNING 08: elevation drop exceeds length for Conduit SS6_L
  WARNING 08: elevation drop exceeds length for Conduit 2
  WARNING 08: elevation drop exceeds length for Conduit 3
  WARNING 08: elevation drop exceeds length for Conduit 68
  WARNING 08: elevation drop exceeds length for Conduit 1_2_b_
  WARNING 08: elevation drop exceeds length for Conduit 1_2_b_2
  WARNING 08: elevation drop exceeds length for Conduit 1_2_b_4
  WARNING 08: elevation drop exceeds length for Conduit 1_3_a_2
  WARNING 08: elevation drop exceeds length for Conduit 1_4_b
  WARNING 08: elevation drop exceeds length for Conduit 1_5_a
  WARNING 04: minimum elevation drop used for Conduit 1_7_a
  WARNING 08: elevation drop exceeds length for Conduit 1_7_a_
  WARNING 08: elevation drop exceeds length for Conduit 1_7_a__
  WARNING 02: maximum depth increased for Node 2
  
  ****************
  Analysis Options
  ****************
  Flow Units ............... CMS
  Process Models:
    Rainfall/Runoff ........ NO
    RDII ................... NO
    Snowmelt ............... NO
    Groundwater ............ NO
    Flow Routing ........... YES
    Ponding Allowed ........ NO
    Water Quality .......... NO
  Flow Routing Method ...... DYNWAVE
  Surcharge Method ......... EXTRAN
  Starting Date ............ 01/01/2000 00:00:00
  Ending Date .............. 01/02/2000 00:00:00
  Antecedent Dry Days ...... 0.0
  Report Time Step ......... 01:00:00
  Routing Time Step ........ 0.50 sec
  Variable Time Step ....... YES
  Maximum Trials ........... 8
  Number of Threads ........ 1
  Head Tolerance ........... 0.001500 m
  
  
  **************************        Volume        Volume
  Flow Routing Continuity        hectare-m      10^6 ltr
  **************************     ---------     ---------
  Dry Weather Inflow .......         0.000         0.000
  Wet Weather Inflow .......         0.000         0.000
  Groundwater Inflow .......         0.000         0.000
  RDII Inflow ..............         0.000         0.000
  External Inflow ..........       207.725      2077.271
  External Outflow .........       197.100      1971.021
  Flooding Loss ............         0.000         0.000
  Evaporation Loss .........         0.000         0.000
  Exfiltration Loss ........         0.000         0.000
  Initial Stored Volume ....         0.056         0.562
  Final Stored Volume ......         0.503         5.025
  Continuity Error (%) .....         4.899
  
  
  *************************
  Highest Continuity Errors
  *************************
  Node TWT_Intersection_Sonsto_60+345 (-20844.98%)
  Node TWT_Acces_LT_60+110 (87.25%)
  Node 2 (84.19%)
  Node TWT_Fensterstollen_60+375 (17.86%)
  Node SonSto_F (17.41%)
  
  
  ***************************
  Time-Step Critical Elements
  ***************************
  Link 1_7_a_ (17339.40%)
  Link 1_8_a (21.51%)
  Link 20 (1.91%)
  
  
  ********************************
  Highest Flow Instability Indexes
  ********************************
  All links are stable.
  
  
  *********************************
  Most Frequent Nonconverging Nodes
  *********************************
  Node Brunnm_Fassung (57.59%)
  Node Brunnmuehle(Teich) (57.59%)
  Node Fensterstollen (57.59%)
  Node Gischeren (57.59%)
  Node Schuettstein (57.59%)
  
  
  *************************
  Routing Time Step Summary
  *************************
  Minimum Time Step           :     0.50 sec
  Average Time Step           :     0.50 sec
  Maximum Time Step           :     0.50 sec
  % of Time in Steady State   :    99.42
  Average Iterations per Step :     7.39
  % of Steps Not Converging   :    57.59
  Time Step Frequencies       :
      0.500 -  0.500 sec      :   100.00 %
      0.500 -  0.500 sec      :     0.00 %
      0.500 -  0.500 sec      :     0.00 %
      0.500 -  0.500 sec      :     0.00 %
      0.500 -  0.500 sec      :     0.00 %
  
  
  ******************
  Node Depth Summary
  ******************
  
  ---------------------------------------------------------------------------------
                                 Average  Maximum  Maximum  Time of Max    Reported
                                   Depth    Depth      HGL   Occurrence   Max Depth
  Node                 Type       Meters   Meters   Meters  days hr:min      Meters
  ---------------------------------------------------------------------------------
  9                    JUNCTION    50.40    62.98   501.48     0  00:00       50.43
  Holiloch_sonde       JUNCTION    44.27    50.56   490.56     0  00:00       44.29
  11                   JUNCTION    55.97    59.32   469.32     0  00:00       55.98
  13                   JUNCTION    73.60    77.41   515.41     0  00:00       73.62
  21                   JUNCTION    41.25    41.64   441.64     0  00:05       41.26
  SonSto_F             JUNCTION     0.20     0.23   438.03     0  00:07        0.20
  Sondierstollen       JUNCTION     0.00     0.00   440.80     0  00:00        0.00
  Aval_Trappe          JUNCTION     0.47     0.52   438.12     0  00:06        0.47
  30                   JUNCTION     0.58     0.59   437.89     0  00:06        0.58
  Gischeren_node       JUNCTION     3.89     3.91   480.41     0  00:08        3.91
  34                   JUNCTION    19.74    20.02   440.02     0  00:05       19.75
  38                   JUNCTION    25.83    26.36   446.36     0  00:05       25.84
  SS6                  JUNCTION     0.07     0.07   448.07     0  00:02        0.07
  40                   JUNCTION    21.35    23.41   442.41     0  00:01       21.35
  41                   JUNCTION    73.55    88.57   526.07     0  00:00       73.57
  SondeSchuettstein    JUNCTION    24.74    27.06   486.06     0  00:00       24.75
  SS4                  JUNCTION     0.06     0.06   448.06     0  00:08        0.06
  47                   JUNCTION    15.03    17.28   482.18     0  00:00       15.04
  48                   JUNCTION    12.08    14.00   485.00     0  00:00       12.09
  SondeGischeren       JUNCTION    15.39    15.44   480.44     0  00:07       15.43
  49                   JUNCTION    15.42    17.35   483.35     0  00:02       15.44
  50                   JUNCTION     8.77     8.80   471.80     0  00:07        8.79
  51                   JUNCTION    92.44    97.72   517.72     0  00:00       92.47
  Amont_C              JUNCTION    97.52   141.12   559.12     0  00:00       97.55
  52                   JUNCTION     0.41     0.41   457.41     0  00:08        0.41
  53                   JUNCTION    40.14    41.69   508.69     0  00:07       40.23
  54                   JUNCTION    41.00    42.92   505.92     0  00:07       41.20
  56                   JUNCTION     6.22     6.51   436.51     0  00:01        6.23
  2                    JUNCTION     0.28     0.28   438.28     0  00:08        0.28
  4                    JUNCTION     8.82    10.26   438.26     0  00:00        8.83
  5                    JUNCTION     6.48     6.51   479.01     0  00:02        6.48
  6                    JUNCTION    23.62    28.79   486.79     0  00:00       23.63
  7                    JUNCTION     3.96     3.98   478.98     0  00:02        3.96
  SS3                  JUNCTION     0.08     0.08   448.08     0  00:07        0.08
  SS5                  JUNCTION     0.59     0.60   439.50     0  00:07        0.60
  8                    JUNCTION     6.59     6.62   480.62     0  00:07        6.61
  10                   JUNCTION    13.42    15.39   483.39     0  00:02       13.43
  SonSto_SS5           JUNCTION     0.12     0.12   439.42     0  00:07        0.12
  SonSto_SS3           JUNCTION     0.11     0.11   439.81     0  00:06        0.11
  SonSto_SS4           JUNCTION     0.07     0.07   439.47     0  00:07        0.07
  Amont_Trappe         JUNCTION     0.32     0.48   438.18     0  00:06        0.33
  SonSto_SS6           JUNCTION     0.12     0.13   438.83     0  00:07        0.12
  SS2                  JUNCTION     0.00     0.00   448.00     0  00:00        0.00
  SonSto_SS2           JUNCTION     0.00     0.00   441.50     0  00:00        0.00
  12                   JUNCTION    29.80    32.25   481.25     0  00:00       29.81
  14                   JUNCTION    21.49    26.57   491.57     0  00:01       21.50
  15                   JUNCTION     0.46     0.46   472.46     0  00:02        0.46
  TWT_PointHaut_60+749 JUNCTION     0.19     0.21   438.71     0  00:04        0.19
  TWT_Fensterstollen_60+375 JUNCTION     0.93     0.93   438.23     0  00:08        0.93
  TWT_Acces_LT_60+110  JUNCTION     0.78     0.78   438.28     0  00:08        0.78
  TWT_Liaison_LT_59+738 JUNCTION     0.00     0.00   446.50     0  00:00        0.00
  Syst_Est_amont       JUNCTION    13.21    74.96   504.96     0  00:07       13.28
  Syst_Est_interm      JUNCTION    21.38    31.71   441.71     0  00:06       21.48
  TWT_Branche_Est_Sonsto_60+540 JUNCTION     0.47     0.55   438.95     0  00:01        0.47
  TWT_Intersection_Sonsto_60+345 JUNCTION     1.12     1.30   438.30     0  00:07        1.12
  TWT_Chrosweg_61+140  JUNCTION     0.15     0.15   432.15     0  00:08        0.15
  SonSto_F_sup         JUNCTION     0.05     0.05   448.05     0  00:02        0.05
  SonSto_porte         JUNCTION     0.00     0.00   438.50     0  00:00        0.00
  Brunnm_Fassung       OUTFALL      0.10     0.10   433.90     0  00:05        0.10
  Brunnmuehle(Teich)   OUTFALL      0.24     0.24   435.74     0  00:05        0.24
  Fensterstollen       OUTFALL      0.52     0.57   437.57     0  00:06        0.52
  Gischeren            OUTFALL      0.23     0.23   480.23     0  00:08        0.23
  Schuettstein         OUTFALL      0.30     0.30   477.85     0  00:02        0.30
  Holiloch             OUTFALL      1.96     1.97   478.47     0  00:02        1.96
  Sauserquelle         OUTFALL      0.26     0.27   435.82     0  00:01        0.26
  Entw_Stollen         OUTFALL      0.17     0.17   436.67     0  00:07        0.17
  Sous_lacustre        OUTFALL      0.11     0.11   429.31     0  00:05        0.11
  Sous_ecoul.          OUTFALL      0.00     0.00   433.00     0  00:05        0.00
  Syst_Est_aval        OUTFALL      0.50     0.51   429.51     0  00:08        0.51
  TWT_Portail_Est_61+665 OUTFALL      0.15     0.15   421.75     0  00:08        0.15
  CentraleVentilation_1C OUTFALL      0.25     0.25   454.25     0  00:08        0.25
  
  
  *******************
  Node Inflow Summary
  *******************
  
  -------------------------------------------------------------------------------------------------
                                  Maximum  Maximum                  Lateral       Total        Flow
                                  Lateral    Total  Time of Max      Inflow      Inflow     Balance
                                   Inflow   Inflow   Occurrence      Volume      Volume       Error
  Node                 Type           CMS      CMS  days hr:min    10^6 ltr    10^6 ltr     Percent
  -------------------------------------------------------------------------------------------------
  9                    JUNCTION         0     18.6     0  00:00           0    1.07e+03       0.011
  Holiloch_sonde       JUNCTION         0     16.7     0  00:00           0    1.01e+03       0.007
  11                   JUNCTION         0    0.317     0  00:00           0        26.5       0.001
  13                   JUNCTION         0     22.8     0  00:00           0    1.69e+03       0.015
  21                   JUNCTION         0    0.461     0  00:05           0        38.5       0.000
  SonSto_F             JUNCTION         0    0.723     0  00:07           0        61.2      21.078
  Sondierstollen       JUNCTION         0        0     0  00:00           0           0       0.000 ltr
  Aval_Trappe          JUNCTION         0     3.34     0  00:06           0         220       3.212
  30                   JUNCTION         0     7.88     0  00:06           0         661      14.098
  Gischeren_node       JUNCTION         0    0.664     0  00:06           0        54.2       0.125
  34                   JUNCTION         0    0.423     0  00:05           0        35.3       0.000
  38                   JUNCTION         0    0.305     0  00:00           0        24.1       0.000
  SS6                  JUNCTION         0     0.17     0  00:02           0        13.9       0.001
  40                   JUNCTION         0     2.69     0  00:02           0         231       0.000
  41                   JUNCTION         0      5.8     0  00:00           0        66.9       0.022
  SondeSchuettstein    JUNCTION         0    0.999     0  00:00           0        66.8       0.018
  SS4                  JUNCTION         0    0.147     0  00:08           0        12.6       0.002
  47                   JUNCTION         0     13.2     0  00:00           0       1e+03       0.003
  48                   JUNCTION         0    0.875     0  00:00           0        66.8       0.008
  SondeGischeren       JUNCTION         0    0.488     0  00:01           0        32.8       0.154
  49                   JUNCTION         0     1.15     0  00:01           0          14       0.402
  50                   JUNCTION         0    0.182     0  00:02           0        13.6       0.017
  51                   JUNCTION         0     40.1     0  00:00           0    1.98e+03       0.000
  Amont_C              JUNCTION      22.9     46.8     0  00:00    1.98e+03    1.98e+03       0.013
  52                   JUNCTION         0    0.329     0  00:05           0        26.6       2.400
  53                   JUNCTION         0    0.562     0  00:00           0        15.9       0.083
  54                   JUNCTION         0    0.438     0  00:07           0        15.9       0.707
  56                   JUNCTION         0    0.627     0  00:01           0        51.1       0.000
  2                    JUNCTION         0    0.324     0  00:07           0        24.8     532.622
  4                    JUNCTION         0    0.389     0  00:05           0        32.4       0.017
  5                    JUNCTION         0     12.5     0  00:00           0       1e+03       0.025
  6                    JUNCTION         0     14.8     0  00:00           0    1.01e+03       0.014
  7                    JUNCTION         0       12     0  00:02           0       1e+03       0.036
  SS3                  JUNCTION         0    0.158     0  00:07           0        13.6       0.003
  SS5                  JUNCTION         0    0.263     0  00:07           0        22.6       0.036
  8                    JUNCTION         0    0.826     0  00:04           0        67.9       0.110
  10                   JUNCTION         0    0.939     0  00:02           0        13.9       0.118
  SonSto_SS5           JUNCTION         0    0.286     0  00:07           0        24.6       0.013
  SonSto_SS3           JUNCTION         0    0.158     0  00:07           0        13.6       0.014
  SonSto_SS4           JUNCTION         0    0.222     0  00:07           0          19       0.009
  Amont_Trappe         JUNCTION         0     1.01     0  00:07           0        46.8       2.780
  SonSto_SS6           JUNCTION         0    0.449     0  00:07           0        38.4       0.008
  SS2                  JUNCTION         0        0     0  00:00           0           0       0.000 ltr
  SonSto_SS2           JUNCTION         0        0     0  00:00           0           0       0.000 ltr
  12                   JUNCTION         0    0.513     0  00:00           0        32.1       0.012
  14                   JUNCTION         0      2.7     0  00:01           0         187       0.025
  15                   JUNCTION         0    0.643     0  00:02           0        54.9       0.082
  TWT_PointHaut_60+749 JUNCTION         0     1.07     0  00:02           0        67.9      -4.071
  TWT_Fensterstollen_60+375 JUNCTION         0     9.78     0  00:08           0         755      21.747
  TWT_Acces_LT_60+110  JUNCTION         0     3.34     0  00:05           0         151     684.289
  TWT_Liaison_LT_59+738 JUNCTION         0        0     0  00:00           0           0       0.000 ltr
  Syst_Est_amont       JUNCTION      1.15     1.15     0  00:00        98.9        98.9       0.130
  Syst_Est_interm      JUNCTION         0     1.39     0  00:06           0         112       0.365
  TWT_Branche_Est_Sonsto_60+540 JUNCTION         0     5.17     0  00:03           0         445       0.062
  TWT_Intersection_Sonsto_60+345 JUNCTION         0     6.25     0  00:07           0        1.37     -99.523
  TWT_Chrosweg_61+140  JUNCTION         0     1.33     0  00:06           0        70.7       4.828
  SonSto_F_sup         JUNCTION         0    0.639     0  00:02           0        54.8       0.003
  SonSto_porte         JUNCTION         0        0     0  00:00           0           0       0.000 ltr
  Brunnm_Fassung       OUTFALL          0   0.0346     0  00:05           0         2.9       0.000
  Brunnmuehle(Teich)   OUTFALL          0    0.383     0  00:05           0        31.9       0.000
  Fensterstollen       OUTFALL          0     7.86     0  00:06           0         579       0.000
  Gischeren            OUTFALL          0     0.63     0  00:08           0        54.2       0.000
  Schuettstein         OUTFALL          0    0.791     0  00:02           0        66.8       0.000
  Holiloch             OUTFALL          0     11.8     0  00:02           0       1e+03       0.000
  Sauserquelle         OUTFALL          0    0.629     0  00:01           0        51.1       0.000
  Entw_Stollen         OUTFALL          0   0.0457     0  00:07           0        3.91       0.000
  Sous_lacustre        OUTFALL          0   0.0375     0  00:05           0        3.17       0.000
  Sous_ecoul.          OUTFALL          0  0.00602     0  00:05           0       0.516       0.000
  Syst_Est_aval        OUTFALL          0      1.3     0  00:08           0         112       0.000
  TWT_Portail_Est_61+665 OUTFALL          0    0.626     0  00:08           0        53.9       0.000
  CentraleVentilation_1C OUTFALL          0    0.134     0  00:08           0        11.6       0.000
  
  
  **********************
  Node Surcharge Summary
  **********************
  
  Surcharging occurs when water rises above the top of the highest conduit.
  ---------------------------------------------------------------------
                                               Max. Height   Min. Depth
                                   Hours       Above Crown    Below Rim
  Node                 Type      Surcharged         Meters       Meters
  ---------------------------------------------------------------------
  9                    JUNCTION       23.99         61.176       37.024
  Holiloch_sonde       JUNCTION       23.99         48.660      149.440
  11                   JUNCTION       24.00         58.863       90.677
  13                   JUNCTION       23.99         74.412      322.588
  21                   JUNCTION       24.00         41.039      108.361
  34                   JUNCTION       24.00         19.418       79.982
  38                   JUNCTION       24.00         25.764      123.636
  40                   JUNCTION       24.00         19.406       76.594
  41                   JUNCTION       23.99         87.717      161.433
  SondeSchuettstein    JUNCTION       23.99         26.257        0.000
  47                   JUNCTION       23.99         15.383       82.717
  48                   JUNCTION       23.99         13.198       86.002
  SondeGischeren       JUNCTION       23.95         14.235       84.565
  49                   JUNCTION       23.97          9.348      182.652
  50                   JUNCTION       23.95          8.499      191.201
  51                   JUNCTION       24.00         93.719      302.281
  Amont_C              JUNCTION       24.00        138.119      258.881
  53                   JUNCTION       23.98         36.690      158.310
  54                   JUNCTION       23.88         37.924      157.076
  56                   JUNCTION       24.00          5.505       93.495
  4                    JUNCTION       23.99          9.611       89.739
  5                    JUNCTION       23.98          1.510       43.490
  6                    JUNCTION       23.99         23.788      171.212
  8                    JUNCTION       23.90          1.620      193.380
  10                   JUNCTION       23.97          7.393      184.607
  12                   JUNCTION       23.99         31.902      167.748
  14                   JUNCTION       23.98         22.567      173.433
  Syst_Est_amont       JUNCTION       23.87         73.959       25.041
  Syst_Est_interm      JUNCTION       23.89         30.209       68.291
  
  
  *********************
  Node Flooding Summary
  *********************
  
  No nodes were flooded.
  
  
  ***********************
  Outfall Loading Summary
  ***********************
  
  -----------------------------------------------------------
                         Flow       Avg       Max       Total
                         Freq      Flow      Flow      Volume
  Outfall Node           Pcnt       CMS       CMS    10^6 ltr
  -----------------------------------------------------------
  Brunnm_Fassung        99.96    0.0336    0.0346       2.903
  Brunnmuehle(Teich)    99.96     0.369     0.383      31.901
  Fensterstollen        99.98      6.71      7.86     579.267
  Gischeren             99.56      0.63      0.63      54.154
  Schuettstein          99.95     0.774     0.791      66.826
  Holiloch              99.92      11.6      11.8     999.797
  Sauserquelle          99.98     0.592     0.629      51.132
  Entw_Stollen          99.96    0.0452    0.0457       3.907
  Sous_lacustre        100.00    0.0367    0.0375       3.174
  Sous_ecoul.           99.96   0.00597   0.00602       0.516
  Syst_Est_aval         99.53       1.3       1.3     111.927
  TWT_Portail_Est_61+665  99.95     0.625     0.626      53.930
  CentraleVentilation_1C  99.97     0.134     0.134      11.579
  -----------------------------------------------------------
  System                99.90      22.8      22.9    1971.012
  
  
  ********************
  Link Flow Summary
  ********************
  
  -----------------------------------------------------------------------------
                                 Maximum  Time of Max   Maximum    Max/    Max/
                                  |Flow|   Occurrence   |Veloc|    Full    Full
  Link                 Type          CMS  days hr:min     m/sec    Flow   Depth
  -----------------------------------------------------------------------------
  Brunn_Fassung_L      CONDUIT    0.0346     0  00:05      1.48    0.57    0.77
  11                   CONDUIT      16.7     0  00:00      8.63    2.49    1.00
  14                   CONDUIT      18.6     0  00:00     12.86   10.14    1.00
  16                   CONDUIT     0.317     0  00:00      3.70    2.21    1.00
  17                   CONDUIT     0.308     0  00:00      1.09    0.53    1.00
  26                   CONDUIT       5.8     0  00:00     10.54    7.85    1.00
  27                   CONDUIT    0.0629     0  00:07      1.77    0.81    1.00
  Gischeren_L          CONDUIT      0.63     0  00:08      0.89    0.08    0.60
  Schuettstein_L       CONDUIT     0.791     0  00:02      4.69    0.67    0.80
  Brunnmuehle_L        CONDUIT     0.423     0  00:05      1.50    0.20    1.00
  32                   CONDUIT         0     0  00:00      0.00    0.00    0.00
  35                   CONDUIT     0.326     0  00:04      0.41    0.06    1.00
  45                   CONDUIT      0.46     0  00:07      4.72    0.00    0.06
  46                   CONDUIT     0.627     0  00:01      2.22    0.63    1.00
  47                   CONDUIT     0.141     0  00:00      3.71    8.80    1.00
  50                   CONDUIT     0.875     0  00:00      3.32    0.16    1.00
  51                   CONDUIT    0.0857     0  00:01      1.04    0.24    1.00
  53                   CONDUIT     0.305     0  00:00      1.84    1.55    1.00
  Fenster_L            CONDUIT      7.86     0  00:06      8.49    0.08    0.19
  58                   CONDUIT      2.69     0  00:06      4.94    0.03    0.18
  59                   CONDUIT     0.288     0  00:07      2.91    0.00    0.04
  61                   CONDUIT     0.999     0  00:00      4.94    1.41    1.00
  63                   CONDUIT      0.17     0  00:02      2.34    0.76    0.52
  66                   CONDUIT     0.182     0  00:02      2.76    2.39    1.00
  67                   CONDUIT      22.8     0  00:00      5.46    0.23    1.00
  Amont_L              CONDUIT      40.1     0  00:00      5.67    2.17    1.00
  69                   CONDUIT     0.329     0  00:05      2.82    1.28    1.00
  70                   CONDUIT     0.177     0  00:05      1.46    0.55    1.00
  71                   CONDUIT     0.562     0  00:00      2.47    0.99    1.00
  72                   CONDUIT     0.438     0  00:07      2.04    2.08    1.00
  Sauser_L             CONDUIT     0.629     0  00:01      1.19    0.16    0.64
  75                   CONDUIT     0.147     0  00:08      4.73    1.49    0.61
  Entw_Sto_L           CONDUIT    0.0457     0  00:07      1.86    1.05    0.98
  4                    CONDUIT    0.0379     0  00:07      1.35    1.70    1.00
  5                    CONDUIT    0.0295     0  00:07      1.23    1.05    1.00
  6                    CONDUIT    0.0375     0  00:05      1.45    0.56    0.77
  7                    CONDUIT     0.389     0  00:05      1.98    0.60    1.00
  Brunn_Teich_L        CONDUIT     0.383     0  00:05      1.58    0.29    0.68
  9                    CONDUIT   0.00602     0  00:05      1.51    0.00    0.50
  12                   CONDUIT      12.5     0  00:00      6.86    0.26    1.00
  15                   CONDUIT      14.8     0  00:00      7.07    0.38    1.00
  18                   CONDUIT      13.2     0  00:00      6.66    0.53    1.00
  19                   CONDUIT      1.15     0  00:01      1.56    1.10    1.00
  20                   CONDUIT      0.99     0  00:07      4.05    0.08    0.50
  21                   CONDUIT        12     0  00:02      1.18    0.08    0.90
  Hooliloch_L          CONDUIT      11.8     0  00:02      1.71    0.23    0.74
  23                   CONDUIT     0.158     0  00:07      3.37    0.98    0.63
  25                   CONDUIT     0.826     0  00:04      2.89    0.67    1.00
  28                   CONDUIT     0.159     0  00:07      2.58    0.00    0.03
  29                   CONDUIT    0.0229     0  00:07      0.55    0.00    0.03
  31                   CONDUIT     0.467     0  00:06      0.73    0.29    0.89
  33                   CONDUIT     0.939     0  00:02      0.87    0.36    1.00
  37                   CONDUIT     0.263     0  00:07      0.55    0.01    0.12
  SS3_L                CONDUIT     0.158     0  00:07      3.01    0.00    0.05
  40                   CONDUIT      1.01     0  00:07      1.84    0.01    0.08
  SS6_L                CONDUIT      0.17     0  00:02      4.14    0.00    0.05
  1                    CONDUIT         0     0  00:00      0.00    0.00    0.02
  2                    CONDUIT         0     0  00:00      0.00    0.00    0.00
  3                    CONDUIT    0.0634     0  00:08      3.39    0.01    0.06
  10                   CONDUIT     0.199     0  00:07      0.46    0.00    0.11
  13                   CONDUIT     0.513     0  00:00      5.68    1.11    1.00
  22                   CONDUIT     0.375     0  00:02      3.90    0.93    1.00
  24                   CONDUIT       2.7     0  00:01      4.07    0.00    1.00
  30                   CONDUIT      2.18     0  00:02      3.03    0.91    1.00
  34                   CONDUIT     0.643     0  00:02      2.85    0.72    0.92
  36                   CONDUIT     0.639     0  00:02      6.00    0.68    0.46
  38                   CONDUIT     0.488     0  00:01      2.99    0.18    1.00
  48                   CONDUIT      1.21     0  00:04      2.65    0.81    1.00
  54                   CONDUIT       1.3     0  00:08      1.04    0.25    0.67
  68                   CONDUIT     0.265     0  00:02      9.07    0.00    0.05
  73                   CONDUIT         0     0  00:00      0.00    0.00    0.07
  TWT1                 CONDUIT     0.626     0  00:08      3.00    0.00    0.02
  TWT2                 CONDUIT     0.928     0  00:05      3.73    0.00    0.02
  TWT3                 CONDUIT      1.07     0  00:02      1.61    0.00    0.04
  TWT4                 CONDUIT      5.17     0  00:02      3.49    0.01    0.09
  1_2_b_               CONDUIT         0     0  00:00      0.00    0.00    0.09
  1_2_b_1              CONDUIT      2.69     0  00:02     20.41   10.35    1.00
  1_2_b_2              CONDUIT    0.0652     0  00:02      0.59    0.02    0.55
  1_2_b_4              CONDUIT    0.0832     0  00:08      0.74    0.03    0.56
  1_3_a_2              CONDUIT     0.454     0  00:06      3.43    0.31    0.65
  TWT5                 CONDUIT      6.25     0  00:07      3.63    0.01    0.13
  1_4_a                CONDUIT      2.92     0  00:06      2.86    0.04    0.23
  TWT6                 CONDUIT      3.31     0  00:05      1.12    0.01    0.13
  1_4_b                CONDUIT         0     0  00:00      0.00    0.00    0.22
  TWT7                 CONDUIT         0     0  00:00      0.00    0.00    0.05
  1_5_a                CONDUIT         0     0  00:00      0.00    0.00    0.07
  1_7_a                CONDUIT      5.46     0  00:06      3.08    1.24    0.15
  1_7_a_               CONDUIT     0.309     0  00:02      3.09    0.02    0.55
  1_7_a__              CONDUIT      2.02     0  00:02     10.43    0.30    1.00
  1_7_a_1              CONDUIT      2.84     0  00:01     15.44   14.47    1.00
  1_8_a                CONDUIT      0.26     0  00:07      4.62    0.00    0.11
  CV_1C_to_52          CONDUIT     0.134     0  00:08      0.97    0.81    0.66
  
  
  ***************************
  Flow Classification Summary
  ***************************
  
  -------------------------------------------------------------------------------------
                      Adjusted    ---------- Fraction of Time in Flow Class ---------- 
                       /Actual         Up    Down  Sub   Sup   Up    Down  Norm  Inlet 
  Conduit               Length    Dry  Dry   Dry   Crit  Crit  Crit  Crit  Ltd   Ctrl  
  -------------------------------------------------------------------------------------
  Brunn_Fassung_L         1.00   0.00  0.00  0.00  0.00  1.00  0.00  0.00  0.00  0.00
  11                      1.00   0.00  0.00  0.00  1.00  0.00  0.00  0.00  0.00  0.00
  14                      1.00   0.00  0.00  0.00  1.00  0.00  0.00  0.00  0.00  0.00
  16                      1.00   0.00  0.00  0.00  1.00  0.00  0.00  0.00  0.00  0.00
  17                      1.00   0.00  0.00  0.00  1.00  0.00  0.00  0.00  0.00  0.00
  26                      1.00   0.00  0.00  0.00  1.00  0.00  0.00  0.00  0.00  0.00
  27                      1.00   0.00  0.00  0.00  1.00  0.00  0.00  0.00  0.00  0.00
  Gischeren_L             1.00   0.00  0.00  0.00  1.00  0.00  0.00  0.00  0.00  0.00
  Schuettstein_L          1.00   0.00  0.00  0.00  0.00  1.00  0.00  0.00  0.00  0.00
  Brunnmuehle_L           1.00   0.00  0.00  0.00  1.00  0.00  0.00  0.00  0.00  0.00
  32                      1.00   1.00  0.00  0.00  0.00  0.00  0.00  0.00  0.00  0.00
  35                      1.00   0.00  0.00  0.00  1.00  0.00  0.00  0.00  0.00  0.00
  45                      1.00   0.00  0.00  0.00  0.00  1.00  0.00  0.00  1.00  0.00
  46                      1.00   0.00  0.00  0.00  1.00  0.00  0.00  0.00  0.00  0.00
  47                      1.00   0.00  0.00  0.00  1.00  0.00  0.00  0.00  0.00  0.00
  50                      1.00   0.00  0.00  0.00  1.00  0.00  0.00  0.00  0.00  0.00
  51                      1.00   0.00  0.00  0.00  1.00  0.00  0.00  0.00  0.00  0.00
  53                      1.00   0.00  0.00  0.00  1.00  0.00  0.00  0.00  0.00  0.00
  Fenster_L               1.00   0.00  0.00  0.00  0.00  1.00  0.00  0.00  0.00  0.00
  58                      1.00   0.00  0.00  0.00  0.00  1.00  0.00  0.00  0.00  0.00
  59                      1.00   0.00  0.00  0.00  0.00  1.00  0.00  0.00  1.00  0.00
  61                      1.00   0.00  0.00  0.00  1.00  0.00  0.00  0.00  0.00  0.00
  63                      1.00   0.00  0.00  0.00  1.00  0.00  0.00  0.00  0.00  0.00
  66                      1.00   0.00  0.00  0.00  1.00  0.00  0.00  0.00  0.00  0.00
  67                      1.00   0.00  0.00  0.00  1.00  0.00  0.00  0.00  0.00  0.00
  Amont_L                 1.00   0.00  0.00  0.00  1.00  0.00  0.00  0.00  0.00  0.00
  69                      1.00   0.00  0.00  0.00  1.00  0.00  0.00  0.00  0.00  0.00
  70                      1.00   0.00  0.00  0.00  1.00  0.00  0.00  0.00  0.00  0.00
  71                      1.00   0.00  0.00  0.00  1.00  0.00  0.00  0.00  0.00  0.00
  72                      1.00   0.00  0.00  0.00  1.00  0.00  0.00  0.00  0.00  0.00
  Sauser_L                1.00   0.00  0.00  0.00  1.00  0.00  0.00  0.00  0.00  0.00
  75                      1.00   0.00  0.00  0.00  0.00  1.00  0.00  0.00  0.00  0.00
  Entw_Sto_L              1.00   0.00  0.00  0.00  1.00  0.00  0.00  0.00  0.00  0.00
  4                       1.00   0.00  0.00  0.00  1.00  0.00  0.00  0.00  0.00  0.00
  5                       1.00   0.00  0.00  0.00  1.00  0.00  0.00  0.00  0.00  0.00
  6                       1.00   0.00  0.00  0.00  0.00  1.00  0.00  0.00  0.00  0.00
  7                       1.00   0.00  0.00  0.00  1.00  0.00  0.00  0.00  0.00  0.00
  Brunn_Teich_L           1.00   0.00  0.00  0.00  1.00  0.00  0.00  0.00  0.00  0.00
  9                       1.00   0.00  0.00  0.00  0.00  1.00  0.00  0.00  0.00  0.00
  12                      1.00   0.00  0.00  0.00  1.00  0.00  0.00  0.00  0.00  0.00
  15                      1.00   0.00  0.00  0.00  1.00  0.00  0.00  0.00  0.00  0.00
  18                      1.00   0.00  0.00  0.00  1.00  0.00  0.00  0.00  0.00  0.00
  19                      1.00   0.00  0.00  0.00  1.00  0.00  0.00  0.00  0.00  0.00
  20                      1.00   0.00  0.00  0.00  1.00  0.00  0.00  0.00  0.00  0.00
  21                      1.00   0.00  0.00  0.00  1.00  0.00  0.00  0.00  0.00  0.00
  Hooliloch_L             1.00   0.00  0.00  0.00  1.00  0.00  0.00  0.00  0.00  0.00
  23                      1.00   0.00  0.00  0.00  0.00  1.00  0.00  0.00  0.00  0.00
  25                      1.00   0.00  0.00  0.00  1.00  0.00  0.00  0.00  0.00  0.00
  28                      1.00   0.00  0.00  0.00  0.00  1.00  0.00  0.00  0.00  0.00
  29                      1.00   0.00  0.00  0.00  1.00  0.00  0.00  0.00  1.00  0.00
  31                      1.00   0.00  0.00  0.00  1.00  0.00  0.00  0.00  0.00  0.00
  33                      1.00   0.00  0.00  0.00  1.00  0.00  0.00  0.00  0.00  0.00
  37                      1.00   0.00  0.00  0.00  1.00  0.00  0.00  0.00  0.00  0.00
  SS3_L                   1.00   0.00  0.00  0.00  0.00  1.00  0.00  0.00  1.00  0.00
  40                      1.00   0.00  0.00  0.00  1.00  0.00  0.00  0.00  0.00  0.00
  SS6_L                   1.00   0.00  0.00  0.00  0.00  1.00  0.00  0.00  1.00  0.00
  1                       1.00   0.00  1.00  0.00  0.00  0.00  0.00  0.00  0.00  0.00
  2                       1.00   1.00  0.00  0.00  0.00  0.00  0.00  0.00  0.00  0.00
  3                       1.00   0.00  0.00  0.00  0.00  1.00  0.00  0.00  1.00  0.00
  10                      1.00   0.00  0.00  0.00  1.00  0.00  0.00  0.00  1.00  0.00
  13                      1.00   0.00  0.00  0.00  1.00  0.00  0.00  0.00  0.00  0.00
  22                      1.00   0.00  0.00  0.00  1.00  0.00  0.00  0.00  0.00  0.00
  24                      1.00   0.00  0.00  0.00  1.00  0.00  0.00  0.00  0.00  0.00
  30                      1.00   0.00  0.00  0.00  1.00  0.00  0.00  0.00  0.00  0.00
  34                      1.00   0.00  0.00  0.00  0.00  1.00  0.00  0.00  0.00  0.00
  36                      1.00   0.00  0.00  0.00  0.00  1.00  0.00  0.00  0.00  0.00
  38                      1.00   0.00  0.00  0.00  1.00  0.00  0.00  0.00  0.00  0.00
  48                      1.00   0.00  0.00  0.00  1.00  0.00  0.00  0.00  0.00  0.00
  54                      1.00   0.00  0.00  0.00  1.00  0.00  0.00  0.00  0.00  0.00
  68                      1.00   0.00  0.00  0.00  0.00  1.00  0.00  0.00  1.00  0.00
  73                      1.00   0.00  1.00  0.00  0.00  0.00  0.00  0.00  0.00  0.00
  TWT1                    1.00   0.00  0.00  0.00  0.00  1.00  0.00  0.00  0.00  0.00
  TWT2                    1.00   0.00  0.00  0.00  0.00  1.00  0.00  0.00  0.00  0.00
  TWT3                    1.00   0.00  0.00  0.00  1.00  0.00  0.00  0.00  0.00  0.00
  TWT4                    1.00   0.00  0.00  0.00  1.00  0.00  0.00  0.00  1.00  0.00
  1_2_b_                  1.00   0.00  1.00  0.00  0.00  0.00  0.00  0.00  0.00  0.00
  1_2_b_1                 1.00   0.00  0.00  0.00  1.00  0.00  0.00  0.00  0.00  0.00
  1_2_b_2                 1.00   0.00  0.00  0.00  1.00  0.00  0.00  0.00  1.00  0.00
  1_2_b_4                 1.00   0.00  0.00  0.00  1.00  0.00  0.00  0.00  1.00  0.00
  1_3_a_2                 1.00   0.00  0.00  0.00  1.00  0.00  0.00  0.00  0.00  0.00
  TWT5                    1.00   0.00  0.00  0.00  1.00  0.00  0.00  0.00  0.00  0.00
  1_4_a                   1.00   0.00  0.00  0.00  1.00  0.00  0.00  0.00  0.00  0.00
  TWT6                    1.00   0.00  0.00  0.00  1.00  0.00  0.00  0.00  0.00  0.00
  1_4_b                   1.00   0.00  1.00  0.00  0.00  0.00  0.00  0.00  0.00  0.00
  TWT7                    1.00   0.00  1.00  0.00  0.00  0.00  0.00  0.00  0.00  0.00
  1_5_a                   1.00   0.00  1.00  0.00  0.00  0.00  0.00  0.00  0.00  0.00
  1_7_a                   1.00   0.00  0.00  0.00  0.00  1.00  0.00  0.00  0.00  0.00
  1_7_a_                  1.00   0.00  0.00  0.00  0.00  1.00  0.00  0.00  1.00  0.00
  1_7_a__                 1.00   0.00  0.00  0.00  0.00  1.00  0.00  0.00  0.00  0.00
  1_7_a_1                 1.00   0.00  0.00  0.00  0.00  1.00  0.00  0.00  0.00  0.00
  1_8_a                   1.00   0.00  0.00  0.00  1.00  0.00  0.00  0.00  0.00  0.00
  CV_1C_to_52             1.00   0.00  0.00  0.00  1.00  0.00  0.00  0.00  0.00  0.00
  
  
  *************************
  Conduit Surcharge Summary
  *************************
  
  ----------------------------------------------------------------------------
                                                           Hours        Hours 
                         --------- Hours Full --------   Above Full   Capacity
  Conduit                Both Ends  Upstream  Dnstream   Normal Flow   Limited
  ----------------------------------------------------------------------------
  Brunn_Fassung_L             0.01      0.01     24.00      0.01         0.01
  11                         23.99     23.99     23.99     23.99         0.01
  14                         23.99     23.99     24.00     23.99         0.01
  16                         24.00     24.00     24.00     23.99        23.99
  17                         24.00     24.00     24.00      0.01         0.01
  26                         23.99     24.00     23.99     23.99        23.99
  27                          0.01      0.01     23.97      0.01         0.01
  Gischeren_L                 0.01      0.01     23.89      0.01         0.01
  Schuettstein_L              0.01      0.01     23.99      0.01         0.01
  Brunnmuehle_L              24.00     24.00     24.00      0.01         0.01
  35                         23.91     23.91     23.95      0.01         0.01
  46                         24.00     24.00     24.00      0.01         0.01
  47                         24.00     24.00     24.00     24.00        24.00
  50                         23.99     23.99     23.99      0.01         0.01
  51                         23.98     23.98     24.00      0.01         0.01
  53                         24.00     24.00     24.00     23.99         0.01
  61                         23.99     23.99     23.99     23.99         0.01
  63                          0.01     23.98      0.01      0.01         0.01
  66                         23.95     23.98     23.95     23.97        23.95
  67                         23.99     23.99     24.00      0.01         0.01
  Amont_L                    24.00     24.00     24.00     24.00         0.01
  69                         23.89     23.89     24.00     23.97         0.01
  70                         23.89     23.89     24.00      0.01         0.01
  71                         23.99     23.99     23.99      0.01         0.01
  72                         23.88     23.98     23.88      0.11         0.01
  Sauser_L                    0.01      0.01     24.00      0.01         0.01
  75                          0.01     23.98      0.01     23.88         0.01
  Entw_Sto_L                  0.01     23.88      0.01     23.88         0.01
  4                          23.88     23.98     23.88     23.89        23.88
  5                          23.88     23.88     24.00      0.01         0.01
  6                           0.01      0.01     24.00      0.01         0.01
  7                          23.99     23.99     24.00      0.01         0.01
  Brunn_Teich_L               0.01      0.01     23.99      0.01         0.01
  9                           0.01      0.01     23.99      0.01         0.01
  12                         23.98     23.98     23.99      0.01         0.01
  15                         23.99     23.99     23.99      0.01         0.01
  18                         23.99     23.99     23.99      0.01         0.01
  19                         23.97     23.97     23.99      0.01         0.01
  21                          0.01      0.01     23.98      0.01         0.01
  23                          0.01     23.95      0.01      0.01         0.01
  25                         23.93     23.93     23.99      0.01         0.01
  31                          0.01      0.01     23.90      0.01         0.01
  33                         23.97     23.97     23.97      0.01         0.01
  13                         23.99     23.99     24.00      0.01         0.01
  22                         23.99     23.99     24.00      0.01         0.01
  24                         23.98     23.98     24.00      0.01         0.01
  30                         23.98     23.98     24.00      0.01         0.01
  34                          0.01      0.01     23.99      0.01         0.01
  38                         23.94     23.94     23.96      0.01         0.01
  48                         23.87     23.87     23.91      0.01         0.01
  54                          0.01      0.01     23.89      0.01         0.01
  1_2_b_1                    23.97     24.00     23.97     24.00        23.97
  1_2_b_2                     0.01      0.01     23.97      0.01         0.01
  1_2_b_4                     0.01      0.01     23.97      0.01         0.01
  1_3_a_2                     0.01      0.01     23.95      0.01         0.01
  1_7_a                       0.01      0.01      0.01     23.88         0.01
  1_7_a_                      0.01      0.01      0.02      0.01         0.01
  1_7_a__                     0.02      0.02     24.00      0.01         0.01
  1_7_a_1                     0.02      0.02     24.00     23.99         0.01
  

  Analysis begun on:  Wed Sep 30 16:52:18 2026
  Analysis ended on:  Wed Sep 30 16:52:22 2026
  Total elapsed time: 00:00:04