
  EPA STORM WATER MANAGEMENT MODEL - VERSION 5.2 (Build 5.2.4)
  ------------------------------------------------------------

  Brunnmuehle (Twann) 
  WARNING 08: elevation drop exceeds length for Conduit SS3_L
  WARNING 08: elevation drop exceeds length for Conduit SS6_L
  WARNING 08: elevation drop exceeds length for Conduit 2
  WARNING 08: elevation drop exceeds length for Conduit 3
  WARNING 08: elevation drop exceeds length for Conduit 68
  WARNING 08: elevation drop exceeds length for Conduit 1_2_b_
  WARNING 08: elevation drop exceeds length for Conduit 1_2_b_2
  WARNING 08: elevation drop exceeds length for Conduit 1_4_a
  WARNING 08: elevation drop exceeds length for Conduit 1_4_b
  WARNING 08: elevation drop exceeds length for Conduit 1_5_a
  WARNING 02: maximum depth increased for Node 2
  
  ****************
  Analysis Options
  ****************
  Flow Units ............... CMS
  Process Models:
    Rainfall/Runoff ........ NO
    RDII ................... NO
    Snowmelt ............... NO
    Groundwater ............ NO
    Flow Routing ........... YES
    Ponding Allowed ........ NO
    Water Quality .......... NO
  Flow Routing Method ...... DYNWAVE
  Surcharge Method ......... EXTRAN
  Starting Date ............ 01/01/2000 00:00:00
  Ending Date .............. 01/02/2000 00:00:00
  Antecedent Dry Days ...... 0.0
  Report Time Step ......... 01:00:00
  Routing Time Step ........ 0.50 sec
  Variable Time Step ....... YES
  Maximum Trials ........... 8
  Number of Threads ........ 1
  Head Tolerance ........... 0.001500 m
  
  
  **************************        Volume        Volume
  Flow Routing Continuity        hectare-m      10^6 ltr
  **************************     ---------     ---------
  Dry Weather Inflow .......         0.000         0.000
  Wet Weather Inflow .......         0.000         0.000
  Groundwater Inflow .......         0.000         0.000
  RDII Inflow ..............         0.000         0.000
  External Inflow ..........       133.343      1333.445
  External Outflow .........        88.963       889.635
  Flooding Loss ............        37.684       376.846
  Evaporation Loss .........         0.000         0.000
  Exfiltration Loss ........         0.000         0.000
  Initial Stored Volume ....         0.056         0.561
  Final Stored Volume ......         1.525        15.254
  Continuity Error (%) .....         3.918
  
  
  *************************
  Highest Continuity Errors
  *************************
  Node TWT_Acces_LT_60+110 (100.00%)
  Node TWT_Fensterstollen_60+375 (23.03%)
  Node TWT_Intersection_Sonsto_60+345 (-13.14%)
  Node SonSto_F (6.12%)
  Node 2 (3.95%)
  
  
  ***************************
  Time-Step Critical Elements
  ***************************
  Link 1_4_a (4775.54%)
  Link 1_2_b_2 (74.05%)
  Link 1_4_b (12.19%)
  Link 20 (6.74%)
  Link 1_4_a_1 (2.79%)
  
  
  ********************************
  Highest Flow Instability Indexes
  ********************************
  Link Amont_L (1)
  Link 67 (1)
  Link 33 (1)
  Link 26 (1)
  Link 18 (1)
  
  
  *********************************
  Most Frequent Nonconverging Nodes
  *********************************
  Node Brunnm_Fassung (29.00%)
  Node Brunnmuehle(Teich) (29.00%)
  Node Fensterstollen (29.00%)
  Node Gischeren (29.00%)
  Node Schuettstein (29.00%)
  
  
  *************************
  Routing Time Step Summary
  *************************
  Minimum Time Step           :     0.50 sec
  Average Time Step           :     0.50 sec
  Maximum Time Step           :     0.50 sec
  % of Time in Steady State   :    97.95
  Average Iterations per Step :     4.82
  % of Steps Not Converging   :    29.00
  Time Step Frequencies       :
      0.500 -  0.500 sec      :   100.00 %
      0.500 -  0.500 sec      :     0.00 %
      0.500 -  0.500 sec      :     0.00 %
      0.500 -  0.500 sec      :     0.00 %
      0.500 -  0.500 sec      :     0.00 %
  
  
  ******************
  Node Depth Summary
  ******************
  
  ---------------------------------------------------------------------------------
                                 Average  Maximum  Maximum  Time of Max    Reported
                                   Depth    Depth      HGL   Occurrence   Max Depth
  Node                 Type       Meters   Meters   Meters  days hr:min      Meters
  ---------------------------------------------------------------------------------
  9                    JUNCTION    41.17    42.81   481.31     0  00:01       41.22
  Holiloch_sonde       JUNCTION    38.91    40.91   480.91     0  00:01       38.95
  11                   JUNCTION    45.71    46.02   456.02     0  00:17       45.74
  13                   JUNCTION    45.59    45.64   483.64     0  00:29       45.64
  21                   JUNCTION    40.46    40.81   440.81     0  00:06       40.48
  SonSto_F             JUNCTION     0.20     0.20   438.00     0  00:29        0.20
  Sondierstollen       JUNCTION     0.00     0.00   440.80     0  00:00        0.00
  Aval_Trappe          JUNCTION     0.43     0.43   438.03     0  00:29        0.43
  30                   JUNCTION     0.38     0.38   437.68     0  00:29        0.38
  Gischeren_node       JUNCTION     3.56     3.61   480.11     0  00:29        3.61
  34                   JUNCTION    19.18    19.38   439.38     0  00:06       19.19
  38                   JUNCTION    23.29    23.49   443.49     0  00:06       23.30
  SS6                  JUNCTION     0.07     0.07   448.07     0  00:03        0.07
  40                   JUNCTION    38.56    39.32   458.32     0  00:03       38.60
  41                   JUNCTION    46.01    46.05   483.55     0  00:29       46.05
  SondeSchuettstein    JUNCTION    20.08    21.51   480.51     0  00:01       20.10
  SS4                  JUNCTION     0.07     0.07   448.07     0  00:29        0.07
  47                   JUNCTION    13.38    13.40   478.30     0  00:29       13.40
  48                   JUNCTION     7.98     9.32   480.32     0  00:01        7.99
  SondeGischeren       JUNCTION    14.99    15.11   480.11     0  00:23       15.11
  49                   JUNCTION    12.37    12.83   478.83     0  00:03       12.39
  50                   JUNCTION     8.49     8.57   471.57     0  00:23        8.56
  51                   JUNCTION    63.94    63.99   483.99     0  00:29       63.99
  Amont_C              JUNCTION    67.21    87.54   505.54     0  00:00       67.26
  52                   JUNCTION     5.21     9.48   466.48     0  00:06        5.23
  53                   JUNCTION    13.99    14.72   481.72     0  00:13       14.05
  54                   JUNCTION    16.13    17.45   480.45     0  00:13       16.27
  56                   JUNCTION     7.00     7.25   437.25     0  00:03        7.00
  2                    JUNCTION     3.47     9.42   447.42     0  00:17        3.51
  4                    JUNCTION     8.70     9.18   437.18     0  00:00        8.70
  5                    JUNCTION     5.65     5.66   478.16     0  00:29        5.66
  6                    JUNCTION    20.52    20.55   478.55     0  00:29       20.55
  7                    JUNCTION     3.14     3.15   478.15     0  00:29        3.15
  SS3                  JUNCTION     0.08     0.08   448.08     0  00:29        0.08
  SS5                  JUNCTION     0.68     0.68   439.58     0  00:29        0.68
  8                    JUNCTION     6.07     6.13   480.13     0  00:29        6.13
  10                   JUNCTION    10.36    10.86   478.86     0  00:03       10.38
  SonSto_SS5           JUNCTION     0.17     0.17   439.47     0  00:29        0.17
  SonSto_SS3           JUNCTION     0.10     0.10   439.80     0  00:29        0.10
  SonSto_SS4           JUNCTION     0.17     0.17   439.57     0  00:29        0.17
  Amont_Trappe         JUNCTION     0.34     0.34   438.04     0  00:29        0.34
  SonSto_SS6           JUNCTION     0.15     0.16   438.86     0  00:27        0.15
  SS2                  JUNCTION     0.00     0.00   448.00     0  00:00        0.00
  SonSto_SS2           JUNCTION     0.00     0.00   441.50     0  00:00        0.00
  12                   JUNCTION    22.64    22.67   471.67     0  00:29       22.67
  14                   JUNCTION     9.46    10.37   475.37     0  00:03        9.49
  15                   JUNCTION     0.31     0.31   472.31     0  00:29        0.31
  TWT_PointHaut_60+650 JUNCTION     0.08     0.09   438.59     0  00:11        0.09
  TWT_Fensterstollen_60+375 JUNCTION     0.20     0.20   441.50     0  00:29        0.20
  TWT_Acces_LT_60+110  JUNCTION     4.00     4.04   441.54     0  00:29        4.04
  TWT_Liaison_LT_59+738 JUNCTION     0.00     0.00   450.60     0  00:00        0.00
  Syst_Est_amont       JUNCTION     4.97    48.47   478.47     0  00:13        5.01
  Syst_Est_interm      JUNCTION    20.00    30.98   440.98     0  00:13       20.15
  TWT_Branche_Est_Sonsto_60+540 JUNCTION     0.00     0.00   442.40     0  00:00        0.00
  TWT_Intersection_Sonsto_60+345 JUNCTION     4.48     4.51   441.51     0  00:29        4.51
  TWT_Chrosweg_61+140  JUNCTION     0.08     0.08   432.08     0  00:21        0.08
  SonSto_F_sup         JUNCTION     0.05     0.06   448.06     0  00:27        0.05
  SonSto_porte         JUNCTION     2.96     3.00   441.50     0  00:29        3.00
  Brunnm_Fassung       OUTFALL      0.10     0.10   433.90     0  00:06        0.10
  Brunnmuehle(Teich)   OUTFALL      0.23     0.23   435.73     0  00:18        0.23
  Fensterstollen       OUTFALL      0.34     0.34   437.34     0  00:29        0.34
  Gischeren            OUTFALL      0.10     0.10   480.10     0  00:29        0.10
  Schuettstein         OUTFALL      0.18     0.18   477.73     0  00:29        0.18
  Holiloch             OUTFALL      1.36     1.37   477.87     0  00:29        1.37
  Sauserquelle         OUTFALL      0.40     0.40   435.95     0  00:29        0.40
  Entw_Stollen         OUTFALL      0.18     0.18   436.68     0  00:09        0.18
  Sous_lacustre        OUTFALL      0.10     0.10   429.30     0  00:06        0.10
  Sous_ecoul.          OUTFALL      0.00     0.00   433.00     0  00:06        0.00
  Syst_Est_aval        OUTFALL      0.37     0.39   429.39     0  00:13        0.38
  TWT_Portail_Est_61+665 OUTFALL      0.06     0.06   421.66     0  00:21        0.06
  
  
  *******************
  Node Inflow Summary
  *******************
  
  -------------------------------------------------------------------------------------------------
                                  Maximum  Maximum                  Lateral       Total        Flow
                                  Lateral    Total  Time of Max      Inflow      Inflow     Balance
                                   Inflow   Inflow   Occurrence      Volume      Volume       Error
  Node                 Type           CMS      CMS  days hr:min    10^6 ltr    10^6 ltr     Percent
  -------------------------------------------------------------------------------------------------
  9                    JUNCTION         0     11.5     0  00:00           0         444       0.026
  Holiloch_sonde       JUNCTION         0     10.3     0  00:01           0         412       0.082
  11                   JUNCTION         0    0.239     0  00:29           0        20.6       0.000
  13                   JUNCTION         0     15.2     0  00:00           0    1.09e+03       0.020
  21                   JUNCTION         0    0.413     0  00:18           0        35.6       0.000
  SonSto_F             JUNCTION         0     1.04     0  00:27           0        88.5       6.517
  Sondierstollen       JUNCTION         0        0     0  00:00           0           0       0.000 ltr
  Aval_Trappe          JUNCTION         0     2.85     0  00:29           0         243       2.029
  30                   JUNCTION         0     2.86     0  00:29           0         244       2.992
  Gischeren_node       JUNCTION         0    0.163     0  00:20           0        11.2       0.666
  34                   JUNCTION         0    0.378     0  00:18           0        32.6       0.000
  38                   JUNCTION         0    0.223     0  00:02           0        18.9       0.000
  SS6                  JUNCTION         0    0.148     0  00:03           0        12.6       0.001
  40                   JUNCTION         0     1.62     0  00:29           0         139       0.000
  41                   JUNCTION         0     1.83     0  00:00           0          27       0.056
  SondeSchuettstein    JUNCTION         0    0.542     0  00:01           0        26.9       0.045
  SS4                  JUNCTION         0    0.113     0  00:29           0        9.71       0.004
  47                   JUNCTION         0     6.47     0  00:01           0         383       0.009
  48                   JUNCTION         0    0.394     0  00:01           0        26.9       0.018
  SondeGischeren       JUNCTION         0    0.228     0  00:13           0        13.5       0.373
  49                   JUNCTION         0    0.872     0  00:02           0        12.7       0.447
  50                   JUNCTION         0     0.18     0  00:08           0        13.5       0.017
  51                   JUNCTION         0     28.4     0  00:00           0    1.27e+03      -0.001
  Amont_C              JUNCTION      14.7     39.7     0  00:00    1.27e+03    1.27e+03       0.020
  52                   JUNCTION         0    0.227     0  00:06           0        16.7       0.130
  53                   JUNCTION         0    0.287     0  00:02           0        12.2       0.107
  54                   JUNCTION         0    0.259     0  00:13           0        12.2       0.738
  56                   JUNCTION         0     1.32     0  00:29           0         114       0.000
  2                    JUNCTION         0      2.2     0  00:17           0        7.14       4.112
  4                    JUNCTION         0    0.347     0  00:18           0        29.9       0.019
  5                    JUNCTION         0     4.99     0  00:01           0         383       0.069
  6                    JUNCTION         0     7.56     0  00:01           0         396       0.037
  7                    JUNCTION         0     4.67     0  00:03           0         383       0.152
  SS3                  JUNCTION         0    0.157     0  00:29           0        13.5       0.003
  SS5                  JUNCTION         0    0.431     0  00:28           0        37.1       0.025
  8                    JUNCTION         0     0.36     0  00:13           0        22.9       0.330
  10                   JUNCTION         0     0.63     0  00:03           0        12.7       0.141
  SonSto_SS5           JUNCTION         0    0.564     0  00:28           0        48.5      -0.010
  SonSto_SS3           JUNCTION         0    0.157     0  00:29           0        13.5       0.014
  SonSto_SS4           JUNCTION         0     0.27     0  00:29           0        23.2       0.011
  Amont_Trappe         JUNCTION         0     1.01     0  00:27           0        77.4       1.622
  SonSto_SS6           JUNCTION         0    0.711     0  00:27           0        61.2       0.008
  SS2                  JUNCTION         0        0     0  00:00           0           0       0.000 ltr
  SonSto_SS2           JUNCTION         0        0     0  00:00           0           0       0.000 ltr
  12                   JUNCTION         0    0.334     0  00:01           0        19.4       0.019
  14                   JUNCTION         0     1.57     0  00:03           0         113       0.041
  15                   JUNCTION         0    0.379     0  00:29           0        32.7       0.055
  TWT_PointHaut_60+650 JUNCTION         0    0.175     0  00:29           0        15.1       0.207
  TWT_Fensterstollen_60+375 JUNCTION         0     2.56     0  00:29           0         217      29.917
  TWT_Acces_LT_60+110  JUNCTION         0     7.96     0  00:25           0        54.454434276.991 ltr
  TWT_Liaison_LT_59+738 JUNCTION         0        0     0  00:00           0           0       0.000 ltr
  Syst_Est_amont       JUNCTION     0.735    0.735     0  00:00        63.5        63.5       0.201
  Syst_Est_interm      JUNCTION         0    0.865     0  00:13           0        63.4       0.656
  TWT_Branche_Est_Sonsto_60+540 JUNCTION         0        0     0  00:00           0           0       0.000 ltr
  TWT_Intersection_Sonsto_60+345 JUNCTION         0     53.8     0  00:15           0         590     -11.612
  TWT_Chrosweg_61+140  JUNCTION         0    0.176     0  00:14           0        15.1       0.185
  SonSto_F_sup         JUNCTION         0    0.379     0  00:29           0        32.7       0.004
  SonSto_porte         JUNCTION         0     62.1     0  00:16           0         402       4.755
  Brunnm_Fassung       OUTFALL          0   0.0317     0  00:06           0        2.72       0.000
  Brunnmuehle(Teich)   OUTFALL          0    0.341     0  00:18           0        29.4       0.000
  Fensterstollen       OUTFALL          0     2.78     0  00:29           0         237       0.000
  Gischeren            OUTFALL          0    0.108     0  00:29           0        9.17       0.000
  Schuettstein         OUTFALL          0    0.312     0  00:29           0        26.9       0.000
  Holiloch             OUTFALL          0     4.44     0  00:29           0         382       0.000
  Sauserquelle         OUTFALL          0     1.32     0  00:29           0         114       0.000
  Entw_Stollen         OUTFALL          0    0.103     0  00:18           0        6.66       0.000
  Sous_lacustre        OUTFALL          0   0.0353     0  00:06           0        3.04       0.000
  Sous_ecoul.          OUTFALL          0  0.00594     0  00:06           0       0.507       0.000
  Syst_Est_aval        OUTFALL          0      0.8     0  00:13           0          63       0.000
  TWT_Portail_Est_61+665 OUTFALL          0    0.175     0  00:21           0        15.1       0.000
  
  
  **********************
  Node Surcharge Summary
  **********************
  
  Surcharging occurs when water rises above the top of the highest conduit.
  ---------------------------------------------------------------------
                                               Max. Height   Min. Depth
                                   Hours       Above Crown    Below Rim
  Node                 Type      Surcharged         Meters       Meters
  ---------------------------------------------------------------------
  9                    JUNCTION       23.99         41.009       57.191
  Holiloch_sonde       JUNCTION       23.98         39.009      159.091
  11                   JUNCTION       24.00         45.561      103.979
  13                   JUNCTION       23.99         42.638      354.362
  21                   JUNCTION       24.00         40.210      109.190
  34                   JUNCTION       24.00         18.775       80.625
  38                   JUNCTION       24.00         22.887      126.513
  40                   JUNCTION       24.00         35.323       60.677
  41                   JUNCTION       23.99         45.198      203.952
  SondeSchuettstein    JUNCTION       23.98         20.715        0.000
  47                   JUNCTION       23.97         11.497       86.603
  48                   JUNCTION       23.97          8.523       90.677
  SondeGischeren       JUNCTION       23.87         13.909       84.891
  49                   JUNCTION       23.95          4.828      187.172
  50                   JUNCTION       23.86          8.272      191.428
  51                   JUNCTION       24.00         59.990      336.010
  Amont_C              JUNCTION       24.00         84.541      312.459
  52                   JUNCTION       23.89          9.079       90.521
  53                   JUNCTION       23.96          9.718      185.282
  54                   JUNCTION       23.78         12.451      182.549
  56                   JUNCTION       23.99          6.255       92.745
  2                    JUNCTION       23.66          7.423        0.000
  4                    JUNCTION       23.99          8.531       90.819
  5                    JUNCTION       23.94          0.656       44.344
  6                    JUNCTION       23.97         15.546      179.454
  8                    JUNCTION       23.66          1.130      193.870
  10                   JUNCTION       23.94          2.857      189.143
  12                   JUNCTION       23.98         22.324      177.326
  14                   JUNCTION       23.94          6.369      189.631
  Syst_Est_amont       JUNCTION       23.77         47.475       51.525
  Syst_Est_interm      JUNCTION       23.82         29.478       69.022
  SonSto_porte         JUNCTION       23.51          0.000        0.000
  
  
  *********************
  Node Flooding Summary
  *********************
  
  Flooding refers to all water that overflows a node, whether it ponds or not.
  --------------------------------------------------------------------------
                                                             Total   Maximum
                                 Maximum   Time of Max       Flood    Ponded
                        Hours       Rate    Occurrence      Volume     Depth
  Node                 Flooded       CMS   days hr:min    10^6 ltr    Meters
  --------------------------------------------------------------------------
  SonSto_porte           23.51      4.45      0  00:29     376.845     0.000
  
  
  ***********************
  Outfall Loading Summary
  ***********************
  
  -----------------------------------------------------------
                         Flow       Avg       Max       Total
                         Freq      Flow      Flow      Volume
  Outfall Node           Pcnt       CMS       CMS    10^6 ltr
  -----------------------------------------------------------
  Brunnm_Fassung        99.94    0.0315    0.0317       2.717
  Brunnmuehle(Teich)    99.94      0.34     0.341      29.361
  Fensterstollen        99.87      2.74      2.78     236.640
  Gischeren             98.45     0.108     0.108       9.174
  Schuettstein          99.88     0.312     0.312      26.919
  Holiloch              99.80      4.44      4.44     382.455
  Sauserquelle          99.97      1.32      1.32     114.139
  Entw_Stollen          99.95    0.0771     0.103       6.661
  Sous_lacustre        100.00    0.0351    0.0353       3.035
  Sous_ecoul.           99.94   0.00587   0.00594       0.507
  Syst_Est_aval         99.25     0.734       0.8      62.957
  TWT_Portail_Est_61+665  99.94     0.174     0.175      15.065
  -----------------------------------------------------------
  System                99.74      10.3      10.4     889.631
  
  
  ********************
  Link Flow Summary
  ********************
  
  -----------------------------------------------------------------------------
                                 Maximum  Time of Max   Maximum    Max/    Max/
                                  |Flow|   Occurrence   |Veloc|    Full    Full
  Link                 Type          CMS  days hr:min     m/sec    Flow   Depth
  -----------------------------------------------------------------------------
  Brunn_Fassung_L      CONDUIT    0.0317     0  00:06      1.38    0.52    0.76
  11                   CONDUIT      10.3     0  00:01      6.84    1.55    1.00
  14                   CONDUIT      11.5     0  00:00      7.85    6.27    1.00
  16                   CONDUIT     0.239     0  00:29      2.79    1.67    1.00
  17                   CONDUIT     0.223     0  00:02      0.79    0.38    1.00
  26                   CONDUIT      1.83     0  00:00      3.22    2.47    1.00
  27                   CONDUIT    0.0665     0  00:29      1.81    0.86    0.95
  Gischeren_L          CONDUIT     0.108     0  00:29      0.17    0.01    0.54
  Schuettstein_L       CONDUIT     0.312     0  00:29      2.21    0.27    0.68
  Brunnmuehle_L        CONDUIT     0.378     0  00:18      1.34    0.18    1.00
  32                   CONDUIT         0     0  00:00      0.00    0.00    0.00
  35                   CONDUIT    0.0805     0  00:13      0.12    0.01    1.00
  45                   CONDUIT     0.722     0  00:27      5.85    0.01    0.06
  46                   CONDUIT      1.32     0  00:29      4.68    1.32    1.00
  47                   CONDUIT    0.0975     0  00:01      2.57    6.08    1.00
  50                   CONDUIT     0.394     0  00:01      1.15    0.07    1.00
  51                   CONDUIT     0.294     0  00:29      3.06    0.82    1.00
  53                   CONDUIT     0.223     0  00:02      1.34    1.13    1.00
  Fenster_L            CONDUIT      2.78     0  00:29      5.76    0.03    0.12
  58                   CONDUIT      2.79     0  00:29      4.85    0.04    0.14
  59                   CONDUIT     0.565     0  00:27      3.82    0.01    0.05
  61                   CONDUIT     0.542     0  00:01      2.50    0.76    1.00
  63                   CONDUIT     0.148     0  00:03      2.05    0.67    0.52
  66                   CONDUIT      0.18     0  00:08      2.63    2.37    1.00
  67                   CONDUIT      14.9     0  00:00      3.98    0.15    1.00
  Amont_L              CONDUIT      28.4     0  00:00      4.02    1.54    1.00
  69                   CONDUIT     0.227     0  00:06      1.92    0.89    1.00
  70                   CONDUIT     0.194     0  00:29      1.54    0.60    1.00
  71                   CONDUIT     0.287     0  00:02      1.25    0.51    1.00
  72                   CONDUIT     0.259     0  00:13      1.28    1.23    1.00
  Sauser_L             CONDUIT      1.32     0  00:29      2.25    0.34    0.70
  75                   CONDUIT     0.113     0  00:29      3.41    1.15    0.65
  Entw_Sto_L           CONDUIT     0.103     0  00:18      4.03    2.37    1.00
  4                    CONDUIT     0.028     0  00:16      1.20    1.25    1.00
  5                    CONDUIT    0.0233     0  00:08      0.98    0.83    1.00
  6                    CONDUIT    0.0353     0  00:06      1.38    0.53    0.76
  7                    CONDUIT     0.347     0  00:18      1.77    0.53    1.00
  Brunn_Teich_L        CONDUIT     0.341     0  00:18      1.43    0.26    0.67
  9                    CONDUIT   0.00594     0  00:06      1.49    0.00    0.50
  12                   CONDUIT      4.99     0  00:01      3.09    0.10    1.00
  15                   CONDUIT      7.56     0  00:01      4.18    0.20    1.00
  18                   CONDUIT      6.47     0  00:01      3.55    0.26    1.00
  19                   CONDUIT     0.872     0  00:02      1.18    0.83    1.00
  20                   CONDUIT      1.02     0  00:27      4.76    0.08    0.39
  21                   CONDUIT      4.67     0  00:03      0.55    0.03    0.82
  Hooliloch_L          CONDUIT      4.44     0  00:29      1.09    0.09    0.56
  23                   CONDUIT     0.157     0  00:29      3.35    0.98    0.63
  25                   CONDUIT      0.36     0  00:13      1.36    0.29    1.00
  28                   CONDUIT     0.157     0  00:29      1.37    0.00    0.05
  29                   CONDUIT     0.133     0  00:29      0.85    0.01    0.06
  31                   CONDUIT     0.163     0  00:20      0.34    0.10    0.86
  33                   CONDUIT      0.63     0  00:03      0.77    0.24    1.00
  37                   CONDUIT     0.431     0  00:28      0.71    0.01    0.14
  SS3_L                CONDUIT     0.157     0  00:29      3.15    0.00    0.05
  40                   CONDUIT      1.01     0  00:27      2.20    0.01    0.07
  SS6_L                CONDUIT     0.148     0  00:03      2.33    0.00    0.06
  1                    CONDUIT         0     0  00:00      0.00    0.00    0.02
  2                    CONDUIT         0     0  00:00      0.00    0.00    0.00
  3                    CONDUIT     0.113     0  00:29      2.63    0.01    0.12
  10                   CONDUIT     0.138     0  00:13      0.23    0.00    0.14
  13                   CONDUIT     0.334     0  00:01      3.64    0.72    1.00
  22                   CONDUIT     0.266     0  00:01      2.76    0.66    1.00
  24                   CONDUIT      1.57     0  00:03      2.23    0.00    1.00
  30                   CONDUIT      1.31     0  00:29      1.83    0.55    1.00
  34                   CONDUIT     0.379     0  00:29      1.90    0.42    0.78
  36                   CONDUIT     0.379     0  00:29      5.52    0.40    0.33
  38                   CONDUIT     0.228     0  00:13      2.42    0.09    1.00
  48                   CONDUIT     0.865     0  00:13      2.40    0.58    1.00
  54                   CONDUIT       0.8     0  00:13      0.68    0.15    0.63
  68                   CONDUIT     0.332     0  00:27      7.74    0.00    0.04
  73                   CONDUIT      2.15     0  00:13      1.35    0.50    1.00
  TWT1                 CONDUIT     0.175     0  00:21      2.34    0.00    0.01
  TWT2                 CONDUIT     0.176     0  00:14      1.94    0.00    0.01
  1_1_b_3              CONDUIT     0.175     0  00:29      1.52    3.99    0.59
  TWT3                 CONDUIT         0     0  00:00      0.00    0.00    0.01
  TWT4                 CONDUIT         0     0  00:00      0.00    0.00    0.01
  1_2_b_               CONDUIT         0     0  00:00      0.00    0.00    0.00
  1_2_b_2              CONDUIT    0.0625     0  00:29      7.99    0.02    0.25
  TWT5                 CONDUIT       2.5     0  00:29      0.20    0.00    0.29
  1_4_a                CONDUIT      1.97     0  00:29      4.92    0.01    0.11
  1_4_a_1              CONDUIT      7.16     0  00:03     40.13    9.60    1.00
  TWT6                 CONDUIT      7.96     0  00:25      1.75    0.02    0.53
  1_4_b                CONDUIT      62.1     0  00:16     11.91    0.09    1.00
  TWT7                 CONDUIT         0     0  00:00      0.00    0.00    0.25
  1_5_a                CONDUIT         0     0  00:00      0.00    0.00    0.50
  
  
  ***************************
  Flow Classification Summary
  ***************************
  
  -------------------------------------------------------------------------------------
                      Adjusted    ---------- Fraction of Time in Flow Class ---------- 
                       /Actual         Up    Down  Sub   Sup   Up    Down  Norm  Inlet 
  Conduit               Length    Dry  Dry   Dry   Crit  Crit  Crit  Crit  Ltd   Ctrl  
  -------------------------------------------------------------------------------------
  Brunn_Fassung_L         1.00   0.00  0.00  0.00  0.00  1.00  0.00  0.00  0.00  0.00
  11                      1.00   0.00  0.00  0.00  1.00  0.00  0.00  0.00  0.00  0.00
  14                      1.00   0.00  0.00  0.00  1.00  0.00  0.00  0.00  0.00  0.00
  16                      1.00   0.00  0.00  0.00  1.00  0.00  0.00  0.00  0.00  0.00
  17                      1.00   0.00  0.00  0.00  1.00  0.00  0.00  0.00  0.00  0.00
  26                      1.00   0.00  0.00  0.00  1.00  0.00  0.00  0.00  0.00  0.00
  27                      1.00   0.00  0.00  0.00  0.98  0.02  0.00  0.00  0.02  0.00
  Gischeren_L             1.00   0.01  0.01  0.00  0.98  0.00  0.00  0.00  0.00  0.00
  Schuettstein_L          1.00   0.00  0.00  0.00  0.00  1.00  0.00  0.00  0.00  0.00
  Brunnmuehle_L           1.00   0.00  0.00  0.00  1.00  0.00  0.00  0.00  0.00  0.00
  32                      1.00   1.00  0.00  0.00  0.00  0.00  0.00  0.00  0.00  0.00
  35                      1.00   0.00  0.01  0.00  0.99  0.00  0.00  0.00  0.00  0.00
  45                      1.00   0.00  0.00  0.00  0.00  1.00  0.00  0.00  0.98  0.00
  46                      1.00   0.00  0.00  0.00  1.00  0.00  0.00  0.00  0.00  0.00
  47                      1.00   0.00  0.00  0.00  1.00  0.00  0.00  0.00  0.00  0.00
  50                      1.00   0.00  0.00  0.00  1.00  0.00  0.00  0.00  0.00  0.00
  51                      1.00   0.00  0.00  0.00  1.00  0.00  0.00  0.00  0.00  0.00
  53                      1.00   0.00  0.00  0.00  1.00  0.00  0.00  0.00  0.00  0.00
  Fenster_L               1.00   0.00  0.00  0.00  0.00  1.00  0.00  0.00  0.00  0.00
  58                      1.00   0.00  0.00  0.00  0.00  1.00  0.00  0.00  0.01  0.00
  59                      1.00   0.00  0.00  0.00  0.00  1.00  0.00  0.00  0.00  0.00
  61                      1.00   0.00  0.00  0.00  1.00  0.00  0.00  0.00  0.00  0.00
  63                      1.00   0.00  0.00  0.00  1.00  0.00  0.00  0.00  0.00  0.00
  66                      1.00   0.00  0.00  0.00  1.00  0.00  0.00  0.00  0.00  0.00
  67                      1.00   0.00  0.00  0.00  1.00  0.00  0.00  0.00  0.00  0.00
  Amont_L                 1.00   0.00  0.00  0.00  1.00  0.00  0.00  0.00  0.00  0.00
  69                      1.00   0.00  0.00  0.00  1.00  0.00  0.00  0.00  0.00  0.00
  70                      1.00   0.00  0.00  0.00  1.00  0.00  0.00  0.00  0.00  0.00
  71                      1.00   0.00  0.00  0.00  1.00  0.00  0.00  0.00  0.00  0.00
  72                      1.00   0.00  0.00  0.00  1.00  0.00  0.00  0.00  0.00  0.00
  Sauser_L                1.00   0.00  0.00  0.00  1.00  0.00  0.00  0.00  0.00  0.00
  75                      1.00   0.00  0.00  0.00  0.00  1.00  0.00  0.00  0.00  0.00
  Entw_Sto_L              1.00   0.00  0.00  0.00  0.99  0.01  0.00  0.00  0.00  0.00
  4                       1.00   0.00  0.00  0.00  1.00  0.00  0.00  0.00  0.00  0.00
  5                       1.00   0.00  0.00  0.00  1.00  0.00  0.00  0.00  0.00  0.00
  6                       1.00   0.00  0.00  0.00  0.00  1.00  0.00  0.00  0.00  0.00
  7                       1.00   0.00  0.00  0.00  1.00  0.00  0.00  0.00  0.00  0.00
  Brunn_Teich_L           1.00   0.00  0.00  0.00  1.00  0.00  0.00  0.00  0.00  0.00
  9                       1.00   0.00  0.00  0.00  0.00  1.00  0.00  0.00  0.00  0.00
  12                      1.00   0.00  0.00  0.00  1.00  0.00  0.00  0.00  0.00  0.00
  15                      1.00   0.00  0.00  0.00  1.00  0.00  0.00  0.00  0.00  0.00
  18                      1.00   0.00  0.00  0.00  1.00  0.00  0.00  0.00  0.00  0.00
  19                      1.00   0.00  0.00  0.00  1.00  0.00  0.00  0.00  0.00  0.00
  20                      1.00   0.00  0.00  0.00  0.00  1.00  0.00  0.00  0.00  0.00
  21                      1.00   0.00  0.00  0.00  1.00  0.00  0.00  0.00  0.00  0.00
  Hooliloch_L             1.00   0.00  0.00  0.00  1.00  0.00  0.00  0.00  0.00  0.00
  23                      1.00   0.00  0.00  0.00  0.00  1.00  0.00  0.00  0.00  0.00
  25                      1.00   0.00  0.00  0.00  1.00  0.00  0.00  0.00  0.00  0.00
  28                      1.00   0.00  0.00  0.00  0.00  1.00  0.00  0.00  1.00  0.00
  29                      1.00   0.00  0.00  0.00  1.00  0.00  0.00  0.00  0.01  0.00
  31                      1.00   0.00  0.01  0.00  0.99  0.00  0.00  0.00  0.00  0.00
  33                      1.00   0.00  0.00  0.00  1.00  0.00  0.00  0.00  0.00  0.00
  37                      1.00   0.00  0.00  0.00  1.00  0.00  0.00  0.00  0.00  0.00
  SS3_L                   1.00   0.00  0.00  0.00  0.00  1.00  0.00  0.00  1.00  0.00
  40                      1.00   0.00  0.00  0.00  0.98  0.02  0.00  0.00  0.00  0.00
  SS6_L                   1.00   0.00  0.00  0.00  0.00  1.00  0.00  0.00  1.00  0.00
  1                       1.00   0.00  1.00  0.00  0.00  0.00  0.00  0.00  0.00  0.00
  2                       1.00   1.00  0.00  0.00  0.00  0.00  0.00  0.00  0.00  0.00
  3                       1.00   0.00  0.00  0.00  0.00  1.00  0.00  0.00  1.00  0.00
  10                      1.00   0.00  0.00  0.00  1.00  0.00  0.00  0.00  0.00  0.00
  13                      1.00   0.00  0.00  0.00  1.00  0.00  0.00  0.00  0.00  0.00
  22                      1.00   0.00  0.00  0.00  1.00  0.00  0.00  0.00  0.00  0.00
  24                      1.00   0.00  0.00  0.00  1.00  0.00  0.00  0.00  0.00  0.00
  30                      1.00   0.00  0.00  0.00  1.00  0.00  0.00  0.00  0.00  0.00
  34                      1.00   0.00  0.00  0.00  1.00  0.00  0.00  0.00  0.00  0.00
  36                      1.00   0.00  0.00  0.00  0.00  1.00  0.00  0.00  0.00  0.00
  38                      1.00   0.00  0.00  0.00  1.00  0.00  0.00  0.00  0.00  0.00
  48                      1.00   0.00  0.00  0.00  1.00  0.00  0.00  0.00  0.00  0.00
  54                      1.00   0.00  0.01  0.00  0.99  0.00  0.00  0.00  0.00  0.00
  68                      1.00   0.00  0.00  0.00  0.00  1.00  0.00  0.00  1.00  0.00
  73                      1.00   0.00  0.00  0.00  1.00  0.00  0.00  0.00  0.00  0.00
  TWT1                    1.00   0.00  0.00  0.00  0.00  1.00  0.00  0.00  0.00  0.00
  TWT2                    1.00   0.00  0.00  0.00  0.00  1.00  0.00  0.00  0.00  0.00
  1_1_b_3                 1.00   0.00  0.00  0.00  1.00  0.00  0.00  0.00  0.00  0.00
  TWT3                    1.00   0.00  1.00  0.00  0.00  0.00  0.00  0.00  0.00  0.00
  TWT4                    1.00   0.00  1.00  0.00  0.00  0.00  0.00  0.00  0.00  0.00
  1_2_b_                  1.00   1.00  0.00  0.00  0.00  0.00  0.00  0.00  0.00  0.00
  1_2_b_2                 1.00   0.00  0.00  0.00  0.00  1.00  0.00  0.00  0.98  0.00
  TWT5                    1.00   0.00  0.00  0.00  1.00  0.00  0.00  0.00  0.02  0.00
  1_4_a                   1.00   0.00  0.00  0.00  0.02  0.98  0.00  0.00  1.00  0.00
  1_4_a_1                 1.00   0.00  0.00  0.00  1.00  0.00  0.00  0.00  0.00  0.00
  TWT6                    1.00   0.00  0.00  0.00  1.00  0.00  0.00  0.00  0.00  0.00
  1_4_b                   1.00   0.00  0.00  0.00  1.00  0.00  0.00  0.00  0.00  0.00
  TWT7                    1.00   0.00  1.00  0.00  0.00  0.00  0.00  0.00  0.00  0.00
  1_5_a                   1.00   0.00  1.00  0.00  0.00  0.00  0.00  0.00  0.00  0.00
  
  
  *************************
  Conduit Surcharge Summary
  *************************
  
  ----------------------------------------------------------------------------
                                                           Hours        Hours 
                         --------- Hours Full --------   Above Full   Capacity
  Conduit                Both Ends  Upstream  Dnstream   Normal Flow   Limited
  ----------------------------------------------------------------------------
  Brunn_Fassung_L             0.01      0.01     24.00      0.01         0.01
  11                         23.98     23.98     23.99      0.02         0.01
  14                         23.99     23.99     23.99     23.99         0.01
  16                         24.00     24.00     24.00     23.99        23.99
  17                         24.00     24.00     24.00      0.01         0.01
  26                         23.99     23.99     23.99      0.01         0.01
  27                          0.01      0.01     23.55      0.01         0.01
  Gischeren_L                 0.01      0.01     23.63      0.01         0.01
  Schuettstein_L              0.01      0.01     23.97      0.01         0.01
  Brunnmuehle_L              24.00     24.00     24.00      0.01         0.01
  35                         23.72     23.72     23.78      0.01         0.01
  46                         24.00     24.00     24.00     23.97         0.01
  47                         24.00     24.00     24.00     24.00        24.00
  50                         23.97     23.97     23.98      0.01         0.01
  51                         23.97     23.97     24.00      0.01         0.01
  53                         24.00     24.00     24.00     23.98         0.01
  61                         23.98     23.98     23.99      0.01         0.01
  63                          0.01     23.96      0.01      0.01         0.01
  66                         23.86     23.95     23.86     23.93        23.86
  67                         23.99     23.99     24.00      0.01         0.01
  Amont_L                    24.00     24.00     24.00      0.01         0.01
  69                         23.89     23.89     24.00      0.01         0.01
  70                         23.89     23.89     24.00      0.01         0.01
  71                         23.96     23.96     23.99      0.01         0.01
  72                         23.78     23.96     23.78      0.16         0.01
  Sauser_L                    0.01      0.01     24.00      0.01         0.01
  75                          0.01     23.95      0.01     23.78         0.01
  Entw_Sto_L                 23.84     23.86     23.84     23.86        23.84
  4                          23.86     23.95     23.86     23.87        23.86
  5                          23.86     23.86     24.00      0.01         0.01
  6                           0.01      0.01     24.00      0.01         0.01
  7                          23.99     23.99     24.00      0.01         0.01
  Brunn_Teich_L               0.01      0.01     23.99      0.01         0.01
  9                           0.01      0.01     23.99      0.01         0.01
  12                         23.97     23.97     23.97      0.01         0.01
  15                         23.98     23.98     23.98      0.01         0.01
  18                         23.97     23.97     23.97      0.01         0.01
  19                         23.96     23.96     23.97      0.01         0.01
  21                          0.01      0.01     23.94      0.01         0.01
  23                          0.01     23.86      0.01      0.01         0.01
  25                         23.78     23.78     23.97      0.01         0.01
  31                          0.01      0.01     23.66      0.01         0.01
  33                         23.94     23.94     23.95      0.01         0.01
  13                         23.98     23.98     24.00      0.01         0.01
  22                         23.98     23.98     24.00      0.01         0.01
  24                         23.94     23.94     24.00      0.01         0.01
  30                         23.94     23.94     24.00      0.01         0.01
  34                          0.01      0.01     23.99      0.01         0.01
  38                         23.81     23.81     23.88      0.01         0.01
  48                         23.77     23.77     23.87      0.01         0.01
  54                          0.01      0.01     23.82      0.01         0.01
  73                         23.65     23.66     23.66      0.01         0.01
  1_1_b_3                     0.01     23.99      0.01     23.98         0.01
  1_4_a_1                    23.98     24.00     23.98     23.99        23.98
  1_4_b                      23.51     23.51     23.72      0.01         0.01
  

  Analysis begun on:  Thu Aug 20 12:32:58 2026
  Analysis ended on:  Thu Aug 20 12:33:00 2026
  Total elapsed time: 00:00:02