
  EPA STORM WATER MANAGEMENT MODEL - VERSION 5.2 (Build 5.2.4)
  ------------------------------------------------------------

  Brunnmuehle (Twann) 
  WARNING 08: elevation drop exceeds length for Conduit SS3_L
  WARNING 08: elevation drop exceeds length for Conduit SS6_L
  WARNING 08: elevation drop exceeds length for Conduit 2
  WARNING 08: elevation drop exceeds length for Conduit 3
  WARNING 08: elevation drop exceeds length for Conduit 68
  WARNING 08: elevation drop exceeds length for Conduit 1_2_b_
  WARNING 08: elevation drop exceeds length for Conduit 1_2_b_2
  WARNING 08: elevation drop exceeds length for Conduit 1_2_b_3
  WARNING 08: elevation drop exceeds length for Conduit 1_2_b_6
  WARNING 08: elevation drop exceeds length for Conduit 1_3_a_2
  WARNING 08: elevation drop exceeds length for Conduit 1_4_a
  WARNING 08: elevation drop exceeds length for Conduit 1_4_a_2
  WARNING 02: maximum depth increased for Node 2
  
  ****************
  Analysis Options
  ****************
  Flow Units ............... CMS
  Process Models:
    Rainfall/Runoff ........ NO
    RDII ................... NO
    Snowmelt ............... NO
    Groundwater ............ NO
    Flow Routing ........... YES
    Ponding Allowed ........ NO
    Water Quality .......... NO
  Flow Routing Method ...... DYNWAVE
  Surcharge Method ......... EXTRAN
  Starting Date ............ 01/01/2000 00:00:00
  Ending Date .............. 01/02/2000 00:00:00
  Antecedent Dry Days ...... 0.0
  Report Time Step ......... 01:00:00
  Routing Time Step ........ 0.50 sec
  Variable Time Step ....... YES
  Maximum Trials ........... 8
  Number of Threads ........ 1
  Head Tolerance ........... 0.001500 m
  
  
  **************************        Volume        Volume
  Flow Routing Continuity        hectare-m      10^6 ltr
  **************************     ---------     ---------
  Dry Weather Inflow .......         0.000         0.000
  Wet Weather Inflow .......         0.000         0.000
  Groundwater Inflow .......         0.000         0.000
  RDII Inflow ..............         0.000         0.000
  External Inflow ..........       133.343      1333.445
  External Outflow .........       126.493      1264.940
  Flooding Loss ............         0.000         0.000
  Evaporation Loss .........         0.000         0.000
  Exfiltration Loss ........         0.000         0.000
  Initial Stored Volume ....         0.056         0.563
  Final Stored Volume ......         0.262         2.616
  Continuity Error (%) .....         4.981
  
  
  *************************
  Highest Continuity Errors
  *************************
  Node Syst_Est_interm (100.00%)
  Node 2 (46.44%)
  Node SonSto_SS4 (-10.27%)
  Node SonSto_SS5 (3.93%)
  Node SS5 (2.93%)
  
  
  ***************************
  Time-Step Critical Elements
  ***************************
  Link 1_4_a (15210.57%)
  Link 20 (3.08%)
  Link 1_2_b_2 (2.11%)
  
  
  ********************************
  Highest Flow Instability Indexes
  ********************************
  All links are stable.
  
  
  *********************************
  Most Frequent Nonconverging Nodes
  *********************************
  Node Brunnm_Fassung (44.67%)
  Node Brunnmuehle(Teich) (44.67%)
  Node Fensterstollen (44.67%)
  Node Gischeren (44.67%)
  Node Schuettstein (44.67%)
  
  
  *************************
  Routing Time Step Summary
  *************************
  Minimum Time Step           :     0.50 sec
  Average Time Step           :     0.50 sec
  Maximum Time Step           :     0.50 sec
  % of Time in Steady State   :    99.34
  Average Iterations per Step :     7.13
  % of Steps Not Converging   :    44.67
  Time Step Frequencies       :
      0.500 -  0.500 sec      :   100.00 %
      0.500 -  0.500 sec      :     0.00 %
      0.500 -  0.500 sec      :     0.00 %
      0.500 -  0.500 sec      :     0.00 %
      0.500 -  0.500 sec      :     0.00 %
  
  
  ******************
  Node Depth Summary
  ******************
  
  ---------------------------------------------------------------------------------
                                 Average  Maximum  Maximum  Time of Max    Reported
                                   Depth    Depth      HGL   Occurrence   Max Depth
  Node                 Type       Meters   Meters   Meters  days hr:min      Meters
  ---------------------------------------------------------------------------------
  9                    JUNCTION    47.28    50.51   489.01     0  00:00       47.31
  Holiloch_sonde       JUNCTION    42.51    48.78   488.78     0  00:00       42.54
  11                   JUNCTION    31.59    31.69   441.69     0  00:00       31.60
  13                   JUNCTION    63.86    64.33   502.33     0  00:03       63.90
  21                   JUNCTION    38.71    39.83   439.83     0  00:03       38.72
  SonSto_F             JUNCTION     0.18     0.18   437.98     0  00:09        0.18
  Sondierstollen       JUNCTION     0.00     0.00   440.80     0  00:00        0.00
  Aval_Trappe          JUNCTION     0.35     0.36   437.96     0  00:02        0.35
  30                   JUNCTION     0.32     0.33   437.63     0  00:02        0.32
  Gischeren_node       JUNCTION     3.80     3.82   480.32     0  00:09        3.82
  34                   JUNCTION    17.91    18.83   438.83     0  00:03       17.92
  38                   JUNCTION    19.24    20.17   440.17     0  00:03       19.25
  SS6                  JUNCTION     0.05     0.06   448.06     0  00:02        0.05
  40                   JUNCTION    33.72    36.30   455.30     0  00:01       33.74
  41                   JUNCTION    63.98    64.43   501.93     0  00:03       64.01
  SondeSchuettstein    JUNCTION    23.27    25.30   484.30     0  00:01       23.29
  SS4                  JUNCTION     0.08     0.08   448.08     0  00:09        0.08
  47                   JUNCTION    14.56    17.04   481.94     0  00:01       14.57
  48                   JUNCTION    10.82    12.69   483.69     0  00:01       10.83
  SondeGischeren       JUNCTION    15.29    15.34   480.34     0  00:09       15.33
  49                   JUNCTION    14.46    16.19   482.19     0  00:02       14.48
  50                   JUNCTION     8.70     8.73   471.73     0  00:09        8.73
  51                   JUNCTION    82.17    82.64   502.64     0  00:03       82.21
  Amont_C              JUNCTION    85.44    87.57   505.57     0  00:00       85.48
  52                   JUNCTION    13.43    27.63   484.63     0  00:03       13.47
  53                   JUNCTION    30.97    32.60   499.60     0  00:08       31.06
  54                   JUNCTION    32.22    34.22   497.22     0  00:08       32.41
  56                   JUNCTION     6.84     7.37   437.37     0  00:01        6.84
  2                    JUNCTION     0.09     0.09   438.09     0  00:09        0.09
  4                    JUNCTION     8.39     9.12   437.12     0  00:00        8.39
  5                    JUNCTION     6.29     6.32   478.82     0  00:03        6.30
  6                    JUNCTION    22.64    23.88   481.88     0  00:01       22.66
  7                    JUNCTION     3.78     3.79   478.79     0  00:03        3.78
  SS3                  JUNCTION     0.08     0.08   448.08     0  00:09        0.08
  SS5                  JUNCTION     0.69     0.69   439.59     0  00:09        0.69
  8                    JUNCTION     6.44     6.47   480.47     0  00:08        6.47
  10                   JUNCTION    12.45    14.23   482.23     0  00:02       12.47
  SonSto_SS5           JUNCTION     0.17     0.17   439.47     0  00:09        0.17
  SonSto_SS3           JUNCTION     0.10     0.10   439.80     0  00:09        0.10
  SonSto_SS4           JUNCTION     0.16     0.17   439.57     0  00:09        0.16
  Amont_Trappe         JUNCTION     0.27     0.27   437.97     0  00:02        0.27
  SonSto_SS6           JUNCTION     0.15     0.15   438.85     0  00:09        0.15
  SS2                  JUNCTION     0.00     0.00   448.00     0  00:00        0.00
  SonSto_SS2           JUNCTION     0.00     0.00   441.50     0  00:00        0.00
  12                   JUNCTION    30.10    30.49   479.49     0  00:01       30.12
  14                   JUNCTION    19.38    21.79   486.79     0  00:01       19.40
  15                   JUNCTION     0.40     0.40   472.40     0  00:04        0.40
  TWT_PointHaut_60+650 JUNCTION     0.00     0.00   438.50     0  00:00        0.00
  TWT_Fensterstollen_60+375 JUNCTION     0.16     0.16   441.46     0  00:02        0.16
  TWT_Acces_LT_60+110  JUNCTION     0.00     0.00   441.50     0  00:00        0.00
  TWT_Liaison_LT_59+738 JUNCTION     0.00     0.00   450.60     0  00:00        0.00
  Syst_Est_amont       JUNCTION     0.50     0.52   430.52     0  00:03        0.50
  Syst_Est_interm      JUNCTION     1.26     1.26   411.26     0  00:09        1.26
  TWT_Branche_Est_Sonsto_60+540 JUNCTION     0.00     0.00   442.40     0  00:00        0.00
  TWT_Intersection_Sonsto_60+345 JUNCTION     0.57     0.64   441.54     0  00:02        0.57
  TWT_Chrosweg_61+140  JUNCTION     0.00     0.00   432.00     0  00:00        0.00
  SonSto_F_sup         JUNCTION     0.06     0.07   448.07     0  00:04        0.06
  SonSto_porte         JUNCTION     0.00     0.00   438.50     0  00:00        0.00
  Brunnm_Fassung       OUTFALL      0.09     0.09   433.89     0  00:03        0.09
  Brunnmuehle(Teich)   OUTFALL      0.20     0.20   435.70     0  00:03        0.20
  Fensterstollen       OUTFALL      0.31     0.31   437.31     0  00:02        0.31
  Gischeren            OUTFALL      0.21     0.21   480.21     0  00:09        0.21
  Schuettstein         OUTFALL      0.27     0.27   477.82     0  00:03        0.27
  Holiloch             OUTFALL      1.83     1.84   478.34     0  00:03        1.83
  Sauserquelle         OUTFALL      0.37     0.38   435.93     0  00:01        0.37
  Entw_Stollen         OUTFALL      0.09     0.09   436.59     0  00:09        0.09
  Sous_lacustre        OUTFALL      0.10     0.10   429.30     0  00:03        0.10
  Sous_ecoul.          OUTFALL      0.00     0.00   433.00     0  00:03        0.00
  Syst_Est_aval        OUTFALL      0.00     0.00   429.00     0  00:00        0.00
  TWT_Portail_Est_61+665 OUTFALL      0.00     0.00   421.60     0  00:00        0.00
  
  
  *******************
  Node Inflow Summary
  *******************
  
  -------------------------------------------------------------------------------------------------
                                  Maximum  Maximum                  Lateral       Total        Flow
                                  Lateral    Total  Time of Max      Inflow      Inflow     Balance
                                   Inflow   Inflow   Occurrence      Volume      Volume       Error
  Node                 Type           CMS      CMS  days hr:min    10^6 ltr    10^6 ltr     Percent
  -------------------------------------------------------------------------------------------------
  9                    JUNCTION         0     14.4     0  00:00           0         901       0.013
  Holiloch_sonde       JUNCTION         0     13.4     0  00:00           0         852       0.009
  11                   JUNCTION         0    0.351     0  00:03           0        30.2       0.000
  13                   JUNCTION         0       15     0  00:00           0    1.03e+03       0.022
  21                   JUNCTION         0    0.332     0  00:03           0        28.4       0.000
  SonSto_F             JUNCTION         0     1.11     0  00:09           0        95.1      -1.234
  Sondierstollen       JUNCTION         0        0     0  00:00           0           0       0.000 ltr
  Aval_Trappe          JUNCTION         0     2.25     0  00:09           0         194       0.121
  30                   JUNCTION         0     2.31     0  00:09           0         200       0.709
  Gischeren_node       JUNCTION         0    0.528     0  00:07           0        42.8       0.176
  34                   JUNCTION         0    0.302     0  00:03           0        25.7       0.000
  38                   JUNCTION         0    0.192     0  00:00           0        8.23       0.000
  SS6                  JUNCTION         0    0.164     0  00:02           0        13.5       0.001
  40                   JUNCTION         0     2.22     0  00:02           0         191       0.000
  41                   JUNCTION         0     1.66     0  00:00           0        56.1       0.029
  SondeSchuettstein    JUNCTION         0    0.851     0  00:00           0        56.1       0.021
  SS4                  JUNCTION         0    0.141     0  00:09           0        12.1       0.002
  47                   JUNCTION         0     11.2     0  00:01           0         838       0.005
  48                   JUNCTION         0    0.689     0  00:01           0          56       0.009
  SondeGischeren       JUNCTION         0    0.413     0  00:05           0        27.6       0.183
  49                   JUNCTION         0     1.09     0  00:01           0        13.6       0.473
  50                   JUNCTION         0    0.181     0  00:03           0        13.6       0.017
  51                   JUNCTION         0     28.4     0  00:00           0    1.27e+03      -0.001
  Amont_C              JUNCTION      14.7     39.7     0  00:00    1.27e+03    1.27e+03       0.020
  52                   JUNCTION         0      0.3     0  00:03           0        20.2       0.107
  53                   JUNCTION         0    0.463     0  00:01           0        14.8       0.083
  54                   JUNCTION         0    0.386     0  00:08           0        14.8       0.754
  56                   JUNCTION         0      1.2     0  00:01           0         100       0.000
  2                    JUNCTION         0   0.0389     0  00:09           0        3.35      86.709
  4                    JUNCTION         0    0.277     0  00:03           0        23.4       0.024
  5                    JUNCTION         0     9.95     0  00:02           0         838       0.031
  6                    JUNCTION         0     11.8     0  00:00           0         852       0.017
  7                    JUNCTION         0     9.96     0  00:02           0         838       0.090
  SS3                  JUNCTION         0    0.157     0  00:09           0        13.6       0.003
  SS5                  JUNCTION         0    0.475     0  00:09           0        40.3       3.022
  8                    JUNCTION         0    0.702     0  00:05           0        56.5       0.132
  10                   JUNCTION         0    0.862     0  00:02           0        13.5       0.222
  SonSto_SS5           JUNCTION         0    0.567     0  00:09           0        48.8       4.096
  SonSto_SS3           JUNCTION         0    0.157     0  00:09           0        13.6       0.014
  SonSto_SS4           JUNCTION         0    0.298     0  00:09           0        25.7      -9.316
  Amont_Trappe         JUNCTION         0     1.05     0  00:09           0        90.3      -0.071
  SonSto_SS6           JUNCTION         0    0.649     0  00:09           0        54.9      -0.244
  SS2                  JUNCTION         0        0     0  00:00           0           0       0.000 ltr
  SonSto_SS2           JUNCTION         0        0     0  00:00           0           0       0.000 ltr
  12                   JUNCTION         0    0.432     0  00:00           0        26.6       0.014
  14                   JUNCTION         0     2.32     0  00:01           0         155       0.030
  15                   JUNCTION         0    0.561     0  00:03           0        48.1       0.237
  TWT_PointHaut_60+650 JUNCTION         0        0     0  00:00           0           0       0.000 ltr
  TWT_Fensterstollen_60+375 JUNCTION         0     1.37     0  00:02           0         104       0.155
  TWT_Acces_LT_60+110  JUNCTION         0        0     0  00:00           0           0       0.000 ltr
  TWT_Liaison_LT_59+738 JUNCTION         0        0     0  00:00           0           0       0.000 ltr
  Syst_Est_amont       JUNCTION     0.735    0.735     0  00:00        63.5        63.5       0.027
  Syst_Est_interm      JUNCTION         0    0.781     0  00:04           0        63.563479670.466 ltr
  TWT_Branche_Est_Sonsto_60+540 JUNCTION         0        0     0  00:00           0           0       0.000 ltr
  TWT_Intersection_Sonsto_60+345 JUNCTION         0    0.445     0  00:01           0        21.2       0.316
  TWT_Chrosweg_61+140  JUNCTION         0        0     0  00:00           0           0       0.000 ltr
  SonSto_F_sup         JUNCTION         0     0.56     0  00:04           0          48       0.013
  SonSto_porte         JUNCTION         0        0     0  00:00           0           0       0.000 ltr
  Brunnm_Fassung       OUTFALL          0   0.0278     0  00:03           0        2.28       0.000
  Brunnmuehle(Teich)   OUTFALL          0    0.273     0  00:03           0        22.9       0.000
  Fensterstollen       OUTFALL          0     2.34     0  00:02           0         198       0.000
  Gischeren            OUTFALL          0    0.497     0  00:09           0        42.7       0.000
  Schuettstein         OUTFALL          0    0.655     0  00:03           0          56       0.000
  Holiloch             OUTFALL          0     9.78     0  00:03           0         837       0.000
  Sauserquelle         OUTFALL          0      1.2     0  00:01           0         100       0.000
  Entw_Stollen         OUTFALL          0   0.0208     0  00:09           0        1.79       0.000
  Sous_lacustre        OUTFALL          0   0.0325     0  00:03           0        2.72       0.000
  Sous_ecoul.          OUTFALL          0  0.00587     0  00:03           0       0.485       0.000
  Syst_Est_aval        OUTFALL          0        0     0  00:00           0           0       0.000 ltr
  TWT_Portail_Est_61+665 OUTFALL          0        0     0  00:00           0           0       0.000 ltr
  
  
  **********************
  Node Surcharge Summary
  **********************
  
  Surcharging occurs when water rises above the top of the highest conduit.
  ---------------------------------------------------------------------
                                               Max. Height   Min. Depth
                                   Hours       Above Crown    Below Rim
  Node                 Type      Surcharged         Meters       Meters
  ---------------------------------------------------------------------
  9                    JUNCTION       23.99         48.714       49.486
  Holiloch_sonde       JUNCTION       23.99         46.883      151.217
  11                   JUNCTION       24.00         31.189      118.311
  13                   JUNCTION       23.99         61.325      335.675
  21                   JUNCTION       24.00         39.233      110.167
  34                   JUNCTION       24.00         18.235       81.165
  38                   JUNCTION       24.00         19.570      129.830
  40                   JUNCTION       24.00         32.302       63.698
  41                   JUNCTION       23.99         63.584      185.566
  SondeSchuettstein    JUNCTION       23.98         24.504        0.000
  47                   JUNCTION       23.98         15.141       82.959
  48                   JUNCTION       23.98         11.891       87.309
  SondeGischeren       JUNCTION       23.94         14.139       84.661
  49                   JUNCTION       23.96          8.185      183.815
  50                   JUNCTION       23.94          8.429      191.271
  51                   JUNCTION       24.00         78.638      317.362
  Amont_C              JUNCTION       24.00         84.566      312.434
  52                   JUNCTION       23.94         27.230       72.370
  53                   JUNCTION       23.98         27.601      167.399
  54                   JUNCTION       23.85         29.220      165.780
  56                   JUNCTION       23.99          6.373       92.627
  4                    JUNCTION       23.99          8.469       90.881
  5                    JUNCTION       23.97          1.317       43.683
  6                    JUNCTION       23.98         18.876      176.124
  8                    JUNCTION       23.87          1.472      193.528
  10                   JUNCTION       23.96          6.229      185.771
  12                   JUNCTION       23.99         30.145      169.505
  14                   JUNCTION       23.97         17.793      178.207
  TWT_Acces_LT_60+110  JUNCTION       24.00          0.000        0.000
  TWT_Liaison_LT_59+738 JUNCTION       24.00          0.000        0.000
  
  
  *********************
  Node Flooding Summary
  *********************
  
  No nodes were flooded.
  
  
  ***********************
  Outfall Loading Summary
  ***********************
  
  -----------------------------------------------------------
                         Flow       Avg       Max       Total
                         Freq      Flow      Flow      Volume
  Outfall Node           Pcnt       CMS       CMS    10^6 ltr
  -----------------------------------------------------------
  Brunnm_Fassung        99.94    0.0264    0.0278       2.279
  Brunnmuehle(Teich)    99.94     0.266     0.273      22.929
  Fensterstollen        99.94       2.3      2.34     198.256
  Gischeren             99.43     0.497     0.497      42.696
  Schuettstein          99.93     0.649     0.655      56.038
  Holiloch              99.89       9.7      9.78     837.401
  Sauserquelle          99.96      1.16       1.2     100.339
  Entw_Stollen          99.94    0.0208    0.0208       1.794
  Sous_lacustre        100.00    0.0315    0.0325       2.717
  Sous_ecoul.           99.94   0.00562   0.00587       0.485
  Syst_Est_aval          0.00         0         0       0.000
  TWT_Portail_Est_61+665   0.00         0         0       0.000
  -----------------------------------------------------------
  System                83.24      14.7      14.7    1264.934
  
  
  ********************
  Link Flow Summary
  ********************
  
  -----------------------------------------------------------------------------
                                 Maximum  Time of Max   Maximum    Max/    Max/
                                  |Flow|   Occurrence   |Veloc|    Full    Full
  Link                 Type          CMS  days hr:min     m/sec    Flow   Depth
  -----------------------------------------------------------------------------
  Brunn_Fassung_L      CONDUIT    0.0278     0  00:03      1.24    0.46    0.74
  11                   CONDUIT      13.4     0  00:00      7.24    2.01    1.00
  14                   CONDUIT      14.4     0  00:00     10.49    7.85    1.00
  16                   CONDUIT     0.351     0  00:03      4.11    2.45    1.00
  17                   CONDUIT     0.192     0  00:00      0.68    0.33    1.00
  26                   CONDUIT      1.66     0  00:00      2.92    2.25    1.00
  27                   CONDUIT    0.0694     0  00:09      1.91    0.89    0.91
  Gischeren_L          CONDUIT     0.497     0  00:09      0.72    0.06    0.59
  Schuettstein_L       CONDUIT     0.655     0  00:03      4.05    0.56    0.77
  Brunnmuehle_L        CONDUIT     0.302     0  00:03      1.07    0.14    1.00
  32                   CONDUIT         0     0  00:00      0.00    0.00    0.00
  35                   CONDUIT     0.265     0  00:05      0.35    0.05    1.00
  45                   CONDUIT     0.645     0  00:09      4.23    0.00    0.05
  46                   CONDUIT       1.2     0  00:01      4.23    1.19    1.00
  47                   CONDUIT      0.12     0  00:00      3.15    7.47    1.00
  50                   CONDUIT     0.689     0  00:01      2.37    0.13    1.00
  51                   CONDUIT     0.262     0  00:01      2.72    0.73    1.00
  53                   CONDUIT     0.192     0  00:00      1.16    0.98    1.00
  Fenster_L            CONDUIT      2.34     0  00:02      5.95    0.02    0.11
  58                   CONDUIT      2.25     0  00:09      5.21    0.03    0.11
  59                   CONDUIT     0.556     0  00:09      3.93    0.01    0.05
  61                   CONDUIT     0.851     0  00:00      4.01    1.20    1.00
  63                   CONDUIT     0.164     0  00:02      2.28    0.74    0.51
  66                   CONDUIT     0.181     0  00:03      2.74    2.39    1.00
  67                   CONDUIT      14.6     0  00:00      3.97    0.14    1.00
  Amont_L              CONDUIT      28.4     0  00:00      4.01    1.54    1.00
  69                   CONDUIT       0.3     0  00:03      2.53    1.17    1.00
  70                   CONDUIT     0.235     0  00:03      1.87    0.73    1.00
  71                   CONDUIT     0.463     0  00:01      2.00    0.82    1.00
  72                   CONDUIT     0.386     0  00:08      1.82    1.83    1.00
  Sauser_L             CONDUIT       1.2     0  00:01      2.07    0.30    0.69
  75                   CONDUIT     0.141     0  00:09      4.18    1.43    0.66
  Entw_Sto_L           CONDUIT    0.0208     0  00:09      1.68    0.48    0.49
  4                    CONDUIT    0.0299     0  00:09      1.36    1.34    0.73
  5                    CONDUIT   0.00892     0  00:09      0.44    0.32    0.75
  6                    CONDUIT    0.0325     0  00:03      1.29    0.49    0.75
  7                    CONDUIT     0.277     0  00:03      1.41    0.43    1.00
  Brunn_Teich_L        CONDUIT     0.273     0  00:03      1.19    0.21    0.66
  9                    CONDUIT   0.00587     0  00:03      1.48    0.00    0.50
  12                   CONDUIT      9.95     0  00:02      5.55    0.20    1.00
  15                   CONDUIT      11.8     0  00:00      5.60    0.30    1.00
  18                   CONDUIT      11.2     0  00:01      5.44    0.45    1.00
  19                   CONDUIT      1.09     0  00:01      1.37    1.04    1.00
  20                   CONDUIT      1.05     0  00:09      3.38    0.08    0.32
  21                   CONDUIT      9.96     0  00:02      1.02    0.07    0.88
  Hooliloch_L          CONDUIT      9.78     0  00:03      1.56    0.19    0.70
  23                   CONDUIT     0.157     0  00:09      3.36    0.98    0.63
  25                   CONDUIT     0.702     0  00:05      2.44    0.57    1.00
  28                   CONDUIT     0.157     0  00:09      1.53    0.00    0.05
  29                   CONDUIT     0.128     0  00:09      0.84    0.01    0.06
  31                   CONDUIT     0.388     0  00:07      0.61    0.24    0.88
  33                   CONDUIT     0.862     0  00:02      0.84    0.33    1.00
  37                   CONDUIT     0.453     0  00:09      0.74    0.01    0.14
  SS3_L                CONDUIT     0.157     0  00:09      3.15    0.00    0.05
  40                   CONDUIT      1.05     0  00:09      1.56    0.01    0.06
  SS6_L                CONDUIT    0.0969     0  00:02      1.82    0.00    0.05
  1                    CONDUIT         0     0  00:00      0.00    0.00    0.02
  2                    CONDUIT         0     0  00:00      0.00    0.00    0.00
  3                    CONDUIT     0.141     0  00:09      3.42    0.01    0.12
  10                   CONDUIT     0.223     0  00:09      0.37    0.00    0.14
  13                   CONDUIT     0.432     0  00:00      4.82    0.94    1.00
  22                   CONDUIT     0.322     0  00:01      3.34    0.80    1.00
  24                   CONDUIT      2.32     0  00:01      3.33    0.00    1.00
  30                   CONDUIT       1.8     0  00:02      2.50    0.75    1.00
  34                   CONDUIT     0.561     0  00:03      2.58    0.63    0.86
  36                   CONDUIT      0.56     0  00:04      5.84    0.60    0.42
  38                   CONDUIT     0.413     0  00:05      2.76    0.15    1.00
  48                   CONDUIT     0.781     0  00:04      2.40    0.52    0.75
  54                   CONDUIT         0     0  00:00      0.00    0.00    0.42
  68                   CONDUIT     0.468     0  00:04      8.90    0.00    0.04
  73                   CONDUIT         0     0  00:00      0.00    0.00    0.02
  TWT1                 CONDUIT         0     0  00:00      0.00    0.00    0.00
  TWT2                 CONDUIT         0     0  00:00      0.00    0.00    0.00
  TWT3                 CONDUIT         0     0  00:00      0.00    0.00    0.00
  TWT4                 CONDUIT         0     0  00:00      0.00    0.00    0.01
  1_2_b_               CONDUIT         0     0  00:00      0.00    0.00    0.00
  1_2_b_2              CONDUIT     0.092     0  00:04      3.23    0.04    0.23
  1_2_b_3              CONDUIT     0.809     0  00:02      5.94    0.55    0.66
  1_2_b_6              CONDUIT    0.0675     0  00:02      2.65    0.03    0.22
  1_3_a_2              CONDUIT         0     0  00:00      0.00    0.00    0.50
  TWT5                 CONDUIT     0.438     0  00:02      0.50    0.00    0.05
  1_4_a                CONDUIT      1.29     0  00:02      4.47    0.01    0.09
  1_4_a_2              CONDUIT     0.249     0  00:03      1.55    0.06    1.00
  
  
  ***************************
  Flow Classification Summary
  ***************************
  
  -------------------------------------------------------------------------------------
                      Adjusted    ---------- Fraction of Time in Flow Class ---------- 
                       /Actual         Up    Down  Sub   Sup   Up    Down  Norm  Inlet 
  Conduit               Length    Dry  Dry   Dry   Crit  Crit  Crit  Crit  Ltd   Ctrl  
  -------------------------------------------------------------------------------------
  Brunn_Fassung_L         1.00   0.00  0.00  0.00  0.00  1.00  0.00  0.00  0.00  0.00
  11                      1.00   0.00  0.00  0.00  1.00  0.00  0.00  0.00  0.00  0.00
  14                      1.00   0.00  0.00  0.00  1.00  0.00  0.00  0.00  0.00  0.00
  16                      1.00   0.00  0.00  0.00  1.00  0.00  0.00  0.00  0.00  0.00
  17                      1.00   0.00  0.00  0.00  1.00  0.00  0.00  0.00  0.00  0.00
  26                      1.00   0.00  0.00  0.00  1.00  0.00  0.00  0.00  0.00  0.00
  27                      1.00   0.00  0.00  0.00  0.00  1.00  0.00  0.00  0.00  0.00
  Gischeren_L             1.00   0.00  0.00  0.00  0.99  0.00  0.00  0.00  0.00  0.00
  Schuettstein_L          1.00   0.00  0.00  0.00  0.00  1.00  0.00  0.00  0.00  0.00
  Brunnmuehle_L           1.00   0.00  0.00  0.00  1.00  0.00  0.00  0.00  0.00  0.00
  32                      1.00   1.00  0.00  0.00  0.00  0.00  0.00  0.00  0.00  0.00
  35                      1.00   0.00  0.00  0.00  1.00  0.00  0.00  0.00  0.00  0.00
  45                      1.00   0.00  0.00  0.00  0.00  1.00  0.00  0.00  1.00  0.00
  46                      1.00   0.00  0.00  0.00  1.00  0.00  0.00  0.00  0.00  0.00
  47                      1.00   0.00  0.00  0.00  1.00  0.00  0.00  0.00  0.00  0.00
  50                      1.00   0.00  0.00  0.00  1.00  0.00  0.00  0.00  0.00  0.00
  51                      1.00   0.00  0.00  0.00  1.00  0.00  0.00  0.00  0.00  0.00
  53                      1.00   0.00  0.00  0.00  1.00  0.00  0.00  0.00  0.00  0.00
  Fenster_L               1.00   0.00  0.00  0.00  0.00  1.00  0.00  0.00  0.00  0.00
  58                      1.00   0.00  0.00  0.00  0.00  1.00  0.00  0.00  0.00  0.00
  59                      1.00   0.00  0.00  0.00  0.00  1.00  0.00  0.00  0.00  0.00
  61                      1.00   0.00  0.00  0.00  1.00  0.00  0.00  0.00  0.00  0.00
  63                      1.00   0.00  0.00  0.00  1.00  0.00  0.00  0.00  0.00  0.00
  66                      1.00   0.00  0.00  0.00  1.00  0.00  0.00  0.00  0.00  0.00
  67                      1.00   0.00  0.00  0.00  1.00  0.00  0.00  0.00  0.00  0.00
  Amont_L                 1.00   0.00  0.00  0.00  1.00  0.00  0.00  0.00  0.00  0.00
  69                      1.00   0.00  0.00  0.00  1.00  0.00  0.00  0.00  0.00  0.00
  70                      1.00   0.00  0.00  0.00  1.00  0.00  0.00  0.00  0.00  0.00
  71                      1.00   0.00  0.00  0.00  1.00  0.00  0.00  0.00  0.00  0.00
  72                      1.00   0.00  0.00  0.00  1.00  0.00  0.00  0.00  0.00  0.00
  Sauser_L                1.00   0.00  0.00  0.00  1.00  0.00  0.00  0.00  0.00  0.00
  75                      1.00   0.00  0.00  0.00  0.00  1.00  0.00  0.00  0.00  0.00
  Entw_Sto_L              1.00   0.00  0.00  0.00  0.00  1.00  0.00  0.00  0.00  0.00
  4                       1.00   0.00  0.00  0.00  0.00  1.00  0.00  0.00  0.00  0.00
  5                       1.00   0.00  0.00  0.00  1.00  0.00  0.00  0.00  0.00  0.00
  6                       1.00   0.00  0.00  0.00  0.00  1.00  0.00  0.00  0.00  0.00
  7                       1.00   0.00  0.00  0.00  1.00  0.00  0.00  0.00  0.00  0.00
  Brunn_Teich_L           1.00   0.00  0.00  0.00  1.00  0.00  0.00  0.00  0.00  0.00
  9                       1.00   0.00  0.00  0.00  0.00  1.00  0.00  0.00  0.00  0.00
  12                      1.00   0.00  0.00  0.00  1.00  0.00  0.00  0.00  0.00  0.00
  15                      1.00   0.00  0.00  0.00  1.00  0.00  0.00  0.00  0.00  0.00
  18                      1.00   0.00  0.00  0.00  1.00  0.00  0.00  0.00  0.00  0.00
  19                      1.00   0.00  0.00  0.00  1.00  0.00  0.00  0.00  0.00  0.00
  20                      1.00   0.00  0.00  0.00  0.00  1.00  0.00  0.00  0.00  0.00
  21                      1.00   0.00  0.00  0.00  1.00  0.00  0.00  0.00  0.00  0.00
  Hooliloch_L             1.00   0.00  0.00  0.00  1.00  0.00  0.00  0.00  0.00  0.00
  23                      1.00   0.00  0.00  0.00  0.00  1.00  0.00  0.00  0.00  0.00
  25                      1.00   0.00  0.00  0.00  1.00  0.00  0.00  0.00  0.00  0.00
  28                      1.00   0.00  0.00  0.00  0.00  1.00  0.00  0.00  1.00  0.00
  29                      1.00   0.00  0.00  0.00  1.00  0.00  0.00  0.00  1.00  0.00
  31                      1.00   0.00  0.00  0.00  1.00  0.00  0.00  0.00  0.00  0.00
  33                      1.00   0.00  0.00  0.00  1.00  0.00  0.00  0.00  0.00  0.00
  37                      1.00   0.00  0.00  0.00  1.00  0.00  0.00  0.00  0.00  0.00
  SS3_L                   1.00   0.00  0.00  0.00  0.00  1.00  0.00  0.00  1.00  0.00
  40                      1.00   0.00  0.00  0.00  0.00  1.00  0.00  0.00  0.00  0.00
  SS6_L                   1.00   0.00  0.00  0.00  0.00  1.00  0.00  0.00  1.00  0.00
  1                       1.00   0.00  1.00  0.00  0.00  0.00  0.00  0.00  0.00  0.00
  2                       1.00   1.00  0.00  0.00  0.00  0.00  0.00  0.00  0.00  0.00
  3                       1.00   0.00  0.00  0.00  0.00  1.00  0.00  0.00  1.00  0.00
  10                      1.00   0.00  0.00  0.00  1.00  0.00  0.00  0.00  0.00  0.00
  13                      1.00   0.00  0.00  0.00  1.00  0.00  0.00  0.00  0.00  0.00
  22                      1.00   0.00  0.00  0.00  1.00  0.00  0.00  0.00  0.00  0.00
  24                      1.00   0.00  0.00  0.00  1.00  0.00  0.00  0.00  0.00  0.00
  30                      1.00   0.00  0.00  0.00  1.00  0.00  0.00  0.00  0.00  0.00
  34                      1.00   0.00  0.00  0.00  0.00  1.00  0.00  0.00  0.00  0.00
  36                      1.00   0.00  0.00  0.00  0.00  1.00  0.00  0.00  0.00  0.00
  38                      1.00   0.00  0.00  0.00  1.00  0.00  0.00  0.00  0.00  0.00
  48                      1.00   0.00  0.00  0.00  1.00  0.00  0.00  0.00  1.00  0.00
  54                      1.00   0.00  1.00  0.00  0.00  0.00  0.00  0.00  0.00  0.00
  68                      1.00   0.00  0.00  0.00  0.00  1.00  0.00  0.00  1.00  0.00
  73                      1.00   0.00  1.00  0.00  0.00  0.00  0.00  0.00  0.00  0.00
  TWT1                    1.00   1.00  0.00  0.00  0.00  0.00  0.00  0.00  0.00  0.00
  TWT2                    1.00   1.00  0.00  0.00  0.00  0.00  0.00  0.00  0.00  0.00
  TWT3                    1.00   1.00  0.00  0.00  0.00  0.00  0.00  0.00  0.00  0.00
  TWT4                    1.00   0.00  1.00  0.00  0.00  0.00  0.00  0.00  0.00  0.00
  1_2_b_                  1.00   1.00  0.00  0.00  0.00  0.00  0.00  0.00  0.00  0.00
  1_2_b_2                 1.00   0.00  0.00  0.00  0.00  1.00  0.00  0.00  1.00  0.00
  1_2_b_3                 1.00   0.00  0.00  0.00  0.00  1.00  0.00  0.00  0.00  0.00
  1_2_b_6                 1.00   0.00  0.00  0.00  0.00  1.00  0.00  0.00  1.00  0.00
  1_3_a_2                 1.00   0.00  1.00  0.00  0.00  0.00  0.00  0.00  0.00  0.00
  TWT5                    1.00   0.00  0.00  0.00  1.00  0.00  0.00  0.00  0.00  0.00
  1_4_a                   1.00   0.00  0.00  0.00  0.00  1.00  0.00  0.00  1.00  0.00
  1_4_a_2                 1.00   0.00  0.00  0.00  1.00  0.00  0.00  0.00  0.00  0.00
  
  
  *************************
  Conduit Surcharge Summary
  *************************
  
  ----------------------------------------------------------------------------
                                                           Hours        Hours 
                         --------- Hours Full --------   Above Full   Capacity
  Conduit                Both Ends  Upstream  Dnstream   Normal Flow   Limited
  ----------------------------------------------------------------------------
  Brunn_Fassung_L             0.01      0.01     24.00      0.01         0.01
  11                         23.99     23.99     23.99     23.99         0.01
  14                         23.99     23.99     23.99     23.99         0.01
  16                         24.00     24.00     24.00     23.99        23.99
  17                         24.00     24.00     24.00      0.01         0.01
  26                         23.99     23.99     23.99      0.01         0.01
  27                          0.01      0.01     23.97      0.01         0.01
  Gischeren_L                 0.01      0.01     23.86      0.01         0.01
  Schuettstein_L              0.01      0.01     23.98      0.01         0.01
  Brunnmuehle_L              24.00     24.00     24.00      0.01         0.01
  35                         23.89     23.89     23.94      0.01         0.01
  46                         24.00     24.00     24.00     23.97         0.01
  47                         24.00     24.00     24.00     24.00        24.00
  50                         23.98     23.98     23.98      0.01         0.01
  51                         23.98     23.98     24.00      0.01         0.01
  53                         24.00     24.00     24.00      0.01         0.01
  61                         23.99     23.99     23.99      0.01         0.01
  63                          0.01     23.97      0.01      0.01         0.01
  66                         23.94     23.97     23.94     23.97        23.94
  67                         23.99     23.99     24.00      0.01         0.01
  Amont_L                    24.00     24.00     24.00      0.01         0.01
  69                         23.94     23.94     24.00      0.02         0.01
  70                         23.94     23.94     24.00      0.01         0.01
  71                         23.98     23.98     23.99      0.01         0.01
  72                         23.85     23.98     23.85      0.13         0.01
  Sauser_L                    0.01      0.01     24.00      0.01         0.01
  75                          0.01     23.97      0.01     23.85         0.01
  4                           0.01     23.97      0.01     23.85         0.01
  5                           0.01      0.01     23.99      0.01         0.01
  6                           0.01      0.01     24.00      0.01         0.01
  7                          23.99     23.99     24.00      0.01         0.01
  Brunn_Teich_L               0.01      0.01     23.99      0.01         0.01
  9                           0.01      0.01     23.99      0.01         0.01
  12                         23.98     23.98     23.98      0.01         0.01
  15                         23.99     23.99     23.99      0.01         0.01
  18                         23.98     23.98     23.98      0.01         0.01
  19                         23.97     23.97     23.98      0.01         0.01
  21                          0.01      0.01     23.97      0.01         0.01
  23                          0.01     23.94      0.01      0.01         0.01
  25                         23.91     23.91     23.99      0.01         0.01
  31                          0.01      0.01     23.87      0.01         0.01
  33                         23.96     23.96     23.96      0.01         0.01
  13                         23.99     23.99     24.00      0.01         0.01
  22                         23.99     23.99     24.00      0.01         0.01
  24                         23.97     23.97     24.00      0.01         0.01
  30                         23.97     23.97     24.00      0.01         0.01
  34                          0.01      0.01     23.99      0.01         0.01
  38                         23.92     23.92     23.95      0.01         0.01
  48                          0.01      0.01     23.87      0.01         0.01
  1_2_b_3                     0.01      0.01     23.99      0.01         0.01
  1_4_a_2                    23.97     23.97     23.99      0.01         0.01
  

  Analysis begun on:  Thu Aug 20 11:34:22 2026
  Analysis ended on:  Thu Aug 20 11:34:25 2026
  Total elapsed time: 00:00:03