
  EPA STORM WATER MANAGEMENT MODEL - VERSION 5.2 (Build 5.2.4)
  ------------------------------------------------------------

  Brunnmuehle (Twann) 
  WARNING 08: elevation drop exceeds length for Conduit SS3_L
  WARNING 08: elevation drop exceeds length for Conduit SS6_L
  WARNING 08: elevation drop exceeds length for Conduit 2
  WARNING 08: elevation drop exceeds length for Conduit 3
  WARNING 08: elevation drop exceeds length for Conduit 68
  WARNING 08: elevation drop exceeds length for Conduit 1_1_a_2
  WARNING 08: elevation drop exceeds length for Conduit 1_2_b_
  WARNING 08: elevation drop exceeds length for Conduit 1_2_b_2
  WARNING 08: elevation drop exceeds length for Conduit 1_2_b_5
  WARNING 08: elevation drop exceeds length for Conduit 1_4_b
  WARNING 08: elevation drop exceeds length for Conduit 1_5_a
  WARNING 04: minimum elevation drop used for Conduit 1_7_a
  WARNING 08: elevation drop exceeds length for Conduit 1_7_a_
  WARNING 08: elevation drop exceeds length for Conduit 1_7_a__
  WARNING 02: maximum depth increased for Node 2
  
  ****************
  Analysis Options
  ****************
  Flow Units ............... CMS
  Process Models:
    Rainfall/Runoff ........ NO
    RDII ................... NO
    Snowmelt ............... NO
    Groundwater ............ NO
    Flow Routing ........... YES
    Ponding Allowed ........ NO
    Water Quality .......... NO
  Flow Routing Method ...... DYNWAVE
  Surcharge Method ......... EXTRAN
  Starting Date ............ 01/01/2000 00:00:00
  Ending Date .............. 01/02/2000 00:00:00
  Antecedent Dry Days ...... 0.0
  Report Time Step ......... 01:00:00
  Routing Time Step ........ 0.50 sec
  Variable Time Step ....... YES
  Maximum Trials ........... 8
  Number of Threads ........ 1
  Head Tolerance ........... 0.001500 m
  
  
  **************************        Volume        Volume
  Flow Routing Continuity        hectare-m      10^6 ltr
  **************************     ---------     ---------
  Dry Weather Inflow .......         0.000         0.000
  Wet Weather Inflow .......         0.000         0.000
  Groundwater Inflow .......         0.000         0.000
  RDII Inflow ..............         0.000         0.000
  External Inflow ..........       207.725      2077.271
  External Outflow .........       197.700      1977.025
  Flooding Loss ............         0.000         0.000
  Evaporation Loss .........         0.000         0.000
  Exfiltration Loss ........         0.000         0.000
  Initial Stored Volume ....         0.057         0.565
  Final Stored Volume ......         0.598         5.985
  Continuity Error (%) .....         4.564
  
  
  *************************
  Highest Continuity Errors
  *************************
  Node TWT_Intersection_Sonsto_60+345 (-3467.17%)
  Node SonSto_F_sup (-255.47%)
  Node TWT_Acces_LT_60+110 (100.00%)
  Node SondeSchuettstein (86.79%)
  Node 47 (72.33%)
  
  
  ***************************
  Time-Step Critical Elements
  ***************************
  Link 1_4_a (20271.95%)
  Link 1_2_b_1 (3.76%)
  
  
  ********************************
  Highest Flow Instability Indexes
  ********************************
  All links are stable.
  
  
  *********************************
  Most Frequent Nonconverging Nodes
  *********************************
  Node Brunnm_Fassung (43.31%)
  Node Brunnmuehle(Teich) (43.31%)
  Node Fensterstollen (43.31%)
  Node Gischeren (43.31%)
  Node Schuettstein (43.31%)
  
  
  *************************
  Routing Time Step Summary
  *************************
  Minimum Time Step           :     0.50 sec
  Average Time Step           :     0.50 sec
  Maximum Time Step           :     0.50 sec
  % of Time in Steady State   :    99.51
  Average Iterations per Step :     5.44
  % of Steps Not Converging   :    43.31
  Time Step Frequencies       :
      0.500 -  0.500 sec      :   100.00 %
      0.500 -  0.500 sec      :     0.00 %
      0.500 -  0.500 sec      :     0.00 %
      0.500 -  0.500 sec      :     0.00 %
      0.500 -  0.500 sec      :     0.00 %
  
  
  ******************
  Node Depth Summary
  ******************
  
  ---------------------------------------------------------------------------------
                                 Average  Maximum  Maximum  Time of Max    Reported
                                   Depth    Depth      HGL   Occurrence   Max Depth
  Node                 Type       Meters   Meters   Meters  days hr:min      Meters
  ---------------------------------------------------------------------------------
  9                    JUNCTION    29.90    35.54   474.04     0  00:00       29.92
  Holiloch_sonde       JUNCTION    28.40    34.26   474.26     0  00:00       28.42
  11                   JUNCTION    39.47    41.58   451.58     0  00:00       39.48
  13                   JUNCTION    30.41    31.58   469.58     0  00:00       30.42
  21                   JUNCTION    38.35    38.36   438.36     0  00:07       38.36
  SonSto_F             JUNCTION     0.67     0.67   438.47     0  00:07        0.67
  Sondierstollen       JUNCTION     0.00     0.00   440.80     0  00:00        0.00
  Aval_Trappe          JUNCTION     0.86     0.86   438.46     0  00:07        0.86
  30                   JUNCTION     0.94     0.95   438.25     0  00:07        0.95
  Gischeren_node       JUNCTION     0.00     0.00   476.50     0  00:00        0.00
  34                   JUNCTION    17.65    18.00   438.00     0  00:00       17.65
  38                   JUNCTION    20.41    20.42   440.42     0  00:07       20.42
  SS6                  JUNCTION     0.03     0.03   448.03     0  00:03        0.03
  40                   JUNCTION    20.06    20.24   439.24     0  00:01       20.06
  41                   JUNCTION    30.91    46.21   483.71     0  00:00       30.92
  SondeSchuettstein    JUNCTION     9.41    13.54   472.54     0  00:01        9.42
  SS4                  JUNCTION     0.03     0.03   448.03     0  00:07        0.03
  47                   JUNCTION     3.52     3.54   468.44     0  00:03        3.52
  48                   JUNCTION     0.00     0.03   471.03     0  00:01        0.00
  SondeGischeren       JUNCTION     0.00     0.00   465.00     0  00:00        0.00
  49                   JUNCTION     2.40     2.44   468.44     0  00:03        2.41
  50                   JUNCTION     0.00     0.00   463.00     0  00:00        0.00
  51                   JUNCTION    49.45    52.63   472.63     0  00:00       49.46
  Amont_C              JUNCTION    54.53   141.12   559.12     0  00:00       54.54
  52                   JUNCTION     0.17     0.17   457.17     0  00:07        0.17
  53                   JUNCTION     1.18     1.18   468.18     0  00:07        1.18
  54                   JUNCTION     0.09     0.09   463.09     0  00:07        0.09
  56                   JUNCTION     6.11     6.15   436.15     0  00:00        6.11
  2                    JUNCTION     0.06     0.06   438.06     0  00:07        0.06
  4                    JUNCTION     8.32     9.17   437.17     0  00:00        8.32
  5                    JUNCTION     0.00     0.00   472.50     0  00:00        0.00
  6                    JUNCTION    10.41    10.44   468.44     0  00:03       10.42
  7                    JUNCTION     0.00     0.00   475.00     0  00:00        0.00
  SS3                  JUNCTION     0.00     0.00   448.00     0  00:00        0.00
  SS5                  JUNCTION     0.22     0.22   439.12     0  00:07        0.22
  8                    JUNCTION     0.00     0.00   474.00     0  00:00        0.00
  10                   JUNCTION     0.39     0.42   468.42     0  00:03        0.40
  SonSto_SS5           JUNCTION     0.00     0.00   439.30     0  00:07        0.00
  SonSto_SS3           JUNCTION     0.00     0.00   439.70     0  00:00        0.00
  SonSto_SS4           JUNCTION     0.02     0.02   439.42     0  00:07        0.02
  Amont_Trappe         JUNCTION     0.76     0.77   438.47     0  00:02        0.76
  SonSto_SS6           JUNCTION     0.03     0.03   438.73     0  00:04        0.03
  SS2                  JUNCTION     0.00     0.00   448.00     0  00:00        0.00
  SonSto_SS2           JUNCTION     0.00     0.00   441.50     0  00:00        0.00
  12                   JUNCTION     6.27     6.28   455.28     0  00:07        6.27
  14                   JUNCTION     0.83     0.84   465.84     0  00:07        0.84
  15                   JUNCTION     0.00     0.00   472.00     0  00:00        0.00
  TWT_PointHaut_60+650 JUNCTION     0.34     0.36   438.86     0  00:03        0.34
  TWT_Fensterstollen_60+375 JUNCTION     1.25     1.25   438.55     0  00:07        1.25
  TWT_Acces_LT_60+110  JUNCTION     1.25     1.25   438.75     0  00:07        1.25
  TWT_Liaison_LT_59+738 JUNCTION     0.00     0.00   450.60     0  00:00        0.00
  Syst_Est_amont       JUNCTION    14.00   100.00   530.00     0  00:06       14.06
  Syst_Est_interm      JUNCTION    22.17    32.28   442.28     0  00:05       22.25
  TWT_Branche_Est_Sonsto_60+540 JUNCTION     0.65     0.82   439.22     0  00:01        0.65
  TWT_Intersection_Sonsto_60+345 JUNCTION     1.44     1.57   438.57     0  00:04        1.44
  TWT_Chrosweg_61+140  JUNCTION     0.26     0.26   432.26     0  00:07        0.26
  SonSto_F_sup         JUNCTION     0.00     0.00   448.00     0  00:00        0.00
  SonSto_porte         JUNCTION     0.01     0.08   438.58     0  00:04        0.01
  Brunnm_Fassung       OUTFALL      0.09     0.09   433.89     0  00:07        0.09
  Brunnmuehle(Teich)   OUTFALL      0.19     0.19   435.69     0  00:07        0.19
  Fensterstollen       OUTFALL      0.87     0.87   437.87     0  00:05        0.87
  Gischeren            OUTFALL      0.00     0.00   480.00     0  00:00        0.00
  Schuettstein         OUTFALL      0.00     0.00   477.55     0  00:00        0.00
  Holiloch             OUTFALL      0.00     0.00   476.50     0  00:00        0.00
  Sauserquelle         OUTFALL      0.24     0.24   435.79     0  00:01        0.24
  Entw_Stollen         OUTFALL      0.06     0.06   436.56     0  00:07        0.06
  Sous_lacustre        OUTFALL      0.10     0.10   429.30     0  00:07        0.10
  Sous_ecoul.          OUTFALL      0.00     0.00   433.00     0  00:00        0.00
  Syst_Est_aval        OUTFALL      0.56     0.56   429.56     0  00:07        0.56
  TWT_Portail_Est_61+665 OUTFALL      0.26     0.26   421.86     0  00:07        0.26
  
  
  *******************
  Node Inflow Summary
  *******************
  
  -------------------------------------------------------------------------------------------------
                                  Maximum  Maximum                  Lateral       Total        Flow
                                  Lateral    Total  Time of Max      Inflow      Inflow     Balance
                                   Inflow   Inflow   Occurrence      Volume      Volume       Error
  Node                 Type           CMS      CMS  days hr:min    10^6 ltr    10^6 ltr     Percent
  -------------------------------------------------------------------------------------------------
  9                    JUNCTION         0     10.5     0  00:00           0        3.71       3.115
  Holiloch_sonde       JUNCTION         0     8.87     0  00:00           0        3.59       1.890
  11                   JUNCTION         0    0.208     0  00:00           0        17.4      -0.001
  13                   JUNCTION         0       23     0  00:00           0    1.88e+03       0.012
  21                   JUNCTION         0    0.309     0  00:07           0        26.7       0.003
  SonSto_F             JUNCTION         0    0.962     0  00:03           0        6.33      35.049
  Sondierstollen       JUNCTION         0        0     0  00:00           0           0       0.000 ltr
  Aval_Trappe          JUNCTION         0     9.53     0  00:03           0         785       0.196
  30                   JUNCTION         0     19.5     0  00:07           0    1.68e+03       5.842
  Gischeren_node       JUNCTION         0        0     0  00:00           0           0       0.000 ltr
  34                   JUNCTION         0    0.279     0  00:07           0        24.1       0.002
  38                   JUNCTION         0    0.203     0  00:00           0        16.2       0.001
  SS6                  JUNCTION         0   0.0315     0  00:03           0        2.53       0.390
  40                   JUNCTION         0     0.82     0  00:07           0        70.8       0.003
  41                   JUNCTION         0     3.12     0  00:00           0      0.0273      70.973
  SondeSchuettstein    JUNCTION         0    0.334     0  00:01           0      0.0122     657.253
  SS4                  JUNCTION         0   0.0193     0  00:07           0        1.67       0.267
  47                   JUNCTION         0     1.57     0  00:01           0      0.0343     261.411
  48                   JUNCTION         0    0.158     0  00:01           0    0.000117      10.795
  SondeGischeren       JUNCTION         0        0     0  00:00           0           0       0.000 ltr
  49                   JUNCTION         0    0.211     0  00:02           0        3.37      24.099
  50                   JUNCTION         0        0     0  00:00           0           0       0.000 ltr
  51                   JUNCTION         0     40.1     0  00:00           0    1.98e+03      -0.002
  Amont_C              JUNCTION      22.9     46.8     0  00:00    1.98e+03    1.98e+03       0.013
  52                   JUNCTION         0    0.126     0  00:07           0        10.8       2.726
  53                   JUNCTION         0   0.0432     0  00:03           0        2.59       3.486
  54                   JUNCTION         0    0.029     0  00:07           0         2.5       3.936
  56                   JUNCTION         0    0.514     0  00:01           0        43.3       0.001
  2                    JUNCTION         0   0.0293     0  00:06           0        1.95     130.551
  4                    JUNCTION         0    0.254     0  00:07           0        21.9       0.027
  5                    JUNCTION         0        0     0  00:00           0           0       0.000 ltr
  6                    JUNCTION         0     5.03     0  00:00           0        3.54       4.009
  7                    JUNCTION         0        0     0  00:00           0           0       0.000 ltr
  SS3                  JUNCTION         0        0     0  00:00           0           0       0.000 ltr
  SS5                  JUNCTION         0   0.0253     0  00:01           0         1.6       8.770
  8                    JUNCTION         0        0     0  00:00           0           0       0.000 ltr
  10                   JUNCTION         0    0.043     0  00:03           0        2.71       7.238
  SonSto_SS5           JUNCTION         0 0.000936     0  00:07           0      0.0806       0.718
  SonSto_SS3           JUNCTION         0        0     0  00:00           0           0       0.000 ltr
  SonSto_SS4           JUNCTION         0   0.0193     0  00:07           0        1.66       0.304
  Amont_Trappe         JUNCTION         0     1.15     0  00:02           0        4.21       9.377
  SonSto_SS6           JUNCTION         0   0.0318     0  00:03           0        2.57       2.855
  SS2                  JUNCTION         0        0     0  00:00           0           0       0.000 ltr
  SonSto_SS2           JUNCTION         0        0     0  00:00           0           0       0.000 ltr
  12                   JUNCTION         0    0.263     0  00:01           0        20.9       0.017
  14                   JUNCTION         0    0.474     0  00:07           0        40.9       0.149
  15                   JUNCTION         0   0.0535     0  00:00           0     2.7e-05     -98.526
  TWT_PointHaut_60+650 JUNCTION         0     3.34     0  00:02           0         237      -3.603
  TWT_Fensterstollen_60+375 JUNCTION         0     22.2     0  00:06           0    1.76e+03       4.531
  TWT_Acces_LT_60+110  JUNCTION         0     7.17     0  00:04           0          4141047795.405 ltr
  TWT_Liaison_LT_59+738 JUNCTION         0        0     0  00:00           0           0       0.000 ltr
  Syst_Est_amont       JUNCTION      1.15     1.15     0  00:00        98.9        98.9       0.130
  Syst_Est_interm      JUNCTION         0     2.23     0  00:05           0         137       0.305
  TWT_Branche_Est_Sonsto_60+540 JUNCTION         0     11.3     0  00:04           0         971       1.440
  TWT_Intersection_Sonsto_60+345 JUNCTION         0     11.4     0  00:04           0        4.25     -97.197
  TWT_Chrosweg_61+140  JUNCTION         0     3.55     0  00:05           0         246      12.324
  SonSto_F_sup         JUNCTION         0 5.93e-05     0  00:00           0     0.00075     -71.868
  SonSto_porte         JUNCTION         0    0.321     0  00:06           0      0.0148     -99.264
  Brunnm_Fassung       OUTFALL          0   0.0253     0  00:07           0        2.18       0.000
  Brunnmuehle(Teich)   OUTFALL          0    0.248     0  00:07           0        21.4       0.000
  Fensterstollen       OUTFALL          0     18.5     0  00:05           0    1.59e+03       0.000
  Gischeren            OUTFALL          0        0     0  00:00           0           0       0.000 ltr
  Schuettstein         OUTFALL          0        0     0  00:00           0           0       0.000 ltr
  Holiloch             OUTFALL          0        0     0  00:00           0           0       0.000 ltr
  Sauserquelle         OUTFALL          0    0.514     0  00:01           0        43.3       0.000
  Entw_Stollen         OUTFALL          0  0.00984     0  00:07           0       0.847       0.000
  Sous_lacustre        OUTFALL          0   0.0307     0  00:07           0        2.65       0.000
  Sous_ecoul.          OUTFALL          0  0.00573     0  00:00           0        0.48       0.000
  Syst_Est_aval        OUTFALL          0     1.58     0  00:07           0         136       0.000
  TWT_Portail_Est_61+665 OUTFALL          0      2.1     0  00:07           0         181       0.000
  
  
  **********************
  Node Surcharge Summary
  **********************
  
  Surcharging occurs when water rises above the top of the highest conduit.
  ---------------------------------------------------------------------
                                               Max. Height   Min. Depth
                                   Hours       Above Crown    Below Rim
  Node                 Type      Surcharged         Meters       Meters
  ---------------------------------------------------------------------
  9                    JUNCTION       23.99         33.744       64.456
  Holiloch_sonde       JUNCTION       23.99         32.359      165.741
  11                   JUNCTION       24.00         41.121      108.419
  13                   JUNCTION       23.99         28.579      368.421
  21                   JUNCTION       24.00         37.756      111.644
  34                   JUNCTION       24.00         17.397       82.003
  38                   JUNCTION       24.00         19.816      129.584
  40                   JUNCTION       24.00         16.241       79.759
  41                   JUNCTION       23.99         45.359      203.791
  SondeSchuettstein    JUNCTION       23.98         12.739        0.000
  47                   JUNCTION       23.97          1.636       96.464
  51                   JUNCTION       24.00         48.634      347.366
  Amont_C              JUNCTION       24.00        138.119      258.881
  56                   JUNCTION       24.00          5.147       93.853
  4                    JUNCTION       23.99          8.515       90.835
  6                    JUNCTION       23.98          5.438      189.562
  12                   JUNCTION       23.98          5.925      193.725
  Syst_Est_amont       JUNCTION       23.90         99.000        0.000
  Syst_Est_interm      JUNCTION       23.91         30.777       67.723
  
  
  *********************
  Node Flooding Summary
  *********************
  
  Flooding refers to all water that overflows a node, whether it ponds or not.
  --------------------------------------------------------------------------
                                                             Total   Maximum
                                 Maximum   Time of Max       Flood    Ponded
                        Hours       Rate    Occurrence      Volume     Depth
  Node                 Flooded       CMS   days hr:min    10^6 ltr    Meters
  --------------------------------------------------------------------------
  Syst_Est_amont          0.01     0.582      0  00:06       0.000     0.000
  
  
  ***********************
  Outfall Loading Summary
  ***********************
  
  -----------------------------------------------------------
                         Flow       Avg       Max       Total
                         Freq      Flow      Flow      Volume
  Outfall Node           Pcnt       CMS       CMS    10^6 ltr
  -----------------------------------------------------------
  Brunnm_Fassung        99.95    0.0253    0.0253       2.182
  Brunnmuehle(Teich)    99.95     0.248     0.248      21.396
  Fensterstollen        99.98      18.4      18.5    1589.165
  Gischeren              0.00         0         0       0.000
  Schuettstein           0.00         0         0       0.000
  Holiloch               0.00         0         0       0.000
  Sauserquelle          99.98     0.501     0.514      43.251
  Entw_Stollen          99.96   0.00981   0.00984       0.847
  Sous_lacustre        100.00    0.0307    0.0307       2.649
  Sous_ecoul.           99.95   0.00556   0.00573       0.480
  Syst_Est_aval         99.62      1.58      1.58     136.168
  TWT_Portail_Est_61+665  99.96      2.09       2.1     180.877
  -----------------------------------------------------------
  System                74.94      22.9      22.9    1977.016
  
  
  ********************
  Link Flow Summary
  ********************
  
  -----------------------------------------------------------------------------
                                 Maximum  Time of Max   Maximum    Max/    Max/
                                  |Flow|   Occurrence   |Veloc|    Full    Full
  Link                 Type          CMS  days hr:min     m/sec    Flow   Depth
  -----------------------------------------------------------------------------
  Brunn_Fassung_L      CONDUIT    0.0253     0  00:07      1.15    0.42    0.73
  11                   CONDUIT      8.87     0  00:00      5.31    1.33    1.00
  14                   CONDUIT      10.5     0  00:00      7.14    5.69    1.00
  16                   CONDUIT     0.208     0  00:00      2.43    1.45    1.00
  17                   CONDUIT     0.206     0  00:00      0.73    0.35    1.00
  26                   CONDUIT      3.12     0  00:00      5.66    4.22    1.00
  27                   CONDUIT    0.0625     0  00:03      1.64    0.80    1.00
  Gischeren_L          CONDUIT         0     0  00:00      0.00    0.00    0.00
  Schuettstein_L       CONDUIT         0     0  00:00      0.00    0.00    0.03
  Brunnmuehle_L        CONDUIT     0.279     0  00:07      0.99    0.13    1.00
  32                   CONDUIT         0     0  00:00      0.00    0.00    0.00
  35                   CONDUIT         0     0  00:00      0.00    0.00    0.00
  45                   CONDUIT    0.0307     0  00:04      0.14    0.00    0.12
  46                   CONDUIT     0.514     0  00:01      1.82    0.51    1.00
  47                   CONDUIT    0.0886     0  00:00      2.33    5.53    1.00
  50                   CONDUIT     0.158     0  00:01      0.62    0.03    0.52
  51                   CONDUIT    0.0253     0  00:01      0.37    0.07    0.81
  53                   CONDUIT     0.203     0  00:00      1.22    1.03    1.00
  Fenster_L            CONDUIT      18.5     0  00:05     10.86    0.18    0.30
  58                   CONDUIT      9.24     0  00:03      7.54    0.12    0.30
  59                   CONDUIT  0.000639     0  00:07      0.09    0.00    0.01
  61                   CONDUIT     0.334     0  00:01      1.80    0.47    1.00
  63                   CONDUIT    0.0315     0  00:03      1.97    0.14    0.11
  66                   CONDUIT         0     0  00:00      0.00    0.00    0.00
  67                   CONDUIT        23     0  00:00      5.49    0.23    1.00
  Amont_L              CONDUIT      40.1     0  00:00      5.67    2.17    1.00
  69                   CONDUIT     0.126     0  00:07      1.30    0.49    0.72
  70                   CONDUIT     0.122     0  00:07      1.27    0.38    0.72
  71                   CONDUIT    0.0432     0  00:03      0.30    0.08    0.70
  72                   CONDUIT     0.029     0  00:07      0.87    0.14    0.13
  Sauser_L             CONDUIT     0.514     0  00:01      1.00    0.13    0.62
  75                   CONDUIT    0.0193     0  00:07      2.09    0.20    0.24
  Entw_Sto_L           CONDUIT   0.00984     0  00:07      1.37    0.23    0.33
  4                    CONDUIT   0.00858     0  00:07      0.86    0.38    0.38
  5                    CONDUIT    0.0138     0  00:07      0.77    0.49    0.66
  6                    CONDUIT    0.0307     0  00:07      1.23    0.46    0.74
  7                    CONDUIT     0.254     0  00:07      1.37    0.39    1.00
  Brunn_Teich_L        CONDUIT     0.248     0  00:07      1.09    0.19    0.65
  9                    CONDUIT   0.00573     0  00:00      1.44    0.00    0.50
  12                   CONDUIT         0     0  00:00      0.00    0.00    0.50
  15                   CONDUIT      5.03     0  00:00      3.21    0.13    1.00
  18                   CONDUIT      1.57     0  00:01      1.02    0.06    1.00
  19                   CONDUIT     0.211     0  00:02      0.46    0.20    0.74
  20                   CONDUIT      0.58     0  00:03      1.42    0.05    0.81
  21                   CONDUIT         0     0  00:00      0.00    0.00    0.00
  Hooliloch_L          CONDUIT         0     0  00:00      0.00    0.00    0.00
  23                   CONDUIT         0     0  00:00      0.00    0.00    0.00
  25                   CONDUIT         0     0  00:00      0.00    0.00    0.50
  28                   CONDUIT         0     0  00:00      0.00    0.00    0.00
  29                   CONDUIT  0.000936     0  00:07      0.22    0.00    0.00
  31                   CONDUIT         0     0  00:00      0.00    0.00    0.00
  33                   CONDUIT     0.043     0  00:03      0.26    0.02    0.18
  37                   CONDUIT   0.00029     0  00:07      0.00    0.00    0.04
  SS3_L                CONDUIT         0     0  00:00      0.00    0.00    0.00
  40                   CONDUIT     0.962     0  00:03      0.76    0.01    0.18
  SS6_L                CONDUIT    0.0316     0  00:03      3.18    0.00    0.02
  1                    CONDUIT         0     0  00:00      0.00    0.00    0.00
  2                    CONDUIT         0     0  00:00      0.00    0.00    0.00
  3                    CONDUIT    0.0193     0  00:07      3.17    0.00    0.03
  10                   CONDUIT    0.0183     0  00:07      0.19    0.00    0.04
  13                   CONDUIT     0.263     0  00:01      2.95    0.57    1.00
  22                   CONDUIT     0.242     0  00:03      2.51    0.60    1.00
  24                   CONDUIT     0.474     0  00:07      1.09    0.00    0.60
  30                   CONDUIT     0.473     0  00:07      1.09    0.20    0.60
  34                   CONDUIT    0.0535     0  00:00      0.45    0.06    0.50
  36                   CONDUIT  5.93e-05     0  00:00      0.00    0.00    0.00
  38                   CONDUIT         0     0  00:00      0.00    0.00    0.00
  48                   CONDUIT      1.21     0  00:03      2.65    0.81    1.00
  54                   CONDUIT      1.58     0  00:07      1.22    0.30    0.69
  68                   CONDUIT  4.95e-05     0  00:01      0.02    0.00    0.11
  73                   CONDUIT    0.0075     0  00:06      0.25    0.00    0.03
  TWT1                 CONDUIT       2.1     0  00:07      4.29    0.00    0.03
  1_1_a_2              CONDUIT      1.08     0  00:05      2.12    0.12    0.63
  TWT2                 CONDUIT      2.94     0  00:05      5.30    0.00    0.04
  TWT3                 CONDUIT      3.34     0  00:02      2.65    0.01    0.06
  TWT4                 CONDUIT      10.7     0  00:02      3.62    0.02    0.12
  1_2_b_               CONDUIT         0     0  00:00      0.00    0.00    0.14
  1_2_b_1              CONDUIT      10.8     0  00:06     18.98    6.56    1.00
  1_2_b_2              CONDUIT  5.27e-06     0  00:00      0.00    0.00    0.50
  1_2_b_5              CONDUIT         0     0  00:00      0.00    0.00    0.50
  TWT5                 CONDUIT      11.4     0  00:04      4.96    0.01    0.17
  1_4_a                CONDUIT      9.53     0  00:03      5.11    0.15    0.35
  TWT6                 CONDUIT      7.17     0  00:04      1.79    0.02    0.17
  1_4_b                CONDUIT     0.612     0  00:06      0.39    0.00    0.28
  TWT7                 CONDUIT         0     0  00:00      0.00    0.00    0.08
  1_5_a                CONDUIT         0     0  00:00      0.00    0.00    0.01
  1_7_a                CONDUIT      10.4     0  00:07      3.50    2.37    0.22
  1_7_a_               CONDUIT   2.5e-05     0  00:00      0.00    0.00    0.41
  1_7_a__              CONDUIT     0.396     0  00:00      0.92    0.01    0.91
  1_7_a_1              CONDUIT      11.1     0  00:02     15.79    8.90    0.91
  
  
  ***************************
  Flow Classification Summary
  ***************************
  
  -------------------------------------------------------------------------------------
                      Adjusted    ---------- Fraction of Time in Flow Class ---------- 
                       /Actual         Up    Down  Sub   Sup   Up    Down  Norm  Inlet 
  Conduit               Length    Dry  Dry   Dry   Crit  Crit  Crit  Crit  Ltd   Ctrl  
  -------------------------------------------------------------------------------------
  Brunn_Fassung_L         1.00   0.00  0.00  0.00  0.00  1.00  0.00  0.00  0.00  0.00
  11                      1.00   0.00  0.00  0.00  1.00  0.00  0.00  0.00  0.00  0.00
  14                      1.00   0.00  0.00  0.00  1.00  0.00  0.00  0.00  0.00  0.00
  16                      1.00   0.00  0.00  0.00  1.00  0.00  0.00  0.00  0.00  0.00
  17                      1.00   0.00  0.00  0.00  1.00  0.00  0.00  0.00  0.00  0.00
  26                      1.00   0.00  0.00  0.00  1.00  0.00  0.00  0.00  0.00  0.00
  27                      1.00   0.00  0.00  0.00  1.00  0.00  0.00  0.00  0.00  0.00
  Gischeren_L             1.00   1.00  0.00  0.00  0.00  0.00  0.00  0.00  0.00  0.00
  Schuettstein_L          1.00   1.00  0.00  0.00  0.00  0.00  0.00  0.00  0.00  0.00
  Brunnmuehle_L           1.00   0.00  0.00  0.00  1.00  0.00  0.00  0.00  0.00  0.00
  32                      1.00   1.00  0.00  0.00  0.00  0.00  0.00  0.00  0.00  0.00
  35                      1.00   1.00  0.00  0.00  0.00  0.00  0.00  0.00  0.00  0.00
  45                      1.00   0.00  0.00  0.00  1.00  0.00  0.00  0.00  1.00  0.00
  46                      1.00   0.00  0.00  0.00  1.00  0.00  0.00  0.00  0.00  0.00
  47                      1.00   0.00  0.00  0.00  1.00  0.00  0.00  0.00  0.00  0.00
  50                      1.00   0.00  1.00  0.00  0.00  0.00  0.00  0.00  1.00  0.00
  51                      1.00   0.00  0.00  0.00  1.00  0.00  0.00  0.00  0.00  0.00
  53                      1.00   0.00  0.00  0.00  1.00  0.00  0.00  0.00  0.00  0.00
  Fenster_L               1.00   0.00  0.00  0.00  0.00  1.00  0.00  0.00  0.00  0.00
  58                      1.00   0.00  0.00  0.00  0.00  1.00  0.00  0.00  0.00  0.00
  59                      1.00   0.00  0.00  0.00  1.00  0.00  0.00  0.00  1.00  0.00
  61                      1.00   0.00  0.00  0.00  1.00  0.00  0.00  0.00  0.00  0.00
  63                      1.00   0.00  0.00  0.00  0.00  1.00  0.00  0.00  0.00  0.00
  66                      1.00   1.00  0.00  0.00  0.00  0.00  0.00  0.00  0.00  0.00
  67                      1.00   0.00  0.00  0.00  1.00  0.00  0.00  0.00  0.00  0.00
  Amont_L                 1.00   0.00  0.00  0.00  1.00  0.00  0.00  0.00  0.00  0.00
  69                      1.00   0.00  0.00  0.00  1.00  0.00  0.00  0.00  0.00  0.00
  70                      1.00   0.00  0.00  0.00  1.00  0.00  0.00  0.00  0.00  0.00
  71                      1.00   0.00  0.00  0.00  1.00  0.00  0.00  0.00  0.00  0.00
  72                      1.00   0.00  0.00  0.00  1.00  0.00  0.00  0.00  0.00  0.00
  Sauser_L                1.00   0.00  0.00  0.00  1.00  0.00  0.00  0.00  0.00  0.00
  75                      1.00   0.00  0.00  0.00  0.00  1.00  0.00  0.00  0.00  0.00
  Entw_Sto_L              1.00   0.00  0.00  0.00  0.00  1.00  0.00  0.00  0.00  0.00
  4                       1.00   0.00  0.00  0.00  0.00  1.00  0.00  0.00  0.00  0.00
  5                       1.00   0.00  0.00  0.00  1.00  0.00  0.00  0.00  0.00  0.00
  6                       1.00   0.00  0.00  0.00  0.00  1.00  0.00  0.00  0.00  0.00
  7                       1.00   0.00  0.00  0.00  1.00  0.00  0.00  0.00  0.00  0.00
  Brunn_Teich_L           1.00   0.00  0.00  0.00  1.00  0.00  0.00  0.00  0.00  0.00
  9                       1.00   0.00  0.00  0.00  0.00  1.00  0.00  0.00  0.00  0.00
  12                      1.00   0.00  1.00  0.00  0.00  0.00  0.00  0.00  0.00  0.00
  15                      1.00   0.00  0.00  0.00  1.00  0.00  0.00  0.00  0.00  0.00
  18                      1.00   0.00  0.00  0.00  1.00  0.00  0.00  0.00  0.00  0.00
  19                      1.00   0.00  0.00  0.00  1.00  0.00  0.00  0.00  0.00  0.00
  20                      1.00   0.00  0.00  0.00  1.00  0.00  0.00  0.00  0.00  0.00
  21                      1.00   1.00  0.00  0.00  0.00  0.00  0.00  0.00  0.00  0.00
  Hooliloch_L             1.00   1.00  0.00  0.00  0.00  0.00  0.00  0.00  0.00  0.00
  23                      1.00   1.00  0.00  0.00  0.00  0.00  0.00  0.00  0.00  0.00
  25                      1.00   0.00  1.00  0.00  0.00  0.00  0.00  0.00  0.00  0.00
  28                      1.00   0.00  1.00  0.00  0.00  0.00  0.00  0.00  0.00  0.00
  29                      1.00   0.00  0.00  0.00  1.00  0.00  0.00  0.00  0.00  0.00
  31                      1.00   1.00  0.00  0.00  0.00  0.00  0.00  0.00  0.00  0.00
  33                      1.00   0.00  0.00  0.00  1.00  0.00  0.00  0.00  0.00  0.00
  37                      1.00   0.00  0.00  0.00  1.00  0.00  0.00  0.00  1.00  0.00
  SS3_L                   1.00   1.00  0.00  0.00  0.00  0.00  0.00  0.00  0.00  0.00
  40                      1.00   0.00  0.00  0.00  1.00  0.00  0.00  0.00  0.00  0.00
  SS6_L                   1.00   0.00  0.00  0.00  0.00  1.00  0.00  0.00  1.00  0.00
  1                       1.00   1.00  0.00  0.00  0.00  0.00  0.00  0.00  0.00  0.00
  2                       1.00   1.00  0.00  0.00  0.00  0.00  0.00  0.00  0.00  0.00
  3                       1.00   0.00  0.00  0.00  0.00  1.00  0.00  0.00  0.00  0.00
  10                      1.00   0.00  0.00  0.00  1.00  0.00  0.00  0.00  1.00  0.00
  13                      1.00   0.00  0.00  0.00  1.00  0.00  0.00  0.00  0.00  0.00
  22                      1.00   0.00  0.00  0.00  1.00  0.00  0.00  0.00  0.00  0.00
  24                      1.00   0.00  0.00  0.00  1.00  0.00  0.00  0.00  0.00  0.00
  30                      1.00   0.00  0.00  0.00  1.00  0.00  0.00  0.00  1.00  0.00
  34                      1.00   0.00  0.00  0.00  1.00  0.00  0.00  0.00  1.00  0.00
  36                      1.00   0.00  0.00  0.00  0.00  1.00  0.00  0.00  0.00  0.00
  38                      1.00   1.00  0.00  0.00  0.00  0.00  0.00  0.00  0.00  0.00
  48                      1.00   0.00  0.00  0.00  1.00  0.00  0.00  0.00  0.00  0.00
  54                      1.00   0.00  0.00  0.00  1.00  0.00  0.00  0.00  0.00  0.00
  68                      1.00   0.00  0.00  0.00  1.00  0.00  0.00  0.00  1.00  0.00
  73                      1.00   0.00  0.00  0.00  1.00  0.00  0.00  0.00  1.00  0.00
  TWT1                    1.00   0.00  0.00  0.00  0.00  1.00  0.00  0.00  0.00  0.00
  1_1_a_2                 1.00   0.00  0.00  0.00  1.00  0.00  0.00  0.00  0.00  0.00
  TWT2                    1.00   0.00  0.00  0.00  0.00  1.00  0.00  0.00  0.00  0.00
  TWT3                    1.00   0.00  0.00  0.00  0.00  1.00  0.00  0.00  0.00  0.00
  TWT4                    1.00   0.00  0.00  0.00  1.00  0.00  0.00  0.00  0.00  0.00
  1_2_b_                  1.00   0.00  1.00  0.00  0.00  0.00  0.00  0.00  0.00  0.00
  1_2_b_1                 1.00   0.00  0.00  0.00  1.00  0.00  0.00  0.00  0.00  0.00
  1_2_b_2                 1.00   0.00  0.00  0.00  1.00  0.00  0.00  0.00  1.00  0.00
  1_2_b_5                 1.00   0.00  1.00  0.00  0.00  0.00  0.00  0.00  0.00  0.00
  TWT5                    1.00   0.00  0.00  0.00  1.00  0.00  0.00  0.00  0.00  0.00
  1_4_a                   1.00   0.00  0.00  0.00  0.00  1.00  0.00  0.00  0.00  0.00
  TWT6                    1.00   0.00  0.00  0.00  1.00  0.00  0.00  0.00  0.00  0.00
  1_4_b                   1.00   0.00  0.00  0.00  1.00  0.00  0.00  0.00  1.00  0.00
  TWT7                    1.00   0.00  1.00  0.00  0.00  0.00  0.00  0.00  0.00  0.00
  1_5_a                   1.00   0.00  1.00  0.00  0.00  0.00  0.00  0.00  0.00  0.00
  1_7_a                   1.00   0.00  0.00  0.00  0.00  1.00  0.00  0.00  0.00  0.00
  1_7_a_                  1.00   0.00  0.00  0.00  1.00  0.00  0.00  0.00  1.00  0.00
  1_7_a__                 1.00   0.00  0.00  0.00  1.00  0.00  0.00  0.00  0.00  0.00
  1_7_a_1                 1.00   0.00  0.00  0.00  0.00  1.00  0.00  0.00  0.00  0.00
  
  
  *************************
  Conduit Surcharge Summary
  *************************
  
  ----------------------------------------------------------------------------
                                                           Hours        Hours 
                         --------- Hours Full --------   Above Full   Capacity
  Conduit                Both Ends  Upstream  Dnstream   Normal Flow   Limited
  ----------------------------------------------------------------------------
  Brunn_Fassung_L             0.01      0.01     24.00      0.01         0.01
  11                         23.99     23.99     23.99      0.01         0.01
  14                         23.99     23.99     24.00      0.02         0.01
  16                         24.00     24.00     24.00     23.99        23.99
  17                         24.00     24.00     24.00      0.01         0.01
  26                         23.99     24.00     23.99      0.01         0.01
  27                         23.97     23.97     23.98      0.01         0.01
  Brunnmuehle_L              24.00     24.00     24.00      0.01         0.01
  46                         24.00     24.00     24.00      0.01         0.01
  47                         24.00     24.00     24.00     24.00        24.00
  50                          0.01      0.01     23.98      0.01         0.01
  51                          0.01      0.01     23.99      0.01         0.01
  53                         24.00     24.00     24.00      0.01         0.01
  61                         23.98     23.98     23.99      0.01         0.01
  67                         23.99     23.99     24.00      0.01         0.01
  Amont_L                    24.00     24.00     24.00     24.00         0.01
  69                          0.01      0.01     24.00      0.01         0.01
  70                          0.01      0.01     24.00      0.01         0.01
  71                          0.01      0.01     23.99      0.01         0.01
  Sauser_L                    0.01      0.01     24.00      0.01         0.01
  5                           0.01      0.01     24.00      0.01         0.01
  6                           0.01      0.01     24.00      0.01         0.01
  7                          23.99     23.99     24.00      0.01         0.01
  Brunn_Teich_L               0.01      0.01     23.99      0.01         0.01
  9                           0.01      0.01     23.99      0.01         0.01
  15                         23.98     23.98     23.99      0.01         0.01
  18                         23.97     23.97     23.98      0.01         0.01
  19                          0.01      0.01     23.98      0.01         0.01
  13                         23.98     23.98     24.00      0.01         0.01
  22                         23.98     23.98     24.00      0.01         0.01
  24                          0.01      0.01     24.00      0.01         0.01
  30                          0.01      0.01     24.00      0.01         0.01
  34                          0.01      0.01     23.99      0.01         0.01
  48                         23.90     23.90     23.92      0.01         0.01
  54                          0.01      0.01     23.91      0.01         0.01
  1_1_a_2                     0.01      0.01     23.92      0.01         0.01
  1_2_b_1                    23.95     24.00     23.95     24.00        23.95
  1_2_b_2                     0.01      0.01     23.95      0.01         0.01
  1_7_a                       0.01      0.01      0.01     23.95         0.01
  1_7_a__                     0.01      0.01     24.00      0.01         0.01
  1_7_a_1                     0.01      0.01     24.00     23.99         0.01
  

  Analysis begun on:  Thu Aug 13 11:49:08 2026
  Analysis ended on:  Thu Aug 13 11:49:10 2026
  Total elapsed time: 00:00:02