
  EPA STORM WATER MANAGEMENT MODEL - VERSION 5.2 (Build 5.2.4)
  ------------------------------------------------------------

  Brunnmuehle (Twann) 
  WARNING 08: elevation drop exceeds length for Conduit SS3_L
  WARNING 08: elevation drop exceeds length for Conduit SS6_L
  WARNING 08: elevation drop exceeds length for Conduit 2
  WARNING 08: elevation drop exceeds length for Conduit 3
  WARNING 08: elevation drop exceeds length for Conduit 68
  WARNING 08: elevation drop exceeds length for Conduit 1_2_b_
  WARNING 08: elevation drop exceeds length for Conduit 1_2_b_2
  WARNING 08: elevation drop exceeds length for Conduit 1_2_b_3
  WARNING 08: elevation drop exceeds length for Conduit 1_3_b_2
  WARNING 08: elevation drop exceeds length for Conduit 1_4_a
  WARNING 08: elevation drop exceeds length for Conduit 1_4_b
  WARNING 08: elevation drop exceeds length for Conduit 1_5_a
  WARNING 02: maximum depth increased for Node 2
  
  ****************
  Analysis Options
  ****************
  Flow Units ............... CMS
  Process Models:
    Rainfall/Runoff ........ NO
    RDII ................... NO
    Snowmelt ............... NO
    Groundwater ............ NO
    Flow Routing ........... YES
    Ponding Allowed ........ NO
    Water Quality .......... NO
  Flow Routing Method ...... DYNWAVE
  Surcharge Method ......... EXTRAN
  Starting Date ............ 01/01/2000 00:00:00
  Ending Date .............. 01/02/2000 00:00:00
  Antecedent Dry Days ...... 0.0
  Report Time Step ......... 01:00:00
  Routing Time Step ........ 0.50 sec
  Variable Time Step ....... YES
  Maximum Trials ........... 8
  Number of Threads ........ 1
  Head Tolerance ........... 0.001500 m
  
  
  **************************        Volume        Volume
  Flow Routing Continuity        hectare-m      10^6 ltr
  **************************     ---------     ---------
  Dry Weather Inflow .......         0.000         0.000
  Wet Weather Inflow .......         0.000         0.000
  Groundwater Inflow .......         0.000         0.000
  RDII Inflow ..............         0.000         0.000
  External Inflow ..........       195.026      1950.277
  External Outflow .........       185.041      1850.426
  Flooding Loss ............         0.000         0.000
  Evaporation Loss .........         0.000         0.000
  Exfiltration Loss ........         0.000         0.000
  Initial Stored Volume ....         0.056         0.562
  Final Stored Volume ......         0.339         3.389
  Continuity Error (%) .....         4.973
  
  
  *************************
  Highest Continuity Errors
  *************************
  Node TWT_PointHaut_60+650 (-61568.12%)
  Node SonSto_porte (85.01%)
  Node 2 (74.55%)
  Node TWT_Chrosweg_61+140 (70.36%)
  Node SonSto_SS4 (57.78%)
  
  
  ***************************
  Time-Step Critical Elements
  ***************************
  Link 1_4_a (14896.29%)
  Link 1_4_b (9.32%)
  
  
  ********************************
  Highest Flow Instability Indexes
  ********************************
  All links are stable.
  
  
  *********************************
  Most Frequent Nonconverging Nodes
  *********************************
  Node Brunnm_Fassung (52.20%)
  Node Brunnmuehle(Teich) (52.20%)
  Node Fensterstollen (52.20%)
  Node Gischeren (52.20%)
  Node Schuettstein (52.20%)
  
  
  *************************
  Routing Time Step Summary
  *************************
  Minimum Time Step           :     0.50 sec
  Average Time Step           :     0.50 sec
  Maximum Time Step           :     0.50 sec
  % of Time in Steady State   :    99.33
  Average Iterations per Step :     6.32
  % of Steps Not Converging   :    52.20
  Time Step Frequencies       :
      0.500 -  0.500 sec      :   100.00 %
      0.500 -  0.500 sec      :     0.00 %
      0.500 -  0.500 sec      :     0.00 %
      0.500 -  0.500 sec      :     0.00 %
      0.500 -  0.500 sec      :     0.00 %
  
  
  ******************
  Node Depth Summary
  ******************
  
  ---------------------------------------------------------------------------------
                                 Average  Maximum  Maximum  Time of Max    Reported
                                   Depth    Depth      HGL   Occurrence   Max Depth
  Node                 Type       Meters   Meters   Meters  days hr:min      Meters
  ---------------------------------------------------------------------------------
  9                    JUNCTION    53.22    75.28   513.78     0  00:00       53.25
  Holiloch_sonde       JUNCTION    45.85    57.85   497.85     0  00:00       45.88
  11                   JUNCTION    60.70    61.82   471.82     0  00:02       60.71
  13                   JUNCTION    82.36    83.17   521.17     0  00:02       82.39
  21                   JUNCTION    44.00    45.51   445.51     0  00:02       44.02
  SonSto_F             JUNCTION     0.26     0.27   438.07     0  00:09        0.26
  Sondierstollen       JUNCTION     0.00     0.00   440.80     0  00:00        0.00
  Aval_Trappe          JUNCTION     0.43     0.53   438.13     0  00:08        0.43
  30                   JUNCTION     0.42     0.45   437.75     0  00:09        0.42
  Gischeren_node       JUNCTION     3.96     3.97   480.47     0  00:08        3.97
  34                   JUNCTION    21.70    22.98   442.98     0  00:02       21.71
  38                   JUNCTION    28.95    30.78   450.78     0  00:02       28.96
  SS6                  JUNCTION     0.07     0.07   448.07     0  00:02        0.07
  40                   JUNCTION    36.53    39.12   458.12     0  00:01       36.54
  41                   JUNCTION    82.16    87.76   525.26     0  00:00       82.19
  SondeSchuettstein    JUNCTION    25.98    27.63   486.63     0  00:00       26.00
  SS4                  JUNCTION     0.09     0.09   448.09     0  00:08        0.09
  47                   JUNCTION    15.45    19.39   484.29     0  00:00       15.46
  48                   JUNCTION    13.15    14.56   485.56     0  00:00       13.16
  SondeGischeren       JUNCTION    15.47    15.51   480.51     0  00:08       15.50
  49                   JUNCTION    16.29    18.13   484.13     0  00:02       16.31
  50                   JUNCTION     8.83     8.86   471.86     0  00:07        8.85
  51                   JUNCTION   101.10   101.96   521.96     0  00:00      101.13
  Amont_C              JUNCTION   105.82   106.75   524.75     0  00:00      105.85
  52                   JUNCTION    25.53    49.60   506.60     0  00:02       25.57
  53                   JUNCTION    47.92    49.54   516.54     0  00:05       48.01
  54                   JUNCTION    48.11    50.14   513.14     0  00:05       48.29
  56                   JUNCTION     6.94     7.78   437.78     0  00:01        6.94
  2                    JUNCTION     1.49     1.49   439.49     0  00:09        1.49
  4                    JUNCTION     9.22    10.35   438.35     0  00:00        9.22
  5                    JUNCTION     6.64     6.66   479.16     0  00:02        6.64
  6                    JUNCTION    24.49    30.00   488.00     0  00:00       24.50
  7                    JUNCTION     4.12     4.13   479.13     0  00:02        4.12
  SS3                  JUNCTION     0.08     0.08   448.08     0  00:08        0.08
  SS5                  JUNCTION     0.63     0.79   439.69     0  00:09        0.63
  8                    JUNCTION     6.72     6.75   480.75     0  00:07        6.74
  10                   JUNCTION    14.28    16.17   484.17     0  00:02       14.30
  SonSto_SS5           JUNCTION     0.17     0.21   439.51     0  00:09        0.17
  SonSto_SS3           JUNCTION     0.10     0.10   439.80     0  00:09        0.10
  SonSto_SS4           JUNCTION     0.20     0.21   439.61     0  00:09        0.20
  Amont_Trappe         JUNCTION     0.44     0.48   438.18     0  00:07        0.44
  SonSto_SS6           JUNCTION     0.17     0.17   438.87     0  00:09        0.17
  SS2                  JUNCTION     0.00     0.00   448.00     0  00:00        0.00
  SonSto_SS2           JUNCTION     0.00     0.00   441.50     0  00:00        0.00
  12                   JUNCTION    41.50    42.96   491.96     0  00:00       41.52
  14                   JUNCTION    32.50    42.48   507.48     0  00:01       32.52
  15                   JUNCTION     0.49     0.49   472.49     0  00:03        0.49
  TWT_PointHaut_60+650 JUNCTION     0.00     0.01   438.51     0  00:07        0.00
  TWT_Fensterstollen_60+375 JUNCTION     0.22     0.22   441.52     0  00:02        0.22
  TWT_Acces_LT_60+110  JUNCTION     0.00     0.00   441.50     0  00:00        0.00
  TWT_Liaison_LT_59+738 JUNCTION     0.00     0.00   450.60     0  00:00        0.00
  Syst_Est_amont       JUNCTION     5.14    14.28   444.28     0  00:08        5.16
  Syst_Est_interm      JUNCTION    20.06    44.23   454.23     0  00:07       20.16
  TWT_Branche_Est_Sonsto_60+540 JUNCTION     0.00     0.00   442.40     0  00:00        0.00
  TWT_Intersection_Sonsto_60+345 JUNCTION     0.08     0.08   440.98     0  00:02        0.08
  TWT_Chrosweg_61+140  JUNCTION     0.06     0.06   432.06     0  00:09        0.06
  SonSto_F_sup         JUNCTION     0.07     0.07   448.07     0  00:03        0.07
  SonSto_porte         JUNCTION     1.06     1.06   439.56     0  00:09        1.06
  Brunnm_Fassung       OUTFALL      0.11     0.12   433.92     0  00:02        0.11
  Brunnmuehle(Teich)   OUTFALL      0.26     0.27   435.77     0  00:02        0.26
  Fensterstollen       OUTFALL      0.41     0.41   437.41     0  00:09        0.41
  Gischeren            OUTFALL      0.25     0.25   480.25     0  00:08        0.25
  Schuettstein         OUTFALL      0.32     0.32   477.87     0  00:02        0.32
  Holiloch             OUTFALL      2.05     2.06   478.56     0  00:02        2.05
  Sauserquelle         OUTFALL      0.39     0.39   435.94     0  00:02        0.39
  Entw_Stollen         OUTFALL      0.18     0.18   436.68     0  00:03        0.18
  Sous_lacustre        OUTFALL      0.12     0.12   429.32     0  00:02        0.12
  Sous_ecoul.          OUTFALL      0.00     0.00   433.00     0  00:02        0.00
  Syst_Est_aval        OUTFALL      0.38     0.38   429.38     0  00:09        0.38
  TWT_Portail_Est_61+665 OUTFALL      0.03     0.03   421.63     0  00:09        0.03
  
  
  *******************
  Node Inflow Summary
  *******************
  
  -------------------------------------------------------------------------------------------------
                                  Maximum  Maximum                  Lateral       Total        Flow
                                  Lateral    Total  Time of Max      Inflow      Inflow     Balance
                                   Inflow   Inflow   Occurrence      Volume      Volume       Error
  Node                 Type           CMS      CMS  days hr:min    10^6 ltr    10^6 ltr     Percent
  -------------------------------------------------------------------------------------------------
  9                    JUNCTION         0     19.3     0  00:00           0     1.2e+03       0.009
  Holiloch_sonde       JUNCTION         0     17.1     0  00:00           0    1.14e+03       0.006
  11                   JUNCTION         0    0.326     0  00:00           0        27.6       0.000
  13                   JUNCTION         0     21.4     0  00:00           0    1.59e+03       0.014
  21                   JUNCTION         0     0.55     0  00:02           0        47.3       0.000
  SonSto_F             JUNCTION         0     1.42     0  00:09           0         123      -5.644
  Sondierstollen       JUNCTION         0        0     0  00:00           0           0       0.000 ltr
  Aval_Trappe          JUNCTION         0     4.31     0  00:09           0         310       4.667
  30                   JUNCTION         0     4.15     0  00:09           0         302     -14.186
  Gischeren_node       JUNCTION         0     0.77     0  00:05           0        63.1       0.102
  34                   JUNCTION         0    0.509     0  00:02           0        43.7       0.000
  38                   JUNCTION         0    0.314     0  00:00           0          25       0.000
  SS6                  JUNCTION         0    0.173     0  00:02           0        14.2       0.001
  40                   JUNCTION         0     2.56     0  00:02           0         220      -0.001
  41                   JUNCTION         0     5.56     0  00:00           0        75.3       0.017
  SondeSchuettstein    JUNCTION         0     1.03     0  00:00           0        75.3       0.015
  SS4                  JUNCTION         0    0.165     0  00:08           0        14.2       0.003
  47                   JUNCTION         0       14     0  00:00           0    1.13e+03       0.003
  48                   JUNCTION         0    0.881     0  00:02           0        75.3       0.006
  SondeGischeren       JUNCTION         0    0.531     0  00:02           0        36.8       0.137
  49                   JUNCTION         0      1.2     0  00:01           0        14.3       0.385
  50                   JUNCTION         0    0.182     0  00:02           0        13.6       0.017
  51                   JUNCTION         0     38.2     0  00:00           0    1.86e+03      -0.001
  Amont_C              JUNCTION      21.5     46.6     0  00:00    1.86e+03    1.86e+03       0.014
  52                   JUNCTION         0    0.358     0  00:02           0        22.3       0.097
  53                   JUNCTION         0    0.597     0  00:00           0        17.5       0.072
  54                   JUNCTION         0     0.48     0  00:05           0        17.5       0.485
  56                   JUNCTION         0     1.26     0  00:02           0         109       0.001
  2                    JUNCTION         0     1.21     0  00:04           0        20.1     292.945
  4                    JUNCTION         0    0.471     0  00:02           0        40.2       0.014
  5                    JUNCTION         0     13.3     0  00:02           0    1.13e+03       0.022
  6                    JUNCTION         0     15.5     0  00:00           0    1.14e+03       0.013
  7                    JUNCTION         0     13.7     0  00:01           0    1.13e+03       0.028
  SS3                  JUNCTION         0    0.158     0  00:08           0        13.6       0.003
  SS5                  JUNCTION         0     0.94     0  00:09           0          24     -11.975
  8                    JUNCTION         0    0.925     0  00:03           0        76.8       0.097
  10                   JUNCTION         0    0.988     0  00:01           0        14.2       0.105
  SonSto_SS5           JUNCTION         0    0.773     0  00:09           0        37.9     -29.749
  SonSto_SS3           JUNCTION         0    0.158     0  00:08           0        13.6      -0.006
  SonSto_SS4           JUNCTION         0    0.482     0  00:09           0        29.5     136.859
  Amont_Trappe         JUNCTION         0     1.49     0  00:09           0         125      34.803
  SonSto_SS6           JUNCTION         0    0.875     0  00:09           0        68.2      -6.558
  SS2                  JUNCTION         0        0     0  00:00           0           0       0.000 ltr
  SonSto_SS2           JUNCTION         0        0     0  00:00           0           0       0.000 ltr
  12                   JUNCTION         0     0.51     0  00:00           0        30.6       0.011
  14                   JUNCTION         0     2.92     0  00:01           0         178       0.025
  15                   JUNCTION         0    0.695     0  00:02           0        59.6       0.023
  TWT_PointHaut_60+650 JUNCTION         0    0.404     0  00:07           0    0.000519     -99.838
  TWT_Fensterstollen_60+375 JUNCTION         0     3.66     0  00:02           0         313       0.002
  TWT_Acces_LT_60+110  JUNCTION         0        0     0  00:00           0           0       0.000 ltr
  TWT_Liaison_LT_59+738 JUNCTION         0        0     0  00:00           0           0       0.000 ltr
  Syst_Est_amont       JUNCTION      1.08     1.08     0  00:07        92.9        92.9       0.130
  Syst_Est_interm      JUNCTION         0     1.13     0  00:04           0        64.5       0.640
  TWT_Branche_Est_Sonsto_60+540 JUNCTION         0        0     0  00:00           0           0       0.000 ltr
  TWT_Intersection_Sonsto_60+345 JUNCTION         0     1.11     0  00:02           0        95.2       0.007
  TWT_Chrosweg_61+140  JUNCTION         0    0.393     0  00:08           0        28.5     237.365
  SonSto_F_sup         JUNCTION         0    0.691     0  00:03           0        59.6       0.002
  SonSto_porte         JUNCTION         0     1.11     0  00:02           0        95.2     567.035
  Brunnm_Fassung       OUTFALL          0   0.0423     0  00:02           0         3.5       0.000
  Brunnmuehle(Teich)   OUTFALL          0    0.466     0  00:02           0        39.6       0.000
  Fensterstollen       OUTFALL          0      4.1     0  00:09           0         352       0.000
  Gischeren            OUTFALL          0    0.733     0  00:08           0          63       0.000
  Schuettstein         OUTFALL          0    0.881     0  00:02           0        75.3       0.000
  Holiloch             OUTFALL          0     13.2     0  00:02           0    1.13e+03       0.000
  Sauserquelle         OUTFALL          0     1.26     0  00:02           0         109       0.000
  Entw_Stollen         OUTFALL          0   0.0593     0  00:09           0        5.11       0.000
  Sous_lacustre        OUTFALL          0   0.0433     0  00:02           0        3.63       0.000
  Sous_ecoul.          OUTFALL          0  0.00669     0  00:02           0       0.542       0.000
  Syst_Est_aval        OUTFALL          0    0.761     0  00:09           0        64.1       0.000
  TWT_Portail_Est_61+665 OUTFALL          0   0.0986     0  00:09           0        8.46       0.000
  
  
  **********************
  Node Surcharge Summary
  **********************
  
  Surcharging occurs when water rises above the top of the highest conduit.
  ---------------------------------------------------------------------
                                               Max. Height   Min. Depth
                                   Hours       Above Crown    Below Rim
  Node                 Type      Surcharged         Meters       Meters
  ---------------------------------------------------------------------
  9                    JUNCTION       23.99         73.475       24.725
  Holiloch_sonde       JUNCTION       23.99         55.954      142.146
  11                   JUNCTION       24.00         61.355       88.185
  13                   JUNCTION       23.99         80.174      316.826
  21                   JUNCTION       24.00         44.912      104.488
  34                   JUNCTION       24.00         22.376       77.024
  38                   JUNCTION       24.00         30.183      119.217
  40                   JUNCTION       24.00         35.121       60.879
  41                   JUNCTION       23.99         86.908      162.242
  SondeSchuettstein    JUNCTION       23.99         26.834        0.000
  47                   JUNCTION       23.99         17.489       80.611
  48                   JUNCTION       23.99         13.764       85.436
  SondeGischeren       JUNCTION       23.96         14.311       84.489
  49                   JUNCTION       23.97         10.126      181.874
  50                   JUNCTION       23.95          8.555      191.145
  51                   JUNCTION       24.00         97.960      298.040
  Amont_C              JUNCTION       24.00        103.751      293.249
  52                   JUNCTION       23.96         49.205       50.395
  53                   JUNCTION       23.98         44.535      150.465
  54                   JUNCTION       23.91         45.143      149.857
  56                   JUNCTION       24.00          6.778       92.222
  4                    JUNCTION       23.99          9.700       89.650
  5                    JUNCTION       23.98          1.661       43.339
  6                    JUNCTION       23.99         24.995      170.005
  8                    JUNCTION       23.91          1.746      193.254
  10                   JUNCTION       23.97          8.172      183.828
  12                   JUNCTION       23.99         42.612      157.038
  14                   JUNCTION       23.98         38.481      157.519
  Syst_Est_amont       JUNCTION       23.85         13.281       85.719
  Syst_Est_interm      JUNCTION       23.87         42.729       55.771
  
  
  *********************
  Node Flooding Summary
  *********************
  
  No nodes were flooded.
  
  
  ***********************
  Outfall Loading Summary
  ***********************
  
  -----------------------------------------------------------
                         Flow       Avg       Max       Total
                         Freq      Flow      Flow      Volume
  Outfall Node           Pcnt       CMS       CMS    10^6 ltr
  -----------------------------------------------------------
  Brunnm_Fassung        99.96    0.0406    0.0423       3.505
  Brunnmuehle(Teich)    99.96     0.459     0.466      39.608
  Fensterstollen        99.97      4.07       4.1     351.689
  Gischeren             99.61     0.733     0.733      63.033
  Schuettstein          99.95     0.872     0.881      75.307
  Holiloch              99.92      13.1      13.2    1126.829
  Sauserquelle          99.98      1.26      1.26     108.588
  Entw_Stollen          99.97    0.0592    0.0593       5.108
  Sous_lacustre         99.99    0.0421    0.0433       3.634
  Sous_ecoul.           99.96   0.00627   0.00669       0.542
  Syst_Est_aval         99.46     0.746     0.761      64.114
  TWT_Portail_Est_61+665  99.46    0.0985    0.0986       8.461
  -----------------------------------------------------------
  System                99.85      21.4      21.4    1850.418
  
  
  ********************
  Link Flow Summary
  ********************
  
  -----------------------------------------------------------------------------
                                 Maximum  Time of Max   Maximum    Max/    Max/
                                  |Flow|   Occurrence   |Veloc|    Full    Full
  Link                 Type          CMS  days hr:min     m/sec    Flow   Depth
  -----------------------------------------------------------------------------
  Brunn_Fassung_L      CONDUIT    0.0423     0  00:02      1.72    0.70    0.81
  11                   CONDUIT      17.1     0  00:00      8.93    2.56    1.00
  14                   CONDUIT      19.3     0  00:00     13.32   10.52    1.00
  16                   CONDUIT     0.326     0  00:00      3.81    2.27    1.00
  17                   CONDUIT     0.317     0  00:00      1.12    0.54    1.00
  26                   CONDUIT      5.56     0  00:00     10.26    7.53    1.00
  27                   CONDUIT    0.0705     0  00:01      1.92    0.91    1.00
  Gischeren_L          CONDUIT     0.733     0  00:08      1.03    0.10    0.60
  Schuettstein_L       CONDUIT     0.881     0  00:02      5.09    0.75    0.82
  Brunnmuehle_L        CONDUIT     0.509     0  00:02      1.80    0.24    1.00
  32                   CONDUIT         0     0  00:00      0.00    0.00    0.00
  35                   CONDUIT     0.373     0  00:04      0.46    0.07    1.00
  45                   CONDUIT     0.847     0  00:09      3.79    0.01    0.07
  46                   CONDUIT      1.26     0  00:02      4.46    1.26    1.00
  47                   CONDUIT     0.145     0  00:00      3.82    9.06    1.00
  50                   CONDUIT     0.881     0  00:02      3.03    0.17    1.00
  51                   CONDUIT     0.279     0  00:01      2.90    0.78    1.00
  53                   CONDUIT     0.314     0  00:00      1.89    1.60    1.00
  Fenster_L            CONDUIT       4.1     0  00:09      7.01    0.04    0.14
  58                   CONDUIT      4.08     0  00:09      6.18    0.05    0.16
  59                   CONDUIT      0.71     0  00:09      4.21    0.01    0.06
  61                   CONDUIT      1.03     0  00:00      5.20    1.46    1.00
  63                   CONDUIT     0.173     0  00:02      2.39    0.78    0.52
  66                   CONDUIT     0.182     0  00:02      2.78    2.40    1.00
  67                   CONDUIT      21.4     0  00:00      5.54    0.21    1.00
  Amont_L              CONDUIT      38.2     0  00:00      5.40    2.07    1.00
  69                   CONDUIT     0.358     0  00:02      3.01    1.40    1.00
  70                   CONDUIT     0.259     0  00:02      2.06    0.80    1.00
  71                   CONDUIT     0.597     0  00:00      2.60    1.06    1.00
  72                   CONDUIT      0.48     0  00:05      2.22    2.28    1.00
  Sauser_L             CONDUIT      1.26     0  00:02      2.17    0.32    0.69
  75                   CONDUIT     0.165     0  00:08      4.77    1.67    0.67
  Entw_Sto_L           CONDUIT    0.0593     0  00:09      2.33    1.37    1.00
  4                    CONDUIT     0.038     0  00:05      1.34    1.70    1.00
  5                    CONDUIT    0.0322     0  00:02      1.35    1.15    1.00
  6                    CONDUIT    0.0433     0  00:02      1.62    0.65    0.79
  7                    CONDUIT     0.471     0  00:02      2.40    0.73    1.00
  Brunn_Teich_L        CONDUIT     0.466     0  00:02      1.86    0.35    0.71
  9                    CONDUIT   0.00669     0  00:02      1.68    0.00    0.51
  12                   CONDUIT      13.3     0  00:02      7.18    0.27    1.00
  15                   CONDUIT      15.5     0  00:00      7.33    0.40    1.00
  18                   CONDUIT        14     0  00:00      6.94    0.56    1.00
  19                   CONDUIT       1.2     0  00:01      1.59    1.14    1.00
  20                   CONDUIT      1.79     0  00:09      4.10    0.14    0.48
  21                   CONDUIT      13.7     0  00:01      1.25    0.09    0.91
  Hooliloch_L          CONDUIT      13.2     0  00:02      1.85    0.26    0.76
  23                   CONDUIT     0.158     0  00:08      3.37    0.99    0.63
  25                   CONDUIT     0.925     0  00:03      3.17    0.75    1.00
  28                   CONDUIT     0.158     0  00:09      2.12    0.00    0.05
  29                   CONDUIT     0.206     0  00:09      1.20    0.01    0.06
  31                   CONDUIT     0.528     0  00:05      0.83    0.32    0.90
  33                   CONDUIT     0.988     0  00:01      0.92    0.37    1.00
  37                   CONDUIT     0.728     0  00:09      0.96    0.02    0.16
  SS3_L                CONDUIT     0.158     0  00:08      3.16    0.00    0.05
  40                   CONDUIT      1.49     0  00:09      1.57    0.01    0.09
  SS6_L                CONDUIT     0.173     0  00:02      2.65    0.00    0.06
  1                    CONDUIT         0     0  00:00      0.00    0.00    0.02
  2                    CONDUIT         0     0  00:00      0.00    0.00    0.00
  3                    CONDUIT     0.165     0  00:09      4.45    0.02    0.15
  10                   CONDUIT     0.664     0  00:09      1.00    0.00    0.15
  13                   CONDUIT      0.51     0  00:00      5.89    1.11    1.00
  22                   CONDUIT     0.371     0  00:00      3.86    0.92    1.00
  24                   CONDUIT      2.92     0  00:01      4.27    0.00    1.00
  30                   CONDUIT      2.07     0  00:02      2.88    0.87    1.00
  34                   CONDUIT     0.695     0  00:02      3.02    0.78    0.94
  36                   CONDUIT     0.691     0  00:03      5.84    0.74    0.51
  38                   CONDUIT     0.531     0  00:02      3.05    0.20    1.00
  48                   CONDUIT      1.13     0  00:04      2.61    0.76    1.00
  54                   CONDUIT     0.761     0  00:09      0.65    0.14    0.63
  68                   CONDUIT     0.579     0  00:03      4.53    0.00    0.06
  73                   CONDUIT      1.16     0  00:04      1.62    0.27    0.64
  TWT1                 CONDUIT    0.0986     0  00:09      2.08    0.00    0.01
  1_1_a_1              CONDUIT     0.391     0  00:08      3.85    0.88    0.56
  TWT2                 CONDUIT   0.00591     0  00:08      1.15    0.00    0.00
  1_1_b_1              CONDUIT     0.204     0  00:08      2.07    0.16    0.51
  TWT3                 CONDUIT         0     0  00:00      0.00    0.00    0.00
  TWT4                 CONDUIT         0     0  00:00      0.00    0.00    0.01
  1_2_b_               CONDUIT         0     0  00:00      0.00    0.00    0.00
  1_2_b_1              CONDUIT      2.52     0  00:02     16.58    4.35    0.72
  1_2_b_2              CONDUIT     0.112     0  00:03      2.32    0.04    0.30
  1_2_b_3              CONDUIT      1.02     0  00:02      6.71    0.70    0.72
  1_3_b_2              CONDUIT     0.404     0  00:07      4.07    0.24    0.51
  TWT5                 CONDUIT      1.11     0  00:02      5.06    0.00    0.02
  1_4_a                CONDUIT      2.54     0  00:02      6.63    0.01    0.13
  TWT6                 CONDUIT         0     0  00:00      0.00    0.00    0.00
  1_4_b                CONDUIT      1.11     0  00:02     12.33    0.00    0.19
  TWT7                 CONDUIT         0     0  00:00      0.00    0.00    0.00
  1_5_a                CONDUIT         0     0  00:00      0.00    0.00    0.37
  
  
  ***************************
  Flow Classification Summary
  ***************************
  
  -------------------------------------------------------------------------------------
                      Adjusted    ---------- Fraction of Time in Flow Class ---------- 
                       /Actual         Up    Down  Sub   Sup   Up    Down  Norm  Inlet 
  Conduit               Length    Dry  Dry   Dry   Crit  Crit  Crit  Crit  Ltd   Ctrl  
  -------------------------------------------------------------------------------------
  Brunn_Fassung_L         1.00   0.00  0.00  0.00  0.00  1.00  0.00  0.00  0.00  0.00
  11                      1.00   0.00  0.00  0.00  1.00  0.00  0.00  0.00  0.00  0.00
  14                      1.00   0.00  0.00  0.00  1.00  0.00  0.00  0.00  0.00  0.00
  16                      1.00   0.00  0.00  0.00  1.00  0.00  0.00  0.00  0.00  0.00
  17                      1.00   0.00  0.00  0.00  1.00  0.00  0.00  0.00  0.00  0.00
  26                      1.00   0.00  0.00  0.00  1.00  0.00  0.00  0.00  0.00  0.00
  27                      1.00   0.00  0.00  0.00  1.00  0.00  0.00  0.00  0.00  0.00
  Gischeren_L             1.00   0.00  0.00  0.00  1.00  0.00  0.00  0.00  0.00  0.00
  Schuettstein_L          1.00   0.00  0.00  0.00  0.00  1.00  0.00  0.00  0.00  0.00
  Brunnmuehle_L           1.00   0.00  0.00  0.00  1.00  0.00  0.00  0.00  0.00  0.00
  32                      1.00   1.00  0.00  0.00  0.00  0.00  0.00  0.00  0.00  0.00
  35                      1.00   0.00  0.00  0.00  1.00  0.00  0.00  0.00  0.00  0.00
  45                      1.00   0.00  0.00  0.00  0.00  1.00  0.00  0.00  0.01  0.00
  46                      1.00   0.00  0.00  0.00  1.00  0.00  0.00  0.00  0.00  0.00
  47                      1.00   0.00  0.00  0.00  1.00  0.00  0.00  0.00  0.00  0.00
  50                      1.00   0.00  0.00  0.00  1.00  0.00  0.00  0.00  0.00  0.00
  51                      1.00   0.00  0.00  0.00  1.00  0.00  0.00  0.00  0.00  0.00
  53                      1.00   0.00  0.00  0.00  1.00  0.00  0.00  0.00  0.00  0.00
  Fenster_L               1.00   0.00  0.00  0.00  0.00  1.00  0.00  0.00  0.00  0.00
  58                      1.00   0.00  0.00  0.00  0.00  1.00  0.00  0.00  0.99  0.00
  59                      1.00   0.00  0.00  0.00  0.00  1.00  0.00  0.00  0.99  0.00
  61                      1.00   0.00  0.00  0.00  1.00  0.00  0.00  0.00  0.00  0.00
  63                      1.00   0.00  0.00  0.00  1.00  0.00  0.00  0.00  0.00  0.00
  66                      1.00   0.00  0.00  0.00  1.00  0.00  0.00  0.00  0.00  0.00
  67                      1.00   0.00  0.00  0.00  1.00  0.00  0.00  0.00  0.00  0.00
  Amont_L                 1.00   0.00  0.00  0.00  1.00  0.00  0.00  0.00  0.00  0.00
  69                      1.00   0.00  0.00  0.00  1.00  0.00  0.00  0.00  0.00  0.00
  70                      1.00   0.00  0.00  0.00  1.00  0.00  0.00  0.00  0.00  0.00
  71                      1.00   0.00  0.00  0.00  1.00  0.00  0.00  0.00  0.00  0.00
  72                      1.00   0.00  0.00  0.00  1.00  0.00  0.00  0.00  0.00  0.00
  Sauser_L                1.00   0.00  0.00  0.00  1.00  0.00  0.00  0.00  0.00  0.00
  75                      1.00   0.00  0.00  0.00  0.00  1.00  0.00  0.00  0.00  0.00
  Entw_Sto_L              1.00   0.00  0.00  0.00  1.00  0.00  0.00  0.00  0.00  0.00
  4                       1.00   0.00  0.00  0.00  1.00  0.00  0.00  0.00  0.00  0.00
  5                       1.00   0.00  0.00  0.00  1.00  0.00  0.00  0.00  0.00  0.00
  6                       1.00   0.00  0.00  0.00  0.00  1.00  0.00  0.00  0.00  0.00
  7                       1.00   0.00  0.00  0.00  1.00  0.00  0.00  0.00  0.00  0.00
  Brunn_Teich_L           1.00   0.00  0.00  0.00  1.00  0.00  0.00  0.00  0.00  0.00
  9                       1.00   0.00  0.00  0.00  0.00  1.00  0.00  0.00  0.00  0.00
  12                      1.00   0.00  0.00  0.00  1.00  0.00  0.00  0.00  0.00  0.00
  15                      1.00   0.00  0.00  0.00  1.00  0.00  0.00  0.00  0.00  0.00
  18                      1.00   0.00  0.00  0.00  1.00  0.00  0.00  0.00  0.00  0.00
  19                      1.00   0.00  0.00  0.00  1.00  0.00  0.00  0.00  0.00  0.00
  20                      1.00   0.00  0.00  0.00  0.00  1.00  0.00  0.00  0.00  0.00
  21                      1.00   0.00  0.00  0.00  1.00  0.00  0.00  0.00  0.00  0.00
  Hooliloch_L             1.00   0.00  0.00  0.00  1.00  0.00  0.00  0.00  0.00  0.00
  23                      1.00   0.00  0.00  0.00  0.00  1.00  0.00  0.00  0.00  0.00
  25                      1.00   0.00  0.00  0.00  1.00  0.00  0.00  0.00  0.00  0.00
  28                      1.00   0.00  0.00  0.00  0.00  1.00  0.00  0.00  1.00  0.00
  29                      1.00   0.00  0.00  0.00  1.00  0.00  0.00  0.00  0.00  0.00
  31                      1.00   0.00  0.00  0.00  1.00  0.00  0.00  0.00  0.00  0.00
  33                      1.00   0.00  0.00  0.00  1.00  0.00  0.00  0.00  0.00  0.00
  37                      1.00   0.00  0.00  0.00  1.00  0.00  0.00  0.00  0.00  0.00
  SS3_L                   1.00   0.00  0.00  0.00  0.00  1.00  0.00  0.00  1.00  0.00
  40                      1.00   0.00  0.00  0.00  1.00  0.00  0.00  0.00  0.00  0.00
  SS6_L                   1.00   0.00  0.00  0.00  0.00  1.00  0.00  0.00  1.00  0.00
  1                       1.00   0.00  1.00  0.00  0.00  0.00  0.00  0.00  0.00  0.00
  2                       1.00   1.00  0.00  0.00  0.00  0.00  0.00  0.00  0.00  0.00
  3                       1.00   0.00  0.00  0.00  0.00  1.00  0.00  0.00  1.00  0.00
  10                      1.00   0.00  0.00  0.00  1.00  0.00  0.00  0.00  0.00  0.00
  13                      1.00   0.00  0.00  0.00  1.00  0.00  0.00  0.00  0.00  0.00
  22                      1.00   0.00  0.00  0.00  1.00  0.00  0.00  0.00  0.00  0.00
  24                      1.00   0.00  0.00  0.00  1.00  0.00  0.00  0.00  0.00  0.00
  30                      1.00   0.00  0.00  0.00  1.00  0.00  0.00  0.00  0.00  0.00
  34                      1.00   0.00  0.00  0.00  1.00  0.00  0.00  0.00  0.00  0.00
  36                      1.00   0.00  0.00  0.00  0.00  1.00  0.00  0.00  0.00  0.00
  38                      1.00   0.00  0.00  0.00  1.00  0.00  0.00  0.00  0.00  0.00
  48                      1.00   0.00  0.00  0.00  1.00  0.00  0.00  0.00  0.00  0.00
  54                      1.00   0.00  0.01  0.00  0.99  0.00  0.00  0.00  0.00  0.00
  68                      1.00   0.00  0.00  0.00  0.00  1.00  0.00  0.00  1.00  0.00
  73                      1.00   0.00  0.00  0.00  1.00  0.00  0.00  0.00  0.00  0.00
  TWT1                    1.00   0.01  0.00  0.00  0.00  0.99  0.00  0.00  0.00  0.00
  1_1_a_1                 1.00   0.00  0.01  0.00  0.00  0.99  0.00  0.00  0.00  0.00
  TWT2                    1.00   0.01  0.00  0.00  0.99  0.00  0.00  0.00  0.99  0.00
  1_1_b_1                 1.00   0.00  0.01  0.00  0.99  0.00  0.00  0.00  0.99  0.00
  TWT3                    1.00   0.01  0.99  0.00  0.00  0.00  0.00  0.00  0.00  0.00
  TWT4                    1.00   0.00  1.00  0.00  0.00  0.00  0.00  0.00  0.00  0.00
  1_2_b_                  1.00   1.00  0.00  0.00  0.00  0.00  0.00  0.00  0.00  0.00
  1_2_b_1                 1.00   0.00  0.00  0.00  0.00  1.00  0.00  0.00  0.00  0.00
  1_2_b_2                 1.00   0.00  0.00  0.00  0.00  1.00  0.00  0.00  1.00  0.00
  1_2_b_3                 1.00   0.00  0.00  0.00  0.00  1.00  0.00  0.00  0.00  0.00
  1_3_b_2                 1.00   0.00  0.01  0.00  0.99  0.00  0.00  0.00  0.99  0.00
  TWT5                    1.00   0.00  0.00  0.00  0.00  1.00  0.00  0.00  0.00  0.00
  1_4_a                   1.00   0.00  0.00  0.00  0.00  1.00  0.00  0.00  1.00  0.00
  TWT6                    1.00   0.00  1.00  0.00  0.00  0.00  0.00  0.00  0.00  0.00
  1_4_b                   1.00   0.00  0.00  0.00  0.99  0.01  0.00  0.00  1.00  0.00
  TWT7                    1.00   1.00  0.00  0.00  0.00  0.00  0.00  0.00  0.00  0.00
  1_5_a                   1.00   0.00  1.00  0.00  0.00  0.00  0.00  0.00  0.00  0.00
  
  
  *************************
  Conduit Surcharge Summary
  *************************
  
  ----------------------------------------------------------------------------
                                                           Hours        Hours 
                         --------- Hours Full --------   Above Full   Capacity
  Conduit                Both Ends  Upstream  Dnstream   Normal Flow   Limited
  ----------------------------------------------------------------------------
  Brunn_Fassung_L             0.01      0.01     24.00      0.01         0.01
  11                         23.99     23.99     23.99     23.99         0.01
  14                         23.99     23.99     24.00     23.99         0.01
  16                         24.00     24.00     24.00     23.99        23.99
  17                         24.00     24.00     24.00      0.01         0.01
  26                         23.99     24.00     23.99     23.99        23.99
  27                         23.97     23.97     23.99      0.01         0.01
  Gischeren_L                 0.01      0.01     23.91      0.01         0.01
  Schuettstein_L              0.01      0.01     23.99      0.01         0.01
  Brunnmuehle_L              24.00     24.00     24.00      0.01         0.01
  35                         23.92     23.92     23.96      0.01         0.01
  46                         24.00     24.00     24.00     23.98         0.01
  47                         24.00     24.00     24.00     24.00        24.00
  50                         23.99     23.99     23.99      0.01         0.01
  51                         23.99     23.99     24.00      0.01         0.01
  53                         24.00     24.00     24.00     23.99         0.01
  61                         23.99     23.99     23.99     23.99         0.01
  63                          0.01     23.98      0.01      0.01         0.01
  66                         23.95     23.98     23.95     23.98        23.95
  67                         23.99     23.99     24.00      0.01         0.01
  Amont_L                    24.00     24.00     24.00     24.00         0.01
  69                         23.96     23.96     24.00     23.98         0.01
  70                         23.96     23.96     24.00      0.01         0.01
  71                         23.99     23.99     23.99      0.01         0.01
  72                         23.91     23.98     23.91      0.07         0.01
  Sauser_L                    0.01      0.01     24.00      0.01         0.01
  75                          0.01     23.98      0.01     23.91         0.01
  Entw_Sto_L                 23.93     23.95     23.93     23.95        23.93
  4                          23.95     23.98     23.95     23.96        23.95
  5                          23.95     23.95     24.00     23.96         0.01
  6                           0.01      0.01     24.00      0.01         0.01
  7                          23.99     23.99     24.00      0.01         0.01
  Brunn_Teich_L               0.01      0.01     23.99      0.01         0.01
  9                           0.01      0.01     23.99      0.01         0.01
  12                         23.99     23.99     23.99      0.01         0.01
  15                         23.99     23.99     23.99      0.01         0.01
  18                         23.99     23.99     23.99      0.01         0.01
  19                         23.98     23.98     23.99      0.01         0.01
  21                          0.01      0.01     23.98      0.01         0.01
  Hooliloch_L                 0.01      0.01     23.97      0.01         0.01
  23                          0.01     23.95      0.01      0.01         0.01
  25                         23.94     23.94     23.99      0.01         0.01
  31                          0.01      0.01     23.91      0.01         0.01
  33                         23.97     23.97     23.97      0.01         0.01
  13                         23.99     23.99     24.00      0.01         0.01
  22                         23.99     23.99     24.00      0.01         0.01
  24                         23.98     23.98     24.00      0.01         0.01
  30                         23.98     23.98     24.00      0.01         0.01
  34                          0.01      0.01     23.99      0.01         0.01
  38                         23.95     23.95     23.96      0.01         0.01
  48                         23.85     23.85     23.90      0.01         0.01
  54                          0.01      0.01     23.87      0.01         0.01
  1_1_a_1                     0.01      0.01     23.87      0.01         0.01
  1_1_b_1                     0.01      0.01     23.87      0.01         0.01
  1_2_b_1                     0.01      0.01     23.99     23.99         0.01
  1_2_b_3                     0.01      0.01     23.99      0.01         0.01
  1_3_b_2                     0.01      0.01     23.87      0.01         0.01
  

  Analysis begun on:  Mon Aug 17 08:10:01 2026
  Analysis ended on:  Mon Aug 17 08:10:04 2026
  Total elapsed time: 00:00:03