
  EPA STORM WATER MANAGEMENT MODEL - VERSION 5.2 (Build 5.2.4)
  ------------------------------------------------------------

  Brunnmuehle (Twann) 
  WARNING 08: elevation drop exceeds length for Conduit SS3_L
  WARNING 08: elevation drop exceeds length for Conduit SS6_L
  WARNING 08: elevation drop exceeds length for Conduit 2
  WARNING 08: elevation drop exceeds length for Conduit 3
  WARNING 08: elevation drop exceeds length for Conduit 68
  WARNING 08: elevation drop exceeds length for Conduit 1_2_b_
  WARNING 08: elevation drop exceeds length for Conduit 1_2_b_2
  WARNING 08: elevation drop exceeds length for Conduit 1_4_a_2
  WARNING 08: elevation drop exceeds length for Conduit 1_4_b
  WARNING 08: elevation drop exceeds length for Conduit 1_5_a
  WARNING 04: minimum elevation drop used for Conduit 1_7_a
  WARNING 08: elevation drop exceeds length for Conduit 1_7_a_
  WARNING 08: elevation drop exceeds length for Conduit 1_7_a__
  WARNING 02: maximum depth increased for Node 2
  
  ****************
  Analysis Options
  ****************
  Flow Units ............... CMS
  Process Models:
    Rainfall/Runoff ........ NO
    RDII ................... NO
    Snowmelt ............... NO
    Groundwater ............ NO
    Flow Routing ........... YES
    Ponding Allowed ........ NO
    Water Quality .......... NO
  Flow Routing Method ...... DYNWAVE
  Surcharge Method ......... EXTRAN
  Starting Date ............ 01/01/2000 00:00:00
  Ending Date .............. 01/02/2000 00:00:00
  Antecedent Dry Days ...... 0.0
  Report Time Step ......... 01:00:00
  Routing Time Step ........ 0.50 sec
  Variable Time Step ....... YES
  Maximum Trials ........... 8
  Number of Threads ........ 1
  Head Tolerance ........... 0.001500 m
  
  
  **************************        Volume        Volume
  Flow Routing Continuity        hectare-m      10^6 ltr
  **************************     ---------     ---------
  Dry Weather Inflow .......         0.000         0.000
  Wet Weather Inflow .......         0.000         0.000
  Groundwater Inflow .......         0.000         0.000
  RDII Inflow ..............         0.000         0.000
  External Inflow ..........       207.725      2077.271
  External Outflow .........       197.681      1976.826
  Flooding Loss ............         0.000         0.000
  Evaporation Loss .........         0.000         0.000
  Exfiltration Loss ........         0.000         0.000
  Initial Stored Volume ....         0.056         0.563
  Final Stored Volume ......         0.526         5.258
  Continuity Error (%) .....         4.608
  
  
  *************************
  Highest Continuity Errors
  *************************
  Node TWT_Intersection_Sonsto_60+345 (-442.72%)
  Node SonSto_F (-114.17%)
  Node TWT_Acces_LT_60+110 (80.87%)
  Node 2 (80.47%)
  Node Amont_Trappe (40.71%)
  
  
  ***************************
  Time-Step Critical Elements
  ***************************
  Link 1_4_a (18289.26%)
  Link 1_7_a_ (56.49%)
  Link 20 (22.98%)
  Link 1_4_a_2 (4.89%)
  Link 1_2_b_1 (4.04%)
  
  
  ********************************
  Highest Flow Instability Indexes
  ********************************
  All links are stable.
  
  
  *********************************
  Most Frequent Nonconverging Nodes
  *********************************
  Node Brunnm_Fassung (60.32%)
  Node Brunnmuehle(Teich) (60.32%)
  Node Fensterstollen (60.32%)
  Node Gischeren (60.32%)
  Node Schuettstein (60.32%)
  
  
  *************************
  Routing Time Step Summary
  *************************
  Minimum Time Step           :     0.50 sec
  Average Time Step           :     0.50 sec
  Maximum Time Step           :     0.50 sec
  % of Time in Steady State   :    99.46
  Average Iterations per Step :     7.66
  % of Steps Not Converging   :    60.32
  Time Step Frequencies       :
      0.500 -  0.500 sec      :   100.00 %
      0.500 -  0.500 sec      :     0.00 %
      0.500 -  0.500 sec      :     0.00 %
      0.500 -  0.500 sec      :     0.00 %
      0.500 -  0.500 sec      :     0.00 %
  
  
  ******************
  Node Depth Summary
  ******************
  
  ---------------------------------------------------------------------------------
                                 Average  Maximum  Maximum  Time of Max    Reported
                                   Depth    Depth      HGL   Occurrence   Max Depth
  Node                 Type       Meters   Meters   Meters  days hr:min      Meters
  ---------------------------------------------------------------------------------
  9                    JUNCTION    48.60    63.80   502.30     0  00:00       48.62
  Holiloch_sonde       JUNCTION    43.26    57.49   497.49     0  00:00       43.28
  11                   JUNCTION    28.37    28.57   438.57     0  00:07       28.37
  13                   JUNCTION    67.96    72.09   510.09     0  00:00       67.98
  21                   JUNCTION    37.42    37.47   437.47     0  00:07       37.42
  SonSto_F             JUNCTION     0.45     0.49   438.29     0  00:07        0.46
  Sondierstollen       JUNCTION     0.00     0.00   440.80     0  00:00        0.00
  Aval_Trappe          JUNCTION     0.70     0.70   438.30     0  00:07        0.70
  30                   JUNCTION     0.67     0.67   437.97     0  00:07        0.67
  Gischeren_node       JUNCTION     3.84     3.86   480.36     0  00:07        3.86
  34                   JUNCTION    16.96    17.31   437.31     0  00:00       16.96
  38                   JUNCTION    17.58    17.67   437.67     0  00:07       17.59
  SS6                  JUNCTION     0.07     0.07   448.07     0  00:02        0.07
  40                   JUNCTION    21.21    23.26   442.26     0  00:01       21.21
  41                   JUNCTION    68.01    84.99   522.49     0  00:00       68.03
  SondeSchuettstein    JUNCTION    23.90    26.21   485.21     0  00:00       23.91
  SS4                  JUNCTION     0.08     0.08   448.08     0  00:07        0.08
  47                   JUNCTION    14.76    19.15   484.05     0  00:00       14.77
  48                   JUNCTION    11.36    13.31   484.31     0  00:00       11.37
  SondeGischeren       JUNCTION    15.34    15.38   480.38     0  00:07       15.38
  49                   JUNCTION    14.87    16.79   482.79     0  00:02       14.89
  50                   JUNCTION     8.73     8.76   471.76     0  00:07        8.76
  51                   JUNCTION    86.81    92.33   512.33     0  00:00       86.84
  Amont_C              JUNCTION    91.88   118.39   536.39     0  00:00       91.91
  52                   JUNCTION     0.34     0.34   457.34     0  00:07        0.34
  53                   JUNCTION    34.61    36.15   503.15     0  00:07       34.69
  54                   JUNCTION    35.54    37.43   500.43     0  00:07       35.71
  56                   JUNCTION     6.21     6.52   436.52     0  00:01        6.21
  2                    JUNCTION     0.39     0.39   438.39     0  00:07        0.39
  4                    JUNCTION     8.11     8.64   436.64     0  00:00        8.12
  5                    JUNCTION     6.38     6.42   478.92     0  00:02        6.39
  6                    JUNCTION    23.06    27.63   485.63     0  00:00       23.07
  7                    JUNCTION     3.86     3.89   478.89     0  00:02        3.87
  SS3                  JUNCTION     0.08     0.08   448.08     0  00:07        0.08
  SS5                  JUNCTION     0.63     0.63   439.53     0  00:07        0.63
  8                    JUNCTION     6.51     6.53   480.53     0  00:07        6.53
  10                   JUNCTION    12.86    14.83   482.83     0  00:02       12.88
  SonSto_SS5           JUNCTION     0.13     0.14   439.44     0  00:07        0.13
  SonSto_SS3           JUNCTION     0.11     0.11   439.81     0  00:07        0.11
  SonSto_SS4           JUNCTION     0.09     0.09   439.49     0  00:07        0.09
  Amont_Trappe         JUNCTION     0.58     0.68   438.38     0  00:06        0.58
  SonSto_SS6           JUNCTION     0.13     0.13   438.83     0  00:07        0.13
  SS2                  JUNCTION     0.00     0.00   448.00     0  00:00        0.00
  SonSto_SS2           JUNCTION     0.00     0.00   441.50     0  00:00        0.00
  12                   JUNCTION    26.72    34.00   483.00     0  00:00       26.74
  14                   JUNCTION    17.83    22.60   487.60     0  00:01       17.84
  15                   JUNCTION     0.43     0.43   472.43     0  00:03        0.43
  TWT_PointHaut_60+749 JUNCTION     0.18     0.21   438.71     0  00:04        0.19
  TWT_Fensterstollen_60+375 JUNCTION     0.96     0.98   438.28     0  00:07        0.97
  TWT_Acces_LT_60+110  JUNCTION     0.89     0.90   438.40     0  00:07        0.90
  TWT_Liaison_LT_59+738 JUNCTION     0.00     0.00   446.50     0  00:00        0.00
  Syst_Est_amont       JUNCTION     0.84     0.84   430.84     0  00:07        0.84
  Syst_Est_interm      JUNCTION    19.48    24.81   434.81     0  00:07       19.58
  TWT_Branche_Est_Sonsto_60+540 JUNCTION     0.46     0.54   438.94     0  00:01        0.46
  TWT_Intersection_Sonsto_60+345 JUNCTION     1.16     1.36   438.36     0  00:07        1.16
  TWT_Chrosweg_61+140  JUNCTION     0.16     0.16   432.16     0  00:07        0.16
  SonSto_F_sup         JUNCTION     0.05     0.05   448.05     0  00:03        0.05
  SonSto_porte         JUNCTION     0.00     0.00   438.50     0  00:00        0.00
  Brunnm_Fassung       OUTFALL      0.08     0.08   433.88     0  00:07        0.08
  Brunnmuehle(Teich)   OUTFALL      0.17     0.17   435.67     0  00:07        0.17
  Fensterstollen       OUTFALL      0.60     0.60   437.60     0  00:07        0.60
  Gischeren            OUTFALL      0.22     0.22   480.22     0  00:07        0.22
  Schuettstein         OUTFALL      0.28     0.29   477.84     0  00:02        0.28
  Holiloch             OUTFALL      1.89     1.91   478.41     0  00:02        1.89
  Sauserquelle         OUTFALL      0.26     0.27   435.82     0  00:01        0.26
  Entw_Stollen         OUTFALL      0.17     0.18   436.68     0  00:07        0.17
  Sous_lacustre        OUTFALL      0.09     0.09   429.29     0  00:07        0.09
  Sous_ecoul.          OUTFALL      0.00     0.00   433.00     0  00:00        0.00
  Syst_Est_aval        OUTFALL      0.28     0.42   429.42     0  00:07        0.28
  TWT_Portail_Est_61+665 OUTFALL      0.16     0.16   421.76     0  00:07        0.16
  CentraleVentilation_1C OUTFALL      0.22     0.22   454.22     0  00:07        0.22
  
  
  *******************
  Node Inflow Summary
  *******************
  
  -------------------------------------------------------------------------------------------------
                                  Maximum  Maximum                  Lateral       Total        Flow
                                  Lateral    Total  Time of Max      Inflow      Inflow     Balance
                                   Inflow   Inflow   Occurrence      Volume      Volume       Error
  Node                 Type           CMS      CMS  days hr:min    10^6 ltr    10^6 ltr     Percent
  -------------------------------------------------------------------------------------------------
  9                    JUNCTION         0     17.8     0  00:00           0         975       0.009
  Holiloch_sonde       JUNCTION         0       16     0  00:00           0         924       0.018
  11                   JUNCTION         0    0.383     0  00:00           0        32.1       0.095
  13                   JUNCTION         0     22.8     0  00:00           0     1.7e+03      -0.023
  21                   JUNCTION         0    0.256     0  00:07           0        21.8       0.004
  SonSto_F             JUNCTION         0     1.51     0  00:07           0        66.5     -53.308
  Sondierstollen       JUNCTION         0        0     0  00:00           0           0       0.000 ltr
  Aval_Trappe          JUNCTION         0     5.91     0  00:07           0         450      50.772
  30                   JUNCTION         0     9.94     0  00:07           0         856      10.372
  Gischeren_node       JUNCTION         0     0.59     0  00:06           0        47.8       0.174
  34                   JUNCTION         0    0.227     0  00:07           0        19.4      -0.002
  38                   JUNCTION         0     0.16     0  00:00           0        4.75      -0.007
  SS6                  JUNCTION         0    0.167     0  00:02           0        13.7       0.001
  40                   JUNCTION         0      2.6     0  00:02           0         222       0.006
  41                   JUNCTION         0     5.69     0  00:00           0        60.8      -0.047
  SondeSchuettstein    JUNCTION         0    0.949     0  00:00           0        60.8       0.016
  SS4                  JUNCTION         0    0.146     0  00:07           0        12.6       0.002
  47                   JUNCTION         0       13     0  00:00           0         910      -0.010
  48                   JUNCTION         0    0.762     0  00:00           0        60.8       0.011
  SondeGischeren       JUNCTION         0    0.453     0  00:01           0        29.9       0.216
  49                   JUNCTION         0     1.13     0  00:01           0        13.7       0.734
  50                   JUNCTION         0    0.181     0  00:03           0        13.6       0.021
  51                   JUNCTION         0     32.6     0  00:00           0    1.98e+03       0.026
  Amont_C              JUNCTION      22.9     46.2     0  00:00    1.98e+03    1.98e+03       0.020
  52                   JUNCTION         0    0.314     0  00:07           0        27.1       3.562
  53                   JUNCTION         0    0.528     0  00:00           0        15.7       0.107
  54                   JUNCTION         0    0.409     0  00:07           0        15.7       0.611
  56                   JUNCTION         0    0.613     0  00:01           0        50.3       0.001
  2                    JUNCTION         0    0.484     0  00:05           0        20.7     411.961
  4                    JUNCTION         0    0.205     0  00:07           0        17.5       0.027
  5                    JUNCTION         0     11.6     0  00:00           0         910       0.080
  6                    JUNCTION         0       14     0  00:00           0         924       0.009
  7                    JUNCTION         0     11.1     0  00:02           0         909       0.036
  SS3                  JUNCTION         0    0.157     0  00:07           0        13.6       0.000
  SS5                  JUNCTION         0    0.331     0  00:07           0        28.4      -0.349
  8                    JUNCTION         0    0.759     0  00:04           0        61.6       0.153
  10                   JUNCTION         0    0.907     0  00:02           0        13.6      -0.279
  SonSto_SS5           JUNCTION         0    0.362     0  00:07           0        31.2      -0.409
  SonSto_SS3           JUNCTION         0    0.157     0  00:07           0        13.6      -0.050
  SonSto_SS4           JUNCTION         0    0.305     0  00:07           0        26.2      -0.052
  Amont_Trappe         JUNCTION         0     1.64     0  00:06           0         138      68.655
  SonSto_SS6           JUNCTION         0    0.529     0  00:07           0          45      -0.435
  SS2                  JUNCTION         0        0     0  00:00           0           0       0.000 ltr
  SonSto_SS2           JUNCTION         0        0     0  00:00           0           0       0.000 ltr
  12                   JUNCTION         0    0.497     0  00:00           0        30.9       0.010
  14                   JUNCTION         0     2.56     0  00:01           0         180       0.024
  15                   JUNCTION         0    0.605     0  00:02           0        51.3       0.187
  TWT_PointHaut_60+749 JUNCTION         0        1     0  00:02           0        63.5      -6.652
  TWT_Fensterstollen_60+375 JUNCTION         0     11.4     0  00:07           0         778     -15.569
  TWT_Acces_LT_60+110  JUNCTION         0     3.78     0  00:05           0         128     422.764
  TWT_Liaison_LT_59+738 JUNCTION         0        0     0  00:00           0           0       0.000 ltr
  Syst_Est_amont       JUNCTION      1.15     1.15     0  00:00        98.9        98.9     175.623
  Syst_Est_interm      JUNCTION         0     1.21     0  00:04           0        35.9       1.096
  TWT_Branche_Est_Sonsto_60+540 JUNCTION         0     4.98     0  00:03           0         427       0.246
  TWT_Intersection_Sonsto_60+345 JUNCTION         0     6.28     0  00:06           0        35.1     -81.574
  TWT_Chrosweg_61+140  JUNCTION         0    0.881     0  00:05           0          68       7.317
  SonSto_F_sup         JUNCTION         0    0.601     0  00:03           0        51.2       0.008
  SonSto_porte         JUNCTION         0        0     0  00:00           0           0       0.000 ltr
  Brunnm_Fassung       OUTFALL          0   0.0224     0  00:07           0        1.92       0.000
  Brunnmuehle(Teich)   OUTFALL          0    0.199     0  00:07           0          17       0.000
  Fensterstollen       OUTFALL          0        9     0  00:07           0         775       0.000
  Gischeren            OUTFALL          0    0.555     0  00:07           0        47.7       0.000
  Schuettstein         OUTFALL          0    0.728     0  00:02           0        60.8       0.000
  Holiloch             OUTFALL          0     10.8     0  00:02           0         909       0.000
  Sauserquelle         OUTFALL          0    0.619     0  00:01           0        50.3       0.000
  Entw_Stollen         OUTFALL          0   0.0469     0  00:07           0        4.03       0.000
  Sous_lacustre        OUTFALL          0   0.0287     0  00:07           0        2.47       0.000
  Sous_ecoul.          OUTFALL          0  0.00559     0  00:00           0       0.465       0.000
  Syst_Est_aval        OUTFALL          0    0.897     0  00:07           0        35.5       0.000
  TWT_Portail_Est_61+665 OUTFALL          0    0.736     0  00:07           0        63.4       0.000
  CentraleVentilation_1C OUTFALL          0    0.105     0  00:07           0        9.05       0.000
  
  
  **********************
  Node Surcharge Summary
  **********************
  
  Surcharging occurs when water rises above the top of the highest conduit.
  ---------------------------------------------------------------------
                                               Max. Height   Min. Depth
                                   Hours       Above Crown    Below Rim
  Node                 Type      Surcharged         Meters       Meters
  ---------------------------------------------------------------------
  9                    JUNCTION       23.99         62.004       36.196
  Holiloch_sonde       JUNCTION       23.99         55.595      142.505
  11                   JUNCTION       24.00         28.067      121.433
  13                   JUNCTION       23.99         69.091      327.909
  21                   JUNCTION       24.00         36.872      112.528
  34                   JUNCTION       24.00         16.712       82.688
  38                   JUNCTION       24.00         17.069      132.331
  40                   JUNCTION       24.00         19.261       76.739
  41                   JUNCTION       23.99         84.144      165.006
  SondeSchuettstein    JUNCTION       23.99         25.415        0.000
  47                   JUNCTION       23.99         17.246       80.854
  48                   JUNCTION       23.99         12.512       86.688
  SondeGischeren       JUNCTION       23.95         14.177       84.623
  49                   JUNCTION       23.97          8.787      183.213
  50                   JUNCTION       23.95          8.460      191.240
  51                   JUNCTION       24.00         88.334      307.666
  Amont_C              JUNCTION       24.00        115.392      281.608
  53                   JUNCTION       23.98         31.152      163.848
  54                   JUNCTION       23.88         32.431      162.569
  56                   JUNCTION       24.00          5.521       93.479
  4                    JUNCTION       23.99          7.994       91.356
  5                    JUNCTION       23.97          1.416       43.584
  6                    JUNCTION       23.99         22.628      172.372
  8                    JUNCTION       23.89          1.534      193.466
  10                   JUNCTION       23.96          6.831      185.169
  12                   JUNCTION       23.99         33.652      165.998
  14                   JUNCTION       23.98         18.601      177.399
  Syst_Est_interm      JUNCTION       23.88         23.314       75.186
  
  
  *********************
  Node Flooding Summary
  *********************
  
  No nodes were flooded.
  
  
  ***********************
  Outfall Loading Summary
  ***********************
  
  -----------------------------------------------------------
                         Flow       Avg       Max       Total
                         Freq      Flow      Flow      Volume
  Outfall Node           Pcnt       CMS       CMS    10^6 ltr
  -----------------------------------------------------------
  Brunnm_Fassung        99.94    0.0222    0.0224       1.918
  Brunnmuehle(Teich)    99.94     0.197     0.199      16.990
  Fensterstollen        99.97      8.98         9     775.236
  Gischeren             99.51     0.555     0.555      47.732
  Schuettstein          99.95     0.704     0.728      60.804
  Holiloch              99.91      10.5      10.8     908.959
  Sauserquelle          99.97     0.582     0.619      50.286
  Entw_Stollen          99.91    0.0467    0.0469       4.032
  Sous_lacustre         99.98    0.0286    0.0287       2.471
  Sous_ecoul.           99.94   0.00539   0.00559       0.465
  Syst_Est_aval         99.50     0.413     0.897      35.499
  TWT_Portail_Est_61+665  99.95     0.734     0.736      63.370
  CentraleVentilation_1C  99.97     0.105     0.105       9.055
  -----------------------------------------------------------
  System                99.88      22.9      22.9    1976.817
  
  
  ********************
  Link Flow Summary
  ********************
  
  -----------------------------------------------------------------------------
                                 Maximum  Time of Max   Maximum    Max/    Max/
                                  |Flow|   Occurrence   |Veloc|    Full    Full
  Link                 Type          CMS  days hr:min     m/sec    Flow   Depth
  -----------------------------------------------------------------------------
  Brunn_Fassung_L      CONDUIT    0.0224     0  00:07      1.04    0.37    0.71
  11                   CONDUIT        16     0  00:00      8.59    2.39    1.00
  14                   CONDUIT      17.8     0  00:00     12.35    9.67    1.00
  16                   CONDUIT     0.383     0  00:00      4.48    2.67    1.00
  17                   CONDUIT     0.161     0  00:00      0.57    0.27    1.00
  26                   CONDUIT      5.69     0  00:00     10.15    7.70    1.00
  27                   CONDUIT    0.0666     0  00:06      1.75    0.86    1.00
  Gischeren_L          CONDUIT     0.555     0  00:07      0.80    0.07    0.59
  Schuettstein_L       CONDUIT     0.728     0  00:02      4.40    0.62    0.79
  Brunnmuehle_L        CONDUIT     0.227     0  00:07      0.80    0.11    1.00
  32                   CONDUIT         0     0  00:00      0.00    0.00    0.00
  35                   CONDUIT     0.293     0  00:05      0.38    0.05    1.00
  45                   CONDUIT     0.527     0  00:07      5.16    0.00    0.10
  46                   CONDUIT     0.613     0  00:01      2.17    0.61    1.00
  47                   CONDUIT     0.136     0  00:00      3.59    8.50    1.00
  50                   CONDUIT     0.762     0  00:00      2.65    0.14    1.00
  51                   CONDUIT    0.0871     0  00:01      0.95    0.24    1.00
  53                   CONDUIT      0.16     0  00:00      0.97    0.82    1.00
  Fenster_L            CONDUIT         9     0  00:07      8.65    0.09    0.21
  58                   CONDUIT      3.74     0  00:06      5.67    0.05    0.23
  59                   CONDUIT     0.371     0  00:07      3.25    0.00    0.05
  61                   CONDUIT     0.949     0  00:00      4.67    1.34    1.00
  63                   CONDUIT     0.167     0  00:02      2.30    0.75    0.52
  66                   CONDUIT     0.181     0  00:03      2.78    2.38    1.00
  67                   CONDUIT      22.8     0  00:00      5.97    0.23    1.00
  Amont_L              CONDUIT      32.5     0  00:00      4.60    1.76    1.00
  69                   CONDUIT     0.314     0  00:07      2.68    1.23    0.92
  70                   CONDUIT     0.198     0  00:07      1.64    0.61    0.92
  71                   CONDUIT     0.528     0  00:00      2.32    0.93    1.00
  72                   CONDUIT     0.409     0  00:07      1.94    1.94    1.00
  Sauser_L             CONDUIT     0.619     0  00:01      1.18    0.16    0.63
  75                   CONDUIT     0.146     0  00:07      4.31    1.49    0.66
  Entw_Sto_L           CONDUIT    0.0469     0  00:07      1.85    1.08    1.00
  4                    CONDUIT    0.0347     0  00:07      1.31    1.55    1.00
  5                    CONDUIT   0.00281     0  00:05      0.14    0.10    1.00
  6                    CONDUIT    0.0287     0  00:07      1.17    0.43    0.73
  7                    CONDUIT     0.205     0  00:07      1.09    0.32    1.00
  Brunn_Teich_L        CONDUIT     0.199     0  00:07      0.90    0.15    0.63
  9                    CONDUIT   0.00559     0  00:00      1.41    0.00    0.50
  12                   CONDUIT      11.6     0  00:00      6.40    0.24    1.00
  15                   CONDUIT        14     0  00:00      6.82    0.36    1.00
  18                   CONDUIT        13     0  00:00      6.37    0.52    1.00
  19                   CONDUIT      1.13     0  00:01      1.47    1.07    1.00
  20                   CONDUIT      1.31     0  00:04      5.17    0.10    0.65
  21                   CONDUIT      11.1     0  00:02      1.12    0.07    0.89
  Hooliloch_L          CONDUIT      10.8     0  00:02      1.64    0.21    0.72
  23                   CONDUIT     0.157     0  00:07      3.36    0.98    0.63
  25                   CONDUIT     0.759     0  00:04      2.68    0.62    1.00
  28                   CONDUIT     0.159     0  00:07      2.42    0.00    0.03
  29                   CONDUIT    0.0315     0  00:07      0.64    0.00    0.04
  31                   CONDUIT     0.425     0  00:06      0.66    0.26    0.89
  33                   CONDUIT     0.907     0  00:02      0.85    0.34    1.00
  37                   CONDUIT     0.331     0  00:07      0.63    0.01    0.13
  SS3_L                CONDUIT     0.157     0  00:07      3.05    0.00    0.05
  40                   CONDUIT       1.6     0  00:07      2.12    0.01    0.13
  SS6_L                CONDUIT     0.167     0  00:02      4.11    0.00    0.05
  1                    CONDUIT         0     0  00:00      0.00    0.00    0.02
  2                    CONDUIT         0     0  00:00      0.00    0.00    0.00
  3                    CONDUIT     0.146     0  00:07      4.63    0.01    0.08
  10                   CONDUIT     0.274     0  00:07      0.58    0.00    0.12
  13                   CONDUIT     0.497     0  00:00      5.44    1.08    1.00
  22                   CONDUIT     0.362     0  00:00      3.76    0.90    1.00
  24                   CONDUIT      2.56     0  00:01      3.83    0.00    1.00
  30                   CONDUIT      2.11     0  00:02      2.92    0.88    1.00
  34                   CONDUIT     0.605     0  00:02      2.72    0.68    0.89
  36                   CONDUIT     0.601     0  00:03      6.01    0.64    0.44
  38                   CONDUIT     0.453     0  00:01      2.91    0.17    1.00
  48                   CONDUIT      1.21     0  00:04      2.64    0.81    0.92
  54                   CONDUIT     0.897     0  00:07      0.75    0.17    0.66
  68                   CONDUIT      0.25     0  00:03      8.81    0.00    0.09
  73                   CONDUIT         0     0  00:00      0.00    0.00    0.10
  TWT1                 CONDUIT     0.736     0  00:07      3.16    0.00    0.02
  TWT2                 CONDUIT     0.881     0  00:05      3.57    0.00    0.02
  TWT3                 CONDUIT         1     0  00:02      1.56    0.00    0.04
  TWT4                 CONDUIT      4.94     0  00:02      3.35    0.01    0.09
  1_2_b_               CONDUIT         0     0  00:00      0.00    0.00    0.09
  1_2_b_1              CONDUIT       2.6     0  00:02     19.10    9.99    1.00
  1_2_b_2              CONDUIT    0.0612     0  00:03      0.56    0.02    0.55
  TWT5                 CONDUIT      5.97     0  00:06      3.36    0.01    0.14
  1_4_a                CONDUIT      5.23     0  00:07      3.75    0.08    0.28
  1_4_a_2              CONDUIT     0.317     0  00:07      2.28    0.09    1.00
  TWT6                 CONDUIT      2.32     0  00:05      0.71    0.01    0.14
  1_4_b                CONDUIT         0     0  00:00      0.00    0.00    0.23
  1_4_b_2              CONDUIT      1.48     0  00:04     10.36   11.64    1.00
  TWT7                 CONDUIT         0     0  00:00      0.00    0.00    0.06
  1_5_a                CONDUIT         0     0  00:00      0.00    0.00    0.10
  1_7_a                CONDUIT      6.42     0  00:07      3.13    1.46    0.16
  1_7_a_               CONDUIT      0.29     0  00:03      2.96    0.02    0.55
  1_7_a__              CONDUIT      1.94     0  00:02     10.05    0.28    1.00
  1_7_a_1              CONDUIT      2.74     0  00:03     14.82   13.97    1.00
  1_8_a                CONDUIT     0.459     0  00:05      0.52    0.00    0.13
  CV_1C_to_52          CONDUIT     0.105     0  00:07      0.94    0.63    0.56
  
  
  ***************************
  Flow Classification Summary
  ***************************
  
  -------------------------------------------------------------------------------------
                      Adjusted    ---------- Fraction of Time in Flow Class ---------- 
                       /Actual         Up    Down  Sub   Sup   Up    Down  Norm  Inlet 
  Conduit               Length    Dry  Dry   Dry   Crit  Crit  Crit  Crit  Ltd   Ctrl  
  -------------------------------------------------------------------------------------
  Brunn_Fassung_L         1.00   0.00  0.00  0.00  1.00  0.00  0.00  0.00  0.00  0.00
  11                      1.00   0.00  0.00  0.00  1.00  0.00  0.00  0.00  0.00  0.00
  14                      1.00   0.00  0.00  0.00  1.00  0.00  0.00  0.00  0.00  0.00
  16                      1.00   0.00  0.00  0.00  1.00  0.00  0.00  0.00  0.00  0.00
  17                      1.00   0.00  0.00  0.00  1.00  0.00  0.00  0.00  0.00  0.00
  26                      1.00   0.00  0.00  0.00  1.00  0.00  0.00  0.00  0.00  0.00
  27                      1.00   0.00  0.00  0.00  1.00  0.00  0.00  0.00  0.00  0.00
  Gischeren_L             1.00   0.00  0.00  0.00  1.00  0.00  0.00  0.00  0.00  0.00
  Schuettstein_L          1.00   0.00  0.00  0.00  0.00  1.00  0.00  0.00  0.00  0.00
  Brunnmuehle_L           1.00   0.00  0.00  0.00  1.00  0.00  0.00  0.00  0.00  0.00
  32                      1.00   1.00  0.00  0.00  0.00  0.00  0.00  0.00  0.00  0.00
  35                      1.00   0.00  0.00  0.00  1.00  0.00  0.00  0.00  0.00  0.00
  45                      1.00   0.00  0.00  0.00  0.00  1.00  0.00  0.00  1.00  0.00
  46                      1.00   0.00  0.00  0.00  1.00  0.00  0.00  0.00  0.00  0.00
  47                      1.00   0.00  0.00  0.00  1.00  0.00  0.00  0.00  0.00  0.00
  50                      1.00   0.00  0.00  0.00  1.00  0.00  0.00  0.00  0.00  0.00
  51                      1.00   0.00  0.00  0.00  1.00  0.00  0.00  0.00  0.00  0.00
  53                      1.00   0.00  0.00  0.00  1.00  0.00  0.00  0.00  0.00  0.00
  Fenster_L               1.00   0.00  0.00  0.00  0.00  1.00  0.00  0.00  0.00  0.00
  58                      1.00   0.00  0.00  0.00  0.00  1.00  0.00  0.00  0.00  0.00
  59                      1.00   0.00  0.00  0.00  0.00  1.00  0.00  0.00  1.00  0.00
  61                      1.00   0.00  0.00  0.00  1.00  0.00  0.00  0.00  0.00  0.00
  63                      1.00   0.00  0.00  0.00  1.00  0.00  0.00  0.00  0.00  0.00
  66                      1.00   0.00  0.00  0.00  1.00  0.00  0.00  0.00  0.00  0.00
  67                      1.00   0.00  0.00  0.00  1.00  0.00  0.00  0.00  0.00  0.00
  Amont_L                 1.00   0.00  0.00  0.00  1.00  0.00  0.00  0.00  0.00  0.00
  69                      1.00   0.00  0.00  0.00  0.00  1.00  0.00  0.00  0.00  0.00
  70                      1.00   0.00  0.00  0.00  1.00  0.00  0.00  0.00  0.00  0.00
  71                      1.00   0.00  0.00  0.00  1.00  0.00  0.00  0.00  0.00  0.00
  72                      1.00   0.00  0.00  0.00  1.00  0.00  0.00  0.00  0.00  0.00
  Sauser_L                1.00   0.00  0.00  0.00  1.00  0.00  0.00  0.00  0.00  0.00
  75                      1.00   0.00  0.00  0.00  0.00  1.00  0.00  0.00  0.00  0.00
  Entw_Sto_L              1.00   0.00  0.00  0.00  1.00  0.00  0.00  0.00  0.00  0.00
  4                       1.00   0.00  0.00  0.00  1.00  0.00  0.00  0.00  0.00  0.00
  5                       1.00   0.00  0.00  0.00  1.00  0.00  0.00  0.00  0.00  0.00
  6                       1.00   0.00  0.00  0.00  0.00  1.00  0.00  0.00  0.00  0.00
  7                       1.00   0.00  0.00  0.00  1.00  0.00  0.00  0.00  0.00  0.00
  Brunn_Teich_L           1.00   0.00  0.00  0.00  1.00  0.00  0.00  0.00  0.00  0.00
  9                       1.00   0.00  0.00  0.00  0.00  1.00  0.00  0.00  0.00  0.00
  12                      1.00   0.00  0.00  0.00  1.00  0.00  0.00  0.00  0.00  0.00
  15                      1.00   0.00  0.00  0.00  1.00  0.00  0.00  0.00  0.00  0.00
  18                      1.00   0.00  0.00  0.00  1.00  0.00  0.00  0.00  0.00  0.00
  19                      1.00   0.00  0.00  0.00  1.00  0.00  0.00  0.00  0.00  0.00
  20                      1.00   0.00  0.00  0.00  1.00  0.00  0.00  0.00  0.00  0.00
  21                      1.00   0.00  0.00  0.00  1.00  0.00  0.00  0.00  0.00  0.00
  Hooliloch_L             1.00   0.00  0.00  0.00  1.00  0.00  0.00  0.00  0.00  0.00
  23                      1.00   0.00  0.00  0.00  0.00  1.00  0.00  0.00  0.00  0.00
  25                      1.00   0.00  0.00  0.00  1.00  0.00  0.00  0.00  0.00  0.00
  28                      1.00   0.00  0.00  0.00  0.00  1.00  0.00  0.00  0.00  0.00
  29                      1.00   0.00  0.00  0.00  1.00  0.00  0.00  0.00  1.00  0.00
  31                      1.00   0.00  0.00  0.00  1.00  0.00  0.00  0.00  0.00  0.00
  33                      1.00   0.00  0.00  0.00  1.00  0.00  0.00  0.00  0.00  0.00
  37                      1.00   0.00  0.00  0.00  1.00  0.00  0.00  0.00  0.00  0.00
  SS3_L                   1.00   0.00  0.00  0.00  0.00  1.00  0.00  0.00  1.00  0.00
  40                      1.00   0.00  0.00  0.00  1.00  0.00  0.00  0.00  0.00  0.00
  SS6_L                   1.00   0.00  0.00  0.00  0.00  1.00  0.00  0.00  1.00  0.00
  1                       1.00   0.00  1.00  0.00  0.00  0.00  0.00  0.00  0.00  0.00
  2                       1.00   1.00  0.00  0.00  0.00  0.00  0.00  0.00  0.00  0.00
  3                       1.00   0.00  0.00  0.00  0.00  1.00  0.00  0.00  1.00  0.00
  10                      1.00   0.00  0.00  0.00  1.00  0.00  0.00  0.00  1.00  0.00
  13                      1.00   0.00  0.00  0.00  1.00  0.00  0.00  0.00  0.00  0.00
  22                      1.00   0.00  0.00  0.00  1.00  0.00  0.00  0.00  0.00  0.00
  24                      1.00   0.00  0.00  0.00  1.00  0.00  0.00  0.00  0.00  0.00
  30                      1.00   0.00  0.00  0.00  1.00  0.00  0.00  0.00  0.00  0.00
  34                      1.00   0.00  0.00  0.00  0.00  1.00  0.00  0.00  0.00  0.00
  36                      1.00   0.00  0.00  0.00  0.00  1.00  0.00  0.00  0.00  0.00
  38                      1.00   0.00  0.00  0.00  1.00  0.00  0.00  0.00  0.00  0.00
  48                      1.00   0.00  0.00  0.00  1.00  0.00  0.00  0.00  0.00  0.00
  54                      1.00   0.00  0.01  0.00  0.99  0.00  0.00  0.00  0.00  0.00
  68                      1.00   0.00  0.00  0.00  0.99  0.00  0.00  0.00  1.00  0.00
  73                      1.00   0.00  1.00  0.00  0.00  0.00  0.00  0.00  0.00  0.00
  TWT1                    1.00   0.00  0.00  0.00  0.00  1.00  0.00  0.00  0.00  0.00
  TWT2                    1.00   0.00  0.00  0.00  0.00  1.00  0.00  0.00  0.00  0.00
  TWT3                    1.00   0.00  0.00  0.00  1.00  0.00  0.00  0.00  0.00  0.00
  TWT4                    1.00   0.00  0.00  0.00  1.00  0.00  0.00  0.00  1.00  0.00
  1_2_b_                  1.00   0.00  1.00  0.00  0.00  0.00  0.00  0.00  0.00  0.00
  1_2_b_1                 1.00   0.00  0.00  0.00  1.00  0.00  0.00  0.00  0.00  0.00
  1_2_b_2                 1.00   0.00  0.00  0.00  1.00  0.00  0.00  0.00  1.00  0.00
  TWT5                    1.00   0.00  0.00  0.00  1.00  0.00  0.00  0.00  0.00  0.00
  1_4_a                   1.00   0.00  0.00  0.00  0.00  0.99  0.00  0.00  0.00  0.00
  1_4_a_2                 1.00   0.00  0.00  0.00  1.00  0.00  0.00  0.00  0.00  0.00
  TWT6                    1.00   0.00  0.00  0.00  1.00  0.00  0.00  0.00  0.00  0.00
  1_4_b                   1.00   0.00  1.00  0.00  0.00  0.00  0.00  0.00  0.00  0.00
  1_4_b_2                 1.00   0.00  0.00  0.00  1.00  0.00  0.00  0.00  0.00  0.00
  TWT7                    1.00   0.00  1.00  0.00  0.00  0.00  0.00  0.00  0.00  0.00
  1_5_a                   1.00   0.00  1.00  0.00  0.00  0.00  0.00  0.00  0.00  0.00
  1_7_a                   1.00   0.00  0.00  0.00  0.00  1.00  0.00  0.00  0.00  0.00
  1_7_a_                  1.00   0.00  0.00  0.00  0.00  1.00  0.00  0.00  1.00  0.00
  1_7_a__                 1.00   0.00  0.00  0.00  0.00  1.00  0.00  0.00  0.00  0.00
  1_7_a_1                 1.00   0.00  0.00  0.00  0.00  1.00  0.00  0.00  0.00  0.00
  1_8_a                   1.00   0.00  0.00  0.00  1.00  0.00  0.00  0.00  0.00  0.00
  CV_1C_to_52             1.00   0.00  0.00  0.00  1.00  0.00  0.00  0.00  0.00  0.00
  
  
  *************************
  Conduit Surcharge Summary
  *************************
  
  ----------------------------------------------------------------------------
                                                           Hours        Hours 
                         --------- Hours Full --------   Above Full   Capacity
  Conduit                Both Ends  Upstream  Dnstream   Normal Flow   Limited
  ----------------------------------------------------------------------------
  Brunn_Fassung_L             0.01      0.01     24.00      0.01         0.01
  11                         23.99     23.99     23.99     23.99         0.01
  14                         23.99     23.99     24.00     23.99         0.01
  16                         24.00     24.00     24.00     23.99        23.99
  17                         24.00     24.00     24.00      0.01         0.01
  26                         23.99     24.00     23.99      0.01         0.01
  27                         23.88     23.88     23.97      0.01         0.01
  Gischeren_L                 0.01      0.01     23.88      0.01         0.01
  Schuettstein_L              0.01      0.01     23.99      0.01         0.01
  Brunnmuehle_L              24.00     24.00     24.00      0.01         0.01
  35                         23.90     23.90     23.95      0.01         0.01
  46                         24.00     24.00     24.00      0.01         0.01
  47                         24.00     24.00     24.00     24.00        24.00
  50                         23.99     23.99     23.99      0.01         0.01
  51                         23.98     23.98     24.00      0.01         0.01
  53                         24.00     24.00     24.00      0.01         0.01
  61                         23.99     23.99     23.99      0.04         0.01
  63                          0.01     23.98      0.01      0.01         0.01
  66                         23.95     23.98     23.95     23.97        23.95
  67                         23.99     23.99     24.00      0.01         0.01
  Amont_L                    24.00     24.00     24.00     24.00         0.01
  69                          0.01      0.01     24.00     23.97         0.01
  70                          0.01      0.01     24.00      0.01         0.01
  71                         23.99     23.99     23.99      0.01         0.01
  72                         23.88     23.98     23.88      0.10         0.01
  Sauser_L                    0.01      0.01     24.00      0.01         0.01
  75                          0.01     23.98      0.01     23.88         0.01
  Entw_Sto_L                  0.01     23.90      0.01     23.90         0.01
  4                          23.90     23.98     23.90     23.91        23.90
  5                          23.90     23.90     23.99      0.01         0.01
  6                           0.01      0.01     24.00      0.01         0.01
  7                          23.99     23.99     24.00      0.01         0.01
  Brunn_Teich_L               0.01      0.01     23.99      0.01         0.01
  9                           0.01      0.01     23.99      0.01         0.01
  12                         23.98     23.98     23.99      0.01         0.01
  15                         23.99     23.99     23.99      0.01         0.01
  18                         23.99     23.99     23.99      0.01         0.01
  19                         23.97     23.97     23.99      0.01         0.01
  21                          0.01      0.01     23.97      0.01         0.01
  23                          0.01     23.95      0.01      0.01         0.01
  25                         23.93     23.93     23.99      0.01         0.01
  31                          0.01      0.01     23.89      0.01         0.01
  33                         23.96     23.96     23.97      0.01         0.01
  13                         23.99     23.99     24.00      0.01         0.01
  22                         23.99     23.99     24.00      0.01         0.01
  24                         23.98     23.98     24.00      0.01         0.01
  30                         23.98     23.98     24.00      0.01         0.01
  34                          0.01      0.01     23.99      0.01         0.01
  38                         23.94     23.94     23.96      0.01         0.01
  48                          0.01      0.01     23.91      0.01         0.01
  54                          0.01      0.01     23.88      0.01         0.01
  1_2_b_1                    23.97     24.00     23.97     24.00        23.97
  1_2_b_2                     0.01      0.01     23.97      0.01         0.01
  1_4_a_2                    23.97     23.97     24.00      0.01         0.01
  1_4_b_2                    23.93     24.00     23.93     24.00        23.93
  1_7_a                       0.01      0.01      0.01     23.89         0.01
  1_7_a_                      0.01      0.01      0.01      0.01         0.01
  1_7_a__                     0.01      0.01     24.00      0.01         0.01
  1_7_a_1                     0.01      0.01     24.00     23.99         0.01
  

  Analysis begun on:  Mon Oct  5 09:48:52 2026
  Analysis ended on:  Mon Oct  5 09:48:54 2026
  Total elapsed time: 00:00:02