
  EPA STORM WATER MANAGEMENT MODEL - VERSION 5.2 (Build 5.2.4)
  ------------------------------------------------------------

  Brunnmuehle (Twann) 
  WARNING 08: elevation drop exceeds length for Conduit SS3_L
  WARNING 08: elevation drop exceeds length for Conduit SS6_L
  WARNING 08: elevation drop exceeds length for Conduit 2
  WARNING 08: elevation drop exceeds length for Conduit 3
  WARNING 08: elevation drop exceeds length for Conduit 68
  WARNING 08: elevation drop exceeds length for Conduit 1_1_b_2
  WARNING 08: elevation drop exceeds length for Conduit 1_2_b_
  WARNING 08: elevation drop exceeds length for Conduit 1_2_b_2
  WARNING 08: elevation drop exceeds length for Conduit 1_4_a
  WARNING 02: maximum depth increased for Node 2
  
  ****************
  Analysis Options
  ****************
  Flow Units ............... CMS
  Process Models:
    Rainfall/Runoff ........ NO
    RDII ................... NO
    Snowmelt ............... NO
    Groundwater ............ NO
    Flow Routing ........... YES
    Ponding Allowed ........ NO
    Water Quality .......... NO
  Flow Routing Method ...... DYNWAVE
  Surcharge Method ......... EXTRAN
  Starting Date ............ 01/01/2000 00:00:00
  Ending Date .............. 01/02/2000 00:00:00
  Antecedent Dry Days ...... 0.0
  Report Time Step ......... 01:00:00
  Routing Time Step ........ 0.50 sec
  Variable Time Step ....... YES
  Maximum Trials ........... 8
  Number of Threads ........ 1
  Head Tolerance ........... 0.001500 m
  
  
  **************************        Volume        Volume
  Flow Routing Continuity        hectare-m      10^6 ltr
  **************************     ---------     ---------
  Dry Weather Inflow .......         0.000         0.000
  Wet Weather Inflow .......         0.000         0.000
  Groundwater Inflow .......         0.000         0.000
  RDII Inflow ..............         0.000         0.000
  External Inflow ..........       195.026      1950.277
  External Outflow .........       185.793      1857.950
  Flooding Loss ............         0.000         0.000
  Evaporation Loss .........         0.000         0.000
  Exfiltration Loss ........         0.000         0.000
  Initial Stored Volume ....         0.056         0.561
  Final Stored Volume ......         0.249         2.491
  Continuity Error (%) .....         4.634
  
  
  *************************
  Highest Continuity Errors
  *************************
  Node Syst_Est_interm (100.00%)
  Node 2 (75.75%)
  Node SondeGischeren (64.35%)
  Node 54 (54.72%)
  Node SonSto_F (27.72%)
  
  
  ***************************
  Time-Step Critical Elements
  ***************************
  Link 1_4_a (40840.43%)
  
  
  ********************************
  Highest Flow Instability Indexes
  ********************************
  All links are stable.
  
  
  *********************************
  Most Frequent Nonconverging Nodes
  *********************************
  Node Brunnm_Fassung (95.04%)
  Node Brunnmuehle(Teich) (95.04%)
  Node Fensterstollen (95.04%)
  Node Gischeren (95.04%)
  Node Schuettstein (95.04%)
  
  
  *************************
  Routing Time Step Summary
  *************************
  Minimum Time Step           :     0.50 sec
  Average Time Step           :     0.50 sec
  Maximum Time Step           :     0.50 sec
  % of Time in Steady State   :    99.76
  Average Iterations per Step :     7.86
  % of Steps Not Converging   :    95.04
  Time Step Frequencies       :
      0.500 -  0.500 sec      :   100.00 %
      0.500 -  0.500 sec      :     0.00 %
      0.500 -  0.500 sec      :     0.00 %
      0.500 -  0.500 sec      :     0.00 %
      0.500 -  0.500 sec      :     0.00 %
  
  
  ******************
  Node Depth Summary
  ******************
  
  ---------------------------------------------------------------------------------
                                 Average  Maximum  Maximum  Time of Max    Reported
                                   Depth    Depth      HGL   Occurrence   Max Depth
  Node                 Type       Meters   Meters   Meters  days hr:min      Meters
  ---------------------------------------------------------------------------------
  9                    JUNCTION    40.92    46.75   485.25     0  00:00       40.94
  Holiloch_sonde       JUNCTION    38.79    46.53   486.53     0  00:00       38.82
  11                   JUNCTION    45.33    48.98   458.98     0  00:00       45.34
  13                   JUNCTION    44.70    51.91   489.91     0  00:00       44.71
  21                   JUNCTION    39.67    39.68   439.68     0  00:03       39.68
  SonSto_F             JUNCTION     0.81     1.00   438.80     0  00:01        0.81
  Sondierstollen       JUNCTION     0.00     0.00   440.80     0  00:00        0.00
  Aval_Trappe          JUNCTION     0.97     1.14   438.74     0  00:01        0.97
  30                   JUNCTION     0.89     0.96   438.26     0  00:01        0.89
  Gischeren_node       JUNCTION     0.00     0.00   476.50     0  00:00        0.00
  34                   JUNCTION    18.61    18.61   438.61     0  00:03       18.61
  38                   JUNCTION    22.57    22.58   442.58     0  00:03       22.58
  SS6                  JUNCTION     0.07     0.07   448.07     0  00:02        0.07
  40                   JUNCTION    38.38    39.56   458.56     0  00:02       38.40
  41                   JUNCTION    45.12    71.61   509.11     0  00:00       45.14
  SondeSchuettstein    JUNCTION    19.90    22.25   481.25     0  00:01       19.91
  SS4                  JUNCTION     0.06     0.06   448.06     0  00:02        0.06
  47                   JUNCTION    13.33    13.35   478.25     0  00:03       13.34
  48                   JUNCTION     7.81     9.94   480.94     0  00:01        7.82
  SondeGischeren       JUNCTION     0.57     0.57   465.57     0  00:03        0.57
  49                   JUNCTION    12.29    13.19   479.19     0  00:02       12.31
  50                   JUNCTION     0.18     0.18   463.18     0  00:03        0.18
  51                   JUNCTION    63.53    72.81   492.81     0  00:00       63.55
  Amont_C              JUNCTION    68.24   101.03   519.03     0  00:00       68.26
  52                   JUNCTION     0.25     0.25   457.25     0  00:03        0.25
  53                   JUNCTION     9.72    11.39   478.39     0  00:01        9.73
  54                   JUNCTION     0.67     0.67   463.67     0  00:03        0.67
  56                   JUNCTION     6.99     7.28   437.28     0  00:02        7.00
  2                    JUNCTION     0.06     0.06   438.06     0  00:03        0.06
  4                    JUNCTION     8.56     9.21   437.21     0  00:00        8.57
  5                    JUNCTION     5.61     5.62   478.12     0  00:03        5.62
  6                    JUNCTION    20.44    21.01   479.01     0  00:01       20.46
  7                    JUNCTION     3.11     3.11   478.11     0  00:03        3.11
  SS3                  JUNCTION     0.06     0.06   448.06     0  00:03        0.06
  SS5                  JUNCTION     0.64     0.64   439.54     0  00:03        0.64
  8                    JUNCTION     0.19     0.19   474.19     0  00:03        0.19
  10                   JUNCTION    10.27    11.22   479.22     0  00:02       10.29
  SonSto_SS5           JUNCTION     0.15     0.15   439.45     0  00:03        0.15
  SonSto_SS3           JUNCTION     0.07     0.07   439.77     0  00:03        0.07
  SonSto_SS4           JUNCTION     0.14     0.14   439.54     0  00:03        0.14
  Amont_Trappe         JUNCTION     0.89     1.07   438.77     0  00:01        0.89
  SonSto_SS6           JUNCTION     0.14     0.14   438.84     0  00:03        0.14
  SS2                  JUNCTION     0.00     0.00   448.00     0  00:00        0.00
  SonSto_SS2           JUNCTION     0.00     0.00   441.50     0  00:00        0.00
  12                   JUNCTION    22.33    22.93   471.93     0  00:02       22.34
  14                   JUNCTION     9.12    10.72   475.72     0  00:02        9.13
  15                   JUNCTION     0.31     0.31   472.31     0  00:03        0.31
  TWT_PointHaut_60+650 JUNCTION     0.00     0.00   438.50     0  00:00        0.00
  TWT_Fensterstollen_60+375 JUNCTION     0.52     0.54   441.84     0  00:01        0.52
  TWT_Acces_LT_60+110  JUNCTION     0.00     0.00   441.50     0  00:00        0.00
  TWT_Liaison_LT_59+738 JUNCTION     0.00     0.00   450.60     0  00:00        0.00
  Syst_Est_amont       JUNCTION     0.66     0.66   430.66     0  00:03        0.66
  Syst_Est_interm      JUNCTION     0.51     0.51   410.51     0  00:03        0.51
  TWT_Branche_Est_Sonsto_60+540 JUNCTION     0.00     0.00   442.40     0  00:00        0.00
  TWT_Intersection_Sonsto_60+345 JUNCTION     0.93     1.39   442.29     0  00:01        0.93
  TWT_Chrosweg_61+140  JUNCTION     0.00     0.00   432.00     0  00:00        0.00
  SonSto_F_sup         JUNCTION     0.05     0.05   448.05     0  00:03        0.05
  SonSto_porte         JUNCTION     0.00     0.00   438.50     0  00:00        0.00
  Brunnm_Fassung       OUTFALL      0.09     0.09   433.89     0  00:03        0.09
  Brunnmuehle(Teich)   OUTFALL      0.21     0.21   435.71     0  00:03        0.21
  Fensterstollen       OUTFALL      0.79     0.88   437.88     0  00:01        0.79
  Gischeren            OUTFALL      0.00     0.00   480.00     0  00:00        0.00
  Schuettstein         OUTFALL      0.17     0.19   477.74     0  00:01        0.17
  Holiloch             OUTFALL      1.34     1.34   477.84     0  00:03        1.34
  Sauserquelle         OUTFALL      0.40     0.40   435.95     0  00:03        0.40
  Entw_Stollen         OUTFALL      0.05     0.05   436.55     0  00:03        0.05
  Sous_lacustre        OUTFALL      0.10     0.10   429.30     0  00:03        0.10
  Sous_ecoul.          OUTFALL      0.00     0.00   433.00     0  00:00        0.00
  Syst_Est_aval        OUTFALL      0.00     0.00   429.00     0  00:00        0.00
  TWT_Portail_Est_61+665 OUTFALL      0.00     0.00   421.60     0  00:00        0.00
  
  
  *******************
  Node Inflow Summary
  *******************
  
  -------------------------------------------------------------------------------------------------
                                  Maximum  Maximum                  Lateral       Total        Flow
                                  Lateral    Total  Time of Max      Inflow      Inflow     Balance
                                   Inflow   Inflow   Occurrence      Volume      Volume       Error
  Node                 Type           CMS      CMS  days hr:min    10^6 ltr    10^6 ltr     Percent
  -------------------------------------------------------------------------------------------------
  9                    JUNCTION         0     13.8     0  00:00           0         408       0.046
  Holiloch_sonde       JUNCTION         0     12.2     0  00:00           0         376       0.004
  11                   JUNCTION         0    0.259     0  00:00           0        20.6      -0.004
  13                   JUNCTION         0     21.4     0  00:00           0    1.68e+03       0.002
  21                   JUNCTION         0    0.377     0  00:03           0        32.5       0.019
  SonSto_F             JUNCTION         0     2.56     0  00:00           0        75.9      38.355
  Sondierstollen       JUNCTION         0        0     0  00:00           0           0       0.000 ltr
  Aval_Trappe          JUNCTION         0     17.4     0  00:01           0    1.34e+03       0.218
  30                   JUNCTION         0     18.1     0  00:01           0    1.34e+03       1.311
  Gischeren_node       JUNCTION         0        0     0  00:00           0           0       0.000 ltr
  34                   JUNCTION         0    0.343     0  00:03           0        29.6       0.003
  38                   JUNCTION         0    0.252     0  00:00           0        19.2       0.007
  SS6                  JUNCTION         0     0.15     0  00:02           0        12.6       0.001
  40                   JUNCTION         0     1.62     0  00:03           0         139      -0.000
  41                   JUNCTION         0      5.2     0  00:00           0        24.8       0.034
  SondeSchuettstein    JUNCTION         0    0.641     0  00:00           0        24.7       0.086
  SS4                  JUNCTION         0   0.0817     0  00:02           0        6.74       0.038
  47                   JUNCTION         0      7.7     0  00:00           0         364       0.067
  48                   JUNCTION         0    0.417     0  00:00           0        24.7      -0.039
  SondeGischeren       JUNCTION         0    0.221     0  00:03           0        18.8     180.509
  49                   JUNCTION         0    0.885     0  00:01           0        12.6       1.036
  50                   JUNCTION         0   0.0778     0  00:03           0        6.71       0.939
  51                   JUNCTION         0     38.2     0  00:00           0    1.86e+03      -0.008
  Amont_C              JUNCTION      21.5     46.6     0  00:00    1.86e+03    1.86e+03       0.012
  52                   JUNCTION         0     0.21     0  00:03           0        18.1      35.860
  53                   JUNCTION         0    0.301     0  00:01           0        18.4       0.043
  54                   JUNCTION         0    0.214     0  00:03           0        18.4     120.868
  56                   JUNCTION         0     1.32     0  00:03           0         114       0.001
  2                    JUNCTION         0   0.0351     0  00:03           0        3.03     312.303
  4                    JUNCTION         0    0.314     0  00:03           0        27.1       0.024
  5                    JUNCTION         0      6.3     0  00:01           0         363       0.080
  6                    JUNCTION         0     9.16     0  00:00           0         376       0.027
  7                    JUNCTION         0     4.48     0  00:02           0         363       0.496
  SS3                  JUNCTION         0   0.0771     0  00:03           0        6.65       0.162
  SS5                  JUNCTION         0    0.361     0  00:02           0        30.9       0.393
  8                    JUNCTION         0    0.244     0  00:00           0        18.6      -1.207
  10                   JUNCTION         0    0.647     0  00:02           0        12.5      -0.754
  SonSto_SS5           JUNCTION         0    0.448     0  00:03           0        38.6       0.051
  SonSto_SS3           JUNCTION         0   0.0769     0  00:03           0        6.64       0.799
  SonSto_SS4           JUNCTION         0    0.154     0  00:03           0        13.3      -1.082
  Amont_Trappe         JUNCTION         0     2.82     0  00:00           0        48.7       1.446
  SonSto_SS6           JUNCTION         0    0.594     0  00:03           0        51.2      -0.014
  SS2                  JUNCTION         0        0     0  00:00           0           0       0.000 ltr
  SonSto_SS2           JUNCTION         0        0     0  00:00           0           0       0.000 ltr
  12                   JUNCTION         0    0.361     0  00:00           0        19.3       0.008
  14                   JUNCTION         0     1.58     0  00:02           0         113       0.028
  15                   JUNCTION         0    0.372     0  00:03           0        31.9       0.567
  TWT_PointHaut_60+650 JUNCTION         0        0     0  00:00           0           0       0.000 ltr
  TWT_Fensterstollen_60+375 JUNCTION         0     16.4     0  00:01           0    1.32e+03       2.542
  TWT_Acces_LT_60+110  JUNCTION         0        0     0  00:00           0           0       0.000 ltr
  TWT_Liaison_LT_59+738 JUNCTION         0        0     0  00:00           0           0       0.000 ltr
  Syst_Est_amont       JUNCTION      1.08     1.08     0  00:00        92.9        92.9       0.678
  Syst_Est_interm      JUNCTION         0     1.07     0  00:03           0        92.292244538.090 ltr
  TWT_Branche_Est_Sonsto_60+540 JUNCTION         0        0     0  00:00           0           0       0.000 ltr
  TWT_Intersection_Sonsto_60+345 JUNCTION         0     3.12     0  00:01           0       0.151       0.000
  TWT_Chrosweg_61+140  JUNCTION         0        0     0  00:00           0           0       0.000 ltr
  SonSto_F_sup         JUNCTION         0    0.368     0  00:03           0        31.7       0.050
  SonSto_porte         JUNCTION         0        0     0  00:00           0           0       0.000 ltr
  Brunnm_Fassung       OUTFALL          0   0.0292     0  00:03           0        2.52       0.000
  Brunnmuehle(Teich)   OUTFALL          0    0.308     0  00:03           0        26.6       0.000
  Fensterstollen       OUTFALL          0     18.8     0  00:01           0    1.33e+03       0.000
  Gischeren            OUTFALL          0        0     0  00:00           0           0       0.000 ltr
  Schuettstein         OUTFALL          0    0.344     0  00:01           0        24.7       0.000
  Holiloch             OUTFALL          0     4.19     0  00:03           0         361       0.000
  Sauserquelle         OUTFALL          0     1.32     0  00:03           0         114       0.000
  Entw_Stollen         OUTFALL          0  0.00853     0  00:03           0       0.735       0.000
  Sous_lacustre        OUTFALL          0   0.0335     0  00:03           0        2.89       0.000
  Sous_ecoul.          OUTFALL          0  0.00587     0  00:00           0       0.498       0.000
  Syst_Est_aval        OUTFALL          0        0     0  00:00           0           0       0.000 ltr
  TWT_Portail_Est_61+665 OUTFALL          0        0     0  00:00           0           0       0.000 ltr
  
  
  **********************
  Node Surcharge Summary
  **********************
  
  Surcharging occurs when water rises above the top of the highest conduit.
  ---------------------------------------------------------------------
                                               Max. Height   Min. Depth
                                   Hours       Above Crown    Below Rim
  Node                 Type      Surcharged         Meters       Meters
  ---------------------------------------------------------------------
  9                    JUNCTION       23.99         44.951       53.249
  Holiloch_sonde       JUNCTION       23.99         44.630      153.470
  11                   JUNCTION       24.00         48.516      101.024
  13                   JUNCTION       23.99         48.909      348.091
  21                   JUNCTION       24.00         39.081      110.319
  34                   JUNCTION       24.00         18.014       81.386
  38                   JUNCTION       24.00         21.982      127.418
  40                   JUNCTION       24.00         35.562       60.438
  41                   JUNCTION       23.99         70.762      178.388
  SondeSchuettstein    JUNCTION       23.99         21.448        0.000
  47                   JUNCTION       23.98         11.446       86.654
  48                   JUNCTION       23.98          9.136       90.064
  49                   JUNCTION       23.96          5.189      186.811
  51                   JUNCTION       24.00         68.815      327.185
  Amont_C              JUNCTION       24.00         98.030      298.970
  53                   JUNCTION       23.97          6.388      188.612
  56                   JUNCTION       24.00          6.279       92.721
  4                    JUNCTION       23.99          8.557       90.793
  5                    JUNCTION       23.96          0.615       44.385
  6                    JUNCTION       23.98         16.009      178.991
  10                   JUNCTION       23.96          3.220      188.780
  12                   JUNCTION       23.99         22.582      177.068
  14                   JUNCTION       23.96          6.724      189.276
  TWT_Acces_LT_60+110  JUNCTION       24.00          0.000        0.000
  TWT_Liaison_LT_59+738 JUNCTION       24.00          0.000        0.000
  
  
  *********************
  Node Flooding Summary
  *********************
  
  No nodes were flooded.
  
  
  ***********************
  Outfall Loading Summary
  ***********************
  
  -----------------------------------------------------------
                         Flow       Avg       Max       Total
                         Freq      Flow      Flow      Volume
  Outfall Node           Pcnt       CMS       CMS    10^6 ltr
  -----------------------------------------------------------
  Brunnm_Fassung        99.95    0.0292    0.0292       2.523
  Brunnmuehle(Teich)    99.95     0.308     0.308      26.587
  Fensterstollen        99.97      15.3      18.8    1325.080
  Gischeren              0.00         0         0       0.000
  Schuettstein          99.93     0.287     0.344      24.736
  Holiloch              99.86      4.19      4.19     361.200
  Sauserquelle          99.98      1.32      1.32     113.689
  Entw_Stollen          99.97   0.00852   0.00853       0.735
  Sous_lacustre         99.99    0.0335    0.0335       2.893
  Sous_ecoul.           99.95   0.00576   0.00587       0.498
  Syst_Est_aval          0.00         0         0       0.000
  TWT_Portail_Est_61+665   0.00         0         0       0.000
  -----------------------------------------------------------
  System                74.96      21.5      21.5    1857.942
  
  
  ********************
  Link Flow Summary
  ********************
  
  -----------------------------------------------------------------------------
                                 Maximum  Time of Max   Maximum    Max/    Max/
                                  |Flow|   Occurrence   |Veloc|    Full    Full
  Link                 Type          CMS  days hr:min     m/sec    Flow   Depth
  -----------------------------------------------------------------------------
  Brunn_Fassung_L      CONDUIT    0.0292     0  00:03      1.29    0.48    0.74
  11                   CONDUIT      12.2     0  00:00      6.82    1.82    1.00
  14                   CONDUIT      13.8     0  00:00      9.88    7.51    1.00
  16                   CONDUIT     0.259     0  00:00      3.03    1.81    1.00
  17                   CONDUIT     0.255     0  00:00      0.90    0.44    1.00
  26                   CONDUIT       5.2     0  00:00      9.44    7.05    1.00
  27                   CONDUIT    0.0797     0  00:01      2.10    1.03    1.00
  Gischeren_L          CONDUIT         0     0  00:00      0.00    0.00    0.00
  Schuettstein_L       CONDUIT     0.344     0  00:01      2.39    0.29    0.69
  Brunnmuehle_L        CONDUIT     0.343     0  00:03      1.21    0.16    1.00
  32                   CONDUIT         0     0  00:00      0.00    0.00    0.00
  35                   CONDUIT         0     0  00:00      0.00    0.00    0.24
  45                   CONDUIT     0.594     0  00:03      1.27    0.00    0.18
  46                   CONDUIT      1.32     0  00:03      4.68    1.32    1.00
  47                   CONDUIT     0.117     0  00:00      3.07    7.28    1.00
  50                   CONDUIT     0.417     0  00:00      1.55    0.08    1.00
  51                   CONDUIT     0.295     0  00:03      3.06    0.83    1.00
  53                   CONDUIT     0.252     0  00:00      1.51    1.28    1.00
  Fenster_L            CONDUIT      18.8     0  00:01     10.91    0.19    0.30
  58                   CONDUIT        18     0  00:01      9.59    0.23    0.35
  59                   CONDUIT     0.448     0  00:03      3.51    0.00    0.05
  61                   CONDUIT     0.641     0  00:00      3.39    0.90    1.00
  63                   CONDUIT      0.15     0  00:02      2.07    0.67    0.52
  66                   CONDUIT    0.0778     0  00:03      1.45    1.02    0.79
  67                   CONDUIT      21.4     0  00:00      5.55    0.21    1.00
  Amont_L              CONDUIT      38.2     0  00:00      5.40    2.07    1.00
  69                   CONDUIT      0.21     0  00:03      1.95    0.82    0.81
  70                   CONDUIT     0.154     0  00:03      1.42    0.48    0.81
  71                   CONDUIT     0.301     0  00:01      1.63    0.53    1.00
  72                   CONDUIT     0.214     0  00:03      1.29    1.02    0.57
  Sauser_L             CONDUIT      1.32     0  00:03      2.26    0.34    0.70
  75                   CONDUIT    0.0817     0  00:02      2.82    0.83    0.62
  Entw_Sto_L           CONDUIT   0.00853     0  00:03      1.30    0.20    0.30
  4                    CONDUIT    0.0185     0  00:03      1.22    0.83    0.65
  5                    CONDUIT    0.0166     0  00:03      0.94    0.59    0.65
  6                    CONDUIT    0.0335     0  00:03      1.32    0.50    0.75
  7                    CONDUIT     0.314     0  00:03      1.69    0.48    1.00
  Brunn_Teich_L        CONDUIT     0.308     0  00:03      1.32    0.23    0.66
  9                    CONDUIT   0.00587     0  00:00      1.48    0.00    0.50
  12                   CONDUIT       6.3     0  00:01      3.79    0.13    1.00
  15                   CONDUIT      9.16     0  00:00      5.09    0.24    1.00
  18                   CONDUIT       7.7     0  00:00      4.17    0.31    1.00
  19                   CONDUIT     0.885     0  00:01      1.20    0.84    1.00
  20                   CONDUIT      2.82     0  00:00      4.91    0.22    1.00
  21                   CONDUIT      4.48     0  00:02      0.58    0.03    0.81
  Hooliloch_L          CONDUIT      4.19     0  00:03      1.06    0.08    0.56
  23                   CONDUIT    0.0771     0  00:03      3.05    0.48    0.39
  25                   CONDUIT     0.244     0  00:00      1.61    0.20    0.54
  28                   CONDUIT    0.0763     0  00:03      0.97    0.00    0.04
  29                   CONDUIT    0.0917     0  00:03      0.72    0.00    0.05
  31                   CONDUIT         0     0  00:00      0.00    0.00    0.02
  33                   CONDUIT     0.647     0  00:02      0.77    0.25    1.00
  37                   CONDUIT     0.357     0  00:03      0.64    0.01    0.13
  SS3_L                CONDUIT    0.0769     0  00:03      2.83    0.00    0.03
  40                   CONDUIT      2.56     0  00:00      2.11    0.02    0.26
  SS6_L                CONDUIT      0.15     0  00:02      2.43    0.00    0.05
  1                    CONDUIT         0     0  00:00      0.00    0.00    0.01
  2                    CONDUIT         0     0  00:00      0.00    0.00    0.00
  3                    CONDUIT    0.0811     0  00:02      2.62    0.01    0.10
  10                   CONDUIT    0.0683     0  00:02      0.13    0.00    0.13
  13                   CONDUIT     0.361     0  00:00      4.35    0.78    1.00
  22                   CONDUIT     0.268     0  00:01      2.78    0.66    1.00
  24                   CONDUIT      1.58     0  00:02      2.75    0.00    1.00
  30                   CONDUIT      1.31     0  00:03      1.83    0.55    1.00
  34                   CONDUIT     0.372     0  00:03      1.88    0.42    0.78
  36                   CONDUIT     0.368     0  00:03      5.51    0.39    0.32
  38                   CONDUIT     0.221     0  00:03      2.34    0.08    0.38
  48                   CONDUIT      1.07     0  00:03      2.60    0.72    0.58
  54                   CONDUIT         0     0  00:00      0.00    0.00    0.17
  68                   CONDUIT     0.285     0  00:03      0.74    0.00    0.17
  73                   CONDUIT         0     0  00:00      0.00    0.00    0.01
  TWT1                 CONDUIT         0     0  00:00      0.00    0.00    0.00
  TWT2                 CONDUIT         0     0  00:00      0.00    0.00    0.00
  1_1_b_1              CONDUIT         0     0  00:00      0.00    0.00    0.33
  1_1_b_2              CONDUIT         0     0  00:00      0.00    0.00    0.26
  TWT3                 CONDUIT         0     0  00:00      0.00    0.00    0.00
  TWT4                 CONDUIT         0     0  00:00      0.00    0.00    0.03
  1_2_b_               CONDUIT         0     0  00:00      0.00    0.00    0.00
  1_2_b_1              CONDUIT        14     0  00:03     21.94    3.80    0.77
  1_2_b_2              CONDUIT    0.0825     0  00:03      0.48    0.01    0.29
  1_3_a_1              CONDUIT         0     0  00:00      0.00    0.00    0.33
  TWT5                 CONDUIT      3.12     0  00:01      2.10    0.00    0.11
  1_4_a                CONDUIT      15.7     0  00:01     11.56    0.07    0.28
  
  
  ***************************
  Flow Classification Summary
  ***************************
  
  -------------------------------------------------------------------------------------
                      Adjusted    ---------- Fraction of Time in Flow Class ---------- 
                       /Actual         Up    Down  Sub   Sup   Up    Down  Norm  Inlet 
  Conduit               Length    Dry  Dry   Dry   Crit  Crit  Crit  Crit  Ltd   Ctrl  
  -------------------------------------------------------------------------------------
  Brunn_Fassung_L         1.00   0.00  0.00  0.00  0.00  1.00  0.00  0.00  0.00  0.00
  11                      1.00   0.00  0.00  0.00  1.00  0.00  0.00  0.00  0.00  0.00
  14                      1.00   0.00  0.00  0.00  1.00  0.00  0.00  0.00  0.00  0.00
  16                      1.00   0.00  0.00  0.00  1.00  0.00  0.00  0.00  0.00  0.00
  17                      1.00   0.00  0.00  0.00  1.00  0.00  0.00  0.00  0.00  0.00
  26                      1.00   0.00  0.00  0.00  1.00  0.00  0.00  0.00  0.00  0.00
  27                      1.00   0.00  0.00  0.00  1.00  0.00  0.00  0.00  0.00  0.00
  Gischeren_L             1.00   1.00  0.00  0.00  0.00  0.00  0.00  0.00  0.00  0.00
  Schuettstein_L          1.00   0.00  0.00  0.00  0.00  1.00  0.00  0.00  0.00  0.00
  Brunnmuehle_L           1.00   0.00  0.00  0.00  1.00  0.00  0.00  0.00  0.00  0.00
  32                      1.00   1.00  0.00  0.00  0.00  0.00  0.00  0.00  0.00  0.00
  35                      1.00   0.00  1.00  0.00  0.00  0.00  0.00  0.00  0.00  0.00
  45                      1.00   0.00  0.00  0.00  1.00  0.00  0.00  0.00  1.00  0.00
  46                      1.00   0.00  0.00  0.00  1.00  0.00  0.00  0.00  0.00  0.00
  47                      1.00   0.00  0.00  0.00  1.00  0.00  0.00  0.00  0.00  0.00
  50                      1.00   0.00  0.00  0.00  1.00  0.00  0.00  0.00  0.00  0.00
  51                      1.00   0.00  0.00  0.00  1.00  0.00  0.00  0.00  0.00  0.00
  53                      1.00   0.00  0.00  0.00  1.00  0.00  0.00  0.00  0.00  0.00
  Fenster_L               1.00   0.00  0.00  0.00  0.00  1.00  0.00  0.00  0.00  0.00
  58                      1.00   0.00  0.00  0.00  0.00  1.00  0.00  0.00  0.00  0.00
  59                      1.00   0.00  0.00  0.00  0.00  1.00  0.00  0.00  0.00  0.00
  61                      1.00   0.00  0.00  0.00  1.00  0.00  0.00  0.00  0.00  0.00
  63                      1.00   0.00  0.00  0.00  1.00  0.00  0.00  0.00  0.00  0.00
  66                      1.00   0.00  0.00  0.00  1.00  0.00  0.00  0.00  0.00  0.00
  67                      1.00   0.00  0.00  0.00  1.00  0.00  0.00  0.00  0.00  0.00
  Amont_L                 1.00   0.00  0.00  0.00  1.00  0.00  0.00  0.00  0.00  0.00
  69                      1.00   0.00  0.00  0.00  0.00  1.00  0.00  0.00  0.00  0.00
  70                      1.00   0.00  0.00  0.00  1.00  0.00  0.00  0.00  0.00  0.00
  71                      1.00   0.00  0.00  0.00  1.00  0.00  0.00  0.00  0.00  0.00
  72                      1.00   0.00  0.00  0.00  1.00  0.00  0.00  0.00  0.00  0.00
  Sauser_L                1.00   0.00  0.00  0.00  1.00  0.00  0.00  0.00  0.00  0.00
  75                      1.00   0.00  0.00  0.00  0.00  1.00  0.00  0.00  0.00  0.00
  Entw_Sto_L              1.00   0.00  0.00  0.00  0.00  1.00  0.00  0.00  0.00  0.00
  4                       1.00   0.00  0.00  0.00  1.00  0.00  0.00  0.00  0.00  0.00
  5                       1.00   0.00  0.00  0.00  1.00  0.00  0.00  0.00  0.00  0.00
  6                       1.00   0.00  0.00  0.00  0.00  1.00  0.00  0.00  0.00  0.00
  7                       1.00   0.00  0.00  0.00  1.00  0.00  0.00  0.00  0.00  0.00
  Brunn_Teich_L           1.00   0.00  0.00  0.00  1.00  0.00  0.00  0.00  0.00  0.00
  9                       1.00   0.00  0.00  0.00  0.00  1.00  0.00  0.00  0.00  0.00
  12                      1.00   0.00  0.00  0.00  1.00  0.00  0.00  0.00  0.00  0.00
  15                      1.00   0.00  0.00  0.00  1.00  0.00  0.00  0.00  0.00  0.00
  18                      1.00   0.00  0.00  0.00  1.00  0.00  0.00  0.00  0.00  0.00
  19                      1.00   0.00  0.00  0.00  1.00  0.00  0.00  0.00  0.00  0.00
  20                      1.00   0.00  0.00  0.00  1.00  0.00  0.00  0.00  0.00  0.00
  21                      1.00   0.00  0.00  0.00  1.00  0.00  0.00  0.00  0.00  0.00
  Hooliloch_L             1.00   0.00  0.00  0.00  1.00  0.00  0.00  0.00  0.00  0.00
  23                      1.00   0.00  0.00  0.00  0.00  1.00  0.00  0.00  0.00  0.00
  25                      1.00   0.00  0.00  0.00  1.00  0.00  0.00  0.00  0.00  0.00
  28                      1.00   0.00  0.00  0.00  0.00  1.00  0.00  0.00  1.00  0.00
  29                      1.00   0.00  0.00  0.00  1.00  0.00  0.00  0.00  1.00  0.00
  31                      1.00   0.00  1.00  0.00  0.00  0.00  0.00  0.00  0.00  0.00
  33                      1.00   0.00  0.00  0.00  1.00  0.00  0.00  0.00  0.00  0.00
  37                      1.00   0.00  0.00  0.00  1.00  0.00  0.00  0.00  0.00  0.00
  SS3_L                   1.00   0.00  0.00  0.00  0.00  1.00  0.00  0.00  1.00  0.00
  40                      1.00   0.00  0.00  0.00  1.00  0.00  0.00  0.00  0.00  0.00
  SS6_L                   1.00   0.00  0.00  0.00  0.00  1.00  0.00  0.00  1.00  0.00
  1                       1.00   0.00  1.00  0.00  0.00  0.00  0.00  0.00  0.00  0.00
  2                       1.00   1.00  0.00  0.00  0.00  0.00  0.00  0.00  0.00  0.00
  3                       1.00   0.00  0.00  0.00  0.00  1.00  0.00  0.00  1.00  0.00
  10                      1.00   0.00  0.00  0.00  1.00  0.00  0.00  0.00  0.00  0.00
  13                      1.00   0.00  0.00  0.00  1.00  0.00  0.00  0.00  0.00  0.00
  22                      1.00   0.00  0.00  0.00  1.00  0.00  0.00  0.00  0.00  0.00
  24                      1.00   0.00  0.00  0.00  1.00  0.00  0.00  0.00  0.00  0.00
  30                      1.00   0.00  0.00  0.00  1.00  0.00  0.00  0.00  0.00  0.00
  34                      1.00   0.00  0.00  0.00  1.00  0.00  0.00  0.00  0.00  0.00
  36                      1.00   0.00  0.00  0.00  0.00  1.00  0.00  0.00  0.00  0.00
  38                      1.00   0.00  0.00  0.00  1.00  0.00  0.00  0.00  1.00  0.00
  48                      1.00   0.00  0.00  0.00  0.00  1.00  0.00  0.00  0.00  0.00
  54                      1.00   0.00  1.00  0.00  0.00  0.00  0.00  0.00  0.00  0.00
  68                      1.00   0.00  0.00  0.00  1.00  0.00  0.00  0.00  1.00  0.00
  73                      1.00   0.00  1.00  0.00  0.00  0.00  0.00  0.00  0.00  0.00
  TWT1                    1.00   1.00  0.00  0.00  0.00  0.00  0.00  0.00  0.00  0.00
  TWT2                    1.00   1.00  0.00  0.00  0.00  0.00  0.00  0.00  0.00  0.00
  1_1_b_1                 1.00   0.00  1.00  0.00  0.00  0.00  0.00  0.00  0.00  0.00
  1_1_b_2                 1.00   0.00  1.00  0.00  0.00  0.00  0.00  0.00  0.00  0.00
  TWT3                    1.00   1.00  0.00  0.00  0.00  0.00  0.00  0.00  0.00  0.00
  TWT4                    1.00   0.00  1.00  0.00  0.00  0.00  0.00  0.00  0.00  0.00
  1_2_b_                  1.00   1.00  0.00  0.00  0.00  0.00  0.00  0.00  0.00  0.00
  1_2_b_1                 1.00   0.00  0.00  0.00  0.00  1.00  0.00  0.00  0.00  0.00
  1_2_b_2                 1.00   0.00  0.00  0.00  1.00  0.00  0.00  0.00  1.00  0.00
  1_3_a_1                 1.00   0.00  1.00  0.00  0.00  0.00  0.00  0.00  0.00  0.00
  TWT5                    1.00   0.00  0.00  0.00  1.00  0.00  0.00  0.00  0.00  0.00
  1_4_a                   1.00   0.00  0.00  0.00  0.00  1.00  0.00  0.00  1.00  0.00
  
  
  *************************
  Conduit Surcharge Summary
  *************************
  
  ----------------------------------------------------------------------------
                                                           Hours        Hours 
                         --------- Hours Full --------   Above Full   Capacity
  Conduit                Both Ends  Upstream  Dnstream   Normal Flow   Limited
  ----------------------------------------------------------------------------
  Brunn_Fassung_L             0.01      0.01     24.00      0.01         0.01
  11                         23.99     23.99     23.99      0.01         0.01
  14                         23.99     23.99     24.00     23.99         0.01
  16                         24.00     24.00     24.00     23.99        23.99
  17                         24.00     24.00     24.00      0.01         0.01
  26                         23.99     24.00     23.99      0.01         0.01
  27                         23.99     23.99     23.99      0.01         0.01
  Schuettstein_L              0.01      0.01     23.98      0.01         0.01
  Brunnmuehle_L              24.00     24.00     24.00      0.01         0.01
  46                         24.00     24.00     24.00     23.98         0.01
  47                         24.00     24.00     24.00     24.00        24.00
  50                         23.98     23.98     23.99      0.01         0.01
  51                         23.98     23.98     24.00      0.01         0.01
  53                         24.00     24.00     24.00     23.99         0.01
  61                         23.99     23.99     23.99      0.01         0.01
  63                          0.01     23.97      0.01      0.01         0.01
  66                          0.01     23.97      0.01     23.95         0.01
  67                         23.99     23.99     24.00      0.01         0.01
  Amont_L                    24.00     24.00     24.00     24.00         0.01
  69                          0.01      0.01     24.00      0.01         0.01
  70                          0.01      0.01     24.00      0.01         0.01
  71                         23.98     23.98     23.99      0.01         0.01
  72                          0.01     23.97      0.01     23.95         0.01
  Sauser_L                    0.01      0.01     24.00      0.01         0.01
  75                          0.01     23.96      0.01      0.01         0.01
  4                           0.01     23.97      0.01      0.01         0.01
  5                           0.01      0.01     24.00      0.01         0.01
  6                           0.01      0.01     24.00      0.01         0.01
  7                          23.99     23.99     24.00      0.01         0.01
  Brunn_Teich_L               0.01      0.01     23.99      0.01         0.01
  9                           0.01      0.01     23.99      0.01         0.01
  12                         23.98     23.98     23.98      0.01         0.01
  15                         23.99     23.99     23.99      0.01         0.01
  18                         23.98     23.98     23.98      0.01         0.01
  19                         23.97     23.97     23.98      0.01         0.01
  20                          0.01      0.01      0.01      0.01         0.01
  21                          0.01      0.01     23.96      0.01         0.01
  25                          0.01      0.01     23.99      0.01         0.01
  33                         23.96     23.96     23.96      0.01         0.01
  13                         23.99     23.99     24.00      0.01         0.01
  22                         23.99     23.99     24.00      0.01         0.01
  24                         23.96     23.96     24.00      0.01         0.01
  30                         23.96     23.96     24.00      0.01         0.01
  34                          0.01      0.01     23.99      0.01         0.01
  1_2_b_1                     0.01      0.01     23.99     23.99         0.01
  

  Analysis begun on:  Thu Aug 13 08:33:52 2026
  Analysis ended on:  Thu Aug 13 08:33:55 2026
  Total elapsed time: 00:00:03