
  EPA STORM WATER MANAGEMENT MODEL - VERSION 5.2 (Build 5.2.4)
  ------------------------------------------------------------

  Brunnmuehle (Twann) 
  WARNING 08: elevation drop exceeds length for Conduit SS3_L
  WARNING 08: elevation drop exceeds length for Conduit SS6_L
  WARNING 08: elevation drop exceeds length for Conduit 2
  WARNING 08: elevation drop exceeds length for Conduit 3
  WARNING 08: elevation drop exceeds length for Conduit 68
  WARNING 08: elevation drop exceeds length for Conduit 1_2_b_
  WARNING 08: elevation drop exceeds length for Conduit 1_2_b_2
  WARNING 08: elevation drop exceeds length for Conduit 1_2_b_5
  WARNING 08: elevation drop exceeds length for Conduit 1_3_a_2
  WARNING 08: elevation drop exceeds length for Conduit 1_4_a
  WARNING 08: elevation drop exceeds length for Conduit 1_4_b
  WARNING 08: elevation drop exceeds length for Conduit 1_5_a
  WARNING 02: maximum depth increased for Node 2
  
  ****************
  Analysis Options
  ****************
  Flow Units ............... CMS
  Process Models:
    Rainfall/Runoff ........ NO
    RDII ................... NO
    Snowmelt ............... NO
    Groundwater ............ NO
    Flow Routing ........... YES
    Ponding Allowed ........ NO
    Water Quality .......... NO
  Flow Routing Method ...... DYNWAVE
  Surcharge Method ......... EXTRAN
  Starting Date ............ 01/01/2000 00:00:00
  Ending Date .............. 01/02/2000 00:00:00
  Antecedent Dry Days ...... 0.0
  Report Time Step ......... 01:00:00
  Routing Time Step ........ 0.50 sec
  Variable Time Step ....... YES
  Maximum Trials ........... 8
  Number of Threads ........ 1
  Head Tolerance ........... 0.001500 m
  
  
  **************************        Volume        Volume
  Flow Routing Continuity        hectare-m      10^6 ltr
  **************************     ---------     ---------
  Dry Weather Inflow .......         0.000         0.000
  Wet Weather Inflow .......         0.000         0.000
  Groundwater Inflow .......         0.000         0.000
  RDII Inflow ..............         0.000         0.000
  External Inflow ..........       207.725      2077.271
  External Outflow .........       137.584      1375.854
  Flooding Loss ............        64.963       649.640
  Evaporation Loss .........         0.000         0.000
  Exfiltration Loss ........         0.000         0.000
  Initial Stored Volume ....         0.056         0.561
  Final Stored Volume ......         1.505        15.053
  Continuity Error (%) .....         1.794
  
  
  *************************
  Highest Continuity Errors
  *************************
  Node TWT_Acces_LT_60+110 (-1972.97%)
  Node TWT_Intersection_Sonsto_60+345 (17.07%)
  Node 2 (10.12%)
  Node TWT_Chrosweg_61+140 (9.86%)
  
  
  ***************************
  Time-Step Critical Elements
  ***************************
  Link 1_4_a (5721.40%)
  Link 1_4_b (2.82%)
  
  
  ********************************
  Highest Flow Instability Indexes
  ********************************
  Link Amont_L (1)
  Link 67 (1)
  
  
  *********************************
  Most Frequent Nonconverging Nodes
  *********************************
  Node Brunnm_Fassung (24.16%)
  Node Brunnmuehle(Teich) (24.16%)
  Node Fensterstollen (24.16%)
  Node Gischeren (24.16%)
  Node Schuettstein (24.16%)
  
  
  *************************
  Routing Time Step Summary
  *************************
  Minimum Time Step           :     0.50 sec
  Average Time Step           :     0.50 sec
  Maximum Time Step           :     0.50 sec
  % of Time in Steady State   :    98.25
  Average Iterations per Step :     4.84
  % of Steps Not Converging   :    24.16
  Time Step Frequencies       :
      0.500 -  0.500 sec      :   100.00 %
      0.500 -  0.500 sec      :     0.00 %
      0.500 -  0.500 sec      :     0.00 %
      0.500 -  0.500 sec      :     0.00 %
      0.500 -  0.500 sec      :     0.00 %
  
  
  ******************
  Node Depth Summary
  ******************
  
  ---------------------------------------------------------------------------------
                                 Average  Maximum  Maximum  Time of Max    Reported
                                   Depth    Depth      HGL   Occurrence   Max Depth
  Node                 Type       Meters   Meters   Meters  days hr:min      Meters
  ---------------------------------------------------------------------------------
  9                    JUNCTION    42.97    52.87   491.37     0  00:00       42.99
  Holiloch_sonde       JUNCTION    40.03    49.20   489.20     0  00:00       40.06
  11                   JUNCTION    48.02    50.76   460.76     0  00:00       48.03
  13                   JUNCTION    50.66    56.34   494.34     0  00:00       50.68
  21                   JUNCTION    41.01    41.69   441.69     0  00:04       41.02
  SonSto_F             JUNCTION     0.31     0.57   438.37     0  00:00        0.31
  Sondierstollen       JUNCTION     0.00     0.00   440.80     0  00:00        0.00
  Aval_Trappe          JUNCTION     0.55     0.83   438.43     0  00:00        0.55
  30                   JUNCTION     0.49     0.59   437.89     0  00:00        0.49
  Gischeren_node       JUNCTION     3.66     3.69   480.19     0  00:16        3.69
  34                   JUNCTION    19.57    20.00   440.00     0  00:04       19.58
  38                   JUNCTION    24.16    24.81   444.81     0  00:04       24.17
  SS6                  JUNCTION     0.07     0.07   448.07     0  00:02        0.07
  40                   JUNCTION    41.04    42.88   461.88     0  00:01       41.06
  41                   JUNCTION    50.99    84.74   522.24     0  00:00       51.01
  SondeSchuettstein    JUNCTION    21.07    22.31   481.31     0  00:00       21.08
  SS4                  JUNCTION     0.08     0.08   448.08     0  00:16        0.08
  47                   JUNCTION    13.81    14.10   479.00     0  00:00       13.82
  48                   JUNCTION     8.87     9.99   480.99     0  00:00        8.87
  SondeGischeren       JUNCTION    15.12    15.20   480.20     0  00:20       15.19
  49                   JUNCTION    13.05    14.47   480.47     0  00:02       13.07
  50                   JUNCTION     9.07     9.13   472.13     0  00:19        9.12
  51                   JUNCTION    69.61    77.13   497.13     0  00:00       69.63
  Amont_C              JUNCTION    74.69   141.12   559.12     0  00:00       74.71
  52                   JUNCTION     8.30    14.77   471.77     0  00:04        8.33
  53                   JUNCTION    18.66    20.22   487.22     0  00:10       18.72
  54                   JUNCTION    20.54    22.50   485.50     0  00:10       20.68
  56                   JUNCTION     7.07     7.61   437.61     0  00:01        7.08
  2                    JUNCTION     3.49    11.27   449.27     0  00:16        3.52
  4                    JUNCTION     8.78     9.40   437.40     0  00:00        8.79
  5                    JUNCTION     5.92     5.93   478.43     0  00:20        5.93
  6                    JUNCTION    21.22    21.26   479.26     0  00:10       21.23
  7                    JUNCTION     3.42     3.42   478.42     0  00:05        3.42
  SS3                  JUNCTION     0.05     0.05   448.05     0  00:16        0.05
  SS5                  JUNCTION     0.66     0.66   439.56     0  00:10        0.66
  8                    JUNCTION     6.20     6.24   480.24     0  00:20        6.24
  10                   JUNCTION    11.05    12.50   480.50     0  00:02       11.06
  SonSto_SS5           JUNCTION     0.16     0.16   439.46     0  00:10        0.16
  SonSto_SS3           JUNCTION     0.07     0.07   439.77     0  00:19        0.07
  SonSto_SS4           JUNCTION     0.16     0.16   439.56     0  00:16        0.16
  Amont_Trappe         JUNCTION     0.43     0.69   438.39     0  00:00        0.43
  SonSto_SS6           JUNCTION     0.15     0.15   438.85     0  00:16        0.15
  SS2                  JUNCTION     0.00     0.00   448.00     0  00:00        0.00
  SonSto_SS2           JUNCTION     0.00     0.00   441.50     0  00:00        0.00
  12                   JUNCTION    26.81    27.38   476.38     0  00:01       26.83
  14                   JUNCTION    13.97    19.16   484.16     0  00:01       13.99
  15                   JUNCTION     0.34     0.34   472.34     0  00:05        0.34
  TWT_PointHaut_60+650 JUNCTION     0.00     0.00   438.50     0  00:00        0.00
  TWT_Fensterstollen_60+375 JUNCTION     0.30     0.30   441.60     0  00:16        0.30
  TWT_Acces_LT_60+110  JUNCTION     3.95     4.00   441.50     0  00:24        3.98
  TWT_Liaison_LT_59+738 JUNCTION     0.00     0.00   450.60     0  00:00        0.00
  Syst_Est_amont       JUNCTION    12.81    85.03   515.03     0  00:08       12.88
  Syst_Est_interm      JUNCTION    20.97    28.94   438.94     0  00:07       21.07
  TWT_Branche_Est_Sonsto_60+540 JUNCTION     0.00     0.00   442.40     0  00:00        0.00
  TWT_Intersection_Sonsto_60+345 JUNCTION     4.50     4.53   441.53     0  00:25        4.53
  TWT_Chrosweg_61+140  JUNCTION     0.00     0.02   432.02     0  00:08        0.00
  SonSto_F_sup         JUNCTION     0.06     0.06   448.06     0  00:05        0.06
  SonSto_porte         JUNCTION     2.97     3.00   441.50     0  00:25        3.00
  Brunnm_Fassung       OUTFALL      0.10     0.10   433.90     0  00:04        0.10
  Brunnmuehle(Teich)   OUTFALL      0.23     0.23   435.73     0  00:04        0.23
  Fensterstollen       OUTFALL      0.49     0.49   437.49     0  00:02        0.49
  Gischeren            OUTFALL      0.15     0.15   480.15     0  00:16        0.15
  Schuettstein         OUTFALL      0.21     0.21   477.76     0  00:04        0.21
  Holiloch             OUTFALL      1.57     1.57   478.07     0  00:05        1.57
  Sauserquelle         OUTFALL      0.41     0.41   435.96     0  00:04        0.41
  Entw_Stollen         OUTFALL      0.18     0.18   436.68     0  00:08        0.18
  Sous_lacustre        OUTFALL      0.11     0.11   429.31     0  00:04        0.11
  Sous_ecoul.          OUTFALL      0.00     0.00   433.00     0  00:04        0.00
  Syst_Est_aval        OUTFALL      0.47     0.48   429.48     0  00:08        0.47
  TWT_Portail_Est_61+665 OUTFALL      0.00     0.01   421.61     0  00:08        0.00
  
  
  *******************
  Node Inflow Summary
  *******************
  
  -------------------------------------------------------------------------------------------------
                                  Maximum  Maximum                  Lateral       Total        Flow
                                  Lateral    Total  Time of Max      Inflow      Inflow     Balance
                                   Inflow   Inflow   Occurrence      Volume      Volume       Error
  Node                 Type           CMS      CMS  days hr:min    10^6 ltr    10^6 ltr     Percent
  -------------------------------------------------------------------------------------------------
  9                    JUNCTION         0     14.6     0  00:00           0         602       0.019
  Holiloch_sonde       JUNCTION         0       13     0  00:00           0         564       0.014
  11                   JUNCTION         0    0.268     0  00:00           0        21.8       0.001
  13                   JUNCTION         0     22.8     0  00:00           0    1.79e+03       0.013
  21                   JUNCTION         0    0.439     0  00:16           0        37.6       0.000
  SonSto_F             JUNCTION         0     2.14     0  00:00           0        85.4       0.008
  Sondierstollen       JUNCTION         0        0     0  00:00           0           0       0.000 ltr
  Aval_Trappe          JUNCTION         0     6.02     0  00:02           0         497       0.002
  30                   JUNCTION         0     5.92     0  00:02           0         503       0.002
  Gischeren_node       JUNCTION         0    0.305     0  00:12           0        22.2       0.274
  34                   JUNCTION         0    0.402     0  00:16           0        34.5       0.000
  38                   JUNCTION         0     0.26     0  00:00           0          20       0.000
  SS6                  JUNCTION         0    0.156     0  00:02           0        12.9       0.001
  40                   JUNCTION         0     1.71     0  00:04           0         148       0.000
  41                   JUNCTION         0     5.23     0  00:00           0        37.2       0.033
  SondeSchuettstein    JUNCTION         0    0.727     0  00:00           0        37.1       0.032
  SS4                  JUNCTION         0    0.121     0  00:16           0        10.4       0.003
  47                   JUNCTION         0      8.9     0  00:00           0         551       0.006
  48                   JUNCTION         0    0.524     0  00:00           0        37.1       0.013
  SondeGischeren       JUNCTION         0      0.3     0  00:08           0        17.7       0.284
  49                   JUNCTION         0     0.95     0  00:01           0          13       0.424
  50                   JUNCTION         0     0.18     0  00:05           0        13.1       0.017
  51                   JUNCTION         0     40.1     0  00:00           0    1.98e+03      -0.000
  Amont_C              JUNCTION      22.9     46.8     0  00:00    1.98e+03    1.98e+03       0.013
  52                   JUNCTION         0    0.254     0  00:04           0        17.7       0.123
  53                   JUNCTION         0    0.356     0  00:01           0          13       0.098
  54                   JUNCTION         0    0.303     0  00:10           0          13       0.721
  56                   JUNCTION         0      1.4     0  00:04           0         121       0.000
  2                    JUNCTION         0     2.55     0  00:15           0        7.61      11.264
  4                    JUNCTION         0    0.369     0  00:04           0        31.7       0.018
  5                    JUNCTION         0     7.55     0  00:00           0         551       0.046
  6                    JUNCTION         0     10.2     0  00:00           0         564       0.025
  7                    JUNCTION         0     6.59     0  00:02           0         551       0.046
  SS3                  JUNCTION         0    0.152     0  00:16           0        13.1       0.002
  SS5                  JUNCTION         0    0.393     0  00:10           0        33.6       0.018
  8                    JUNCTION         0    0.488     0  00:07           0        35.4       0.212
  10                   JUNCTION         0    0.743     0  00:02           0        12.9       0.117
  SonSto_SS5           JUNCTION         0    0.502     0  00:16           0        43.3       0.005
  SonSto_SS3           JUNCTION         0   0.0673     0  00:16           0         5.8       0.017
  SonSto_SS4           JUNCTION         0    0.189     0  00:16           0        16.2       0.013
  Amont_Trappe         JUNCTION         0     2.34     0  00:00           0          80       0.004
  SonSto_SS6           JUNCTION         0    0.652     0  00:16           0        56.2       0.006
  SS2                  JUNCTION         0        0     0  00:00           0           0       0.000 ltr
  SonSto_SS2           JUNCTION         0        0     0  00:00           0           0       0.000 ltr
  12                   JUNCTION         0    0.391     0  00:00           0        20.6       0.018
  14                   JUNCTION         0     1.86     0  00:01           0         120       0.038
  15                   JUNCTION         0    0.437     0  00:04           0        37.7       0.026
  TWT_PointHaut_60+650 JUNCTION         0        0     0  00:00           0           0       0.000 ltr
  TWT_Fensterstollen_60+375 JUNCTION         0       13     0  00:16           0    1.12e+03       0.005
  TWT_Acces_LT_60+110  JUNCTION         0     12.7     0  00:23           0        7.39     -95.176
  TWT_Liaison_LT_59+738 JUNCTION         0        0     0  00:00           0           0       0.000 ltr
  Syst_Est_amont       JUNCTION      1.15     1.15     0  00:00        98.9        98.9       0.130
  Syst_Est_interm      JUNCTION         0     1.28     0  00:08           0        98.8       0.418
  TWT_Branche_Est_Sonsto_60+540 JUNCTION         0        0     0  00:00           0           0       0.000 ltr
  TWT_Intersection_Sonsto_60+345 JUNCTION         0     51.9     0  00:14           0         856      20.591
  TWT_Chrosweg_61+140  JUNCTION         0    0.844     0  00:07           0     0.00311      10.939
  SonSto_F_sup         JUNCTION         0    0.437     0  00:05           0        37.7       0.002
  SonSto_porte         JUNCTION         0       59     0  00:14           0         702       7.354
  Brunnm_Fassung       OUTFALL          0   0.0337     0  00:04           0        2.85       0.000
  Brunnmuehle(Teich)   OUTFALL          0    0.365     0  00:04           0        31.1       0.000
  Fensterstollen       OUTFALL          0     5.89     0  00:02           0         503       0.000
  Gischeren            OUTFALL          0    0.258     0  00:16           0        22.1       0.000
  Schuettstein         OUTFALL          0    0.431     0  00:04           0        37.1       0.000
  Holiloch             OUTFALL          0     6.39     0  00:05           0         551       0.000
  Sauserquelle         OUTFALL          0      1.4     0  00:04           0         121       0.000
  Entw_Stollen         OUTFALL          0    0.111     0  00:16           0        6.67       0.000
  Sous_lacustre        OUTFALL          0   0.0368     0  00:04           0        3.13       0.000
  Sous_ecoul.          OUTFALL          0  0.00609     0  00:04           0       0.513       0.000
  Syst_Est_aval        OUTFALL          0     1.16     0  00:08           0        98.4       0.000
  TWT_Portail_Est_61+665 OUTFALL          0   0.0217     0  00:08           0     0.00229       0.000
  
  
  **********************
  Node Surcharge Summary
  **********************
  
  Surcharging occurs when water rises above the top of the highest conduit.
  ---------------------------------------------------------------------
                                               Max. Height   Min. Depth
                                   Hours       Above Crown    Below Rim
  Node                 Type      Surcharged         Meters       Meters
  ---------------------------------------------------------------------
  9                    JUNCTION       23.99         51.073       47.127
  Holiloch_sonde       JUNCTION       23.99         47.305      150.795
  11                   JUNCTION       24.00         50.299       99.241
  13                   JUNCTION       23.99         53.339      343.661
  21                   JUNCTION       24.00         41.087      108.313
  34                   JUNCTION       24.00         19.404       79.996
  38                   JUNCTION       24.00         24.210      125.190
  40                   JUNCTION       24.00         38.884       57.116
  41                   JUNCTION       23.99         83.894      165.256
  SondeSchuettstein    JUNCTION       23.99         21.506        0.000
  47                   JUNCTION       23.98         12.199       85.901
  48                   JUNCTION       23.98          9.185       90.015
  SondeGischeren       JUNCTION       23.92         13.998       84.802
  49                   JUNCTION       23.96          6.466      185.534
  50                   JUNCTION       23.91          8.829      190.871
  51                   JUNCTION       24.00         73.131      322.869
  Amont_C              JUNCTION       24.00        138.119      258.881
  52                   JUNCTION       23.93         14.370       85.230
  53                   JUNCTION       23.98         15.225      179.775
  54                   JUNCTION       23.83         17.497      177.503
  56                   JUNCTION       24.00          6.613       92.387
  2                    JUNCTION       23.70          9.270        0.000
  4                    JUNCTION       23.99          8.753       90.597
  5                    JUNCTION       23.97          0.932       44.068
  6                    JUNCTION       23.99         16.263      178.737
  8                    JUNCTION       23.80          1.244      193.756
  10                   JUNCTION       23.96          4.505      187.495
  12                   JUNCTION       23.99         27.034      172.616
  14                   JUNCTION       23.97         15.158      180.842
  Syst_Est_amont       JUNCTION       23.86         84.031       14.969
  Syst_Est_interm      JUNCTION       23.88         27.438       71.062
  SonSto_porte         JUNCTION       23.58          0.000        0.000
  
  
  *********************
  Node Flooding Summary
  *********************
  
  Flooding refers to all water that overflows a node, whether it ponds or not.
  --------------------------------------------------------------------------
                                                             Total   Maximum
                                 Maximum   Time of Max       Flood    Ponded
                        Hours       Rate    Occurrence      Volume     Depth
  Node                 Flooded       CMS   days hr:min    10^6 ltr    Meters
  --------------------------------------------------------------------------
  SonSto_porte           23.58      7.65      0  00:25     649.639     0.000
  
  
  ***********************
  Outfall Loading Summary
  ***********************
  
  -----------------------------------------------------------
                         Flow       Avg       Max       Total
                         Freq      Flow      Flow      Volume
  Outfall Node           Pcnt       CMS       CMS    10^6 ltr
  -----------------------------------------------------------
  Brunnm_Fassung        99.95     0.033    0.0337       2.847
  Brunnmuehle(Teich)    99.95     0.361     0.365      31.150
  Fensterstollen        99.97      5.82      5.89     502.511
  Gischeren             99.11     0.258     0.258      22.124
  Schuettstein          99.94      0.43     0.431      37.122
  Holiloch              99.88      6.38      6.39     550.726
  Sauserquelle          99.98       1.4       1.4     120.677
  Entw_Stollen          99.97    0.0772     0.111       6.668
  Sous_lacustre        100.00    0.0363    0.0368       3.132
  Sous_ecoul.           99.95   0.00594   0.00609       0.513
  Syst_Est_aval         99.49      1.14      1.16      98.374
  TWT_Portail_Est_61+665   0.26    0.0103    0.0217       0.002
  -----------------------------------------------------------
  System                91.54        16        16    1375.848
  
  
  ********************
  Link Flow Summary
  ********************
  
  -----------------------------------------------------------------------------
                                 Maximum  Time of Max   Maximum    Max/    Max/
                                  |Flow|   Occurrence   |Veloc|    Full    Full
  Link                 Type          CMS  days hr:min     m/sec    Flow   Depth
  -----------------------------------------------------------------------------
  Brunn_Fassung_L      CONDUIT    0.0337     0  00:04      1.44    0.56    0.77
  11                   CONDUIT        13     0  00:00      7.38    1.94    1.00
  14                   CONDUIT      14.6     0  00:00     10.29    7.93    1.00
  16                   CONDUIT     0.268     0  00:00      3.13    1.87    1.00
  17                   CONDUIT     0.264     0  00:00      0.93    0.45    1.00
  26                   CONDUIT      5.23     0  00:00      9.82    7.09    1.00
  27                   CONDUIT    0.0704     0  00:00      1.85    0.91    1.00
  Gischeren_L          CONDUIT     0.258     0  00:16      0.39    0.03    0.56
  Schuettstein_L       CONDUIT     0.431     0  00:04      2.89    0.37    0.71
  Brunnmuehle_L        CONDUIT     0.402     0  00:16      1.42    0.19    1.00
  32                   CONDUIT         0     0  00:00      0.00    0.00    0.00
  35                   CONDUIT     0.156     0  00:08      0.22    0.03    1.00
  45                   CONDUIT     0.652     0  00:16      2.65    0.00    0.10
  46                   CONDUIT       1.4     0  00:04      4.95    1.40    1.00
  47                   CONDUIT     0.121     0  00:00      3.20    7.57    1.00
  50                   CONDUIT     0.524     0  00:00      1.95    0.10    1.00
  51                   CONDUIT     0.314     0  00:01      3.26    0.88    1.00
  53                   CONDUIT      0.26     0  00:00      1.57    1.32    1.00
  Fenster_L            CONDUIT      5.89     0  00:02      7.82    0.06    0.17
  58                   CONDUIT      5.86     0  00:02      7.01    0.08    0.22
  59                   CONDUIT     0.502     0  00:16      3.66    0.01    0.05
  61                   CONDUIT     0.727     0  00:00      3.68    1.02    1.00
  63                   CONDUIT     0.156     0  00:02      2.15    0.70    0.52
  66                   CONDUIT      0.18     0  00:05      2.65    2.37    1.00
  67                   CONDUIT      22.8     0  00:00      5.45    0.23    1.00
  Amont_L              CONDUIT      40.1     0  00:00      5.67    2.17    1.00
  69                   CONDUIT     0.254     0  00:04      2.14    0.99    1.00
  70                   CONDUIT     0.205     0  00:10      1.63    0.63    1.00
  71                   CONDUIT     0.356     0  00:01      1.79    0.63    1.00
  72                   CONDUIT     0.303     0  00:10      1.47    1.44    1.00
  Sauser_L             CONDUIT       1.4     0  00:04      2.36    0.36    0.71
  75                   CONDUIT     0.121     0  00:16      3.66    1.23    0.65
  Entw_Sto_L           CONDUIT     0.111     0  00:16      4.35    2.56    1.00
  4                    CONDUIT    0.0299     0  00:10      1.22    1.34    1.00
  5                    CONDUIT     0.025     0  00:07      1.05    0.89    1.00
  6                    CONDUIT    0.0368     0  00:04      1.43    0.55    0.77
  7                    CONDUIT     0.369     0  00:04      1.88    0.57    1.00
  Brunn_Teich_L        CONDUIT     0.365     0  00:04      1.52    0.28    0.68
  9                    CONDUIT   0.00609     0  00:04      1.53    0.00    0.50
  12                   CONDUIT      7.55     0  00:00      4.45    0.15    1.00
  15                   CONDUIT      10.2     0  00:00      5.55    0.26    1.00
  18                   CONDUIT       8.9     0  00:00      4.70    0.36    1.00
  19                   CONDUIT      0.95     0  00:01      1.26    0.90    1.00
  20                   CONDUIT      2.34     0  00:00      4.79    0.19    0.75
  21                   CONDUIT      6.59     0  00:02      0.78    0.04    0.84
  Hooliloch_L          CONDUIT      6.39     0  00:05      1.28    0.13    0.62
  23                   CONDUIT     0.152     0  00:16      3.53    0.95    0.59
  25                   CONDUIT     0.488     0  00:07      1.86    0.40    1.00
  28                   CONDUIT    0.0673     0  00:19      0.80    0.00    0.04
  29                   CONDUIT     0.113     0  00:16      0.79    0.01    0.05
  31                   CONDUIT     0.255     0  00:12      0.45    0.16    0.87
  33                   CONDUIT     0.743     0  00:02      0.80    0.28    1.00
  37                   CONDUIT      0.39     0  00:10      0.67    0.01    0.14
  SS3_L                CONDUIT    0.0673     0  00:16      2.51    0.00    0.03
  40                   CONDUIT      2.14     0  00:00      2.11    0.01    0.14
  SS6_L                CONDUIT     0.156     0  00:02      2.48    0.00    0.05
  1                    CONDUIT         0     0  00:00      0.00    0.00    0.01
  2                    CONDUIT         0     0  00:00      0.00    0.00    0.00
  3                    CONDUIT     0.121     0  00:16      2.71    0.01    0.12
  10                   CONDUIT    0.0799     0  00:10      0.14    0.00    0.14
  13                   CONDUIT     0.391     0  00:00      4.57    0.85    1.00
  22                   CONDUIT     0.276     0  00:00      2.87    0.68    1.00
  24                   CONDUIT      1.86     0  00:01      3.00    0.00    1.00
  30                   CONDUIT      1.39     0  00:04      1.93    0.58    1.00
  34                   CONDUIT     0.437     0  00:04      2.12    0.49    0.81
  36                   CONDUIT     0.437     0  00:05      5.68    0.47    0.36
  38                   CONDUIT       0.3     0  00:08      2.49    0.11    1.00
  48                   CONDUIT      1.28     0  00:08      2.65    0.86    1.00
  54                   CONDUIT      1.16     0  00:08      0.94    0.22    0.66
  68                   CONDUIT     0.338     0  00:05      2.00    0.00    0.10
  73                   CONDUIT       2.5     0  00:15      1.45    0.58    1.00
  TWT1                 CONDUIT    0.0217     0  00:08      1.73    0.00    0.00
  TWT2                 CONDUIT         0     0  00:00      0.00    0.00    0.00
  TWT3                 CONDUIT         0     0  00:00      0.00    0.00    0.00
  TWT4                 CONDUIT         0     0  00:00      0.00    0.00    0.02
  1_2_b_               CONDUIT         0     0  00:00      0.00    0.00    0.00
  1_2_b_1              CONDUIT      12.8     0  00:04     23.57    3.47    0.65
  1_2_b_2              CONDUIT    0.0986     0  00:05      1.03    0.01    0.18
  1_2_b_5              CONDUIT     0.085     0  00:16      0.90    0.01    0.18
  1_3_a_2              CONDUIT     0.844     0  00:07      2.14    0.09    0.51
  TWT5                 CONDUIT      8.12     0  00:16     11.32    0.00    0.30
  1_4_a                CONDUIT      4.83     0  00:16      8.58    0.02    0.18
  TWT6                 CONDUIT      12.7     0  00:23      1.87    0.03    0.53
  1_4_b                CONDUIT      58.3     0  00:14     10.80    0.08    1.00
  TWT7                 CONDUIT         0     0  00:00      0.00    0.00    0.25
  1_5_a                CONDUIT         0     0  00:00      0.00    0.00    0.50
  
  
  ***************************
  Flow Classification Summary
  ***************************
  
  -------------------------------------------------------------------------------------
                      Adjusted    ---------- Fraction of Time in Flow Class ---------- 
                       /Actual         Up    Down  Sub   Sup   Up    Down  Norm  Inlet 
  Conduit               Length    Dry  Dry   Dry   Crit  Crit  Crit  Crit  Ltd   Ctrl  
  -------------------------------------------------------------------------------------
  Brunn_Fassung_L         1.00   0.00  0.00  0.00  0.00  1.00  0.00  0.00  0.00  0.00
  11                      1.00   0.00  0.00  0.00  1.00  0.00  0.00  0.00  0.00  0.00
  14                      1.00   0.00  0.00  0.00  1.00  0.00  0.00  0.00  0.00  0.00
  16                      1.00   0.00  0.00  0.00  1.00  0.00  0.00  0.00  0.00  0.00
  17                      1.00   0.00  0.00  0.00  1.00  0.00  0.00  0.00  0.00  0.00
  26                      1.00   0.00  0.00  0.00  1.00  0.00  0.00  0.00  0.00  0.00
  27                      1.00   0.00  0.00  0.00  1.00  0.00  0.00  0.00  0.00  0.00
  Gischeren_L             1.00   0.01  0.00  0.00  0.99  0.00  0.00  0.00  0.00  0.00
  Schuettstein_L          1.00   0.00  0.00  0.00  0.00  1.00  0.00  0.00  0.00  0.00
  Brunnmuehle_L           1.00   0.00  0.00  0.00  1.00  0.00  0.00  0.00  0.00  0.00
  32                      1.00   1.00  0.00  0.00  0.00  0.00  0.00  0.00  0.00  0.00
  35                      1.00   0.00  0.01  0.00  0.99  0.00  0.00  0.00  0.00  0.00
  45                      1.00   0.00  0.00  0.00  0.00  1.00  0.00  0.00  1.00  0.00
  46                      1.00   0.00  0.00  0.00  1.00  0.00  0.00  0.00  0.00  0.00
  47                      1.00   0.00  0.00  0.00  1.00  0.00  0.00  0.00  0.00  0.00
  50                      1.00   0.00  0.00  0.00  1.00  0.00  0.00  0.00  0.00  0.00
  51                      1.00   0.00  0.00  0.00  1.00  0.00  0.00  0.00  0.00  0.00
  53                      1.00   0.00  0.00  0.00  1.00  0.00  0.00  0.00  0.00  0.00
  Fenster_L               1.00   0.00  0.00  0.00  0.00  1.00  0.00  0.00  0.00  0.00
  58                      1.00   0.00  0.00  0.00  0.00  1.00  0.00  0.00  1.00  0.00
  59                      1.00   0.00  0.00  0.00  0.00  1.00  0.00  0.00  0.00  0.00
  61                      1.00   0.00  0.00  0.00  1.00  0.00  0.00  0.00  0.00  0.00
  63                      1.00   0.00  0.00  0.00  1.00  0.00  0.00  0.00  0.00  0.00
  66                      1.00   0.00  0.00  0.00  1.00  0.00  0.00  0.00  0.00  0.00
  67                      1.00   0.00  0.00  0.00  1.00  0.00  0.00  0.00  0.00  0.00
  Amont_L                 1.00   0.00  0.00  0.00  1.00  0.00  0.00  0.00  0.00  0.00
  69                      1.00   0.00  0.00  0.00  1.00  0.00  0.00  0.00  0.00  0.00
  70                      1.00   0.00  0.00  0.00  1.00  0.00  0.00  0.00  0.00  0.00
  71                      1.00   0.00  0.00  0.00  1.00  0.00  0.00  0.00  0.00  0.00
  72                      1.00   0.00  0.00  0.00  1.00  0.00  0.00  0.00  0.00  0.00
  Sauser_L                1.00   0.00  0.00  0.00  1.00  0.00  0.00  0.00  0.00  0.00
  75                      1.00   0.00  0.00  0.00  0.00  1.00  0.00  0.00  0.00  0.00
  Entw_Sto_L              1.00   0.00  0.00  0.00  0.99  0.01  0.00  0.00  0.00  0.00
  4                       1.00   0.00  0.00  0.00  1.00  0.00  0.00  0.00  0.00  0.00
  5                       1.00   0.00  0.00  0.00  1.00  0.00  0.00  0.00  0.00  0.00
  6                       1.00   0.00  0.00  0.00  0.00  1.00  0.00  0.00  0.00  0.00
  7                       1.00   0.00  0.00  0.00  1.00  0.00  0.00  0.00  0.00  0.00
  Brunn_Teich_L           1.00   0.00  0.00  0.00  1.00  0.00  0.00  0.00  0.00  0.00
  9                       1.00   0.00  0.00  0.00  0.00  1.00  0.00  0.00  0.00  0.00
  12                      1.00   0.00  0.00  0.00  1.00  0.00  0.00  0.00  0.00  0.00
  15                      1.00   0.00  0.00  0.00  1.00  0.00  0.00  0.00  0.00  0.00
  18                      1.00   0.00  0.00  0.00  1.00  0.00  0.00  0.00  0.00  0.00
  19                      1.00   0.00  0.00  0.00  1.00  0.00  0.00  0.00  0.00  0.00
  20                      1.00   0.00  0.00  0.00  1.00  0.00  0.00  0.00  0.00  0.00
  21                      1.00   0.00  0.00  0.00  1.00  0.00  0.00  0.00  0.00  0.00
  Hooliloch_L             1.00   0.00  0.00  0.00  1.00  0.00  0.00  0.00  0.00  0.00
  23                      1.00   0.00  0.00  0.00  0.00  1.00  0.00  0.00  0.00  0.00
  25                      1.00   0.00  0.00  0.00  1.00  0.00  0.00  0.00  0.00  0.00
  28                      1.00   0.00  0.00  0.00  1.00  0.00  0.00  0.00  1.00  0.00
  29                      1.00   0.00  0.00  0.00  1.00  0.00  0.00  0.00  1.00  0.00
  31                      1.00   0.00  0.01  0.00  0.99  0.00  0.00  0.00  0.00  0.00
  33                      1.00   0.00  0.00  0.00  1.00  0.00  0.00  0.00  0.00  0.00
  37                      1.00   0.00  0.00  0.00  1.00  0.00  0.00  0.00  0.00  0.00
  SS3_L                   1.00   0.00  0.00  0.00  0.00  1.00  0.00  0.00  1.00  0.00
  40                      1.00   0.00  0.00  0.00  1.00  0.00  0.00  0.00  0.00  0.00
  SS6_L                   1.00   0.00  0.00  0.00  0.00  1.00  0.00  0.00  1.00  0.00
  1                       1.00   0.00  1.00  0.00  0.00  0.00  0.00  0.00  0.00  0.00
  2                       1.00   1.00  0.00  0.00  0.00  0.00  0.00  0.00  0.00  0.00
  3                       1.00   0.00  0.00  0.00  0.00  1.00  0.00  0.00  1.00  0.00
  10                      1.00   0.00  0.00  0.00  1.00  0.00  0.00  0.00  0.00  0.00
  13                      1.00   0.00  0.00  0.00  1.00  0.00  0.00  0.00  0.00  0.00
  22                      1.00   0.00  0.00  0.00  1.00  0.00  0.00  0.00  0.00  0.00
  24                      1.00   0.00  0.00  0.00  1.00  0.00  0.00  0.00  0.00  0.00
  30                      1.00   0.00  0.00  0.00  1.00  0.00  0.00  0.00  0.00  0.00
  34                      1.00   0.00  0.00  0.00  1.00  0.00  0.00  0.00  0.00  0.00
  36                      1.00   0.00  0.00  0.00  0.00  1.00  0.00  0.00  0.00  0.00
  38                      1.00   0.00  0.00  0.00  1.00  0.00  0.00  0.00  0.00  0.00
  48                      1.00   0.00  0.00  0.00  1.00  0.00  0.00  0.00  0.00  0.00
  54                      1.00   0.00  0.01  0.00  0.99  0.00  0.00  0.00  0.00  0.00
  68                      1.00   0.00  0.00  0.00  0.00  1.00  0.00  0.00  1.00  0.00
  73                      1.00   0.00  0.00  0.00  1.00  0.00  0.00  0.00  0.00  0.00
  TWT1                    1.00   1.00  0.00  0.00  0.00  0.00  0.00  0.00  0.00  0.00
  TWT2                    1.00   1.00  0.00  0.00  0.00  0.00  0.00  0.00  0.00  0.00
  TWT3                    1.00   1.00  0.00  0.00  0.00  0.00  0.00  0.00  0.00  0.00
  TWT4                    1.00   0.00  1.00  0.00  0.00  0.00  0.00  0.00  0.00  0.00
  1_2_b_                  1.00   1.00  0.00  0.00  0.00  0.00  0.00  0.00  0.00  0.00
  1_2_b_1                 1.00   0.00  0.00  0.00  0.00  1.00  0.00  0.00  0.00  0.00
  1_2_b_2                 1.00   0.00  0.00  0.00  1.00  0.00  0.00  0.00  1.00  0.00
  1_2_b_5                 1.00   0.00  0.00  0.00  1.00  0.00  0.00  0.00  1.00  0.00
  1_3_a_2                 1.00   0.00  1.00  0.00  0.00  0.00  0.00  0.00  0.99  0.00
  TWT5                    1.00   0.00  0.00  0.00  1.00  0.00  0.00  0.00  1.00  0.00
  1_4_a                   1.00   0.00  0.00  0.00  0.00  1.00  0.00  0.00  1.00  0.00
  TWT6                    1.00   0.00  0.00  0.00  1.00  0.00  0.00  0.00  0.00  0.00
  1_4_b                   1.00   0.00  0.00  0.00  1.00  0.00  0.00  0.00  0.00  0.00
  TWT7                    1.00   0.00  1.00  0.00  0.00  0.00  0.00  0.00  0.00  0.00
  1_5_a                   1.00   0.00  1.00  0.00  0.00  0.00  0.00  0.00  0.00  0.00
  
  
  *************************
  Conduit Surcharge Summary
  *************************
  
  ----------------------------------------------------------------------------
                                                           Hours        Hours 
                         --------- Hours Full --------   Above Full   Capacity
  Conduit                Both Ends  Upstream  Dnstream   Normal Flow   Limited
  ----------------------------------------------------------------------------
  Brunn_Fassung_L             0.01      0.01     24.00      0.01         0.01
  11                         23.99     23.99     23.99      0.03         0.01
  14                         23.99     23.99     24.00     23.99         0.01
  16                         24.00     24.00     24.00     23.99        23.99
  17                         24.00     24.00     24.00      0.01         0.01
  26                         23.99     24.00     23.99      0.01         0.01
  27                         23.99     23.99     23.99      0.01         0.01
  Gischeren_L                 0.01      0.01     23.79      0.01         0.01
  Schuettstein_L              0.01      0.01     23.98      0.01         0.01
  Brunnmuehle_L              24.00     24.00     24.00      0.01         0.01
  35                         23.83     23.83     23.87      0.01         0.01
  46                         24.00     24.00     24.00     23.98         0.01
  47                         24.00     24.00     24.00     24.00        24.00
  50                         23.98     23.98     23.99      0.01         0.01
  51                         23.98     23.98     24.00      0.01         0.01
  53                         24.00     24.00     24.00     23.99         0.01
  61                         23.99     23.99     23.99      0.01         0.01
  63                          0.01     23.97      0.01      0.01         0.01
  66                         23.91     23.97     23.91     23.96        23.91
  67                         23.99     23.99     24.00      0.01         0.01
  Amont_L                    24.00     24.00     24.00     24.00         0.01
  69                         23.93     23.93     24.00      0.01         0.01
  70                         23.93     23.93     24.00      0.01         0.01
  71                         23.98     23.98     23.99      0.01         0.01
  72                         23.83     23.98     23.83      0.15         0.01
  Sauser_L                    0.01      0.01     24.00      0.01         0.01
  75                          0.01     23.97      0.01     23.83         0.01
  Entw_Sto_L                 23.85     23.87     23.85     23.88        23.85
  4                          23.87     23.97     23.87     23.89        23.87
  5                          23.87     23.87     24.00      0.01         0.01
  6                           0.01      0.01     24.00      0.01         0.01
  7                          23.99     23.99     24.00      0.01         0.01
  Brunn_Teich_L               0.01      0.01     23.99      0.01         0.01
  9                           0.01      0.01     23.99      0.01         0.01
  12                         23.98     23.98     23.98      0.01         0.01
  15                         23.99     23.99     23.99      0.01         0.01
  18                         23.98     23.98     23.99      0.01         0.01
  19                         23.97     23.97     23.99      0.01         0.01
  21                          0.01      0.01     23.97      0.01         0.01
  23                          0.01     23.91      0.01      0.01         0.01
  25                         23.87     23.87     23.99      0.01         0.01
  31                          0.01      0.01     23.80      0.01         0.01
  33                         23.96     23.96     23.96      0.01         0.01
  13                         23.99     23.99     24.00      0.01         0.01
  22                         23.99     23.99     24.00      0.01         0.01
  24                         23.97     23.97     24.00      0.01         0.01
  30                         23.97     23.97     24.00      0.01         0.01
  34                          0.01      0.01     23.99      0.01         0.01
  38                         23.89     23.89     23.93      0.01         0.01
  48                         23.86     23.86     23.91      0.01         0.01
  54                          0.01      0.01     23.88      0.01         0.01
  73                         23.69     23.70     23.70      0.01         0.01
  1_2_b_1                     0.01      0.01     23.99     23.99         0.01
  1_3_a_2                     0.01      0.01     23.88      0.01         0.01
  1_4_b                      23.58     23.58     23.75      0.01         0.01
  

  Analysis begun on:  Thu Aug 13 11:19:49 2026
  Analysis ended on:  Thu Aug 13 11:19:51 2026
  Total elapsed time: 00:00:02