
  EPA STORM WATER MANAGEMENT MODEL - VERSION 5.2 (Build 5.2.4)
  ------------------------------------------------------------

  Brunnmuehle (Twann) 
  WARNING 08: elevation drop exceeds length for Conduit SS3_L
  WARNING 08: elevation drop exceeds length for Conduit SS6_L
  WARNING 08: elevation drop exceeds length for Conduit 2
  WARNING 08: elevation drop exceeds length for Conduit 3
  WARNING 08: elevation drop exceeds length for Conduit 68
  WARNING 08: elevation drop exceeds length for Conduit 1_2_b_
  WARNING 08: elevation drop exceeds length for Conduit 1_2_b_2
  WARNING 08: elevation drop exceeds length for Conduit 1_2_b_3
  WARNING 08: elevation drop exceeds length for Conduit 1_2_b_5
  WARNING 08: elevation drop exceeds length for Conduit 1_4_b
  WARNING 08: elevation drop exceeds length for Conduit 1_5_a
  WARNING 04: minimum elevation drop used for Conduit 1_7_a
  WARNING 08: elevation drop exceeds length for Conduit 1_7_a_
  WARNING 08: elevation drop exceeds length for Conduit 1_7_a__
  WARNING 08: elevation drop exceeds length for Conduit 1_7_a_4
  WARNING 02: maximum depth increased for Node 2
  
  ****************
  Analysis Options
  ****************
  Flow Units ............... CMS
  Process Models:
    Rainfall/Runoff ........ NO
    RDII ................... NO
    Snowmelt ............... NO
    Groundwater ............ NO
    Flow Routing ........... YES
    Ponding Allowed ........ NO
    Water Quality .......... NO
  Flow Routing Method ...... DYNWAVE
  Surcharge Method ......... EXTRAN
  Starting Date ............ 01/01/2000 00:00:00
  Ending Date .............. 01/02/2000 00:00:00
  Antecedent Dry Days ...... 0.0
  Report Time Step ......... 01:00:00
  Routing Time Step ........ 0.50 sec
  Variable Time Step ....... YES
  Maximum Trials ........... 8
  Number of Threads ........ 1
  Head Tolerance ........... 0.001500 m
  
  
  **************************        Volume        Volume
  Flow Routing Continuity        hectare-m      10^6 ltr
  **************************     ---------     ---------
  Dry Weather Inflow .......         0.000         0.000
  Wet Weather Inflow .......         0.000         0.000
  Groundwater Inflow .......         0.000         0.000
  RDII Inflow ..............         0.000         0.000
  External Inflow ..........       166.906      1669.074
  External Outflow .........       158.311      1583.131
  Flooding Loss ............         0.000         0.000
  Evaporation Loss .........         0.000         0.000
  Exfiltration Loss ........         0.000         0.000
  Initial Stored Volume ....         0.056         0.563
  Final Stored Volume ......         0.494         4.942
  Continuity Error (%) .....         4.885
  
  
  *************************
  Highest Continuity Errors
  *************************
  Node TWT_Intersection_Sonsto_60+345 (-25075.99%)
  Node Amont_Trappe (-102.82%)
  Node SonSto_F (96.15%)
  Node TWT_Acces_LT_60+110 (87.87%)
  Node Aval_Trappe (-82.35%)
  
  
  ***************************
  Time-Step Critical Elements
  ***************************
  Link 1_7_a_ (13950.08%)
  Link 1_8_a (20.31%)
  Link 1_4_a (4.69%)
  Link 20 (1.94%)
  
  
  ********************************
  Highest Flow Instability Indexes
  ********************************
  All links are stable.
  
  
  *********************************
  Most Frequent Nonconverging Nodes
  *********************************
  Node Brunnm_Fassung (44.26%)
  Node Brunnmuehle(Teich) (44.26%)
  Node Fensterstollen (44.26%)
  Node Gischeren (44.26%)
  Node Schuettstein (44.26%)
  
  
  *************************
  Routing Time Step Summary
  *************************
  Minimum Time Step           :     0.50 sec
  Average Time Step           :     0.50 sec
  Maximum Time Step           :     0.50 sec
  % of Time in Steady State   :    99.28
  Average Iterations per Step :     7.01
  % of Steps Not Converging   :    44.26
  Time Step Frequencies       :
      0.500 -  0.500 sec      :   100.00 %
      0.500 -  0.500 sec      :     0.00 %
      0.500 -  0.500 sec      :     0.00 %
      0.500 -  0.500 sec      :     0.00 %
      0.500 -  0.500 sec      :     0.00 %
  
  
  ******************
  Node Depth Summary
  ******************
  
  ---------------------------------------------------------------------------------
                                 Average  Maximum  Maximum  Time of Max    Reported
                                   Depth    Depth      HGL   Occurrence   Max Depth
  Node                 Type       Meters   Meters   Meters  days hr:min      Meters
  ---------------------------------------------------------------------------------
  9                    JUNCTION    45.57    53.50   492.00     0  00:00       45.59
  Holiloch_sonde       JUNCTION    41.54    48.09   488.09     0  00:00       41.56
  11                   JUNCTION    50.89    52.75   462.75     0  00:03       50.90
  13                   JUNCTION    58.60    59.32   497.32     0  00:02       58.63
  21                   JUNCTION    41.71    42.85   442.85     0  00:03       41.72
  SonSto_F             JUNCTION     0.39     0.39   438.19     0  00:10        0.39
  Sondierstollen       JUNCTION     0.00     0.00   440.80     0  00:00        0.00
  Aval_Trappe          JUNCTION     0.46     0.62   438.22     0  00:08        0.46
  30                   JUNCTION     0.58     0.59   437.89     0  00:08        0.59
  Gischeren_node       JUNCTION     3.76     3.78   480.28     0  00:10        3.78
  34                   JUNCTION    20.07    20.97   440.97     0  00:03       20.08
  38                   JUNCTION    25.26    26.62   446.62     0  00:03       25.27
  SS6                  JUNCTION     0.05     0.05   448.05     0  00:02        0.05
  40                   JUNCTION    20.59    21.33   440.33     0  00:01       20.60
  41                   JUNCTION    58.80    59.51   497.01     0  00:02       58.83
  SondeSchuettstein    JUNCTION    22.43    25.09   484.09     0  00:00       22.45
  SS4                  JUNCTION     0.06     0.06   448.06     0  00:02        0.06
  47                   JUNCTION    14.28    16.79   481.69     0  00:00       14.29
  48                   JUNCTION    10.09    12.40   483.40     0  00:00       10.09
  SondeGischeren       JUNCTION    15.23    15.29   480.29     0  00:09       15.28
  49                   JUNCTION    13.92    15.61   481.61     0  00:02       13.94
  50                   JUNCTION     9.11     9.16   472.16     0  00:09        9.14
  51                   JUNCTION    77.12    78.69   498.69     0  00:00       77.14
  Amont_C              JUNCTION    81.11    93.25   511.25     0  00:00       81.13
  52                   JUNCTION    12.41    26.50   483.50     0  00:03       12.44
  53                   JUNCTION    19.79    22.25   489.25     0  00:01       19.81
  54                   JUNCTION     0.44     0.44   463.44     0  00:10        0.44
  56                   JUNCTION     6.16     6.28   436.28     0  00:01        6.16
  2                    JUNCTION     0.26     0.26   438.26     0  00:10        0.26
  4                    JUNCTION     8.89     9.82   437.82     0  00:00        8.90
  5                    JUNCTION     6.17     6.20   478.70     0  00:03        6.18
  6                    JUNCTION    22.10    23.98   481.98     0  00:00       22.12
  7                    JUNCTION     3.66     3.68   478.68     0  00:04        3.66
  SS3                  JUNCTION     0.05     0.05   448.05     0  00:10        0.05
  SS5                  JUNCTION     0.54     0.54   439.44     0  00:10        0.54
  8                    JUNCTION     6.35     6.39   480.39     0  00:09        6.38
  10                   JUNCTION    11.92    13.65   481.65     0  00:02       11.93
  SonSto_SS5           JUNCTION     0.10     0.10   439.40     0  00:10        0.10
  SonSto_SS3           JUNCTION     0.07     0.07   439.77     0  00:09        0.07
  SonSto_SS4           JUNCTION     0.06     0.06   439.46     0  00:09        0.06
  Amont_Trappe         JUNCTION     0.40     0.61   438.31     0  00:09        0.40
  SonSto_SS6           JUNCTION     0.10     0.10   438.80     0  00:09        0.10
  SS2                  JUNCTION     0.00     0.00   448.00     0  00:00        0.00
  SonSto_SS2           JUNCTION     0.00     0.00   441.50     0  00:00        0.00
  12                   JUNCTION    21.28    23.11   472.11     0  00:00       21.29
  14                   JUNCTION    11.42    14.92   479.92     0  00:01       11.43
  15                   JUNCTION     0.39     0.39   472.39     0  00:04        0.39
  TWT_PointHaut_60+749 JUNCTION     0.16     0.18   438.68     0  00:05        0.17
  TWT_Fensterstollen_60+375 JUNCTION     0.93     0.93   438.23     0  00:10        0.93
  TWT_Acces_LT_60+110  JUNCTION     0.76     0.76   438.26     0  00:10        0.76
  TWT_Liaison_LT_59+738 JUNCTION     0.00     0.00   446.50     0  00:00        0.00
  Syst_Est_amont       JUNCTION     0.92     0.93   430.93     0  00:10        0.93
  Syst_Est_interm      JUNCTION    19.47    38.19   448.19     0  00:08       19.59
  TWT_Branche_Est_Sonsto_60+540 JUNCTION     0.43     0.48   438.88     0  00:02        0.43
  TWT_Intersection_Sonsto_60+345 JUNCTION     1.17     1.35   438.35     0  00:09        1.17
  TWT_Chrosweg_61+140  JUNCTION     0.14     0.14   432.14     0  00:10        0.14
  SonSto_F_sup         JUNCTION     0.04     0.04   448.04     0  00:04        0.04
  SonSto_porte         JUNCTION     0.00     0.00   438.50     0  00:00        0.00
  Brunnm_Fassung       OUTFALL      0.10     0.11   433.91     0  00:03        0.10
  Brunnmuehle(Teich)   OUTFALL      0.24     0.24   435.74     0  00:03        0.24
  Fensterstollen       OUTFALL      0.52     0.55   437.55     0  00:08        0.52
  Gischeren            OUTFALL      0.19     0.19   480.19     0  00:10        0.19
  Schuettstein         OUTFALL      0.25     0.25   477.80     0  00:02        0.25
  Holiloch             OUTFALL      1.74     1.76   478.26     0  00:04        1.75
  Sauserquelle         OUTFALL      0.25     0.25   435.80     0  00:01        0.25
  Entw_Stollen         OUTFALL      0.17     0.17   436.67     0  00:08        0.17
  Sous_lacustre        OUTFALL      0.11     0.11   429.31     0  00:03        0.11
  Sous_ecoul.          OUTFALL      0.00     0.00   433.00     0  00:03        0.00
  Syst_Est_aval        OUTFALL      0.28     0.47   429.47     0  00:08        0.28
  TWT_Portail_Est_61+665 OUTFALL      0.14     0.14   421.74     0  00:10        0.14
  CentraleVentilation_1C OUTFALL      0.28     0.28   454.28     0  00:10        0.28
  
  
  *******************
  Node Inflow Summary
  *******************
  
  -------------------------------------------------------------------------------------------------
                                  Maximum  Maximum                  Lateral       Total        Flow
                                  Lateral    Total  Time of Max      Inflow      Inflow     Balance
                                   Inflow   Inflow   Occurrence      Volume      Volume       Error
  Node                 Type           CMS      CMS  days hr:min    10^6 ltr    10^6 ltr     Percent
  -------------------------------------------------------------------------------------------------
  9                    JUNCTION         0     15.1     0  00:00           0         795       0.008
  Holiloch_sonde       JUNCTION         0     13.8     0  00:00           0         750       0.001
  11                   JUNCTION         0    0.279     0  00:00           0        23.4       0.000
  13                   JUNCTION         0     18.3     0  00:00           0    1.34e+03       0.031
  21                   JUNCTION         0    0.473     0  00:03           0        40.1       0.001
  SonSto_F             JUNCTION         0     1.38     0  00:10           0         104    2494.502
  Sondierstollen       JUNCTION         0        0     0  00:00           0           0       0.000 ltr
  Aval_Trappe          JUNCTION         0     4.55     0  00:08           0         148     -45.161
  30                   JUNCTION         0     8.21     0  00:10           0         707      23.888
  Gischeren_node       JUNCTION         0     0.46     0  00:08           0        35.8       0.191
  34                   JUNCTION         0    0.436     0  00:03           0        36.8      -0.005
  38                   JUNCTION         0    0.269     0  00:00           0        21.2      -0.004
  SS6                  JUNCTION         0    0.162     0  00:02           0        13.3      -0.001
  40                   JUNCTION         0      2.4     0  00:03           0         206       0.002
  41                   JUNCTION         0     3.19     0  00:00           0        49.4       0.071
  SondeSchuettstein    JUNCTION         0     0.86     0  00:00           0        49.3       0.005
  SS4                  JUNCTION         0    0.082     0  00:02           0        6.69       0.005
  47                   JUNCTION         0       11     0  00:00           0         736      -0.004
  48                   JUNCTION         0    0.645     0  00:00           0        49.3       0.028
  SondeGischeren       JUNCTION         0    0.377     0  00:06           0        24.2       0.266
  49                   JUNCTION         0     1.04     0  00:01           0        13.4       0.012
  50                   JUNCTION         0    0.181     0  00:04           0        13.2       0.013
  51                   JUNCTION         0       34     0  00:00           0    1.59e+03      -0.009
  Amont_C              JUNCTION      18.4     43.2     0  00:00    1.59e+03    1.59e+03       0.014
  52                   JUNCTION         0    0.283     0  00:03           0        18.9       0.117
  53                   JUNCTION         0     0.45     0  00:01           0        23.6       0.061
  54                   JUNCTION         0    0.273     0  00:10           0        23.6       3.459
  56                   JUNCTION         0     0.55     0  00:01           0        46.7      -0.001
  2                    JUNCTION         0    0.274     0  00:07           0        10.7     174.349
  4                    JUNCTION         0    0.402     0  00:03           0        33.8       0.018
  5                    JUNCTION         0     9.55     0  00:00           0         736       0.033
  6                    JUNCTION         0     11.9     0  00:00           0         750       0.033
  7                    JUNCTION         0     8.86     0  00:02           0         736       0.051
  SS3                  JUNCTION         0    0.153     0  00:09           0        13.2      -0.002
  SS5                  JUNCTION         0    0.163     0  00:10           0          14       0.216
  8                    JUNCTION         0    0.631     0  00:05           0        49.1       0.127
  10                   JUNCTION         0    0.828     0  00:02           0        13.4       0.700
  SonSto_SS5           JUNCTION         0    0.178     0  00:10           0        15.4       0.185
  SonSto_SS3           JUNCTION         0   0.0736     0  00:09           0        6.34       0.018
  SonSto_SS4           JUNCTION         0    0.151     0  00:09           0          13       0.004
  Amont_Trappe         JUNCTION         0     1.42     0  00:09           0        31.1     -50.694
  SonSto_SS6           JUNCTION         0    0.261     0  00:10           0        22.5       0.034
  SS2                  JUNCTION         0        0     0  00:00           0           0       0.000 ltr
  SonSto_SS2           JUNCTION         0        0     0  00:00           0           0       0.000 ltr
  12                   JUNCTION         0    0.439     0  00:00           0        28.7       0.009
  14                   JUNCTION         0     2.21     0  00:01           0         167       0.023
  15                   JUNCTION         0    0.521     0  00:03           0        44.5       0.038
  TWT_PointHaut_60+749 JUNCTION         0    0.743     0  00:03           0        51.9      -1.232
  TWT_Fensterstollen_60+375 JUNCTION         0     11.1     0  00:10           0         883      44.154
  TWT_Acces_LT_60+110  JUNCTION         0     2.85     0  00:05           0        54.5     724.619
  TWT_Liaison_LT_59+738 JUNCTION         0        0     0  00:00           0           0       0.000 ltr
  Syst_Est_amont       JUNCTION      0.92     0.92     0  00:00        79.5        79.5     118.913
  Syst_Est_interm      JUNCTION         0    0.974     0  00:04           0        36.3       1.144
  TWT_Branche_Est_Sonsto_60+540 JUNCTION         0     4.32     0  00:04           0         372       0.271
  TWT_Intersection_Sonsto_60+345 JUNCTION         0     6.04     0  00:09           0        1.47     -99.603
  TWT_Chrosweg_61+140  JUNCTION         0    0.647     0  00:06           0        52.6       2.869
  SonSto_F_sup         JUNCTION         0    0.521     0  00:04           0        44.5       0.001
  SonSto_porte         JUNCTION         0        0     0  00:00           0           0       0.000 ltr
  Brunnm_Fassung       OUTFALL          0   0.0364     0  00:03           0        3.01       0.000
  Brunnmuehle(Teich)   OUTFALL          0    0.397     0  00:03           0        33.3       0.000
  Fensterstollen       OUTFALL          0     7.32     0  00:08           0         570       0.000
  Gischeren            OUTFALL          0    0.417     0  00:10           0        35.8       0.000
  Schuettstein         OUTFALL          0    0.582     0  00:02           0        49.3       0.000
  Holiloch             OUTFALL          0     8.67     0  00:04           0         736       0.000
  Sauserquelle         OUTFALL          0     0.55     0  00:01           0        46.7       0.000
  Entw_Stollen         OUTFALL          0   0.0459     0  00:08           0        3.89       0.000
  Sous_lacustre        OUTFALL          0   0.0388     0  00:03           0        3.25       0.000
  Sous_ecoul.          OUTFALL          0  0.00625     0  00:03           0        0.52       0.000
  Syst_Est_aval        OUTFALL          0     1.11     0  00:08           0        35.9       0.000
  TWT_Portail_Est_61+665 OUTFALL          0    0.594     0  00:10           0        51.1       0.000
  CentraleVentilation_1C OUTFALL          0    0.165     0  00:10           0        14.2       0.000
  
  
  **********************
  Node Surcharge Summary
  **********************
  
  Surcharging occurs when water rises above the top of the highest conduit.
  ---------------------------------------------------------------------
                                               Max. Height   Min. Depth
                                   Hours       Above Crown    Below Rim
  Node                 Type      Surcharged         Meters       Meters
  ---------------------------------------------------------------------
  9                    JUNCTION       23.99         51.700       46.500
  Holiloch_sonde       JUNCTION       23.99         46.189      151.911
  11                   JUNCTION       24.00         52.287       97.253
  13                   JUNCTION       23.99         56.322      340.678
  21                   JUNCTION       24.00         42.246      107.154
  34                   JUNCTION       24.00         20.370       79.030
  38                   JUNCTION       24.00         26.021      123.379
  40                   JUNCTION       24.00         17.332       78.668
  41                   JUNCTION       23.99         58.664      190.486
  SondeSchuettstein    JUNCTION       23.99         24.293        0.000
  47                   JUNCTION       23.98         14.894       83.206
  48                   JUNCTION       23.98         11.600       87.600
  SondeGischeren       JUNCTION       23.94         14.092       84.708
  49                   JUNCTION       23.96          7.611      184.389
  50                   JUNCTION       23.93          8.856      190.844
  51                   JUNCTION       24.00         74.694      321.306
  Amont_C              JUNCTION       24.00         90.248      306.752
  52                   JUNCTION       23.94         26.096       73.504
  53                   JUNCTION       23.98         17.248      177.752
  56                   JUNCTION       24.00          5.284       93.716
  4                    JUNCTION       23.99          9.170       90.180
  5                    JUNCTION       23.97          1.198       43.802
  6                    JUNCTION       23.99         18.981      176.019
  8                    JUNCTION       23.86          1.391      193.609
  10                   JUNCTION       23.96          5.654      186.346
  12                   JUNCTION       23.99         22.763      176.887
  14                   JUNCTION       23.97         10.915      185.085
  Syst_Est_interm      JUNCTION       23.85         36.690       61.810
  
  
  *********************
  Node Flooding Summary
  *********************
  
  No nodes were flooded.
  
  
  ***********************
  Outfall Loading Summary
  ***********************
  
  -----------------------------------------------------------
                         Flow       Avg       Max       Total
                         Freq      Flow      Flow      Volume
  Outfall Node           Pcnt       CMS       CMS    10^6 ltr
  -----------------------------------------------------------
  Brunnm_Fassung        99.95    0.0348    0.0364       3.008
  Brunnmuehle(Teich)    99.95     0.386     0.397      33.300
  Fensterstollen        99.97      6.61      7.32     570.483
  Gischeren             99.37     0.417     0.417      35.766
  Schuettstein          99.94     0.571     0.582      49.298
  Holiloch              99.90      8.53      8.67     735.766
  Sauserquelle          99.97      0.54      0.55      46.672
  Entw_Stollen          99.95    0.0451    0.0459       3.891
  Sous_lacustre        100.00    0.0376    0.0388       3.253
  Sous_ecoul.           99.95   0.00603   0.00625       0.520
  Syst_Est_aval         99.39     0.418      1.11      35.896
  TWT_Portail_Est_61+665  99.94     0.592     0.594      51.093
  CentraleVentilation_1C  99.95     0.164     0.165      14.177
  -----------------------------------------------------------
  System                99.86      18.3      18.4    1583.124
  
  
  ********************
  Link Flow Summary
  ********************
  
  -----------------------------------------------------------------------------
                                 Maximum  Time of Max   Maximum    Max/    Max/
                                  |Flow|   Occurrence   |Veloc|    Full    Full
  Link                 Type          CMS  days hr:min     m/sec    Flow   Depth
  -----------------------------------------------------------------------------
  Brunn_Fassung_L      CONDUIT    0.0364     0  00:03      1.53    0.60    0.78
  11                   CONDUIT      13.8     0  00:00      7.45    2.07    1.00
  14                   CONDUIT      15.1     0  00:00     10.95    8.19    1.00
  16                   CONDUIT     0.279     0  00:00      3.26    1.94    1.00
  17                   CONDUIT     0.272     0  00:00      0.96    0.46    1.00
  26                   CONDUIT      3.19     0  00:00      5.76    4.32    1.00
  27                   CONDUIT    0.0625     0  00:09      1.73    0.80    1.00
  Gischeren_L          CONDUIT     0.417     0  00:10      0.61    0.05    0.58
  Schuettstein_L       CONDUIT     0.582     0  00:02      3.69    0.50    0.75
  Brunnmuehle_L        CONDUIT     0.436     0  00:03      1.54    0.21    1.00
  32                   CONDUIT         0     0  00:00      0.00    0.00    0.00
  35                   CONDUIT     0.233     0  00:06      0.31    0.04    1.00
  45                   CONDUIT     0.266     0  00:10      4.22    0.00    0.08
  46                   CONDUIT      0.55     0  00:01      1.94    0.55    1.00
  47                   CONDUIT     0.124     0  00:00      3.26    7.73    1.00
  50                   CONDUIT     0.645     0  00:00      2.38    0.12    1.00
  51                   CONDUIT    0.0498     0  00:01      0.52    0.14    1.00
  53                   CONDUIT     0.269     0  00:00      1.62    1.37    1.00
  Fenster_L            CONDUIT      7.32     0  00:08      8.29    0.07    0.19
  58                   CONDUIT      3.37     0  00:08      5.43    0.04    0.19
  59                   CONDUIT     0.178     0  00:10      2.57    0.00    0.03
  61                   CONDUIT      0.86     0  00:00      3.98    1.21    1.00
  63                   CONDUIT     0.162     0  00:02      2.25    0.73    0.51
  66                   CONDUIT     0.181     0  00:04      2.67    2.38    1.00
  67                   CONDUIT      18.3     0  00:00      4.86    0.18    1.00
  Amont_L              CONDUIT        34     0  00:00      4.80    1.84    1.00
  69                   CONDUIT     0.283     0  00:03      2.40    1.11    1.00
  70                   CONDUIT     0.219     0  00:03      1.75    0.68    1.00
  71                   CONDUIT      0.45     0  00:01      1.93    0.79    1.00
  72                   CONDUIT     0.273     0  00:10      1.72    1.30    0.54
  Sauser_L             CONDUIT      0.55     0  00:01      1.06    0.14    0.63
  75                   CONDUIT     0.082     0  00:02      2.82    0.83    0.63
  Entw_Sto_L           CONDUIT    0.0459     0  00:08      1.87    1.06    0.98
  4                    CONDUIT    0.0241     0  00:07      1.31    1.08    1.00
  5                    CONDUIT    0.0269     0  00:07      1.12    0.96    1.00
  6                    CONDUIT    0.0388     0  00:03      1.49    0.58    0.77
  7                    CONDUIT     0.402     0  00:03      2.05    0.62    1.00
  Brunn_Teich_L        CONDUIT     0.397     0  00:03      1.63    0.30    0.69
  9                    CONDUIT   0.00625     0  00:03      1.57    0.00    0.51
  12                   CONDUIT      9.55     0  00:00      5.43    0.20    1.00
  15                   CONDUIT      11.9     0  00:00      5.74    0.31    1.00
  18                   CONDUIT        11     0  00:00      5.47    0.44    1.00
  19                   CONDUIT      1.04     0  00:01      1.36    0.99    1.00
  20                   CONDUIT      1.26     0  00:08      2.84    0.10    0.59
  21                   CONDUIT      8.86     0  00:02      0.97    0.06    0.87
  Hooliloch_L          CONDUIT      8.67     0  00:04      1.48    0.17    0.68
  23                   CONDUIT     0.153     0  00:09      3.52    0.96    0.59
  25                   CONDUIT     0.631     0  00:05      2.20    0.51    1.00
  28                   CONDUIT    0.0736     0  00:09      1.79    0.00    0.02
  29                   CONDUIT    0.0156     0  00:09      0.58    0.00    0.03
  31                   CONDUIT     0.346     0  00:08      0.55    0.21    0.88
  33                   CONDUIT     0.828     0  00:02      0.83    0.31    1.00
  37                   CONDUIT     0.162     0  00:10      0.40    0.00    0.11
  SS3_L                CONDUIT    0.0736     0  00:09      2.52    0.00    0.03
  40                   CONDUIT      1.27     0  00:08      1.38    0.01    0.11
  SS6_L                CONDUIT    0.0881     0  00:02      3.41    0.00    0.04
  1                    CONDUIT         0     0  00:00      0.00    0.00    0.01
  2                    CONDUIT         0     0  00:00      0.00    0.00    0.00
  3                    CONDUIT     0.082     0  00:02      4.26    0.01    0.06
  10                   CONDUIT     0.136     0  00:09      0.54    0.00    0.10
  13                   CONDUIT     0.439     0  00:00      4.85    0.95    1.00
  22                   CONDUIT     0.335     0  00:01      3.48    0.83    1.00
  24                   CONDUIT      2.21     0  00:01      3.23    0.00    1.00
  30                   CONDUIT      1.95     0  00:03      2.70    0.81    1.00
  34                   CONDUIT     0.521     0  00:03      2.42    0.58    0.85
  36                   CONDUIT     0.521     0  00:04      5.99    0.56    0.39
  38                   CONDUIT     0.377     0  00:06      2.69    0.14    1.00
  48                   CONDUIT     0.974     0  00:04      2.53    0.65    0.96
  54                   CONDUIT      1.11     0  00:08      0.93    0.21    0.64
  68                   CONDUIT     0.218     0  00:04      8.94    0.00    0.07
  73                   CONDUIT         0     0  00:00      0.00    0.00    0.07
  TWT1                 CONDUIT     0.594     0  00:10      2.96    0.00    0.02
  TWT2                 CONDUIT     0.647     0  00:06      3.18    0.00    0.02
  TWT3                 CONDUIT     0.743     0  00:03      1.29    0.00    0.04
  TWT4                 CONDUIT      4.19     0  00:02      3.10    0.01    0.09
  1_2_b_               CONDUIT         0     0  00:00      0.00    0.00    0.08
  1_2_b_1              CONDUIT       2.4     0  00:02     15.95    9.21    1.00
  1_2_b_2              CONDUIT    0.0528     0  00:04      0.48    0.02    0.54
  1_2_b_3              CONDUIT     0.479     0  00:01      2.50    0.36    1.00
  1_2_b_5              CONDUIT    0.0793     0  00:09      0.71    0.02    0.55
  TWT5                 CONDUIT      6.04     0  00:09      3.59    0.01    0.13
  1_4_a                CONDUIT      3.86     0  00:09      3.27    0.06    0.25
  TWT6                 CONDUIT      2.82     0  00:05      1.08    0.01    0.13
  1_4_b                CONDUIT         0     0  00:00      0.00    0.00    0.23
  TWT7                 CONDUIT         0     0  00:00      0.00    0.00    0.05
  1_5_a                CONDUIT         0     0  00:00      0.00    0.00    0.07
  1_7_a                CONDUIT      5.38     0  00:10      3.06    1.23    0.15
  1_7_a_               CONDUIT      0.25     0  00:04      2.75    0.02    0.53
  1_7_a__              CONDUIT      1.46     0  00:10      7.66    0.21    0.98
  1_7_a_1              CONDUIT      2.55     0  00:03     13.63   12.99    0.98
  1_7_a_4              CONDUIT    0.0737     0  00:02      0.76    0.02    0.53
  1_8_a                CONDUIT     0.224     0  00:07      4.33    0.00    0.10
  CV_1C_to_54          CONDUIT     0.165     0  00:10      1.10    0.89    0.71
  
  
  ***************************
  Flow Classification Summary
  ***************************
  
  -------------------------------------------------------------------------------------
                      Adjusted    ---------- Fraction of Time in Flow Class ---------- 
                       /Actual         Up    Down  Sub   Sup   Up    Down  Norm  Inlet 
  Conduit               Length    Dry  Dry   Dry   Crit  Crit  Crit  Crit  Ltd   Ctrl  
  -------------------------------------------------------------------------------------
  Brunn_Fassung_L         1.00   0.00  0.00  0.00  0.00  1.00  0.00  0.00  0.00  0.00
  11                      1.00   0.00  0.00  0.00  1.00  0.00  0.00  0.00  0.00  0.00
  14                      1.00   0.00  0.00  0.00  1.00  0.00  0.00  0.00  0.00  0.00
  16                      1.00   0.00  0.00  0.00  1.00  0.00  0.00  0.00  0.00  0.00
  17                      1.00   0.00  0.00  0.00  1.00  0.00  0.00  0.00  0.00  0.00
  26                      1.00   0.00  0.00  0.00  1.00  0.00  0.00  0.00  0.00  0.00
  27                      1.00   0.00  0.00  0.00  1.00  0.00  0.00  0.00  0.00  0.00
  Gischeren_L             1.00   0.00  0.00  0.00  0.99  0.00  0.00  0.00  0.00  0.00
  Schuettstein_L          1.00   0.00  0.00  0.00  0.00  1.00  0.00  0.00  0.00  0.00
  Brunnmuehle_L           1.00   0.00  0.00  0.00  1.00  0.00  0.00  0.00  0.00  0.00
  32                      1.00   1.00  0.00  0.00  0.00  0.00  0.00  0.00  0.00  0.00
  35                      1.00   0.00  0.00  0.00  1.00  0.00  0.00  0.00  0.00  0.00
  45                      1.00   0.00  0.00  0.00  0.99  0.01  0.00  0.00  0.99  0.00
  46                      1.00   0.00  0.00  0.00  1.00  0.00  0.00  0.00  0.00  0.00
  47                      1.00   0.00  0.00  0.00  1.00  0.00  0.00  0.00  0.00  0.00
  50                      1.00   0.00  0.00  0.00  1.00  0.00  0.00  0.00  0.00  0.00
  51                      1.00   0.00  0.00  0.00  1.00  0.00  0.00  0.00  0.00  0.00
  53                      1.00   0.00  0.00  0.00  1.00  0.00  0.00  0.00  0.00  0.00
  Fenster_L               1.00   0.00  0.00  0.00  0.00  1.00  0.00  0.00  0.00  0.00
  58                      1.00   0.00  0.00  0.00  0.00  1.00  0.00  0.00  0.00  0.00
  59                      1.00   0.00  0.00  0.00  0.00  1.00  0.00  0.00  0.00  0.00
  61                      1.00   0.00  0.00  0.00  1.00  0.00  0.00  0.00  0.00  0.00
  63                      1.00   0.00  0.00  0.00  1.00  0.00  0.00  0.00  0.00  0.00
  66                      1.00   0.00  0.00  0.00  1.00  0.00  0.00  0.00  0.00  0.00
  67                      1.00   0.00  0.00  0.00  1.00  0.00  0.00  0.00  0.00  0.00
  Amont_L                 1.00   0.00  0.00  0.00  1.00  0.00  0.00  0.00  0.00  0.00
  69                      1.00   0.00  0.00  0.00  1.00  0.00  0.00  0.00  0.00  0.00
  70                      1.00   0.00  0.00  0.00  1.00  0.00  0.00  0.00  0.00  0.00
  71                      1.00   0.00  0.00  0.00  1.00  0.00  0.00  0.00  0.00  0.00
  72                      1.00   0.00  0.00  0.00  1.00  0.00  0.00  0.00  0.00  0.00
  Sauser_L                1.00   0.00  0.00  0.00  1.00  0.00  0.00  0.00  0.00  0.00
  75                      1.00   0.00  0.00  0.00  0.00  1.00  0.00  0.00  0.00  0.00
  Entw_Sto_L              1.00   0.00  0.00  0.00  0.99  0.01  0.00  0.00  0.00  0.00
  4                       1.00   0.00  0.00  0.00  1.00  0.00  0.00  0.00  0.00  0.00
  5                       1.00   0.00  0.00  0.00  1.00  0.00  0.00  0.00  0.00  0.00
  6                       1.00   0.00  0.00  0.00  0.00  1.00  0.00  0.00  0.00  0.00
  7                       1.00   0.00  0.00  0.00  1.00  0.00  0.00  0.00  0.00  0.00
  Brunn_Teich_L           1.00   0.00  0.00  0.00  1.00  0.00  0.00  0.00  0.00  0.00
  9                       1.00   0.00  0.00  0.00  0.00  1.00  0.00  0.00  0.00  0.00
  12                      1.00   0.00  0.00  0.00  1.00  0.00  0.00  0.00  0.00  0.00
  15                      1.00   0.00  0.00  0.00  1.00  0.00  0.00  0.00  0.00  0.00
  18                      1.00   0.00  0.00  0.00  1.00  0.00  0.00  0.00  0.00  0.00
  19                      1.00   0.00  0.00  0.00  1.00  0.00  0.00  0.00  0.00  0.00
  20                      1.00   0.00  0.00  0.00  1.00  0.00  0.00  0.00  0.00  0.00
  21                      1.00   0.00  0.00  0.00  1.00  0.00  0.00  0.00  0.00  0.00
  Hooliloch_L             1.00   0.00  0.00  0.00  1.00  0.00  0.00  0.00  0.00  0.00
  23                      1.00   0.00  0.00  0.00  0.00  1.00  0.00  0.00  0.00  0.00
  25                      1.00   0.00  0.00  0.00  1.00  0.00  0.00  0.00  0.00  0.00
  28                      1.00   0.00  0.00  0.00  0.00  1.00  0.00  0.00  0.00  0.00
  29                      1.00   0.00  0.00  0.00  1.00  0.00  0.00  0.00  1.00  0.00
  31                      1.00   0.00  0.00  0.00  1.00  0.00  0.00  0.00  0.00  0.00
  33                      1.00   0.00  0.00  0.00  1.00  0.00  0.00  0.00  0.00  0.00
  37                      1.00   0.00  0.00  0.00  1.00  0.00  0.00  0.00  0.00  0.00
  SS3_L                   1.00   0.00  0.00  0.00  0.00  1.00  0.00  0.00  1.00  0.00
  40                      1.00   0.00  0.00  0.00  1.00  0.00  0.00  0.00  0.00  0.00
  SS6_L                   1.00   0.00  0.00  0.00  0.00  1.00  0.00  0.00  1.00  0.00
  1                       1.00   0.00  1.00  0.00  0.00  0.00  0.00  0.00  0.00  0.00
  2                       1.00   1.00  0.00  0.00  0.00  0.00  0.00  0.00  0.00  0.00
  3                       1.00   0.00  0.00  0.00  0.00  1.00  0.00  0.00  1.00  0.00
  10                      1.00   0.00  0.00  0.00  1.00  0.00  0.00  0.00  1.00  0.00
  13                      1.00   0.00  0.00  0.00  1.00  0.00  0.00  0.00  0.00  0.00
  22                      1.00   0.00  0.00  0.00  1.00  0.00  0.00  0.00  0.00  0.00
  24                      1.00   0.00  0.00  0.00  1.00  0.00  0.00  0.00  0.00  0.00
  30                      1.00   0.00  0.00  0.00  1.00  0.00  0.00  0.00  0.00  0.00
  34                      1.00   0.00  0.00  0.00  0.00  1.00  0.00  0.00  0.00  0.00
  36                      1.00   0.00  0.00  0.00  0.00  1.00  0.00  0.00  0.00  0.00
  38                      1.00   0.00  0.00  0.00  1.00  0.00  0.00  0.00  0.00  0.00
  48                      1.00   0.00  0.00  0.00  1.00  0.00  0.00  0.00  0.00  0.00
  54                      1.00   0.00  0.01  0.00  0.99  0.00  0.00  0.00  0.00  0.00
  68                      1.00   0.00  0.00  0.00  0.99  0.01  0.00  0.00  1.00  0.00
  73                      1.00   0.00  1.00  0.00  0.00  0.00  0.00  0.00  0.00  0.00
  TWT1                    1.00   0.00  0.00  0.00  0.00  1.00  0.00  0.00  0.00  0.00
  TWT2                    1.00   0.00  0.00  0.00  0.00  1.00  0.00  0.00  0.00  0.00
  TWT3                    1.00   0.00  0.00  0.00  1.00  0.00  0.00  0.00  0.00  0.00
  TWT4                    1.00   0.00  0.00  0.00  0.99  0.00  0.00  0.00  1.00  0.00
  1_2_b_                  1.00   0.00  1.00  0.00  0.00  0.00  0.00  0.00  0.00  0.00
  1_2_b_1                 1.00   0.00  0.00  0.00  1.00  0.00  0.00  0.00  0.00  0.00
  1_2_b_2                 1.00   0.00  0.00  0.00  1.00  0.00  0.00  0.00  1.00  0.00
  1_2_b_3                 1.00   0.00  0.00  0.00  1.00  0.00  0.00  0.00  0.00  0.00
  1_2_b_5                 1.00   0.00  0.00  0.00  1.00  0.00  0.00  0.00  1.00  0.00
  TWT5                    1.00   0.00  0.00  0.00  1.00  0.00  0.00  0.00  0.00  0.00
  1_4_a                   1.00   0.00  0.00  0.00  1.00  0.00  0.00  0.00  0.00  0.00
  TWT6                    1.00   0.00  0.00  0.00  1.00  0.00  0.00  0.00  0.00  0.00
  1_4_b                   1.00   0.00  1.00  0.00  0.00  0.00  0.00  0.00  0.00  0.00
  TWT7                    1.00   0.00  1.00  0.00  0.00  0.00  0.00  0.00  0.00  0.00
  1_5_a                   1.00   0.00  1.00  0.00  0.00  0.00  0.00  0.00  0.00  0.00
  1_7_a                   1.00   0.00  0.00  0.00  0.00  1.00  0.00  0.00  0.00  0.00
  1_7_a_                  1.00   0.00  0.00  0.00  0.00  1.00  0.00  0.00  1.00  0.00
  1_7_a__                 1.00   0.00  0.00  0.00  0.00  1.00  0.00  0.00  0.00  0.00
  1_7_a_1                 1.00   0.00  0.00  0.00  0.00  1.00  0.00  0.00  0.00  0.00
  1_7_a_4                 1.00   0.00  0.00  0.00  1.00  0.00  0.00  0.00  1.00  0.00
  1_8_a                   1.00   0.00  0.00  0.00  1.00  0.00  0.00  0.00  0.00  0.00
  CV_1C_to_54             1.00   0.00  0.00  0.00  1.00  0.00  0.00  0.00  0.00  0.00
  
  
  *************************
  Conduit Surcharge Summary
  *************************
  
  ----------------------------------------------------------------------------
                                                           Hours        Hours 
                         --------- Hours Full --------   Above Full   Capacity
  Conduit                Both Ends  Upstream  Dnstream   Normal Flow   Limited
  ----------------------------------------------------------------------------
  Brunn_Fassung_L             0.01      0.01     24.00      0.01         0.01
  11                         23.99     23.99     23.99     23.99         0.01
  14                         23.99     23.99     23.99     23.99         0.01
  16                         24.00     24.00     24.00     23.99        23.99
  17                         24.00     24.00     24.00      0.01         0.01
  26                         23.99     24.00     23.99      0.01         0.01
  27                         23.84     23.84     23.97      0.01         0.01
  Gischeren_L                 0.01      0.01     23.85      0.01         0.01
  Schuettstein_L              0.01      0.01     23.98      0.01         0.01
  Brunnmuehle_L              24.00     24.00     24.00      0.01         0.01
  35                         23.88     23.88     23.94      0.01         0.01
  46                         24.00     24.00     24.00      0.01         0.01
  47                         24.00     24.00     24.00     24.00        24.00
  50                         23.98     23.98     23.99      0.01         0.01
  51                         23.97     23.97     23.99      0.01         0.01
  53                         24.00     24.00     24.00     23.99         0.01
  61                         23.99     23.99     23.99      0.01         0.01
  63                          0.01     23.97      0.01      0.01         0.01
  66                         23.93     23.98     23.93     23.97        23.93
  67                         23.99     23.99     24.00      0.01         0.01
  Amont_L                    24.00     24.00     24.00      0.01         0.01
  69                         23.94     23.94     24.00      0.02         0.01
  70                         23.94     23.94     24.00      0.01         0.01
  71                         23.98     23.98     23.99      0.01         0.01
  72                          0.01     23.98      0.01     23.98         0.01
  Sauser_L                    0.01      0.01     24.00      0.01         0.01
  75                          0.01     23.95      0.01      0.01         0.01
  Entw_Sto_L                  0.01     23.86      0.01     23.87         0.01
  4                          23.86     23.96     23.86     23.87        23.86
  5                          23.86     23.86     24.00      0.01         0.01
  6                           0.01      0.01     24.00      0.01         0.01
  7                          23.99     23.99     24.00      0.01         0.01
  Brunn_Teich_L               0.01      0.01     23.99      0.01         0.01
  9                           0.01      0.01     23.99      0.01         0.01
  12                         23.98     23.98     23.98      0.01         0.01
  15                         23.99     23.99     23.99      0.01         0.01
  18                         23.98     23.98     23.99      0.01         0.01
  19                         23.97     23.97     23.99      0.01         0.01
  21                          0.01      0.01     23.97      0.01         0.01
  23                          0.01     23.93      0.01      0.01         0.01
  25                         23.90     23.90     23.99      0.01         0.01
  31                          0.01      0.01     23.86      0.01         0.01
  33                         23.96     23.96     23.96      0.01         0.01
  13                         23.99     23.99     24.00      0.01         0.01
  22                         23.99     23.99     24.00      0.01         0.01
  24                         23.97     23.97     23.99      0.01         0.01
  30                         23.97     23.97     23.99      0.01         0.01
  34                          0.01      0.01     23.99      0.01         0.01
  38                         23.92     23.92     23.94      0.01         0.01
  48                          0.01      0.01     23.89      0.01         0.01
  54                          0.01      0.01     23.85      0.01         0.01
  1_2_b_1                    23.96     24.00     23.96     24.00        23.96
  1_2_b_2                     0.01      0.01     23.96      0.01         0.01
  1_2_b_3                    23.96     23.96     24.00      0.01         0.01
  1_2_b_5                     0.01      0.01     23.96      0.01         0.01
  1_7_a                       0.01      0.01      0.01     23.84         0.01
  1_7_a__                     0.01      0.01     24.00      0.01         0.01
  1_7_a_1                     0.01      0.01     24.00     23.99         0.01
  

  Analysis begun on:  Mon Oct  5 08:46:38 2026
  Analysis ended on:  Mon Oct  5 08:46:40 2026
  Total elapsed time: 00:00:02