
  EPA STORM WATER MANAGEMENT MODEL - VERSION 5.2 (Build 5.2.4)
  ------------------------------------------------------------

  Brunnmuehle (Twann) 
  WARNING 08: elevation drop exceeds length for Conduit SS3_L
  WARNING 08: elevation drop exceeds length for Conduit SS6_L
  WARNING 08: elevation drop exceeds length for Conduit 2
  WARNING 08: elevation drop exceeds length for Conduit 3
  WARNING 08: elevation drop exceeds length for Conduit 68
  WARNING 08: elevation drop exceeds length for Conduit 1_2_b_
  WARNING 08: elevation drop exceeds length for Conduit 1_2_b_2
  WARNING 08: elevation drop exceeds length for Conduit 1_2_b_6
  WARNING 08: elevation drop exceeds length for Conduit 1_4_b
  WARNING 08: elevation drop exceeds length for Conduit 1_5_a
  WARNING 02: maximum depth increased for Node 2
  
  ****************
  Analysis Options
  ****************
  Flow Units ............... CMS
  Process Models:
    Rainfall/Runoff ........ NO
    RDII ................... NO
    Snowmelt ............... NO
    Groundwater ............ NO
    Flow Routing ........... YES
    Ponding Allowed ........ NO
    Water Quality .......... NO
  Flow Routing Method ...... DYNWAVE
  Surcharge Method ......... EXTRAN
  Starting Date ............ 01/01/2000 00:00:00
  Ending Date .............. 01/02/2000 00:00:00
  Antecedent Dry Days ...... 0.0
  Report Time Step ......... 01:00:00
  Routing Time Step ........ 0.50 sec
  Variable Time Step ....... YES
  Maximum Trials ........... 8
  Number of Threads ........ 1
  Head Tolerance ........... 0.001500 m
  
  
  **************************        Volume        Volume
  Flow Routing Continuity        hectare-m      10^6 ltr
  **************************     ---------     ---------
  Dry Weather Inflow .......         0.000         0.000
  Wet Weather Inflow .......         0.000         0.000
  Groundwater Inflow .......         0.000         0.000
  RDII Inflow ..............         0.000         0.000
  External Inflow ..........       133.343      1333.445
  External Outflow .........       127.389      1273.902
  Flooding Loss ............         0.000         0.000
  Evaporation Loss .........         0.000         0.000
  Exfiltration Loss ........         0.000         0.000
  Initial Stored Volume ....         0.056         0.561
  Final Stored Volume ......         0.391         3.910
  Continuity Error (%) .....         4.212
  
  
  *************************
  Highest Continuity Errors
  *************************
  Node TWT_Fensterstollen_60+375 (-255.94%)
  Node TWT_Acces_LT_60+110 (100.00%)
  Node TWT_Intersection_Sonsto_60+345 (85.33%)
  Node 2 (27.20%)
  Node 30 (2.56%)
  
  
  ***************************
  Time-Step Critical Elements
  ***************************
  Link 20 (10350.99%)
  Link 1_2_b_2 (5.04%)
  
  
  ********************************
  Highest Flow Instability Indexes
  ********************************
  All links are stable.
  
  
  *********************************
  Most Frequent Nonconverging Nodes
  *********************************
  Node Brunnm_Fassung (35.21%)
  Node Brunnmuehle(Teich) (35.21%)
  Node Fensterstollen (35.21%)
  Node Gischeren (35.21%)
  Node Schuettstein (35.21%)
  
  
  *************************
  Routing Time Step Summary
  *************************
  Minimum Time Step           :     0.50 sec
  Average Time Step           :     0.50 sec
  Maximum Time Step           :     0.50 sec
  % of Time in Steady State   :    99.04
  Average Iterations per Step :     6.93
  % of Steps Not Converging   :    35.21
  Time Step Frequencies       :
      0.500 -  0.500 sec      :   100.00 %
      0.500 -  0.500 sec      :     0.00 %
      0.500 -  0.500 sec      :     0.00 %
      0.500 -  0.500 sec      :     0.00 %
      0.500 -  0.500 sec      :     0.00 %
  
  
  ******************
  Node Depth Summary
  ******************
  
  ---------------------------------------------------------------------------------
                                 Average  Maximum  Maximum  Time of Max    Reported
                                   Depth    Depth      HGL   Occurrence   Max Depth
  Node                 Type       Meters   Meters   Meters  days hr:min      Meters
  ---------------------------------------------------------------------------------
  9                    JUNCTION    45.17    47.80   486.30     0  00:01       45.21
  Holiloch_sonde       JUNCTION    41.31    43.76   483.76     0  00:01       41.34
  11                   JUNCTION    50.15    51.32   461.32     0  00:04       50.17
  13                   JUNCTION    57.39    57.88   495.88     0  00:02       57.43
  21                   JUNCTION    41.55    42.60   442.60     0  00:04       41.57
  SonSto_F             JUNCTION     0.11     0.12   437.92     0  00:10        0.11
  Sondierstollen       JUNCTION     0.00     0.00   440.80     0  00:00        0.00
  Aval_Trappe          JUNCTION     0.19     0.19   437.79     0  00:13        0.19
  30                   JUNCTION     0.17     0.17   437.47     0  00:11        0.17
  Gischeren_node       JUNCTION     3.74     3.76   480.26     0  00:11        3.76
  34                   JUNCTION    19.96    20.58   440.58     0  00:04       19.97
  38                   JUNCTION    24.99    25.97   445.97     0  00:04       25.01
  SS6                  JUNCTION     0.05     0.05   448.05     0  00:02        0.05
  40                   JUNCTION    43.72    46.26   465.26     0  00:02       43.75
  41                   JUNCTION    57.60    58.10   495.60     0  00:02       57.65
  SondeSchuettstein    JUNCTION    22.24    25.01   484.01     0  00:01       22.26
  SS4                  JUNCTION     0.08     0.08   448.08     0  00:10        0.08
  47                   JUNCTION    14.22    14.30   479.20     0  00:01       14.24
  48                   JUNCTION     9.91    12.41   483.41     0  00:01        9.92
  SondeGischeren       JUNCTION    15.21    15.28   480.28     0  00:13       15.27
  49                   JUNCTION    13.80    15.43   481.43     0  00:02       13.82
  50                   JUNCTION     8.63     8.69   471.69     0  00:12        8.67
  51                   JUNCTION    75.73    76.22   496.22     0  00:02       75.77
  Amont_C              JUNCTION    79.00    87.54   505.54     0  00:00       79.04
  52                   JUNCTION    11.63    22.12   479.12     0  00:04       11.67
  53                   JUNCTION    24.84    26.54   493.54     0  00:10       24.93
  54                   JUNCTION    26.34    28.18   491.18     0  00:10       26.51
  56                   JUNCTION     7.15     7.90   437.90     0  00:02        7.15
  2                    JUNCTION     0.14     0.15   438.15     0  00:13        0.15
  4                    JUNCTION     8.87     9.19   437.19     0  00:01        8.87
  5                    JUNCTION     6.13     6.15   478.65     0  00:04        6.14
  6                    JUNCTION    21.96    23.57   481.57     0  00:01       21.98
  7                    JUNCTION     3.63     3.64   478.64     0  00:03        3.63
  SS3                  JUNCTION     0.08     0.08   448.08     0  00:13        0.08
  SS5                  JUNCTION     0.69     0.69   439.59     0  00:10        0.69
  8                    JUNCTION     6.33     6.37   480.37     0  00:11        6.36
  10                   JUNCTION    11.78    13.47   481.47     0  00:02       11.80
  SonSto_SS5           JUNCTION     0.18     0.18   439.48     0  00:10        0.18
  SonSto_SS3           JUNCTION     0.10     0.10   439.80     0  00:12        0.10
  SonSto_SS4           JUNCTION     0.18     0.19   439.59     0  00:10        0.18
  Amont_Trappe         JUNCTION     0.15     0.15   437.85     0  00:11        0.15
  SonSto_SS6           JUNCTION     0.16     0.16   438.86     0  00:10        0.16
  SS2                  JUNCTION     0.00     0.00   448.00     0  00:00        0.00
  SonSto_SS2           JUNCTION     0.00     0.00   441.50     0  00:00        0.00
  12                   JUNCTION    31.33    31.70   480.70     0  00:02       31.37
  14                   JUNCTION    18.86    23.35   488.35     0  00:02       18.89
  15                   JUNCTION     0.37     0.37   472.37     0  00:04        0.37
  TWT_PointHaut_60+650 JUNCTION     0.30     0.32   438.82     0  00:04        0.30
  TWT_Fensterstollen_60+375 JUNCTION     0.34     0.51   437.81     0  00:13        0.34
  TWT_Acces_LT_60+110  JUNCTION     0.23     0.23   437.73     0  00:13        0.23
  TWT_Liaison_LT_59+738 JUNCTION     0.00     0.00   450.60     0  00:00        0.00
  Syst_Est_amont       JUNCTION     1.00    48.47   478.47     0  00:13        1.00
  Syst_Est_interm      JUNCTION    19.59    30.98   440.98     0  00:13       19.73
  TWT_Branche_Est_Sonsto_60+540 JUNCTION     0.00     0.00   442.40     0  00:00        0.00
  TWT_Intersection_Sonsto_60+345 JUNCTION     0.77     0.78   437.78     0  00:12        0.77
  TWT_Chrosweg_61+140  JUNCTION     0.26     0.27   432.27     0  00:08        0.26
  SonSto_F_sup         JUNCTION     0.06     0.06   448.06     0  00:04        0.06
  SonSto_porte         JUNCTION     0.00     0.00   438.50     0  00:00        0.00
  Brunnm_Fassung       OUTFALL      0.10     0.10   433.90     0  00:04        0.10
  Brunnmuehle(Teich)   OUTFALL      0.24     0.24   435.74     0  00:04        0.24
  Fensterstollen       OUTFALL      0.16     0.17   437.17     0  00:11        0.17
  Gischeren            OUTFALL      0.18     0.18   480.18     0  00:11        0.18
  Schuettstein         OUTFALL      0.24     0.25   477.80     0  00:01        0.24
  Holiloch             OUTFALL      1.72     1.73   478.23     0  00:03        1.73
  Sauserquelle         OUTFALL      0.42     0.43   435.98     0  00:02        0.42
  Entw_Stollen         OUTFALL      0.14     0.14   436.64     0  00:13        0.14
  Sous_lacustre        OUTFALL      0.11     0.11   429.31     0  00:04        0.11
  Sous_ecoul.          OUTFALL      0.00     0.00   433.00     0  00:04        0.00
  Syst_Est_aval        OUTFALL      0.39     0.39   429.39     0  00:13        0.39
  TWT_Portail_Est_61+665 OUTFALL      0.26     0.27   421.87     0  00:08        0.26
  
  
  *******************
  Node Inflow Summary
  *******************
  
  -------------------------------------------------------------------------------------------------
                                  Maximum  Maximum                  Lateral       Total        Flow
                                  Lateral    Total  Time of Max      Inflow      Inflow     Balance
                                   Inflow   Inflow   Occurrence      Volume      Volume       Error
  Node                 Type           CMS      CMS  days hr:min    10^6 ltr    10^6 ltr     Percent
  -------------------------------------------------------------------------------------------------
  9                    JUNCTION         0     13.9     0  00:00           0         768       0.010
  Holiloch_sonde       JUNCTION         0     12.7     0  00:01           0         725       0.012
  11                   JUNCTION         0     0.27     0  00:02           0        23.2      -0.001
  13                   JUNCTION         0     14.6     0  00:00           0    1.07e+03       0.049
  21                   JUNCTION         0    0.462     0  00:04           0        39.5      -0.001
  SonSto_F             JUNCTION         0     1.07     0  00:10           0          91       0.400
  Sondierstollen       JUNCTION         0        0     0  00:00           0           0       0.000 ltr
  Aval_Trappe          JUNCTION         0     1.03     0  00:10           0          87      -0.561
  30                   JUNCTION         0     0.62     0  00:12           0        52.7       2.626
  Gischeren_node       JUNCTION         0    0.425     0  00:09           0        33.7       0.213
  34                   JUNCTION         0    0.425     0  00:04           0        36.3       0.004
  38                   JUNCTION         0    0.255     0  00:02           0        20.9      -0.005
  SS6                  JUNCTION         0    0.161     0  00:02           0        13.2       0.004
  40                   JUNCTION         0     1.82     0  00:02           0         156      -0.005
  41                   JUNCTION         0     1.26     0  00:00           0        47.6      -0.011
  SondeSchuettstein    JUNCTION         0    0.713     0  00:01           0        47.6       0.048
  SS4                  JUNCTION         0    0.132     0  00:10           0        11.3       0.002
  47                   JUNCTION         0     9.89     0  00:01           0         712       0.042
  48                   JUNCTION         0    0.632     0  00:01           0        47.6       0.001
  SondeGischeren       JUNCTION         0    0.363     0  00:07           0        23.4       0.247
  49                   JUNCTION         0     1.02     0  00:02           0        13.3       1.063
  50                   JUNCTION         0     0.18     0  00:04           0        13.5       0.007
  51                   JUNCTION         0     28.4     0  00:00           0    1.27e+03      -0.004
  Amont_C              JUNCTION      14.7     39.7     0  00:00    1.27e+03    1.27e+03       0.023
  52                   JUNCTION         0    0.277     0  00:04           0        18.7       0.116
  53                   JUNCTION         0    0.413     0  00:01           0        14.2       0.104
  54                   JUNCTION         0    0.348     0  00:10           0        14.2       0.759
  56                   JUNCTION         0     1.48     0  00:02           0         127      -0.000
  2                    JUNCTION         0   0.0583     0  00:13           0        5.02      37.363
  4                    JUNCTION         0    0.392     0  00:04           0        33.3       0.017
  5                    JUNCTION         0     8.69     0  00:01           0         711      -0.016
  6                    JUNCTION         0     10.8     0  00:01           0         725       0.013
  7                    JUNCTION         0     8.52     0  00:02           0         711       0.061
  SS3                  JUNCTION         0    0.157     0  00:11           0        13.5       0.005
  SS5                  JUNCTION         0    0.472     0  00:10           0        39.8       0.036
  8                    JUNCTION         0    0.603     0  00:06           0        47.3       0.111
  10                   JUNCTION         0    0.812     0  00:02           0        13.1      -0.577
  SonSto_SS5           JUNCTION         0    0.626     0  00:10           0        53.6       0.006
  SonSto_SS3           JUNCTION         0    0.157     0  00:12           0        13.5       0.013
  SonSto_SS4           JUNCTION         0    0.289     0  00:11           0        24.8      -0.026
  Amont_Trappe         JUNCTION         0     1.03     0  00:10           0        87.1       0.103
  SonSto_SS6           JUNCTION         0    0.693     0  00:10           0        59.3      -0.046
  SS2                  JUNCTION         0        0     0  00:00           0           0       0.000 ltr
  SonSto_SS2           JUNCTION         0        0     0  00:00           0           0       0.000 ltr
  12                   JUNCTION         0    0.385     0  00:01           0        21.7       0.023
  14                   JUNCTION         0     2.09     0  00:02           0         126       0.040
  15                   JUNCTION         0    0.503     0  00:04           0        43.3       0.021
  TWT_PointHaut_60+650 JUNCTION         0     2.28     0  00:04           0         194       0.119
  TWT_Fensterstollen_60+375 JUNCTION         0     1.83     0  00:12           0        57.6     -71.905
  TWT_Acces_LT_60+110  JUNCTION         0     0.51     0  00:12           0          3029989003.757 ltr
  TWT_Liaison_LT_59+738 JUNCTION         0        0     0  00:00           0           0       0.000 ltr
  Syst_Est_amont       JUNCTION     0.735    0.735     0  00:00        63.5        63.5      -4.296
  Syst_Est_interm      JUNCTION         0    0.865     0  00:13           0        66.3      -0.733
  TWT_Branche_Est_Sonsto_60+540 JUNCTION         0        0     0  00:00           0           0       0.000 ltr
  TWT_Intersection_Sonsto_60+345 JUNCTION         0     2.51     0  00:13           0         205     581.506
  TWT_Chrosweg_61+140  JUNCTION         0     2.36     0  00:05           0         193       0.200
  SonSto_F_sup         JUNCTION         0    0.503     0  00:04           0        43.3       0.001
  SonSto_porte         JUNCTION         0        0     0  00:00           0           0       0.000 ltr
  Brunnm_Fassung       OUTFALL          0   0.0356     0  00:04           0        2.97       0.000
  Brunnmuehle(Teich)   OUTFALL          0    0.388     0  00:04           0        32.8       0.000
  Fensterstollen       OUTFALL          0    0.622     0  00:11           0        51.3       0.000
  Gischeren            OUTFALL          0    0.392     0  00:11           0        33.6       0.000
  Schuettstein         OUTFALL          0    0.576     0  00:01           0        47.6       0.000
  Holiloch             OUTFALL          0     8.27     0  00:03           0         711       0.000
  Sauserquelle         OUTFALL          0     1.48     0  00:02           0         127       0.000
  Entw_Stollen         OUTFALL          0   0.0425     0  00:13           0        3.65       0.000
  Sous_lacustre        OUTFALL          0   0.0382     0  00:04           0        3.22       0.000
  Sous_ecoul.          OUTFALL          0   0.0062     0  00:04           0       0.519       0.000
  Syst_Est_aval        OUTFALL          0      0.8     0  00:13           0        66.8       0.000
  TWT_Portail_Est_61+665 OUTFALL          0     2.27     0  00:08           0         193       0.000
  
  
  **********************
  Node Surcharge Summary
  **********************
  
  Surcharging occurs when water rises above the top of the highest conduit.
  ---------------------------------------------------------------------
                                               Max. Height   Min. Depth
                                   Hours       Above Crown    Below Rim
  Node                 Type      Surcharged         Meters       Meters
  ---------------------------------------------------------------------
  9                    JUNCTION       23.98         45.997       52.203
  Holiloch_sonde       JUNCTION       23.98         41.860      156.240
  11                   JUNCTION       24.00         50.860       98.680
  13                   JUNCTION       23.99         54.883      342.117
  21                   JUNCTION       24.00         41.998      107.402
  34                   JUNCTION       24.00         19.975       79.425
  38                   JUNCTION       24.00         25.371      124.029
  40                   JUNCTION       24.00         42.258       53.742
  41                   JUNCTION       23.99         57.252      191.898
  SondeSchuettstein    JUNCTION       23.98         24.212        0.000
  47                   JUNCTION       23.98         12.400       85.700
  48                   JUNCTION       23.98         11.609       87.591
  SondeGischeren       JUNCTION       23.93         14.076       84.724
  49                   JUNCTION       23.95          7.431      184.569
  50                   JUNCTION       23.92          8.389      191.311
  51                   JUNCTION       24.00         72.224      323.776
  Amont_C              JUNCTION       24.00         84.541      312.459
  52                   JUNCTION       23.93         21.719       77.881
  53                   JUNCTION       23.97         21.540      173.460
  54                   JUNCTION       23.83         23.176      171.824
  56                   JUNCTION       23.99          6.902       92.098
  4                    JUNCTION       23.98          8.541       90.809
  5                    JUNCTION       23.96          1.152       43.848
  6                    JUNCTION       23.98         18.572      176.428
  8                    JUNCTION       23.84          1.369      193.631
  10                   JUNCTION       23.95          5.473      186.527
  12                   JUNCTION       23.98         31.350      168.300
  14                   JUNCTION       23.96         19.347      176.653
  Syst_Est_amont       JUNCTION        0.01         47.473       51.527
  Syst_Est_interm      JUNCTION       23.82         29.477       69.023
  
  
  *********************
  Node Flooding Summary
  *********************
  
  No nodes were flooded.
  
  
  ***********************
  Outfall Loading Summary
  ***********************
  
  -----------------------------------------------------------
                         Flow       Avg       Max       Total
                         Freq      Flow      Flow      Volume
  Outfall Node           Pcnt       CMS       CMS    10^6 ltr
  -----------------------------------------------------------
  Brunnm_Fassung        99.93    0.0344    0.0356       2.972
  Brunnmuehle(Teich)    99.93      0.38     0.388      32.821
  Fensterstollen        99.89     0.595     0.622      51.341
  Gischeren             99.29     0.392     0.392      33.602
  Schuettstein          99.90     0.552     0.576      47.626
  Holiloch              99.86      8.24      8.27     710.935
  Sauserquelle          99.97      1.47      1.48     127.315
  Entw_Stollen          99.93    0.0423    0.0425       3.655
  Sous_lacustre        100.00    0.0373    0.0382       3.225
  Sous_ecoul.           99.93   0.00601    0.0062       0.519
  Syst_Est_aval         99.25     0.779       0.8      66.837
  TWT_Portail_Est_61+665  99.97      2.24      2.27     193.047
  -----------------------------------------------------------
  System                99.82      14.8      14.8    1273.896
  
  
  ********************
  Link Flow Summary
  ********************
  
  -----------------------------------------------------------------------------
                                 Maximum  Time of Max   Maximum    Max/    Max/
                                  |Flow|   Occurrence   |Veloc|    Full    Full
  Link                 Type          CMS  days hr:min     m/sec    Flow   Depth
  -----------------------------------------------------------------------------
  Brunn_Fassung_L      CONDUIT    0.0356     0  00:04      1.51    0.59    0.78
  11                   CONDUIT      12.7     0  00:01      6.95    1.89    1.00
  14                   CONDUIT      13.9     0  00:00      9.16    7.54    1.00
  16                   CONDUIT      0.27     0  00:02      3.16    1.88    1.00
  17                   CONDUIT     0.255     0  00:02      0.90    0.43    1.00
  26                   CONDUIT      1.26     0  00:00      2.32    1.70    1.00
  27                   CONDUIT    0.0427     0  00:10      1.68    0.55    0.65
  Gischeren_L          CONDUIT     0.392     0  00:11      0.58    0.05    0.58
  Schuettstein_L       CONDUIT     0.576     0  00:01      3.65    0.49    0.75
  Brunnmuehle_L        CONDUIT     0.425     0  00:04      1.50    0.20    1.00
  32                   CONDUIT         0     0  00:00      0.00    0.00    0.00
  35                   CONDUIT     0.215     0  00:07      0.29    0.04    1.00
  45                   CONDUIT     0.701     0  00:10      6.02    0.01    0.05
  46                   CONDUIT      1.48     0  00:02      5.24    1.48    1.00
  47                   CONDUIT     0.111     0  00:01      2.91    6.89    1.00
  50                   CONDUIT     0.632     0  00:01      2.14    0.12    1.00
  51                   CONDUIT     0.335     0  00:02      3.48    0.94    1.00
  53                   CONDUIT     0.255     0  00:02      1.53    1.29    1.00
  Fenster_L            CONDUIT     0.622     0  00:11      3.95    0.01    0.06
  58                   CONDUIT     0.578     0  00:12      3.43    0.01    0.06
  59                   CONDUIT     0.627     0  00:10      4.01    0.01    0.06
  61                   CONDUIT     0.713     0  00:01      3.76    1.00    1.00
  63                   CONDUIT     0.161     0  00:02      2.24    0.72    0.51
  66                   CONDUIT      0.18     0  00:04      2.69    2.38    1.00
  67                   CONDUIT      14.6     0  00:00      4.00    0.14    1.00
  Amont_L              CONDUIT      28.4     0  00:00      4.02    1.54    1.00
  69                   CONDUIT     0.277     0  00:04      2.35    1.08    1.00
  70                   CONDUIT     0.217     0  00:10      1.72    0.67    1.00
  71                   CONDUIT     0.413     0  00:01      1.81    0.73    1.00
  72                   CONDUIT     0.348     0  00:10      1.67    1.65    1.00
  Sauser_L             CONDUIT      1.48     0  00:02      2.47    0.38    0.71
  75                   CONDUIT     0.132     0  00:10      3.93    1.34    0.66
  Entw_Sto_L           CONDUIT    0.0425     0  00:13      1.93    0.98    0.81
  4                    CONDUIT    0.0319     0  00:13      1.22    1.43    0.88
  5                    CONDUIT    0.0263     0  00:13      1.11    0.94    0.90
  6                    CONDUIT    0.0382     0  00:04      1.47    0.57    0.77
  7                    CONDUIT     0.392     0  00:04      2.00    0.60    1.00
  Brunn_Teich_L        CONDUIT     0.388     0  00:04      1.60    0.29    0.69
  9                    CONDUIT    0.0062     0  00:04      1.56    0.00    0.50
  12                   CONDUIT      8.69     0  00:01      4.94    0.18    1.00
  15                   CONDUIT      10.8     0  00:01      5.24    0.28    1.00
  18                   CONDUIT      9.89     0  00:01      5.01    0.40    1.00
  19                   CONDUIT      1.02     0  00:02      1.32    0.97    1.00
  20                   CONDUIT      1.03     0  00:10      6.13    0.08    0.17
  21                   CONDUIT      8.52     0  00:02      0.91    0.06    0.86
  Hooliloch_L          CONDUIT      8.27     0  00:03      1.44    0.16    0.67
  23                   CONDUIT     0.157     0  00:11      3.36    0.98    0.63
  25                   CONDUIT     0.603     0  00:06      2.13    0.49    1.00
  28                   CONDUIT     0.157     0  00:12      1.30    0.00    0.05
  29                   CONDUIT     0.162     0  00:10      0.93    0.01    0.06
  31                   CONDUIT     0.328     0  00:09      0.53    0.20    0.88
  33                   CONDUIT     0.812     0  00:02      0.82    0.31    1.00
  37                   CONDUIT     0.467     0  00:10      0.74    0.01    0.15
  SS3_L                CONDUIT     0.157     0  00:12      3.16    0.00    0.05
  40                   CONDUIT      1.03     0  00:10      2.58    0.01    0.03
  SS6_L                CONDUIT    0.0696     0  00:02      1.25    0.00    0.05
  1                    CONDUIT         0     0  00:00      0.00    0.00    0.02
  2                    CONDUIT         0     0  00:00      0.00    0.00    0.00
  3                    CONDUIT     0.131     0  00:10      2.70    0.01    0.13
  10                   CONDUIT     0.138     0  00:10      0.22    0.00    0.15
  13                   CONDUIT     0.385     0  00:01      4.60    0.83    1.00
  22                   CONDUIT     0.294     0  00:01      3.05    0.73    1.00
  24                   CONDUIT      2.09     0  00:02      3.03    0.00    1.00
  30                   CONDUIT      1.47     0  00:02      2.04    0.62    1.00
  34                   CONDUIT     0.503     0  00:04      2.38    0.56    0.84
  36                   CONDUIT     0.503     0  00:04      5.82    0.54    0.39
  38                   CONDUIT     0.363     0  00:07      2.71    0.14    1.00
  48                   CONDUIT     0.865     0  00:13      2.40    0.58    1.00
  54                   CONDUIT       0.8     0  00:13      0.68    0.15    0.63
  68                   CONDUIT     0.367     0  00:04      8.09    0.00    0.03
  73                   CONDUIT         0     0  00:00      0.00    0.00    0.04
  TWT1                 CONDUIT      2.27     0  00:08      4.43    0.00    0.03
  TWT2                 CONDUIT      2.36     0  00:05      4.50    0.00    0.04
  TWT3                 CONDUIT         0     0  00:00      0.00    0.00    0.02
  TWT4                 CONDUIT         0     0  00:00      0.00    0.00    0.03
  1_2_b_               CONDUIT         0     0  00:00      0.00    0.00    0.00
  1_2_b_2              CONDUIT     0.135     0  00:04      5.71    0.01    0.28
  1_2_b_6              CONDUIT    0.0913     0  00:02      3.68    0.00    0.28
  1_3_b_3              CONDUIT      2.28     0  00:04      4.17    8.19    0.66
  TWT5                 CONDUIT      2.51     0  00:13      2.28    0.00    0.07
  1_4_a                CONDUIT     0.484     0  00:10      3.13    0.01    0.11
  TWT6                 CONDUIT      0.51     0  00:12      0.43    0.00    0.06
  1_4_b                CONDUIT         0     0  00:00      0.00    0.00    0.13
  TWT7                 CONDUIT         0     0  00:00      0.00    0.00    0.01
  1_5_a                CONDUIT         0     0  00:00      0.00    0.00    0.04
  
  
  ***************************
  Flow Classification Summary
  ***************************
  
  -------------------------------------------------------------------------------------
                      Adjusted    ---------- Fraction of Time in Flow Class ---------- 
                       /Actual         Up    Down  Sub   Sup   Up    Down  Norm  Inlet 
  Conduit               Length    Dry  Dry   Dry   Crit  Crit  Crit  Crit  Ltd   Ctrl  
  -------------------------------------------------------------------------------------
  Brunn_Fassung_L         1.00   0.00  0.00  0.00  0.00  1.00  0.00  0.00  0.00  0.00
  11                      1.00   0.00  0.00  0.00  1.00  0.00  0.00  0.00  0.00  0.00
  14                      1.00   0.00  0.00  0.00  1.00  0.00  0.00  0.00  0.00  0.00
  16                      1.00   0.00  0.00  0.00  1.00  0.00  0.00  0.00  0.00  0.00
  17                      1.00   0.00  0.00  0.00  1.00  0.00  0.00  0.00  0.00  0.00
  26                      1.00   0.00  0.00  0.00  1.00  0.00  0.00  0.00  0.00  0.00
  27                      1.00   0.00  0.00  0.00  0.00  1.00  0.00  0.00  1.00  0.00
  Gischeren_L             1.00   0.00  0.00  0.00  0.99  0.00  0.00  0.00  0.00  0.00
  Schuettstein_L          1.00   0.00  0.00  0.00  0.00  1.00  0.00  0.00  0.00  0.00
  Brunnmuehle_L           1.00   0.00  0.00  0.00  1.00  0.00  0.00  0.00  0.00  0.00
  32                      1.00   1.00  0.00  0.00  0.00  0.00  0.00  0.00  0.00  0.00
  35                      1.00   0.00  0.00  0.00  1.00  0.00  0.00  0.00  0.00  0.00
  45                      1.00   0.00  0.00  0.00  0.00  1.00  0.00  0.00  0.00  0.00
  46                      1.00   0.00  0.00  0.00  1.00  0.00  0.00  0.00  0.00  0.00
  47                      1.00   0.00  0.00  0.00  1.00  0.00  0.00  0.00  0.00  0.00
  50                      1.00   0.00  0.00  0.00  1.00  0.00  0.00  0.00  0.00  0.00
  51                      1.00   0.00  0.00  0.00  1.00  0.00  0.00  0.00  0.00  0.00
  53                      1.00   0.00  0.00  0.00  1.00  0.00  0.00  0.00  0.00  0.00
  Fenster_L               1.00   0.00  0.00  0.00  0.00  1.00  0.00  0.00  0.00  0.00
  58                      1.00   0.00  0.00  0.00  0.00  1.00  0.00  0.00  0.00  0.00
  59                      1.00   0.00  0.00  0.00  0.00  1.00  0.00  0.00  0.00  0.00
  61                      1.00   0.00  0.00  0.00  1.00  0.00  0.00  0.00  0.00  0.00
  63                      1.00   0.00  0.00  0.00  1.00  0.00  0.00  0.00  0.00  0.00
  66                      1.00   0.00  0.00  0.00  1.00  0.00  0.00  0.00  0.00  0.00
  67                      1.00   0.00  0.00  0.00  1.00  0.00  0.00  0.00  0.00  0.00
  Amont_L                 1.00   0.00  0.00  0.00  1.00  0.00  0.00  0.00  0.00  0.00
  69                      1.00   0.00  0.00  0.00  1.00  0.00  0.00  0.00  0.00  0.00
  70                      1.00   0.00  0.00  0.00  1.00  0.00  0.00  0.00  0.00  0.00
  71                      1.00   0.00  0.00  0.00  1.00  0.00  0.00  0.00  0.00  0.00
  72                      1.00   0.00  0.00  0.00  1.00  0.00  0.00  0.00  0.00  0.00
  Sauser_L                1.00   0.00  0.00  0.00  1.00  0.00  0.00  0.00  0.00  0.00
  75                      1.00   0.00  0.00  0.00  0.00  1.00  0.00  0.00  0.00  0.00
  Entw_Sto_L              1.00   0.00  0.00  0.00  0.00  1.00  0.00  0.00  0.00  0.00
  4                       1.00   0.00  0.00  0.00  1.00  0.00  0.00  0.00  0.00  0.00
  5                       1.00   0.00  0.00  0.00  1.00  0.00  0.00  0.00  0.00  0.00
  6                       1.00   0.00  0.00  0.00  0.00  1.00  0.00  0.00  0.00  0.00
  7                       1.00   0.00  0.00  0.00  1.00  0.00  0.00  0.00  0.00  0.00
  Brunn_Teich_L           1.00   0.00  0.00  0.00  1.00  0.00  0.00  0.00  0.00  0.00
  9                       1.00   0.00  0.00  0.00  0.00  1.00  0.00  0.00  0.00  0.00
  12                      1.00   0.00  0.00  0.00  1.00  0.00  0.00  0.00  0.00  0.00
  15                      1.00   0.00  0.00  0.00  1.00  0.00  0.00  0.00  0.00  0.00
  18                      1.00   0.00  0.00  0.00  1.00  0.00  0.00  0.00  0.00  0.00
  19                      1.00   0.00  0.00  0.00  1.00  0.00  0.00  0.00  0.00  0.00
  20                      1.00   0.00  0.00  0.00  0.00  1.00  0.00  0.00  0.00  0.00
  21                      1.00   0.00  0.00  0.00  1.00  0.00  0.00  0.00  0.00  0.00
  Hooliloch_L             1.00   0.00  0.00  0.00  1.00  0.00  0.00  0.00  0.00  0.00
  23                      1.00   0.00  0.00  0.00  0.00  1.00  0.00  0.00  0.00  0.00
  25                      1.00   0.00  0.00  0.00  1.00  0.00  0.00  0.00  0.00  0.00
  28                      1.00   0.00  0.00  0.00  0.00  1.00  0.00  0.00  1.00  0.00
  29                      1.00   0.00  0.00  0.00  1.00  0.00  0.00  0.00  0.00  0.00
  31                      1.00   0.00  0.00  0.00  1.00  0.00  0.00  0.00  0.00  0.00
  33                      1.00   0.00  0.00  0.00  1.00  0.00  0.00  0.00  0.00  0.00
  37                      1.00   0.00  0.00  0.00  1.00  0.00  0.00  0.00  0.00  0.00
  SS3_L                   1.00   0.00  0.00  0.00  0.00  1.00  0.00  0.00  1.00  0.00
  40                      1.00   0.00  0.00  0.00  0.00  1.00  0.00  0.00  0.00  0.00
  SS6_L                   1.00   0.00  0.00  0.00  0.00  1.00  0.00  0.00  1.00  0.00
  1                       1.00   0.00  1.00  0.00  0.00  0.00  0.00  0.00  0.00  0.00
  2                       1.00   1.00  0.00  0.00  0.00  0.00  0.00  0.00  0.00  0.00
  3                       1.00   0.00  0.00  0.00  0.00  1.00  0.00  0.00  1.00  0.00
  10                      1.00   0.00  0.00  0.00  1.00  0.00  0.00  0.00  0.00  0.00
  13                      1.00   0.00  0.00  0.00  1.00  0.00  0.00  0.00  0.00  0.00
  22                      1.00   0.00  0.00  0.00  1.00  0.00  0.00  0.00  0.00  0.00
  24                      1.00   0.00  0.00  0.00  1.00  0.00  0.00  0.00  0.00  0.00
  30                      1.00   0.00  0.00  0.00  1.00  0.00  0.00  0.00  0.00  0.00
  34                      1.00   0.00  0.00  0.00  0.00  1.00  0.00  0.00  0.00  0.00
  36                      1.00   0.00  0.00  0.00  0.00  1.00  0.00  0.00  0.00  0.00
  38                      1.00   0.00  0.00  0.00  1.00  0.00  0.00  0.00  0.00  0.00
  48                      1.00   0.00  0.00  0.00  1.00  0.00  0.00  0.00  0.00  0.00
  54                      1.00   0.00  0.01  0.00  0.99  0.00  0.00  0.00  0.00  0.00
  68                      1.00   0.00  0.00  0.00  0.00  1.00  0.00  0.00  1.00  0.00
  73                      1.00   0.00  1.00  0.00  0.00  0.00  0.00  0.00  0.00  0.00
  TWT1                    1.00   0.00  0.00  0.00  0.00  1.00  0.00  0.00  0.99  0.00
  TWT2                    1.00   0.00  0.00  0.00  0.00  1.00  0.00  0.00  0.00  0.00
  TWT3                    1.00   0.00  1.00  0.00  0.00  0.00  0.00  0.00  0.00  0.00
  TWT4                    1.00   0.00  1.00  0.00  0.00  0.00  0.00  0.00  0.00  0.00
  1_2_b_                  1.00   1.00  0.00  0.00  0.00  0.00  0.00  0.00  0.00  0.00
  1_2_b_2                 1.00   0.00  0.00  0.00  0.00  1.00  0.00  0.00  1.00  0.00
  1_2_b_6                 1.00   0.00  0.00  0.00  0.99  0.01  0.00  0.00  1.00  0.00
  1_3_b_3                 1.00   0.00  0.00  0.00  0.00  1.00  0.00  0.00  0.00  0.00
  TWT5                    1.00   0.00  0.00  0.00  1.00  0.00  0.00  0.00  0.00  0.00
  1_4_a                   1.00   0.00  0.00  0.00  0.00  1.00  0.00  0.00  0.00  0.00
  TWT6                    1.00   0.00  0.00  0.00  1.00  0.00  0.00  0.00  0.00  0.00
  1_4_b                   1.00   0.00  1.00  0.00  0.00  0.00  0.00  0.00  0.00  0.00
  TWT7                    1.00   0.00  1.00  0.00  0.00  0.00  0.00  0.00  0.00  0.00
  1_5_a                   1.00   0.00  1.00  0.00  0.00  0.00  0.00  0.00  0.00  0.00
  
  
  *************************
  Conduit Surcharge Summary
  *************************
  
  ----------------------------------------------------------------------------
                                                           Hours        Hours 
                         --------- Hours Full --------   Above Full   Capacity
  Conduit                Both Ends  Upstream  Dnstream   Normal Flow   Limited
  ----------------------------------------------------------------------------
  Brunn_Fassung_L             0.01      0.01     24.00      0.01         0.01
  11                         23.98     23.98     23.98     23.98         0.01
  14                         23.98     23.98     23.99     23.99         0.01
  16                         24.00     24.00     24.00     23.99        23.99
  17                         24.00     24.00     24.00      0.01         0.01
  26                         23.99     23.99     23.99      0.01         0.01
  Gischeren_L                 0.01      0.01     23.83      0.01         0.01
  Schuettstein_L              0.01      0.01     23.98      0.01         0.01
  Brunnmuehle_L              24.00     24.00     24.00      0.01         0.01
  35                         23.86     23.86     23.92      0.01         0.01
  46                         24.00     24.00     24.00     23.98         0.01
  47                         24.00     24.00     24.00     24.00        24.00
  50                         23.98     23.98     23.98      0.01         0.01
  51                         23.97     23.97     24.00      0.01         0.01
  53                         24.00     24.00     24.00     23.98         0.01
  61                         23.98     23.98     23.99      0.01         0.01
  63                          0.01     23.97      0.01      0.01         0.01
  66                         23.92     23.97     23.92     23.96        23.92
  67                         23.99     23.99     24.00      0.01         0.01
  Amont_L                    24.00     24.00     24.00      0.01         0.01
  69                         23.93     23.93     24.00      0.02         0.01
  70                         23.93     23.93     24.00      0.01         0.01
  71                         23.97     23.97     23.99      0.01         0.01
  72                         23.83     23.97     23.83      0.14         0.01
  Sauser_L                    0.01      0.01     24.00      0.01         0.01
  75                          0.01     23.96      0.01     23.83         0.01
  4                           0.01     23.97      0.01     23.86         0.01
  5                           0.01      0.01     24.00      0.01         0.01
  6                           0.01      0.01     24.00      0.01         0.01
  7                          23.99     23.99     24.00      0.01         0.01
  Brunn_Teich_L               0.01      0.01     23.98      0.01         0.01
  9                           0.01      0.01     23.98      0.01         0.01
  12                         23.97     23.97     23.98      0.01         0.01
  15                         23.98     23.98     23.98      0.01         0.01
  18                         23.98     23.98     23.98      0.01         0.01
  19                         23.96     23.96     23.98      0.01         0.01
  21                          0.01      0.01     23.96      0.01         0.01
  23                          0.01     23.92      0.01      0.01         0.01
  25                         23.89     23.89     23.99      0.01         0.01
  31                          0.01      0.01     23.84      0.01         0.01
  33                         23.95     23.95     23.95      0.01         0.01
  13                         23.98     23.98     24.00      0.01         0.01
  22                         23.98     23.98     24.00      0.01         0.01
  24                         23.96     23.96     24.00      0.01         0.01
  30                         23.96     23.96     24.00      0.01         0.01
  34                          0.01      0.01     23.98      0.01         0.01
  38                         23.90     23.90     23.93      0.01         0.01
  48                          0.01      0.01     23.87      0.01         0.01
  54                          0.01      0.01     23.82      0.01         0.01
  1_3_b_3                     0.01      0.01     23.99     23.99         0.01
  

  Analysis begun on:  Fri Jul 10 13:04:32 2026
  Analysis ended on:  Fri Jul 10 13:04:34 2026
  Total elapsed time: 00:00:02