
  EPA STORM WATER MANAGEMENT MODEL - VERSION 5.2 (Build 5.2.4)
  ------------------------------------------------------------

  Brunnmuehle (Twann) 
  WARNING 08: elevation drop exceeds length for Conduit SS3_L
  WARNING 08: elevation drop exceeds length for Conduit SS6_L
  WARNING 08: elevation drop exceeds length for Conduit 2
  WARNING 08: elevation drop exceeds length for Conduit 3
  WARNING 08: elevation drop exceeds length for Conduit 68
  WARNING 08: elevation drop exceeds length for Conduit 1_2_b_
  WARNING 08: elevation drop exceeds length for Conduit 1_2_b_2
  WARNING 08: elevation drop exceeds length for Conduit 1_2_b_3
  WARNING 08: elevation drop exceeds length for Conduit 1_2_b_6
  WARNING 08: elevation drop exceeds length for Conduit 1_4_a
  WARNING 08: elevation drop exceeds length for Conduit 1_4_b
  WARNING 08: elevation drop exceeds length for Conduit 1_5_a
  WARNING 02: maximum depth increased for Node 2
  
  ****************
  Analysis Options
  ****************
  Flow Units ............... CMS
  Process Models:
    Rainfall/Runoff ........ NO
    RDII ................... NO
    Snowmelt ............... NO
    Groundwater ............ NO
    Flow Routing ........... YES
    Ponding Allowed ........ NO
    Water Quality .......... NO
  Flow Routing Method ...... DYNWAVE
  Surcharge Method ......... EXTRAN
  Starting Date ............ 01/01/2000 00:00:00
  Ending Date .............. 01/02/2000 00:00:00
  Antecedent Dry Days ...... 0.0
  Report Time Step ......... 01:00:00
  Routing Time Step ........ 0.50 sec
  Variable Time Step ....... YES
  Maximum Trials ........... 8
  Number of Threads ........ 1
  Head Tolerance ........... 0.001500 m
  
  
  **************************        Volume        Volume
  Flow Routing Continuity        hectare-m      10^6 ltr
  **************************     ---------     ---------
  Dry Weather Inflow .......         0.000         0.000
  Wet Weather Inflow .......         0.000         0.000
  Groundwater Inflow .......         0.000         0.000
  RDII Inflow ..............         0.000         0.000
  External Inflow ..........       133.343      1333.446
  External Outflow .........        93.089       930.900
  Flooding Loss ............        46.087       460.871
  Evaporation Loss .........         0.000         0.000
  Exfiltration Loss ........         0.000         0.000
  Initial Stored Volume ....         0.057         0.565
  Final Stored Volume ......         0.315         3.153
  Continuity Error (%) .....        -4.566
  
  
  *************************
  Highest Continuity Errors
  *************************
  Node TWT_Acces_LT_60+110 (-21934.99%)
  Node Syst_Est_interm (100.00%)
  Node 2 (96.20%)
  Node TWT_Intersection_Sonsto_60+345 (-71.28%)
  Node Amont_Trappe (-52.95%)
  
  
  ***************************
  Time-Step Critical Elements
  ***************************
  Link 1_4_a (23051.00%)
  Link 1_4_b (10.95%)
  
  
  ********************************
  Highest Flow Instability Indexes
  ********************************
  All links are stable.
  
  
  *********************************
  Most Frequent Nonconverging Nodes
  *********************************
  Node Brunnm_Fassung (57.94%)
  Node Brunnmuehle(Teich) (57.94%)
  Node Fensterstollen (57.94%)
  Node Gischeren (57.94%)
  Node Schuettstein (57.94%)
  
  
  *************************
  Routing Time Step Summary
  *************************
  Minimum Time Step           :     0.50 sec
  Average Time Step           :     0.50 sec
  Maximum Time Step           :     0.50 sec
  % of Time in Steady State   :    99.57
  Average Iterations per Step :     6.62
  % of Steps Not Converging   :    57.94
  Time Step Frequencies       :
      0.500 -  0.500 sec      :   100.00 %
      0.500 -  0.500 sec      :     0.00 %
      0.500 -  0.500 sec      :     0.00 %
      0.500 -  0.500 sec      :     0.00 %
      0.500 -  0.500 sec      :     0.00 %
  
  
  ******************
  Node Depth Summary
  ******************
  
  ---------------------------------------------------------------------------------
                                 Average  Maximum  Maximum  Time of Max    Reported
                                   Depth    Depth      HGL   Occurrence   Max Depth
  Node                 Type       Meters   Meters   Meters  days hr:min      Meters
  ---------------------------------------------------------------------------------
  9                    JUNCTION    39.00    39.03   477.53     0  00:06       39.03
  Holiloch_sonde       JUNCTION    37.43    37.47   477.47     0  00:06       37.46
  11                   JUNCTION    43.15    43.99   453.99     0  00:05       43.16
  13                   JUNCTION    39.95    39.98   477.98     0  00:06       39.97
  21                   JUNCTION    39.60    39.63   439.63     0  00:05       39.62
  SonSto_F             JUNCTION     0.43     0.51   438.31     0  00:01        0.43
  Sondierstollen       JUNCTION     0.00     0.00   440.80     0  00:00        0.00
  Aval_Trappe          JUNCTION     0.68     0.73   438.33     0  00:00        0.68
  30                   JUNCTION     0.60     0.61   437.91     0  00:06        0.60
  Gischeren_node       JUNCTION     0.00     0.00   476.50     0  00:00        0.00
  34                   JUNCTION    18.56    18.58   438.58     0  00:05       18.57
  38                   JUNCTION    22.11    22.35   442.35     0  00:05       22.12
  SS6                  JUNCTION     0.05     0.05   448.05     0  00:06        0.05
  40                   JUNCTION    22.89    22.91   441.91     0  00:05       22.90
  41                   JUNCTION    40.44    40.47   477.97     0  00:06       40.47
  SondeSchuettstein    JUNCTION    18.75    19.67   478.67     0  00:01       18.77
  SS4                  JUNCTION     0.06     0.06   448.06     0  00:03        0.06
  47                   JUNCTION    12.49    12.50   477.40     0  00:06       12.50
  48                   JUNCTION     6.76     7.74   478.74     0  00:01        6.77
  SondeGischeren       JUNCTION     0.46     0.46   465.46     0  00:06        0.46
  49                   JUNCTION    11.26    11.29   477.29     0  00:06       11.28
  50                   JUNCTION     0.17     0.17   463.17     0  00:06        0.17
  51                   JUNCTION    58.31    58.34   478.34     0  00:06       58.34
  Amont_C              JUNCTION    61.58    87.47   505.47     0  00:00       61.61
  52                   JUNCTION     0.27     0.27   457.27     0  00:06        0.27
  53                   JUNCTION     6.06     6.25   473.25     0  00:04        6.06
  54                   JUNCTION     1.24     1.25   464.25     0  00:06        1.25
  56                   JUNCTION     6.33     6.44   436.44     0  00:00        6.34
  2                    JUNCTION     1.98    12.98   450.98     0  00:05        1.98
  4                    JUNCTION     8.55     9.00   437.00     0  00:00        8.56
  5                    JUNCTION     4.88     4.89   477.39     0  00:06        4.89
  6                    JUNCTION    19.40    19.43   477.43     0  00:06       19.42
  7                    JUNCTION     2.39     2.40   477.40     0  00:06        2.40
  SS3                  JUNCTION     0.05     0.05   448.05     0  00:06        0.05
  SS5                  JUNCTION     0.59     0.59   439.49     0  00:06        0.59
  8                    JUNCTION     0.16     0.16   474.16     0  00:06        0.16
  10                   JUNCTION     9.26     9.28   477.28     0  00:06        9.28
  SonSto_SS5           JUNCTION     0.12     0.12   439.42     0  00:06        0.12
  SonSto_SS3           JUNCTION     0.08     0.08   439.78     0  00:06        0.08
  SonSto_SS4           JUNCTION     0.06     0.06   439.46     0  00:06        0.06
  Amont_Trappe         JUNCTION     0.47     0.63   438.33     0  00:05        0.47
  SonSto_SS6           JUNCTION     0.11     0.11   438.81     0  00:06        0.11
  SS2                  JUNCTION     0.00     0.00   448.00     0  00:00        0.00
  SonSto_SS2           JUNCTION     0.00     0.00   441.50     0  00:00        0.00
  12                   JUNCTION    12.32    12.33   461.33     0  00:06       12.33
  14                   JUNCTION     1.73     1.73   466.73     0  00:06        1.73
  15                   JUNCTION     0.27     0.27   472.27     0  00:06        0.27
  TWT_PointHaut_60+650 JUNCTION     0.00     0.00   438.50     0  00:00        0.00
  TWT_Fensterstollen_60+375 JUNCTION     0.38     0.38   441.68     0  00:05        0.38
  TWT_Acces_LT_60+110  JUNCTION     0.00     0.00   441.50     0  00:06        0.00
  TWT_Liaison_LT_59+738 JUNCTION     0.00     0.03   450.63     0  00:05        0.00
  Syst_Est_amont       JUNCTION     0.50     0.52   430.52     0  00:03        0.50
  Syst_Est_interm      JUNCTION     0.76     0.76   410.76     0  00:06        0.76
  TWT_Branche_Est_Sonsto_60+540 JUNCTION     0.00     0.00   442.40     0  00:00        0.00
  TWT_Intersection_Sonsto_60+345 JUNCTION     0.18     0.42   441.32     0  00:06        0.18
  TWT_Chrosweg_61+140  JUNCTION     0.00     0.00   432.00     0  00:00        0.00
  SonSto_F_sup         JUNCTION     0.05     0.05   448.05     0  00:06        0.05
  SonSto_porte         JUNCTION     2.99     3.00   441.50     0  00:06        3.00
  Brunnm_Fassung       OUTFALL      0.09     0.09   433.89     0  00:05        0.09
  Brunnmuehle(Teich)   OUTFALL      0.21     0.21   435.71     0  00:05        0.21
  Fensterstollen       OUTFALL      0.59     0.59   437.59     0  00:05        0.59
  Gischeren            OUTFALL      0.00     0.00   480.00     0  00:00        0.00
  Schuettstein         OUTFALL      0.08     0.10   477.65     0  00:01        0.08
  Holiloch             OUTFALL      0.80     0.80   477.30     0  00:06        0.80
  Sauserquelle         OUTFALL      0.28     0.28   435.83     0  00:06        0.28
  Entw_Stollen         OUTFALL      0.18     0.18   436.68     0  00:02        0.18
  Sous_lacustre        OUTFALL      0.10     0.10   429.30     0  00:05        0.10
  Sous_ecoul.          OUTFALL      0.00     0.00   433.00     0  00:00        0.00
  Syst_Est_aval        OUTFALL      0.00     0.00   429.00     0  00:00        0.00
  TWT_Portail_Est_61+665 OUTFALL      0.00     0.00   421.60     0  00:00        0.00
  
  
  *******************
  Node Inflow Summary
  *******************
  
  -------------------------------------------------------------------------------------------------
                                  Maximum  Maximum                  Lateral       Total        Flow
                                  Lateral    Total  Time of Max      Inflow      Inflow     Balance
                                   Inflow   Inflow   Occurrence      Volume      Volume       Error
  Node                 Type           CMS      CMS  days hr:min    10^6 ltr    10^6 ltr     Percent
  -------------------------------------------------------------------------------------------------
  9                    JUNCTION         0       10     0  00:00           0         150       0.077
  Holiloch_sonde       JUNCTION         0     9.05     0  00:00           0         124       0.067
  11                   JUNCTION         0    0.226     0  00:02           0        19.5       0.002
  13                   JUNCTION         0     15.2     0  00:00           0    1.11e+03       0.019
  21                   JUNCTION         0    0.374     0  00:05           0        32.3       0.015
  SonSto_F             JUNCTION         0      1.3     0  00:00           0        48.7       1.085
  Sondierstollen       JUNCTION         0        0     0  00:00           0           0       0.000 ltr
  Aval_Trappe          JUNCTION         0     8.64     0  00:05           0         718       0.156
  30                   JUNCTION         0     8.54     0  00:05           0         723      -1.747
  Gischeren_node       JUNCTION         0        0     0  00:00           0           0       0.000 ltr
  34                   JUNCTION         0    0.341     0  00:05           0        29.4       0.006
  38                   JUNCTION         0    0.212     0  00:04           0        17.8       0.002
  SS6                  JUNCTION         0    0.141     0  00:06           0        12.2      -0.003
  40                   JUNCTION         0     1.38     0  00:06           0         119       0.002
  41                   JUNCTION         0     1.62     0  00:00           0        5.69       0.219
  SondeSchuettstein    JUNCTION         0    0.498     0  00:01           0        5.68       0.197
  SS4                  JUNCTION         0    0.082     0  00:03           0        6.87       0.041
  47                   JUNCTION         0     4.74     0  00:01           0         111       0.107
  48                   JUNCTION         0    0.288     0  00:01           0        5.67       0.070
  SondeGischeren       JUNCTION         0    0.142     0  00:06           0        12.2      86.478
  49                   JUNCTION         0    0.775     0  00:02           0        12.1       0.129
  50                   JUNCTION         0   0.0759     0  00:06           0        6.55       0.463
  51                   JUNCTION         0     28.4     0  00:00           0    1.27e+03      -0.003
  Amont_C              JUNCTION      14.7     39.7     0  00:00    1.27e+03    1.27e+03       0.019
  52                   JUNCTION         0    0.195     0  00:06           0        16.8      16.437
  53                   JUNCTION         0    0.217     0  00:02           0        16.7      -0.083
  54                   JUNCTION         0    0.194     0  00:06           0        16.7      90.457
  56                   JUNCTION         0    0.688     0  00:06           0        59.4      -0.001
  2                    JUNCTION         0     3.74     0  00:04           0         147    2531.920
  4                    JUNCTION         0    0.312     0  00:05           0        26.9       0.024
  5                    JUNCTION         0     3.28     0  00:01           0         111       8.202
  6                    JUNCTION         0     6.33     0  00:00           0         123       0.122
  7                    JUNCTION         0     1.33     0  00:05           0         103      11.254
  SS3                  JUNCTION         0   0.0756     0  00:06           0        6.52       0.079
  SS5                  JUNCTION         0    0.246     0  00:06           0        21.3       0.117
  8                    JUNCTION         0    0.142     0  00:06           0        12.3       0.336
  10                   JUNCTION         0    0.459     0  00:03           0        12.1      -0.534
  SonSto_SS5           JUNCTION         0    0.262     0  00:06           0        22.6       0.068
  SonSto_SS3           JUNCTION         0   0.0756     0  00:06           0        6.51       0.368
  SonSto_SS4           JUNCTION         0    0.155     0  00:06           0        13.4       0.075
  Amont_Trappe         JUNCTION         0      1.6     0  00:00           0        42.6     -34.619
  SonSto_SS6           JUNCTION         0    0.331     0  00:06           0        28.6       0.064
  SS2                  JUNCTION         0        0     0  00:00           0           0       0.000 ltr
  SonSto_SS2           JUNCTION         0        0     0  00:00           0           0       0.000 ltr
  12                   JUNCTION         0    0.294     0  00:01           0        22.8       0.015
  14                   JUNCTION         0     1.02     0  00:06           0        87.8       0.283
  15                   JUNCTION         0    0.302     0  00:06           0        26.1       0.592
  TWT_PointHaut_60+650 JUNCTION         0        0     0  00:00           0           0       0.000 ltr
  TWT_Fensterstollen_60+375 JUNCTION         0     11.5     0  00:06           0         992       0.061
  TWT_Acces_LT_60+110  JUNCTION         0   0.0201     0  00:05           0    0.000252     -99.546
  TWT_Liaison_LT_59+738 JUNCTION         0     1.49     0  00:05           0     0.00231      40.126
  Syst_Est_amont       JUNCTION     0.735    0.735     0  00:00        63.5        63.5      -1.276
  Syst_Est_interm      JUNCTION         0    0.779     0  00:04           0        64.364317754.502 ltr
  TWT_Branche_Est_Sonsto_60+540 JUNCTION         0        0     0  00:00           0           0       0.000 ltr
  TWT_Intersection_Sonsto_60+345 JUNCTION         0     9.15     0  00:05           0         338     -41.617
  TWT_Chrosweg_61+140  JUNCTION         0        0     0  00:00           0           0       0.000 ltr
  SonSto_F_sup         JUNCTION         0      0.3     0  00:06           0        25.9       0.048
  SonSto_porte         JUNCTION         0     17.1     0  00:06           0         579      -4.167
  Brunnm_Fassung       OUTFALL          0   0.0291     0  00:05           0        2.51       0.000
  Brunnmuehle(Teich)   OUTFALL          0    0.306     0  00:05           0        26.4       0.000
  Fensterstollen       OUTFALL          0     8.62     0  00:05           0         736       0.000
  Gischeren            OUTFALL          0        0     0  00:00           0           0       0.000 ltr
  Schuettstein         OUTFALL          0    0.111     0  00:01           0        5.66       0.000
  Holiloch             OUTFALL          0     1.07     0  00:06           0        92.3       0.000
  Sauserquelle         OUTFALL          0    0.688     0  00:06           0        59.4       0.000
  Entw_Stollen         OUTFALL          0    0.121     0  00:05           0        5.52       0.000
  Sous_lacustre        OUTFALL          0   0.0334     0  00:05           0        2.88       0.000
  Sous_ecoul.          OUTFALL          0  0.00581     0  00:00           0       0.497       0.000
  Syst_Est_aval        OUTFALL          0        0     0  00:00           0           0       0.000 ltr
  TWT_Portail_Est_61+665 OUTFALL          0        0     0  00:00           0           0       0.000 ltr
  
  
  **********************
  Node Surcharge Summary
  **********************
  
  Surcharging occurs when water rises above the top of the highest conduit.
  ---------------------------------------------------------------------
                                               Max. Height   Min. Depth
                                   Hours       Above Crown    Below Rim
  Node                 Type      Surcharged         Meters       Meters
  ---------------------------------------------------------------------
  9                    JUNCTION       23.99         37.233       60.967
  Holiloch_sonde       JUNCTION       23.99         35.565      162.535
  11                   JUNCTION       24.00         43.535      106.005
  13                   JUNCTION       23.99         36.975      360.025
  21                   JUNCTION       24.00         39.035      110.365
  34                   JUNCTION       24.00         17.982       81.418
  38                   JUNCTION       24.00         21.745      127.655
  40                   JUNCTION       24.00         18.906       77.094
  41                   JUNCTION       23.99         39.621      209.529
  SondeSchuettstein    JUNCTION       23.98         18.866        0.000
  47                   JUNCTION       23.98         10.604       87.496
  48                   JUNCTION       23.97          6.935       92.265
  49                   JUNCTION       23.95          3.287      188.713
  51                   JUNCTION       24.00         54.342      341.658
  Amont_C              JUNCTION       24.00         84.468      312.532
  53                   JUNCTION       23.94          1.245      193.755
  56                   JUNCTION       23.99          5.443       93.557
  2                    JUNCTION        0.01         10.983        0.000
  4                    JUNCTION       23.99          8.348       91.002
  6                    JUNCTION       23.98         14.426      180.574
  10                   JUNCTION       23.94          1.282      190.718
  12                   JUNCTION       23.98         11.985      187.665
  SonSto_porte         JUNCTION       23.90          0.000        0.000
  
  
  *********************
  Node Flooding Summary
  *********************
  
  Flooding refers to all water that overflows a node, whether it ponds or not.
  --------------------------------------------------------------------------
                                                             Total   Maximum
                                 Maximum   Time of Max       Flood    Ponded
                        Hours       Rate    Occurrence      Volume     Depth
  Node                 Flooded       CMS   days hr:min    10^6 ltr    Meters
  --------------------------------------------------------------------------
  SonSto_porte           23.90      16.4      0  00:06     460.870     0.000
  
  
  ***********************
  Outfall Loading Summary
  ***********************
  
  -----------------------------------------------------------
                         Flow       Avg       Max       Total
                         Freq      Flow      Flow      Volume
  Outfall Node           Pcnt       CMS       CMS    10^6 ltr
  -----------------------------------------------------------
  Brunnm_Fassung        99.94     0.029    0.0291       2.507
  Brunnmuehle(Teich)    99.94     0.305     0.306      26.360
  Fensterstollen        99.96      8.52      8.62     735.805
  Gischeren              0.00         0         0       0.000
  Schuettstein          99.88    0.0656     0.111       5.661
  Holiloch              99.72      1.07      1.07      92.299
  Sauserquelle          99.96     0.687     0.688      59.368
  Entw_Stollen          99.94    0.0639     0.121       5.519
  Sous_lacustre        100.00    0.0333    0.0334       2.881
  Sous_ecoul.           99.94   0.00576   0.00581       0.497
  Syst_Est_aval          0.00         0         0       0.000
  TWT_Portail_Est_61+665   0.00         0         0       0.000
  -----------------------------------------------------------
  System                74.94      10.8      10.8     930.897
  
  
  ********************
  Link Flow Summary
  ********************
  
  -----------------------------------------------------------------------------
                                 Maximum  Time of Max   Maximum    Max/    Max/
                                  |Flow|   Occurrence   |Veloc|    Full    Full
  Link                 Type          CMS  days hr:min     m/sec    Flow   Depth
  -----------------------------------------------------------------------------
  Brunn_Fassung_L      CONDUIT    0.0291     0  00:05      1.28    0.48    0.74
  11                   CONDUIT      9.05     0  00:00      5.27    1.35    1.00
  14                   CONDUIT        10     0  00:00      7.61    5.45    1.00
  16                   CONDUIT     0.226     0  00:02      2.65    1.58    1.00
  17                   CONDUIT     0.212     0  00:04      0.75    0.36    1.00
  26                   CONDUIT      1.62     0  00:00      2.87    2.20    1.00
  27                   CONDUIT    0.0708     0  00:01      1.86    0.91    1.00
  Gischeren_L          CONDUIT         0     0  00:00      0.00    0.00    0.00
  Schuettstein_L       CONDUIT     0.111     0  00:01      0.89    0.09    0.60
  Brunnmuehle_L        CONDUIT     0.341     0  00:05      1.20    0.16    1.00
  32                   CONDUIT         0     0  00:00      0.00    0.00    0.00
  35                   CONDUIT         0     0  00:00      0.00    0.00    0.19
  45                   CONDUIT     0.331     0  00:06      1.10    0.00    0.10
  46                   CONDUIT     0.688     0  00:06      2.43    0.69    1.00
  47                   CONDUIT    0.0968     0  00:06      2.55    6.04    1.00
  50                   CONDUIT     0.288     0  00:01      1.11    0.05    1.00
  51                   CONDUIT     0.117     0  00:01      1.29    0.33    1.00
  53                   CONDUIT     0.212     0  00:04      1.28    1.08    1.00
  Fenster_L            CONDUIT      8.62     0  00:05      8.72    0.09    0.20
  58                   CONDUIT      8.47     0  00:05      7.79    0.11    0.22
  59                   CONDUIT     0.262     0  00:06      3.03    0.00    0.04
  61                   CONDUIT     0.498     0  00:01      2.26    0.70    1.00
  63                   CONDUIT     0.141     0  00:06      2.04    0.63    0.51
  66                   CONDUIT    0.0759     0  00:06      1.38    1.00    0.79
  67                   CONDUIT      14.9     0  00:00      3.98    0.15    1.00
  Amont_L              CONDUIT      28.4     0  00:00      4.02    1.54    1.00
  69                   CONDUIT     0.195     0  00:06      1.73    0.76    0.84
  70                   CONDUIT     0.167     0  00:06      1.48    0.52    0.84
  71                   CONDUIT     0.217     0  00:02      1.01    0.38    1.00
  72                   CONDUIT     0.194     0  00:06      1.08    0.92    0.62
  Sauser_L             CONDUIT     0.688     0  00:06      1.29    0.17    0.64
  75                   CONDUIT     0.082     0  00:03      2.80    0.83    0.63
  Entw_Sto_L           CONDUIT     0.121     0  00:05      4.76    2.80    1.00
  4                    CONDUIT    0.0238     0  00:02      0.85    1.07    1.00
  5                    CONDUIT    0.0206     0  00:02      0.85    0.74    1.00
  6                    CONDUIT    0.0334     0  00:05      1.32    0.50    0.75
  7                    CONDUIT     0.312     0  00:05      1.59    0.48    1.00
  Brunn_Teich_L        CONDUIT     0.306     0  00:05      1.31    0.23    0.66
  9                    CONDUIT   0.00581     0  00:00      1.46    0.00    0.50
  12                   CONDUIT      3.28     0  00:01      2.11    0.07    1.00
  15                   CONDUIT      6.33     0  00:00      3.46    0.16    1.00
  18                   CONDUIT      4.74     0  00:01      2.70    0.19    1.00
  19                   CONDUIT     0.775     0  00:02      1.13    0.74    1.00
  20                   CONDUIT       1.6     0  00:00      3.84    0.13    0.68
  21                   CONDUIT      1.33     0  00:05      0.24    0.01    0.73
  Hooliloch_L          CONDUIT      1.07     0  00:06      0.52    0.02    0.40
  23                   CONDUIT    0.0756     0  00:06      3.04    0.47    0.38
  25                   CONDUIT     0.142     0  00:06      0.89    0.12    0.53
  28                   CONDUIT    0.0753     0  00:06      1.80    0.00    0.02
  29                   CONDUIT     0.016     0  00:06      0.26    0.00    0.03
  31                   CONDUIT         0     0  00:00      0.00    0.00    0.02
  33                   CONDUIT     0.459     0  00:03      0.72    0.17    1.00
  37                   CONDUIT     0.246     0  00:06      0.53    0.01    0.12
  SS3_L                CONDUIT    0.0756     0  00:06      2.43    0.00    0.03
  40                   CONDUIT       1.3     0  00:00      1.69    0.01    0.14
  SS6_L                CONDUIT    0.0692     0  00:06      1.97    0.00    0.04
  1                    CONDUIT         0     0  00:00      0.00    0.00    0.01
  2                    CONDUIT         0     0  00:00      0.00    0.00    0.00
  3                    CONDUIT    0.0819     0  00:03      4.33    0.01    0.06
  10                   CONDUIT     0.139     0  00:06      0.33    0.00    0.11
  13                   CONDUIT     0.294     0  00:01      3.33    0.64    1.00
  22                   CONDUIT     0.264     0  00:06      2.75    0.65    1.00
  24                   CONDUIT      1.02     0  00:06      1.97    0.00    0.72
  30                   CONDUIT      1.01     0  00:06      1.97    0.42    0.72
  34                   CONDUIT     0.302     0  00:06      1.59    0.34    0.75
  36                   CONDUIT       0.3     0  00:06      5.28    0.32    0.29
  38                   CONDUIT     0.142     0  00:06      1.95    0.05    0.31
  48                   CONDUIT     0.779     0  00:04      2.39    0.52    0.63
  54                   CONDUIT         0     0  00:00      0.00    0.00    0.25
  68                   CONDUIT     0.234     0  00:06      0.93    0.00    0.09
  73                   CONDUIT       3.7     0  00:04      2.25    0.85    1.00
  TWT1                 CONDUIT         0     0  00:00      0.00    0.00    0.00
  TWT2                 CONDUIT         0     0  00:00      0.00    0.00    0.00
  TWT3                 CONDUIT         0     0  00:00      0.00    0.00    0.00
  TWT4                 CONDUIT         0     0  00:00      0.00    0.00    0.02
  1_2_b_               CONDUIT         0     0  00:00      0.00    0.00    0.00
  1_2_b_1              CONDUIT      10.8     0  00:05     18.68    2.92    0.69
  1_2_b_2              CONDUIT    0.0663     0  00:06      0.55    0.00    0.21
  1_2_b_3              CONDUIT     0.625     0  00:00      1.26    0.07    0.69
  1_2_b_6              CONDUIT    0.0719     0  00:06      0.59    0.00    0.21
  1_3_a_1              CONDUIT         0     0  00:00      0.00    0.00    0.26
  TWT5                 CONDUIT      3.93     0  00:06      7.66    0.00    0.05
  1_4_a                CONDUIT      7.68     0  00:05      9.60    0.03    0.18
  TWT6                 CONDUIT  0.000665     0  00:06      0.01    0.00    0.03
  1_4_b                CONDUIT      17.1     0  00:06     16.45    0.02    0.57
  TWT7                 CONDUIT    0.0201     0  00:05      2.53    0.00    0.00
  1_5_a                CONDUIT      1.49     0  00:05      0.94    0.00    0.51
  
  
  ***************************
  Flow Classification Summary
  ***************************
  
  -------------------------------------------------------------------------------------
                      Adjusted    ---------- Fraction of Time in Flow Class ---------- 
                       /Actual         Up    Down  Sub   Sup   Up    Down  Norm  Inlet 
  Conduit               Length    Dry  Dry   Dry   Crit  Crit  Crit  Crit  Ltd   Ctrl  
  -------------------------------------------------------------------------------------
  Brunn_Fassung_L         1.00   0.00  0.00  0.00  0.00  1.00  0.00  0.00  0.00  0.00
  11                      1.00   0.00  0.00  0.00  1.00  0.00  0.00  0.00  0.00  0.00
  14                      1.00   0.00  0.00  0.00  1.00  0.00  0.00  0.00  0.00  0.00
  16                      1.00   0.00  0.00  0.00  1.00  0.00  0.00  0.00  0.00  0.00
  17                      1.00   0.00  0.00  0.00  1.00  0.00  0.00  0.00  0.00  0.00
  26                      1.00   0.00  0.00  0.00  1.00  0.00  0.00  0.00  0.00  0.00
  27                      1.00   0.00  0.00  0.00  1.00  0.00  0.00  0.00  0.00  0.00
  Gischeren_L             1.00   1.00  0.00  0.00  0.00  0.00  0.00  0.00  0.00  0.00
  Schuettstein_L          1.00   0.00  0.00  0.00  1.00  0.00  0.00  0.00  0.00  0.00
  Brunnmuehle_L           1.00   0.00  0.00  0.00  1.00  0.00  0.00  0.00  0.00  0.00
  32                      1.00   1.00  0.00  0.00  0.00  0.00  0.00  0.00  0.00  0.00
  35                      1.00   0.00  1.00  0.00  0.00  0.00  0.00  0.00  0.00  0.00
  45                      1.00   0.00  0.00  0.00  1.00  0.00  0.00  0.00  1.00  0.00
  46                      1.00   0.00  0.00  0.00  1.00  0.00  0.00  0.00  0.00  0.00
  47                      1.00   0.00  0.00  0.00  1.00  0.00  0.00  0.00  0.00  0.00
  50                      1.00   0.00  0.00  0.00  1.00  0.00  0.00  0.00  0.00  0.00
  51                      1.00   0.00  0.00  0.00  1.00  0.00  0.00  0.00  0.00  0.00
  53                      1.00   0.00  0.00  0.00  1.00  0.00  0.00  0.00  0.00  0.00
  Fenster_L               1.00   0.00  0.00  0.00  0.00  1.00  0.00  0.00  0.00  0.00
  58                      1.00   0.00  0.00  0.00  0.00  1.00  0.00  0.00  0.00  0.00
  59                      1.00   0.00  0.00  0.00  0.00  1.00  0.00  0.00  0.00  0.00
  61                      1.00   0.00  0.00  0.00  1.00  0.00  0.00  0.00  0.00  0.00
  63                      1.00   0.00  0.00  0.00  1.00  0.00  0.00  0.00  0.00  0.00
  66                      1.00   0.00  0.00  0.00  1.00  0.00  0.00  0.00  0.00  0.00
  67                      1.00   0.00  0.00  0.00  1.00  0.00  0.00  0.00  0.00  0.00
  Amont_L                 1.00   0.00  0.00  0.00  1.00  0.00  0.00  0.00  0.00  0.00
  69                      1.00   0.00  0.00  0.00  1.00  0.00  0.00  0.00  0.00  0.00
  70                      1.00   0.00  0.00  0.00  1.00  0.00  0.00  0.00  0.00  0.00
  71                      1.00   0.00  0.00  0.00  1.00  0.00  0.00  0.00  0.00  0.00
  72                      1.00   0.00  0.00  0.00  1.00  0.00  0.00  0.00  0.00  0.00
  Sauser_L                1.00   0.00  0.00  0.00  1.00  0.00  0.00  0.00  0.00  0.00
  75                      1.00   0.00  0.00  0.00  0.00  1.00  0.00  0.00  0.00  0.00
  Entw_Sto_L              1.00   0.00  0.00  0.00  1.00  0.00  0.00  0.00  0.00  0.00
  4                       1.00   0.00  0.00  0.00  1.00  0.00  0.00  0.00  0.00  0.00
  5                       1.00   0.00  0.00  0.00  1.00  0.00  0.00  0.00  0.00  0.00
  6                       1.00   0.00  0.00  0.00  0.00  1.00  0.00  0.00  0.00  0.00
  7                       1.00   0.00  0.00  0.00  1.00  0.00  0.00  0.00  0.00  0.00
  Brunn_Teich_L           1.00   0.00  0.00  0.00  1.00  0.00  0.00  0.00  0.00  0.00
  9                       1.00   0.00  0.00  0.00  0.00  1.00  0.00  0.00  0.00  0.00
  12                      1.00   0.00  0.00  0.00  1.00  0.00  0.00  0.00  0.00  0.00
  15                      1.00   0.00  0.00  0.00  1.00  0.00  0.00  0.00  0.00  0.00
  18                      1.00   0.00  0.00  0.00  1.00  0.00  0.00  0.00  0.00  0.00
  19                      1.00   0.00  0.00  0.00  1.00  0.00  0.00  0.00  0.00  0.00
  20                      1.00   0.00  0.00  0.00  1.00  0.00  0.00  0.00  0.00  0.00
  21                      1.00   0.00  0.00  0.00  1.00  0.00  0.00  0.00  0.00  0.00
  Hooliloch_L             1.00   0.00  0.00  0.00  1.00  0.00  0.00  0.00  0.00  0.00
  23                      1.00   0.00  0.00  0.00  0.00  1.00  0.00  0.00  0.00  0.00
  25                      1.00   0.00  0.00  0.00  1.00  0.00  0.00  0.00  0.00  0.00
  28                      1.00   0.00  0.00  0.00  0.00  1.00  0.00  0.00  0.00  0.00
  29                      1.00   0.00  0.00  0.00  1.00  0.00  0.00  0.00  1.00  0.00
  31                      1.00   0.00  1.00  0.00  0.00  0.00  0.00  0.00  0.00  0.00
  33                      1.00   0.00  0.00  0.00  1.00  0.00  0.00  0.00  0.00  0.00
  37                      1.00   0.00  0.00  0.00  1.00  0.00  0.00  0.00  0.00  0.00
  SS3_L                   1.00   0.00  0.00  0.00  0.00  1.00  0.00  0.00  1.00  0.00
  40                      1.00   0.00  0.00  0.00  1.00  0.00  0.00  0.00  0.00  0.00
  SS6_L                   1.00   0.00  0.00  0.00  0.00  1.00  0.00  0.00  1.00  0.00
  1                       1.00   0.00  1.00  0.00  0.00  0.00  0.00  0.00  0.00  0.00
  2                       1.00   1.00  0.00  0.00  0.00  0.00  0.00  0.00  0.00  0.00
  3                       1.00   0.00  0.00  0.00  0.00  1.00  0.00  0.00  1.00  0.00
  10                      1.00   0.00  0.00  0.00  1.00  0.00  0.00  0.00  1.00  0.00
  13                      1.00   0.00  0.00  0.00  1.00  0.00  0.00  0.00  0.00  0.00
  22                      1.00   0.00  0.00  0.00  1.00  0.00  0.00  0.00  0.00  0.00
  24                      1.00   0.00  0.00  0.00  1.00  0.00  0.00  0.00  0.00  0.00
  30                      1.00   0.00  0.00  0.00  1.00  0.00  0.00  0.00  1.00  0.00
  34                      1.00   0.00  0.00  0.00  1.00  0.00  0.00  0.00  0.00  0.00
  36                      1.00   0.00  0.00  0.00  0.00  1.00  0.00  0.00  0.00  0.00
  38                      1.00   0.00  0.00  0.00  1.00  0.00  0.00  0.00  1.00  0.00
  48                      1.00   0.00  0.00  0.00  1.00  0.00  0.00  0.00  1.00  0.00
  54                      1.00   0.00  1.00  0.00  0.00  0.00  0.00  0.00  0.00  0.00
  68                      1.00   0.00  0.00  0.00  1.00  0.00  0.00  0.00  1.00  0.00
  73                      1.00   0.00  0.00  0.00  1.00  0.00  0.00  0.00  0.00  0.00
  TWT1                    1.00   1.00  0.00  0.00  0.00  0.00  0.00  0.00  0.00  0.00
  TWT2                    1.00   1.00  0.00  0.00  0.00  0.00  0.00  0.00  0.00  0.00
  TWT3                    1.00   1.00  0.00  0.00  0.00  0.00  0.00  0.00  0.00  0.00
  TWT4                    1.00   0.00  1.00  0.00  0.00  0.00  0.00  0.00  0.00  0.00
  1_2_b_                  1.00   1.00  0.00  0.00  0.00  0.00  0.00  0.00  0.00  0.00
  1_2_b_1                 1.00   0.00  0.00  0.00  0.00  1.00  0.00  0.00  0.00  0.00
  1_2_b_2                 1.00   0.00  0.00  0.00  1.00  0.00  0.00  0.00  1.00  0.00
  1_2_b_3                 1.00   0.00  0.00  0.00  1.00  0.00  0.00  0.00  0.00  0.00
  1_2_b_6                 1.00   0.00  0.00  0.00  1.00  0.00  0.00  0.00  1.00  0.00
  1_3_a_1                 1.00   0.00  1.00  0.00  0.00  0.00  0.00  0.00  0.00  0.00
  TWT5                    1.00   0.00  0.00  0.00  0.00  1.00  0.00  0.00  0.00  0.00
  1_4_a                   1.00   0.00  0.00  0.00  0.00  1.00  0.00  0.00  1.00  0.00
  TWT6                    1.00   0.00  0.00  0.00  1.00  0.00  0.00  0.00  1.00  0.00
  1_4_b                   1.00   0.00  0.00  0.00  1.00  0.00  0.00  0.00  1.00  0.00
  TWT7                    1.00   0.00  1.00  0.00  0.00  0.00  0.00  0.00  1.00  0.00
  1_5_a                   1.00   0.00  1.00  0.00  0.00  0.00  0.00  0.00  1.00  0.00
  
  
  *************************
  Conduit Surcharge Summary
  *************************
  
  ----------------------------------------------------------------------------
                                                           Hours        Hours 
                         --------- Hours Full --------   Above Full   Capacity
  Conduit                Both Ends  Upstream  Dnstream   Normal Flow   Limited
  ----------------------------------------------------------------------------
  Brunn_Fassung_L             0.01      0.01     24.00      0.01         0.01
  11                         23.99     23.99     23.99      0.01         0.01
  14                         23.99     23.99     23.99      0.07         0.01
  16                         24.00     24.00     24.00     23.99        23.99
  17                         24.00     24.00     24.00      0.01         0.01
  26                         23.99     23.99     23.99      0.01         0.01
  27                         23.99     23.99     23.99      0.01         0.01
  Schuettstein_L              0.01      0.01     23.97      0.01         0.01
  Brunnmuehle_L              24.00     24.00     24.00      0.01         0.01
  46                         24.00     24.00     24.00      0.01         0.01
  47                         24.00     24.00     24.00     24.00        24.00
  50                         23.97     23.97     23.98      0.01         0.01
  51                         23.98     23.98     23.99      0.01         0.01
  53                         24.00     24.00     24.00     23.98         0.01
  61                         23.98     23.98     23.99      0.01         0.01
  63                          0.01     23.96      0.01      0.01         0.01
  66                          0.01     23.93      0.01      0.01         0.01
  67                         23.99     23.99     24.00      0.01         0.01
  Amont_L                    24.00     24.00     24.00      0.01         0.01
  69                          0.01      0.01     24.00      0.01         0.01
  70                          0.01      0.01     24.00      0.01         0.01
  71                         23.96     23.96     23.99      0.01         0.01
  72                          0.01     23.94      0.01      0.01         0.01
  Sauser_L                    0.01      0.01     24.00      0.01         0.01
  75                          0.01     23.95      0.01      0.01         0.01
  Entw_Sto_L                 23.95     23.96     23.95     23.96        23.95
  4                          23.95     23.95     23.96      0.01         0.01
  5                          23.96     23.96     24.00      0.01         0.01
  6                           0.01      0.01     24.00      0.01         0.01
  7                          23.99     23.99     24.00      0.01         0.01
  Brunn_Teich_L               0.01      0.01     23.99      0.01         0.01
  9                           0.01      0.01     23.99      0.01         0.01
  12                         23.97     23.97     23.98      0.01         0.01
  15                         23.98     23.98     23.99      0.01         0.01
  18                         23.98     23.98     23.98      0.01         0.01
  19                         23.96     23.96     23.98      0.01         0.01
  25                          0.01      0.01     23.98      0.01         0.01
  33                         23.94     23.94     23.95      0.01         0.01
  13                         23.98     23.98     24.00      0.01         0.01
  22                         23.98     23.98     24.00      0.01         0.01
  24                          0.01      0.01     24.00      0.01         0.01
  30                          0.01      0.01     24.00      0.01         0.01
  34                          0.01      0.01     23.99      0.01         0.01
  73                          0.01     23.91      0.01      0.01         0.01
  1_2_b_1                     0.01      0.01     23.99     23.99         0.01
  1_2_b_3                     0.01      0.01     23.99      0.01         0.01
  1_4_b                       0.01      0.01     23.90      0.01         0.01
  1_5_a                       0.01      0.01      0.01      0.01         0.01
  

  Analysis begun on:  Fri Aug 14 14:18:50 2026
  Analysis ended on:  Fri Aug 14 14:18:52 2026
  Total elapsed time: 00:00:02