
  EPA STORM WATER MANAGEMENT MODEL - VERSION 5.2 (Build 5.2.4)
  ------------------------------------------------------------

  Brunnmuehle (Twann) 
  WARNING 08: elevation drop exceeds length for Conduit SS3_L
  WARNING 08: elevation drop exceeds length for Conduit SS6_L
  WARNING 08: elevation drop exceeds length for Conduit 2
  WARNING 08: elevation drop exceeds length for Conduit 3
  WARNING 08: elevation drop exceeds length for Conduit 68
  WARNING 08: elevation drop exceeds length for Conduit 1_2_b_
  WARNING 08: elevation drop exceeds length for Conduit 1_2_b_2
  WARNING 08: elevation drop exceeds length for Conduit 1_2_b_3
  WARNING 08: elevation drop exceeds length for Conduit 1_3_a_2
  WARNING 08: elevation drop exceeds length for Conduit 1_4_b
  WARNING 08: elevation drop exceeds length for Conduit 1_5_a
  WARNING 02: maximum depth increased for Node 2
  
  ****************
  Analysis Options
  ****************
  Flow Units ............... CMS
  Process Models:
    Rainfall/Runoff ........ NO
    RDII ................... NO
    Snowmelt ............... NO
    Groundwater ............ NO
    Flow Routing ........... YES
    Ponding Allowed ........ NO
    Water Quality .......... NO
  Flow Routing Method ...... DYNWAVE
  Surcharge Method ......... EXTRAN
  Starting Date ............ 01/01/2000 00:00:00
  Ending Date .............. 01/02/2000 00:00:00
  Antecedent Dry Days ...... 0.0
  Report Time Step ......... 01:00:00
  Routing Time Step ........ 0.50 sec
  Variable Time Step ....... YES
  Maximum Trials ........... 8
  Number of Threads ........ 1
  Head Tolerance ........... 0.001500 m
  
  
  **************************        Volume        Volume
  Flow Routing Continuity        hectare-m      10^6 ltr
  **************************     ---------     ---------
  Dry Weather Inflow .......         0.000         0.000
  Wet Weather Inflow .......         0.000         0.000
  Groundwater Inflow .......         0.000         0.000
  RDII Inflow ..............         0.000         0.000
  External Inflow ..........       133.343      1333.445
  External Outflow .........       126.282      1262.830
  Flooding Loss ............         0.000         0.000
  Evaporation Loss .........         0.000         0.000
  Exfiltration Loss ........         0.000         0.000
  Initial Stored Volume ....         0.058         0.577
  Final Stored Volume ......         0.508         5.080
  Continuity Error (%) .....         4.956
  
  
  *************************
  Highest Continuity Errors
  *************************
  Node TWT_Acces_LT_60+110 (-932.28%)
  Node Syst_Est_interm (100.00%)
  Node 2 (71.95%)
  Node SondeSchuettstein (44.67%)
  Node TWT_Intersection_Sonsto_60+345 (43.95%)
  
  
  ***************************
  Time-Step Critical Elements
  ***************************
  Link 1_4_a (16155.85%)
  
  
  ********************************
  Highest Flow Instability Indexes
  ********************************
  All links are stable.
  
  
  *********************************
  Most Frequent Nonconverging Nodes
  *********************************
  Node Brunnm_Fassung (34.14%)
  Node Brunnmuehle(Teich) (34.14%)
  Node Fensterstollen (34.14%)
  Node Gischeren (34.14%)
  Node Schuettstein (34.14%)
  
  
  *************************
  Routing Time Step Summary
  *************************
  Minimum Time Step           :     0.50 sec
  Average Time Step           :     0.50 sec
  Maximum Time Step           :     0.50 sec
  % of Time in Steady State   :    99.38
  Average Iterations per Step :     4.90
  % of Steps Not Converging   :    34.14
  Time Step Frequencies       :
      0.500 -  0.500 sec      :   100.00 %
      0.500 -  0.500 sec      :     0.00 %
      0.500 -  0.500 sec      :     0.00 %
      0.500 -  0.500 sec      :     0.00 %
      0.500 -  0.500 sec      :     0.00 %
  
  
  ******************
  Node Depth Summary
  ******************
  
  ---------------------------------------------------------------------------------
                                 Average  Maximum  Maximum  Time of Max    Reported
                                   Depth    Depth      HGL   Occurrence   Max Depth
  Node                 Type       Meters   Meters   Meters  days hr:min      Meters
  ---------------------------------------------------------------------------------
  9                    JUNCTION    37.26    37.29   475.79     0  00:08       37.29
  Holiloch_sonde       JUNCTION    35.75    35.79   475.79     0  00:08       35.79
  11                   JUNCTION    28.71    28.77   438.77     0  00:07       28.71
  13                   JUNCTION    37.82    37.85   475.85     0  00:08       37.85
  21                   JUNCTION    37.22    37.23   437.23     0  00:08       37.23
  SonSto_F             JUNCTION     0.65     0.66   438.46     0  00:08        0.66
  Sondierstollen       JUNCTION     0.00     0.00   440.80     0  00:00        0.00
  Aval_Trappe          JUNCTION     0.86     0.86   438.46     0  00:08        0.86
  30                   JUNCTION     0.75     0.76   438.06     0  00:08        0.76
  Gischeren_node       JUNCTION     0.00     0.00   476.50     0  00:00        0.00
  34                   JUNCTION    16.81    17.14   437.14     0  00:00       16.82
  38                   JUNCTION    17.49    17.50   437.50     0  00:08       17.50
  SS6                  JUNCTION     0.06     0.07   448.07     0  00:08        0.07
  40                   JUNCTION    19.80    19.81   438.81     0  00:08       19.81
  41                   JUNCTION    38.32    38.35   475.85     0  00:08       38.35
  SondeSchuettstein    JUNCTION    16.83    18.26   477.26     0  00:02       16.85
  SS4                  JUNCTION     0.06     0.07   448.07     0  00:04        0.06
  47                   JUNCTION    10.87    10.89   475.79     0  00:08       10.89
  48                   JUNCTION     4.84     6.45   477.45     0  00:02        4.85
  SondeGischeren       JUNCTION     0.28     0.28   465.28     0  00:08        0.28
  49                   JUNCTION     9.62     9.64   475.64     0  00:08        9.64
  50                   JUNCTION     0.17     0.17   463.17     0  00:08        0.17
  51                   JUNCTION    56.19    56.22   476.22     0  00:08       56.22
  Amont_C              JUNCTION    59.46    87.46   505.46     0  00:00       59.49
  52                   JUNCTION     0.26     0.26   457.26     0  00:08        0.26
  53                   JUNCTION     4.89     4.90   471.90     0  00:08        4.90
  54                   JUNCTION     1.06     1.07   464.07     0  00:08        1.07
  56                   JUNCTION     6.08     6.50   436.50     0  00:00        6.08
  2                    JUNCTION     0.07     0.07   438.07     0  00:08        0.07
  4                    JUNCTION     8.06     8.65   436.65     0  00:00        8.07
  5                    JUNCTION     3.28     3.29   475.79     0  00:08        3.29
  6                    JUNCTION    17.76    17.79   475.79     0  00:08       17.79
  7                    JUNCTION     0.78     0.78   475.78     0  00:08        0.78
  SS3                  JUNCTION     0.05     0.05   448.05     0  00:08        0.05
  SS5                  JUNCTION     0.49     0.49   439.39     0  00:08        0.49
  8                    JUNCTION     0.13     0.13   474.13     0  00:08        0.13
  10                   JUNCTION     7.62     7.64   475.64     0  00:08        7.64
  SonSto_SS5           JUNCTION     0.07     0.07   439.37     0  00:08        0.07
  SonSto_SS3           JUNCTION     0.07     0.08   439.78     0  00:08        0.08
  SonSto_SS4           JUNCTION     0.06     0.06   439.46     0  00:08        0.06
  Amont_Trappe         JUNCTION     0.76     0.76   438.46     0  00:08        0.76
  SonSto_SS6           JUNCTION     0.09     0.09   438.79     0  00:08        0.09
  SS2                  JUNCTION     0.00     0.00   448.00     0  00:00        0.00
  SonSto_SS2           JUNCTION     0.00     0.00   441.50     0  00:00        0.00
  12                   JUNCTION     9.75     9.76   458.76     0  00:08        9.76
  14                   JUNCTION     1.53     1.53   466.53     0  00:08        1.53
  15                   JUNCTION     0.23     0.24   472.24     0  00:08        0.24
  TWT_PointHaut_60+650 JUNCTION     0.00     0.00   438.50     0  00:00        0.00
  TWT_Fensterstollen_60+375 JUNCTION     1.33     1.33   438.63     0  00:08        1.33
  TWT_Acces_LT_60+110  JUNCTION     1.18     1.24   438.74     0  00:07        1.18
  TWT_Liaison_LT_59+738 JUNCTION     0.00     0.00   450.60     0  00:00        0.00
  Syst_Est_amont       JUNCTION     0.50     0.52   430.52     0  00:03        0.50
  Syst_Est_interm      JUNCTION     1.16     1.16   411.16     0  00:08        1.16
  TWT_Branche_Est_Sonsto_60+540 JUNCTION     0.00     0.00   442.40     0  00:00        0.00
  TWT_Intersection_Sonsto_60+345 JUNCTION     1.65     1.65   438.65     0  00:08        1.65
  TWT_Chrosweg_61+140  JUNCTION     0.00     0.00   432.00     0  00:00        0.00
  SonSto_F_sup         JUNCTION     0.04     0.04   448.04     0  00:08        0.04
  SonSto_porte         JUNCTION     0.15     0.15   438.65     0  00:08        0.15
  Brunnm_Fassung       OUTFALL      0.08     0.08   433.88     0  00:08        0.08
  Brunnmuehle(Teich)   OUTFALL      0.16     0.16   435.66     0  00:08        0.16
  Fensterstollen       OUTFALL      0.75     0.75   437.75     0  00:08        0.75
  Gischeren            OUTFALL      0.00     0.00   480.00     0  00:00        0.00
  Schuettstein         OUTFALL      0.00     0.00   477.55     0  00:00        0.00
  Holiloch             OUTFALL      0.00     0.00   476.50     0  00:00        0.00
  Sauserquelle         OUTFALL      0.24     0.24   435.79     0  00:08        0.24
  Entw_Stollen         OUTFALL      0.07     0.07   436.57     0  00:08        0.07
  Sous_lacustre        OUTFALL      0.09     0.09   429.29     0  00:08        0.09
  Sous_ecoul.          OUTFALL      0.00     0.00   433.00     0  00:00        0.00
  Syst_Est_aval        OUTFALL      0.00     0.00   429.00     0  00:00        0.00
  TWT_Portail_Est_61+665 OUTFALL      0.00     0.00   421.60     0  00:00        0.00
  
  
  *******************
  Node Inflow Summary
  *******************
  
  -------------------------------------------------------------------------------------------------
                                  Maximum  Maximum                  Lateral       Total        Flow
                                  Lateral    Total  Time of Max      Inflow      Inflow     Balance
                                   Inflow   Inflow   Occurrence      Volume      Volume       Error
  Node                 Type           CMS      CMS  days hr:min    10^6 ltr    10^6 ltr     Percent
  -------------------------------------------------------------------------------------------------
  9                    JUNCTION         0     8.63     0  00:00           0        54.5       0.260
  Holiloch_sonde       JUNCTION         0     7.75     0  00:00           0        34.2       0.322
  11                   JUNCTION         0    0.275     0  00:08           0        23.8      -0.021
  13                   JUNCTION         0     14.8     0  00:00           0    1.12e+03       0.028
  21                   JUNCTION         0     0.24     0  00:08           0        20.7       0.009
  SonSto_F             JUNCTION         0    0.765     0  00:02           0        34.9      12.509
  Sondierstollen       JUNCTION         0        0     0  00:00           0           0       0.000 ltr
  Aval_Trappe          JUNCTION         0     13.9     0  00:08           0     1.2e+03       0.108
  30                   JUNCTION         0       14     0  00:08           0     1.2e+03       0.168
  Gischeren_node       JUNCTION         0        0     0  00:00           0           0       0.000 ltr
  34                   JUNCTION         0    0.212     0  00:08           0        18.3       0.005
  38                   JUNCTION         0    0.162     0  00:00           0        5.93       0.002
  SS6                  JUNCTION         0    0.134     0  00:08           0        11.5       0.006
  40                   JUNCTION         0     1.31     0  00:08           0         113       0.011
  41                   JUNCTION         0     1.52     0  00:00           0      0.0793      48.665
  SondeSchuettstein    JUNCTION         0    0.422     0  00:01           0      0.0532      80.737
  SS4                  JUNCTION         0   0.0823     0  00:04           0        6.83       0.025
  47                   JUNCTION         0     3.15     0  00:01           0        21.8       0.588
  48                   JUNCTION         0    0.222     0  00:01           0      0.0291   11104.927
  SondeGischeren       JUNCTION         0   0.0933     0  00:08           0        8.04      24.338
  49                   JUNCTION         0    0.648     0  00:02           0        12.1       1.376
  50                   JUNCTION         0   0.0751     0  00:08           0        6.46       0.585
  51                   JUNCTION         0     28.4     0  00:00           0    1.27e+03       0.005
  Amont_C              JUNCTION      14.7     39.7     0  00:00    1.27e+03    1.27e+03       0.021
  52                   JUNCTION         0    0.182     0  00:08           0        15.7       6.394
  53                   JUNCTION         0    0.175     0  00:02           0          15      -0.203
  54                   JUNCTION         0    0.174     0  00:08           0          15      76.591
  56                   JUNCTION         0    0.481     0  00:08           0        41.5       0.001
  2                    JUNCTION         0   0.0485     0  00:08           0        4.17     256.489
  4                    JUNCTION         0     0.19     0  00:08           0        16.4       0.037
  5                    JUNCTION         0     1.71     0  00:01           0        21.7      43.915
  6                    JUNCTION         0     4.85     0  00:01           0        34.1       0.578
  7                    JUNCTION         0    0.325     0  00:05           0          1515048821.584 ltr
  SS3                  JUNCTION         0   0.0747     0  00:08           0        6.43       0.109
  SS5                  JUNCTION         0    0.137     0  00:08           0        11.8       0.440
  8                    JUNCTION         0   0.0942     0  00:08           0        8.12       0.999
  10                   JUNCTION         0    0.261     0  00:04           0        11.9       3.649
  SonSto_SS5           JUNCTION         0   0.0996     0  00:08           0        8.57       0.438
  SonSto_SS3           JUNCTION         0   0.0746     0  00:08           0        6.42       0.608
  SonSto_SS4           JUNCTION         0    0.153     0  00:08           0        13.2       0.098
  Amont_Trappe         JUNCTION         0    0.999     0  00:02           0        25.1       2.524
  SonSto_SS6           JUNCTION         0    0.233     0  00:08           0          20       0.207
  SS2                  JUNCTION         0        0     0  00:00           0           0       0.000 ltr
  SonSto_SS2           JUNCTION         0        0     0  00:00           0           0       0.000 ltr
  12                   JUNCTION         0    0.277     0  00:01           0        23.1       0.019
  14                   JUNCTION         0    0.894     0  00:08           0        77.1       0.297
  15                   JUNCTION         0    0.234     0  00:08           0        20.1       0.809
  TWT_PointHaut_60+650 JUNCTION         0        0     0  00:00           0           0       0.000 ltr
  TWT_Fensterstollen_60+375 JUNCTION         0     14.1     0  00:08           0    1.21e+03       3.240
  TWT_Acces_LT_60+110  JUNCTION         0     6.31     0  00:04           0        18.9     -90.313
  TWT_Liaison_LT_59+738 JUNCTION         0        0     0  00:00           0           0       0.000 ltr
  Syst_Est_amont       JUNCTION     0.735    0.735     0  00:00        63.5        63.5      -0.023
  Syst_Est_interm      JUNCTION         0    0.782     0  00:04           0        63.563511413.949 ltr
  TWT_Branche_Est_Sonsto_60+540 JUNCTION         0        0     0  00:00           0           0       0.000 ltr
  TWT_Intersection_Sonsto_60+345 JUNCTION         0     9.13     0  00:01           0         198      78.420
  TWT_Chrosweg_61+140  JUNCTION         0        0     0  00:00           0           0       0.000 ltr
  SonSto_F_sup         JUNCTION         0    0.232     0  00:08           0          20       0.063
  SonSto_porte         JUNCTION         0    0.231     0  00:07           0        16.8     662.578
  Brunnm_Fassung       OUTFALL          0   0.0216     0  00:08           0        1.86       0.000
  Brunnmuehle(Teich)   OUTFALL          0    0.185     0  00:08           0          16       0.000
  Fensterstollen       OUTFALL          0     13.9     0  00:08           0     1.2e+03       0.000
  Gischeren            OUTFALL          0        0     0  00:00           0           0       0.000 ltr
  Schuettstein         OUTFALL          0        0     0  00:00           0           0       0.000 ltr
  Holiloch             OUTFALL          0        0     0  00:00           0           0       0.000 ltr
  Sauserquelle         OUTFALL          0    0.481     0  00:08           0        41.5       0.000
  Entw_Stollen         OUTFALL          0   0.0136     0  00:08           0        1.17       0.000
  Sous_lacustre        OUTFALL          0   0.0282     0  00:08           0        2.43       0.000
  Sous_ecoul.          OUTFALL          0   0.0055     0  00:00           0       0.461       0.000
  Syst_Est_aval        OUTFALL          0        0     0  00:00           0           0       0.000 ltr
  TWT_Portail_Est_61+665 OUTFALL          0        0     0  00:00           0           0       0.000 ltr
  
  
  **********************
  Node Surcharge Summary
  **********************
  
  Surcharging occurs when water rises above the top of the highest conduit.
  ---------------------------------------------------------------------
                                               Max. Height   Min. Depth
                                   Hours       Above Crown    Below Rim
  Node                 Type      Surcharged         Meters       Meters
  ---------------------------------------------------------------------
  9                    JUNCTION       23.99         35.493       62.707
  Holiloch_sonde       JUNCTION       23.98         33.889      164.211
  11                   JUNCTION       24.00         27.769      121.231
  13                   JUNCTION       23.99         34.850      362.150
  21                   JUNCTION       24.00         36.628      112.772
  34                   JUNCTION       24.00         16.545       82.855
  38                   JUNCTION       24.00         16.902      132.498
  40                   JUNCTION       24.00         15.806       80.194
  41                   JUNCTION       23.99         37.500      211.650
  SondeSchuettstein    JUNCTION       23.97         17.457        0.000
  47                   JUNCTION       23.97          8.986       89.114
  48                   JUNCTION       23.96          5.651       93.549
  49                   JUNCTION       23.93          1.645      190.355
  51                   JUNCTION       24.00         52.221      343.779
  Amont_C              JUNCTION       24.00         84.465      312.535
  56                   JUNCTION       24.00          5.504       93.496
  4                    JUNCTION       23.98          8.003       91.347
  6                    JUNCTION       23.97         12.786      182.214
  12                   JUNCTION       23.97          9.410      190.240
  
  
  *********************
  Node Flooding Summary
  *********************
  
  No nodes were flooded.
  
  
  ***********************
  Outfall Loading Summary
  ***********************
  
  -----------------------------------------------------------
                         Flow       Avg       Max       Total
                         Freq      Flow      Flow      Volume
  Outfall Node           Pcnt       CMS       CMS    10^6 ltr
  -----------------------------------------------------------
  Brunnm_Fassung        99.93    0.0215    0.0216       1.860
  Brunnmuehle(Teich)    99.93     0.185     0.185      15.954
  Fensterstollen        99.95      13.9      13.9    1199.415
  Gischeren              0.00         0         0       0.000
  Schuettstein           0.00         0         0       0.000
  Holiloch               0.00         0         0       0.000
  Sauserquelle          99.97     0.481     0.481      41.531
  Entw_Stollen          99.81    0.0136    0.0136       1.171
  Sous_lacustre         99.97    0.0282    0.0282       2.432
  Sous_ecoul.           99.93   0.00534    0.0055       0.461
  Syst_Est_aval          0.00         0         0       0.000
  TWT_Portail_Est_61+665   0.00         0         0       0.000
  -----------------------------------------------------------
  System                58.29      14.6      14.7    1262.825
  
  
  ********************
  Link Flow Summary
  ********************
  
  -----------------------------------------------------------------------------
                                 Maximum  Time of Max   Maximum    Max/    Max/
                                  |Flow|   Occurrence   |Veloc|    Full    Full
  Link                 Type          CMS  days hr:min     m/sec    Flow   Depth
  -----------------------------------------------------------------------------
  Brunn_Fassung_L      CONDUIT    0.0216     0  00:08      1.01    0.36    0.71
  11                   CONDUIT      7.75     0  00:00      4.57    1.16    1.00
  14                   CONDUIT      8.63     0  00:00      6.36    4.69    1.00
  16                   CONDUIT     0.275     0  00:08      3.22    1.92    1.00
  17                   CONDUIT     0.162     0  00:00      0.57    0.28    1.00
  26                   CONDUIT      1.52     0  00:00      2.69    2.06    1.00
  27                   CONDUIT    0.0726     0  00:02      1.91    0.93    1.00
  Gischeren_L          CONDUIT         0     0  00:00      0.00    0.00    0.00
  Schuettstein_L       CONDUIT         0     0  00:00      0.00    0.00    0.50
  Brunnmuehle_L        CONDUIT     0.212     0  00:08      0.75    0.10    1.00
  32                   CONDUIT         0     0  00:00      0.00    0.00    0.00
  35                   CONDUIT         0     0  00:00      0.00    0.00    0.12
  45                   CONDUIT     0.232     0  00:08      0.69    0.00    0.12
  46                   CONDUIT     0.481     0  00:08      1.70    0.48    1.00
  47                   CONDUIT    0.0981     0  00:08      2.58    6.12    1.00
  50                   CONDUIT     0.222     0  00:01      0.86    0.04    1.00
  51                   CONDUIT    0.0639     0  00:06      0.68    0.18    1.00
  53                   CONDUIT     0.162     0  00:00      0.98    0.83    1.00
  Fenster_L            CONDUIT      13.9     0  00:08     10.01    0.14    0.25
  58                   CONDUIT      13.9     0  00:08      9.05    0.18    0.27
  59                   CONDUIT    0.0992     0  00:08      1.81    0.00    0.03
  61                   CONDUIT     0.422     0  00:01      1.91    0.59    1.00
  63                   CONDUIT     0.134     0  00:08      2.01    0.60    0.52
  66                   CONDUIT    0.0751     0  00:08      1.37    0.99    0.75
  67                   CONDUIT      14.8     0  00:00      3.97    0.15    1.00
  Amont_L              CONDUIT      28.4     0  00:00      4.02    1.54    1.00
  69                   CONDUIT     0.182     0  00:08      1.64    0.71    0.83
  70                   CONDUIT     0.172     0  00:08      1.54    0.53    0.83
  71                   CONDUIT     0.175     0  00:02      0.87    0.31    1.00
  72                   CONDUIT     0.174     0  00:08      1.00    0.83    0.60
  Sauser_L             CONDUIT     0.481     0  00:08      0.94    0.12    0.62
  75                   CONDUIT    0.0823     0  00:04      2.80    0.84    0.63
  Entw_Sto_L           CONDUIT    0.0136     0  00:08      1.49    0.31    0.39
  4                    CONDUIT    0.0193     0  00:08      1.29    0.86    0.69
  5                    CONDUIT    0.0035     0  00:08      0.19    0.12    0.70
  6                    CONDUIT    0.0282     0  00:08      1.15    0.42    0.73
  7                    CONDUIT      0.19     0  00:08      1.05    0.29    1.00
  Brunn_Teich_L        CONDUIT     0.185     0  00:08      0.85    0.14    0.63
  9                    CONDUIT    0.0055     0  00:00      1.38    0.00    0.50
  12                   CONDUIT      1.71     0  00:01      1.12    0.04    1.00
  15                   CONDUIT      4.85     0  00:01      2.70    0.13    1.00
  18                   CONDUIT      3.15     0  00:01      1.96    0.13    1.00
  19                   CONDUIT     0.648     0  00:02      1.10    0.62    1.00
  20                   CONDUIT     0.603     0  00:02      1.65    0.05    0.81
  21                   CONDUIT     0.325     0  00:05      0.08    0.00    0.41
  Hooliloch_L          CONDUIT         0     0  00:00      0.00    0.00    0.10
  23                   CONDUIT    0.0747     0  00:08      3.03    0.47    0.38
  25                   CONDUIT    0.0942     0  00:08      0.60    0.08    0.53
  28                   CONDUIT    0.0742     0  00:08      1.79    0.00    0.02
  29                   CONDUIT    0.0158     0  00:08      0.61    0.00    0.02
  31                   CONDUIT         0     0  00:00      0.00    0.00    0.01
  33                   CONDUIT     0.261     0  00:04      0.68    0.10    0.98
  37                   CONDUIT    0.0838     0  00:08      0.25    0.00    0.09
  SS3_L                CONDUIT    0.0746     0  00:08      2.42    0.00    0.03
  40                   CONDUIT     0.649     0  00:02      0.85    0.00    0.18
  SS6_L                CONDUIT     0.134     0  00:08      4.33    0.00    0.04
  1                    CONDUIT         0     0  00:00      0.00    0.00    0.01
  2                    CONDUIT         0     0  00:00      0.00    0.00    0.00
  3                    CONDUIT    0.0823     0  00:04      4.66    0.01    0.06
  10                   CONDUIT     0.137     0  00:08      1.44    0.00    0.09
  13                   CONDUIT     0.277     0  00:01      2.98    0.60    1.00
  22                   CONDUIT     0.268     0  00:08      2.78    0.66    1.00
  24                   CONDUIT     0.894     0  00:08      1.80    0.00    0.69
  30                   CONDUIT     0.892     0  00:08      1.79    0.37    0.69
  34                   CONDUIT     0.234     0  00:08      1.29    0.26    0.71
  36                   CONDUIT     0.232     0  00:08      5.00    0.25    0.25
  38                   CONDUIT    0.0933     0  00:08      1.47    0.03    0.20
  48                   CONDUIT     0.782     0  00:04      2.41    0.52    0.75
  54                   CONDUIT         0     0  00:00      0.00    0.00    0.39
  68                   CONDUIT     0.173     0  00:08      0.71    0.00    0.12
  73                   CONDUIT    0.0257     0  00:08      0.38    0.01    0.05
  TWT1                 CONDUIT         0     0  00:00      0.00    0.00    0.00
  TWT2                 CONDUIT         0     0  00:00      0.00    0.00    0.00
  TWT3                 CONDUIT         0     0  00:00      0.00    0.00    0.00
  TWT4                 CONDUIT         0     0  00:00      0.00    0.00    0.08
  1_2_b_               CONDUIT         0     0  00:00      0.00    0.00    0.00
  1_2_b_1              CONDUIT      12.1     0  00:08     16.08    7.32    1.00
  1_2_b_2              CONDUIT    0.0587     0  00:08      0.14    0.00    0.52
  1_2_b_3              CONDUIT     0.836     0  00:06      1.06    0.10    1.00
  1_3_a_2              CONDUIT         0     0  00:00      0.00    0.00    0.50
  TWT5                 CONDUIT      9.13     0  00:01      4.80    0.01    0.19
  1_4_a                CONDUIT      13.6     0  00:08      5.83    0.21    0.36
  TWT6                 CONDUIT      6.11     0  00:04      1.63    0.02    0.18
  1_4_b                CONDUIT     0.231     0  00:07      0.15    0.00    0.30
  1_4_b_1              CONDUIT     0.205     0  00:03      0.46    0.02    1.00
  TWT7                 CONDUIT         0     0  00:00      0.00    0.00    0.08
  1_5_a                CONDUIT         0     0  00:00      0.00    0.00    0.02
  
  
  ***************************
  Flow Classification Summary
  ***************************
  
  -------------------------------------------------------------------------------------
                      Adjusted    ---------- Fraction of Time in Flow Class ---------- 
                       /Actual         Up    Down  Sub   Sup   Up    Down  Norm  Inlet 
  Conduit               Length    Dry  Dry   Dry   Crit  Crit  Crit  Crit  Ltd   Ctrl  
  -------------------------------------------------------------------------------------
  Brunn_Fassung_L         1.00   0.00  0.00  0.00  1.00  0.00  0.00  0.00  0.00  0.00
  11                      1.00   0.00  0.00  0.00  1.00  0.00  0.00  0.00  0.00  0.00
  14                      1.00   0.00  0.00  0.00  1.00  0.00  0.00  0.00  0.00  0.00
  16                      1.00   0.00  0.00  0.00  1.00  0.00  0.00  0.00  0.00  0.00
  17                      1.00   0.00  0.00  0.00  1.00  0.00  0.00  0.00  0.00  0.00
  26                      1.00   0.00  0.00  0.00  1.00  0.00  0.00  0.00  0.00  0.00
  27                      1.00   0.00  0.00  0.00  1.00  0.00  0.00  0.00  0.00  0.00
  Gischeren_L             1.00   1.00  0.00  0.00  0.00  0.00  0.00  0.00  0.00  0.00
  Schuettstein_L          1.00   0.00  1.00  0.00  0.00  0.00  0.00  0.00  0.00  0.00
  Brunnmuehle_L           1.00   0.00  0.00  0.00  1.00  0.00  0.00  0.00  0.00  0.00
  32                      1.00   1.00  0.00  0.00  0.00  0.00  0.00  0.00  0.00  0.00
  35                      1.00   0.00  1.00  0.00  0.00  0.00  0.00  0.00  0.00  0.00
  45                      1.00   0.00  0.00  0.00  1.00  0.00  0.00  0.00  1.00  0.00
  46                      1.00   0.00  0.00  0.00  1.00  0.00  0.00  0.00  0.00  0.00
  47                      1.00   0.00  0.00  0.00  1.00  0.00  0.00  0.00  0.00  0.00
  50                      1.00   0.00  0.00  0.00  1.00  0.00  0.00  0.00  0.00  0.00
  51                      1.00   0.00  0.00  0.00  1.00  0.00  0.00  0.00  0.00  0.00
  53                      1.00   0.00  0.00  0.00  1.00  0.00  0.00  0.00  0.00  0.00
  Fenster_L               1.00   0.00  0.00  0.00  0.00  1.00  0.00  0.00  0.00  0.00
  58                      1.00   0.00  0.00  0.00  0.00  1.00  0.00  0.00  1.00  0.00
  59                      1.00   0.00  0.00  0.00  0.00  1.00  0.00  0.00  1.00  0.00
  61                      1.00   0.00  0.00  0.00  1.00  0.00  0.00  0.00  0.00  0.00
  63                      1.00   0.00  0.00  0.00  1.00  0.00  0.00  0.00  0.00  0.00
  66                      1.00   0.00  0.00  0.00  1.00  0.00  0.00  0.00  0.00  0.00
  67                      1.00   0.00  0.00  0.00  1.00  0.00  0.00  0.00  0.00  0.00
  Amont_L                 1.00   0.00  0.00  0.00  1.00  0.00  0.00  0.00  0.00  0.00
  69                      1.00   0.00  0.00  0.00  1.00  0.00  0.00  0.00  0.00  0.00
  70                      1.00   0.00  0.00  0.00  1.00  0.00  0.00  0.00  0.00  0.00
  71                      1.00   0.00  0.00  0.00  1.00  0.00  0.00  0.00  0.00  0.00
  72                      1.00   0.00  0.00  0.00  1.00  0.00  0.00  0.00  0.00  0.00
  Sauser_L                1.00   0.00  0.00  0.00  1.00  0.00  0.00  0.00  0.00  0.00
  75                      1.00   0.00  0.00  0.00  0.00  1.00  0.00  0.00  0.00  0.00
  Entw_Sto_L              1.00   0.00  0.00  0.00  0.00  1.00  0.00  0.00  0.00  0.00
  4                       1.00   0.00  0.00  0.00  1.00  0.00  0.00  0.00  0.00  0.00
  5                       1.00   0.00  0.00  0.00  1.00  0.00  0.00  0.00  0.00  0.00
  6                       1.00   0.00  0.00  0.00  1.00  0.00  0.00  0.00  0.00  0.00
  7                       1.00   0.00  0.00  0.00  1.00  0.00  0.00  0.00  0.00  0.00
  Brunn_Teich_L           1.00   0.00  0.00  0.00  1.00  0.00  0.00  0.00  0.00  0.00
  9                       1.00   0.00  0.00  0.00  0.00  1.00  0.00  0.00  0.00  0.00
  12                      1.00   0.00  0.00  0.00  1.00  0.00  0.00  0.00  0.00  0.00
  15                      1.00   0.00  0.00  0.00  1.00  0.00  0.00  0.00  0.00  0.00
  18                      1.00   0.00  0.00  0.00  1.00  0.00  0.00  0.00  0.00  0.00
  19                      1.00   0.00  0.00  0.00  1.00  0.00  0.00  0.00  0.00  0.00
  20                      1.00   0.00  0.00  0.00  1.00  0.00  0.00  0.00  0.00  0.00
  21                      1.00   0.00  0.00  0.00  1.00  0.00  0.00  0.00  0.00  0.00
  Hooliloch_L             1.00   0.00  1.00  0.00  0.00  0.00  0.00  0.00  0.00  0.00
  23                      1.00   0.00  0.00  0.00  0.00  1.00  0.00  0.00  0.00  0.00
  25                      1.00   0.00  0.00  0.00  1.00  0.00  0.00  0.00  0.00  0.00
  28                      1.00   0.00  0.00  0.00  0.00  1.00  0.00  0.00  0.00  0.00
  29                      1.00   0.00  0.00  0.00  1.00  0.00  0.00  0.00  1.00  0.00
  31                      1.00   0.00  1.00  0.00  0.00  0.00  0.00  0.00  0.00  0.00
  33                      1.00   0.00  0.00  0.00  1.00  0.00  0.00  0.00  0.00  0.00
  37                      1.00   0.00  0.00  0.00  1.00  0.00  0.00  0.00  0.00  0.00
  SS3_L                   1.00   0.00  0.00  0.00  0.00  1.00  0.00  0.00  1.00  0.00
  40                      1.00   0.00  0.00  0.00  1.00  0.00  0.00  0.00  0.00  0.00
  SS6_L                   1.00   0.00  0.00  0.00  0.00  1.00  0.00  0.00  1.00  0.00
  1                       1.00   0.00  1.00  0.00  0.00  0.00  0.00  0.00  0.00  0.00
  2                       1.00   1.00  0.00  0.00  0.00  0.00  0.00  0.00  0.00  0.00
  3                       1.00   0.00  0.00  0.00  0.00  1.00  0.00  0.00  0.99  0.00
  10                      1.00   0.00  0.00  0.00  1.00  0.00  0.00  0.00  1.00  0.00
  13                      1.00   0.00  0.00  0.00  1.00  0.00  0.00  0.00  0.00  0.00
  22                      1.00   0.00  0.00  0.00  1.00  0.00  0.00  0.00  0.00  0.00
  24                      1.00   0.00  0.00  0.00  1.00  0.00  0.00  0.00  0.00  0.00
  30                      1.00   0.00  0.00  0.00  1.00  0.00  0.00  0.00  1.00  0.00
  34                      1.00   0.00  0.00  0.00  1.00  0.00  0.00  0.00  0.00  0.00
  36                      1.00   0.00  0.00  0.00  0.00  1.00  0.00  0.00  0.00  0.00
  38                      1.00   0.00  0.00  0.00  1.00  0.00  0.00  0.00  1.00  0.00
  48                      1.00   0.00  0.00  0.00  1.00  0.00  0.00  0.00  1.00  0.00
  54                      1.00   0.00  1.00  0.00  0.00  0.00  0.00  0.00  0.00  0.00
  68                      1.00   0.00  0.00  0.00  1.00  0.00  0.00  0.00  1.00  0.00
  73                      1.00   0.00  0.00  0.00  0.99  0.00  0.00  0.00  0.00  0.00
  TWT1                    1.00   1.00  0.00  0.00  0.00  0.00  0.00  0.00  0.00  0.00
  TWT2                    1.00   1.00  0.00  0.00  0.00  0.00  0.00  0.00  0.00  0.00
  TWT3                    1.00   1.00  0.00  0.00  0.00  0.00  0.00  0.00  0.00  0.00
  TWT4                    1.00   0.00  1.00  0.00  0.00  0.00  0.00  0.00  0.00  0.00
  1_2_b_                  1.00   1.00  0.00  0.00  0.00  0.00  0.00  0.00  0.00  0.00
  1_2_b_1                 1.00   0.00  0.00  0.00  1.00  0.00  0.00  0.00  0.00  0.00
  1_2_b_2                 1.00   0.00  0.00  0.00  1.00  0.00  0.00  0.00  1.00  0.00
  1_2_b_3                 1.00   0.00  0.00  0.00  1.00  0.00  0.00  0.00  0.00  0.00
  1_3_a_2                 1.00   0.00  1.00  0.00  0.00  0.00  0.00  0.00  0.00  0.00
  TWT5                    1.00   0.00  0.00  0.00  1.00  0.00  0.00  0.00  0.00  0.00
  1_4_a                   1.00   0.00  0.00  0.00  0.00  1.00  0.00  0.00  0.00  0.00
  TWT6                    1.00   0.00  0.00  0.00  1.00  0.00  0.00  0.00  0.00  0.00
  1_4_b                   1.00   0.00  0.00  0.00  0.99  0.00  0.00  0.00  0.00  0.00
  1_4_b_1                 1.00   0.00  0.00  0.00  1.00  0.00  0.00  0.00  0.00  0.00
  TWT7                    1.00   0.00  1.00  0.00  0.00  0.00  0.00  0.00  0.00  0.00
  1_5_a                   1.00   0.00  1.00  0.00  0.00  0.00  0.00  0.00  0.00  0.00
  
  
  *************************
  Conduit Surcharge Summary
  *************************
  
  ----------------------------------------------------------------------------
                                                           Hours        Hours 
                         --------- Hours Full --------   Above Full   Capacity
  Conduit                Both Ends  Upstream  Dnstream   Normal Flow   Limited
  ----------------------------------------------------------------------------
  Brunn_Fassung_L             0.01      0.01     24.00      0.01         0.01
  11                         23.98     23.98     23.99      0.01         0.01
  14                         23.99     23.99     23.99      0.02         0.01
  16                         24.00     24.00     24.00     23.99        23.99
  17                         24.00     24.00     24.00      0.01         0.01
  26                         23.99     23.99     23.99      0.01         0.01
  27                         23.96     23.96     23.97      0.01         0.01
  Brunnmuehle_L              24.00     24.00     24.00      0.01         0.01
  46                         24.00     24.00     24.00      0.01         0.01
  47                         24.00     24.00     24.00     24.00        24.00
  50                         23.96     23.96     23.97      0.01         0.01
  51                         23.91     23.91     23.97      0.01         0.01
  53                         24.00     24.00     24.00      0.01         0.01
  61                         23.97     23.97     23.99      0.01         0.01
  63                          0.01     23.96      0.01      0.01         0.01
  67                         23.99     23.99     24.00      0.01         0.01
  Amont_L                    24.00     24.00     24.00      0.01         0.01
  69                          0.01      0.01     24.00      0.01         0.01
  70                          0.01      0.01     24.00      0.01         0.01
  71                         23.95     23.95     23.97      0.01         0.01
  Sauser_L                    0.01      0.01     24.00      0.01         0.01
  75                          0.01     23.93      0.01      0.01         0.01
  4                           0.01     23.94      0.01      0.01         0.01
  5                           0.01      0.01     24.00      0.01         0.01
  6                           0.01      0.01     24.00      0.01         0.01
  7                          23.99     23.99     24.00      0.01         0.01
  Brunn_Teich_L               0.01      0.01     23.98      0.01         0.01
  9                           0.01      0.01     23.98      0.01         0.01
  12                         23.93     23.93     23.97      0.01         0.01
  15                         23.98     23.98     23.98      0.01         0.01
  18                         23.97     23.97     23.97      0.01         0.01
  19                         23.95     23.95     23.97      0.01         0.01
  25                          0.01      0.01     23.96      0.01         0.01
  33                          0.01      0.01     23.93      0.01         0.01
  13                         23.97     23.97     24.00      0.01         0.01
  22                         23.97     23.97     24.00      0.01         0.01
  24                          0.01      0.01     24.00      0.01         0.01
  30                          0.01      0.01     24.00      0.01         0.01
  34                          0.01      0.01     23.99      0.01         0.01
  48                          0.01      0.01     23.87      0.01         0.01
  1_2_b_1                    23.95     23.99     23.95     23.99        23.95
  1_2_b_2                     0.01      0.01     23.95      0.01         0.01
  1_2_b_3                    23.95     23.95     24.00      0.01         0.01
  1_4_b_1                    23.91     23.91     24.00      0.01         0.01
  

  Analysis begun on:  Fri Jul 10 13:04:58 2026
  Analysis ended on:  Fri Jul 10 13:05:00 2026
  Total elapsed time: 00:00:02