
  EPA STORM WATER MANAGEMENT MODEL - VERSION 5.2 (Build 5.2.4)
  ------------------------------------------------------------

  Brunnmuehle (Twann) 
  WARNING 08: elevation drop exceeds length for Conduit SS3_L
  WARNING 08: elevation drop exceeds length for Conduit SS6_L
  WARNING 08: elevation drop exceeds length for Conduit 2
  WARNING 08: elevation drop exceeds length for Conduit 3
  WARNING 08: elevation drop exceeds length for Conduit 68
  WARNING 08: elevation drop exceeds length for Conduit 1_2_b_
  WARNING 08: elevation drop exceeds length for Conduit 1_2_b_2
  WARNING 08: elevation drop exceeds length for Conduit 1_4_b
  WARNING 08: elevation drop exceeds length for Conduit 1_5_a
  WARNING 04: minimum elevation drop used for Conduit 1_7_a
  WARNING 08: elevation drop exceeds length for Conduit 1_7_a_
  WARNING 08: elevation drop exceeds length for Conduit 1_7_a__
  WARNING 02: maximum depth increased for Node 2
  
  ****************
  Analysis Options
  ****************
  Flow Units ............... CMS
  Process Models:
    Rainfall/Runoff ........ NO
    RDII ................... NO
    Snowmelt ............... NO
    Groundwater ............ NO
    Flow Routing ........... YES
    Ponding Allowed ........ NO
    Water Quality .......... NO
  Flow Routing Method ...... DYNWAVE
  Surcharge Method ......... EXTRAN
  Starting Date ............ 01/01/2000 00:00:00
  Ending Date .............. 01/02/2000 00:00:00
  Antecedent Dry Days ...... 0.0
  Report Time Step ......... 01:00:00
  Routing Time Step ........ 0.50 sec
  Variable Time Step ....... YES
  Maximum Trials ........... 8
  Number of Threads ........ 1
  Head Tolerance ........... 0.001500 m
  
  
  **************************        Volume        Volume
  Flow Routing Continuity        hectare-m      10^6 ltr
  **************************     ---------     ---------
  Dry Weather Inflow .......         0.000         0.000
  Wet Weather Inflow .......         0.000         0.000
  Groundwater Inflow .......         0.000         0.000
  RDII Inflow ..............         0.000         0.000
  External Inflow ..........       195.026      1950.277
  External Outflow .........       184.982      1849.838
  Flooding Loss ............         0.000         0.000
  Evaporation Loss .........         0.000         0.000
  Exfiltration Loss ........         0.000         0.000
  Initial Stored Volume ....         0.056         0.562
  Final Stored Volume ......         0.420         4.202
  Continuity Error (%) .....         4.962
  
  
  *************************
  Highest Continuity Errors
  *************************
  Node TWT_Acces_LT_60+110 (100.00%)
  Node 54 (76.92%)
  Node TWT_Chrosweg_61+140 (53.87%)
  Node TWT_Fensterstollen_60+375 (-48.22%)
  Node TWT_Intersection_Sonsto_60+345 (39.04%)
  
  
  ***************************
  Time-Step Critical Elements
  ***************************
  Link 1_7_a_ (20498.10%)
  Link 20 (51.90%)
  Link 1_8_a (17.38%)
  
  
  ********************************
  Highest Flow Instability Indexes
  ********************************
  All links are stable.
  
  
  *********************************
  Most Frequent Nonconverging Nodes
  *********************************
  Node Brunnm_Fassung (67.98%)
  Node Brunnmuehle(Teich) (67.98%)
  Node Fensterstollen (67.98%)
  Node Gischeren (67.98%)
  Node Schuettstein (67.98%)
  
  
  *************************
  Routing Time Step Summary
  *************************
  Minimum Time Step           :     0.50 sec
  Average Time Step           :     0.50 sec
  Maximum Time Step           :     0.50 sec
  % of Time in Steady State   :    99.51
  Average Iterations per Step :     7.74
  % of Steps Not Converging   :    67.98
  Time Step Frequencies       :
      0.500 -  0.500 sec      :   100.00 %
      0.500 -  0.500 sec      :     0.00 %
      0.500 -  0.500 sec      :     0.00 %
      0.500 -  0.500 sec      :     0.00 %
      0.500 -  0.500 sec      :     0.00 %
  
  
  ******************
  Node Depth Summary
  ******************
  
  ---------------------------------------------------------------------------------
                                 Average  Maximum  Maximum  Time of Max    Reported
                                   Depth    Depth      HGL   Occurrence   Max Depth
  Node                 Type       Meters   Meters   Meters  days hr:min      Meters
  ---------------------------------------------------------------------------------
  9                    JUNCTION    51.68    67.87   506.37     0  00:00       51.70
  Holiloch_sonde       JUNCTION    44.99    57.90   497.90     0  00:00       45.01
  11                   JUNCTION    58.92    59.98   469.98     0  00:00       58.93
  13                   JUNCTION    77.59    80.55   518.55     0  00:02       77.61
  21                   JUNCTION    41.57    41.85   441.85     0  00:04       41.58
  SonSto_F             JUNCTION     0.13     0.14   437.94     0  00:06        0.13
  Sondierstollen       JUNCTION     0.00     0.00   440.80     0  00:00        0.00
  Aval_Trappe          JUNCTION     0.30     0.33   437.93     0  00:06        0.30
  30                   JUNCTION     0.47     0.47   437.77     0  00:06        0.47
  Gischeren_node       JUNCTION     3.92     3.94   480.44     0  00:06        3.94
  34                   JUNCTION    19.97    20.17   440.17     0  00:04       19.98
  38                   JUNCTION    26.64    26.89   446.89     0  00:04       26.65
  SS6                  JUNCTION     0.07     0.07   448.07     0  00:02        0.07
  40                   JUNCTION    21.43    24.44   443.44     0  00:01       21.43
  41                   JUNCTION    77.47    89.01   526.51     0  00:00       77.49
  SondeSchuettstein    JUNCTION    25.32    27.72   486.72     0  00:00       25.33
  SS4                  JUNCTION     0.06     0.06   448.06     0  00:07        0.06
  47                   JUNCTION    15.22    19.09   483.99     0  00:00       15.23
  48                   JUNCTION    12.58    14.53   485.53     0  00:00       12.59
  SondeGischeren       JUNCTION    15.43    15.47   480.47     0  00:06       15.46
  49                   JUNCTION    15.82    17.89   483.89     0  00:02       15.84
  50                   JUNCTION     8.79     8.83   471.83     0  00:06        8.82
  51                   JUNCTION    96.31   100.54   520.54     0  00:00       96.33
  Amont_C              JUNCTION   101.03   105.25   523.25     0  00:00      101.05
  52                   JUNCTION     0.43     0.43   457.43     0  00:07        0.43
  53                   JUNCTION    20.49    39.53   506.53     0  00:00       20.48
  54                   JUNCTION     4.96     4.98   467.98     0  00:07        4.98
  56                   JUNCTION     6.23     6.64   436.64     0  00:01        6.23
  2                    JUNCTION     0.01     0.01   438.01     0  00:07        0.01
  4                    JUNCTION     8.87    10.27   438.27     0  00:00        8.88
  5                    JUNCTION     6.55     6.61   479.11     0  00:02        6.55
  6                    JUNCTION    24.01    29.58   487.58     0  00:00       24.03
  7                    JUNCTION     4.03     4.08   479.08     0  00:02        4.03
  SS3                  JUNCTION     0.08     0.08   448.08     0  00:06        0.08
  SS5                  JUNCTION     0.61     0.61   439.51     0  00:07        0.61
  8                    JUNCTION     6.65     6.68   480.68     0  00:06        6.67
  10                   JUNCTION    13.80    15.94   483.94     0  00:02       13.82
  SonSto_SS5           JUNCTION     0.13     0.13   439.43     0  00:07        0.13
  SonSto_SS3           JUNCTION     0.11     0.11   439.81     0  00:06        0.11
  SonSto_SS4           JUNCTION     0.08     0.08   439.48     0  00:07        0.08
  Amont_Trappe         JUNCTION     0.21     0.24   437.94     0  00:06        0.21
  SonSto_SS6           JUNCTION     0.13     0.13   438.83     0  00:03        0.13
  SS2                  JUNCTION     0.00     0.00   448.00     0  00:00        0.00
  SonSto_SS2           JUNCTION     0.00     0.00   441.50     0  00:00        0.00
  12                   JUNCTION    31.90    36.84   485.84     0  00:00       31.91
  14                   JUNCTION    23.99    32.13   497.13     0  00:01       24.01
  15                   JUNCTION     0.48     0.49   472.49     0  00:02        0.48
  TWT_PointHaut_60+749 JUNCTION     0.18     0.18   438.68     0  00:04        0.18
  TWT_Fensterstollen_60+375 JUNCTION     0.70     0.73   438.03     0  00:06        0.70
  TWT_Acces_LT_60+110  JUNCTION     0.46     0.46   437.96     0  00:07        0.46
  TWT_Liaison_LT_59+738 JUNCTION     0.00     0.00   446.50     0  00:00        0.00
  Syst_Est_amont       JUNCTION     6.45    16.94   446.94     0  00:06        6.47
  Syst_Est_interm      JUNCTION    20.25    86.66   496.66     0  00:06       20.34
  TWT_Branche_Est_Sonsto_60+540 JUNCTION     0.46     0.57   438.97     0  00:01        0.46
  TWT_Intersection_Sonsto_60+345 JUNCTION     0.88     1.07   438.07     0  00:05        0.88
  TWT_Chrosweg_61+140  JUNCTION     0.14     0.14   432.14     0  00:07        0.14
  SonSto_F_sup         JUNCTION     0.05     0.05   448.05     0  00:02        0.05
  SonSto_porte         JUNCTION     0.00     0.00   438.50     0  00:00        0.00
  Brunnm_Fassung       OUTFALL      0.10     0.10   433.90     0  00:04        0.10
  Brunnmuehle(Teich)   OUTFALL      0.24     0.24   435.74     0  00:04        0.24
  Fensterstollen       OUTFALL      0.46     0.46   437.46     0  00:07        0.46
  Gischeren            OUTFALL      0.24     0.24   480.24     0  00:06        0.24
  Schuettstein         OUTFALL      0.31     0.32   477.87     0  00:02        0.31
  Holiloch             OUTFALL      2.00     2.03   478.53     0  00:02        2.00
  Sauserquelle         OUTFALL      0.26     0.27   435.82     0  00:01        0.26
  Entw_Stollen         OUTFALL      0.01     0.01   436.51     0  00:07        0.01
  Sous_lacustre        OUTFALL      0.11     0.11   429.31     0  00:04        0.11
  Sous_ecoul.          OUTFALL      0.00     0.00   433.00     0  00:00        0.00
  Syst_Est_aval        OUTFALL      0.40     0.47   429.47     0  00:06        0.40
  TWT_Portail_Est_61+665 OUTFALL      0.14     0.14   421.74     0  00:07        0.14
  CentraleVentilation_1C OUTFALL      0.25     0.25   454.25     0  00:07        0.25
  
  
  *******************
  Node Inflow Summary
  *******************
  
  -------------------------------------------------------------------------------------------------
                                  Maximum  Maximum                  Lateral       Total        Flow
                                  Lateral    Total  Time of Max      Inflow      Inflow     Balance
                                   Inflow   Inflow   Occurrence      Volume      Volume       Error
  Node                 Type           CMS      CMS  days hr:min    10^6 ltr    10^6 ltr     Percent
  -------------------------------------------------------------------------------------------------
  9                    JUNCTION         0     19.3     0  00:00           0    1.13e+03       0.010
  Holiloch_sonde       JUNCTION         0     17.1     0  00:00           0    1.07e+03       0.012
  11                   JUNCTION         0    0.323     0  00:00           0        26.7      -0.000
  13                   JUNCTION         0     21.4     0  00:00           0    1.57e+03       0.013
  21                   JUNCTION         0    0.469     0  00:04           0        39.6      -0.005
  SonSto_F             JUNCTION         0    0.756     0  00:06           0        64.7      -3.202
  Sondierstollen       JUNCTION         0        0     0  00:00           0           0       0.000 ltr
  Aval_Trappe          JUNCTION         0     1.48     0  00:06           0         123      -1.044
  30                   JUNCTION         0     5.05     0  00:07           0         435      -1.043
  Gischeren_node       JUNCTION         0    0.728     0  00:05           0        58.4       0.047
  34                   JUNCTION         0    0.431     0  00:04           0        36.4      -0.001
  38                   JUNCTION         0    0.312     0  00:00           0        25.3       0.004
  SS6                  JUNCTION         0    0.172     0  00:02           0          14       0.002
  40                   JUNCTION         0     2.79     0  00:02           0         237      -0.000
  41                   JUNCTION         0      5.8     0  00:00           0        70.9       0.036
  SondeSchuettstein    JUNCTION         0     1.03     0  00:00           0        70.8       0.032
  SS4                  JUNCTION         0   0.0889     0  00:07           0        7.67       0.079
  47                   JUNCTION         0     13.7     0  00:00           0    1.06e+03      -0.007
  48                   JUNCTION         0    0.913     0  00:00           0        70.8      -0.003
  SondeGischeren       JUNCTION         0    0.516     0  00:02           0        34.7       0.179
  49                   JUNCTION         0     1.19     0  00:01           0        14.1       1.066
  50                   JUNCTION         0    0.182     0  00:02           0        13.6       0.017
  51                   JUNCTION         0     38.2     0  00:00           0    1.86e+03      -0.003
  Amont_C              JUNCTION      21.5     46.6     0  00:00    1.86e+03    1.86e+03       0.014
  52                   JUNCTION         0    0.343     0  00:04           0        27.5       4.253
  53                   JUNCTION         0    0.585     0  00:00           0        39.9       0.019
  54                   JUNCTION         0    0.463     0  00:07           0        39.9     333.330
  56                   JUNCTION         0    0.638     0  00:01           0        51.6       0.000
  2                    JUNCTION         0   0.0341     0  00:07           0        2.94       0.203
  4                    JUNCTION         0    0.396     0  00:04           0        33.4       0.018
  5                    JUNCTION         0       13     0  00:00           0    1.06e+03       0.009
  6                    JUNCTION         0     15.4     0  00:00           0    1.07e+03       0.019
  7                    JUNCTION         0     12.9     0  00:02           0    1.06e+03       0.036
  SS3                  JUNCTION         0    0.158     0  00:06           0        13.6      -0.000
  SS5                  JUNCTION         0    0.287     0  00:07           0        24.8       0.079
  8                    JUNCTION         0    0.885     0  00:03           0        72.1       0.139
  10                   JUNCTION         0    0.973     0  00:01           0          14      -0.530
  SonSto_SS5           JUNCTION         0    0.313     0  00:07           0          27       0.040
  SonSto_SS3           JUNCTION         0    0.158     0  00:06           0        13.6       0.011
  SonSto_SS4           JUNCTION         0    0.246     0  00:07           0        21.3       0.038
  Amont_Trappe         JUNCTION         0    0.734     0  00:07           0        63.4      -1.158
  SonSto_SS6           JUNCTION         0    0.475     0  00:07           0          41       0.024
  SS2                  JUNCTION         0        0     0  00:00           0           0       0.000 ltr
  SonSto_SS2           JUNCTION         0        0     0  00:00           0           0       0.000 ltr
  12                   JUNCTION         0    0.523     0  00:00           0          33       0.010
  14                   JUNCTION         0     2.84     0  00:01           0         192       0.022
  15                   JUNCTION         0     0.68     0  00:02           0        57.1       0.009
  TWT_PointHaut_60+749 JUNCTION         0     1.22     0  00:06           0        88.7       9.252
  TWT_Fensterstollen_60+375 JUNCTION         0     5.76     0  00:06           0         376     -32.533
  TWT_Acces_LT_60+110  JUNCTION         0     2.04     0  00:06           0         11914783662.339
  TWT_Liaison_LT_59+738 JUNCTION         0        0     0  00:00           0           0       0.000 ltr
  Syst_Est_amont       JUNCTION      1.08     1.49     0  00:06        92.9         113       0.114
  Syst_Est_interm      JUNCTION         0     1.48     0  00:06           0        71.2       0.556
  TWT_Branche_Est_Sonsto_60+540 JUNCTION         0     5.35     0  00:03           0         458       0.020
  TWT_Intersection_Sonsto_60+345 JUNCTION         0     4.73     0  00:02           0         190      64.049
  TWT_Chrosweg_61+140  JUNCTION         0     1.27     0  00:06           0         103     116.786
  SonSto_F_sup         JUNCTION         0    0.672     0  00:02           0        57.1       0.001
  SonSto_porte         JUNCTION         0        0     0  00:00           0           0       0.000 ltr
  Brunnm_Fassung       OUTFALL          0   0.0352     0  00:04           0        2.98       0.000
  Brunnmuehle(Teich)   OUTFALL          0     0.39     0  00:04           0        32.9       0.000
  Fensterstollen       OUTFALL          0      5.1     0  00:07           0         440       0.000
  Gischeren            OUTFALL          0    0.678     0  00:06           0        58.3       0.000
  Schuettstein         OUTFALL          0    0.852     0  00:02           0        70.8       0.000
  Holiloch             OUTFALL          0     12.7     0  00:02           0    1.06e+03       0.000
  Sauserquelle         OUTFALL          0    0.627     0  00:01           0        51.6       0.000
  Entw_Stollen         OUTFALL          0 0.000332     0  00:07           0      0.0286       0.000
  Sous_lacustre        OUTFALL          0   0.0379     0  00:04           0        3.23       0.000
  Sous_ecoul.          OUTFALL          0  0.00617     0  00:00           0       0.519       0.000
  Syst_Est_aval        OUTFALL          0     1.13     0  00:06           0        70.8       0.000
  TWT_Portail_Est_61+665 OUTFALL          0     0.55     0  00:07           0        47.4       0.000
  CentraleVentilation_1C OUTFALL          0    0.141     0  00:07           0        12.1       0.000
  
  
  **********************
  Node Surcharge Summary
  **********************
  
  Surcharging occurs when water rises above the top of the highest conduit.
  ---------------------------------------------------------------------
                                               Max. Height   Min. Depth
                                   Hours       Above Crown    Below Rim
  Node                 Type      Surcharged         Meters       Meters
  ---------------------------------------------------------------------
  9                    JUNCTION       23.99         66.069       32.131
  Holiloch_sonde       JUNCTION       23.99         55.995      142.105
  11                   JUNCTION       24.00         59.515       90.025
  13                   JUNCTION       23.99         77.548      319.452
  21                   JUNCTION       24.00         41.247      108.153
  34                   JUNCTION       24.00         19.566       79.834
  38                   JUNCTION       24.00         26.291      123.109
  40                   JUNCTION       24.00         20.437       75.563
  41                   JUNCTION       23.99         88.162      160.988
  SondeSchuettstein    JUNCTION       23.99         26.917        0.000
  47                   JUNCTION       23.99         17.195       80.905
  48                   JUNCTION       23.99         13.729       85.471
  SondeGischeren       JUNCTION       23.96         14.271       84.529
  49                   JUNCTION       23.97          9.892      182.108
  50                   JUNCTION       23.95          8.528      191.172
  51                   JUNCTION       24.00         96.541      299.459
  Amont_C              JUNCTION       24.00        102.245      294.755
  53                   JUNCTION       23.98         34.532      160.468
  56                   JUNCTION       24.00          5.644       93.356
  4                    JUNCTION       23.99          9.618       89.732
  5                    JUNCTION       23.98          1.610       43.390
  6                    JUNCTION       23.99         24.585      170.415
  8                    JUNCTION       23.91          1.679      193.321
  10                   JUNCTION       23.97          7.937      184.063
  12                   JUNCTION       23.99         36.486      163.164
  14                   JUNCTION       23.98         28.129      167.871
  Syst_Est_amont       JUNCTION       23.89         15.940       83.060
  Syst_Est_interm      JUNCTION       23.89         85.157       13.343
  
  
  *********************
  Node Flooding Summary
  *********************
  
  No nodes were flooded.
  
  
  ***********************
  Outfall Loading Summary
  ***********************
  
  -----------------------------------------------------------
                         Flow       Avg       Max       Total
                         Freq      Flow      Flow      Volume
  Outfall Node           Pcnt       CMS       CMS    10^6 ltr
  -----------------------------------------------------------
  Brunnm_Fassung        99.96    0.0345    0.0352       2.976
  Brunnmuehle(Teich)    99.96     0.381      0.39      32.885
  Fensterstollen        99.95      5.09       5.1     439.534
  Gischeren             99.59     0.678     0.678      58.337
  Schuettstein          99.95      0.82     0.852      70.804
  Holiloch              99.92      12.3      12.7    1059.648
  Sauserquelle          99.98     0.597     0.627      51.577
  Entw_Stollen          99.96  0.000332  0.000332       0.029
  Sous_lacustre         99.99    0.0374    0.0379       3.229
  Sous_ecoul.           99.96   0.00601   0.00617       0.519
  Syst_Est_aval         99.55     0.823      1.13      70.779
  TWT_Portail_Est_61+665  99.96     0.549      0.55      47.382
  CentraleVentilation_1C  99.97      0.14     0.141      12.131
  -----------------------------------------------------------
  System                99.90      21.4      21.5    1849.829
  
  
  ********************
  Link Flow Summary
  ********************
  
  -----------------------------------------------------------------------------
                                 Maximum  Time of Max   Maximum    Max/    Max/
                                  |Flow|   Occurrence   |Veloc|    Full    Full
  Link                 Type          CMS  days hr:min     m/sec    Flow   Depth
  -----------------------------------------------------------------------------
  Brunn_Fassung_L      CONDUIT    0.0352     0  00:04      1.49    0.58    0.77
  11                   CONDUIT      17.1     0  00:00      9.01    2.55    1.00
  14                   CONDUIT      19.3     0  00:00     13.22   10.49    1.00
  16                   CONDUIT     0.323     0  00:00      3.78    2.25    1.00
  17                   CONDUIT     0.314     0  00:00      1.11    0.54    1.00
  26                   CONDUIT       5.8     0  00:00     10.42    7.86    1.00
  27                   CONDUIT    0.0439     0  00:04      1.34    0.56    0.81
  Gischeren_L          CONDUIT     0.678     0  00:06      0.96    0.09    0.60
  Schuettstein_L       CONDUIT     0.852     0  00:02      4.97    0.73    0.82
  Brunnmuehle_L        CONDUIT     0.431     0  00:04      1.52    0.20    1.00
  32                   CONDUIT         0     0  00:00      0.00    0.00    0.00
  35                   CONDUIT     0.354     0  00:04      0.44    0.06    1.00
  45                   CONDUIT     0.482     0  00:06      5.50    0.00    0.04
  46                   CONDUIT     0.638     0  00:01      2.26    0.64    1.00
  47                   CONDUIT     0.144     0  00:00      3.78    8.96    1.00
  50                   CONDUIT     0.913     0  00:00      3.45    0.17    1.00
  51                   CONDUIT    0.0908     0  00:01      1.10    0.25    1.00
  53                   CONDUIT     0.312     0  00:00      1.87    1.58    1.00
  Fenster_L            CONDUIT       5.1     0  00:07      7.34    0.05    0.16
  58                   CONDUIT      1.52     0  00:06      3.06    0.02    0.13
  59                   CONDUIT     0.313     0  00:07      3.02    0.00    0.04
  61                   CONDUIT      1.03     0  00:00      5.12    1.45    1.00
  63                   CONDUIT     0.172     0  00:02      2.37    0.77    0.52
  66                   CONDUIT     0.182     0  00:02      2.77    2.39    1.00
  67                   CONDUIT      21.4     0  00:00      5.54    0.21    1.00
  Amont_L              CONDUIT      38.2     0  00:00      5.40    2.07    1.00
  69                   CONDUIT     0.343     0  00:04      2.96    1.34    1.00
  70                   CONDUIT     0.176     0  00:04      1.45    0.55    1.00
  71                   CONDUIT     0.585     0  00:00      2.56    1.03    1.00
  72                   CONDUIT     0.463     0  00:07      2.15    2.19    1.00
  Sauser_L             CONDUIT     0.627     0  00:01      1.19    0.16    0.64
  75                   CONDUIT    0.0889     0  00:07      2.78    0.90    0.63
  Entw_Sto_L           CONDUIT  0.000332     0  00:07      0.50    0.01    0.06
  4                    CONDUIT    0.0179     0  00:07      1.28    0.80    0.53
  5                    CONDUIT    0.0163     0  00:02      1.19    0.58    0.53
  6                    CONDUIT    0.0379     0  00:04      1.46    0.57    0.77
  7                    CONDUIT     0.396     0  00:04      2.02    0.61    1.00
  Brunn_Teich_L        CONDUIT      0.39     0  00:04      1.61    0.30    0.69
  9                    CONDUIT   0.00617     0  00:00      1.55    0.00    0.50
  12                   CONDUIT        13     0  00:00      7.06    0.27    1.00
  15                   CONDUIT      15.4     0  00:00      7.29    0.40    1.00
  18                   CONDUIT      13.7     0  00:00      6.85    0.55    1.00
  19                   CONDUIT      1.19     0  00:01      1.58    1.13    1.00
  20                   CONDUIT     0.745     0  00:04      5.20    0.06    0.28
  21                   CONDUIT      12.9     0  00:02      1.22    0.09    0.91
  Hooliloch_L          CONDUIT      12.7     0  00:02      1.80    0.25    0.75
  23                   CONDUIT     0.158     0  00:06      3.37    0.99    0.63
  25                   CONDUIT     0.885     0  00:03      3.08    0.72    1.00
  28                   CONDUIT     0.158     0  00:06      2.44    0.00    0.03
  29                   CONDUIT    0.0254     0  00:07      0.63    0.00    0.03
  31                   CONDUIT     0.503     0  00:05      0.79    0.31    0.89
  33                   CONDUIT     0.973     0  00:01      0.90    0.37    1.00
  37                   CONDUIT     0.287     0  00:07      0.58    0.01    0.12
  SS3_L                CONDUIT     0.158     0  00:06      3.05    0.00    0.05
  40                   CONDUIT     0.734     0  00:07      2.28    0.00    0.05
  SS6_L                CONDUIT     0.172     0  00:02      4.16    0.00    0.05
  1                    CONDUIT         0     0  00:00      0.00    0.00    0.02
  2                    CONDUIT         0     0  00:00      0.00    0.00    0.00
  3                    CONDUIT    0.0888     0  00:07      4.57    0.01    0.07
  10                   CONDUIT     0.221     0  00:07      0.49    0.00    0.11
  13                   CONDUIT     0.523     0  00:00      5.84    1.13    1.00
  22                   CONDUIT     0.388     0  00:02      4.03    0.96    1.00
  24                   CONDUIT      2.84     0  00:01      4.21    0.00    1.00
  30                   CONDUIT      2.26     0  00:02      3.14    0.95    1.00
  34                   CONDUIT      0.68     0  00:02      2.96    0.76    0.94
  36                   CONDUIT     0.672     0  00:02      6.00    0.72    0.49
  38                   CONDUIT     0.516     0  00:02      3.04    0.19    1.00
  48                   CONDUIT      1.48     0  00:06      2.61    0.99    1.00
  54                   CONDUIT      1.13     0  00:06      0.89    0.21    0.67
  68                   CONDUIT     0.278     0  00:02      9.22    0.00    0.03
  73                   CONDUIT         0     0  00:00      0.00    0.00    0.00
  TWT1                 CONDUIT      0.55     0  00:07      2.82    0.00    0.02
  1_1_a_1              CONDUIT     0.569     0  00:06      4.34    1.28    0.64
  TWT2                 CONDUIT     0.714     0  00:07      3.33    0.00    0.02
  1_1_b_1              CONDUIT     0.357     0  00:04      2.50    0.29    0.68
  TWT3                 CONDUIT      1.12     0  00:02      1.71    0.00    0.04
  TWT4                 CONDUIT      5.34     0  00:02      4.13    0.01    0.07
  1_2_b_               CONDUIT         0     0  00:00      0.00    0.00    0.09
  1_2_b_2              CONDUIT    0.0687     0  00:02      1.47    0.02    0.55
  TWT5                 CONDUIT      4.73     0  00:02      3.77    0.01    0.10
  1_4_a                CONDUIT     0.762     0  00:06      0.93    0.01    0.18
  TWT6                 CONDUIT      2.01     0  00:06      0.92    0.01    0.09
  1_4_b                CONDUIT         0     0  00:00      0.00    0.00    0.18
  TWT7                 CONDUIT         0     0  00:00      0.00    0.00    0.03
  1_5_a                CONDUIT         0     0  00:00      0.00    0.00    0.00
  1_7_a                CONDUIT      3.57     0  00:07      2.77    0.81    0.12
  1_7_a_               CONDUIT     0.325     0  00:02      3.18    0.02    0.55
  1_7_a__              CONDUIT       2.1     0  00:02     10.80    0.31    1.00
  1_7_a_1              CONDUIT      2.93     0  00:03     16.27   14.90    1.00
  1_8_a                CONDUIT    0.0337     0  00:07      3.93    0.00    0.05
  CV_1C_to_52          CONDUIT     0.141     0  00:07      0.98    0.85    0.69
  
  
  ***************************
  Flow Classification Summary
  ***************************
  
  -------------------------------------------------------------------------------------
                      Adjusted    ---------- Fraction of Time in Flow Class ---------- 
                       /Actual         Up    Down  Sub   Sup   Up    Down  Norm  Inlet 
  Conduit               Length    Dry  Dry   Dry   Crit  Crit  Crit  Crit  Ltd   Ctrl  
  -------------------------------------------------------------------------------------
  Brunn_Fassung_L         1.00   0.00  0.00  0.00  0.00  1.00  0.00  0.00  0.00  0.00
  11                      1.00   0.00  0.00  0.00  1.00  0.00  0.00  0.00  0.00  0.00
  14                      1.00   0.00  0.00  0.00  1.00  0.00  0.00  0.00  0.00  0.00
  16                      1.00   0.00  0.00  0.00  1.00  0.00  0.00  0.00  0.00  0.00
  17                      1.00   0.00  0.00  0.00  1.00  0.00  0.00  0.00  0.00  0.00
  26                      1.00   0.00  0.00  0.00  1.00  0.00  0.00  0.00  0.00  0.00
  27                      1.00   0.00  0.00  0.00  1.00  0.00  0.00  0.00  0.00  0.00
  Gischeren_L             1.00   0.00  0.00  0.00  1.00  0.00  0.00  0.00  0.00  0.00
  Schuettstein_L          1.00   0.00  0.00  0.00  0.00  1.00  0.00  0.00  0.00  0.00
  Brunnmuehle_L           1.00   0.00  0.00  0.00  1.00  0.00  0.00  0.00  0.00  0.00
  32                      1.00   1.00  0.00  0.00  0.00  0.00  0.00  0.00  0.00  0.00
  35                      1.00   0.00  0.00  0.00  1.00  0.00  0.00  0.00  0.00  0.00
  45                      1.00   0.00  0.00  0.00  0.00  1.00  0.00  0.00  1.00  0.00
  46                      1.00   0.00  0.00  0.00  1.00  0.00  0.00  0.00  0.00  0.00
  47                      1.00   0.00  0.00  0.00  1.00  0.00  0.00  0.00  0.00  0.00
  50                      1.00   0.00  0.00  0.00  1.00  0.00  0.00  0.00  0.00  0.00
  51                      1.00   0.00  0.00  0.00  1.00  0.00  0.00  0.00  0.00  0.00
  53                      1.00   0.00  0.00  0.00  1.00  0.00  0.00  0.00  0.00  0.00
  Fenster_L               1.00   0.00  0.00  0.00  0.00  1.00  0.00  0.00  0.00  0.00
  58                      1.00   0.00  0.00  0.00  0.00  1.00  0.00  0.00  0.00  0.00
  59                      1.00   0.00  0.00  0.00  0.00  1.00  0.00  0.00  1.00  0.00
  61                      1.00   0.00  0.00  0.00  1.00  0.00  0.00  0.00  0.00  0.00
  63                      1.00   0.00  0.00  0.00  1.00  0.00  0.00  0.00  0.00  0.00
  66                      1.00   0.00  0.00  0.00  1.00  0.00  0.00  0.00  0.00  0.00
  67                      1.00   0.00  0.00  0.00  1.00  0.00  0.00  0.00  0.00  0.00
  Amont_L                 1.00   0.00  0.00  0.00  1.00  0.00  0.00  0.00  0.00  0.00
  69                      1.00   0.00  0.00  0.00  1.00  0.00  0.00  0.00  0.00  0.00
  70                      1.00   0.00  0.00  0.00  1.00  0.00  0.00  0.00  0.00  0.00
  71                      1.00   0.00  0.00  0.00  1.00  0.00  0.00  0.00  0.00  0.00
  72                      1.00   0.00  0.00  0.00  1.00  0.00  0.00  0.00  0.00  0.00
  Sauser_L                1.00   0.00  0.00  0.00  1.00  0.00  0.00  0.00  0.00  0.00
  75                      1.00   0.00  0.00  0.00  0.00  1.00  0.00  0.00  0.00  0.00
  Entw_Sto_L              1.00   0.00  0.00  0.00  0.00  1.00  0.00  0.00  0.00  0.00
  4                       1.00   0.00  0.00  0.00  0.00  1.00  0.00  0.00  0.00  0.00
  5                       1.00   0.00  0.00  0.00  0.00  1.00  0.00  0.00  0.00  0.00
  6                       1.00   0.00  0.00  0.00  0.00  1.00  0.00  0.00  0.00  0.00
  7                       1.00   0.00  0.00  0.00  1.00  0.00  0.00  0.00  0.00  0.00
  Brunn_Teich_L           1.00   0.00  0.00  0.00  1.00  0.00  0.00  0.00  0.00  0.00
  9                       1.00   0.00  0.00  0.00  0.00  1.00  0.00  0.00  0.00  0.00
  12                      1.00   0.00  0.00  0.00  1.00  0.00  0.00  0.00  0.00  0.00
  15                      1.00   0.00  0.00  0.00  1.00  0.00  0.00  0.00  0.00  0.00
  18                      1.00   0.00  0.00  0.00  1.00  0.00  0.00  0.00  0.00  0.00
  19                      1.00   0.00  0.00  0.00  1.00  0.00  0.00  0.00  0.00  0.00
  20                      1.00   0.00  0.00  0.00  0.00  1.00  0.00  0.00  0.00  0.00
  21                      1.00   0.00  0.00  0.00  1.00  0.00  0.00  0.00  0.00  0.00
  Hooliloch_L             1.00   0.00  0.00  0.00  1.00  0.00  0.00  0.00  0.00  0.00
  23                      1.00   0.00  0.00  0.00  0.00  1.00  0.00  0.00  0.00  0.00
  25                      1.00   0.00  0.00  0.00  1.00  0.00  0.00  0.00  0.00  0.00
  28                      1.00   0.00  0.00  0.00  0.00  1.00  0.00  0.00  0.00  0.00
  29                      1.00   0.00  0.00  0.00  1.00  0.00  0.00  0.00  1.00  0.00
  31                      1.00   0.00  0.00  0.00  1.00  0.00  0.00  0.00  0.00  0.00
  33                      1.00   0.00  0.00  0.00  1.00  0.00  0.00  0.00  0.00  0.00
  37                      1.00   0.00  0.00  0.00  1.00  0.00  0.00  0.00  0.00  0.00
  SS3_L                   1.00   0.00  0.00  0.00  0.00  1.00  0.00  0.00  1.00  0.00
  40                      1.00   0.00  0.00  0.00  0.00  1.00  0.00  0.00  0.00  0.00
  SS6_L                   1.00   0.00  0.00  0.00  0.00  1.00  0.00  0.00  1.00  0.00
  1                       1.00   0.00  1.00  0.00  0.00  0.00  0.00  0.00  0.00  0.00
  2                       1.00   1.00  0.00  0.00  0.00  0.00  0.00  0.00  0.00  0.00
  3                       1.00   0.00  0.00  0.00  0.00  1.00  0.00  0.00  1.00  0.00
  10                      1.00   0.00  0.00  0.00  1.00  0.00  0.00  0.00  1.00  0.00
  13                      1.00   0.00  0.00  0.00  1.00  0.00  0.00  0.00  0.00  0.00
  22                      1.00   0.00  0.00  0.00  1.00  0.00  0.00  0.00  0.00  0.00
  24                      1.00   0.00  0.00  0.00  1.00  0.00  0.00  0.00  0.00  0.00
  30                      1.00   0.00  0.00  0.00  1.00  0.00  0.00  0.00  0.00  0.00
  34                      1.00   0.00  0.00  0.00  1.00  0.00  0.00  0.00  0.00  0.00
  36                      1.00   0.00  0.00  0.00  0.00  1.00  0.00  0.00  0.00  0.00
  38                      1.00   0.00  0.00  0.00  1.00  0.00  0.00  0.00  0.00  0.00
  48                      1.00   0.00  0.00  0.00  1.00  0.00  0.00  0.00  0.00  0.00
  54                      1.00   0.00  0.00  0.00  1.00  0.00  0.00  0.00  0.00  0.00
  68                      1.00   0.00  0.00  0.00  0.00  1.00  0.00  0.00  1.00  0.00
  73                      1.00   0.00  1.00  0.00  0.00  0.00  0.00  0.00  0.00  0.00
  TWT1                    1.00   0.00  0.00  0.00  0.00  1.00  0.00  0.00  0.00  0.00
  1_1_a_1                 1.00   0.00  0.00  0.00  0.00  1.00  0.00  0.00  0.00  0.00
  TWT2                    1.00   0.00  0.00  0.00  0.00  1.00  0.00  0.00  0.00  0.00
  1_1_b_1                 1.00   0.00  0.00  0.00  1.00  0.00  0.00  0.00  0.00  0.00
  TWT3                    1.00   0.00  0.00  0.00  0.00  1.00  0.00  0.00  0.00  0.00
  TWT4                    1.00   0.00  0.00  0.00  0.00  1.00  0.00  0.00  1.00  0.00
  1_2_b_                  1.00   0.00  1.00  0.00  0.00  0.00  0.00  0.00  0.00  0.00
  1_2_b_2                 1.00   0.00  0.00  0.00  1.00  0.00  0.00  0.00  1.00  0.00
  TWT5                    1.00   0.00  0.00  0.00  1.00  0.00  0.00  0.00  0.00  0.00
  1_4_a                   1.00   0.00  0.00  0.00  1.00  0.00  0.00  0.00  0.00  0.00
  TWT6                    1.00   0.00  0.00  0.00  1.00  0.00  0.00  0.00  0.00  0.00
  1_4_b                   1.00   0.00  1.00  0.00  0.00  0.00  0.00  0.00  0.00  0.00
  TWT7                    1.00   0.00  1.00  0.00  0.00  0.00  0.00  0.00  0.00  0.00
  1_5_a                   1.00   0.00  1.00  0.00  0.00  0.00  0.00  0.00  0.00  0.00
  1_7_a                   1.00   0.00  0.00  0.00  0.00  1.00  0.00  0.00  0.00  0.00
  1_7_a_                  1.00   0.00  0.00  0.00  0.00  1.00  0.00  0.00  1.00  0.00
  1_7_a__                 1.00   0.00  0.00  0.00  0.00  1.00  0.00  0.00  0.00  0.00
  1_7_a_1                 1.00   0.00  0.00  0.00  0.00  1.00  0.00  0.00  0.00  0.00
  1_8_a                   1.00   0.00  0.00  0.00  1.00  0.00  0.00  0.00  1.00  0.00
  CV_1C_to_52             1.00   0.00  0.00  0.00  1.00  0.00  0.00  0.00  0.00  0.00
  
  
  *************************
  Conduit Surcharge Summary
  *************************
  
  ----------------------------------------------------------------------------
                                                           Hours        Hours 
                         --------- Hours Full --------   Above Full   Capacity
  Conduit                Both Ends  Upstream  Dnstream   Normal Flow   Limited
  ----------------------------------------------------------------------------
  Brunn_Fassung_L             0.01      0.01     24.00      0.01         0.01
  11                         23.99     23.99     23.99     23.99         0.01
  14                         23.99     23.99     24.00     23.99         0.01
  16                         24.00     24.00     24.00     23.99        23.99
  17                         24.00     24.00     24.00      0.01         0.01
  26                         23.99     24.00     23.99     23.99        23.99
  27                          0.01      0.01     23.96      0.01         0.01
  Gischeren_L                 0.01      0.01     23.90      0.01         0.01
  Schuettstein_L              0.01      0.01     23.99      0.01         0.01
  Brunnmuehle_L              24.00     24.00     24.00      0.01         0.01
  35                         23.92     23.92     23.96      0.01         0.01
  46                         24.00     24.00     24.00      0.01         0.01
  47                         24.00     24.00     24.00     24.00        24.00
  50                         23.99     23.99     23.99      0.01         0.01
  51                         23.98     23.98     24.00      0.01         0.01
  53                         24.00     24.00     24.00     23.99         0.01
  61                         23.99     23.99     23.99     23.99         0.01
  63                          0.01     23.98      0.01      0.01         0.01
  66                         23.95     23.98     23.95     23.98        23.95
  67                         23.99     23.99     24.00      0.01         0.01
  Amont_L                    24.00     24.00     24.00     24.00         0.01
  69                         23.91     23.91     24.00     23.98         0.01
  70                         23.91     23.91     24.00      0.01         0.01
  71                         23.99     23.99     23.99      0.01         0.01
  72                          0.01     23.98      0.01     23.98         0.01
  Sauser_L                    0.01      0.01     24.00      0.01         0.01
  75                          0.01     23.98      0.01      0.01         0.01
  4                           0.01     23.98      0.01      0.01         0.01
  5                           0.01      0.01     24.00      0.01         0.01
  6                           0.01      0.01     24.00      0.01         0.01
  7                          23.99     23.99     24.00      0.01         0.01
  Brunn_Teich_L               0.01      0.01     23.99      0.01         0.01
  9                           0.01      0.01     23.99      0.01         0.01
  12                         23.99     23.99     23.99      0.01         0.01
  15                         23.99     23.99     23.99      0.01         0.01
  18                         23.99     23.99     23.99      0.01         0.01
  19                         23.98     23.98     23.99      0.01         0.01
  21                          0.01      0.01     23.98      0.01         0.01
  Hooliloch_L                 0.01      0.01     23.97      0.01         0.01
  23                          0.01     23.95      0.01      0.01         0.01
  25                         23.94     23.94     23.99      0.01         0.01
  31                          0.01      0.01     23.91      0.01         0.01
  33                         23.97     23.97     23.97      0.01         0.01
  13                         23.99     23.99     24.00      0.01         0.01
  22                         23.99     23.99     24.00      0.01         0.01
  24                         23.98     23.98     24.00      0.01         0.01
  30                         23.98     23.98     24.00      0.01         0.01
  34                          0.01      0.01     23.99      0.01         0.01
  38                         23.95     23.95     23.96      0.01         0.01
  48                         23.89     23.89     23.91      0.01         0.01
  54                          0.01      0.01     23.89      0.01         0.01
  1_1_a_1                     0.01      0.01     23.98     23.89         0.01
  1_1_b_1                     0.01      0.01     23.98      0.01         0.01
  1_2_b_2                     0.01      0.01     23.94      0.01         0.01
  1_7_a_                      0.01      0.01      0.02      0.01         0.01
  1_7_a__                     0.02      0.02     24.00      0.01         0.01
  1_7_a_1                     0.02      0.02     24.00     23.99         0.01
  

  Analysis begun on:  Mon Oct  5 09:10:55 2026
  Analysis ended on:  Mon Oct  5 09:10:57 2026
  Total elapsed time: 00:00:02