
  EPA STORM WATER MANAGEMENT MODEL - VERSION 5.2 (Build 5.2.4)
  ------------------------------------------------------------

  Brunnmuehle (Twann) 
  WARNING 08: elevation drop exceeds length for Conduit SS3_L
  WARNING 08: elevation drop exceeds length for Conduit SS6_L
  WARNING 08: elevation drop exceeds length for Conduit 2
  WARNING 08: elevation drop exceeds length for Conduit 3
  WARNING 08: elevation drop exceeds length for Conduit 68
  WARNING 08: elevation drop exceeds length for Conduit 1_2_b_
  WARNING 08: elevation drop exceeds length for Conduit 1_2_b_2
  WARNING 08: elevation drop exceeds length for Conduit 1_2_b_3
  WARNING 08: elevation drop exceeds length for Conduit 1_2_b_4
  WARNING 08: elevation drop exceeds length for Conduit 1_2_b_6
  WARNING 08: elevation drop exceeds length for Conduit 1_3_a_2
  WARNING 02: maximum depth increased for Node 2
  
  ****************
  Analysis Options
  ****************
  Flow Units ............... CMS
  Process Models:
    Rainfall/Runoff ........ NO
    RDII ................... NO
    Snowmelt ............... NO
    Groundwater ............ NO
    Flow Routing ........... YES
    Ponding Allowed ........ NO
    Water Quality .......... NO
  Flow Routing Method ...... DYNWAVE
  Surcharge Method ......... EXTRAN
  Starting Date ............ 01/01/2000 00:00:00
  Ending Date .............. 01/02/2000 00:00:00
  Antecedent Dry Days ...... 0.0
  Report Time Step ......... 01:00:00
  Routing Time Step ........ 0.50 sec
  Variable Time Step ....... YES
  Maximum Trials ........... 8
  Number of Threads ........ 1
  Head Tolerance ........... 0.001500 m
  
  
  **************************        Volume        Volume
  Flow Routing Continuity        hectare-m      10^6 ltr
  **************************     ---------     ---------
  Dry Weather Inflow .......         0.000         0.000
  Wet Weather Inflow .......         0.000         0.000
  Groundwater Inflow .......         0.000         0.000
  RDII Inflow ..............         0.000         0.000
  External Inflow ..........       166.906      1669.074
  External Outflow .........       158.225      1582.262
  Flooding Loss ............         0.000         0.000
  Evaporation Loss .........         0.000         0.000
  Exfiltration Loss ........         0.000         0.000
  Initial Stored Volume ....         0.057         0.565
  Final Stored Volume ......         0.438         4.377
  Continuity Error (%) .....         4.971
  
  
  *************************
  Highest Continuity Errors
  *************************
  Node 54 (55.35%)
  Node SondeGischeren (54.00%)
  Node 2 (40.32%)
  
  
  ***************************
  Time-Step Critical Elements
  ***************************
  Link 20 (17309.44%)
  Link 1_2_b_ (26.20%)
  Link 1_2_b_1 (6.43%)
  
  
  ********************************
  Highest Flow Instability Indexes
  ********************************
  All links are stable.
  
  
  *********************************
  Most Frequent Nonconverging Nodes
  *********************************
  Node Brunnm_Fassung (45.28%)
  Node Brunnmuehle(Teich) (45.28%)
  Node Fensterstollen (45.28%)
  Node Gischeren (45.28%)
  Node Schuettstein (45.28%)
  
  
  *************************
  Routing Time Step Summary
  *************************
  Minimum Time Step           :     0.50 sec
  Average Time Step           :     0.50 sec
  Maximum Time Step           :     0.50 sec
  % of Time in Steady State   :    99.42
  Average Iterations per Step :     5.45
  % of Steps Not Converging   :    45.28
  Time Step Frequencies       :
      0.500 -  0.500 sec      :   100.00 %
      0.500 -  0.500 sec      :     0.00 %
      0.500 -  0.500 sec      :     0.00 %
      0.500 -  0.500 sec      :     0.00 %
      0.500 -  0.500 sec      :     0.00 %
  
  
  ******************
  Node Depth Summary
  ******************
  
  ---------------------------------------------------------------------------------
                                 Average  Maximum  Maximum  Time of Max    Reported
                                   Depth    Depth      HGL   Occurrence   Max Depth
  Node                 Type       Meters   Meters   Meters  days hr:min      Meters
  ---------------------------------------------------------------------------------
  9                    JUNCTION    40.19    42.67   481.17     0  00:00       40.22
  Holiloch_sonde       JUNCTION    38.32    40.00   480.00     0  00:00       38.35
  11                   JUNCTION    44.53    49.13   459.13     0  00:00       44.54
  13                   JUNCTION    42.68    44.15   482.15     0  00:00       42.71
  21                   JUNCTION    40.19    40.48   440.48     0  00:07       40.20
  SonSto_F             JUNCTION     0.73     1.93   439.73     0  00:03        0.73
  Sondierstollen       JUNCTION     1.55     2.34   443.14     0  00:02        1.55
  Aval_Trappe          JUNCTION     0.78     1.79   439.39     0  00:03        0.78
  30                   JUNCTION     0.69     1.46   438.76     0  00:03        0.69
  Gischeren_node       JUNCTION     0.00     0.00   476.50     0  00:00        0.00
  34                   JUNCTION    18.98    19.23   439.23     0  00:07       18.99
  38                   JUNCTION    22.84    23.18   443.18     0  00:07       22.86
  SS6                  JUNCTION     0.05     0.05   448.05     0  00:03        0.05
  40                   JUNCTION    24.67    24.79   443.79     0  00:02       24.67
  41                   JUNCTION    43.14    49.76   487.26     0  00:00       43.16
  SondeSchuettstein    JUNCTION    19.45    20.82   479.82     0  00:01       19.47
  SS4                  JUNCTION     0.04     0.04   448.04     0  00:08        0.04
  47                   JUNCTION    13.09    13.12   478.02     0  00:07       13.11
  48                   JUNCTION     7.41     8.71   479.71     0  00:01        7.42
  SondeGischeren       JUNCTION     1.05     1.06   466.06     0  00:08        1.06
  49                   JUNCTION    11.96    12.25   478.25     0  00:03       11.98
  50                   JUNCTION     0.19     0.19   463.19     0  00:08        0.19
  51                   JUNCTION    61.27    64.65   484.65     0  00:00       61.29
  Amont_C              JUNCTION    65.26   107.69   525.69     0  00:00       65.28
  52                   JUNCTION     3.73     8.02   465.02     0  00:07        3.75
  53                   JUNCTION     7.22     9.36   476.36     0  00:02        7.22
  54                   JUNCTION     1.98     1.98   464.98     0  00:08        1.98
  56                   JUNCTION     6.44     6.63   436.63     0  00:00        6.44
  2                    JUNCTION     0.10     0.10   438.10     0  00:08        0.10
  4                    JUNCTION     8.65     9.15   437.15     0  00:00        8.66
  5                    JUNCTION     5.43     5.44   477.94     0  00:07        5.44
  6                    JUNCTION    20.12    20.14   478.14     0  00:07       20.14
  7                    JUNCTION     2.93     2.93   477.93     0  00:05        2.93
  SS3                  JUNCTION     0.06     0.06   448.06     0  00:08        0.06
  SS5                  JUNCTION     1.32     1.98   440.88     0  00:03        1.32
  8                    JUNCTION     0.18     0.18   474.18     0  00:04        0.18
  10                   JUNCTION     9.96    10.27   478.27     0  00:03        9.98
  SonSto_SS5           JUNCTION     0.70     1.32   440.62     0  00:03        0.70
  SonSto_SS3           JUNCTION     0.82     1.30   441.00     0  00:03        0.82
  SonSto_SS4           JUNCTION     0.84     1.31   440.71     0  00:03        0.84
  Amont_Trappe         JUNCTION     0.80     1.98   439.68     0  00:03        0.80
  SonSto_SS6           JUNCTION     0.58     1.24   439.94     0  00:03        0.58
  SS2                  JUNCTION     0.00     0.00   448.00     0  00:00        0.00
  SonSto_SS2           JUNCTION     0.56     0.77   442.27     0  00:02        0.57
  12                   JUNCTION    14.73    14.76   463.76     0  00:07       14.74
  14                   JUNCTION     2.40     2.40   467.40     0  00:08        2.40
  15                   JUNCTION     0.29     0.29   472.29     0  00:05        0.29
  TWT_PointHaut_60+650 JUNCTION     0.25     0.26   442.76     0  00:05        0.25
  TWT_Fensterstollen_60+375 JUNCTION     2.25     2.40   443.70     0  00:02        2.25
  TWT_Acces_LT_60+110  JUNCTION     0.00     0.00   441.50     0  00:00        0.00
  TWT_Liaison_LT_59+738 JUNCTION     0.00     0.00   450.60     0  00:00        0.00
  Syst_Est_amont       JUNCTION     0.84     0.85   430.85     0  00:08        0.85
  Syst_Est_interm      JUNCTION    20.47    26.07   436.07     0  00:07       20.57
  TWT_Branche_Est_Sonsto_60+540 JUNCTION     0.57     0.61   443.01     0  00:03        0.57
  TWT_Intersection_Sonsto_60+345 JUNCTION     0.00     0.00   440.90     0  00:00        0.00
  TWT_Chrosweg_61+140  JUNCTION     0.19     0.19   432.19     0  00:08        0.19
  SonSto_F_sup         JUNCTION     0.05     0.05   448.05     0  00:05        0.05
  SonSto_porte         JUNCTION     0.00     0.00   438.50     0  00:00        0.00
  Brunnm_Fassung       OUTFALL      0.10     0.10   433.90     0  00:07        0.10
  Brunnmuehle(Teich)   OUTFALL      0.22     0.22   435.72     0  00:07        0.22
  Fensterstollen       OUTFALL      0.69     1.12   438.12     0  00:03        0.69
  Gischeren            OUTFALL      0.00     0.00   480.00     0  00:00        0.00
  Schuettstein         OUTFALL      0.15     0.15   477.70     0  00:04        0.15
  Holiloch             OUTFALL      1.20     1.21   477.71     0  00:05        1.21
  Sauserquelle         OUTFALL      0.30     0.30   435.85     0  00:02        0.30
  Entw_Stollen         OUTFALL      0.10     0.10   436.60     0  00:08        0.10
  Sous_lacustre        OUTFALL      0.10     0.10   429.30     0  00:07        0.10
  Sous_ecoul.          OUTFALL      0.00     0.00   433.00     0  00:07        0.00
  Syst_Est_aval        OUTFALL      0.42     0.45   429.45     0  00:07        0.43
  TWT_Portail_Est_61+665 OUTFALL      0.19     0.19   421.79     0  00:08        0.19
  
  
  *******************
  Node Inflow Summary
  *******************
  
  -------------------------------------------------------------------------------------------------
                                  Maximum  Maximum                  Lateral       Total        Flow
                                  Lateral    Total  Time of Max      Inflow      Inflow     Balance
                                   Inflow   Inflow   Occurrence      Volume      Volume       Error
  Node                 Type           CMS      CMS  days hr:min    10^6 ltr    10^6 ltr     Percent
  -------------------------------------------------------------------------------------------------
  9                    JUNCTION         0     12.1     0  00:00           0         317       0.039
  Holiloch_sonde       JUNCTION         0     10.3     0  00:00           0         287       0.021
  11                   JUNCTION         0    0.241     0  00:00           0        20.1      -0.001
  13                   JUNCTION         0     18.5     0  00:00           0    1.41e+03       0.017
  21                   JUNCTION         0    0.401     0  00:07           0        34.6      -0.000
  SonSto_F             JUNCTION         0     22.5     0  00:03           0    1.01e+03       0.032
  Sondierstollen       JUNCTION         0     13.2     0  00:03           0         960       0.000
  Aval_Trappe          JUNCTION         0     27.9     0  00:03           0       1e+03       0.013
  30                   JUNCTION         0     29.3     0  00:03           0    1.01e+03       0.013
  Gischeren_node       JUNCTION         0        0     0  00:00           0           0       0.000 ltr
  34                   JUNCTION         0    0.367     0  00:07           0        31.6      -0.000
  38                   JUNCTION         0    0.234     0  00:00           0        18.4      -0.000
  SS6                  JUNCTION         0    0.146     0  00:03           0        12.5       0.001
  40                   JUNCTION         0     1.61     0  00:08           0         139       0.001
  41                   JUNCTION         0      3.3     0  00:00           0        18.9       0.065
  SondeSchuettstein    JUNCTION         0     0.47     0  00:01           0        18.9       0.063
  SS4                  JUNCTION         0    0.078     0  00:08           0        6.73       0.027
  47                   JUNCTION         0     5.78     0  00:01           0         274       0.008
  48                   JUNCTION         0    0.355     0  00:01           0        18.9       0.022
  SondeGischeren       JUNCTION         0    0.188     0  00:04           0        16.2     117.387
  49                   JUNCTION         0    0.844     0  00:02           0        12.5       0.414
  50                   JUNCTION         0   0.0863     0  00:08           0        7.44       0.651
  51                   JUNCTION         0     27.5     0  00:00           0    1.59e+03      -0.002
  Amont_C              JUNCTION      18.4     42.2     0  00:00    1.59e+03    1.59e+03       0.018
  52                   JUNCTION         0    0.219     0  00:06           0        16.3       0.134
  53                   JUNCTION         0    0.261     0  00:01           0        19.2       0.040
  54                   JUNCTION         0    0.222     0  00:08           0        19.2     123.981
  56                   JUNCTION         0    0.789     0  00:02           0        67.7       0.000
  2                    JUNCTION         0   0.0413     0  00:08           0        3.56      67.572
  4                    JUNCTION         0    0.337     0  00:07           0        28.9       0.019
  5                    JUNCTION         0     4.33     0  00:01           0         274       0.108
  6                    JUNCTION         0     6.91     0  00:00           0         287       0.062
  7                    JUNCTION         0     3.63     0  00:03           0         274       0.008
  SS3                  JUNCTION         0   0.0858     0  00:08           0        7.39       0.123
  SS5                  JUNCTION         0     11.7     0  00:03           0         664       0.013
  8                    JUNCTION         0    0.188     0  00:04           0        16.2      -0.002
  10                   JUNCTION         0    0.582     0  00:02           0        12.5       0.120
  SonSto_SS5           JUNCTION         0       20     0  00:03           0         980       0.018
  SonSto_SS3           JUNCTION         0     16.4     0  00:03           0         967       0.017
  SonSto_SS4           JUNCTION         0     17.9     0  00:03           0         969       0.021
  Amont_Trappe         JUNCTION         0     27.3     0  00:03           0       1e+03       0.006
  SonSto_SS6           JUNCTION         0     20.9     0  00:03           0         986       0.014
  SS2                  JUNCTION         0        0     0  00:00           0           0       0.000 ltr
  SonSto_SS2           JUNCTION         0     14.6     0  00:03           0         960       0.038
  12                   JUNCTION         0    0.296     0  00:00           0        23.2       0.016
  14                   JUNCTION         0     1.25     0  00:08           0         108       0.660
  15                   JUNCTION         0    0.346     0  00:07           0        29.8       0.021
  TWT_PointHaut_60+650 JUNCTION         0     1.96     0  00:04           0         162      -0.495
  TWT_Fensterstollen_60+375 JUNCTION         0       13     0  00:08           0    1.12e+03      -0.336
  TWT_Acces_LT_60+110  JUNCTION         0        0     0  00:00           0           0       0.000 ltr
  TWT_Liaison_LT_59+738 JUNCTION         0        0     0  00:00           0           0       0.000 ltr
  Syst_Est_amont       JUNCTION      0.92     0.92     0  00:00        79.5        79.5     403.984
  Syst_Est_interm      JUNCTION         0     1.62     0  00:07           0        80.1       0.539
  TWT_Branche_Est_Sonsto_60+540 JUNCTION         0       14     0  00:03           0    1.12e+03       0.125
  TWT_Intersection_Sonsto_60+345 JUNCTION         0        0     0  00:00           0           0       0.000 ltr
  TWT_Chrosweg_61+140  JUNCTION         0     2.52     0  00:07           0         163       0.835
  SonSto_F_sup         JUNCTION         0    0.346     0  00:05           0        29.8       0.001
  SonSto_porte         JUNCTION         0        0     0  00:00           0           0       0.000 ltr
  Brunnm_Fassung       OUTFALL          0   0.0311     0  00:07           0        2.65       0.000
  Brunnmuehle(Teich)   OUTFALL          0    0.331     0  00:07           0        28.4       0.000
  Fensterstollen       OUTFALL          0     30.1     0  00:03           0    1.01e+03       0.000
  Gischeren            OUTFALL          0        0     0  00:00           0           0       0.000 ltr
  Schuettstein         OUTFALL          0    0.221     0  00:04           0        18.9       0.000
  Holiloch             OUTFALL          0     3.18     0  00:05           0         274       0.000
  Sauserquelle         OUTFALL          0    0.789     0  00:02           0        67.7       0.000
  Entw_Stollen         OUTFALL          0   0.0247     0  00:08           0        2.12       0.000
  Sous_lacustre        OUTFALL          0   0.0348     0  00:07           0        2.99       0.000
  Sous_ecoul.          OUTFALL          0  0.00591     0  00:07           0       0.504       0.000
  Syst_Est_aval        OUTFALL          0     1.04     0  00:07           0        79.7       0.000
  TWT_Portail_Est_61+665 OUTFALL          0     1.13     0  00:08           0        97.1       0.000
  
  
  **********************
  Node Surcharge Summary
  **********************
  
  Surcharging occurs when water rises above the top of the highest conduit.
  ---------------------------------------------------------------------
                                               Max. Height   Min. Depth
                                   Hours       Above Crown    Below Rim
  Node                 Type      Surcharged         Meters       Meters
  ---------------------------------------------------------------------
  9                    JUNCTION       23.99         40.867       57.333
  Holiloch_sonde       JUNCTION       23.99         38.099      160.001
  11                   JUNCTION       24.00         48.669      100.871
  13                   JUNCTION       23.99         41.151      355.849
  21                   JUNCTION       24.00         39.875      109.525
  34                   JUNCTION       24.00         18.628       80.772
  38                   JUNCTION       24.00         22.583      126.817
  40                   JUNCTION       24.00         20.790       75.210
  41                   JUNCTION       23.99         48.914      200.236
  SondeSchuettstein    JUNCTION       23.98         20.024        0.000
  47                   JUNCTION       23.98         11.219       86.881
  48                   JUNCTION       23.98          7.908       91.292
  49                   JUNCTION       23.95          4.247      187.753
  51                   JUNCTION       24.00         60.648      335.352
  Amont_C              JUNCTION       24.00        104.694      292.306
  52                   JUNCTION       23.88          7.618       91.982
  53                   JUNCTION       23.96          4.364      190.636
  56                   JUNCTION       24.00          5.626       93.374
  4                    JUNCTION       23.99          8.498       90.852
  5                    JUNCTION       23.94          0.439       44.561
  6                    JUNCTION       23.98         15.144      179.856
  10                   JUNCTION       23.95          2.272      189.728
  12                   JUNCTION       23.98         14.405      185.245
  TWT_Acces_LT_60+110  JUNCTION       24.00          0.000        0.000
  TWT_Liaison_LT_59+738 JUNCTION       24.00          0.000        0.000
  Syst_Est_interm      JUNCTION       23.88         24.570       73.930
  TWT_Intersection_Sonsto_60+345 JUNCTION       24.00          0.000        0.000
  
  
  *********************
  Node Flooding Summary
  *********************
  
  No nodes were flooded.
  
  
  ***********************
  Outfall Loading Summary
  ***********************
  
  -----------------------------------------------------------
                         Flow       Avg       Max       Total
                         Freq      Flow      Flow      Volume
  Outfall Node           Pcnt       CMS       CMS    10^6 ltr
  -----------------------------------------------------------
  Brunnm_Fassung        99.94    0.0307    0.0311       2.651
  Brunnmuehle(Teich)    99.94     0.329     0.331      28.440
  Fensterstollen        99.91      11.7      30.1    1008.337
  Gischeren              0.00         0         0       0.000
  Schuettstein          99.90     0.219     0.221      18.921
  Holiloch              99.82      3.18      3.18     273.834
  Sauserquelle          99.97     0.784     0.789      67.692
  Entw_Stollen          99.96    0.0246    0.0247       2.124
  Sous_lacustre        100.00    0.0346    0.0348       2.986
  Sous_ecoul.           99.94   0.00584   0.00591       0.504
  Syst_Est_aval         99.49     0.927      1.04      79.705
  TWT_Portail_Est_61+665  99.87      1.12      1.13      97.060
  -----------------------------------------------------------
  System                91.56      18.3      32.6    1582.254
  
  
  ********************
  Link Flow Summary
  ********************
  
  -----------------------------------------------------------------------------
                                 Maximum  Time of Max   Maximum    Max/    Max/
                                  |Flow|   Occurrence   |Veloc|    Full    Full
  Link                 Type          CMS  days hr:min     m/sec    Flow   Depth
  -----------------------------------------------------------------------------
  Brunn_Fassung_L      CONDUIT    0.0311     0  00:07      1.35    0.51    0.75
  11                   CONDUIT      10.3     0  00:00      6.18    1.55    1.00
  14                   CONDUIT      12.1     0  00:00      8.95    6.60    1.00
  16                   CONDUIT     0.241     0  00:00      2.82    1.68    1.00
  17                   CONDUIT     0.237     0  00:00      0.84    0.40    1.00
  26                   CONDUIT       3.3     0  00:00      5.96    4.47    1.00
  27                   CONDUIT     0.111     0  00:03      2.93    1.43    1.00
  Gischeren_L          CONDUIT         0     0  00:00      0.00    0.00    0.00
  Schuettstein_L       CONDUIT     0.221     0  00:04      1.64    0.19    0.65
  Brunnmuehle_L        CONDUIT     0.367     0  00:07      1.30    0.17    1.00
  32                   CONDUIT      14.6     0  00:03      6.12    0.22    0.51
  35                   CONDUIT         0     0  00:00      0.00    0.00    0.44
  45                   CONDUIT      22.3     0  00:03     13.43    0.16    0.53
  46                   CONDUIT     0.789     0  00:02      2.79    0.79    1.00
  47                   CONDUIT     0.105     0  00:00      2.77    6.56    1.00
  50                   CONDUIT     0.355     0  00:01      1.06    0.07    1.00
  51                   CONDUIT     0.144     0  00:02      1.49    0.40    1.00
  53                   CONDUIT     0.234     0  00:00      1.41    1.19    1.00
  Fenster_L            CONDUIT      30.1     0  00:03     12.47    0.30    0.40
  58                   CONDUIT      29.2     0  00:03     10.92    0.38    0.54
  59                   CONDUIT      20.8     0  00:03     10.65    0.22    0.42
  61                   CONDUIT      0.47     0  00:01      2.92    0.66    1.00
  63                   CONDUIT     0.146     0  00:03      2.03    0.65    0.51
  66                   CONDUIT    0.0863     0  00:08      1.43    1.14    0.82
  67                   CONDUIT      18.5     0  00:00      4.92    0.18    1.00
  Amont_L              CONDUIT      27.4     0  00:00      3.88    1.49    1.00
  69                   CONDUIT     0.219     0  00:06      1.85    0.85    1.00
  70                   CONDUIT     0.189     0  00:07      1.52    0.58    1.00
  71                   CONDUIT     0.261     0  00:01      1.30    0.46    1.00
  72                   CONDUIT     0.222     0  00:08      1.22    1.05    0.70
  Sauser_L             CONDUIT     0.789     0  00:02      1.46    0.20    0.65
  75                   CONDUIT     0.078     0  00:08      2.98    0.79    0.58
  Entw_Sto_L           CONDUIT    0.0247     0  00:08      1.75    0.57    0.54
  4                    CONDUIT    0.0212     0  00:08      1.21    0.95    0.76
  5                    CONDUIT    0.0201     0  00:08      0.95    0.72    0.77
  6                    CONDUIT    0.0348     0  00:07      1.37    0.52    0.76
  7                    CONDUIT     0.337     0  00:07      1.71    0.52    1.00
  Brunn_Teich_L        CONDUIT     0.331     0  00:07      1.40    0.25    0.67
  9                    CONDUIT   0.00591     0  00:07      1.49    0.00    0.50
  12                   CONDUIT      4.33     0  00:01      2.67    0.09    1.00
  15                   CONDUIT      6.91     0  00:00      3.95    0.18    1.00
  18                   CONDUIT      5.78     0  00:01      3.21    0.23    1.00
  19                   CONDUIT     0.844     0  00:02      1.16    0.80    1.00
  20                   CONDUIT      27.9     0  00:03     27.93    2.22    1.00
  21                   CONDUIT      3.63     0  00:03      0.46    0.02    0.79
  Hooliloch_L          CONDUIT      3.18     0  00:05      0.93    0.06    0.52
  23                   CONDUIT    0.0858     0  00:08      3.11    0.54    0.41
  25                   CONDUIT     0.188     0  00:04      1.17    0.15    0.54
  28                   CONDUIT      17.8     0  00:03      7.87    0.25    0.43
  29                   CONDUIT      8.47     0  00:03      3.16    0.40    0.44
  31                   CONDUIT         0     0  00:00      0.00    0.00    0.02
  33                   CONDUIT     0.582     0  00:02      0.75    0.22    1.00
  37                   CONDUIT      12.4     0  00:03      4.59    0.29    0.55
  SS3_L                CONDUIT    0.0856     0  00:08      2.26    0.00    0.34
  40                   CONDUIT      27.3     0  00:03      8.41    0.17    0.49
  SS6_L                CONDUIT    0.0714     0  00:03      1.67    0.00    0.32
  1                    CONDUIT      16.3     0  00:03      9.49    0.11    0.34
  2                    CONDUIT         0     0  00:00      0.00    0.00    0.19
  3                    CONDUIT    0.0308     0  00:08      2.21    0.00    0.52
  10                   CONDUIT      11.6     0  00:03      4.16    0.06    0.55
  13                   CONDUIT     0.296     0  00:00      3.84    0.64    1.00
  22                   CONDUIT     0.269     0  00:04      2.79    0.67    1.00
  24                   CONDUIT      1.25     0  00:08      2.19    0.00    0.80
  30                   CONDUIT      1.24     0  00:08      2.16    0.52    0.80
  34                   CONDUIT     0.346     0  00:07      1.77    0.39    0.77
  36                   CONDUIT     0.346     0  00:05      5.44    0.37    0.31
  38                   CONDUIT     0.188     0  00:04      2.24    0.07    0.59
  48                   CONDUIT     0.976     0  00:04      2.53    0.65    0.92
  54                   CONDUIT      1.04     0  00:07      0.86    0.20    0.65
  68                   CONDUIT     0.268     0  00:05      7.12    0.00    0.33
  73                   CONDUIT         0     0  00:00      0.00    0.00    0.02
  TWT1                 CONDUIT      1.13     0  00:08      3.58    0.00    0.02
  TWT2                 CONDUIT      1.92     0  00:06      5.22    0.00    0.03
  TWT3                 CONDUIT      1.96     0  00:04      2.00    0.01    0.05
  TWT4                 CONDUIT        14     0  00:03      2.26    0.02    0.19
  1_2_b_               CONDUIT      13.2     0  00:03      6.04    0.09    0.48
  1_2_b_1              CONDUIT      12.1     0  00:04     16.55    3.28    1.00
  1_2_b_2              CONDUIT    0.0772     0  00:05      0.18    0.00    0.52
  1_2_b_3              CONDUIT     0.698     0  00:08      1.02    0.07    1.00
  1_2_b_4              CONDUIT    0.0471     0  00:08      0.11    0.00    0.52
  1_2_b_6              CONDUIT    0.0741     0  00:03      0.18    0.00    0.52
  1_3_a_2              CONDUIT     0.748     0  00:08      1.53    0.08    0.60
  
  
  ***************************
  Flow Classification Summary
  ***************************
  
  -------------------------------------------------------------------------------------
                      Adjusted    ---------- Fraction of Time in Flow Class ---------- 
                       /Actual         Up    Down  Sub   Sup   Up    Down  Norm  Inlet 
  Conduit               Length    Dry  Dry   Dry   Crit  Crit  Crit  Crit  Ltd   Ctrl  
  -------------------------------------------------------------------------------------
  Brunn_Fassung_L         1.00   0.00  0.00  0.00  0.00  1.00  0.00  0.00  0.00  0.00
  11                      1.00   0.00  0.00  0.00  1.00  0.00  0.00  0.00  0.00  0.00
  14                      1.00   0.00  0.00  0.00  1.00  0.00  0.00  0.00  0.00  0.00
  16                      1.00   0.00  0.00  0.00  1.00  0.00  0.00  0.00  0.00  0.00
  17                      1.00   0.00  0.00  0.00  1.00  0.00  0.00  0.00  0.00  0.00
  26                      1.00   0.00  0.00  0.00  1.00  0.00  0.00  0.00  0.00  0.00
  27                      1.00   0.00  0.00  0.00  1.00  0.00  0.00  0.00  0.00  0.00
  Gischeren_L             1.00   1.00  0.00  0.00  0.00  0.00  0.00  0.00  0.00  0.00
  Schuettstein_L          1.00   0.00  0.00  0.00  1.00  0.00  0.00  0.00  0.00  0.00
  Brunnmuehle_L           1.00   0.00  0.00  0.00  1.00  0.00  0.00  0.00  0.00  0.00
  32                      1.00   0.00  0.00  0.00  0.00  1.00  0.00  0.00  0.00  0.00
  35                      1.00   0.00  1.00  0.00  0.00  0.00  0.00  0.00  0.00  0.00
  45                      1.00   0.00  0.00  0.00  0.00  1.00  0.00  0.00  0.00  0.00
  46                      1.00   0.00  0.00  0.00  1.00  0.00  0.00  0.00  0.00  0.00
  47                      1.00   0.00  0.00  0.00  1.00  0.00  0.00  0.00  0.00  0.00
  50                      1.00   0.00  0.00  0.00  1.00  0.00  0.00  0.00  0.00  0.00
  51                      1.00   0.00  0.00  0.00  1.00  0.00  0.00  0.00  0.00  0.00
  53                      1.00   0.00  0.00  0.00  1.00  0.00  0.00  0.00  0.00  0.00
  Fenster_L               1.00   0.00  0.00  0.00  0.00  1.00  0.00  0.00  0.00  0.00
  58                      1.00   0.00  0.00  0.00  0.00  1.00  0.00  0.00  1.00  0.00
  59                      1.00   0.00  0.00  0.00  0.00  1.00  0.00  0.00  1.00  0.00
  61                      1.00   0.00  0.00  0.00  1.00  0.00  0.00  0.00  0.00  0.00
  63                      1.00   0.00  0.00  0.00  1.00  0.00  0.00  0.00  0.00  0.00
  66                      1.00   0.00  0.00  0.00  1.00  0.00  0.00  0.00  0.00  0.00
  67                      1.00   0.00  0.00  0.00  1.00  0.00  0.00  0.00  0.00  0.00
  Amont_L                 1.00   0.00  0.00  0.00  1.00  0.00  0.00  0.00  0.00  0.00
  69                      1.00   0.00  0.00  0.00  1.00  0.00  0.00  0.00  0.00  0.00
  70                      1.00   0.00  0.00  0.00  1.00  0.00  0.00  0.00  0.00  0.00
  71                      1.00   0.00  0.00  0.00  1.00  0.00  0.00  0.00  0.00  0.00
  72                      1.00   0.00  0.00  0.00  1.00  0.00  0.00  0.00  0.00  0.00
  Sauser_L                1.00   0.00  0.00  0.00  1.00  0.00  0.00  0.00  0.00  0.00
  75                      1.00   0.00  0.00  0.00  0.00  1.00  0.00  0.00  0.00  0.00
  Entw_Sto_L              1.00   0.00  0.00  0.00  0.00  1.00  0.00  0.00  0.00  0.00
  4                       1.00   0.00  0.00  0.00  1.00  0.00  0.00  0.00  0.00  0.00
  5                       1.00   0.00  0.00  0.00  1.00  0.00  0.00  0.00  0.00  0.00
  6                       1.00   0.00  0.00  0.00  0.00  1.00  0.00  0.00  0.00  0.00
  7                       1.00   0.00  0.00  0.00  1.00  0.00  0.00  0.00  0.00  0.00
  Brunn_Teich_L           1.00   0.00  0.00  0.00  1.00  0.00  0.00  0.00  0.00  0.00
  9                       1.00   0.00  0.00  0.00  0.00  1.00  0.00  0.00  0.00  0.00
  12                      1.00   0.00  0.00  0.00  1.00  0.00  0.00  0.00  0.00  0.00
  15                      1.00   0.00  0.00  0.00  1.00  0.00  0.00  0.00  0.00  0.00
  18                      1.00   0.00  0.00  0.00  1.00  0.00  0.00  0.00  0.00  0.00
  19                      1.00   0.00  0.00  0.00  1.00  0.00  0.00  0.00  0.00  0.00
  20                      1.00   0.00  0.00  0.00  0.00  1.00  0.00  0.00  1.00  0.00
  21                      1.00   0.00  0.00  0.00  1.00  0.00  0.00  0.00  0.00  0.00
  Hooliloch_L             1.00   0.00  0.00  0.00  1.00  0.00  0.00  0.00  0.00  0.00
  23                      1.00   0.00  0.00  0.00  0.00  1.00  0.00  0.00  0.00  0.00
  25                      1.00   0.00  0.00  0.00  1.00  0.00  0.00  0.00  0.00  0.00
  28                      1.00   0.00  0.00  0.00  0.00  1.00  0.00  0.00  0.00  0.00
  29                      1.00   0.00  0.00  0.00  0.00  1.00  0.00  0.00  1.00  0.00
  31                      1.00   0.00  1.00  0.00  0.00  0.00  0.00  0.00  0.00  0.00
  33                      1.00   0.00  0.00  0.00  1.00  0.00  0.00  0.00  0.00  0.00
  37                      1.00   0.00  0.00  0.00  0.00  1.00  0.00  0.00  0.00  0.00
  SS3_L                   1.00   0.00  0.00  0.00  1.00  0.00  0.00  0.00  1.00  0.00
  40                      1.00   0.00  0.00  0.00  0.00  1.00  0.00  0.00  0.00  0.00
  SS6_L                   1.00   0.00  0.00  0.00  1.00  0.00  0.00  0.00  1.00  0.00
  1                       1.00   0.00  0.00  0.00  0.00  1.00  0.00  0.00  1.00  0.00
  2                       1.00   0.00  1.00  0.00  0.00  0.00  0.00  0.00  0.00  0.00
  3                       1.00   0.00  0.00  0.00  1.00  0.00  0.00  0.00  1.00  0.00
  10                      1.00   0.00  0.00  0.00  0.00  1.00  0.00  0.00  0.00  0.00
  13                      1.00   0.00  0.00  0.00  1.00  0.00  0.00  0.00  0.00  0.00
  22                      1.00   0.00  0.00  0.00  1.00  0.00  0.00  0.00  0.00  0.00
  24                      1.00   0.00  0.00  0.00  1.00  0.00  0.00  0.00  0.00  0.00
  30                      1.00   0.00  0.00  0.00  1.00  0.00  0.00  0.00  0.00  0.00
  34                      1.00   0.00  0.00  0.00  1.00  0.00  0.00  0.00  0.00  0.00
  36                      1.00   0.00  0.00  0.00  0.00  1.00  0.00  0.00  0.00  0.00
  38                      1.00   0.00  0.00  0.00  1.00  0.00  0.00  0.00  1.00  0.00
  48                      1.00   0.00  0.00  0.00  1.00  0.00  0.00  0.00  0.00  0.00
  54                      1.00   0.00  0.01  0.00  0.99  0.00  0.00  0.00  0.00  0.00
  68                      1.00   0.00  0.00  0.00  1.00  0.00  0.00  0.00  1.00  0.00
  73                      1.00   0.00  1.00  0.00  0.00  0.00  0.00  0.00  0.00  0.00
  TWT1                    1.00   0.00  0.00  0.00  0.00  1.00  0.00  0.00  0.00  0.00
  TWT2                    1.00   0.00  0.00  0.00  0.00  1.00  0.00  0.00  0.00  0.00
  TWT3                    1.00   0.00  0.00  0.00  0.00  1.00  0.00  0.00  0.00  0.00
  TWT4                    1.00   0.00  0.00  0.00  1.00  0.00  0.00  0.00  0.00  0.00
  1_2_b_                  1.00   0.00  0.00  0.00  0.00  1.00  0.00  0.00  0.00  0.00
  1_2_b_1                 1.00   0.00  0.00  0.00  1.00  0.00  0.00  0.00  0.00  0.00
  1_2_b_2                 1.00   0.00  0.00  0.00  1.00  0.00  0.00  0.00  1.00  0.00
  1_2_b_3                 1.00   0.00  0.00  0.00  1.00  0.00  0.00  0.00  0.00  0.00
  1_2_b_4                 1.00   0.00  0.00  0.00  1.00  0.00  0.00  0.00  1.00  0.00
  1_2_b_6                 1.00   0.00  0.00  0.00  1.00  0.00  0.00  0.00  1.00  0.00
  1_3_a_2                 1.00   0.00  0.00  0.00  1.00  0.00  0.00  0.00  1.00  0.00
  
  
  *************************
  Conduit Surcharge Summary
  *************************
  
  ----------------------------------------------------------------------------
                                                           Hours        Hours 
                         --------- Hours Full --------   Above Full   Capacity
  Conduit                Both Ends  Upstream  Dnstream   Normal Flow   Limited
  ----------------------------------------------------------------------------
  Brunn_Fassung_L             0.01      0.01     24.00      0.01         0.01
  11                         23.99     23.99     23.99      0.01         0.01
  14                         23.99     23.99     23.99     23.99         0.01
  16                         24.00     24.00     24.00     23.99        23.99
  17                         24.00     24.00     24.00      0.01         0.01
  26                         23.99     24.00     23.99      0.01         0.01
  27                         23.95     23.95     23.95     23.95        23.95
  Schuettstein_L              0.01      0.01     23.98      0.01         0.01
  Brunnmuehle_L              24.00     24.00     24.00      0.01         0.01
  46                         24.00     24.00     24.00      0.01         0.01
  47                         24.00     24.00     24.00     24.00        24.00
  50                         23.98     23.98     23.98      0.01         0.01
  51                         23.98     23.98     23.99      0.01         0.01
  53                         24.00     24.00     24.00     23.99         0.01
  61                         23.98     23.98     23.99      0.01         0.01
  63                          0.01     23.97      0.01      0.01         0.01
  66                          0.01     23.95      0.01     23.93         0.01
  67                         23.99     23.99     24.00      0.01         0.01
  Amont_L                    24.00     24.00     24.00      0.01         0.01
  69                         23.88     23.88     24.00      0.01         0.01
  70                         23.88     23.88     24.00      0.01         0.01
  71                         23.97     23.97     23.99      0.01         0.01
  72                          0.01     23.96      0.01     23.90         0.01
  Sauser_L                    0.01      0.01     24.00      0.01         0.01
  75                          0.01     23.95      0.01      0.01         0.01
  4                           0.01     23.96      0.01      0.01         0.01
  5                           0.01      0.01     24.00      0.01         0.01
  6                           0.01      0.01     24.00      0.01         0.01
  7                          23.99     23.99     24.00      0.01         0.01
  Brunn_Teich_L               0.01      0.01     23.99      0.01         0.01
  9                           0.01      0.01     23.99      0.01         0.01
  12                         23.97     23.97     23.98      0.01         0.01
  15                         23.98     23.98     23.99      0.01         0.01
  18                         23.98     23.98     23.98      0.01         0.01
  19                         23.96     23.96     23.98      0.01         0.01
  20                          0.01      0.01      0.01      0.02         0.01
  21                          0.01      0.01     23.94      0.01         0.01
  25                          0.01      0.01     23.99      0.01         0.01
  33                         23.95     23.95     23.95      0.01         0.01
  3                           0.01      0.01      0.01      0.01         0.01
  13                         23.98     23.98     24.00      0.01         0.01
  22                         23.98     23.98     24.00      0.01         0.01
  24                          0.01      0.01     24.00      0.01         0.01
  30                          0.01      0.01     24.00      0.01         0.01
  34                          0.01      0.01     23.99      0.01         0.01
  38                          0.01      0.01     23.87      0.01         0.01
  48                          0.01      0.01     23.90      0.01         0.01
  54                          0.01      0.01     23.88      0.01         0.01
  1_2_b_1                    23.98     23.98     23.99     23.99         0.01
  1_2_b_2                     0.01      0.01     23.98      0.01         0.01
  1_2_b_3                    23.98     23.98     23.99      0.01         0.01
  1_2_b_4                     0.01      0.01     23.98      0.01         0.01
  1_2_b_6                     0.01      0.01     23.97      0.01         0.01
  1_3_a_2                     0.01      0.01     23.90      0.01         0.01
  

  Analysis begun on:  Wed Aug 12 17:50:17 2026
  Analysis ended on:  Wed Aug 12 17:50:19 2026
  Total elapsed time: 00:00:02