
  EPA STORM WATER MANAGEMENT MODEL - VERSION 5.2 (Build 5.2.4)
  ------------------------------------------------------------

  Brunnmuehle (Twann) 
  WARNING 08: elevation drop exceeds length for Conduit SS3_L
  WARNING 08: elevation drop exceeds length for Conduit SS6_L
  WARNING 08: elevation drop exceeds length for Conduit 2
  WARNING 08: elevation drop exceeds length for Conduit 3
  WARNING 08: elevation drop exceeds length for Conduit 68
  WARNING 08: elevation drop exceeds length for Conduit 1_2_b_
  WARNING 08: elevation drop exceeds length for Conduit 1_2_b_2
  WARNING 08: elevation drop exceeds length for Conduit 1_3_b_2
  WARNING 08: elevation drop exceeds length for Conduit 1_4_a
  WARNING 08: elevation drop exceeds length for Conduit 1_4_a_2
  WARNING 08: elevation drop exceeds length for Conduit 1_4_b
  WARNING 08: elevation drop exceeds length for Conduit 1_5_a
  WARNING 02: maximum depth increased for Node 2
  
  ****************
  Analysis Options
  ****************
  Flow Units ............... CMS
  Process Models:
    Rainfall/Runoff ........ NO
    RDII ................... NO
    Snowmelt ............... NO
    Groundwater ............ NO
    Flow Routing ........... YES
    Ponding Allowed ........ NO
    Water Quality .......... NO
  Flow Routing Method ...... DYNWAVE
  Surcharge Method ......... EXTRAN
  Starting Date ............ 01/01/2000 00:00:00
  Ending Date .............. 01/02/2000 00:00:00
  Antecedent Dry Days ...... 0.0
  Report Time Step ......... 01:00:00
  Routing Time Step ........ 0.50 sec
  Variable Time Step ....... YES
  Maximum Trials ........... 8
  Number of Threads ........ 1
  Head Tolerance ........... 0.001500 m
  
  
  **************************        Volume        Volume
  Flow Routing Continuity        hectare-m      10^6 ltr
  **************************     ---------     ---------
  Dry Weather Inflow .......         0.000         0.000
  Wet Weather Inflow .......         0.000         0.000
  Groundwater Inflow .......         0.000         0.000
  RDII Inflow ..............         0.000         0.000
  External Inflow ..........       207.725      2077.271
  External Outflow .........       197.656      1976.583
  Flooding Loss ............         0.000         0.000
  Evaporation Loss .........         0.000         0.000
  Exfiltration Loss ........         0.000         0.000
  Initial Stored Volume ....         0.056         0.562
  Final Stored Volume ......         0.290         2.897
  Continuity Error (%) .....         4.733
  
  
  *************************
  Highest Continuity Errors
  *************************
  Node TWT_PointHaut_60+650 (-240426.06%)
  Node 2 (90.63%)
  Node TWT_Chrosweg_61+140 (74.98%)
  Node Syst_Est_amont (61.14%)
  Node SonSto_porte (-6.18%)
  
  
  ***************************
  Time-Step Critical Elements
  ***************************
  Link 1_2_b_2 (18975.82%)
  Link 1_4_b (7.69%)
  
  
  ********************************
  Highest Flow Instability Indexes
  ********************************
  All links are stable.
  
  
  *********************************
  Most Frequent Nonconverging Nodes
  *********************************
  Node Brunnm_Fassung (65.60%)
  Node Brunnmuehle(Teich) (65.60%)
  Node Fensterstollen (65.60%)
  Node Gischeren (65.60%)
  Node Schuettstein (65.60%)
  
  
  *************************
  Routing Time Step Summary
  *************************
  Minimum Time Step           :     0.50 sec
  Average Time Step           :     0.50 sec
  Maximum Time Step           :     0.50 sec
  % of Time in Steady State   :    99.47
  Average Iterations per Step :     6.22
  % of Steps Not Converging   :    65.60
  Time Step Frequencies       :
      0.500 -  0.500 sec      :   100.00 %
      0.500 -  0.500 sec      :     0.00 %
      0.500 -  0.500 sec      :     0.00 %
      0.500 -  0.500 sec      :     0.00 %
      0.500 -  0.500 sec      :     0.00 %
  
  
  ******************
  Node Depth Summary
  ******************
  
  ---------------------------------------------------------------------------------
                                 Average  Maximum  Maximum  Time of Max    Reported
                                   Depth    Depth      HGL   Occurrence   Max Depth
  Node                 Type       Meters   Meters   Meters  days hr:min      Meters
  ---------------------------------------------------------------------------------
  9                    JUNCTION    60.72    75.39   513.89     0  00:00       60.75
  Holiloch_sonde       JUNCTION    50.03    65.69   505.69     0  00:00       50.05
  11                   JUNCTION    31.13    31.33   441.33     0  00:00       31.13
  13                   JUNCTION   105.30   106.68   544.68     0  00:02      105.34
  21                   JUNCTION    39.54    42.41   442.41     0  00:02       39.55
  SonSto_F             JUNCTION     0.17     0.21   438.01     0  00:01        0.17
  Sondierstollen       JUNCTION     0.00     0.00   440.80     0  00:00        0.00
  Aval_Trappe          JUNCTION     0.30     0.36   437.96     0  00:01        0.30
  30                   JUNCTION     0.27     0.32   437.62     0  00:01        0.27
  Gischeren_node       JUNCTION     4.11     4.12   480.62     0  00:07        4.12
  34                   JUNCTION    18.52    20.28   440.28     0  00:02       18.52
  38                   JUNCTION    19.84    21.49   441.49     0  00:02       19.84
  SS6                  JUNCTION     0.07     0.08   448.08     0  00:01        0.07
  40                   JUNCTION    64.98    67.44   486.44     0  00:00       65.01
  41                   JUNCTION   104.71   106.07   543.57     0  00:02      104.75
  SondeSchuettstein    JUNCTION    29.08    29.88   488.88     0  00:00       29.09
  SS4                  JUNCTION     0.09     0.09   448.09     0  00:07        0.09
  47                   JUNCTION    16.48    22.02   486.92     0  00:00       16.49
  48                   JUNCTION    15.77    16.41   487.41     0  00:00       15.78
  SondeGischeren       JUNCTION    15.64    15.97   480.97     0  00:02       15.67
  49                   JUNCTION    18.53    20.42   486.42     0  00:01       18.55
  50                   JUNCTION     8.95     8.98   471.98     0  00:07        8.97
  51                   JUNCTION   124.16   125.53   545.53     0  00:02      124.20
  Amont_C              JUNCTION   129.23   130.61   548.61     0  00:02      129.27
  52                   JUNCTION    34.82    56.65   513.65     0  00:02       34.87
  53                   JUNCTION    69.05    70.26   537.26     0  00:04       69.16
  54                   JUNCTION    67.99    69.73   532.73     0  00:04       68.21
  56                   JUNCTION     7.87     9.74   439.74     0  00:00        7.87
  2                    JUNCTION     0.58     0.58   438.58     0  00:07        0.58
  4                    JUNCTION     8.54     9.27   437.27     0  00:00        8.54
  5                    JUNCTION     6.98     7.75   480.25     0  00:01        6.98
  6                    JUNCTION    26.75    34.01   492.01     0  00:00       26.77
  7                    JUNCTION     4.45     4.47   479.47     0  00:02        4.45
  SS3                  JUNCTION     0.08     0.08   448.08     0  00:07        0.08
  SS5                  JUNCTION     0.73     0.73   439.63     0  00:05        0.73
  8                    JUNCTION     7.01     7.04   481.04     0  00:07        7.03
  10                   JUNCTION    16.51    18.46   486.46     0  00:01       16.53
  SonSto_SS5           JUNCTION     0.20     0.21   439.51     0  00:05        0.20
  SonSto_SS3           JUNCTION     0.10     0.10   439.80     0  00:07        0.10
  SonSto_SS4           JUNCTION     0.22     0.23   439.63     0  00:05        0.22
  Amont_Trappe         JUNCTION     0.24     0.29   437.99     0  00:01        0.24
  SonSto_SS6           JUNCTION     0.18     0.19   438.89     0  00:05        0.18
  SS2                  JUNCTION     0.00     0.00   448.00     0  00:00        0.00
  SonSto_SS2           JUNCTION     0.00     0.00   441.50     0  00:00        0.00
  12                   JUNCTION    67.08    68.10   517.10     0  00:02       67.11
  14                   JUNCTION    57.49    69.09   534.09     0  00:00       57.53
  15                   JUNCTION     3.38     5.13   477.13     0  00:01        3.39
  TWT_PointHaut_60+650 JUNCTION     0.01     0.01   438.51     0  00:07        0.01
  TWT_Fensterstollen_60+375 JUNCTION     0.04     0.04   441.34     0  00:02        0.04
  TWT_Acces_LT_60+110  JUNCTION     0.00     0.00   441.50     0  00:00        0.00
  TWT_Liaison_LT_59+738 JUNCTION     0.00     0.00   450.60     0  00:00        0.00
  Syst_Est_amont       JUNCTION     0.71     0.71   430.71     0  00:07        0.71
  Syst_Est_interm      JUNCTION    19.40    33.74   443.74     0  00:07       19.50
  TWT_Branche_Est_Sonsto_60+540 JUNCTION     0.00     0.00   442.40     0  00:00        0.00
  TWT_Intersection_Sonsto_60+345 JUNCTION     0.05     0.05   440.95     0  00:02        0.05
  TWT_Chrosweg_61+140  JUNCTION     0.00     0.00   432.00     0  00:07        0.00
  SonSto_F_sup         JUNCTION     0.07     0.07   448.07     0  00:02        0.07
  SonSto_porte         JUNCTION     0.44     0.46   438.96     0  00:05        0.44
  Brunnm_Fassung       OUTFALL      0.09     0.10   433.90     0  00:02        0.09
  Brunnmuehle(Teich)   OUTFALL      0.21     0.22   435.72     0  00:02        0.21
  Fensterstollen       OUTFALL      0.26     0.28   437.28     0  00:01        0.26
  Gischeren            OUTFALL      0.28     0.29   480.29     0  00:07        0.29
  Schuettstein         OUTFALL      0.38     0.39   477.94     0  00:02        0.38
  Holiloch             OUTFALL      2.23     2.24   478.74     0  00:02        2.23
  Sauserquelle         OUTFALL      0.50     0.50   436.05     0  00:02        0.50
  Entw_Stollen         OUTFALL      0.18     0.18   436.68     0  00:06        0.18
  Sous_lacustre        OUTFALL      0.10     0.10   429.30     0  00:02        0.10
  Sous_ecoul.          OUTFALL      0.00     0.00   433.00     0  00:02        0.00
  Syst_Est_aval        OUTFALL      0.29     0.39   429.39     0  00:07        0.29
  TWT_Portail_Est_61+665 OUTFALL      0.00     0.00   421.60     0  00:07        0.00
  
  
  *******************
  Node Inflow Summary
  *******************
  
  -------------------------------------------------------------------------------------------------
                                  Maximum  Maximum                  Lateral       Total        Flow
                                  Lateral    Total  Time of Max      Inflow      Inflow     Balance
                                   Inflow   Inflow   Occurrence      Volume      Volume       Error
  Node                 Type           CMS      CMS  days hr:min    10^6 ltr    10^6 ltr     Percent
  -------------------------------------------------------------------------------------------------
  9                    JUNCTION         0     22.1     0  00:00           0    1.49e+03       0.008
  Holiloch_sonde       JUNCTION         0     19.3     0  00:00           0    1.43e+03       0.005
  11                   JUNCTION         0    0.459     0  00:02           0        39.4       0.002
  13                   JUNCTION         0     22.8     0  00:00           0     1.7e+03       0.015
  21                   JUNCTION         0    0.381     0  00:02           0          32       0.002
  SonSto_F             JUNCTION         0     1.61     0  00:05           0         134       0.039
  Sondierstollen       JUNCTION         0        0     0  00:00           0           0       0.000 ltr
  Aval_Trappe          JUNCTION         0     1.62     0  00:05           0         135      -0.010
  30                   JUNCTION         0     1.74     0  00:05           0         141      -0.117
  Gischeren_node       JUNCTION         0    0.989     0  00:04           0        82.6       0.086
  34                   JUNCTION         0     0.35     0  00:02           0        29.1       0.001
  38                   JUNCTION         0    0.191     0  00:00           0        6.09       0.000
  SS6                  JUNCTION         0    0.184     0  00:01           0        15.1       0.001
  40                   JUNCTION         0     2.46     0  00:02           0         211      -0.000
  41                   JUNCTION         0     6.16     0  00:00           0        94.1       0.010
  SondeSchuettstein    JUNCTION         0     1.19     0  00:00           0        94.1       0.019
  SS4                  JUNCTION         0    0.191     0  00:07           0        16.4       0.002
  47                   JUNCTION         0     16.6     0  00:01           0    1.41e+03       0.001
  48                   JUNCTION         0     1.11     0  00:00           0        94.1       0.004
  SondeGischeren       JUNCTION         0    0.673     0  00:01           0        45.4       0.107
  49                   JUNCTION         0     1.32     0  00:01           0        15.2       0.504
  50                   JUNCTION         0    0.183     0  00:02           0        13.6       0.018
  51                   JUNCTION         0     32.6     0  00:00           0    1.98e+03      -0.000
  Amont_C              JUNCTION      22.9     46.3     0  00:00    1.98e+03    1.98e+03       0.014
  52                   JUNCTION         0    0.418     0  00:01           0        25.9       0.084
  53                   JUNCTION         0    0.695     0  00:00           0        20.2       0.056
  54                   JUNCTION         0    0.574     0  00:04           0        20.2       0.486
  56                   JUNCTION         0     1.99     0  00:02           0         171       0.000
  2                    JUNCTION         0    0.547     0  00:06           0        44.7     967.286
  4                    JUNCTION         0    0.325     0  00:02           0        26.7       0.022
  5                    JUNCTION         0     16.6     0  00:01           0    1.41e+03       0.022
  6                    JUNCTION         0     17.7     0  00:00           0    1.43e+03       0.007
  7                    JUNCTION         0     16.6     0  00:01           0    1.41e+03       0.024
  SS3                  JUNCTION         0    0.158     0  00:07           0        13.6       0.004
  SS5                  JUNCTION         0    0.569     0  00:05           0        47.5       0.014
  8                    JUNCTION         0     1.14     0  00:02           0        96.3       0.075
  10                   JUNCTION         0     1.12     0  00:01           0        15.1      -0.141
  SonSto_SS5           JUNCTION         0    0.819     0  00:05           0        69.9       0.002
  SonSto_SS3           JUNCTION         0    0.158     0  00:07           0        13.6       0.013
  SonSto_SS4           JUNCTION         0    0.349     0  00:07           0        30.1       0.015
  Amont_Trappe         JUNCTION         0     1.54     0  00:05           0         128       0.002
  SonSto_SS6           JUNCTION         0        1     0  00:05           0        85.1       0.024
  SS2                  JUNCTION         0        0     0  00:00           0           0       0.000 ltr
  SonSto_SS2           JUNCTION         0        0     0  00:00           0           0       0.000 ltr
  12                   JUNCTION         0    0.528     0  00:00           0        29.3       0.014
  14                   JUNCTION         0     3.35     0  00:00           0         171       0.029
  15                   JUNCTION         0    0.799     0  00:01           0        61.7       0.025
  TWT_PointHaut_60+650 JUNCTION         0    0.364     0  00:07           0     0.00032     -99.958
  TWT_Fensterstollen_60+375 JUNCTION         0    0.142     0  00:02           0        12.2       0.012
  TWT_Acces_LT_60+110  JUNCTION         0        0     0  00:00           0           0       0.000 ltr
  TWT_Liaison_LT_59+738 JUNCTION         0        0     0  00:00           0           0       0.000 ltr
  Syst_Est_amont       JUNCTION      1.15     1.15     0  00:07        98.9          99     157.317
  Syst_Est_interm      JUNCTION         0     1.21     0  00:04           0        38.6       1.248
  TWT_Branche_Est_Sonsto_60+540 JUNCTION         0        0     0  00:00           0           0       0.000 ltr
  TWT_Intersection_Sonsto_60+345 JUNCTION         0    0.444     0  00:02           0        37.9       0.010
  TWT_Chrosweg_61+140  JUNCTION         0  0.00618     0  00:07           0        0.53     299.617
  SonSto_F_sup         JUNCTION         0    0.717     0  00:02           0        61.6      -0.000
  SonSto_porte         JUNCTION         0    0.443     0  00:02           0        37.9      -5.821
  Brunnm_Fassung       OUTFALL          0   0.0323     0  00:02           0        2.49       0.000
  Brunnmuehle(Teich)   OUTFALL          0    0.324     0  00:02           0        26.2       0.000
  Fensterstollen       OUTFALL          0     1.89     0  00:01           0         141       0.000
  Gischeren            OUTFALL          0    0.958     0  00:07           0        82.5       0.000
  Schuettstein         OUTFALL          0      1.1     0  00:02           0        94.1       0.000
  Holiloch             OUTFALL          0     16.5     0  00:02           0    1.41e+03       0.000
  Sauserquelle         OUTFALL          0     1.99     0  00:02           0         171       0.000
  Entw_Stollen         OUTFALL          0   0.0486     0  00:07           0        4.19       0.000
  Sous_lacustre        OUTFALL          0   0.0357     0  00:02           0        2.87       0.000
  Sous_ecoul.          OUTFALL          0  0.00621     0  00:02           0       0.496       0.000
  Syst_Est_aval        OUTFALL          0    0.772     0  00:07           0        38.1       0.000
  TWT_Portail_Est_61+665 OUTFALL          0  0.00154     0  00:07           0       0.133       0.000
  
  
  **********************
  Node Surcharge Summary
  **********************
  
  Surcharging occurs when water rises above the top of the highest conduit.
  ---------------------------------------------------------------------
                                               Max. Height   Min. Depth
                                   Hours       Above Crown    Below Rim
  Node                 Type      Surcharged         Meters       Meters
  ---------------------------------------------------------------------
  9                    JUNCTION       23.99         73.592       24.608
  Holiloch_sonde       JUNCTION       23.99         63.794      134.306
  11                   JUNCTION       24.00         30.331      118.669
  13                   JUNCTION       23.99        103.675      293.325
  21                   JUNCTION       24.00         41.815      107.585
  34                   JUNCTION       24.00         19.684       79.716
  38                   JUNCTION       24.00         20.891      128.509
  40                   JUNCTION       24.00         63.436       32.564
  41                   JUNCTION       23.99        105.221      143.929
  SondeSchuettstein    JUNCTION       23.99         29.075        0.000
  47                   JUNCTION       23.99         20.118       77.982
  48                   JUNCTION       23.99         15.614       83.586
  SondeGischeren       JUNCTION       23.97         14.772       84.028
  49                   JUNCTION       23.97         12.420      179.580
  50                   JUNCTION       23.96          8.681      191.019
  51                   JUNCTION       24.00        121.533      274.467
  Amont_C              JUNCTION       24.00        127.615      269.385
  52                   JUNCTION       23.97         56.246       43.354
  53                   JUNCTION       23.99         65.258      129.742
  54                   JUNCTION       23.92         64.730      130.270
  56                   JUNCTION       24.00          8.744       90.256
  4                    JUNCTION       23.99          8.621       90.729
  5                    JUNCTION       23.98          2.748       42.252
  6                    JUNCTION       23.99         29.005      165.995
  8                    JUNCTION       23.93          2.036      192.964
  10                   JUNCTION       23.97         10.464      181.536
  12                   JUNCTION       23.99         67.749      131.901
  14                   JUNCTION       23.99         65.095      130.905
  15                   JUNCTION       23.97          4.580       94.870
  Syst_Est_interm      JUNCTION       23.88         32.241       66.259
  
  
  *********************
  Node Flooding Summary
  *********************
  
  No nodes were flooded.
  
  
  ***********************
  Outfall Loading Summary
  ***********************
  
  -----------------------------------------------------------
                         Flow       Avg       Max       Total
                         Freq      Flow      Flow      Volume
  Outfall Node           Pcnt       CMS       CMS    10^6 ltr
  -----------------------------------------------------------
  Brunnm_Fassung        99.95    0.0289    0.0323       2.492
  Brunnmuehle(Teich)    99.95     0.303     0.324      26.155
  Fensterstollen        99.95      1.64      1.89     141.472
  Gischeren             99.69     0.958     0.958      82.485
  Schuettstein          99.95      1.09       1.1      94.090
  Holiloch              99.93      16.4      16.5    1413.053
  Sauserquelle          99.97      1.98      1.99     170.998
  Entw_Stollen          99.94    0.0485    0.0486       4.188
  Sous_lacustre        100.00    0.0332    0.0357       2.870
  Sous_ecoul.           99.95   0.00575   0.00621       0.496
  Syst_Est_aval         99.49     0.444     0.772      38.143
  TWT_Portail_Est_61+665  99.49   0.00154   0.00154       0.133
  -----------------------------------------------------------
  System                99.85      22.9      23.2    1976.574
  
  
  ********************
  Link Flow Summary
  ********************
  
  -----------------------------------------------------------------------------
                                 Maximum  Time of Max   Maximum    Max/    Max/
                                  |Flow|   Occurrence   |Veloc|    Full    Full
  Link                 Type          CMS  days hr:min     m/sec    Flow   Depth
  -----------------------------------------------------------------------------
  Brunn_Fassung_L      CONDUIT    0.0323     0  00:02      1.40    0.53    0.76
  11                   CONDUIT      19.3     0  00:00      9.82    2.88    1.00
  14                   CONDUIT      22.1     0  00:00     14.66   12.04    1.00
  16                   CONDUIT     0.459     0  00:02      5.37    3.20    1.00
  17                   CONDUIT     0.191     0  00:00      0.68    0.33    1.00
  26                   CONDUIT      6.16     0  00:00     11.43    8.35    1.00
  27                   CONDUIT    0.0731     0  00:05      2.02    0.94    0.98
  Gischeren_L          CONDUIT     0.958     0  00:07      1.30    0.12    0.62
  Schuettstein_L       CONDUIT       1.1     0  00:02      5.99    0.94    0.89
  Brunnmuehle_L        CONDUIT      0.35     0  00:02      1.24    0.16    1.00
  32                   CONDUIT         0     0  00:00      0.00    0.00    0.00
  35                   CONDUIT     0.468     0  00:03      0.55    0.08    1.00
  45                   CONDUIT      1.03     0  00:05      5.90    0.01    0.06
  46                   CONDUIT      1.99     0  00:02      7.05    1.99    1.00
  47                   CONDUIT     0.158     0  00:00      4.16    9.85    1.00
  50                   CONDUIT      1.11     0  00:00      4.16    0.21    1.00
  51                   CONDUIT     0.465     0  00:02      4.83    1.30    1.00
  53                   CONDUIT     0.191     0  00:00      1.15    0.97    1.00
  Fenster_L            CONDUIT      1.89     0  00:01      5.63    0.02    0.10
  58                   CONDUIT      1.67     0  00:05      4.70    0.02    0.11
  59                   CONDUIT     0.828     0  00:05      4.35    0.01    0.07
  61                   CONDUIT      1.19     0  00:00      5.88    1.67    1.00
  63                   CONDUIT     0.184     0  00:01      2.54    0.83    0.52
  66                   CONDUIT     0.183     0  00:02      2.93    2.41    1.00
  67                   CONDUIT      22.8     0  00:00      5.92    0.23    1.00
  Amont_L              CONDUIT      32.5     0  00:00      4.60    1.76    1.00
  69                   CONDUIT     0.418     0  00:01      3.51    1.63    1.00
  70                   CONDUIT     0.302     0  00:02      2.40    0.94    1.00
  71                   CONDUIT     0.695     0  00:00      2.95    1.23    1.00
  72                   CONDUIT     0.574     0  00:04      2.69    2.72    1.00
  Sauser_L             CONDUIT      1.99     0  00:02      3.14    0.51    0.75
  75                   CONDUIT     0.191     0  00:07      5.43    1.94    0.69
  Entw_Sto_L           CONDUIT    0.0486     0  00:07      1.91    1.12    1.00
  4                    CONDUIT     0.043     0  00:05      1.52    1.93    1.00
  5                    CONDUIT   0.00977     0  00:03      0.41    0.35    1.00
  6                    CONDUIT    0.0357     0  00:02      1.39    0.54    0.76
  7                    CONDUIT     0.325     0  00:02      1.66    0.50    1.00
  Brunn_Teich_L        CONDUIT     0.324     0  00:02      1.37    0.25    0.67
  9                    CONDUIT   0.00621     0  00:02      1.56    0.00    0.51
  12                   CONDUIT      16.6     0  00:01      8.42    0.34    1.00
  15                   CONDUIT      17.7     0  00:00      8.43    0.46    1.00
  18                   CONDUIT      16.6     0  00:01      7.87    0.67    1.00
  19                   CONDUIT      1.32     0  00:01      1.75    1.25    1.00
  20                   CONDUIT      1.54     0  00:05      5.66    0.12    0.32
  21                   CONDUIT      16.6     0  00:01      1.54    0.11    0.95
  Hooliloch_L          CONDUIT      16.5     0  00:02      2.21    0.33    0.78
  23                   CONDUIT     0.158     0  00:07      3.38    0.99    0.63
  25                   CONDUIT      1.14     0  00:02      3.90    0.93    1.00
  28                   CONDUIT     0.158     0  00:07      1.13    0.00    0.06
  29                   CONDUIT     0.264     0  00:05      1.19    0.01    0.07
  31                   CONDUIT     0.658     0  00:04      1.04    0.40    0.91
  33                   CONDUIT      1.12     0  00:01      1.03    0.43    1.00
  37                   CONDUIT     0.556     0  00:05      0.80    0.01    0.16
  SS3_L                CONDUIT     0.158     0  00:07      3.23    0.00    0.05
  40                   CONDUIT      1.54     0  00:05      2.48    0.01    0.06
  SS6_L                CONDUIT     0.184     0  00:01      2.36    0.00    0.07
  1                    CONDUIT         0     0  00:00      0.00    0.00    0.02
  2                    CONDUIT         0     0  00:00      0.00    0.00    0.00
  3                    CONDUIT     0.191     0  00:07      2.88    0.02    0.16
  10                   CONDUIT     0.159     0  00:00      0.36    0.00    0.16
  13                   CONDUIT     0.528     0  00:00      6.53    1.15    1.00
  22                   CONDUIT     0.391     0  00:00      4.07    0.97    1.00
  24                   CONDUIT      3.35     0  00:00      4.83    0.00    1.00
  30                   CONDUIT      1.99     0  00:02      2.76    0.83    1.00
  34                   CONDUIT     0.799     0  00:01      3.51    0.89    1.00
  36                   CONDUIT     0.717     0  00:02      5.82    0.77    0.56
  38                   CONDUIT     0.673     0  00:01      3.26    0.25    1.00
  48                   CONDUIT      1.21     0  00:04      2.64    0.81    0.86
  54                   CONDUIT     0.772     0  00:07      0.66    0.15    0.63
  68                   CONDUIT     0.576     0  00:02      9.57    0.00    0.05
  73                   CONDUIT     0.495     0  00:06      1.16    0.11    0.26
  TWT1                 CONDUIT   0.00154     0  00:07      0.00    0.00    0.00
  TWT2                 CONDUIT   0.00618     0  00:07      1.21    0.00    0.00
  1_1_b_1              CONDUIT   0.00226     0  00:07      0.01    0.00    0.36
  TWT3                 CONDUIT         0     0  00:00      0.00    0.00    0.00
  TWT4                 CONDUIT         0     0  00:00      0.00    0.00    0.00
  1_2_b_               CONDUIT         0     0  00:00      0.00    0.00    0.00
  1_2_b_2              CONDUIT     0.142     0  00:02      7.96    0.01    0.06
  1_3_b_2              CONDUIT     0.364     0  00:07      0.92    0.03    0.51
  TWT5                 CONDUIT    0.0618     0  00:02      1.27    0.00    0.01
  1_4_a                CONDUIT    0.0796     0  00:02      0.73    0.00    0.07
  1_4_a_2              CONDUIT     0.382     0  00:02      0.91    0.02    0.53
  TWT6                 CONDUIT         0     0  00:00      0.00    0.00    0.00
  1_4_b                CONDUIT     0.443     0  00:02     12.26    0.00    0.09
  TWT7                 CONDUIT         0     0  00:00      0.00    0.00    0.00
  1_5_a                CONDUIT         0     0  00:00      0.00    0.00    0.14
  
  
  ***************************
  Flow Classification Summary
  ***************************
  
  -------------------------------------------------------------------------------------
                      Adjusted    ---------- Fraction of Time in Flow Class ---------- 
                       /Actual         Up    Down  Sub   Sup   Up    Down  Norm  Inlet 
  Conduit               Length    Dry  Dry   Dry   Crit  Crit  Crit  Crit  Ltd   Ctrl  
  -------------------------------------------------------------------------------------
  Brunn_Fassung_L         1.00   0.00  0.00  0.00  0.00  1.00  0.00  0.00  0.00  0.00
  11                      1.00   0.00  0.00  0.00  1.00  0.00  0.00  0.00  0.00  0.00
  14                      1.00   0.00  0.00  0.00  1.00  0.00  0.00  0.00  0.00  0.00
  16                      1.00   0.00  0.00  0.00  1.00  0.00  0.00  0.00  0.00  0.00
  17                      1.00   0.00  0.00  0.00  1.00  0.00  0.00  0.00  0.00  0.00
  26                      1.00   0.00  0.00  0.00  1.00  0.00  0.00  0.00  0.00  0.00
  27                      1.00   0.00  0.00  0.00  0.00  1.00  0.00  0.00  0.00  0.00
  Gischeren_L             1.00   0.00  0.00  0.00  1.00  0.00  0.00  0.00  0.00  0.00
  Schuettstein_L          1.00   0.00  0.00  0.00  0.00  1.00  0.00  0.00  0.00  0.00
  Brunnmuehle_L           1.00   0.00  0.00  0.00  1.00  0.00  0.00  0.00  0.00  0.00
  32                      1.00   1.00  0.00  0.00  0.00  0.00  0.00  0.00  0.00  0.00
  35                      1.00   0.00  0.00  0.00  1.00  0.00  0.00  0.00  0.00  0.00
  45                      1.00   0.00  0.00  0.00  0.00  1.00  0.00  0.00  0.00  0.00
  46                      1.00   0.00  0.00  0.00  1.00  0.00  0.00  0.00  0.00  0.00
  47                      1.00   0.00  0.00  0.00  1.00  0.00  0.00  0.00  0.00  0.00
  50                      1.00   0.00  0.00  0.00  1.00  0.00  0.00  0.00  0.00  0.00
  51                      1.00   0.00  0.00  0.00  1.00  0.00  0.00  0.00  0.00  0.00
  53                      1.00   0.00  0.00  0.00  1.00  0.00  0.00  0.00  0.00  0.00
  Fenster_L               1.00   0.00  0.00  0.00  0.00  1.00  0.00  0.00  0.00  0.00
  58                      1.00   0.00  0.00  0.00  0.00  1.00  0.00  0.00  1.00  0.00
  59                      1.00   0.00  0.00  0.00  0.00  1.00  0.00  0.00  0.00  0.00
  61                      1.00   0.00  0.00  0.00  1.00  0.00  0.00  0.00  0.00  0.00
  63                      1.00   0.00  0.00  0.00  1.00  0.00  0.00  0.00  0.00  0.00
  66                      1.00   0.00  0.00  0.00  1.00  0.00  0.00  0.00  0.00  0.00
  67                      1.00   0.00  0.00  0.00  1.00  0.00  0.00  0.00  0.00  0.00
  Amont_L                 1.00   0.00  0.00  0.00  1.00  0.00  0.00  0.00  0.00  0.00
  69                      1.00   0.00  0.00  0.00  1.00  0.00  0.00  0.00  0.00  0.00
  70                      1.00   0.00  0.00  0.00  1.00  0.00  0.00  0.00  0.00  0.00
  71                      1.00   0.00  0.00  0.00  1.00  0.00  0.00  0.00  0.00  0.00
  72                      1.00   0.00  0.00  0.00  1.00  0.00  0.00  0.00  0.00  0.00
  Sauser_L                1.00   0.00  0.00  0.00  0.00  1.00  0.00  0.00  0.00  0.00
  75                      1.00   0.00  0.00  0.00  0.00  1.00  0.00  0.00  0.00  0.00
  Entw_Sto_L              1.00   0.00  0.00  0.00  1.00  0.00  0.00  0.00  0.00  0.00
  4                       1.00   0.00  0.00  0.00  1.00  0.00  0.00  0.00  0.00  0.00
  5                       1.00   0.00  0.00  0.00  1.00  0.00  0.00  0.00  0.00  0.00
  6                       1.00   0.00  0.00  0.00  0.00  1.00  0.00  0.00  0.00  0.00
  7                       1.00   0.00  0.00  0.00  1.00  0.00  0.00  0.00  0.00  0.00
  Brunn_Teich_L           1.00   0.00  0.00  0.00  1.00  0.00  0.00  0.00  0.00  0.00
  9                       1.00   0.00  0.00  0.00  0.00  1.00  0.00  0.00  0.00  0.00
  12                      1.00   0.00  0.00  0.00  1.00  0.00  0.00  0.00  0.00  0.00
  15                      1.00   0.00  0.00  0.00  1.00  0.00  0.00  0.00  0.00  0.00
  18                      1.00   0.00  0.00  0.00  1.00  0.00  0.00  0.00  0.00  0.00
  19                      1.00   0.00  0.00  0.00  1.00  0.00  0.00  0.00  0.00  0.00
  20                      1.00   0.00  0.00  0.00  0.00  1.00  0.00  0.00  0.00  0.00
  21                      1.00   0.00  0.00  0.00  1.00  0.00  0.00  0.00  0.00  0.00
  Hooliloch_L             1.00   0.00  0.00  0.00  1.00  0.00  0.00  0.00  0.00  0.00
  23                      1.00   0.00  0.00  0.00  0.00  1.00  0.00  0.00  0.00  0.00
  25                      1.00   0.00  0.00  0.00  1.00  0.00  0.00  0.00  0.00  0.00
  28                      1.00   0.00  0.00  0.00  1.00  0.00  0.00  0.00  1.00  0.00
  29                      1.00   0.00  0.00  0.00  1.00  0.00  0.00  0.00  0.00  0.00
  31                      1.00   0.00  0.00  0.00  1.00  0.00  0.00  0.00  0.00  0.00
  33                      1.00   0.00  0.00  0.00  1.00  0.00  0.00  0.00  0.00  0.00
  37                      1.00   0.00  0.00  0.00  1.00  0.00  0.00  0.00  0.00  0.00
  SS3_L                   1.00   0.00  0.00  0.00  0.00  1.00  0.00  0.00  1.00  0.00
  40                      1.00   0.00  0.00  0.00  0.00  1.00  0.00  0.00  0.00  0.00
  SS6_L                   1.00   0.00  0.00  0.00  0.00  1.00  0.00  0.00  1.00  0.00
  1                       1.00   0.00  1.00  0.00  0.00  0.00  0.00  0.00  0.00  0.00
  2                       1.00   1.00  0.00  0.00  0.00  0.00  0.00  0.00  0.00  0.00
  3                       1.00   0.00  0.00  0.00  0.00  1.00  0.00  0.00  1.00  0.00
  10                      1.00   0.00  0.00  0.00  1.00  0.00  0.00  0.00  0.00  0.00
  13                      1.00   0.00  0.00  0.00  1.00  0.00  0.00  0.00  0.00  0.00
  22                      1.00   0.00  0.00  0.00  1.00  0.00  0.00  0.00  0.00  0.00
  24                      1.00   0.00  0.00  0.00  1.00  0.00  0.00  0.00  0.00  0.00
  30                      1.00   0.00  0.00  0.00  1.00  0.00  0.00  0.00  0.00  0.00
  34                      1.00   0.00  0.00  0.00  1.00  0.00  0.00  0.00  0.00  0.00
  36                      1.00   0.00  0.00  0.00  0.00  1.00  0.00  0.00  0.00  0.00
  38                      1.00   0.00  0.00  0.00  1.00  0.00  0.00  0.00  0.00  0.00
  48                      1.00   0.00  0.00  0.00  1.00  0.00  0.00  0.00  0.00  0.00
  54                      1.00   0.00  0.01  0.00  0.99  0.00  0.00  0.00  0.00  0.00
  68                      1.00   0.00  0.00  0.00  0.00  1.00  0.00  0.00  1.00  0.00
  73                      1.00   0.00  0.00  0.00  1.00  0.00  0.00  0.00  1.00  0.00
  TWT1                    1.00   0.01  0.00  0.00  0.00  0.99  0.00  0.00  0.00  0.00
  TWT2                    1.00   0.01  0.00  0.00  0.00  0.99  0.00  0.00  0.00  0.00
  1_1_b_1                 1.00   0.00  0.01  0.00  0.99  0.00  0.00  0.00  0.99  0.00
  TWT3                    1.00   0.01  0.99  0.00  0.00  0.00  0.00  0.00  0.00  0.00
  TWT4                    1.00   0.00  1.00  0.00  0.00  0.00  0.00  0.00  0.00  0.00
  1_2_b_                  1.00   1.00  0.00  0.00  0.00  0.00  0.00  0.00  0.00  0.00
  1_2_b_2                 1.00   0.00  0.00  0.00  0.00  1.00  0.00  0.00  0.00  0.00
  1_3_b_2                 1.00   0.00  0.01  0.00  0.99  0.00  0.00  0.00  0.99  0.00
  TWT5                    1.00   0.00  0.00  0.00  0.00  1.00  0.00  0.00  1.00  0.00
  1_4_a                   1.00   0.00  0.00  0.00  1.00  0.00  0.00  0.00  1.00  0.00
  1_4_a_2                 1.00   0.00  0.00  0.00  1.00  0.00  0.00  0.00  0.00  0.00
  TWT6                    1.00   0.00  1.00  0.00  0.00  0.00  0.00  0.00  0.00  0.00
  1_4_b                   1.00   0.00  0.00  0.00  0.00  1.00  0.00  0.00  1.00  0.00
  TWT7                    1.00   1.00  0.00  0.00  0.00  0.00  0.00  0.00  0.00  0.00
  1_5_a                   1.00   0.00  1.00  0.00  0.00  0.00  0.00  0.00  0.00  0.00
  
  
  *************************
  Conduit Surcharge Summary
  *************************
  
  ----------------------------------------------------------------------------
                                                           Hours        Hours 
                         --------- Hours Full --------   Above Full   Capacity
  Conduit                Both Ends  Upstream  Dnstream   Normal Flow   Limited
  ----------------------------------------------------------------------------
  Brunn_Fassung_L             0.01      0.01     24.00      0.01         0.01
  11                         23.99     23.99     23.99     23.99         0.01
  14                         23.99     23.99     24.00     23.99         0.01
  16                         24.00     24.00     24.00     23.99        23.99
  17                         24.00     24.00     24.00      0.01         0.01
  26                         23.99     24.00     23.99     23.99        23.99
  27                          0.01      0.01     23.98      0.01         0.01
  Gischeren_L                 0.01      0.01     23.93      0.01         0.01
  Schuettstein_L              0.01      0.01     23.99      0.01         0.01
  Brunnmuehle_L              24.00     24.00     24.00      0.01         0.01
  35                         23.94     23.94     23.97      0.01         0.01
  46                         24.00     24.00     24.00     23.99         0.01
  47                         24.00     24.00     24.00     24.00        24.00
  50                         23.99     23.99     23.99      0.01         0.01
  51                         23.99     23.99     24.00     23.99         0.01
  53                         24.00     24.00     24.00      0.01         0.01
  61                         23.99     23.99     23.99     23.99         0.01
  63                          0.01     23.98      0.01      0.01         0.01
  66                         23.96     23.98     23.96     23.98        23.96
  67                         23.99     23.99     24.00      0.01         0.01
  Amont_L                    24.00     24.00     24.00     24.00         0.01
  69                         23.97     23.97     24.00     23.99         0.01
  70                         23.97     23.97     24.00      0.01         0.01
  71                         23.99     23.99     23.99      0.01         0.01
  72                         23.92     23.99     23.92     23.99        23.92
  Sauser_L                    0.01      0.01     24.00      0.01         0.01
  75                          0.01     23.98      0.01     23.92         0.01
  Entw_Sto_L                 23.90     23.93     23.90     23.93        23.90
  4                          23.93     23.98     23.93     23.94        23.93
  5                          23.93     23.93     23.99      0.01         0.01
  6                           0.01      0.01     24.00      0.01         0.01
  7                          23.99     23.99     24.00      0.01         0.01
  Brunn_Teich_L               0.01      0.01     23.99      0.01         0.01
  9                           0.01      0.01     23.99      0.01         0.01
  12                         23.99     23.99     23.99      0.01         0.01
  15                         23.99     23.99     23.99      0.01         0.01
  18                         23.99     23.99     23.99      0.01         0.01
  19                         23.98     23.98     23.99      0.01         0.01
  21                          0.01      0.01     23.98      0.01         0.01
  Hooliloch_L                 0.01      0.01     23.98      0.01         0.01
  23                          0.01     23.96      0.01      0.01         0.01
  25                         23.95     23.95     23.99      0.01         0.01
  31                          0.01      0.01     23.93      0.01         0.01
  33                         23.97     23.97     23.97      0.01         0.01
  13                         23.99     23.99     24.00      0.01         0.01
  22                         23.99     23.99     24.00      0.01         0.01
  24                         23.99     23.99     24.00      0.01         0.01
  30                         23.99     23.99     24.00      0.01         0.01
  34                         23.97     23.97     23.99      0.01         0.01
  36                          0.01     23.97      0.01      0.01         0.01
  38                         23.96     23.96     23.97      0.01         0.01
  48                          0.01      0.01     23.91      0.01         0.01
  54                          0.01      0.01     23.88      0.01         0.01
  1_3_b_2                     0.01      0.01     23.88      0.01         0.01
  1_4_a_2                     0.01      0.01     23.99      0.01         0.01
  

  Analysis begun on:  Thu Aug 13 11:11:29 2026
  Analysis ended on:  Thu Aug 13 11:11:31 2026
  Total elapsed time: 00:00:02