
  EPA STORM WATER MANAGEMENT MODEL - VERSION 5.2 (Build 5.2.4)
  ------------------------------------------------------------

  Brunnmuehle (Twann) 
  WARNING 08: elevation drop exceeds length for Conduit SS3_L
  WARNING 08: elevation drop exceeds length for Conduit SS6_L
  WARNING 08: elevation drop exceeds length for Conduit 2
  WARNING 08: elevation drop exceeds length for Conduit 3
  WARNING 08: elevation drop exceeds length for Conduit 68
  WARNING 08: elevation drop exceeds length for Conduit 1_2_b_
  WARNING 08: elevation drop exceeds length for Conduit 1_2_b_2
  WARNING 08: elevation drop exceeds length for Conduit 1_3_a_2
  WARNING 08: elevation drop exceeds length for Conduit 1_4_b
  WARNING 08: elevation drop exceeds length for Conduit 1_5_a
  WARNING 04: minimum elevation drop used for Conduit 1_7_a
  WARNING 08: elevation drop exceeds length for Conduit 1_7_a_
  WARNING 08: elevation drop exceeds length for Conduit 1_7_a__
  WARNING 08: elevation drop exceeds length for Conduit 1_7_a_4
  WARNING 02: maximum depth increased for Node 2
  
  ****************
  Analysis Options
  ****************
  Flow Units ............... CMS
  Process Models:
    Rainfall/Runoff ........ NO
    RDII ................... NO
    Snowmelt ............... NO
    Groundwater ............ NO
    Flow Routing ........... YES
    Ponding Allowed ........ NO
    Water Quality .......... NO
  Flow Routing Method ...... DYNWAVE
  Surcharge Method ......... EXTRAN
  Starting Date ............ 01/01/2000 00:00:00
  Ending Date .............. 01/02/2000 00:00:00
  Antecedent Dry Days ...... 0.0
  Report Time Step ......... 01:00:00
  Routing Time Step ........ 0.50 sec
  Variable Time Step ....... YES
  Maximum Trials ........... 8
  Number of Threads ........ 1
  Head Tolerance ........... 0.001500 m
  
  
  **************************        Volume        Volume
  Flow Routing Continuity        hectare-m      10^6 ltr
  **************************     ---------     ---------
  Dry Weather Inflow .......         0.000         0.000
  Wet Weather Inflow .......         0.000         0.000
  Groundwater Inflow .......         0.000         0.000
  RDII Inflow ..............         0.000         0.000
  External Inflow ..........       207.725      2077.271
  External Outflow .........       197.147      1971.493
  Flooding Loss ............         0.000         0.000
  Evaporation Loss .........         0.000         0.000
  Exfiltration Loss ........         0.000         0.000
  Initial Stored Volume ....         0.056         0.562
  Final Stored Volume ......         0.424         4.244
  Continuity Error (%) .....         4.914
  
  
  *************************
  Highest Continuity Errors
  *************************
  Node TWT_Acces_LT_60+110 (100.00%)
  Node 2 (55.09%)
  Node TWT_Fensterstollen_60+375 (-31.90%)
  Node TWT_Intersection_Sonsto_60+345 (16.65%)
  Node TWT_Chrosweg_61+140 (12.64%)
  
  
  ***************************
  Time-Step Critical Elements
  ***************************
  Link 1_7_a_ (21095.10%)
  Link 20 (41.86%)
  Link 1_7_a_1 (7.71%)
  
  
  ********************************
  Highest Flow Instability Indexes
  ********************************
  All links are stable.
  
  
  *********************************
  Most Frequent Nonconverging Nodes
  *********************************
  Node Brunnm_Fassung (68.67%)
  Node Brunnmuehle(Teich) (68.67%)
  Node Fensterstollen (68.67%)
  Node Gischeren (68.67%)
  Node Schuettstein (68.67%)
  
  
  *************************
  Routing Time Step Summary
  *************************
  Minimum Time Step           :     0.50 sec
  Average Time Step           :     0.50 sec
  Maximum Time Step           :     0.50 sec
  % of Time in Steady State   :    99.53
  Average Iterations per Step :     7.75
  % of Steps Not Converging   :    68.67
  Time Step Frequencies       :
      0.500 -  0.500 sec      :   100.00 %
      0.500 -  0.500 sec      :     0.00 %
      0.500 -  0.500 sec      :     0.00 %
      0.500 -  0.500 sec      :     0.00 %
      0.500 -  0.500 sec      :     0.00 %
  
  
  ******************
  Node Depth Summary
  ******************
  
  ---------------------------------------------------------------------------------
                                 Average  Maximum  Maximum  Time of Max    Reported
                                   Depth    Depth      HGL   Occurrence   Max Depth
  Node                 Type       Meters   Meters   Meters  days hr:min      Meters
  ---------------------------------------------------------------------------------
  9                    JUNCTION    54.21    68.68   507.18     0  00:00       54.24
  Holiloch_sonde       JUNCTION    46.41    64.14   504.14     0  00:00       46.43
  11                   JUNCTION    61.95    64.51   474.51     0  00:02       61.96
  13                   JUNCTION    85.40    88.13   526.13     0  00:00       85.43
  21                   JUNCTION    44.30    46.04   446.04     0  00:02       44.31
  SonSto_F             JUNCTION     0.14     0.14   437.94     0  00:06        0.14
  Sondierstollen       JUNCTION     0.00     0.00   440.80     0  00:00        0.00
  Aval_Trappe          JUNCTION     0.32     0.33   437.93     0  00:06        0.32
  30                   JUNCTION     0.48     0.48   437.78     0  00:06        0.48
  Gischeren_node       JUNCTION     3.98     4.00   480.50     0  00:06        4.00
  34                   JUNCTION    21.91    23.34   443.34     0  00:02       21.92
  38                   JUNCTION    29.41    31.75   451.75     0  00:02       29.42
  SS6                  JUNCTION     0.05     0.06   448.06     0  00:02        0.05
  40                   JUNCTION    21.69    25.08   444.08     0  00:01       21.70
  41                   JUNCTION    85.15    94.99   532.49     0  00:00       85.18
  SondeSchuettstein    JUNCTION    26.40    28.28   487.28     0  00:00       26.41
  SS4                  JUNCTION     0.09     0.09   448.09     0  00:06        0.09
  47                   JUNCTION    15.59    20.90   485.80     0  00:00       15.60
  48                   JUNCTION    13.52    15.10   486.10     0  00:00       13.53
  SondeGischeren       JUNCTION    15.50    15.53   480.53     0  00:06       15.53
  49                   JUNCTION    16.58    18.51   484.51     0  00:02       16.60
  50                   JUNCTION     8.85     8.87   471.87     0  00:06        8.87
  51                   JUNCTION   104.24   108.46   528.46     0  00:00      104.27
  Amont_C              JUNCTION   109.31   141.12   559.12     0  00:00      109.34
  52                   JUNCTION    27.24    53.16   510.16     0  00:02       27.29
  53                   JUNCTION    50.84    52.58   519.58     0  00:06       50.94
  54                   JUNCTION    50.94    53.20   516.20     0  00:06       51.16
  56                   JUNCTION     6.25     6.73   436.73     0  00:01        6.25
  2                    JUNCTION     0.11     0.11   438.11     0  00:06        0.11
  4                    JUNCTION     9.26    10.47   438.47     0  00:00        9.26
  5                    JUNCTION     6.69     6.72   479.22     0  00:02        6.69
  6                    JUNCTION    24.79    31.24   489.24     0  00:00       24.80
  7                    JUNCTION     4.17     4.19   479.19     0  00:02        4.17
  SS3                  JUNCTION     0.08     0.08   448.08     0  00:06        0.08
  SS5                  JUNCTION     0.65     0.65   439.55     0  00:06        0.65
  8                    JUNCTION     6.76     6.78   480.78     0  00:06        6.78
  10                   JUNCTION    14.58    16.56   484.56     0  00:02       14.60
  SonSto_SS5           JUNCTION     0.14     0.15   439.45     0  00:06        0.14
  SonSto_SS3           JUNCTION     0.11     0.11   439.81     0  00:05        0.11
  SonSto_SS4           JUNCTION     0.09     0.09   439.49     0  00:06        0.09
  Amont_Trappe         JUNCTION     0.23     0.24   437.94     0  00:06        0.23
  SonSto_SS6           JUNCTION     0.13     0.13   438.83     0  00:06        0.13
  SS2                  JUNCTION     0.00     0.00   448.00     0  00:00        0.00
  SonSto_SS2           JUNCTION     0.00     0.00   441.50     0  00:00        0.00
  12                   JUNCTION    36.25    42.81   491.81     0  00:00       36.27
  14                   JUNCTION    29.16    37.06   502.06     0  00:01       29.18
  15                   JUNCTION     0.52     0.52   472.52     0  00:02        0.52
  TWT_PointHaut_60+650 JUNCTION     0.21     0.23   438.73     0  00:04        0.21
  TWT_Fensterstollen_60+375 JUNCTION     0.73     0.74   438.04     0  00:06        0.73
  TWT_Acces_LT_60+110  JUNCTION     0.45     0.45   437.95     0  00:06        0.45
  TWT_Liaison_LT_59+738 JUNCTION     0.00     0.00   450.60     0  00:00        0.00
  Syst_Est_amont       JUNCTION     0.70     0.70   430.70     0  00:06        0.70
  Syst_Est_interm      JUNCTION    19.70    31.46   441.46     0  00:06       19.79
  TWT_Branche_Est_Sonsto_60+540 JUNCTION     0.48     0.58   438.98     0  00:01        0.48
  TWT_Intersection_Sonsto_60+345 JUNCTION     0.89     1.08   438.08     0  00:05        0.89
  TWT_Chrosweg_61+140  JUNCTION     0.15     0.15   432.15     0  00:06        0.15
  SonSto_F_sup         JUNCTION     0.05     0.05   448.05     0  00:02        0.05
  SonSto_porte         JUNCTION     0.00     0.00   438.50     0  00:00        0.00
  Brunnm_Fassung       OUTFALL      0.12     0.12   433.92     0  00:02        0.12
  Brunnmuehle(Teich)   OUTFALL      0.27     0.27   435.77     0  00:02        0.27
  Fensterstollen       OUTFALL      0.46     0.46   437.46     0  00:06        0.46
  Gischeren            OUTFALL      0.25     0.26   480.26     0  00:06        0.26
  Schuettstein         OUTFALL      0.33     0.33   477.88     0  00:02        0.33
  Holiloch             OUTFALL      2.08     2.09   478.59     0  00:02        2.08
  Sauserquelle         OUTFALL      0.27     0.27   435.82     0  00:01        0.27
  Entw_Stollen         OUTFALL      0.11     0.11   436.61     0  00:06        0.11
  Sous_lacustre        OUTFALL      0.12     0.12   429.32     0  00:02        0.12
  Sous_ecoul.          OUTFALL      0.00     0.00   433.00     0  00:02        0.00
  Syst_Est_aval        OUTFALL      0.35     0.39   429.39     0  00:06        0.35
  TWT_Portail_Est_61+665 OUTFALL      0.15     0.15   421.75     0  00:06        0.15
  
  
  *******************
  Node Inflow Summary
  *******************
  
  -------------------------------------------------------------------------------------------------
                                  Maximum  Maximum                  Lateral       Total        Flow
                                  Lateral    Total  Time of Max      Inflow      Inflow     Balance
                                   Inflow   Inflow   Occurrence      Volume      Volume       Error
  Node                 Type           CMS      CMS  days hr:min    10^6 ltr    10^6 ltr     Percent
  -------------------------------------------------------------------------------------------------
  9                    JUNCTION         0     20.6     0  00:00           0    1.24e+03       0.010
  Holiloch_sonde       JUNCTION         0       18     0  00:00           0    1.18e+03       0.011
  11                   JUNCTION         0    0.338     0  00:00           0        28.1       0.001
  13                   JUNCTION         0     22.8     0  00:00           0    1.68e+03       0.007
  21                   JUNCTION         0    0.567     0  00:02           0        48.1       0.002
  SonSto_F             JUNCTION         0    0.803     0  00:06           0        69.3       3.804
  Sondierstollen       JUNCTION         0        0     0  00:00           0           0       0.000 ltr
  Aval_Trappe          JUNCTION         0     1.54     0  00:06           0         131      -1.207
  30                   JUNCTION         0     5.28     0  00:06           0         455       2.527
  Gischeren_node       JUNCTION         0      0.8     0  00:05           0        65.9       0.180
  34                   JUNCTION         0    0.525     0  00:02           0        44.5       0.003
  38                   JUNCTION         0    0.325     0  00:00           0        25.5      -0.007
  SS6                  JUNCTION         0    0.175     0  00:02           0        14.4      -0.005
  40                   JUNCTION         0      2.9     0  00:02           0         248       0.001
  41                   JUNCTION         0        6     0  00:00           0        78.1      -0.003
  SondeSchuettstein    JUNCTION         0     1.09     0  00:00           0        78.1      -0.011
  SS4                  JUNCTION         0    0.169     0  00:06           0        14.5       0.005
  47                   JUNCTION         0     14.5     0  00:00           0    1.17e+03       0.001
  48                   JUNCTION         0        1     0  00:00           0        78.1       0.018
  SondeGischeren       JUNCTION         0    0.554     0  00:02           0        38.1       0.142
  49                   JUNCTION         0     1.22     0  00:01           0        14.4      -0.172
  50                   JUNCTION         0    0.182     0  00:02           0        13.6       0.025
  51                   JUNCTION         0     40.1     0  00:00           0    1.98e+03       0.010
  Amont_C              JUNCTION      22.9     46.8     0  00:00    1.98e+03    1.98e+03       0.011
  52                   JUNCTION         0    0.368     0  00:02           0        22.7       0.096
  53                   JUNCTION         0    0.615     0  00:00           0        17.7       0.069
  54                   JUNCTION         0    0.493     0  00:06           0        17.7       0.628
  56                   JUNCTION         0    0.653     0  00:01           0        53.1       0.002
  2                    JUNCTION         0   0.0661     0  00:06           0         5.7     122.683
  4                    JUNCTION         0    0.485     0  00:02           0        40.9       0.014
  5                    JUNCTION         0     13.9     0  00:02           0    1.17e+03       0.004
  6                    JUNCTION         0     16.2     0  00:00           0    1.18e+03       0.008
  7                    JUNCTION         0     14.4     0  00:01           0    1.17e+03       0.135
  SS3                  JUNCTION         0    0.158     0  00:06           0        13.6      -0.001
  SS5                  JUNCTION         0    0.369     0  00:06           0        31.7      -0.293
  8                    JUNCTION         0    0.953     0  00:03           0        79.7       0.114
  10                   JUNCTION         0     1.01     0  00:01           0        14.4       0.434
  SonSto_SS5           JUNCTION         0    0.403     0  00:06           0        34.7      -3.156
  SonSto_SS3           JUNCTION         0    0.158     0  00:06           0        13.6      -0.396
  SonSto_SS4           JUNCTION         0    0.329     0  00:06           0        28.2      -0.086
  Amont_Trappe         JUNCTION         0    0.734     0  00:06           0        63.3      -0.815
  SonSto_SS6           JUNCTION         0    0.507     0  00:06           0        43.7      -1.778
  SS2                  JUNCTION         0        0     0  00:00           0           0       0.000 ltr
  SonSto_SS2           JUNCTION         0        0     0  00:00           0           0       0.000 ltr
  12                   JUNCTION         0    0.517     0  00:00           0        34.6       0.012
  14                   JUNCTION         0        3     0  00:01           0         201       0.024
  15                   JUNCTION         0    0.714     0  00:02           0        60.4       0.370
  TWT_PointHaut_60+650 JUNCTION         0     1.22     0  00:02           0        78.2      -9.172
  TWT_Fensterstollen_60+375 JUNCTION         0      6.1     0  00:06           0         410     -24.186
  TWT_Acces_LT_60+110  JUNCTION         0     2.12     0  00:05           0         129129310248.642 ltr
  TWT_Liaison_LT_59+738 JUNCTION         0        0     0  00:00           0           0       0.000 ltr
  Syst_Est_amont       JUNCTION      1.15     1.15     0  00:00        98.9        98.9     158.622
  Syst_Est_interm      JUNCTION         0     1.44     0  00:06           0        55.8       0.742
  TWT_Branche_Est_Sonsto_60+540 JUNCTION         0     5.67     0  00:02           0         484       0.312
  TWT_Intersection_Sonsto_60+345 JUNCTION         0     4.96     0  00:02           0         155      19.971
  TWT_Chrosweg_61+140  JUNCTION         0     1.35     0  00:06           0        86.1      14.474
  SonSto_F_sup         JUNCTION         0    0.698     0  00:02           0        60.1       0.003
  SonSto_porte         JUNCTION         0        0     0  00:00           0           0       0.000 ltr
  Brunnm_Fassung       OUTFALL          0   0.0436     0  00:02           0        3.56       0.000
  Brunnmuehle(Teich)   OUTFALL          0    0.481     0  00:02           0        40.3       0.000
  Fensterstollen       OUTFALL          0     5.15     0  00:06           0         444       0.000
  Gischeren            OUTFALL          0    0.765     0  00:06           0        65.8       0.000
  Schuettstein         OUTFALL          0     0.92     0  00:02           0        78.1       0.000
  Holiloch             OUTFALL          0     13.7     0  00:02           0    1.17e+03       0.000
  Sauserquelle         OUTFALL          0     0.64     0  00:01           0        53.1       0.000
  Entw_Stollen         OUTFALL          0   0.0297     0  00:06           0        2.56       0.000
  Sous_lacustre        OUTFALL          0   0.0443     0  00:02           0        3.68       0.000
  Sous_ecoul.          OUTFALL          0  0.00676     0  00:02           0       0.544       0.000
  Syst_Est_aval        OUTFALL          0    0.788     0  00:06           0        55.4       0.000
  TWT_Portail_Est_61+665 OUTFALL          0    0.669     0  00:06           0        57.7       0.000
  
  
  **********************
  Node Surcharge Summary
  **********************
  
  Surcharging occurs when water rises above the top of the highest conduit.
  ---------------------------------------------------------------------
                                               Max. Height   Min. Depth
                                   Hours       Above Crown    Below Rim
  Node                 Type      Surcharged         Meters       Meters
  ---------------------------------------------------------------------
  9                    JUNCTION       23.99         66.883       31.317
  Holiloch_sonde       JUNCTION       23.99         62.239      135.861
  11                   JUNCTION       24.00         64.048       85.492
  13                   JUNCTION       23.99         85.131      311.869
  21                   JUNCTION       24.00         45.439      103.961
  34                   JUNCTION       24.00         22.735       76.665
  38                   JUNCTION       24.00         31.148      118.252
  40                   JUNCTION       24.00         21.077       74.923
  41                   JUNCTION       23.99         94.143      155.007
  SondeSchuettstein    JUNCTION       23.99         27.478        0.000
  47                   JUNCTION       23.99         18.997       79.103
  48                   JUNCTION       23.99         14.298       84.902
  SondeGischeren       JUNCTION       23.96         14.332       84.468
  49                   JUNCTION       23.97         10.509      181.491
  50                   JUNCTION       23.96          8.574      191.126
  51                   JUNCTION       24.00        104.462      291.538
  Amont_C              JUNCTION       24.00        138.119      258.881
  52                   JUNCTION       23.96         52.757       46.843
  53                   JUNCTION       23.99         47.580      147.420
  54                   JUNCTION       23.89         48.201      146.799
  56                   JUNCTION       24.00          5.727       93.273
  4                    JUNCTION       23.99          9.820       89.530
  5                    JUNCTION       23.98          1.725       43.275
  6                    JUNCTION       23.99         26.240      168.760
  8                    JUNCTION       23.92          1.784      193.216
  10                   JUNCTION       23.97          8.556      183.444
  12                   JUNCTION       23.99         42.464      157.186
  14                   JUNCTION       23.98         33.059      162.941
  Syst_Est_interm      JUNCTION       23.89         29.957       68.543
  
  
  *********************
  Node Flooding Summary
  *********************
  
  No nodes were flooded.
  
  
  ***********************
  Outfall Loading Summary
  ***********************
  
  -----------------------------------------------------------
                         Flow       Avg       Max       Total
                         Freq      Flow      Flow      Volume
  Outfall Node           Pcnt       CMS       CMS    10^6 ltr
  -----------------------------------------------------------
  Brunnm_Fassung        99.96    0.0413    0.0436       3.565
  Brunnmuehle(Teich)    99.96     0.467     0.481      40.347
  Fensterstollen        99.95      5.14      5.15     443.564
  Gischeren             99.62     0.765     0.765      65.814
  Schuettstein          99.95     0.904      0.92      78.059
  Holiloch              99.92      13.5      13.7    1167.241
  Sauserquelle          99.98     0.614      0.64      53.056
  Entw_Stollen          99.97    0.0296    0.0297       2.558
  Sous_lacustre        100.00    0.0426    0.0443       3.681
  Sous_ecoul.           99.96    0.0063   0.00676       0.544
  Syst_Est_aval         99.54     0.644     0.788      55.386
  TWT_Portail_Est_61+665  99.96     0.668     0.669      57.668
  -----------------------------------------------------------
  System                99.90      22.8      22.9    1971.484
  
  
  ********************
  Link Flow Summary
  ********************
  
  -----------------------------------------------------------------------------
                                 Maximum  Time of Max   Maximum    Max/    Max/
                                  |Flow|   Occurrence   |Veloc|    Full    Full
  Link                 Type          CMS  days hr:min     m/sec    Flow   Depth
  -----------------------------------------------------------------------------
  Brunn_Fassung_L      CONDUIT    0.0436     0  00:02      1.76    0.72    0.81
  11                   CONDUIT        18     0  00:00      9.14    2.69    1.00
  14                   CONDUIT      20.6     0  00:00     13.91   11.19    1.00
  16                   CONDUIT     0.338     0  00:00      3.95    2.35    1.00
  17                   CONDUIT     0.328     0  00:00      1.16    0.56    1.00
  26                   CONDUIT         6     0  00:00     11.07    8.12    1.00
  27                   CONDUIT    0.0408     0  00:04      1.28    0.52    0.83
  Gischeren_L          CONDUIT     0.765     0  00:06      1.07    0.10    0.61
  Schuettstein_L       CONDUIT      0.92     0  00:02      5.26    0.78    0.83
  Brunnmuehle_L        CONDUIT     0.525     0  00:02      1.86    0.25    1.00
  32                   CONDUIT         0     0  00:00      0.00    0.00    0.00
  35                   CONDUIT     0.386     0  00:04      0.47    0.07    1.00
  45                   CONDUIT     0.516     0  00:06      5.19    0.00    0.05
  46                   CONDUIT     0.653     0  00:01      2.31    0.65    1.00
  47                   CONDUIT     0.151     0  00:00      3.97    9.40    1.00
  50                   CONDUIT         1     0  00:00      3.77    0.19    1.00
  51                   CONDUIT    0.0966     0  00:01      1.16    0.27    1.00
  53                   CONDUIT     0.325     0  00:00      1.96    1.65    1.00
  Fenster_L            CONDUIT      5.15     0  00:06      7.35    0.05    0.16
  58                   CONDUIT      1.55     0  00:06      3.03    0.02    0.13
  59                   CONDUIT     0.416     0  00:06      3.50    0.00    0.05
  61                   CONDUIT      1.09     0  00:00      5.49    1.53    1.00
  63                   CONDUIT     0.175     0  00:02      2.44    0.79    0.51
  66                   CONDUIT     0.182     0  00:02      2.79    2.40    1.00
  67                   CONDUIT      22.8     0  00:00      5.44    0.23    1.00
  Amont_L              CONDUIT      40.1     0  00:00      5.67    2.17    1.00
  69                   CONDUIT     0.368     0  00:02      3.10    1.44    1.00
  70                   CONDUIT     0.265     0  00:02      2.11    0.82    1.00
  71                   CONDUIT     0.615     0  00:00      2.76    1.09    1.00
  72                   CONDUIT     0.493     0  00:06      2.27    2.34    1.00
  Sauser_L             CONDUIT      0.64     0  00:01      1.21    0.16    0.64
  75                   CONDUIT     0.169     0  00:06      4.88    1.71    0.68
  Entw_Sto_L           CONDUIT    0.0297     0  00:06      1.82    0.69    0.61
  4                    CONDUIT    0.0359     0  00:06      1.50    1.60    0.79
  5                    CONDUIT    0.0302     0  00:06      1.37    1.08    0.81
  6                    CONDUIT    0.0443     0  00:02      1.65    0.66    0.80
  7                    CONDUIT     0.485     0  00:02      2.47    0.75    1.00
  Brunn_Teich_L        CONDUIT     0.481     0  00:02      1.91    0.37    0.71
  9                    CONDUIT   0.00676     0  00:02      1.70    0.00    0.51
  12                   CONDUIT      13.9     0  00:02      7.42    0.28    1.00
  15                   CONDUIT      16.2     0  00:00      7.76    0.42    1.00
  18                   CONDUIT      14.5     0  00:00      7.23    0.59    1.00
  19                   CONDUIT      1.22     0  00:01      1.61    1.16    1.00
  20                   CONDUIT      0.74     0  00:06      5.03    0.06    0.29
  21                   CONDUIT      14.4     0  00:01      1.28    0.10    0.92
  Hooliloch_L          CONDUIT      13.7     0  00:02      1.91    0.27    0.76
  23                   CONDUIT     0.158     0  00:06      3.37    0.99    0.63
  25                   CONDUIT     0.953     0  00:03      3.30    0.78    1.00
  28                   CONDUIT      0.16     0  00:06      2.44    0.00    0.03
  29                   CONDUIT    0.0339     0  00:06      0.62    0.00    0.04
  31                   CONDUIT     0.549     0  00:05      0.86    0.34    0.90
  33                   CONDUIT      1.01     0  00:01      0.94    0.38    1.00
  37                   CONDUIT     0.369     0  00:06      0.67    0.01    0.13
  SS3_L                CONDUIT     0.158     0  00:06      3.05    0.00    0.05
  40                   CONDUIT     0.734     0  00:06      2.22    0.00    0.05
  SS6_L                CONDUIT    0.0957     0  00:02      3.47    0.00    0.05
  1                    CONDUIT         0     0  00:00      0.00    0.00    0.02
  2                    CONDUIT         0     0  00:00      0.00    0.00    0.00
  3                    CONDUIT     0.169     0  00:06      4.96    0.02    0.09
  10                   CONDUIT     0.295     0  00:06      0.60    0.00    0.12
  13                   CONDUIT     0.517     0  00:00      6.17    1.12    1.00
  22                   CONDUIT     0.404     0  00:02      4.20    1.00    1.00
  24                   CONDUIT         3     0  00:01      4.53    0.00    1.00
  30                   CONDUIT      2.35     0  00:02      3.26    0.98    1.00
  34                   CONDUIT     0.714     0  00:02      3.08    0.80    0.98
  36                   CONDUIT     0.698     0  00:02      5.99    0.75    0.52
  38                   CONDUIT     0.554     0  00:02      3.13    0.21    1.00
  48                   CONDUIT      1.21     0  00:04      2.65    0.81    0.85
  54                   CONDUIT     0.788     0  00:06      0.67    0.15    0.63
  68                   CONDUIT     0.288     0  00:02      9.60    0.00    0.03
  73                   CONDUIT         0     0  00:00      0.00    0.00    0.03
  TWT1                 CONDUIT     0.669     0  00:06      3.05    0.00    0.02
  TWT2                 CONDUIT      1.08     0  00:05      3.88    0.00    0.02
  TWT3                 CONDUIT      1.22     0  00:02      1.73    0.00    0.04
  TWT4                 CONDUIT      5.65     0  00:02      4.19    0.01    0.08
  1_2_b_               CONDUIT         0     0  00:00      0.00    0.00    0.10
  1_2_b_2              CONDUIT    0.0714     0  00:02      1.67    0.02    0.55
  1_3_a_2              CONDUIT     0.343     0  00:06      2.54    0.24    0.65
  TWT5                 CONDUIT      4.96     0  00:02      3.80    0.01    0.10
  1_4_a                CONDUIT     0.847     0  00:06      0.99    0.01    0.18
  TWT6                 CONDUIT      2.12     0  00:05      0.95    0.01    0.09
  1_4_b                CONDUIT         0     0  00:00      0.00    0.00    0.18
  TWT7                 CONDUIT         0     0  00:00      0.00    0.00    0.03
  1_5_a                CONDUIT         0     0  00:00      0.00    0.00    0.03
  1_7_a                CONDUIT       3.7     0  00:06      2.76    0.84    0.12
  1_7_a_               CONDUIT     0.338     0  00:02      3.23    0.02    0.55
  1_7_a__              CONDUIT       2.2     0  00:02     11.22    0.32    1.00
  1_7_a_1              CONDUIT      3.12     0  00:01     17.37   15.86    1.00
  1_7_a_4              CONDUIT    0.0798     0  00:02      0.72    0.03    0.56
  
  
  ***************************
  Flow Classification Summary
  ***************************
  
  -------------------------------------------------------------------------------------
                      Adjusted    ---------- Fraction of Time in Flow Class ---------- 
                       /Actual         Up    Down  Sub   Sup   Up    Down  Norm  Inlet 
  Conduit               Length    Dry  Dry   Dry   Crit  Crit  Crit  Crit  Ltd   Ctrl  
  -------------------------------------------------------------------------------------
  Brunn_Fassung_L         1.00   0.00  0.00  0.00  0.00  1.00  0.00  0.00  0.00  0.00
  11                      1.00   0.00  0.00  0.00  1.00  0.00  0.00  0.00  0.00  0.00
  14                      1.00   0.00  0.00  0.00  1.00  0.00  0.00  0.00  0.00  0.00
  16                      1.00   0.00  0.00  0.00  1.00  0.00  0.00  0.00  0.00  0.00
  17                      1.00   0.00  0.00  0.00  1.00  0.00  0.00  0.00  0.00  0.00
  26                      1.00   0.00  0.00  0.00  1.00  0.00  0.00  0.00  0.00  0.00
  27                      1.00   0.00  0.00  0.00  1.00  0.00  0.00  0.00  0.00  0.00
  Gischeren_L             1.00   0.00  0.00  0.00  1.00  0.00  0.00  0.00  0.00  0.00
  Schuettstein_L          1.00   0.00  0.00  0.00  0.00  1.00  0.00  0.00  0.00  0.00
  Brunnmuehle_L           1.00   0.00  0.00  0.00  1.00  0.00  0.00  0.00  0.00  0.00
  32                      1.00   1.00  0.00  0.00  0.00  0.00  0.00  0.00  0.00  0.00
  35                      1.00   0.00  0.00  0.00  1.00  0.00  0.00  0.00  0.00  0.00
  45                      1.00   0.00  0.00  0.00  0.00  1.00  0.00  0.00  0.00  0.00
  46                      1.00   0.00  0.00  0.00  1.00  0.00  0.00  0.00  0.00  0.00
  47                      1.00   0.00  0.00  0.00  1.00  0.00  0.00  0.00  0.00  0.00
  50                      1.00   0.00  0.00  0.00  1.00  0.00  0.00  0.00  0.00  0.00
  51                      1.00   0.00  0.00  0.00  1.00  0.00  0.00  0.00  0.00  0.00
  53                      1.00   0.00  0.00  0.00  1.00  0.00  0.00  0.00  0.00  0.00
  Fenster_L               1.00   0.00  0.00  0.00  0.00  1.00  0.00  0.00  0.00  0.00
  58                      1.00   0.00  0.00  0.00  0.00  1.00  0.00  0.00  0.00  0.00
  59                      1.00   0.00  0.00  0.00  0.00  1.00  0.00  0.00  0.00  0.00
  61                      1.00   0.00  0.00  0.00  1.00  0.00  0.00  0.00  0.00  0.00
  63                      1.00   0.00  0.00  0.00  1.00  0.00  0.00  0.00  0.00  0.00
  66                      1.00   0.00  0.00  0.00  1.00  0.00  0.00  0.00  0.00  0.00
  67                      1.00   0.00  0.00  0.00  1.00  0.00  0.00  0.00  0.00  0.00
  Amont_L                 1.00   0.00  0.00  0.00  1.00  0.00  0.00  0.00  0.00  0.00
  69                      1.00   0.00  0.00  0.00  1.00  0.00  0.00  0.00  0.00  0.00
  70                      1.00   0.00  0.00  0.00  1.00  0.00  0.00  0.00  0.00  0.00
  71                      1.00   0.00  0.00  0.00  1.00  0.00  0.00  0.00  0.00  0.00
  72                      1.00   0.00  0.00  0.00  1.00  0.00  0.00  0.00  0.00  0.00
  Sauser_L                1.00   0.00  0.00  0.00  1.00  0.00  0.00  0.00  0.00  0.00
  75                      1.00   0.00  0.00  0.00  0.00  1.00  0.00  0.00  0.00  0.00
  Entw_Sto_L              1.00   0.00  0.00  0.00  0.00  1.00  0.00  0.00  0.00  0.00
  4                       1.00   0.00  0.00  0.00  0.00  1.00  0.00  0.00  0.00  0.00
  5                       1.00   0.00  0.00  0.00  0.00  1.00  0.00  0.00  0.00  0.00
  6                       1.00   0.00  0.00  0.00  0.00  1.00  0.00  0.00  0.00  0.00
  7                       1.00   0.00  0.00  0.00  1.00  0.00  0.00  0.00  0.00  0.00
  Brunn_Teich_L           1.00   0.00  0.00  0.00  1.00  0.00  0.00  0.00  0.00  0.00
  9                       1.00   0.00  0.00  0.00  0.00  1.00  0.00  0.00  0.00  0.00
  12                      1.00   0.00  0.00  0.00  1.00  0.00  0.00  0.00  0.00  0.00
  15                      1.00   0.00  0.00  0.00  1.00  0.00  0.00  0.00  0.00  0.00
  18                      1.00   0.00  0.00  0.00  1.00  0.00  0.00  0.00  0.00  0.00
  19                      1.00   0.00  0.00  0.00  1.00  0.00  0.00  0.00  0.00  0.00
  20                      1.00   0.00  0.00  0.00  0.00  1.00  0.00  0.00  0.00  0.00
  21                      1.00   0.00  0.00  0.00  1.00  0.00  0.00  0.00  0.00  0.00
  Hooliloch_L             1.00   0.00  0.00  0.00  1.00  0.00  0.00  0.00  0.00  0.00
  23                      1.00   0.00  0.00  0.00  0.00  1.00  0.00  0.00  0.00  0.00
  25                      1.00   0.00  0.00  0.00  1.00  0.00  0.00  0.00  0.00  0.00
  28                      1.00   0.00  0.00  0.00  0.00  1.00  0.00  0.00  0.00  0.00
  29                      1.00   0.00  0.00  0.00  1.00  0.00  0.00  0.00  1.00  0.00
  31                      1.00   0.00  0.00  0.00  1.00  0.00  0.00  0.00  0.00  0.00
  33                      1.00   0.00  0.00  0.00  1.00  0.00  0.00  0.00  0.00  0.00
  37                      1.00   0.00  0.00  0.00  1.00  0.00  0.00  0.00  0.00  0.00
  SS3_L                   1.00   0.00  0.00  0.00  0.00  1.00  0.00  0.00  1.00  0.00
  40                      1.00   0.00  0.00  0.00  1.00  0.00  0.00  0.00  0.00  0.00
  SS6_L                   1.00   0.00  0.00  0.00  0.00  1.00  0.00  0.00  1.00  0.00
  1                       1.00   0.00  1.00  0.00  0.00  0.00  0.00  0.00  0.00  0.00
  2                       1.00   1.00  0.00  0.00  0.00  0.00  0.00  0.00  0.00  0.00
  3                       1.00   0.00  0.00  0.00  0.00  1.00  0.00  0.00  1.00  0.00
  10                      1.00   0.00  0.00  0.00  1.00  0.00  0.00  0.00  1.00  0.00
  13                      1.00   0.00  0.00  0.00  1.00  0.00  0.00  0.00  0.00  0.00
  22                      1.00   0.00  0.00  0.00  1.00  0.00  0.00  0.00  0.00  0.00
  24                      1.00   0.00  0.00  0.00  1.00  0.00  0.00  0.00  0.00  0.00
  30                      1.00   0.00  0.00  0.00  1.00  0.00  0.00  0.00  0.00  0.00
  34                      1.00   0.00  0.00  0.00  1.00  0.00  0.00  0.00  0.00  0.00
  36                      1.00   0.00  0.00  0.00  0.00  1.00  0.00  0.00  0.00  0.00
  38                      1.00   0.00  0.00  0.00  1.00  0.00  0.00  0.00  0.00  0.00
  48                      1.00   0.00  0.00  0.00  1.00  0.00  0.00  0.00  0.00  0.00
  54                      1.00   0.00  0.00  0.00  1.00  0.00  0.00  0.00  0.00  0.00
  68                      1.00   0.00  0.00  0.00  0.00  1.00  0.00  0.00  1.00  0.00
  73                      1.00   0.00  1.00  0.00  0.00  0.00  0.00  0.00  0.00  0.00
  TWT1                    1.00   0.00  0.00  0.00  0.00  1.00  0.00  0.00  0.00  0.00
  TWT2                    1.00   0.00  0.00  0.00  0.00  1.00  0.00  0.00  0.00  0.00
  TWT3                    1.00   0.00  0.00  0.00  1.00  0.00  0.00  0.00  0.00  0.00
  TWT4                    1.00   0.00  0.00  0.00  0.00  1.00  0.00  0.00  1.00  0.00
  1_2_b_                  1.00   0.00  1.00  0.00  0.00  0.00  0.00  0.00  0.00  0.00
  1_2_b_2                 1.00   0.00  0.00  0.00  1.00  0.00  0.00  0.00  1.00  0.00
  1_3_a_2                 1.00   0.00  0.00  0.00  1.00  0.00  0.00  0.00  0.00  0.00
  TWT5                    1.00   0.00  0.00  0.00  1.00  0.00  0.00  0.00  0.00  0.00
  1_4_a                   1.00   0.00  0.00  0.00  1.00  0.00  0.00  0.00  0.00  0.00
  TWT6                    1.00   0.00  0.00  0.00  1.00  0.00  0.00  0.00  0.00  0.00
  1_4_b                   1.00   0.00  1.00  0.00  0.00  0.00  0.00  0.00  0.00  0.00
  TWT7                    1.00   0.00  1.00  0.00  0.00  0.00  0.00  0.00  0.00  0.00
  1_5_a                   1.00   0.00  1.00  0.00  0.00  0.00  0.00  0.00  0.00  0.00
  1_7_a                   1.00   0.00  0.00  0.00  0.00  1.00  0.00  0.00  0.00  0.00
  1_7_a_                  1.00   0.00  0.00  0.00  0.00  1.00  0.00  0.00  1.00  0.00
  1_7_a__                 1.00   0.00  0.00  0.00  0.00  1.00  0.00  0.00  0.00  0.00
  1_7_a_1                 1.00   0.00  0.00  0.00  0.00  1.00  0.00  0.00  0.00  0.00
  1_7_a_4                 1.00   0.00  0.00  0.00  1.00  0.00  0.00  0.00  1.00  0.00
  
  
  *************************
  Conduit Surcharge Summary
  *************************
  
  ----------------------------------------------------------------------------
                                                           Hours        Hours 
                         --------- Hours Full --------   Above Full   Capacity
  Conduit                Both Ends  Upstream  Dnstream   Normal Flow   Limited
  ----------------------------------------------------------------------------
  Brunn_Fassung_L             0.01      0.01     24.00      0.01         0.01
  11                         23.99     23.99     23.99     23.99         0.01
  14                         23.99     23.99     24.00     23.99         0.01
  16                         24.00     24.00     24.00     23.99        23.99
  17                         24.00     24.00     24.00      0.01         0.01
  26                         23.99     24.00     23.99     23.99        23.99
  27                          0.01      0.01     23.96      0.01         0.01
  Gischeren_L                 0.01      0.01     23.91      0.01         0.01
  Schuettstein_L              0.01      0.01     23.99      0.01         0.01
  Brunnmuehle_L              24.00     24.00     24.00      0.01         0.01
  35                         23.93     23.93     23.96      0.01         0.01
  46                         24.00     24.00     24.00      0.01         0.01
  47                         24.00     24.00     24.00     24.00        24.00
  50                         23.99     23.99     23.99      0.01         0.01
  51                         23.98     23.98     24.00      0.01         0.01
  53                         24.00     24.00     24.00     23.99         0.01
  61                         23.99     23.99     23.99     23.99         0.01
  63                          0.01     23.98      0.01      0.01         0.01
  66                         23.96     23.98     23.96     23.98        23.96
  67                         23.99     23.99     24.00      0.01         0.01
  Amont_L                    24.00     24.00     24.00     24.00         0.01
  69                         23.96     23.96     24.00     23.98         0.01
  70                         23.96     23.96     24.00      0.01         0.01
  71                         23.99     23.99     23.99      0.01         0.01
  72                         23.89     23.99     23.89      0.09         0.01
  Sauser_L                    0.01      0.01     24.00      0.01         0.01
  75                          0.01     23.98      0.01     23.89         0.01
  4                           0.01     23.98      0.01     23.90         0.01
  5                           0.01      0.01     24.00     23.91         0.01
  6                           0.01      0.01     24.00      0.01         0.01
  7                          23.99     23.99     24.00      0.01         0.01
  Brunn_Teich_L               0.01      0.01     23.99      0.01         0.01
  9                           0.01      0.01     23.99      0.01         0.01
  12                         23.99     23.99     23.99      0.01         0.01
  15                         23.99     23.99     23.99      0.01         0.01
  18                         23.99     23.99     23.99      0.01         0.01
  19                         23.98     23.98     23.99      0.01         0.01
  21                          0.01      0.01     23.98      0.01         0.01
  Hooliloch_L                 0.01      0.01     23.97      0.01         0.01
  23                          0.01     23.96      0.01      0.01         0.01
  25                         23.94     23.94     23.99      0.01         0.01
  31                          0.01      0.01     23.92      0.01         0.01
  33                         23.97     23.97     23.97      0.01         0.01
  13                         23.99     23.99     24.00      0.01         0.01
  22                         23.99     23.99     24.00      0.01         0.01
  24                         23.98     23.98     24.00      0.01         0.01
  30                         23.98     23.98     24.00      0.01         0.01
  34                          0.01      0.01     23.99      0.01         0.01
  38                         23.95     23.95     23.96      0.01         0.01
  48                          0.01      0.01     23.91      0.01         0.01
  54                          0.01      0.01     23.89      0.01         0.01
  1_2_b_2                     0.01      0.01     23.94      0.01         0.01
  1_3_a_2                     0.01      0.01     23.95      0.01         0.01
  1_7_a_                      0.01      0.01      0.02      0.01         0.01
  1_7_a__                     0.02      0.02     24.00      0.01         0.01
  1_7_a_1                     0.02      0.02     24.00     24.00         0.01
  1_7_a_4                     0.01      0.01      0.02      0.01         0.01
  

  Analysis begun on:  Mon Aug 17 10:02:35 2026
  Analysis ended on:  Mon Aug 17 10:02:38 2026
  Total elapsed time: 00:00:03