
  EPA STORM WATER MANAGEMENT MODEL - VERSION 5.2 (Build 5.2.4)
  ------------------------------------------------------------

  Brunnmuehle (Twann) 
  WARNING 08: elevation drop exceeds length for Conduit SS3_L
  WARNING 08: elevation drop exceeds length for Conduit SS6_L
  WARNING 08: elevation drop exceeds length for Conduit 2
  WARNING 08: elevation drop exceeds length for Conduit 3
  WARNING 08: elevation drop exceeds length for Conduit 68
  WARNING 08: elevation drop exceeds length for Conduit 1_2_b_
  WARNING 08: elevation drop exceeds length for Conduit 1_2_b_2
  WARNING 08: elevation drop exceeds length for Conduit 1_3_b_2
  WARNING 08: elevation drop exceeds length for Conduit 1_4_b
  WARNING 08: elevation drop exceeds length for Conduit 1_5_a
  WARNING 04: minimum elevation drop used for Conduit 1_7_a
  WARNING 08: elevation drop exceeds length for Conduit 1_7_a_
  WARNING 08: elevation drop exceeds length for Conduit 1_7_a__
  WARNING 02: maximum depth increased for Node 2
  
  ****************
  Analysis Options
  ****************
  Flow Units ............... CMS
  Process Models:
    Rainfall/Runoff ........ NO
    RDII ................... NO
    Snowmelt ............... NO
    Groundwater ............ NO
    Flow Routing ........... YES
    Ponding Allowed ........ NO
    Water Quality .......... NO
  Flow Routing Method ...... DYNWAVE
  Surcharge Method ......... EXTRAN
  Starting Date ............ 01/01/2000 00:00:00
  Ending Date .............. 01/02/2000 00:00:00
  Antecedent Dry Days ...... 0.0
  Report Time Step ......... 01:00:00
  Routing Time Step ........ 0.50 sec
  Variable Time Step ....... YES
  Maximum Trials ........... 8
  Number of Threads ........ 1
  Head Tolerance ........... 0.001500 m
  
  
  **************************        Volume        Volume
  Flow Routing Continuity        hectare-m      10^6 ltr
  **************************     ---------     ---------
  Dry Weather Inflow .......         0.000         0.000
  Wet Weather Inflow .......         0.000         0.000
  Groundwater Inflow .......         0.000         0.000
  RDII Inflow ..............         0.000         0.000
  External Inflow ..........       207.725      2077.271
  External Outflow .........       197.211      1972.130
  Flooding Loss ............         0.000         0.000
  Evaporation Loss .........         0.000         0.000
  Exfiltration Loss ........         0.000         0.000
  Initial Stored Volume ....         0.056         0.562
  Final Stored Volume ......         0.478         4.780
  Continuity Error (%) .....         4.857
  
  
  *************************
  Highest Continuity Errors
  *************************
  Node TWT_Intersection_Sonsto_60+345 (-163.21%)
  Node 2 (72.16%)
  Node TWT_Acces_LT_60+110 (53.01%)
  Node 54 (20.02%)
  Node TWT_Chrosweg_61+140 (15.38%)
  
  
  ***************************
  Time-Step Critical Elements
  ***************************
  Link 1_7_a_ (17717.37%)
  Link 20 (30.32%)
  Link 1_7_a_1 (6.58%)
  
  
  ********************************
  Highest Flow Instability Indexes
  ********************************
  All links are stable.
  
  
  *********************************
  Most Frequent Nonconverging Nodes
  *********************************
  Node Brunnm_Fassung (57.45%)
  Node Brunnmuehle(Teich) (57.45%)
  Node Fensterstollen (57.45%)
  Node Gischeren (57.45%)
  Node Schuettstein (57.45%)
  
  
  *************************
  Routing Time Step Summary
  *************************
  Minimum Time Step           :     0.50 sec
  Average Time Step           :     0.50 sec
  Maximum Time Step           :     0.50 sec
  % of Time in Steady State   :    99.44
  Average Iterations per Step :     6.96
  % of Steps Not Converging   :    57.45
  Time Step Frequencies       :
      0.500 -  0.500 sec      :   100.00 %
      0.500 -  0.500 sec      :     0.00 %
      0.500 -  0.500 sec      :     0.00 %
      0.500 -  0.500 sec      :     0.00 %
      0.500 -  0.500 sec      :     0.00 %
  
  
  ******************
  Node Depth Summary
  ******************
  
  ---------------------------------------------------------------------------------
                                 Average  Maximum  Maximum  Time of Max    Reported
                                   Depth    Depth      HGL   Occurrence   Max Depth
  Node                 Type       Meters   Meters   Meters  days hr:min      Meters
  ---------------------------------------------------------------------------------
  9                    JUNCTION    51.68    69.10   507.60     0  00:00       51.70
  Holiloch_sonde       JUNCTION    44.99    61.78   501.78     0  00:00       45.01
  11                   JUNCTION    58.73    61.92   471.92     0  00:02       58.74
  13                   JUNCTION    77.57    81.91   519.91     0  00:00       77.59
  21                   JUNCTION    43.55    45.39   445.39     0  00:02       43.56
  SonSto_F             JUNCTION     0.14     0.14   437.94     0  00:08        0.14
  Sondierstollen       JUNCTION     0.00     0.00   440.80     0  00:00        0.00
  Aval_Trappe          JUNCTION     0.36     0.37   437.97     0  00:08        0.37
  30                   JUNCTION     0.51     0.51   437.81     0  00:04        0.51
  Gischeren_node       JUNCTION     3.92     3.94   480.44     0  00:07        3.94
  34                   JUNCTION    21.38    22.89   442.89     0  00:02       21.39
  38                   JUNCTION    28.22    30.62   450.62     0  00:02       28.22
  SS6                  JUNCTION     0.07     0.07   448.07     0  00:02        0.07
  40                   JUNCTION    21.43    24.37   443.37     0  00:01       21.43
  41                   JUNCTION    77.46    91.43   528.93     0  00:00       77.48
  SondeSchuettstein    JUNCTION    25.31    27.53   486.53     0  00:00       25.32
  SS4                  JUNCTION     0.06     0.06   448.06     0  00:02        0.06
  47                   JUNCTION    15.22    19.21   484.11     0  00:00       15.23
  48                   JUNCTION    12.58    14.49   485.49     0  00:00       12.58
  SondeGischeren       JUNCTION    15.43    15.47   480.47     0  00:06       15.46
  49                   JUNCTION    15.81    17.86   483.86     0  00:02       15.83
  50                   JUNCTION     8.80     8.83   471.83     0  00:06        8.82
  51                   JUNCTION    96.42   102.20   522.20     0  00:00       96.44
  Amont_C              JUNCTION   101.50   141.12   559.12     0  00:00      101.52
  52                   JUNCTION    22.96    47.11   504.11     0  00:02       23.00
  53                   JUNCTION    32.12    39.97   506.97     0  00:00       32.13
  54                   JUNCTION     0.71     0.72   463.72     0  00:08        0.72
  56                   JUNCTION     6.23     6.51   436.51     0  00:01        6.23
  2                    JUNCTION     0.20     0.20   438.20     0  00:08        0.20
  4                    JUNCTION     9.16    10.36   438.36     0  00:00        9.16
  5                    JUNCTION     6.55     6.60   479.10     0  00:02        6.55
  6                    JUNCTION    24.01    29.89   487.89     0  00:00       24.02
  7                    JUNCTION     4.03     4.07   479.07     0  00:02        4.03
  SS3                  JUNCTION     0.08     0.08   448.08     0  00:06        0.08
  SS5                  JUNCTION     0.60     0.60   439.50     0  00:08        0.60
  8                    JUNCTION     6.65     6.68   480.68     0  00:06        6.67
  10                   JUNCTION    13.81    15.91   483.91     0  00:02       13.82
  SonSto_SS5           JUNCTION     0.12     0.12   439.42     0  00:08        0.12
  SonSto_SS3           JUNCTION     0.11     0.11   439.81     0  00:06        0.11
  SonSto_SS4           JUNCTION     0.08     0.08   439.48     0  00:08        0.08
  Amont_Trappe         JUNCTION     0.27     0.27   437.97     0  00:04        0.27
  SonSto_SS6           JUNCTION     0.13     0.13   438.83     0  00:03        0.13
  SS2                  JUNCTION     0.00     0.00   448.00     0  00:00        0.00
  SonSto_SS2           JUNCTION     0.00     0.00   441.50     0  00:00        0.00
  12                   JUNCTION    31.96    39.48   488.48     0  00:00       31.97
  14                   JUNCTION    24.06    31.77   496.77     0  00:01       24.08
  15                   JUNCTION     0.48     0.49   472.49     0  00:03        0.48
  TWT_PointHaut_60+749 JUNCTION     0.18     0.18   438.68     0  00:08        0.18
  TWT_Fensterstollen_60+375 JUNCTION     0.79     0.80   438.10     0  00:08        0.80
  TWT_Acces_LT_60+110  JUNCTION     0.70     0.70   438.20     0  00:08        0.70
  TWT_Liaison_LT_59+738 JUNCTION     0.00     0.00   446.50     0  00:00        0.00
  Syst_Est_amont       JUNCTION    13.68    96.52   526.52     0  00:06       13.74
  Syst_Est_interm      JUNCTION    21.85    51.19   461.19     0  00:05       21.94
  TWT_Branche_Est_Sonsto_60+540 JUNCTION     0.46     0.57   438.97     0  00:01        0.46
  TWT_Intersection_Sonsto_60+345 JUNCTION     1.06     1.13   438.13     0  00:07        1.06
  TWT_Chrosweg_61+140  JUNCTION     0.14     0.14   432.14     0  00:08        0.14
  SonSto_F_sup         JUNCTION     0.05     0.05   448.05     0  00:03        0.05
  SonSto_porte         JUNCTION     0.00     0.00   438.50     0  00:00        0.00
  Brunnm_Fassung       OUTFALL      0.11     0.12   433.92     0  00:02        0.11
  Brunnmuehle(Teich)   OUTFALL      0.26     0.27   435.77     0  00:02        0.26
  Fensterstollen       OUTFALL      0.48     0.50   437.50     0  00:04        0.48
  Gischeren            OUTFALL      0.24     0.24   480.24     0  00:07        0.24
  Schuettstein         OUTFALL      0.31     0.32   477.87     0  00:02        0.31
  Holiloch             OUTFALL      2.00     2.03   478.53     0  00:02        2.00
  Sauserquelle         OUTFALL      0.26     0.27   435.82     0  00:01        0.26
  Entw_Stollen         OUTFALL      0.17     0.17   436.67     0  00:07        0.17
  Sous_lacustre        OUTFALL      0.11     0.12   429.32     0  00:02        0.11
  Sous_ecoul.          OUTFALL      0.00     0.00   433.00     0  00:02        0.00
  Syst_Est_aval        OUTFALL      0.54     0.54   429.54     0  00:08        0.54
  TWT_Portail_Est_61+665 OUTFALL      0.14     0.14   421.74     0  00:08        0.14
  CentraleVentilation_1C OUTFALL      0.29     0.29   454.29     0  00:08        0.29
  
  
  *******************
  Node Inflow Summary
  *******************
  
  -------------------------------------------------------------------------------------------------
                                  Maximum  Maximum                  Lateral       Total        Flow
                                  Lateral    Total  Time of Max      Inflow      Inflow     Balance
                                   Inflow   Inflow   Occurrence      Volume      Volume       Error
  Node                 Type           CMS      CMS  days hr:min    10^6 ltr    10^6 ltr     Percent
  -------------------------------------------------------------------------------------------------
  9                    JUNCTION         0     19.5     0  00:00           0    1.13e+03       0.010
  Holiloch_sonde       JUNCTION         0     17.3     0  00:00           0    1.07e+03       0.007
  11                   JUNCTION         0    0.326     0  00:00           0        26.8       0.000
  13                   JUNCTION         0     22.8     0  00:00           0    1.69e+03       0.014
  21                   JUNCTION         0    0.547     0  00:02           0          46       0.000
  SonSto_F             JUNCTION         0    0.751     0  00:03           0        63.8       1.686
  Sondierstollen       JUNCTION         0        0     0  00:00           0           0       0.000 ltr
  Aval_Trappe          JUNCTION         0     1.82     0  00:06           0         151       0.735
  30                   JUNCTION         0     6.04     0  00:08           0         520       6.259
  Gischeren_node       JUNCTION         0    0.727     0  00:05           0        58.4       0.107
  34                   JUNCTION         0    0.506     0  00:02           0        42.4       0.000
  38                   JUNCTION         0    0.314     0  00:00           0        24.3       0.000
  SS6                  JUNCTION         0    0.172     0  00:02           0          14       0.001
  40                   JUNCTION         0     2.79     0  00:02           0         237       0.000
  41                   JUNCTION         0     5.93     0  00:00           0        70.8       0.020
  SondeSchuettstein    JUNCTION         0     1.03     0  00:00           0        70.8       0.016
  SS4                  JUNCTION         0   0.0817     0  00:02           0        6.75       0.012
  47                   JUNCTION         0     13.8     0  00:00           0    1.06e+03       0.003
  48                   JUNCTION         0    0.921     0  00:00           0        70.8       0.007
  SondeGischeren       JUNCTION         0    0.517     0  00:01           0        34.7       0.146
  49                   JUNCTION         0     1.19     0  00:01           0        14.1       0.389
  50                   JUNCTION         0    0.182     0  00:02           0        13.6       0.017
  51                   JUNCTION         0     40.1     0  00:00           0    1.98e+03      -0.001
  Amont_C              JUNCTION      22.9     46.8     0  00:00    1.98e+03    1.98e+03       0.013
  52                   JUNCTION         0     0.35     0  00:02           0        21.7       0.100
  53                   JUNCTION         0    0.586     0  00:00           0        30.6       0.029
  54                   JUNCTION         0    0.354     0  00:08           0        30.6      25.031
  56                   JUNCTION         0     0.64     0  00:01           0        51.6       0.000
  2                    JUNCTION         0    0.237     0  00:06           0        13.7     259.163
  4                    JUNCTION         0    0.468     0  00:02           0          39       0.014
  5                    JUNCTION         0       13     0  00:00           0    1.06e+03       0.024
  6                    JUNCTION         0     15.4     0  00:00           0    1.07e+03       0.014
  7                    JUNCTION         0     12.9     0  00:02           0    1.06e+03       0.027
  SS3                  JUNCTION         0    0.158     0  00:06           0        13.6       0.003
  SS5                  JUNCTION         0    0.278     0  00:08           0          24       0.028
  8                    JUNCTION         0    0.887     0  00:03           0        72.1       0.103
  10                   JUNCTION         0    0.972     0  00:01           0        14.1       0.105
  SonSto_SS5           JUNCTION         0    0.303     0  00:08           0        26.1       0.009
  SonSto_SS3           JUNCTION         0    0.158     0  00:06           0        13.6       0.012
  SonSto_SS4           JUNCTION         0    0.236     0  00:08           0        20.3       0.007
  Amont_Trappe         JUNCTION         0     0.74     0  00:07           0        59.4       0.727
  SonSto_SS6           JUNCTION         0    0.465     0  00:08           0        40.1       0.007
  SS2                  JUNCTION         0        0     0  00:00           0           0       0.000 ltr
  SonSto_SS2           JUNCTION         0        0     0  00:00           0           0       0.000 ltr
  12                   JUNCTION         0    0.522     0  00:00           0          33       0.011
  14                   JUNCTION         0     2.85     0  00:01           0         192       0.024
  15                   JUNCTION         0    0.678     0  00:02           0        57.1       0.021
  TWT_PointHaut_60+749 JUNCTION         0     1.12     0  00:02           0        88.4       0.863
  TWT_Fensterstollen_60+375 JUNCTION         0     6.97     0  00:03           0         521      13.409
  TWT_Acces_LT_60+110  JUNCTION         0     2.23     0  00:05           0         136     112.807
  TWT_Liaison_LT_59+738 JUNCTION         0        0     0  00:00           0           0       0.000 ltr
  Syst_Est_amont       JUNCTION      1.15     1.15     0  00:00        98.9        98.9       0.130
  Syst_Est_interm      JUNCTION         0     1.61     0  00:03           0         127       0.323
  TWT_Branche_Est_Sonsto_60+540 JUNCTION         0     5.36     0  00:03           0         458       0.018
  TWT_Intersection_Sonsto_60+345 JUNCTION         0     5.53     0  00:02           0        55.3     -62.007
  TWT_Chrosweg_61+140  JUNCTION         0     0.69     0  00:08           0        59.5      18.171
  SonSto_F_sup         JUNCTION         0    0.672     0  00:03           0        57.1       0.001
  SonSto_porte         JUNCTION         0        0     0  00:00           0           0       0.000 ltr
  Brunnm_Fassung       OUTFALL          0    0.042     0  00:02           0        3.41       0.000
  Brunnmuehle(Teich)   OUTFALL          0    0.464     0  00:02           0        38.4       0.000
  Fensterstollen       OUTFALL          0      6.1     0  00:04           0         490       0.000
  Gischeren            OUTFALL          0    0.678     0  00:07           0        58.3       0.000
  Schuettstein         OUTFALL          0    0.849     0  00:02           0        70.8       0.000
  Holiloch             OUTFALL          0     12.6     0  00:02           0    1.06e+03       0.000
  Sauserquelle         OUTFALL          0    0.636     0  00:01           0        51.6       0.000
  Entw_Stollen         OUTFALL          0   0.0463     0  00:07           0        3.82       0.000
  Sous_lacustre        OUTFALL          0    0.043     0  00:02           0        3.56       0.000
  Sous_ecoul.          OUTFALL          0  0.00664     0  00:02           0       0.538       0.000
  Syst_Est_aval        OUTFALL          0     1.47     0  00:08           0         127       0.000
  TWT_Portail_Est_61+665 OUTFALL          0    0.584     0  00:08           0        50.3       0.000
  CentraleVentilation_1C OUTFALL          0    0.183     0  00:08           0        15.7       0.000
  
  
  **********************
  Node Surcharge Summary
  **********************
  
  Surcharging occurs when water rises above the top of the highest conduit.
  ---------------------------------------------------------------------
                                               Max. Height   Min. Depth
                                   Hours       Above Crown    Below Rim
  Node                 Type      Surcharged         Meters       Meters
  ---------------------------------------------------------------------
  9                    JUNCTION       23.99         67.296       30.904
  Holiloch_sonde       JUNCTION       23.99         59.880      138.220
  11                   JUNCTION       24.00         61.461       88.079
  13                   JUNCTION       23.99         78.907      318.093
  21                   JUNCTION       24.00         44.793      104.607
  34                   JUNCTION       24.00         22.287       77.113
  38                   JUNCTION       24.00         30.017      119.383
  40                   JUNCTION       24.00         20.365       75.635
  41                   JUNCTION       23.99         90.576      158.574
  SondeSchuettstein    JUNCTION       23.99         26.733        0.000
  47                   JUNCTION       23.99         17.309       80.791
  48                   JUNCTION       23.99         13.687       85.513
  SondeGischeren       JUNCTION       23.96         14.269       84.531
  49                   JUNCTION       23.97          9.862      182.138
  50                   JUNCTION       23.95          8.526      191.174
  51                   JUNCTION       24.00         98.201      297.799
  Amont_C              JUNCTION       24.00        138.119      258.881
  52                   JUNCTION       23.96         46.709       52.891
  53                   JUNCTION       23.98         34.975      160.025
  56                   JUNCTION       24.00          5.508       93.492
  4                    JUNCTION       23.99          9.713       89.637
  5                    JUNCTION       23.98          1.605       43.395
  6                    JUNCTION       23.99         24.890      170.110
  8                    JUNCTION       23.91          1.676      193.324
  10                   JUNCTION       23.97          7.908      184.092
  12                   JUNCTION       23.99         39.132      160.518
  14                   JUNCTION       23.98         27.774      168.226
  Syst_Est_amont       JUNCTION       23.89         95.518        3.482
  Syst_Est_interm      JUNCTION       23.90         49.686       48.814
  
  
  *********************
  Node Flooding Summary
  *********************
  
  No nodes were flooded.
  
  
  ***********************
  Outfall Loading Summary
  ***********************
  
  -----------------------------------------------------------
                         Flow       Avg       Max       Total
                         Freq      Flow      Flow      Volume
  Outfall Node           Pcnt       CMS       CMS    10^6 ltr
  -----------------------------------------------------------
  Brunnm_Fassung        99.96    0.0395     0.042       3.410
  Brunnmuehle(Teich)    99.96     0.445     0.464      38.438
  Fensterstollen        99.95      5.67       6.1     489.618
  Gischeren             99.59     0.678     0.678      58.323
  Schuettstein          99.95      0.82     0.849      70.793
  Holiloch              99.92      12.3      12.6    1059.366
  Sauserquelle          99.98     0.597     0.636      51.592
  Entw_Stollen          99.96    0.0442    0.0463       3.818
  Sous_lacustre        100.00    0.0412     0.043       3.561
  Sous_ecoul.           99.96   0.00623   0.00664       0.538
  Syst_Est_aval         99.59      1.47      1.47     126.602
  TWT_Portail_Est_61+665  99.96     0.583     0.584      50.317
  CentraleVentilation_1C  99.96     0.182     0.183      15.745
  -----------------------------------------------------------
  System                99.90      22.9      22.9    1972.121
  
  
  ********************
  Link Flow Summary
  ********************
  
  -----------------------------------------------------------------------------
                                 Maximum  Time of Max   Maximum    Max/    Max/
                                  |Flow|   Occurrence   |Veloc|    Full    Full
  Link                 Type          CMS  days hr:min     m/sec    Flow   Depth
  -----------------------------------------------------------------------------
  Brunn_Fassung_L      CONDUIT     0.042     0  00:02      1.71    0.69    0.81
  11                   CONDUIT      17.3     0  00:00      9.15    2.58    1.00
  14                   CONDUIT      19.5     0  00:00     13.34   10.62    1.00
  16                   CONDUIT     0.326     0  00:00      3.81    2.27    1.00
  17                   CONDUIT     0.317     0  00:00      1.12    0.54    1.00
  26                   CONDUIT      5.93     0  00:00     10.61    8.03    1.00
  27                   CONDUIT    0.0444     0  00:04      1.35    0.57    0.82
  Gischeren_L          CONDUIT     0.678     0  00:07      0.96    0.09    0.60
  Schuettstein_L       CONDUIT     0.849     0  00:02      4.95    0.72    0.82
  Brunnmuehle_L        CONDUIT     0.506     0  00:02      1.79    0.24    1.00
  32                   CONDUIT         0     0  00:00      0.00    0.00    0.00
  35                   CONDUIT     0.355     0  00:04      0.44    0.06    1.00
  45                   CONDUIT     0.476     0  00:03      5.48    0.00    0.04
  46                   CONDUIT      0.64     0  00:01      2.26    0.64    1.00
  47                   CONDUIT     0.145     0  00:00      3.82    9.04    1.00
  50                   CONDUIT     0.921     0  00:00      3.49    0.17    1.00
  51                   CONDUIT    0.0921     0  00:01      1.11    0.26    1.00
  53                   CONDUIT     0.314     0  00:00      1.89    1.60    1.00
  Fenster_L            CONDUIT       6.1     0  00:04      7.89    0.06    0.17
  58                   CONDUIT      1.86     0  00:06      3.58    0.02    0.15
  59                   CONDUIT     0.303     0  00:08      2.98    0.00    0.04
  61                   CONDUIT      1.03     0  00:00      5.18    1.46    1.00
  63                   CONDUIT     0.172     0  00:02      2.37    0.77    0.52
  66                   CONDUIT     0.182     0  00:02      2.77    2.39    1.00
  67                   CONDUIT      22.8     0  00:00      5.50    0.23    1.00
  Amont_L              CONDUIT      40.1     0  00:00      5.67    2.17    1.00
  69                   CONDUIT      0.35     0  00:02      2.95    1.37    1.00
  70                   CONDUIT     0.254     0  00:02      2.02    0.79    1.00
  71                   CONDUIT     0.586     0  00:00      2.59    1.04    1.00
  72                   CONDUIT     0.354     0  00:08      2.18    1.68    0.57
  Sauser_L             CONDUIT     0.636     0  00:01      1.20    0.16    0.64
  75                   CONDUIT    0.0817     0  00:02      2.82    0.83    0.62
  Entw_Sto_L           CONDUIT    0.0463     0  00:07      1.89    1.07    0.98
  4                    CONDUIT    0.0242     0  00:07      1.30    1.08    1.00
  5                    CONDUIT    0.0312     0  00:07      1.30    1.11    1.00
  6                    CONDUIT     0.043     0  00:02      1.61    0.65    0.79
  7                    CONDUIT     0.468     0  00:02      2.38    0.72    1.00
  Brunn_Teich_L        CONDUIT     0.464     0  00:02      1.85    0.35    0.71
  9                    CONDUIT   0.00664     0  00:02      1.67    0.00    0.51
  12                   CONDUIT        13     0  00:00      7.09    0.27    1.00
  15                   CONDUIT      15.4     0  00:00      7.44    0.40    1.00
  18                   CONDUIT      13.8     0  00:00      6.91    0.56    1.00
  19                   CONDUIT      1.19     0  00:01      1.58    1.13    1.00
  20                   CONDUIT     0.765     0  00:04      5.18    0.06    0.32
  21                   CONDUIT      12.9     0  00:02      1.22    0.09    0.91
  Hooliloch_L          CONDUIT      12.6     0  00:02      1.79    0.25    0.75
  23                   CONDUIT     0.158     0  00:06      3.37    0.99    0.63
  25                   CONDUIT     0.887     0  00:03      3.07    0.72    1.00
  28                   CONDUIT     0.158     0  00:06      2.46    0.00    0.03
  29                   CONDUIT    0.0244     0  00:08      0.58    0.00    0.03
  31                   CONDUIT     0.502     0  00:05      0.78    0.31    0.89
  33                   CONDUIT     0.972     0  00:01      0.90    0.37    1.00
  37                   CONDUIT     0.278     0  00:08      0.57    0.01    0.12
  SS3_L                CONDUIT     0.158     0  00:06      3.05    0.00    0.05
  40                   CONDUIT      0.74     0  00:07      2.27    0.00    0.05
  SS6_L                CONDUIT     0.172     0  00:02      4.17    0.00    0.05
  1                    CONDUIT         0     0  00:00      0.00    0.00    0.02
  2                    CONDUIT         0     0  00:00      0.00    0.00    0.00
  3                    CONDUIT    0.0816     0  00:02      3.91    0.01    0.07
  10                   CONDUIT     0.211     0  00:08      0.48    0.00    0.11
  13                   CONDUIT     0.522     0  00:00      5.89    1.13    1.00
  22                   CONDUIT     0.388     0  00:02      4.03    0.96    1.00
  24                   CONDUIT      2.85     0  00:01      4.27    0.00    1.00
  30                   CONDUIT      2.26     0  00:02      3.13    0.94    1.00
  34                   CONDUIT     0.678     0  00:02      2.96    0.76    0.94
  36                   CONDUIT     0.672     0  00:03      6.00    0.72    0.49
  38                   CONDUIT     0.517     0  00:01      3.06    0.19    1.00
  48                   CONDUIT       1.2     0  00:03      2.64    0.80    1.00
  54                   CONDUIT      1.47     0  00:08      1.15    0.28    0.68
  68                   CONDUIT     0.278     0  00:03      9.27    0.00    0.03
  73                   CONDUIT         0     0  00:00      0.00    0.00    0.05
  TWT1                 CONDUIT     0.584     0  00:08      2.93    0.00    0.02
  TWT2                 CONDUIT      0.69     0  00:08      3.21    0.00    0.02
  TWT3                 CONDUIT      1.12     0  00:02      1.72    0.00    0.04
  TWT4                 CONDUIT      5.34     0  00:02      4.14    0.01    0.08
  1_2_b_               CONDUIT         0     0  00:00      0.00    0.00    0.09
  1_2_b_2              CONDUIT    0.0687     0  00:03      1.49    0.02    0.55
  1_3_b_2              CONDUIT      0.43     0  00:04      3.05    0.26    0.68
  TWT5                 CONDUIT      4.67     0  00:02      3.79    0.01    0.12
  1_4_a                CONDUIT      1.11     0  00:06      1.23    0.02    0.19
  TWT6                 CONDUIT      1.01     0  00:03      1.04    0.00    0.11
  1_4_b                CONDUIT         0     0  00:00      0.00    0.00    0.19
  TWT7                 CONDUIT         0     0  00:00      0.00    0.00    0.04
  1_5_a                CONDUIT         0     0  00:00      0.00    0.00    0.05
  1_6_a_2              CONDUIT      1.58     0  00:05     11.01   12.49    1.00
  1_7_a                CONDUIT      4.26     0  00:08      2.95    0.97    0.13
  1_7_a_               CONDUIT     0.325     0  00:03      3.18    0.02    0.55
  1_7_a__              CONDUIT      2.11     0  00:02     10.82    0.31    1.00
  1_7_a_1              CONDUIT      2.93     0  00:03     16.34   14.91    1.00
  1_8_a                CONDUIT     0.186     0  00:06      0.49    0.00    0.09
  CV_1C_to_54          CONDUIT     0.183     0  00:08      1.10    0.98    0.79
  
  
  ***************************
  Flow Classification Summary
  ***************************
  
  -------------------------------------------------------------------------------------
                      Adjusted    ---------- Fraction of Time in Flow Class ---------- 
                       /Actual         Up    Down  Sub   Sup   Up    Down  Norm  Inlet 
  Conduit               Length    Dry  Dry   Dry   Crit  Crit  Crit  Crit  Ltd   Ctrl  
  -------------------------------------------------------------------------------------
  Brunn_Fassung_L         1.00   0.00  0.00  0.00  0.00  1.00  0.00  0.00  0.00  0.00
  11                      1.00   0.00  0.00  0.00  1.00  0.00  0.00  0.00  0.00  0.00
  14                      1.00   0.00  0.00  0.00  1.00  0.00  0.00  0.00  0.00  0.00
  16                      1.00   0.00  0.00  0.00  1.00  0.00  0.00  0.00  0.00  0.00
  17                      1.00   0.00  0.00  0.00  1.00  0.00  0.00  0.00  0.00  0.00
  26                      1.00   0.00  0.00  0.00  1.00  0.00  0.00  0.00  0.00  0.00
  27                      1.00   0.00  0.00  0.00  1.00  0.00  0.00  0.00  0.00  0.00
  Gischeren_L             1.00   0.00  0.00  0.00  1.00  0.00  0.00  0.00  0.00  0.00
  Schuettstein_L          1.00   0.00  0.00  0.00  0.00  1.00  0.00  0.00  0.00  0.00
  Brunnmuehle_L           1.00   0.00  0.00  0.00  1.00  0.00  0.00  0.00  0.00  0.00
  32                      1.00   1.00  0.00  0.00  0.00  0.00  0.00  0.00  0.00  0.00
  35                      1.00   0.00  0.00  0.00  1.00  0.00  0.00  0.00  0.00  0.00
  45                      1.00   0.00  0.00  0.00  0.00  1.00  0.00  0.00  1.00  0.00
  46                      1.00   0.00  0.00  0.00  1.00  0.00  0.00  0.00  0.00  0.00
  47                      1.00   0.00  0.00  0.00  1.00  0.00  0.00  0.00  0.00  0.00
  50                      1.00   0.00  0.00  0.00  1.00  0.00  0.00  0.00  0.00  0.00
  51                      1.00   0.00  0.00  0.00  1.00  0.00  0.00  0.00  0.00  0.00
  53                      1.00   0.00  0.00  0.00  1.00  0.00  0.00  0.00  0.00  0.00
  Fenster_L               1.00   0.00  0.00  0.00  0.00  1.00  0.00  0.00  0.00  0.00
  58                      1.00   0.00  0.00  0.00  0.00  1.00  0.00  0.00  0.00  0.00
  59                      1.00   0.00  0.00  0.00  0.00  1.00  0.00  0.00  1.00  0.00
  61                      1.00   0.00  0.00  0.00  1.00  0.00  0.00  0.00  0.00  0.00
  63                      1.00   0.00  0.00  0.00  1.00  0.00  0.00  0.00  0.00  0.00
  66                      1.00   0.00  0.00  0.00  1.00  0.00  0.00  0.00  0.00  0.00
  67                      1.00   0.00  0.00  0.00  1.00  0.00  0.00  0.00  0.00  0.00
  Amont_L                 1.00   0.00  0.00  0.00  1.00  0.00  0.00  0.00  0.00  0.00
  69                      1.00   0.00  0.00  0.00  1.00  0.00  0.00  0.00  0.00  0.00
  70                      1.00   0.00  0.00  0.00  1.00  0.00  0.00  0.00  0.00  0.00
  71                      1.00   0.00  0.00  0.00  1.00  0.00  0.00  0.00  0.00  0.00
  72                      1.00   0.00  0.00  0.00  1.00  0.00  0.00  0.00  0.00  0.00
  Sauser_L                1.00   0.00  0.00  0.00  1.00  0.00  0.00  0.00  0.00  0.00
  75                      1.00   0.00  0.00  0.00  0.00  1.00  0.00  0.00  0.00  0.00
  Entw_Sto_L              1.00   0.00  0.00  0.00  0.99  0.01  0.00  0.00  0.00  0.00
  4                       1.00   0.00  0.00  0.00  1.00  0.00  0.00  0.00  0.00  0.00
  5                       1.00   0.00  0.00  0.00  1.00  0.00  0.00  0.00  0.00  0.00
  6                       1.00   0.00  0.00  0.00  0.00  1.00  0.00  0.00  0.00  0.00
  7                       1.00   0.00  0.00  0.00  1.00  0.00  0.00  0.00  0.00  0.00
  Brunn_Teich_L           1.00   0.00  0.00  0.00  1.00  0.00  0.00  0.00  0.00  0.00
  9                       1.00   0.00  0.00  0.00  0.00  1.00  0.00  0.00  0.00  0.00
  12                      1.00   0.00  0.00  0.00  1.00  0.00  0.00  0.00  0.00  0.00
  15                      1.00   0.00  0.00  0.00  1.00  0.00  0.00  0.00  0.00  0.00
  18                      1.00   0.00  0.00  0.00  1.00  0.00  0.00  0.00  0.00  0.00
  19                      1.00   0.00  0.00  0.00  1.00  0.00  0.00  0.00  0.00  0.00
  20                      1.00   0.00  0.00  0.00  0.00  1.00  0.00  0.00  0.00  0.00
  21                      1.00   0.00  0.00  0.00  1.00  0.00  0.00  0.00  0.00  0.00
  Hooliloch_L             1.00   0.00  0.00  0.00  1.00  0.00  0.00  0.00  0.00  0.00
  23                      1.00   0.00  0.00  0.00  0.00  1.00  0.00  0.00  0.00  0.00
  25                      1.00   0.00  0.00  0.00  1.00  0.00  0.00  0.00  0.00  0.00
  28                      1.00   0.00  0.00  0.00  0.00  1.00  0.00  0.00  0.00  0.00
  29                      1.00   0.00  0.00  0.00  1.00  0.00  0.00  0.00  1.00  0.00
  31                      1.00   0.00  0.00  0.00  1.00  0.00  0.00  0.00  0.00  0.00
  33                      1.00   0.00  0.00  0.00  1.00  0.00  0.00  0.00  0.00  0.00
  37                      1.00   0.00  0.00  0.00  1.00  0.00  0.00  0.00  0.00  0.00
  SS3_L                   1.00   0.00  0.00  0.00  0.00  1.00  0.00  0.00  1.00  0.00
  40                      1.00   0.00  0.00  0.00  1.00  0.00  0.00  0.00  0.00  0.00
  SS6_L                   1.00   0.00  0.00  0.00  0.00  1.00  0.00  0.00  1.00  0.00
  1                       1.00   0.00  1.00  0.00  0.00  0.00  0.00  0.00  0.00  0.00
  2                       1.00   1.00  0.00  0.00  0.00  0.00  0.00  0.00  0.00  0.00
  3                       1.00   0.00  0.00  0.00  0.00  1.00  0.00  0.00  1.00  0.00
  10                      1.00   0.00  0.00  0.00  1.00  0.00  0.00  0.00  1.00  0.00
  13                      1.00   0.00  0.00  0.00  1.00  0.00  0.00  0.00  0.00  0.00
  22                      1.00   0.00  0.00  0.00  1.00  0.00  0.00  0.00  0.00  0.00
  24                      1.00   0.00  0.00  0.00  1.00  0.00  0.00  0.00  0.00  0.00
  30                      1.00   0.00  0.00  0.00  1.00  0.00  0.00  0.00  0.00  0.00
  34                      1.00   0.00  0.00  0.00  1.00  0.00  0.00  0.00  0.00  0.00
  36                      1.00   0.00  0.00  0.00  0.00  1.00  0.00  0.00  0.00  0.00
  38                      1.00   0.00  0.00  0.00  1.00  0.00  0.00  0.00  0.00  0.00
  48                      1.00   0.00  0.00  0.00  1.00  0.00  0.00  0.00  0.00  0.00
  54                      1.00   0.00  0.00  0.00  1.00  0.00  0.00  0.00  0.00  0.00
  68                      1.00   0.00  0.00  0.00  0.00  1.00  0.00  0.00  1.00  0.00
  73                      1.00   0.00  1.00  0.00  0.00  0.00  0.00  0.00  0.00  0.00
  TWT1                    1.00   0.00  0.00  0.00  0.00  1.00  0.00  0.00  0.00  0.00
  TWT2                    1.00   0.00  0.00  0.00  0.00  1.00  0.00  0.00  0.00  0.00
  TWT3                    1.00   0.00  0.00  0.00  0.00  1.00  0.00  0.00  0.00  0.00
  TWT4                    1.00   0.00  0.00  0.00  0.00  1.00  0.00  0.00  1.00  0.00
  1_2_b_                  1.00   0.00  1.00  0.00  0.00  0.00  0.00  0.00  0.00  0.00
  1_2_b_2                 1.00   0.00  0.00  0.00  1.00  0.00  0.00  0.00  1.00  0.00
  1_3_b_2                 1.00   0.00  0.00  0.00  0.00  1.00  0.00  0.00  0.00  0.00
  TWT5                    1.00   0.00  0.00  0.00  1.00  0.00  0.00  0.00  0.00  0.00
  1_4_a                   1.00   0.00  0.00  0.00  1.00  0.00  0.00  0.00  0.00  0.00
  TWT6                    1.00   0.00  0.00  0.00  1.00  0.00  0.00  0.00  0.00  0.00
  1_4_b                   1.00   0.00  1.00  0.00  0.00  0.00  0.00  0.00  0.00  0.00
  TWT7                    1.00   0.00  1.00  0.00  0.00  0.00  0.00  0.00  0.00  0.00
  1_5_a                   1.00   0.00  1.00  0.00  0.00  0.00  0.00  0.00  0.00  0.00
  1_6_a_2                 1.00   0.00  0.00  0.00  1.00  0.00  0.00  0.00  0.00  0.00
  1_7_a                   1.00   0.00  0.00  0.00  0.00  1.00  0.00  0.00  0.00  0.00
  1_7_a_                  1.00   0.00  0.00  0.00  0.00  1.00  0.00  0.00  1.00  0.00
  1_7_a__                 1.00   0.00  0.00  0.00  0.00  1.00  0.00  0.00  0.00  0.00
  1_7_a_1                 1.00   0.00  0.00  0.00  0.00  1.00  0.00  0.00  0.00  0.00
  1_8_a                   1.00   0.00  0.00  0.00  1.00  0.00  0.00  0.00  0.00  0.00
  CV_1C_to_54             1.00   0.00  0.00  0.00  1.00  0.00  0.00  0.00  0.00  0.00
  
  
  *************************
  Conduit Surcharge Summary
  *************************
  
  ----------------------------------------------------------------------------
                                                           Hours        Hours 
                         --------- Hours Full --------   Above Full   Capacity
  Conduit                Both Ends  Upstream  Dnstream   Normal Flow   Limited
  ----------------------------------------------------------------------------
  Brunn_Fassung_L             0.01      0.01     24.00      0.01         0.01
  11                         23.99     23.99     23.99     23.99         0.01
  14                         23.99     23.99     24.00     23.99         0.01
  16                         24.00     24.00     24.00     23.99        23.99
  17                         24.00     24.00     24.00      0.01         0.01
  26                         23.99     24.00     23.99     23.99        23.99
  27                          0.01      0.01     23.96      0.01         0.01
  Gischeren_L                 0.01      0.01     23.90      0.01         0.01
  Schuettstein_L              0.01      0.01     23.99      0.01         0.01
  Brunnmuehle_L              24.00     24.00     24.00      0.01         0.01
  35                         23.92     23.92     23.96      0.01         0.01
  46                         24.00     24.00     24.00      0.01         0.01
  47                         24.00     24.00     24.00     24.00        24.00
  50                         23.99     23.99     23.99      0.01         0.01
  51                         23.98     23.98     24.00      0.01         0.01
  53                         24.00     24.00     24.00     23.99         0.01
  61                         23.99     23.99     23.99     23.99         0.01
  63                          0.01     23.98      0.01      0.01         0.01
  66                         23.95     23.98     23.95     23.98        23.95
  67                         23.99     23.99     24.00      0.01         0.01
  Amont_L                    24.00     24.00     24.00     24.00         0.01
  69                         23.96     23.96     24.00      0.02         0.01
  70                         23.96     23.96     24.00      0.01         0.01
  71                         23.99     23.99     23.99      0.01         0.01
  72                          0.01     23.98      0.01     23.98         0.01
  Sauser_L                    0.01      0.01     24.00      0.01         0.01
  75                          0.01     23.96      0.01      0.01         0.01
  Entw_Sto_L                  0.01     23.87      0.01     23.88         0.01
  4                          23.87     23.97     23.87     23.88        23.87
  5                          23.87     23.87     24.00     23.89         0.01
  6                           0.01      0.01     24.00      0.01         0.01
  7                          23.99     23.99     24.00      0.01         0.01
  Brunn_Teich_L               0.01      0.01     23.99      0.01         0.01
  9                           0.01      0.01     23.99      0.01         0.01
  12                         23.99     23.99     23.99      0.01         0.01
  15                         23.99     23.99     23.99      0.01         0.01
  18                         23.99     23.99     23.99      0.01         0.01
  19                         23.98     23.98     23.99      0.01         0.01
  21                          0.01      0.01     23.98      0.01         0.01
  Hooliloch_L                 0.01      0.01     23.97      0.01         0.01
  23                          0.01     23.95      0.01      0.01         0.01
  25                         23.94     23.94     23.99      0.01         0.01
  31                          0.01      0.01     23.91      0.01         0.01
  33                         23.97     23.97     23.97      0.01         0.01
  13                         23.99     23.99     24.00      0.01         0.01
  22                         23.99     23.99     24.00      0.01         0.01
  24                         23.98     23.98     24.00      0.01         0.01
  30                         23.98     23.98     24.00      0.01         0.01
  34                          0.01      0.01     23.99      0.01         0.01
  38                         23.95     23.95     23.96      0.01         0.01
  48                         23.89     23.89     23.92      0.01         0.01
  54                          0.01      0.01     23.90      0.01         0.01
  1_2_b_2                     0.01      0.01     23.94      0.01         0.01
  1_3_b_2                     0.01      0.01     23.95      0.01         0.01
  1_6_a_2                    23.91     24.00     23.91     24.00        23.91
  1_7_a_                      0.01      0.01      0.02      0.01         0.01
  1_7_a__                     0.02      0.02     24.00      0.01         0.01
  1_7_a_1                     0.02      0.02     24.00     23.99         0.01
  CV_1C_to_54                 0.01     23.91      0.01      0.01         0.01
  

  Analysis begun on:  Wed Sep 30 16:38:24 2026
  Analysis ended on:  Wed Sep 30 16:38:29 2026
  Total elapsed time: 00:00:05