
  EPA STORM WATER MANAGEMENT MODEL - VERSION 5.2 (Build 5.2.4)
  ------------------------------------------------------------

  Brunnmuehle (Twann) 
  WARNING 08: elevation drop exceeds length for Conduit SS3_L
  WARNING 08: elevation drop exceeds length for Conduit SS6_L
  WARNING 08: elevation drop exceeds length for Conduit 2
  WARNING 08: elevation drop exceeds length for Conduit 3
  WARNING 08: elevation drop exceeds length for Conduit 68
  WARNING 08: elevation drop exceeds length for Conduit 1_2_b_
  WARNING 08: elevation drop exceeds length for Conduit 1_2_b_2
  WARNING 08: elevation drop exceeds length for Conduit 1_4_b
  WARNING 08: elevation drop exceeds length for Conduit 1_5_a
  WARNING 04: minimum elevation drop used for Conduit 1_7_a
  WARNING 08: elevation drop exceeds length for Conduit 1_7_a_
  WARNING 08: elevation drop exceeds length for Conduit 1_7_a__
  WARNING 08: elevation drop exceeds length for Conduit 1_7_a_4
  WARNING 02: maximum depth increased for Node 2
  
  ****************
  Analysis Options
  ****************
  Flow Units ............... CMS
  Process Models:
    Rainfall/Runoff ........ NO
    RDII ................... NO
    Snowmelt ............... NO
    Groundwater ............ NO
    Flow Routing ........... YES
    Ponding Allowed ........ NO
    Water Quality .......... NO
  Flow Routing Method ...... DYNWAVE
  Surcharge Method ......... EXTRAN
  Starting Date ............ 01/01/2000 00:00:00
  Ending Date .............. 01/02/2000 00:00:00
  Antecedent Dry Days ...... 0.0
  Report Time Step ......... 01:00:00
  Routing Time Step ........ 0.50 sec
  Variable Time Step ....... YES
  Maximum Trials ........... 8
  Number of Threads ........ 1
  Head Tolerance ........... 0.001500 m
  
  
  **************************        Volume        Volume
  Flow Routing Continuity        hectare-m      10^6 ltr
  **************************     ---------     ---------
  Dry Weather Inflow .......         0.000         0.000
  Wet Weather Inflow .......         0.000         0.000
  Groundwater Inflow .......         0.000         0.000
  RDII Inflow ..............         0.000         0.000
  External Inflow ..........       133.343      1333.445
  External Outflow .........       126.595      1265.967
  Flooding Loss ............         0.000         0.000
  Evaporation Loss .........         0.000         0.000
  Exfiltration Loss ........         0.000         0.000
  Initial Stored Volume ....         0.056         0.562
  Final Stored Volume ......         0.454         4.537
  Continuity Error (%) .....         4.760
  
  
  *************************
  Highest Continuity Errors
  *************************
  Node Syst_Est_interm (100.00%)
  Node CentraleVentilation_1C (99.69%)
  Node 54 (59.73%)
  Node 8 (33.59%)
  Node TWT_Fensterstollen_60+375 (-14.95%)
  
  
  ***************************
  Time-Step Critical Elements
  ***************************
  Link 1_7_a_ (13833.79%)
  Link 20 (54.14%)
  Link 1_7_a_1 (2.98%)
  
  
  ********************************
  Highest Flow Instability Indexes
  ********************************
  All links are stable.
  
  
  *********************************
  Most Frequent Nonconverging Nodes
  *********************************
  Node Brunnm_Fassung (38.05%)
  Node Brunnmuehle(Teich) (38.05%)
  Node Fensterstollen (38.05%)
  Node Gischeren (38.05%)
  Node Schuettstein (38.05%)
  
  
  *************************
  Routing Time Step Summary
  *************************
  Minimum Time Step           :     0.50 sec
  Average Time Step           :     0.50 sec
  Maximum Time Step           :     0.50 sec
  % of Time in Steady State   :    99.28
  Average Iterations per Step :     6.38
  % of Steps Not Converging   :    38.05
  Time Step Frequencies       :
      0.500 -  0.500 sec      :   100.00 %
      0.500 -  0.500 sec      :     0.00 %
      0.500 -  0.500 sec      :     0.00 %
      0.500 -  0.500 sec      :     0.00 %
      0.500 -  0.500 sec      :     0.00 %
  
  
  ******************
  Node Depth Summary
  ******************
  
  ---------------------------------------------------------------------------------
                                 Average  Maximum  Maximum  Time of Max    Reported
                                   Depth    Depth      HGL   Occurrence   Max Depth
  Node                 Type       Meters   Meters   Meters  days hr:min      Meters
  ---------------------------------------------------------------------------------
  9                    JUNCTION    43.18    46.43   484.93     0  00:00       43.21
  Holiloch_sonde       JUNCTION    40.16    44.89   484.89     0  00:00       40.19
  11                   JUNCTION    47.85    49.51   459.51     0  00:04       47.86
  13                   JUNCTION    51.33    52.24   490.24     0  00:03       51.36
  21                   JUNCTION    40.99    41.82   441.82     0  00:04       41.00
  SonSto_F             JUNCTION     0.12     0.12   437.92     0  00:10        0.12
  Sondierstollen       JUNCTION     0.00     0.00   440.80     0  00:00        0.00
  Aval_Trappe          JUNCTION     0.35     0.36   437.96     0  00:10        0.36
  30                   JUNCTION     0.53     0.53   437.83     0  00:10        0.53
  Gischeren_node       JUNCTION     1.55     1.56   478.06     0  00:10        1.56
  34                   JUNCTION    19.56    20.24   440.24     0  00:04       19.57
  38                   JUNCTION    24.11    25.25   445.25     0  00:04       24.12
  SS6                  JUNCTION     0.05     0.05   448.05     0  00:02        0.05
  40                   JUNCTION    20.78    21.27   440.27     0  00:03       20.78
  41                   JUNCTION    51.65    52.55   490.05     0  00:03       51.68
  SondeSchuettstein    JUNCTION    21.18    23.63   482.63     0  00:01       21.20
  SS4                  JUNCTION     0.06     0.06   448.06     0  00:03        0.06
  47                   JUNCTION    13.85    14.13   479.03     0  00:01       13.87
  48                   JUNCTION     8.98    11.11   482.11     0  00:01        8.99
  SondeGischeren       JUNCTION    13.01    13.06   478.06     0  00:10       13.06
  49                   JUNCTION    13.13    14.68   480.68     0  00:02       13.15
  50                   JUNCTION     7.05     7.08   470.08     0  00:10        7.08
  51                   JUNCTION    69.66    70.57   490.57     0  00:03       69.69
  Amont_C              JUNCTION    72.93    87.54   505.54     0  00:00       72.96
  52                   JUNCTION     8.31    18.57   475.57     0  00:04        8.34
  53                   JUNCTION    13.79    18.55   485.55     0  00:01       13.80
  54                   JUNCTION     0.97     0.97   463.97     0  00:10        0.97
  56                   JUNCTION     6.17     6.26   436.26     0  00:03        6.18
  2                    JUNCTION     0.18     0.18   438.18     0  00:10        0.18
  4                    JUNCTION     8.78     9.29   437.29     0  00:00        8.79
  5                    JUNCTION     5.95     5.98   478.48     0  00:04        5.95
  6                    JUNCTION    21.29    21.42   479.42     0  00:03       21.31
  7                    JUNCTION     3.44     3.47   478.47     0  00:04        3.45
  SS3                  JUNCTION     0.08     0.08   448.08     0  00:10        0.08
  SS5                  JUNCTION     0.59     0.59   439.49     0  00:10        0.59
  8                    JUNCTION     4.08     4.10   478.10     0  00:10        4.10
  10                   JUNCTION    11.12    12.72   480.72     0  00:02       11.14
  SonSto_SS5           JUNCTION     0.12     0.12   439.42     0  00:10        0.12
  SonSto_SS3           JUNCTION     0.11     0.11   439.81     0  00:10        0.11
  SonSto_SS4           JUNCTION     0.08     0.08   439.48     0  00:10        0.08
  Amont_Trappe         JUNCTION     0.25     0.25   437.95     0  00:10        0.25
  SonSto_SS6           JUNCTION     0.11     0.11   438.81     0  00:06        0.11
  SS2                  JUNCTION     0.00     0.00   448.00     0  00:00        0.00
  SonSto_SS2           JUNCTION     0.00     0.00   441.50     0  00:00        0.00
  12                   JUNCTION    17.39    17.90   466.90     0  00:03       17.40
  14                   JUNCTION     6.71     8.70   473.70     0  00:03        6.72
  15                   JUNCTION     0.35     0.35   472.35     0  00:05        0.35
  TWT_PointHaut_60+749 JUNCTION     0.16     0.17   438.67     0  00:05        0.17
  TWT_Fensterstollen_60+375 JUNCTION     0.80     0.81   438.11     0  00:10        0.80
  TWT_Acces_LT_60+110  JUNCTION     0.68     0.68   438.18     0  00:10        0.68
  TWT_Liaison_LT_59+738 JUNCTION     0.00     0.00   446.50     0  00:00        0.00
  Syst_Est_amont       JUNCTION     0.50     0.52   430.52     0  00:03        0.50
  Syst_Est_interm      JUNCTION     1.43     1.43   411.43     0  00:10        1.43
  TWT_Branche_Est_Sonsto_60+540 JUNCTION     0.43     0.48   438.88     0  00:02        0.43
  TWT_Intersection_Sonsto_60+345 JUNCTION     1.07     1.13   438.13     0  00:09        1.07
  TWT_Chrosweg_61+140  JUNCTION     0.14     0.14   432.14     0  00:10        0.14
  SonSto_F_sup         JUNCTION     0.04     0.04   448.04     0  00:05        0.04
  SonSto_porte         JUNCTION     0.00     0.00   438.50     0  00:00        0.00
  CentraleVentilation_1C JUNCTION     9.93    62.15   516.15     0  00:06        9.98
  Brunnm_Fassung       OUTFALL      0.10     0.10   433.90     0  00:04        0.10
  Brunnmuehle(Teich)   OUTFALL      0.23     0.24   435.74     0  00:04        0.23
  Fensterstollen       OUTFALL      0.49     0.50   437.50     0  00:10        0.50
  Gischeren            OUTFALL      0.00     0.00   480.00     0  00:00        0.00
  Schuettstein         OUTFALL      0.21     0.23   477.78     0  00:01        0.21
  Holiloch             OUTFALL      1.58     1.60   478.10     0  00:05        1.59
  Sauserquelle         OUTFALL      0.25     0.26   435.81     0  00:03        0.25
  Entw_Stollen         OUTFALL      0.17     0.17   436.67     0  00:09        0.17
  Sous_lacustre        OUTFALL      0.11     0.11   429.31     0  00:04        0.11
  Sous_ecoul.          OUTFALL      0.00     0.00   433.00     0  00:04        0.00
  Syst_Est_aval        OUTFALL      0.00     0.00   429.00     0  00:00        0.00
  TWT_Portail_Est_61+665 OUTFALL      0.14     0.14   421.74     0  00:10        0.14
  
  
  *******************
  Node Inflow Summary
  *******************
  
  -------------------------------------------------------------------------------------------------
                                  Maximum  Maximum                  Lateral       Total        Flow
                                  Lateral    Total  Time of Max      Inflow      Inflow     Balance
                                   Inflow   Inflow   Occurrence      Volume      Volume       Error
  Node                 Type           CMS      CMS  days hr:min    10^6 ltr    10^6 ltr     Percent
  -------------------------------------------------------------------------------------------------
  9                    JUNCTION         0     12.7     0  00:00           0         621       0.014
  Holiloch_sonde       JUNCTION         0       12     0  00:00           0         582       0.006
  11                   JUNCTION         0    0.257     0  00:01           0        21.9       0.001
  13                   JUNCTION         0       15     0  00:00           0    1.04e+03       0.010
  21                   JUNCTION         0    0.444     0  00:04           0        37.6       0.000
  SonSto_F             JUNCTION         0    0.542     0  00:10           0        46.4       0.342
  Sondierstollen       JUNCTION         0        0     0  00:00           0           0       0.000 ltr
  Aval_Trappe          JUNCTION         0     1.92     0  00:08           0         152      -1.264
  30                   JUNCTION         0     6.23     0  00:10           0         535       3.109
  Gischeren_node       JUNCTION         0    0.273     0  00:08           0        14.114058865.266 ltr
  34                   JUNCTION         0    0.408     0  00:04           0        34.4       0.003
  38                   JUNCTION         0    0.246     0  00:01           0        19.9      -0.002
  SS6                  JUNCTION         0    0.157     0  00:02           0        12.9      -0.001
  40                   JUNCTION         0     2.24     0  00:03           0         192      -0.007
  41                   JUNCTION         0     1.58     0  00:00           0        38.3      -0.018
  SondeSchuettstein    JUNCTION         0     0.68     0  00:00           0        38.3      -0.018
  SS4                  JUNCTION         0   0.0817     0  00:03           0        6.81       0.028
  47                   JUNCTION         0     9.03     0  00:01           0         569       0.038
  48                   JUNCTION         0    0.532     0  00:01           0        38.3       0.041
  SondeGischeren       JUNCTION         0    0.311     0  00:08           0        17.1       0.352
  49                   JUNCTION         0    0.972     0  00:02           0          13       0.632
  50                   JUNCTION         0     0.18     0  00:05           0        13.1       0.026
  51                   JUNCTION         0     28.4     0  00:00           0    1.27e+03       0.009
  Amont_C              JUNCTION      14.7     39.7     0  00:00    1.27e+03    1.27e+03       0.022
  52                   JUNCTION         0    0.257     0  00:04           0        17.7       0.122
  53                   JUNCTION         0    0.375     0  00:01           0          22       0.035
  54                   JUNCTION         0     0.31     0  00:06           0          22     148.326
  56                   JUNCTION         0    0.564     0  00:03           0        47.8      -0.002
  2                    JUNCTION         0    0.209     0  00:08           0        4.06       5.483
  4                    JUNCTION         0    0.375     0  00:04           0        31.6       0.018
  5                    JUNCTION         0     7.69     0  00:01           0         569       0.060
  6                    JUNCTION         0       10     0  00:00           0         582       0.030
  7                    JUNCTION         0     6.96     0  00:02           0         569       0.032
  SS3                  JUNCTION         0    0.151     0  00:10           0          13       0.040
  SS5                  JUNCTION         0    0.244     0  00:10           0          21       0.146
  8                    JUNCTION         0    0.506     0  00:07           0        40.9      50.573
  10                   JUNCTION         0    0.762     0  00:02           0        12.9      -0.432
  SonSto_SS5           JUNCTION         0    0.268     0  00:10           0        23.1       0.078
  SonSto_SS3           JUNCTION         0    0.151     0  00:10           0          13       0.196
  SonSto_SS4           JUNCTION         0     0.23     0  00:10           0        19.8       0.048
  Amont_Trappe         JUNCTION         0    0.538     0  00:09           0        43.5      -0.146
  SonSto_SS6           JUNCTION         0    0.349     0  00:10           0        30.1       0.087
  SS2                  JUNCTION         0        0     0  00:00           0           0       0.000 ltr
  SonSto_SS2           JUNCTION         0        0     0  00:00           0           0       0.000 ltr
  12                   JUNCTION         0     0.37     0  00:00           0        26.7       0.017
  14                   JUNCTION         0     1.95     0  00:03           0         155       0.032
  15                   JUNCTION         0    0.454     0  00:04           0        38.5       0.038
  TWT_PointHaut_60+749 JUNCTION         0    0.703     0  00:03           0        51.6      -1.615
  TWT_Fensterstollen_60+375 JUNCTION         0     6.01     0  00:09           0         424     -13.009
  TWT_Acces_LT_60+110  JUNCTION         0     1.95     0  00:06           0         111       1.671
  TWT_Liaison_LT_59+738 JUNCTION         0        0     0  00:00           0           0       0.000 ltr
  Syst_Est_amont       JUNCTION     0.735    0.735     0  00:00        63.5        63.5       0.069
  Syst_Est_interm      JUNCTION         0    0.781     0  00:04           0        63.563453511.663 ltr
  TWT_Branche_Est_Sonsto_60+540 JUNCTION         0     4.32     0  00:04           0         370       0.034
  TWT_Intersection_Sonsto_60+345 JUNCTION         0     4.03     0  00:03           0         110       7.044
  TWT_Chrosweg_61+140  JUNCTION         0    0.634     0  00:06           0        52.5       3.549
  SonSto_F_sup         JUNCTION         0    0.453     0  00:05           0        38.5       0.002
  SonSto_porte         JUNCTION         0        0     0  00:00           0           0       0.000 ltr
  CentraleVentilation_1C JUNCTION         0     0.14     0  00:06           0      0.0273   31979.366
  Brunnm_Fassung       OUTFALL          0   0.0342     0  00:04           0        2.84       0.000
  Brunnmuehle(Teich)   OUTFALL          0     0.37     0  00:04           0        31.1       0.000
  Fensterstollen       OUTFALL          0     6.04     0  00:10           0         519       0.000
  Gischeren            OUTFALL          0        0     0  00:00           0           0       0.000 ltr
  Schuettstein         OUTFALL          0    0.494     0  00:01           0        38.3       0.000
  Holiloch             OUTFALL          0     6.79     0  00:05           0         569       0.000
  Sauserquelle         OUTFALL          0    0.561     0  00:03           0        47.8       0.000
  Entw_Stollen         OUTFALL          0   0.0466     0  00:09           0         3.8       0.000
  Sous_lacustre        OUTFALL          0   0.0371     0  00:04           0        3.13       0.000
  Sous_ecoul.          OUTFALL          0  0.00613     0  00:04           0       0.513       0.000
  Syst_Est_aval        OUTFALL          0        0     0  00:00           0           0       0.000 ltr
  TWT_Portail_Est_61+665 OUTFALL          0    0.589     0  00:10           0        50.7       0.000
  
  
  **********************
  Node Surcharge Summary
  **********************
  
  Surcharging occurs when water rises above the top of the highest conduit.
  ---------------------------------------------------------------------
                                               Max. Height   Min. Depth
                                   Hours       Above Crown    Below Rim
  Node                 Type      Surcharged         Meters       Meters
  ---------------------------------------------------------------------
  9                    JUNCTION       23.99         44.625       53.575
  Holiloch_sonde       JUNCTION       23.99         42.988      155.112
  11                   JUNCTION       24.00         49.053      100.487
  13                   JUNCTION       23.99         49.245      347.755
  21                   JUNCTION       24.00         41.222      108.178
  34                   JUNCTION       24.00         19.642       79.758
  38                   JUNCTION       24.00         24.645      124.755
  40                   JUNCTION       24.00         17.272       78.728
  41                   JUNCTION       23.99         51.699      197.451
  SondeSchuettstein    JUNCTION       23.98         22.830        0.000
  47                   JUNCTION       23.98         12.232       85.868
  48                   JUNCTION       23.98         10.308       88.892
  SondeGischeren       JUNCTION       23.92         11.859       86.941
  49                   JUNCTION       23.96          6.677      185.323
  50                   JUNCTION       23.91          6.783      192.917
  51                   JUNCTION       24.00         66.570      329.430
  Amont_C              JUNCTION       24.00         84.542      312.458
  52                   JUNCTION       23.92         18.167       81.433
  53                   JUNCTION       23.97         13.555      181.445
  56                   JUNCTION       23.99          5.255       93.745
  4                    JUNCTION       23.99          8.643       90.707
  5                    JUNCTION       23.96          0.984       44.016
  6                    JUNCTION       23.98         16.422      178.578
  10                   JUNCTION       23.96          4.717      187.283
  12                   JUNCTION       23.98         17.547      182.103
  14                   JUNCTION       23.95          4.699      191.301
  CentraleVentilation_1C JUNCTION       23.89         61.649      137.851
  
  
  *********************
  Node Flooding Summary
  *********************
  
  No nodes were flooded.
  
  
  ***********************
  Outfall Loading Summary
  ***********************
  
  -----------------------------------------------------------
                         Flow       Avg       Max       Total
                         Freq      Flow      Flow      Volume
  Outfall Node           Pcnt       CMS       CMS    10^6 ltr
  -----------------------------------------------------------
  Brunnm_Fassung        99.94    0.0329    0.0342       2.842
  Brunnmuehle(Teich)    99.94      0.36      0.37      31.080
  Fensterstollen        99.94      6.01      6.04     519.247
  Gischeren              0.00         0         0       0.000
  Schuettstein          99.92     0.444     0.494      38.314
  Holiloch              99.87      6.59      6.79     568.517
  Sauserquelle          99.97     0.554     0.561      47.832
  Entw_Stollen          99.93     0.044    0.0466       3.799
  Sous_lacustre        100.00    0.0362    0.0371       3.128
  Sous_ecoul.           99.94   0.00594   0.00613       0.513
  Syst_Est_aval          0.00         0         0       0.000
  TWT_Portail_Est_61+665  99.94     0.587     0.589      50.689
  -----------------------------------------------------------
  System                83.28      14.7      14.7    1265.961
  
  
  ********************
  Link Flow Summary
  ********************
  
  -----------------------------------------------------------------------------
                                 Maximum  Time of Max   Maximum    Max/    Max/
                                  |Flow|   Occurrence   |Veloc|    Full    Full
  Link                 Type          CMS  days hr:min     m/sec    Flow   Depth
  -----------------------------------------------------------------------------
  Brunn_Fassung_L      CONDUIT    0.0342     0  00:04      1.46    0.56    0.77
  11                   CONDUIT        12     0  00:00      6.70    1.80    1.00
  14                   CONDUIT      12.7     0  00:00      9.39    6.93    1.00
  16                   CONDUIT     0.257     0  00:01      3.01    1.79    1.00
  17                   CONDUIT     0.246     0  00:01      0.87    0.42    1.00
  26                   CONDUIT      1.58     0  00:00      2.79    2.14    1.00
  27                   CONDUIT    0.0349     0  00:08      1.15    0.45    0.76
  Gischeren_L          CONDUIT         0     0  00:00      0.00    0.00    0.50
  Schuettstein_L       CONDUIT     0.494     0  00:01      3.22    0.42    0.73
  Brunnmuehle_L        CONDUIT     0.408     0  00:04      1.44    0.19    1.00
  32                   CONDUIT         0     0  00:00      0.00    0.00    0.00
  35                   CONDUIT     0.163     0  00:08      0.23    0.03    1.00
  45                   CONDUIT     0.353     0  00:10      4.87    0.00    0.04
  46                   CONDUIT     0.564     0  00:03      2.00    0.56    1.00
  47                   CONDUIT     0.114     0  00:01      3.01    7.13    1.00
  50                   CONDUIT     0.532     0  00:01      1.75    0.10    1.00
  51                   CONDUIT    0.0442     0  00:03      0.48    0.12    1.00
  53                   CONDUIT     0.246     0  00:01      1.48    1.25    1.00
  Fenster_L            CONDUIT      6.04     0  00:10      7.49    0.06    0.17
  58                   CONDUIT      1.88     0  00:08      3.90    0.02    0.15
  59                   CONDUIT     0.267     0  00:10      3.02    0.00    0.04
  61                   CONDUIT      0.68     0  00:00      3.48    0.96    1.00
  63                   CONDUIT     0.157     0  00:02      2.19    0.71    0.51
  66                   CONDUIT      0.18     0  00:05      2.66    2.37    1.00
  67                   CONDUIT      14.6     0  00:00      3.99    0.14    1.00
  Amont_L              CONDUIT      28.4     0  00:00      4.02    1.54    1.00
  69                   CONDUIT     0.257     0  00:04      2.17    1.00    1.00
  70                   CONDUIT     0.206     0  00:04      1.64    0.64    1.00
  71                   CONDUIT     0.375     0  00:01      1.66    0.66    1.00
  72                   CONDUIT     0.255     0  00:10      1.53    1.21    0.60
  Sauser_L             CONDUIT     0.561     0  00:03      1.08    0.14    0.63
  75                   CONDUIT    0.0817     0  00:03      2.83    0.83    0.62
  Entw_Sto_L           CONDUIT    0.0466     0  00:09      1.90    1.08    0.97
  4                    CONDUIT    0.0243     0  00:09      1.31    1.09    0.99
  5                    CONDUIT     0.025     0  00:09      1.05    0.89    1.00
  6                    CONDUIT    0.0371     0  00:04      1.44    0.56    0.77
  7                    CONDUIT     0.375     0  00:04      1.91    0.58    1.00
  Brunn_Teich_L        CONDUIT      0.37     0  00:04      1.54    0.28    0.68
  9                    CONDUIT   0.00613     0  00:04      1.54    0.00    0.50
  12                   CONDUIT      7.69     0  00:01      4.44    0.16    1.00
  15                   CONDUIT        10     0  00:00      4.97    0.26    1.00
  18                   CONDUIT      9.03     0  00:01      4.59    0.36    1.00
  19                   CONDUIT     0.972     0  00:02      1.27    0.92    1.00
  20                   CONDUIT     0.603     0  00:09      4.28    0.05    0.31
  21                   CONDUIT      6.96     0  00:02      0.82    0.05    0.85
  Hooliloch_L          CONDUIT      6.79     0  00:05      1.32    0.13    0.63
  23                   CONDUIT     0.151     0  00:10      3.25    0.95    0.63
  25                   CONDUIT     0.506     0  00:07      1.83    0.41    1.00
  28                   CONDUIT     0.151     0  00:10      2.42    0.00    0.03
  29                   CONDUIT    0.0237     0  00:10      0.62    0.00    0.03
  31                   CONDUIT     0.118     0  00:10      0.46    0.07    0.57
  33                   CONDUIT     0.762     0  00:02      0.80    0.29    1.00
  37                   CONDUIT     0.244     0  00:10      0.52    0.01    0.12
  SS3_L                CONDUIT     0.151     0  00:10      3.04    0.00    0.05
  40                   CONDUIT     0.538     0  00:09      1.97    0.00    0.05
  SS6_L                CONDUIT    0.0856     0  00:02      3.37    0.00    0.04
  1                    CONDUIT         0     0  00:00      0.00    0.00    0.02
  2                    CONDUIT         0     0  00:00      0.00    0.00    0.00
  3                    CONDUIT    0.0817     0  00:03      3.90    0.01    0.07
  10                   CONDUIT     0.206     0  00:10      0.48    0.00    0.11
  13                   CONDUIT      0.37     0  00:00      4.37    0.80    1.00
  22                   CONDUIT     0.312     0  00:01      3.24    0.77    1.00
  24                   CONDUIT      1.95     0  00:03      2.80    0.00    1.00
  30                   CONDUIT      1.82     0  00:03      2.52    0.76    1.00
  34                   CONDUIT     0.454     0  00:04      2.18    0.51    0.82
  36                   CONDUIT     0.453     0  00:05      5.90    0.48    0.36
  38                   CONDUIT     0.311     0  00:08      2.59    0.12    1.00
  48                   CONDUIT     0.781     0  00:04      2.40    0.52    0.75
  54                   CONDUIT         0     0  00:00      0.00    0.00    0.48
  68                   CONDUIT     0.192     0  00:05      8.64    0.00    0.03
  73                   CONDUIT         0     0  00:00      0.00    0.00    0.05
  TWT1                 CONDUIT     0.589     0  00:10      2.95    0.00    0.02
  TWT2                 CONDUIT     0.634     0  00:06      3.13    0.00    0.02
  TWT3                 CONDUIT     0.703     0  00:03      1.24    0.00    0.04
  TWT4                 CONDUIT      3.96     0  00:02      3.78    0.01    0.08
  1_2_b_               CONDUIT         0     0  00:00      0.00    0.00    0.08
  1_2_b_2              CONDUIT    0.0456     0  00:05      0.69    0.01    0.54
  TWT5                 CONDUIT      3.31     0  00:03      3.30    0.00    0.12
  1_4_a                CONDUIT      1.44     0  00:08      1.58    0.02    0.19
  TWT6                 CONDUIT      1.27     0  00:10      1.03    0.00    0.11
  1_4_b                CONDUIT         0     0  00:00      0.00    0.00    0.19
  TWT7                 CONDUIT         0     0  00:00      0.00    0.00    0.04
  1_5_a                CONDUIT         0     0  00:00      0.00    0.00    0.05
  1_6_a_2              CONDUIT      1.29     0  00:06      8.18   10.21    1.00
  1_7_a                CONDUIT       4.4     0  00:10      2.88    1.00    0.13
  1_7_a_               CONDUIT     0.216     0  00:05      2.39    0.01    0.51
  1_7_a__              CONDUIT      1.64     0  00:04      8.65    0.24    0.98
  1_7_a_1              CONDUIT      2.39     0  00:03     12.80   12.19    0.98
  1_7_a_4              CONDUIT    0.0716     0  00:02      0.74    0.02    0.52
  1_8_a                CONDUIT     0.164     0  00:08      0.38    0.00    0.09
  CV_1C_to_54          CONDUIT      0.14     0  00:06      1.20    0.75    1.00
  
  
  ***************************
  Flow Classification Summary
  ***************************
  
  -------------------------------------------------------------------------------------
                      Adjusted    ---------- Fraction of Time in Flow Class ---------- 
                       /Actual         Up    Down  Sub   Sup   Up    Down  Norm  Inlet 
  Conduit               Length    Dry  Dry   Dry   Crit  Crit  Crit  Crit  Ltd   Ctrl  
  -------------------------------------------------------------------------------------
  Brunn_Fassung_L         1.00   0.00  0.00  0.00  0.00  1.00  0.00  0.00  0.00  0.00
  11                      1.00   0.00  0.00  0.00  1.00  0.00  0.00  0.00  0.00  0.00
  14                      1.00   0.00  0.00  0.00  1.00  0.00  0.00  0.00  0.00  0.00
  16                      1.00   0.00  0.00  0.00  1.00  0.00  0.00  0.00  0.00  0.00
  17                      1.00   0.00  0.00  0.00  1.00  0.00  0.00  0.00  0.00  0.00
  26                      1.00   0.00  0.00  0.00  1.00  0.00  0.00  0.00  0.00  0.00
  27                      1.00   0.00  0.00  0.00  1.00  0.00  0.00  0.00  0.00  0.00
  Gischeren_L             1.00   0.00  1.00  0.00  0.00  0.00  0.00  0.00  0.00  0.00
  Schuettstein_L          1.00   0.00  0.00  0.00  0.00  1.00  0.00  0.00  0.00  0.00
  Brunnmuehle_L           1.00   0.00  0.00  0.00  1.00  0.00  0.00  0.00  0.00  0.00
  32                      1.00   1.00  0.00  0.00  0.00  0.00  0.00  0.00  0.00  0.00
  35                      1.00   0.00  0.00  0.00  1.00  0.00  0.00  0.00  0.00  0.00
  45                      1.00   0.00  0.00  0.00  0.00  1.00  0.00  0.00  0.99  0.00
  46                      1.00   0.00  0.00  0.00  1.00  0.00  0.00  0.00  0.00  0.00
  47                      1.00   0.00  0.00  0.00  1.00  0.00  0.00  0.00  0.00  0.00
  50                      1.00   0.00  0.00  0.00  1.00  0.00  0.00  0.00  0.00  0.00
  51                      1.00   0.00  0.00  0.00  1.00  0.00  0.00  0.00  0.00  0.00
  53                      1.00   0.00  0.00  0.00  1.00  0.00  0.00  0.00  0.00  0.00
  Fenster_L               1.00   0.00  0.00  0.00  0.00  1.00  0.00  0.00  0.00  0.00
  58                      1.00   0.00  0.00  0.00  0.00  1.00  0.00  0.00  0.00  0.00
  59                      1.00   0.00  0.00  0.00  0.00  1.00  0.00  0.00  0.00  0.00
  61                      1.00   0.00  0.00  0.00  1.00  0.00  0.00  0.00  0.00  0.00
  63                      1.00   0.00  0.00  0.00  1.00  0.00  0.00  0.00  0.00  0.00
  66                      1.00   0.00  0.00  0.00  1.00  0.00  0.00  0.00  0.00  0.00
  67                      1.00   0.00  0.00  0.00  1.00  0.00  0.00  0.00  0.00  0.00
  Amont_L                 1.00   0.00  0.00  0.00  1.00  0.00  0.00  0.00  0.00  0.00
  69                      1.00   0.00  0.00  0.00  1.00  0.00  0.00  0.00  0.00  0.00
  70                      1.00   0.00  0.00  0.00  1.00  0.00  0.00  0.00  0.00  0.00
  71                      1.00   0.00  0.00  0.00  1.00  0.00  0.00  0.00  0.00  0.00
  72                      1.00   0.00  0.00  0.00  1.00  0.00  0.00  0.00  0.00  0.00
  Sauser_L                1.00   0.00  0.00  0.00  1.00  0.00  0.00  0.00  0.00  0.00
  75                      1.00   0.00  0.00  0.00  0.00  1.00  0.00  0.00  0.00  0.00
  Entw_Sto_L              1.00   0.00  0.00  0.00  0.99  0.01  0.00  0.00  0.00  0.00
  4                       1.00   0.00  0.00  0.00  1.00  0.00  0.00  0.00  0.00  0.00
  5                       1.00   0.00  0.00  0.00  1.00  0.00  0.00  0.00  0.00  0.00
  6                       1.00   0.00  0.00  0.00  0.00  1.00  0.00  0.00  0.00  0.00
  7                       1.00   0.00  0.00  0.00  1.00  0.00  0.00  0.00  0.00  0.00
  Brunn_Teich_L           1.00   0.00  0.00  0.00  1.00  0.00  0.00  0.00  0.00  0.00
  9                       1.00   0.00  0.00  0.00  0.00  1.00  0.00  0.00  0.00  0.00
  12                      1.00   0.00  0.00  0.00  1.00  0.00  0.00  0.00  0.00  0.00
  15                      1.00   0.00  0.00  0.00  1.00  0.00  0.00  0.00  0.00  0.00
  18                      1.00   0.00  0.00  0.00  1.00  0.00  0.00  0.00  0.00  0.00
  19                      1.00   0.00  0.00  0.00  1.00  0.00  0.00  0.00  0.00  0.00
  20                      1.00   0.00  0.00  0.00  0.99  0.01  0.00  0.00  0.00  0.00
  21                      1.00   0.00  0.00  0.00  1.00  0.00  0.00  0.00  0.00  0.00
  Hooliloch_L             1.00   0.00  0.00  0.00  1.00  0.00  0.00  0.00  0.00  0.00
  23                      1.00   0.00  0.00  0.00  0.00  1.00  0.00  0.00  0.00  0.00
  25                      1.00   0.00  0.00  0.00  1.00  0.00  0.00  0.00  0.00  0.00
  28                      1.00   0.00  0.00  0.00  0.00  1.00  0.00  0.00  0.00  0.00
  29                      1.00   0.00  0.00  0.00  1.00  0.00  0.00  0.00  1.00  0.00
  31                      1.00   0.00  0.00  0.00  1.00  0.00  0.00  0.00  0.00  0.00
  33                      1.00   0.00  0.00  0.00  1.00  0.00  0.00  0.00  0.00  0.00
  37                      1.00   0.00  0.00  0.00  1.00  0.00  0.00  0.00  0.00  0.00
  SS3_L                   1.00   0.00  0.00  0.00  0.00  1.00  0.00  0.00  1.00  0.00
  40                      1.00   0.00  0.00  0.00  1.00  0.00  0.00  0.00  0.00  0.00
  SS6_L                   1.00   0.00  0.00  0.00  0.00  1.00  0.00  0.00  1.00  0.00
  1                       1.00   0.00  1.00  0.00  0.00  0.00  0.00  0.00  0.00  0.00
  2                       1.00   1.00  0.00  0.00  0.00  0.00  0.00  0.00  0.00  0.00
  3                       1.00   0.00  0.00  0.00  0.00  1.00  0.00  0.00  1.00  0.00
  10                      1.00   0.00  0.00  0.00  1.00  0.00  0.00  0.00  1.00  0.00
  13                      1.00   0.00  0.00  0.00  1.00  0.00  0.00  0.00  0.00  0.00
  22                      1.00   0.00  0.00  0.00  1.00  0.00  0.00  0.00  0.00  0.00
  24                      1.00   0.00  0.00  0.00  1.00  0.00  0.00  0.00  0.00  0.00
  30                      1.00   0.00  0.00  0.00  1.00  0.00  0.00  0.00  0.00  0.00
  34                      1.00   0.00  0.00  0.00  1.00  0.00  0.00  0.00  0.00  0.00
  36                      1.00   0.00  0.00  0.00  0.00  1.00  0.00  0.00  0.00  0.00
  38                      1.00   0.00  0.00  0.00  1.00  0.00  0.00  0.00  0.00  0.00
  48                      1.00   0.00  0.00  0.00  1.00  0.00  0.00  0.00  1.00  0.00
  54                      1.00   0.00  1.00  0.00  0.00  0.00  0.00  0.00  0.00  0.00
  68                      1.00   0.00  0.00  0.00  0.00  1.00  0.00  0.00  1.00  0.00
  73                      1.00   0.00  1.00  0.00  0.00  0.00  0.00  0.00  0.00  0.00
  TWT1                    1.00   0.00  0.00  0.00  0.00  1.00  0.00  0.00  0.00  0.00
  TWT2                    1.00   0.00  0.00  0.00  0.00  1.00  0.00  0.00  0.00  0.00
  TWT3                    1.00   0.00  0.00  0.00  1.00  0.00  0.00  0.00  0.00  0.00
  TWT4                    1.00   0.00  0.00  0.00  0.00  1.00  0.00  0.00  1.00  0.00
  1_2_b_                  1.00   0.00  1.00  0.00  0.00  0.00  0.00  0.00  0.00  0.00
  1_2_b_2                 1.00   0.00  0.00  0.00  1.00  0.00  0.00  0.00  1.00  0.00
  TWT5                    1.00   0.00  0.00  0.00  1.00  0.00  0.00  0.00  0.00  0.00
  1_4_a                   1.00   0.00  0.00  0.00  1.00  0.00  0.00  0.00  0.00  0.00
  TWT6                    1.00   0.00  0.00  0.00  1.00  0.00  0.00  0.00  0.00  0.00
  1_4_b                   1.00   0.00  1.00  0.00  0.00  0.00  0.00  0.00  0.00  0.00
  TWT7                    1.00   0.00  1.00  0.00  0.00  0.00  0.00  0.00  0.00  0.00
  1_5_a                   1.00   0.00  1.00  0.00  0.00  0.00  0.00  0.00  0.00  0.00
  1_6_a_2                 1.00   0.00  0.00  0.00  1.00  0.00  0.00  0.00  0.00  0.00
  1_7_a                   1.00   0.00  0.00  0.00  0.00  1.00  0.00  0.00  0.00  0.00
  1_7_a_                  1.00   0.00  0.00  0.00  0.00  1.00  0.00  0.00  1.00  0.00
  1_7_a__                 1.00   0.00  0.00  0.00  0.00  1.00  0.00  0.00  0.00  0.00
  1_7_a_1                 1.00   0.00  0.00  0.00  0.00  1.00  0.00  0.00  0.00  0.00
  1_7_a_4                 1.00   0.00  0.00  0.00  1.00  0.00  0.00  0.00  1.00  0.00
  1_8_a                   1.00   0.00  0.00  0.00  1.00  0.00  0.00  0.00  0.00  0.00
  CV_1C_to_54             1.00   0.00  0.00  0.00  1.00  0.00  0.00  0.00  0.00  0.00
  
  
  *************************
  Conduit Surcharge Summary
  *************************
  
  ----------------------------------------------------------------------------
                                                           Hours        Hours 
                         --------- Hours Full --------   Above Full   Capacity
  Conduit                Both Ends  Upstream  Dnstream   Normal Flow   Limited
  ----------------------------------------------------------------------------
  Brunn_Fassung_L             0.01      0.01     24.00      0.01         0.01
  11                         23.99     23.99     23.99     23.99         0.01
  14                         23.99     23.99     23.99     23.99         0.01
  16                         24.00     24.00     24.00     23.99        23.99
  17                         24.00     24.00     24.00      0.01         0.01
  26                         23.99     23.99     23.99      0.01         0.01
  27                          0.01      0.01     23.95      0.01         0.01
  Schuettstein_L              0.01      0.01     23.98      0.01         0.01
  Brunnmuehle_L              24.00     24.00     24.00      0.01         0.01
  35                         23.84     23.84     23.92      0.01         0.01
  46                         24.00     24.00     24.00      0.01         0.01
  47                         24.00     24.00     24.00     24.00        24.00
  50                         23.98     23.98     23.98      0.01         0.01
  51                         23.96     23.96     24.00      0.01         0.01
  53                         24.00     24.00     24.00     23.99         0.01
  61                         23.98     23.98     23.99      0.01         0.01
  63                          0.01     23.97      0.01      0.01         0.01
  66                         23.91     23.97     23.91     23.96        23.91
  67                         23.99     23.99     24.00      0.01         0.01
  Amont_L                    24.00     24.00     24.00      0.01         0.01
  69                         23.92     23.92     24.00      0.01         0.01
  70                         23.92     23.92     24.00      0.01         0.01
  71                         23.98     23.98     23.99      0.01         0.01
  72                          0.01     23.97      0.01     23.97         0.01
  Sauser_L                    0.01      0.01     24.00      0.01         0.01
  75                          0.01     23.94      0.01      0.01         0.01
  Entw_Sto_L                  0.01     23.84      0.01     23.85         0.01
  4                           0.01     23.95      0.01     23.86         0.01
  5                          23.84     23.84     24.00      0.01         0.01
  6                           0.01      0.01     24.00      0.01         0.01
  7                          23.99     23.99     24.00      0.01         0.01
  Brunn_Teich_L               0.01      0.01     23.99      0.01         0.01
  9                           0.01      0.01     23.99      0.01         0.01
  12                         23.98     23.98     23.98      0.01         0.01
  15                         23.98     23.98     23.99      0.01         0.01
  18                         23.98     23.98     23.98      0.01         0.01
  19                         23.97     23.97     23.98      0.01         0.01
  21                          0.01      0.01     23.96      0.01         0.01
  23                          0.01     23.91      0.01      0.01         0.01
  25                         23.87     23.87     23.99      0.01         0.01
  33                         23.96     23.96     23.96      0.01         0.01
  13                         23.98     23.98     24.00      0.01         0.01
  22                         23.98     23.98     24.00      0.01         0.01
  24                         23.95     23.95     24.00      0.01         0.01
  30                         23.95     23.95     24.00      0.01         0.01
  34                          0.01      0.01     23.99      0.01         0.01
  38                         23.89     23.89     23.93      0.01         0.01
  48                          0.01      0.01     23.87      0.01         0.01
  1_2_b_2                     0.01      0.01     23.93      0.01         0.01
  1_6_a_2                    23.89     24.00     23.89     23.99        23.89
  1_7_a                       0.01      0.01      0.01     23.83         0.01
  1_7_a__                     0.01      0.01     24.00      0.01         0.01
  1_7_a_1                     0.01      0.01     24.00     23.99         0.01
  CV_1C_to_54                23.86     23.86     23.88      0.01         0.01
  

  Analysis begun on:  Wed Sep 30 11:30:31 2026
  Analysis ended on:  Wed Sep 30 11:30:35 2026
  Total elapsed time: 00:00:04