
  EPA STORM WATER MANAGEMENT MODEL - VERSION 5.2 (Build 5.2.4)
  ------------------------------------------------------------

  Brunnmuehle (Twann) 
  WARNING 08: elevation drop exceeds length for Conduit SS3_L
  WARNING 08: elevation drop exceeds length for Conduit SS6_L
  WARNING 08: elevation drop exceeds length for Conduit 2
  WARNING 08: elevation drop exceeds length for Conduit 3
  WARNING 08: elevation drop exceeds length for Conduit 68
  WARNING 08: elevation drop exceeds length for Conduit 1_2_b_
  WARNING 08: elevation drop exceeds length for Conduit 1_2_b_2
  WARNING 08: elevation drop exceeds length for Conduit 1_2_b_3
  WARNING 08: elevation drop exceeds length for Conduit 1_4_a
  WARNING 08: elevation drop exceeds length for Conduit 1_4_a_2
  WARNING 08: elevation drop exceeds length for Conduit 1_4_b
  WARNING 08: elevation drop exceeds length for Conduit 1_5_a
  WARNING 02: maximum depth increased for Node 2
  
  ****************
  Analysis Options
  ****************
  Flow Units ............... CMS
  Process Models:
    Rainfall/Runoff ........ NO
    RDII ................... NO
    Snowmelt ............... NO
    Groundwater ............ NO
    Flow Routing ........... YES
    Ponding Allowed ........ NO
    Water Quality .......... NO
  Flow Routing Method ...... DYNWAVE
  Surcharge Method ......... EXTRAN
  Starting Date ............ 01/01/2000 00:00:00
  Ending Date .............. 01/02/2000 00:00:00
  Antecedent Dry Days ...... 0.0
  Report Time Step ......... 01:00:00
  Routing Time Step ........ 0.50 sec
  Variable Time Step ....... YES
  Maximum Trials ........... 8
  Number of Threads ........ 1
  Head Tolerance ........... 0.001500 m
  
  
  **************************        Volume        Volume
  Flow Routing Continuity        hectare-m      10^6 ltr
  **************************     ---------     ---------
  Dry Weather Inflow .......         0.000         0.000
  Wet Weather Inflow .......         0.000         0.000
  Groundwater Inflow .......         0.000         0.000
  RDII Inflow ..............         0.000         0.000
  External Inflow ..........       133.343      1333.445
  External Outflow .........        65.853       658.536
  Flooding Loss ............        62.474       624.748
  Evaporation Loss .........         0.000         0.000
  Exfiltration Loss ........         0.000         0.000
  Initial Stored Volume ....         0.056         0.563
  Final Stored Volume ......         1.493        14.935
  Continuity Error (%) .....         2.683
  
  
  *************************
  Highest Continuity Errors
  *************************
  Node TWT_Acces_LT_60+110 (-130.51%)
  Node TWT_Fensterstollen_60+375 (47.90%)
  Node SonSto_SS4 (-47.07%)
  Node SS5 (36.75%)
  Node TWT_Intersection_Sonsto_60+345 (-32.00%)
  
  
  ***************************
  Time-Step Critical Elements
  ***************************
  Link 1_4_a (5618.30%)
  Link 20 (50.05%)
  Link 1_4_b (36.17%)
  Link 1_4_a_1 (3.01%)
  
  
  ********************************
  Highest Flow Instability Indexes
  ********************************
  Link 1_4_a_2 (2)
  Link Amont_L (1)
  Link 67 (1)
  Link 12 (1)
  Link 26 (1)
  
  
  *********************************
  Most Frequent Nonconverging Nodes
  *********************************
  Node Brunnm_Fassung (31.48%)
  Node Brunnmuehle(Teich) (31.48%)
  Node Fensterstollen (31.48%)
  Node Gischeren (31.48%)
  Node Schuettstein (31.48%)
  
  
  *************************
  Routing Time Step Summary
  *************************
  Minimum Time Step           :     0.50 sec
  Average Time Step           :     0.50 sec
  Maximum Time Step           :     0.50 sec
  % of Time in Steady State   :    98.25
  Average Iterations per Step :     5.60
  % of Steps Not Converging   :    31.48
  Time Step Frequencies       :
      0.500 -  0.500 sec      :   100.00 %
      0.500 -  0.500 sec      :     0.00 %
      0.500 -  0.500 sec      :     0.00 %
      0.500 -  0.500 sec      :     0.00 %
      0.500 -  0.500 sec      :     0.00 %
  
  
  ******************
  Node Depth Summary
  ******************
  
  ---------------------------------------------------------------------------------
                                 Average  Maximum  Maximum  Time of Max    Reported
                                   Depth    Depth      HGL   Occurrence   Max Depth
  Node                 Type       Meters   Meters   Meters  days hr:min      Meters
  ---------------------------------------------------------------------------------
  9                    JUNCTION    40.28    40.42   478.92     0  00:24       40.31
  Holiloch_sonde       JUNCTION    38.39    38.48   478.48     0  00:25       38.42
  11                   JUNCTION    31.55    31.59   441.59     0  00:25       31.59
  13                   JUNCTION    42.94    43.26   481.26     0  00:24       42.97
  21                   JUNCTION    38.13    38.15   438.15     0  00:25       38.14
  SonSto_F             JUNCTION     0.16     0.16   437.96     0  00:25        0.16
  Sondierstollen       JUNCTION     0.00     0.00   440.80     0  00:00        0.00
  Aval_Trappe          JUNCTION     0.42     0.42   438.02     0  00:25        0.42
  30                   JUNCTION     0.32     0.32   437.62     0  00:25        0.32
  Gischeren_node       JUNCTION     1.82     1.84   478.34     0  00:25        1.84
  34                   JUNCTION    17.48    17.51   437.51     0  00:25       17.49
  38                   JUNCTION    18.75    18.78   438.78     0  00:25       18.77
  SS6                  JUNCTION     0.07     0.07   448.07     0  00:03        0.07
  40                   JUNCTION    28.85    29.57   448.57     0  00:24       28.86
  41                   JUNCTION    43.39    43.71   481.21     0  00:24       43.42
  SondeSchuettstein    JUNCTION    19.51    20.92   479.92     0  00:01       19.53
  SS4                  JUNCTION     0.07     0.07   448.07     0  00:25        0.07
  47                   JUNCTION    13.14    13.18   478.08     0  00:25       13.15
  48                   JUNCTION     7.46     8.79   479.79     0  00:01        7.47
  SondeGischeren       JUNCTION    13.23    13.34   478.34     0  00:25       13.33
  49                   JUNCTION    12.01    12.30   478.30     0  00:03       12.03
  50                   JUNCTION     7.22     7.29   470.29     0  00:25        7.28
  51                   JUNCTION    61.28    61.60   481.60     0  00:24       61.31
  Amont_C              JUNCTION    64.55    87.57   505.57     0  00:00       64.58
  52                   JUNCTION     2.70     4.89   461.89     0  00:09        2.72
  53                   JUNCTION    11.53    12.80   479.80     0  00:14       11.59
  54                   JUNCTION    13.82    15.83   478.83     0  00:14       13.94
  56                   JUNCTION     6.64     6.68   436.68     0  00:24        6.64
  2                    JUNCTION     3.46     9.01   447.01     0  00:16        3.49
  4                    JUNCTION     8.27     8.69   436.69     0  00:00        8.28
  5                    JUNCTION     5.48     5.49   477.99     0  00:25        5.48
  6                    JUNCTION    20.17    20.23   478.23     0  00:24       20.20
  7                    JUNCTION     2.98     2.99   477.99     0  00:25        2.98
  SS3                  JUNCTION     0.08     0.08   448.08     0  00:25        0.08
  SS5                  JUNCTION     0.62     0.73   439.63     0  00:24        0.62
  8                    JUNCTION     4.31     4.36   478.36     0  00:25        4.36
  10                   JUNCTION    10.02    10.33   478.33     0  00:03       10.04
  SonSto_SS5           JUNCTION     0.14     0.18   439.48     0  00:24        0.14
  SonSto_SS3           JUNCTION     0.10     0.10   439.80     0  00:25        0.10
  SonSto_SS4           JUNCTION     0.16     0.17   439.57     0  00:24        0.16
  Amont_Trappe         JUNCTION     0.32     0.33   438.03     0  00:25        0.33
  SonSto_SS6           JUNCTION     0.15     0.16   438.86     0  00:24        0.15
  SS2                  JUNCTION     0.00     0.00   448.00     0  00:00        0.00
  SonSto_SS2           JUNCTION     0.00     0.00   441.50     0  00:00        0.00
  12                   JUNCTION    16.68    17.18   466.18     0  00:24       16.70
  14                   JUNCTION     4.40     4.70   469.70     0  00:25        4.42
  15                   JUNCTION     0.30     0.30   472.30     0  00:25        0.30
  TWT_PointHaut_60+650 JUNCTION     0.00     0.00   438.50     0  00:00        0.00
  TWT_Fensterstollen_60+375 JUNCTION     0.19     0.19   441.49     0  00:25        0.19
  TWT_Acces_LT_60+110  JUNCTION     3.96     3.99   441.49     0  00:24        3.99
  TWT_Liaison_LT_59+738 JUNCTION     0.00     0.00   450.60     0  00:00        0.00
  Syst_Est_amont       JUNCTION     4.97    48.47   478.47     0  00:13        5.01
  Syst_Est_interm      JUNCTION    20.00    30.98   440.98     0  00:13       20.15
  TWT_Branche_Est_Sonsto_60+540 JUNCTION     0.00     0.00   442.40     0  00:00        0.00
  TWT_Intersection_Sonsto_60+345 JUNCTION     4.49     4.52   441.52     0  00:25        4.52
  TWT_Chrosweg_61+140  JUNCTION     0.00     0.00   432.00     0  00:00        0.00
  SonSto_F_sup         JUNCTION     0.05     0.05   448.05     0  00:25        0.05
  SonSto_porte         JUNCTION     2.97     3.00   441.50     0  00:25        3.00
  Brunnm_Fassung       OUTFALL      0.08     0.08   433.88     0  00:25        0.08
  Brunnmuehle(Teich)   OUTFALL      0.19     0.19   435.69     0  00:25        0.19
  Fensterstollen       OUTFALL      0.28     0.28   437.28     0  00:25        0.28
  Gischeren            OUTFALL      0.00     0.00   480.00     0  00:00        0.00
  Schuettstein         OUTFALL      0.15     0.15   477.70     0  00:25        0.15
  Holiloch             OUTFALL      1.24     1.25   477.75     0  00:25        1.24
  Sauserquelle         OUTFALL      0.34     0.34   435.89     0  00:24        0.34
  Entw_Stollen         OUTFALL      0.18     0.18   436.68     0  00:09        0.18
  Sous_lacustre        OUTFALL      0.09     0.09   429.29     0  00:25        0.09
  Sous_ecoul.          OUTFALL      0.00     0.00   433.00     0  00:25        0.00
  Syst_Est_aval        OUTFALL      0.37     0.39   429.39     0  00:13        0.38
  TWT_Portail_Est_61+665 OUTFALL      0.00     0.00   421.60     0  00:00        0.00
  
  
  *******************
  Node Inflow Summary
  *******************
  
  -------------------------------------------------------------------------------------------------
                                  Maximum  Maximum                  Lateral       Total        Flow
                                  Lateral    Total  Time of Max      Inflow      Inflow     Balance
                                   Inflow   Inflow   Occurrence      Volume      Volume       Error
  Node                 Type           CMS      CMS  days hr:min    10^6 ltr    10^6 ltr     Percent
  -------------------------------------------------------------------------------------------------
  9                    JUNCTION         0     10.9     0  00:00           0         333       0.024
  Holiloch_sonde       JUNCTION         0     9.95     0  00:00           0         303       0.018
  11                   JUNCTION         0    0.302     0  00:12           0        24.5       0.021
  13                   JUNCTION         0     14.8     0  00:00           0    1.07e+03       0.001
  21                   JUNCTION         0    0.297     0  00:25           0        25.6       0.013
  SonSto_F             JUNCTION         0    0.958     0  00:25           0        81.7      13.662
  Sondierstollen       JUNCTION         0        0     0  00:00           0           0       0.000 ltr
  Aval_Trappe          JUNCTION         0     2.51     0  00:25           0         215      20.110
  30                   JUNCTION         0     2.14     0  00:25           0         184      13.564
  Gischeren_node       JUNCTION         0    0.106     0  00:17           0         6.4     120.589
  34                   JUNCTION         0    0.267     0  00:25           0          23      -0.004
  38                   JUNCTION         0     0.16     0  00:00           0        8.96      -0.025
  SS6                  JUNCTION         0    0.146     0  00:03           0        12.5      -0.009
  40                   JUNCTION         0     1.83     0  00:25           0         157      -0.009
  41                   JUNCTION         0     1.58     0  00:00           0        19.9      -0.032
  SondeSchuettstein    JUNCTION         0    0.549     0  00:01           0        19.9       0.052
  SS4                  JUNCTION         0    0.109     0  00:14           0        9.32      -0.074
  47                   JUNCTION         0     5.88     0  00:01           0         290      -0.094
  48                   JUNCTION         0    0.366     0  00:01           0        19.9      -0.046
  SondeGischeren       JUNCTION         0    0.194     0  00:17           0        13.1       0.254
  49                   JUNCTION         0    0.847     0  00:02           0        12.5      -0.455
  50                   JUNCTION         0    0.179     0  00:09           0        13.1       0.007
  51                   JUNCTION         0     28.4     0  00:00           0    1.27e+03      -0.017
  Amont_C              JUNCTION      14.7     39.7     0  00:00    1.27e+03    1.27e+03       0.014
  52                   JUNCTION         0    0.218     0  00:08           0        16.7       0.125
  53                   JUNCTION         0    0.263     0  00:01           0        11.7       0.015
  54                   JUNCTION         0    0.241     0  00:13           0        11.7       0.718
  56                   JUNCTION         0     1.01     0  00:24           0        84.4      -0.004
  2                    JUNCTION         0     2.34     0  00:16           0        7.33       7.760
  4                    JUNCTION         0    0.242     0  00:25           0        20.9       0.026
  5                    JUNCTION         0     4.48     0  00:01           0         291      -0.000
  6                    JUNCTION         0     7.08     0  00:00           0         303       0.053
  7                    JUNCTION         0     3.72     0  00:03           0         291      -2.127
  SS3                  JUNCTION         0    0.152     0  00:25           0        13.1       0.016
  SS5                  JUNCTION         0    0.766     0  00:21           0        39.5      58.095
  8                    JUNCTION         0      0.3     0  00:16           0        19.8      19.108
  10                   JUNCTION         0    0.587     0  00:03           0        12.6       0.694
  SonSto_SS5           JUNCTION         0     0.59     0  00:24           0        35.8      -0.031
  SonSto_SS3           JUNCTION         0    0.152     0  00:25           0        13.1      -0.150
  SonSto_SS4           JUNCTION         0    0.341     0  00:24           0        22.4     -32.004
  Amont_Trappe         JUNCTION         0    0.869     0  00:24           0        67.1      14.418
  SonSto_SS6           JUNCTION         0    0.687     0  00:24           0        48.3     -14.306
  SS2                  JUNCTION         0        0     0  00:00           0           0       0.000 ltr
  SonSto_SS2           JUNCTION         0        0     0  00:00           0           0       0.000 ltr
  12                   JUNCTION         0    0.314     0  00:01           0        21.9      -0.004
  14                   JUNCTION         0     1.48     0  00:10           0         126      -0.914
  15                   JUNCTION         0    0.352     0  00:25           0        30.1      -0.538
  TWT_PointHaut_60+650 JUNCTION         0        0     0  00:00           0           0       0.000 ltr
  TWT_Fensterstollen_60+375 JUNCTION         0     3.55     0  00:25           0         304      91.930
  TWT_Acces_LT_60+110  JUNCTION         0     10.8     0  00:23           0        7.22     -56.618
  TWT_Liaison_LT_59+738 JUNCTION         0        0     0  00:00           0           0       0.000 ltr
  Syst_Est_amont       JUNCTION     0.735    0.735     0  00:00        63.5        63.5       0.201
  Syst_Est_interm      JUNCTION         0    0.865     0  00:13           0        63.4       0.656
  TWT_Branche_Est_Sonsto_60+540 JUNCTION         0        0     0  00:00           0           0       0.000 ltr
  TWT_Intersection_Sonsto_60+345 JUNCTION         0     52.1     0  00:13           0         586     -24.243
  TWT_Chrosweg_61+140  JUNCTION         0        0     0  00:00           0           0       0.000 ltr
  SonSto_F_sup         JUNCTION         0    0.352     0  00:25           0        30.3      -0.034
  SonSto_porte         JUNCTION         0     60.1     0  00:15           0         662       4.577
  Brunnm_Fassung       OUTFALL          0   0.0246     0  00:25           0        2.12       0.000
  Brunnmuehle(Teich)   OUTFALL          0    0.237     0  00:25           0        20.4       0.000
  Fensterstollen       OUTFALL          0     1.88     0  00:25           0         162       0.000
  Gischeren            OUTFALL          0        0     0  00:00           0           0       0.000 ltr
  Schuettstein         OUTFALL          0     0.24     0  00:25           0        19.9       0.000
  Holiloch             OUTFALL          0     3.47     0  00:25           0         297       0.000
  Sauserquelle         OUTFALL          0     1.01     0  00:24           0        84.4       0.000
  Entw_Stollen         OUTFALL          0    0.101     0  00:16           0        6.65       0.000
  Sous_lacustre        OUTFALL          0   0.0302     0  00:25           0        2.61       0.000
  Sous_ecoul.          OUTFALL          0  0.00552     0  00:25           0       0.477       0.000
  Syst_Est_aval        OUTFALL          0      0.8     0  00:13           0          63       0.000
  TWT_Portail_Est_61+665 OUTFALL          0        0     0  00:00           0           0       0.000 ltr
  
  
  **********************
  Node Surcharge Summary
  **********************
  
  Surcharging occurs when water rises above the top of the highest conduit.
  ---------------------------------------------------------------------
                                               Max. Height   Min. Depth
                                   Hours       Above Crown    Below Rim
  Node                 Type      Surcharged         Meters       Meters
  ---------------------------------------------------------------------
  9                    JUNCTION       23.99         38.623       59.577
  Holiloch_sonde       JUNCTION       23.99         36.583      161.517
  11                   JUNCTION       24.00         31.095      118.405
  13                   JUNCTION       23.99         40.260      356.740
  21                   JUNCTION       24.00         37.552      111.848
  34                   JUNCTION       24.00         16.908       82.492
  38                   JUNCTION       24.00         18.184      131.216
  40                   JUNCTION       24.00         25.567       70.433
  41                   JUNCTION       23.99         42.857      206.293
  SondeSchuettstein    JUNCTION       23.98         20.116        0.000
  47                   JUNCTION       23.98         11.280       86.820
  48                   JUNCTION       23.98          7.992       91.208
  SondeGischeren       JUNCTION       23.85         12.143       86.657
  49                   JUNCTION       23.95          4.302      187.698
  50                   JUNCTION       23.84          6.994      192.706
  51                   JUNCTION       24.00         57.600      338.400
  Amont_C              JUNCTION       24.00         84.566      312.434
  52                   JUNCTION       23.84          4.493       95.107
  53                   JUNCTION       23.96          7.797      187.203
  54                   JUNCTION       23.76         10.827      184.173
  56                   JUNCTION       23.99          5.680       93.320
  2                    JUNCTION       23.70          7.010        0.000
  4                    JUNCTION       23.99          8.038       91.312
  5                    JUNCTION       23.94          0.491       44.509
  6                    JUNCTION       23.98         15.229      179.771
  10                   JUNCTION       23.95          2.328      189.672
  12                   JUNCTION       23.98         16.832      182.818
  14                   JUNCTION       23.82          0.702      195.298
  Syst_Est_amont       JUNCTION       23.77         47.471       51.529
  Syst_Est_interm      JUNCTION       23.82         29.477       69.023
  SonSto_porte         JUNCTION       23.58          0.000        0.000
  
  
  *********************
  Node Flooding Summary
  *********************
  
  Flooding refers to all water that overflows a node, whether it ponds or not.
  --------------------------------------------------------------------------
                                                             Total   Maximum
                                 Maximum   Time of Max       Flood    Ponded
                        Hours       Rate    Occurrence      Volume     Depth
  Node                 Flooded       CMS   days hr:min    10^6 ltr    Meters
  --------------------------------------------------------------------------
  SonSto_porte           23.58      7.36      0  00:25     624.747     0.000
  
  
  ***********************
  Outfall Loading Summary
  ***********************
  
  -----------------------------------------------------------
                         Flow       Avg       Max       Total
                         Freq      Flow      Flow      Volume
  Outfall Node           Pcnt       CMS       CMS    10^6 ltr
  -----------------------------------------------------------
  Brunnm_Fassung        99.94    0.0246    0.0246       2.121
  Brunnmuehle(Teich)    99.94     0.236     0.237      20.398
  Fensterstollen        99.96      1.88      1.88     162.133
  Gischeren              0.00         0         0       0.000
  Schuettstein          99.90     0.231      0.24      19.911
  Holiloch              99.81      3.44      3.47     296.878
  Sauserquelle          99.96     0.977      1.01      84.401
  Entw_Stollen          99.87    0.0771     0.101       6.653
  Sous_lacustre         99.99    0.0302    0.0302       2.607
  Sous_ecoul.           99.94   0.00552   0.00552       0.477
  Syst_Est_aval         99.25     0.734       0.8      62.957
  TWT_Portail_Est_61+665   0.00         0         0       0.000
  -----------------------------------------------------------
  System                83.21      7.64      7.65     658.533
  
  
  ********************
  Link Flow Summary
  ********************
  
  -----------------------------------------------------------------------------
                                 Maximum  Time of Max   Maximum    Max/    Max/
                                  |Flow|   Occurrence   |Veloc|    Full    Full
  Link                 Type          CMS  days hr:min     m/sec    Flow   Depth
  -----------------------------------------------------------------------------
  Brunn_Fassung_L      CONDUIT    0.0246     0  00:25      1.12    0.41    0.72
  11                   CONDUIT      9.95     0  00:00      5.62    1.49    1.00
  14                   CONDUIT      10.9     0  00:00      7.54    5.91    1.00
  16                   CONDUIT     0.293     0  00:04      3.43    2.04    1.00
  17                   CONDUIT      0.16     0  00:00      0.57    0.27    1.00
  26                   CONDUIT      1.58     0  00:00      2.81    2.15    1.00
  27                   CONDUIT    0.0558     0  00:25      1.68    0.72    0.86
  Gischeren_L          CONDUIT         0     0  00:00      0.00    0.00    0.50
  Schuettstein_L       CONDUIT      0.24     0  00:25      1.76    0.20    0.65
  Brunnmuehle_L        CONDUIT     0.267     0  00:25      0.94    0.13    1.00
  32                   CONDUIT         0     0  00:00      0.00    0.00    0.00
  35                   CONDUIT    0.0467     0  00:17      0.07    0.01    1.00
  45                   CONDUIT     0.664     0  00:25      5.14    0.00    0.05
  46                   CONDUIT      1.01     0  00:24      3.55    1.00    1.00
  47                   CONDUIT    0.0972     0  00:01      2.56    6.06    1.00
  50                   CONDUIT     0.366     0  00:01      1.35    0.07    1.00
  51                   CONDUIT     0.208     0  00:24      2.17    0.58    1.00
  53                   CONDUIT      0.16     0  00:00      0.97    0.82    1.00
  Fenster_L            CONDUIT      1.88     0  00:25      5.41    0.02    0.10
  58                   CONDUIT      2.09     0  00:25      4.76    0.03    0.12
  59                   CONDUIT     0.542     0  00:24      3.73    0.01    0.05
  61                   CONDUIT     0.549     0  00:01      2.49    0.77    1.00
  63                   CONDUIT     0.146     0  00:03      2.02    0.66    0.52
  66                   CONDUIT     0.179     0  00:09      2.62    2.36    1.00
  67                   CONDUIT      14.8     0  00:00      3.97    0.15    1.00
  Amont_L              CONDUIT      28.4     0  00:00      4.01    1.54    1.00
  69                   CONDUIT     0.218     0  00:08      1.84    0.85    1.00
  70                   CONDUIT     0.199     0  00:08      1.63    0.61    1.00
  71                   CONDUIT     0.263     0  00:01      1.15    0.46    1.00
  72                   CONDUIT     0.241     0  00:13      1.22    1.14    1.00
  Sauser_L             CONDUIT      1.01     0  00:24      1.79    0.26    0.67
  75                   CONDUIT     0.109     0  00:14      3.31    1.11    0.64
  Entw_Sto_L           CONDUIT     0.101     0  00:16      3.95    2.32    1.00
  4                    CONDUIT    0.0273     0  00:14      1.29    1.22    1.00
  5                    CONDUIT    0.0129     0  00:12      0.51    0.46    1.00
  6                    CONDUIT    0.0302     0  00:25      1.22    0.45    0.74
  7                    CONDUIT     0.242     0  00:25      1.23    0.37    1.00
  Brunn_Teich_L        CONDUIT     0.237     0  00:25      1.05    0.18    0.64
  9                    CONDUIT   0.00552     0  00:25      1.39    0.00    0.50
  12                   CONDUIT      4.48     0  00:01      2.78    0.09    1.00
  15                   CONDUIT      7.08     0  00:00      3.87    0.18    1.00
  18                   CONDUIT      5.88     0  00:01      3.20    0.24    1.00
  19                   CONDUIT     0.847     0  00:02      1.16    0.80    1.00
  20                   CONDUIT     0.877     0  00:24      3.34    0.07    0.37
  21                   CONDUIT      3.72     0  00:03      0.47    0.02    0.80
  Hooliloch_L          CONDUIT      3.47     0  00:25      0.97    0.07    0.53
  23                   CONDUIT     0.152     0  00:25      3.26    0.95    0.63
  25                   CONDUIT       0.3     0  00:16      1.18    0.24    1.00
  28                   CONDUIT     0.153     0  00:25      2.24    0.00    0.05
  29                   CONDUIT     0.127     0  00:24      0.92    0.01    0.05
  31                   CONDUIT    0.0778     0  00:25      0.28    0.05    0.62
  33                   CONDUIT     0.587     0  00:03      0.75    0.22    1.00
  37                   CONDUIT     0.553     0  00:24      0.84    0.01    0.15
  SS3_L                CONDUIT     0.152     0  00:25      3.13    0.00    0.04
  40                   CONDUIT     0.869     0  00:24      1.62    0.01    0.06
  SS6_L                CONDUIT     0.146     0  00:03      3.30    0.00    0.06
  1                    CONDUIT         0     0  00:00      0.00    0.00    0.02
  2                    CONDUIT         0     0  00:00      0.00    0.00    0.00
  3                    CONDUIT     0.109     0  00:25      3.72    0.01    0.12
  10                   CONDUIT     0.559     0  00:21      0.96    0.00    0.14
  13                   CONDUIT     0.314     0  00:01      3.51    0.68    1.00
  22                   CONDUIT     0.265     0  00:01      2.76    0.66    1.00
  24                   CONDUIT      1.48     0  00:10      2.18    0.00    1.00
  30                   CONDUIT      1.48     0  00:25      2.07    0.62    1.00
  34                   CONDUIT     0.352     0  00:25      1.79    0.39    0.77
  36                   CONDUIT     0.352     0  00:25      5.44    0.38    0.32
  38                   CONDUIT     0.194     0  00:17      2.30    0.07    1.00
  48                   CONDUIT     0.865     0  00:13      2.40    0.58    1.00
  54                   CONDUIT       0.8     0  00:13      0.68    0.15    0.63
  68                   CONDUIT     0.294     0  00:25      8.06    0.00    0.04
  73                   CONDUIT      2.31     0  00:16      1.56    0.53    1.00
  TWT1                 CONDUIT         0     0  00:00      0.00    0.00    0.00
  TWT2                 CONDUIT         0     0  00:00      0.00    0.00    0.00
  TWT3                 CONDUIT         0     0  00:00      0.00    0.00    0.00
  TWT4                 CONDUIT         0     0  00:00      0.00    0.00    0.01
  1_2_b_               CONDUIT         0     0  00:00      0.00    0.00    0.00
  1_2_b_1              CONDUIT      1.61     0  00:25     11.08    2.78    0.69
  1_2_b_2              CONDUIT    0.0578     0  00:25      2.46    0.02    0.25
  1_2_b_3              CONDUIT     0.647     0  00:25      4.59    0.44    0.69
  TWT5                 CONDUIT      1.29     0  00:24      1.60    0.00    0.29
  1_4_a                CONDUIT      1.83     0  00:25      4.76    0.01    0.10
  1_4_a_1              CONDUIT      6.81     0  00:04     38.06    9.13    1.00
  1_4_a_2              CONDUIT     0.224     0  00:06      1.14    0.06    1.00
  TWT6                 CONDUIT      10.8     0  00:23      1.87    0.03    0.53
  1_4_b                CONDUIT      60.1     0  00:15     10.95    0.08    1.00
  TWT7                 CONDUIT         0     0  00:00      0.00    0.00    0.25
  1_5_a                CONDUIT         0     0  00:00      0.00    0.00    0.50
  
  
  ***************************
  Flow Classification Summary
  ***************************
  
  -------------------------------------------------------------------------------------
                      Adjusted    ---------- Fraction of Time in Flow Class ---------- 
                       /Actual         Up    Down  Sub   Sup   Up    Down  Norm  Inlet 
  Conduit               Length    Dry  Dry   Dry   Crit  Crit  Crit  Crit  Ltd   Ctrl  
  -------------------------------------------------------------------------------------
  Brunn_Fassung_L         1.00   0.00  0.00  0.00  1.00  0.00  0.00  0.00  0.00  0.00
  11                      1.00   0.00  0.00  0.00  1.00  0.00  0.00  0.00  0.00  0.00
  14                      1.00   0.00  0.00  0.00  1.00  0.00  0.00  0.00  0.00  0.00
  16                      1.00   0.00  0.00  0.00  1.00  0.00  0.00  0.00  0.00  0.00
  17                      1.00   0.00  0.00  0.00  1.00  0.00  0.00  0.00  0.00  0.00
  26                      1.00   0.00  0.00  0.00  1.00  0.00  0.00  0.00  0.00  0.00
  27                      1.00   0.00  0.00  0.00  0.00  1.00  0.00  0.00  0.01  0.00
  Gischeren_L             1.00   0.01  0.99  0.00  0.00  0.00  0.00  0.00  0.00  0.00
  Schuettstein_L          1.00   0.00  0.00  0.00  0.01  0.99  0.00  0.00  0.00  0.00
  Brunnmuehle_L           1.00   0.00  0.00  0.00  1.00  0.00  0.00  0.00  0.00  0.00
  32                      1.00   1.00  0.00  0.00  0.00  0.00  0.00  0.00  0.00  0.00
  35                      1.00   0.00  0.01  0.00  0.99  0.00  0.00  0.00  0.00  0.00
  45                      1.00   0.00  0.00  0.00  0.00  1.00  0.00  0.00  0.99  0.00
  46                      1.00   0.00  0.00  0.00  1.00  0.00  0.00  0.00  0.00  0.00
  47                      1.00   0.00  0.00  0.00  1.00  0.00  0.00  0.00  0.00  0.00
  50                      1.00   0.00  0.00  0.00  1.00  0.00  0.00  0.00  0.00  0.00
  51                      1.00   0.00  0.00  0.00  1.00  0.00  0.00  0.00  0.00  0.00
  53                      1.00   0.00  0.00  0.00  1.00  0.00  0.00  0.00  0.00  0.00
  Fenster_L               1.00   0.00  0.00  0.00  0.00  1.00  0.00  0.00  0.00  0.00
  58                      1.00   0.00  0.00  0.00  0.00  1.00  0.00  0.00  0.01  0.00
  59                      1.00   0.00  0.00  0.00  0.00  1.00  0.00  0.00  0.99  0.00
  61                      1.00   0.00  0.00  0.00  1.00  0.00  0.00  0.00  0.00  0.00
  63                      1.00   0.00  0.00  0.00  1.00  0.00  0.00  0.00  0.00  0.00
  66                      1.00   0.00  0.00  0.00  1.00  0.00  0.00  0.00  0.00  0.00
  67                      1.00   0.00  0.00  0.00  1.00  0.00  0.00  0.00  0.00  0.00
  Amont_L                 1.00   0.00  0.00  0.00  1.00  0.00  0.00  0.00  0.00  0.00
  69                      1.00   0.00  0.00  0.00  1.00  0.00  0.00  0.00  0.00  0.00
  70                      1.00   0.00  0.00  0.00  1.00  0.00  0.00  0.00  0.00  0.00
  71                      1.00   0.00  0.00  0.00  1.00  0.00  0.00  0.00  0.00  0.00
  72                      1.00   0.00  0.00  0.00  1.00  0.00  0.00  0.00  0.00  0.00
  Sauser_L                1.00   0.00  0.00  0.00  1.00  0.00  0.00  0.00  0.00  0.00
  75                      1.00   0.00  0.00  0.00  0.00  1.00  0.00  0.00  0.00  0.00
  Entw_Sto_L              1.00   0.00  0.00  0.00  0.99  0.00  0.00  0.00  0.00  0.00
  4                       1.00   0.00  0.00  0.00  1.00  0.00  0.00  0.00  0.00  0.00
  5                       1.00   0.00  0.00  0.00  1.00  0.00  0.00  0.00  0.00  0.00
  6                       1.00   0.00  0.00  0.00  0.00  1.00  0.00  0.00  0.00  0.00
  7                       1.00   0.00  0.00  0.00  1.00  0.00  0.00  0.00  0.00  0.00
  Brunn_Teich_L           1.00   0.00  0.00  0.00  1.00  0.00  0.00  0.00  0.00  0.00
  9                       1.00   0.00  0.00  0.00  0.00  1.00  0.00  0.00  0.00  0.00
  12                      1.00   0.00  0.00  0.00  1.00  0.00  0.00  0.00  0.00  0.00
  15                      1.00   0.00  0.00  0.00  1.00  0.00  0.00  0.00  0.00  0.00
  18                      1.00   0.00  0.00  0.00  1.00  0.00  0.00  0.00  0.00  0.00
  19                      1.00   0.00  0.00  0.00  1.00  0.00  0.00  0.00  0.00  0.00
  20                      1.00   0.00  0.00  0.00  0.98  0.02  0.00  0.00  0.00  0.00
  21                      1.00   0.00  0.00  0.00  1.00  0.00  0.00  0.00  0.00  0.00
  Hooliloch_L             1.00   0.00  0.00  0.00  1.00  0.00  0.00  0.00  0.00  0.00
  23                      1.00   0.00  0.00  0.00  0.00  1.00  0.00  0.00  0.00  0.00
  25                      1.00   0.00  0.00  0.00  1.00  0.00  0.00  0.00  0.00  0.00
  28                      1.00   0.00  0.00  0.00  0.00  1.00  0.00  0.00  0.99  0.00
  29                      1.00   0.00  0.00  0.00  1.00  0.00  0.00  0.00  0.01  0.00
  31                      1.00   0.00  0.01  0.00  0.99  0.00  0.00  0.00  0.00  0.00
  33                      1.00   0.00  0.00  0.00  1.00  0.00  0.00  0.00  0.00  0.00
  37                      1.00   0.00  0.00  0.00  1.00  0.00  0.00  0.00  0.00  0.00
  SS3_L                   1.00   0.00  0.00  0.00  0.00  1.00  0.00  0.00  1.00  0.00
  40                      1.00   0.00  0.00  0.00  0.98  0.02  0.00  0.00  0.00  0.00
  SS6_L                   1.00   0.00  0.00  0.00  0.00  1.00  0.00  0.00  1.00  0.00
  1                       1.00   0.00  1.00  0.00  0.00  0.00  0.00  0.00  0.00  0.00
  2                       1.00   1.00  0.00  0.00  0.00  0.00  0.00  0.00  0.00  0.00
  3                       1.00   0.00  0.00  0.00  0.00  1.00  0.00  0.00  1.00  0.00
  10                      1.00   0.00  0.00  0.00  1.00  0.00  0.00  0.00  0.00  0.00
  13                      1.00   0.00  0.00  0.00  1.00  0.00  0.00  0.00  0.00  0.00
  22                      1.00   0.00  0.00  0.00  1.00  0.00  0.00  0.00  0.00  0.00
  24                      1.00   0.00  0.00  0.00  1.00  0.00  0.00  0.00  0.00  0.00
  30                      1.00   0.00  0.00  0.00  1.00  0.00  0.00  0.00  0.00  0.00
  34                      1.00   0.00  0.00  0.00  1.00  0.00  0.00  0.00  0.00  0.00
  36                      1.00   0.00  0.00  0.00  0.00  1.00  0.00  0.00  0.00  0.00
  38                      1.00   0.00  0.00  0.00  1.00  0.00  0.00  0.00  0.00  0.00
  48                      1.00   0.00  0.00  0.00  1.00  0.00  0.00  0.00  0.00  0.00
  54                      1.00   0.00  0.01  0.00  0.99  0.00  0.00  0.00  0.00  0.00
  68                      1.00   0.00  0.00  0.00  0.00  1.00  0.00  0.00  1.00  0.00
  73                      1.00   0.00  0.00  0.00  1.00  0.00  0.00  0.00  0.00  0.00
  TWT1                    1.00   1.00  0.00  0.00  0.00  0.00  0.00  0.00  0.00  0.00
  TWT2                    1.00   1.00  0.00  0.00  0.00  0.00  0.00  0.00  0.00  0.00
  TWT3                    1.00   1.00  0.00  0.00  0.00  0.00  0.00  0.00  0.00  0.00
  TWT4                    1.00   0.00  1.00  0.00  0.00  0.00  0.00  0.00  0.00  0.00
  1_2_b_                  1.00   1.00  0.00  0.00  0.00  0.00  0.00  0.00  0.00  0.00
  1_2_b_1                 1.00   0.00  0.00  0.00  0.00  1.00  0.00  0.00  0.00  0.00
  1_2_b_2                 1.00   0.00  0.00  0.00  0.00  1.00  0.00  0.00  1.00  0.00
  1_2_b_3                 1.00   0.00  0.00  0.00  0.00  1.00  0.00  0.00  0.00  0.00
  TWT5                    1.00   0.00  0.00  0.00  1.00  0.00  0.00  0.00  0.02  0.00
  1_4_a                   1.00   0.00  0.00  0.00  0.00  1.00  0.00  0.00  1.00  0.00
  1_4_a_1                 1.00   0.00  0.00  0.00  1.00  0.00  0.00  0.00  0.00  0.00
  1_4_a_2                 1.00   0.00  0.00  0.00  1.00  0.00  0.00  0.00  0.00  0.00
  TWT6                    1.00   0.00  0.00  0.00  1.00  0.00  0.00  0.00  0.00  0.00
  1_4_b                   1.00   0.00  0.00  0.00  1.00  0.00  0.00  0.00  0.00  0.00
  TWT7                    1.00   0.00  1.00  0.00  0.00  0.00  0.00  0.00  0.00  0.00
  1_5_a                   1.00   0.00  1.00  0.00  0.00  0.00  0.00  0.00  0.00  0.00
  
  
  *************************
  Conduit Surcharge Summary
  *************************
  
  ----------------------------------------------------------------------------
                                                           Hours        Hours 
                         --------- Hours Full --------   Above Full   Capacity
  Conduit                Both Ends  Upstream  Dnstream   Normal Flow   Limited
  ----------------------------------------------------------------------------
  Brunn_Fassung_L             0.01      0.01     24.00      0.01         0.01
  11                         23.99     23.99     23.99      0.01         0.01
  14                         23.99     23.99     23.99     23.99         0.01
  16                         24.00     24.00     24.00     23.99        23.99
  17                         24.00     24.00     24.00      0.01         0.01
  26                         23.99     23.99     23.99      0.01         0.01
  27                          0.01      0.01     23.96      0.01         0.01
  Schuettstein_L              0.01      0.01     23.97      0.01         0.01
  Brunnmuehle_L              24.00     24.00     24.00      0.01         0.01
  35                         23.63     23.63     23.72      0.01         0.01
  46                         24.00     24.00     24.00      0.15         0.01
  47                         24.00     24.00     24.00     24.00        24.00
  50                         23.98     23.98     23.98      0.01         0.01
  51                         23.97     23.97     24.00      0.01         0.01
  53                         24.00     24.00     24.00      0.01         0.01
  61                         23.98     23.98     23.99      0.01         0.01
  63                          0.01     23.96      0.01      0.01         0.01
  66                         23.84     23.95     23.84     23.93        23.84
  67                         23.99     23.99     24.00      0.01         0.01
  Amont_L                    24.00     24.00     24.00      0.01         0.01
  69                         23.84     23.84     24.00      0.01         0.01
  70                         23.84     23.84     24.00      0.01         0.01
  71                         23.97     23.97     23.99      0.01         0.01
  72                         23.76     23.96     23.76      0.14         0.01
  Sauser_L                    0.01      0.01     24.00      0.01         0.01
  75                          0.01     23.95      0.01     23.76         0.01
  Entw_Sto_L                 23.85     23.86     23.85     23.87        23.85
  4                          23.86     23.96     23.86     23.87        23.86
  5                          23.86     23.86     23.98      0.01         0.01
  6                           0.01      0.01     24.00      0.01         0.01
  7                          23.99     23.99     24.00      0.01         0.01
  Brunn_Teich_L               0.01      0.01     23.98      0.01         0.01
  9                           0.01      0.01     23.99      0.01         0.01
  12                         23.97     23.97     23.98      0.01         0.01
  15                         23.98     23.98     23.99      0.01         0.01
  18                         23.98     23.98     23.98      0.01         0.01
  19                         23.96     23.96     23.98      0.01         0.01
  21                          0.01      0.01     23.94      0.01         0.01
  23                          0.01     23.84      0.01      0.01         0.01
  25                         23.72     23.72     23.98      0.01         0.01
  33                         23.95     23.95     23.95      0.01         0.01
  13                         23.98     23.98     24.00      0.01         0.01
  22                         23.98     23.98     24.00      0.01         0.01
  24                         23.82     23.82     24.00      0.01         0.01
  30                         23.82     23.82     24.00      0.01         0.01
  34                          0.01      0.01     23.99      0.01         0.01
  38                         23.76     23.76     23.87      0.01         0.01
  48                         23.77     23.77     23.87      0.01         0.01
  54                          0.01      0.01     23.82      0.01         0.01
  73                         23.69     23.70     23.70      0.01         0.01
  1_2_b_1                     0.01      0.01     23.99     23.99         0.01
  1_2_b_3                     0.01      0.01     23.99      0.01         0.01
  1_4_a_1                    23.98     24.00     23.98     23.99        23.98
  1_4_a_2                    23.98     23.98     24.00      0.01         0.01
  1_4_b                      23.58     23.58     23.76      0.01         0.01
  

  Analysis begun on:  Thu Aug 20 12:27:48 2026
  Analysis ended on:  Thu Aug 20 12:27:51 2026
  Total elapsed time: 00:00:03