
  EPA STORM WATER MANAGEMENT MODEL - VERSION 5.2 (Build 5.2.4)
  ------------------------------------------------------------

  Brunnmuehle (Twann) 
  WARNING 08: elevation drop exceeds length for Conduit SS3_L
  WARNING 08: elevation drop exceeds length for Conduit SS6_L
  WARNING 08: elevation drop exceeds length for Conduit 2
  WARNING 08: elevation drop exceeds length for Conduit 3
  WARNING 08: elevation drop exceeds length for Conduit 68
  WARNING 08: elevation drop exceeds length for Conduit 1_2_b_
  WARNING 08: elevation drop exceeds length for Conduit 1_2_b_2
  WARNING 08: elevation drop exceeds length for Conduit 1_2_b_3
  WARNING 08: elevation drop exceeds length for Conduit 1_2_b_6
  WARNING 08: elevation drop exceeds length for Conduit 1_4_a
  WARNING 08: elevation drop exceeds length for Conduit 1_4_a_1
  WARNING 08: elevation drop exceeds length for Conduit 1_4_b
  WARNING 08: elevation drop exceeds length for Conduit 1_5_a
  WARNING 02: maximum depth increased for Node 2
  
  ****************
  Analysis Options
  ****************
  Flow Units ............... CMS
  Process Models:
    Rainfall/Runoff ........ NO
    RDII ................... NO
    Snowmelt ............... NO
    Groundwater ............ NO
    Flow Routing ........... YES
    Ponding Allowed ........ NO
    Water Quality .......... NO
  Flow Routing Method ...... DYNWAVE
  Surcharge Method ......... EXTRAN
  Starting Date ............ 01/01/2000 00:00:00
  Ending Date .............. 01/02/2000 00:00:00
  Antecedent Dry Days ...... 0.0
  Report Time Step ......... 01:00:00
  Routing Time Step ........ 0.50 sec
  Variable Time Step ....... YES
  Maximum Trials ........... 8
  Number of Threads ........ 1
  Head Tolerance ........... 0.001500 m
  
  
  **************************        Volume        Volume
  Flow Routing Continuity        hectare-m      10^6 ltr
  **************************     ---------     ---------
  Dry Weather Inflow .......         0.000         0.000
  Wet Weather Inflow .......         0.000         0.000
  Groundwater Inflow .......         0.000         0.000
  RDII Inflow ..............         0.000         0.000
  External Inflow ..........       133.343      1333.445
  External Outflow .........        56.881       568.811
  Flooding Loss ............        74.205       742.054
  Evaporation Loss .........         0.000         0.000
  Exfiltration Loss ........         0.000         0.000
  Initial Stored Volume ....         0.056         0.562
  Final Stored Volume ......         0.298         2.985
  Continuity Error (%) .....         1.511
  
  
  *************************
  Highest Continuity Errors
  *************************
  Node 2 (-1166.22%)
  Node Syst_Est_interm (100.00%)
  Node TWT_Acces_LT_60+110 (94.46%)
  Node SondeGischeren (62.97%)
  Node 54 (52.11%)
  
  
  ***************************
  Time-Step Critical Elements
  ***************************
  Link 1_4_a_1 (42019.22%)
  Link 1_4_b (8.52%)
  
  
  ********************************
  Highest Flow Instability Indexes
  ********************************
  All links are stable.
  
  
  *********************************
  Most Frequent Nonconverging Nodes
  *********************************
  Node Brunnm_Fassung (94.65%)
  Node Brunnmuehle(Teich) (94.65%)
  Node Fensterstollen (94.65%)
  Node Gischeren (94.65%)
  Node Schuettstein (94.65%)
  
  
  *************************
  Routing Time Step Summary
  *************************
  Minimum Time Step           :     0.50 sec
  Average Time Step           :     0.50 sec
  Maximum Time Step           :     0.50 sec
  % of Time in Steady State   :    99.76
  Average Iterations per Step :     7.92
  % of Steps Not Converging   :    94.65
  Time Step Frequencies       :
      0.500 -  0.500 sec      :   100.00 %
      0.500 -  0.500 sec      :     0.00 %
      0.500 -  0.500 sec      :     0.00 %
      0.500 -  0.500 sec      :     0.00 %
      0.500 -  0.500 sec      :     0.00 %
  
  
  ******************
  Node Depth Summary
  ******************
  
  ---------------------------------------------------------------------------------
                                 Average  Maximum  Maximum  Time of Max    Reported
                                   Depth    Depth      HGL   Occurrence   Max Depth
  Node                 Type       Meters   Meters   Meters  days hr:min      Meters
  ---------------------------------------------------------------------------------
  9                    JUNCTION    40.52    41.46   479.96     0  00:00       40.55
  Holiloch_sonde       JUNCTION    38.47    39.79   479.79     0  00:00       38.49
  11                   JUNCTION    44.32    45.19   455.19     0  00:03       44.34
  13                   JUNCTION    43.90    43.93   481.93     0  00:03       43.93
  21                   JUNCTION    39.28    39.31   439.31     0  00:03       39.29
  SonSto_F             JUNCTION     0.13     0.13   437.93     0  00:03        0.13
  Sondierstollen       JUNCTION     0.00     0.00   440.80     0  00:00        0.00
  Aval_Trappe          JUNCTION     0.34     0.34   437.94     0  00:02        0.34
  30                   JUNCTION     0.30     0.31   437.61     0  00:02        0.30
  Gischeren_node       JUNCTION     0.00     0.00   476.50     0  00:00        0.00
  34                   JUNCTION    18.32    18.42   438.42     0  00:00       18.33
  38                   JUNCTION    22.06    22.32   442.32     0  00:03       22.07
  SS6                  JUNCTION     0.05     0.05   448.05     0  00:03        0.05
  40                   JUNCTION    26.67    26.68   445.68     0  00:03       26.68
  41                   JUNCTION    44.33    44.36   481.86     0  00:03       44.36
  SondeSchuettstein    JUNCTION    19.72    21.33   480.33     0  00:01       19.73
  SS4                  JUNCTION     0.06     0.06   448.06     0  00:02        0.06
  47                   JUNCTION    13.08    13.09   477.99     0  00:03       13.09
  48                   JUNCTION     7.65     9.17   480.17     0  00:01        7.66
  SondeGischeren       JUNCTION     0.43     0.44   465.44     0  00:03        0.44
  49                   JUNCTION    11.99    12.78   478.78     0  00:03       12.01
  50                   JUNCTION     0.17     0.17   463.17     0  00:03        0.17
  51                   JUNCTION    62.25    62.27   482.27     0  00:03       62.27
  Amont_C              JUNCTION    65.52    87.54   505.54     0  00:00       65.54
  52                   JUNCTION     0.21     0.21   457.21     0  00:03        0.21
  53                   JUNCTION     9.20    10.63   477.63     0  00:02        9.22
  54                   JUNCTION     0.65     0.65   463.65     0  00:03        0.65
  56                   JUNCTION     6.55     6.55   436.55     0  00:03        6.55
  2                    JUNCTION     1.90    13.29   451.29     0  00:03        1.90
  4                    JUNCTION     8.49     9.18   437.18     0  00:00        8.50
  5                    JUNCTION     5.38     5.38   477.88     0  00:03        5.38
  6                    JUNCTION    20.16    20.18   478.18     0  00:03       20.18
  7                    JUNCTION     2.87     2.88   477.88     0  00:03        2.88
  SS3                  JUNCTION     0.05     0.05   448.05     0  00:03        0.05
  SS5                  JUNCTION     0.61     0.61   439.51     0  00:03        0.61
  8                    JUNCTION     0.19     0.19   474.19     0  00:01        0.19
  10                   JUNCTION     9.99    10.80   478.80     0  00:03       10.01
  SonSto_SS5           JUNCTION     0.13     0.13   439.43     0  00:03        0.13
  SonSto_SS3           JUNCTION     0.07     0.07   439.77     0  00:03        0.07
  SonSto_SS4           JUNCTION     0.10     0.10   439.50     0  00:03        0.10
  Amont_Trappe         JUNCTION     0.24     0.25   437.95     0  00:03        0.24
  SonSto_SS6           JUNCTION     0.12     0.12   438.82     0  00:03        0.12
  SS2                  JUNCTION     0.00     0.00   448.00     0  00:00        0.00
  SonSto_SS2           JUNCTION     0.00     0.00   441.50     0  00:00        0.00
  12                   JUNCTION    16.18    16.19   465.19     0  00:03       16.19
  14                   JUNCTION     2.42     2.42   467.42     0  00:03        2.42
  15                   JUNCTION     0.29     0.29   472.29     0  00:03        0.29
  TWT_PointHaut_60+650 JUNCTION     0.00     0.00   438.50     0  00:00        0.00
  TWT_Fensterstollen_60+375 JUNCTION     0.17     0.17   441.47     0  00:03        0.17
  TWT_Acces_LT_60+110  JUNCTION     0.00     0.00   441.50     0  00:03        0.00
  TWT_Liaison_LT_59+738 JUNCTION     0.02     0.07   450.67     0  00:03        0.02
  Syst_Est_amont       JUNCTION     0.52     0.52   430.52     0  00:03        0.52
  Syst_Est_interm      JUNCTION     0.36     0.36   410.36     0  00:03        0.36
  TWT_Branche_Est_Sonsto_60+540 JUNCTION     0.00     0.00   442.40     0  00:00        0.00
  TWT_Intersection_Sonsto_60+345 JUNCTION     0.18     0.18   441.08     0  00:03        0.18
  TWT_Chrosweg_61+140  JUNCTION     0.00     0.00   432.00     0  00:00        0.00
  SonSto_F_sup         JUNCTION     0.05     0.05   448.05     0  00:03        0.05
  SonSto_porte         JUNCTION     3.00     3.00   441.50     0  00:03        3.00
  Brunnm_Fassung       OUTFALL      0.09     0.09   433.89     0  00:03        0.09
  Brunnmuehle(Teich)   OUTFALL      0.21     0.21   435.71     0  00:03        0.21
  Fensterstollen       OUTFALL      0.30     0.30   437.30     0  00:03        0.30
  Gischeren            OUTFALL      0.00     0.00   480.00     0  00:00        0.00
  Schuettstein         OUTFALL      0.16     0.16   477.71     0  00:01        0.16
  Holiloch             OUTFALL      1.16     1.16   477.66     0  00:03        1.16
  Sauserquelle         OUTFALL      0.32     0.32   435.87     0  00:03        0.32
  Entw_Stollen         OUTFALL      0.18     0.18   436.68     0  00:02        0.18
  Sous_lacustre        OUTFALL      0.10     0.10   429.30     0  00:03        0.10
  Sous_ecoul.          OUTFALL      0.00     0.00   433.00     0  00:00        0.00
  Syst_Est_aval        OUTFALL      0.00     0.00   429.00     0  00:00        0.00
  TWT_Portail_Est_61+665 OUTFALL      0.00     0.00   421.60     0  00:00        0.00
  
  
  *******************
  Node Inflow Summary
  *******************
  
  -------------------------------------------------------------------------------------------------
                                  Maximum  Maximum                  Lateral       Total        Flow
                                  Lateral    Total  Time of Max      Inflow      Inflow     Balance
                                   Inflow   Inflow   Occurrence      Volume      Volume       Error
  Node                 Type           CMS      CMS  days hr:min    10^6 ltr    10^6 ltr     Percent
  -------------------------------------------------------------------------------------------------
  9                    JUNCTION         0     11.9     0  00:00           0         382       0.038
  Holiloch_sonde       JUNCTION         0     10.8     0  00:00           0         352       0.048
  11                   JUNCTION         0    0.239     0  00:01           0        20.5       0.002
  13                   JUNCTION         0     15.1     0  00:00           0    1.09e+03       0.029
  21                   JUNCTION         0    0.359     0  00:03           0        30.9       0.025
  SonSto_F             JUNCTION         0    0.687     0  00:03           0        59.3       0.112
  Sondierstollen       JUNCTION         0        0     0  00:00           0           0       0.000 ltr
  Aval_Trappe          JUNCTION         0     2.09     0  00:03           0         181      -0.054
  30                   JUNCTION         0     2.14     0  00:03           0         185      -0.169
  Gischeren_node       JUNCTION         0        0     0  00:00           0           0       0.000 ltr
  34                   JUNCTION         0    0.326     0  00:03           0          28       0.016
  38                   JUNCTION         0    0.223     0  00:03           0        18.8       0.007
  SS6                  JUNCTION         0    0.148     0  00:03           0        12.5       0.009
  40                   JUNCTION         0     1.56     0  00:03           0         134       0.009
  41                   JUNCTION         0     1.73     0  00:00           0        22.6      -0.035
  SondeSchuettstein    JUNCTION         0    0.548     0  00:01           0        22.6       0.024
  SS4                  JUNCTION         0   0.0816     0  00:02           0        6.74       0.051
  47                   JUNCTION         0     6.63     0  00:01           0         338       0.100
  48                   JUNCTION         0    0.409     0  00:01           0        22.6       0.048
  SondeGischeren       JUNCTION         0    0.203     0  00:03           0        17.5     170.042
  49                   JUNCTION         0    0.869     0  00:02           0        12.7       0.376
  50                   JUNCTION         0   0.0753     0  00:03           0         6.5       1.139
  51                   JUNCTION         0     28.4     0  00:00           0    1.27e+03       0.000
  Amont_C              JUNCTION      14.7     39.7     0  00:00    1.27e+03    1.27e+03       0.021
  52                   JUNCTION         0    0.194     0  00:03           0        16.8      38.874
  53                   JUNCTION         0    0.281     0  00:01           0          18       0.049
  54                   JUNCTION         0    0.208     0  00:03           0          18     108.800
  56                   JUNCTION         0     0.88     0  00:03           0          76       0.012
  2                    JUNCTION         0     6.66     0  00:03           0        13.4     -92.102
  4                    JUNCTION         0    0.298     0  00:03           0        25.6       0.022
  5                    JUNCTION         0     5.16     0  00:01           0         338       1.048
  6                    JUNCTION         0     7.94     0  00:00           0         351       0.084
  7                    JUNCTION         0     4.56     0  00:03           0         334      34.685
  SS3                  JUNCTION         0   0.0745     0  00:03           0        6.43       0.208
  SS5                  JUNCTION         0      0.3     0  00:03           0        25.9       6.255
  8                    JUNCTION         0    0.205     0  00:03           0        17.7       0.671
  10                   JUNCTION         0    0.624     0  00:02           0        12.7       1.802
  SonSto_SS5           JUNCTION         0    0.322     0  00:03           0        27.8       1.801
  SonSto_SS3           JUNCTION         0   0.0743     0  00:03           0        6.41       1.238
  SonSto_SS4           JUNCTION         0    0.151     0  00:03           0        13.1      -9.580
  Amont_Trappe         JUNCTION         0    0.641     0  00:03           0        55.3       0.175
  SonSto_SS6           JUNCTION         0    0.405     0  00:03           0        34.6      -0.357
  SS2                  JUNCTION         0        0     0  00:00           0           0       0.000 ltr
  SonSto_SS2           JUNCTION         0        0     0  00:00           0           0       0.000 ltr
  12                   JUNCTION         0    0.327     0  00:01           0        22.9       0.028
  14                   JUNCTION         0      1.3     0  00:03           0         112       8.679
  15                   JUNCTION         0    0.353     0  00:03           0        30.4       3.443
  TWT_PointHaut_60+650 JUNCTION         0        0     0  00:00           0           0       0.000 ltr
  TWT_Fensterstollen_60+375 JUNCTION         0     2.19     0  00:03           0         189       0.457
  TWT_Acces_LT_60+110  JUNCTION         0   0.0637     0  00:03           0        2.13    1705.869
  TWT_Liaison_LT_59+738 JUNCTION         0     2.28     0  00:03           0     0.00447     -99.961
  Syst_Est_amont       JUNCTION     0.735    0.735     0  00:00        63.5        63.5       2.726
  Syst_Est_interm      JUNCTION         0    0.716     0  00:03           0        61.861812027.603 ltr
  TWT_Branche_Est_Sonsto_60+540 JUNCTION         0        0     0  00:00           0           0       0.000 ltr
  TWT_Intersection_Sonsto_60+345 JUNCTION         0     6.67     0  00:03           0         576       0.093
  TWT_Chrosweg_61+140  JUNCTION         0        0     0  00:00           0           0       0.000 ltr
  SonSto_F_sup         JUNCTION         0    0.341     0  00:03           0        29.4       0.252
  SonSto_porte         JUNCTION         0     9.65     0  00:03           0         739      -0.505
  Brunnm_Fassung       OUTFALL          0   0.0282     0  00:03           0        2.42       0.000
  Brunnmuehle(Teich)   OUTFALL          0    0.292     0  00:03           0        25.1       0.000
  Fensterstollen       OUTFALL          0     2.14     0  00:03           0         185       0.000
  Gischeren            OUTFALL          0        0     0  00:00           0           0       0.000 ltr
  Schuettstein         OUTFALL          0    0.276     0  00:01           0        22.6       0.000
  Holiloch             OUTFALL          0     2.88     0  00:03           0         248       0.000
  Sauserquelle         OUTFALL          0     0.88     0  00:03           0          76       0.000
  Entw_Stollen         OUTFALL          0    0.127     0  00:03           0           6       0.000
  Sous_lacustre        OUTFALL          0   0.0327     0  00:03           0        2.82       0.000
  Sous_ecoul.          OUTFALL          0  0.00586     0  00:00           0       0.493       0.000
  Syst_Est_aval        OUTFALL          0        0     0  00:00           0           0       0.000 ltr
  TWT_Portail_Est_61+665 OUTFALL          0        0     0  00:00           0           0       0.000 ltr
  
  
  **********************
  Node Surcharge Summary
  **********************
  
  Surcharging occurs when water rises above the top of the highest conduit.
  ---------------------------------------------------------------------
                                               Max. Height   Min. Depth
                                   Hours       Above Crown    Below Rim
  Node                 Type      Surcharged         Meters       Meters
  ---------------------------------------------------------------------
  9                    JUNCTION       23.99         39.662       58.538
  Holiloch_sonde       JUNCTION       23.99         37.895      160.205
  11                   JUNCTION       24.00         44.729      104.811
  13                   JUNCTION       23.99         40.926      356.074
  21                   JUNCTION       24.00         38.714      110.686
  34                   JUNCTION       24.00         17.816       81.584
  38                   JUNCTION       24.00         21.716      127.684
  40                   JUNCTION       24.00         22.676       73.324
  41                   JUNCTION       23.99         43.513      205.637
  SondeSchuettstein    JUNCTION       23.98         20.535        0.000
  47                   JUNCTION       23.98         11.189       86.911
  48                   JUNCTION       23.98          8.374       90.826
  49                   JUNCTION       23.95          4.775      187.225
  51                   JUNCTION       24.00         58.274      337.726
  Amont_C              JUNCTION       24.00         84.544      312.456
  53                   JUNCTION       23.96          5.630      189.370
  56                   JUNCTION       23.99          5.550       93.450
  2                    JUNCTION        0.01         11.287        0.000
  4                    JUNCTION       23.99          8.528       90.822
  5                    JUNCTION       23.95          0.383       44.617
  6                    JUNCTION       23.98         15.178      179.822
  10                   JUNCTION       23.95          2.804      189.196
  12                   JUNCTION       23.98         15.844      183.806
  SonSto_porte         JUNCTION       23.94          0.000        0.000
  
  
  *********************
  Node Flooding Summary
  *********************
  
  Flooding refers to all water that overflows a node, whether it ponds or not.
  --------------------------------------------------------------------------
                                                             Total   Maximum
                                 Maximum   Time of Max       Flood    Ponded
                        Hours       Rate    Occurrence      Volume     Depth
  Node                 Flooded       CMS   days hr:min    10^6 ltr    Meters
  --------------------------------------------------------------------------
  SonSto_porte           23.94      8.61      0  00:03     742.053     0.000
  
  
  ***********************
  Outfall Loading Summary
  ***********************
  
  -----------------------------------------------------------
                         Flow       Avg       Max       Total
                         Freq      Flow      Flow      Volume
  Outfall Node           Pcnt       CMS       CMS    10^6 ltr
  -----------------------------------------------------------
  Brunnm_Fassung        99.94    0.0281    0.0282       2.423
  Brunnmuehle(Teich)    99.94     0.291     0.292      25.113
  Fensterstollen        99.96      2.14      2.14     185.070
  Gischeren              0.00         0         0       0.000
  Schuettstein          99.91     0.262     0.276      22.580
  Holiloch              99.83      2.88      2.88     248.332
  Sauserquelle          99.96      0.88      0.88      75.975
  Entw_Stollen          99.94    0.0695     0.127       6.001
  Sous_lacustre        100.00    0.0326    0.0327       2.820
  Sous_ecoul.           99.94   0.00571   0.00586       0.493
  Syst_Est_aval          0.00         0         0       0.000
  TWT_Portail_Est_61+665   0.00         0         0       0.000
  -----------------------------------------------------------
  System                74.95      6.59      6.59     568.809
  
  
  ********************
  Link Flow Summary
  ********************
  
  -----------------------------------------------------------------------------
                                 Maximum  Time of Max   Maximum    Max/    Max/
                                  |Flow|   Occurrence   |Veloc|    Full    Full
  Link                 Type          CMS  days hr:min     m/sec    Flow   Depth
  -----------------------------------------------------------------------------
  Brunn_Fassung_L      CONDUIT    0.0282     0  00:03      1.25    0.47    0.74
  11                   CONDUIT      10.8     0  00:00      6.02    1.62    1.00
  14                   CONDUIT      11.9     0  00:00      8.39    6.48    1.00
  16                   CONDUIT     0.239     0  00:01      2.79    1.66    1.00
  17                   CONDUIT     0.225     0  00:00      0.80    0.38    1.00
  26                   CONDUIT      1.73     0  00:00      3.04    2.34    1.00
  27                   CONDUIT    0.0459     0  00:03      1.43    0.59    0.79
  Gischeren_L          CONDUIT         0     0  00:00      0.00    0.00    0.00
  Schuettstein_L       CONDUIT     0.276     0  00:01      1.98    0.23    0.67
  Brunnmuehle_L        CONDUIT     0.326     0  00:03      1.15    0.15    1.00
  32                   CONDUIT         0     0  00:00      0.00    0.00    0.00
  35                   CONDUIT         0     0  00:00      0.00    0.00    0.18
  45                   CONDUIT     0.404     0  00:03      4.18    0.00    0.04
  46                   CONDUIT      0.88     0  00:03      3.11    0.88    1.00
  47                   CONDUIT     0.102     0  00:00      2.68    6.35    1.00
  50                   CONDUIT     0.409     0  00:01      1.30    0.08    1.00
  51                   CONDUIT     0.172     0  00:03      1.79    0.48    1.00
  53                   CONDUIT     0.223     0  00:03      1.34    1.13    1.00
  Fenster_L            CONDUIT      2.14     0  00:03      5.77    0.02    0.10
  58                   CONDUIT       2.1     0  00:03      5.13    0.03    0.11
  59                   CONDUIT      0.32     0  00:03      3.23    0.00    0.04
  61                   CONDUIT     0.548     0  00:01      2.67    0.77    1.00
  63                   CONDUIT     0.148     0  00:03      2.06    0.67    0.51
  66                   CONDUIT    0.0753     0  00:03      1.45    0.99    0.79
  67                   CONDUIT      14.8     0  00:00      3.98    0.15    1.00
  Amont_L              CONDUIT      28.4     0  00:00      4.02    1.54    1.00
  69                   CONDUIT     0.194     0  00:03      1.88    0.76    0.77
  70                   CONDUIT      0.14     0  00:03      1.35    0.43    0.77
  71                   CONDUIT     0.281     0  00:01      1.24    0.50    1.00
  72                   CONDUIT     0.208     0  00:03      1.26    0.99    0.56
  Sauser_L             CONDUIT      0.88     0  00:03      1.60    0.22    0.66
  75                   CONDUIT    0.0816     0  00:02      2.82    0.83    0.62
  Entw_Sto_L           CONDUIT     0.127     0  00:03      4.99    2.93    1.00
  4                    CONDUIT    0.0238     0  00:02      0.85    1.06    1.00
  5                    CONDUIT    0.0217     0  00:01      0.90    0.77    1.00
  6                    CONDUIT    0.0327     0  00:03      1.30    0.49    0.75
  7                    CONDUIT     0.298     0  00:03      1.52    0.46    1.00
  Brunn_Teich_L        CONDUIT     0.292     0  00:03      1.26    0.22    0.66
  9                    CONDUIT   0.00586     0  00:00      1.47    0.00    0.50
  12                   CONDUIT      5.16     0  00:01      3.17    0.11    1.00
  15                   CONDUIT      7.94     0  00:00      4.31    0.20    1.00
  18                   CONDUIT      6.63     0  00:01      3.57    0.27    1.00
  19                   CONDUIT     0.869     0  00:02      1.18    0.83    1.00
  20                   CONDUIT     0.641     0  00:03      2.20    0.05    0.29
  21                   CONDUIT      4.56     0  00:03      0.54    0.03    0.79
  Hooliloch_L          CONDUIT      2.88     0  00:03      0.88    0.06    0.50
  23                   CONDUIT    0.0745     0  00:03      3.03    0.47    0.38
  25                   CONDUIT     0.205     0  00:03      1.27    0.17    0.54
  28                   CONDUIT    0.0734     0  00:03      1.35    0.00    0.03
  29                   CONDUIT    0.0406     0  00:03      0.47    0.00    0.04
  31                   CONDUIT         0     0  00:00      0.00    0.00    0.02
  33                   CONDUIT     0.624     0  00:02      0.77    0.24    1.00
  37                   CONDUIT     0.286     0  00:03      0.57    0.01    0.12
  SS3_L                CONDUIT    0.0743     0  00:03      2.73    0.00    0.03
  40                   CONDUIT     0.641     0  00:03      1.15    0.00    0.05
  SS6_L                CONDUIT    0.0872     0  00:03      2.47    0.00    0.04
  1                    CONDUIT         0     0  00:00      0.00    0.00    0.01
  2                    CONDUIT         0     0  00:00      0.00    0.00    0.00
  3                    CONDUIT    0.0806     0  00:02      3.62    0.01    0.08
  10                   CONDUIT     0.128     0  00:03      0.28    0.00    0.12
  13                   CONDUIT     0.327     0  00:01      3.76    0.71    1.00
  22                   CONDUIT     0.271     0  00:01      2.82    0.67    1.00
  24                   CONDUIT       1.3     0  00:03      2.25    0.00    0.80
  30                   CONDUIT      1.19     0  00:03      2.08    0.50    0.80
  34                   CONDUIT     0.353     0  00:03      1.81    0.39    0.76
  36                   CONDUIT     0.341     0  00:03      5.40    0.36    0.31
  38                   CONDUIT     0.203     0  00:03      2.39    0.08    0.31
  48                   CONDUIT     0.716     0  00:03      2.40    0.48    0.44
  54                   CONDUIT         0     0  00:00      0.00    0.00    0.12
  68                   CONDUIT     0.285     0  00:03      5.40    0.00    0.03
  73                   CONDUIT      6.62     0  00:03      2.44    1.53    1.00
  TWT1                 CONDUIT         0     0  00:00      0.00    0.00    0.00
  1_1_a_1              CONDUIT         0     0  00:00      0.00    0.00    0.50
  TWT2                 CONDUIT         0     0  00:00      0.00    0.00    0.00
  TWT3                 CONDUIT         0     0  00:00      0.00    0.00    0.00
  TWT4                 CONDUIT         0     0  00:00      0.00    0.00    0.01
  1_2_b_               CONDUIT         0     0  00:00      0.00    0.00    0.00
  1_2_b_1              CONDUIT      1.57     0  00:03     11.16    2.70    0.67
  1_2_b_2              CONDUIT    0.0557     0  00:03      1.70    0.02    0.22
  1_2_b_3              CONDUIT     0.504     0  00:03      3.59    0.34    0.67
  1_2_b_6              CONDUIT    0.0609     0  00:03      1.85    0.02    0.23
  TWT5                 CONDUIT     0.722     0  00:03      2.58    0.00    0.02
  1_4_a                CONDUIT      1.45     0  00:03      5.29    0.01    0.09
  1_4_a_1              CONDUIT      5.94     0  00:03     41.58    5.03    0.68
  TWT6                 CONDUIT   0.00137     0  00:03      0.01    0.00    0.01
  1_4_b                CONDUIT      6.66     0  00:03     33.13    0.01    0.53
  TWT7                 CONDUIT    0.0637     0  00:03      3.29    0.00    0.01
  1_5_a                CONDUIT      2.28     0  00:03      1.40    0.00    0.52
  
  
  ***************************
  Flow Classification Summary
  ***************************
  
  -------------------------------------------------------------------------------------
                      Adjusted    ---------- Fraction of Time in Flow Class ---------- 
                       /Actual         Up    Down  Sub   Sup   Up    Down  Norm  Inlet 
  Conduit               Length    Dry  Dry   Dry   Crit  Crit  Crit  Crit  Ltd   Ctrl  
  -------------------------------------------------------------------------------------
  Brunn_Fassung_L         1.00   0.00  0.00  0.00  0.00  1.00  0.00  0.00  0.00  0.00
  11                      1.00   0.00  0.00  0.00  1.00  0.00  0.00  0.00  0.00  0.00
  14                      1.00   0.00  0.00  0.00  1.00  0.00  0.00  0.00  0.00  0.00
  16                      1.00   0.00  0.00  0.00  1.00  0.00  0.00  0.00  0.00  0.00
  17                      1.00   0.00  0.00  0.00  1.00  0.00  0.00  0.00  0.00  0.00
  26                      1.00   0.00  0.00  0.00  1.00  0.00  0.00  0.00  0.00  0.00
  27                      1.00   0.00  0.00  0.00  0.00  1.00  0.00  0.00  0.00  0.00
  Gischeren_L             1.00   1.00  0.00  0.00  0.00  0.00  0.00  0.00  0.00  0.00
  Schuettstein_L          1.00   0.00  0.00  0.00  0.00  1.00  0.00  0.00  0.00  0.00
  Brunnmuehle_L           1.00   0.00  0.00  0.00  1.00  0.00  0.00  0.00  0.00  0.00
  32                      1.00   1.00  0.00  0.00  0.00  0.00  0.00  0.00  0.00  0.00
  35                      1.00   0.00  1.00  0.00  0.00  0.00  0.00  0.00  0.00  0.00
  45                      1.00   0.00  0.00  0.00  0.00  1.00  0.00  0.00  1.00  0.00
  46                      1.00   0.00  0.00  0.00  1.00  0.00  0.00  0.00  0.00  0.00
  47                      1.00   0.00  0.00  0.00  1.00  0.00  0.00  0.00  0.00  0.00
  50                      1.00   0.00  0.00  0.00  1.00  0.00  0.00  0.00  0.00  0.00
  51                      1.00   0.00  0.00  0.00  1.00  0.00  0.00  0.00  0.00  0.00
  53                      1.00   0.00  0.00  0.00  1.00  0.00  0.00  0.00  0.00  0.00
  Fenster_L               1.00   0.00  0.00  0.00  0.00  1.00  0.00  0.00  0.00  0.00
  58                      1.00   0.00  0.00  0.00  0.00  1.00  0.00  0.00  1.00  0.00
  59                      1.00   0.00  0.00  0.00  0.00  1.00  0.00  0.00  0.00  0.00
  61                      1.00   0.00  0.00  0.00  1.00  0.00  0.00  0.00  0.00  0.00
  63                      1.00   0.00  0.00  0.00  1.00  0.00  0.00  0.00  0.00  0.00
  66                      1.00   0.00  0.00  0.00  1.00  0.00  0.00  0.00  0.00  0.00
  67                      1.00   0.00  0.00  0.00  1.00  0.00  0.00  0.00  0.00  0.00
  Amont_L                 1.00   0.00  0.00  0.00  1.00  0.00  0.00  0.00  0.00  0.00
  69                      1.00   0.00  0.00  0.00  0.00  1.00  0.00  0.00  0.00  0.00
  70                      1.00   0.00  0.00  0.00  1.00  0.00  0.00  0.00  0.00  0.00
  71                      1.00   0.00  0.00  0.00  1.00  0.00  0.00  0.00  0.00  0.00
  72                      1.00   0.00  0.00  0.00  1.00  0.00  0.00  0.00  0.00  0.00
  Sauser_L                1.00   0.00  0.00  0.00  1.00  0.00  0.00  0.00  0.00  0.00
  75                      1.00   0.00  0.00  0.00  0.00  1.00  0.00  0.00  0.00  0.00
  Entw_Sto_L              1.00   0.00  0.00  0.00  1.00  0.00  0.00  0.00  0.00  0.00
  4                       1.00   0.00  0.00  0.00  1.00  0.00  0.00  0.00  0.00  0.00
  5                       1.00   0.00  0.00  0.00  1.00  0.00  0.00  0.00  0.00  0.00
  6                       1.00   0.00  0.00  0.00  0.00  1.00  0.00  0.00  0.00  0.00
  7                       1.00   0.00  0.00  0.00  1.00  0.00  0.00  0.00  0.00  0.00
  Brunn_Teich_L           1.00   0.00  0.00  0.00  1.00  0.00  0.00  0.00  0.00  0.00
  9                       1.00   0.00  0.00  0.00  0.00  1.00  0.00  0.00  0.00  0.00
  12                      1.00   0.00  0.00  0.00  1.00  0.00  0.00  0.00  0.00  0.00
  15                      1.00   0.00  0.00  0.00  1.00  0.00  0.00  0.00  0.00  0.00
  18                      1.00   0.00  0.00  0.00  1.00  0.00  0.00  0.00  0.00  0.00
  19                      1.00   0.00  0.00  0.00  1.00  0.00  0.00  0.00  0.00  0.00
  20                      1.00   0.00  0.00  0.00  0.00  1.00  0.00  0.00  0.00  0.00
  21                      1.00   0.00  0.00  0.00  1.00  0.00  0.00  0.00  0.00  0.00
  Hooliloch_L             1.00   0.00  0.00  0.00  1.00  0.00  0.00  0.00  0.00  0.00
  23                      1.00   0.00  0.00  0.00  0.00  1.00  0.00  0.00  0.00  0.00
  25                      1.00   0.00  0.00  0.00  1.00  0.00  0.00  0.00  0.00  0.00
  28                      1.00   0.00  0.00  0.00  0.00  1.00  0.00  0.00  1.00  0.00
  29                      1.00   0.00  0.00  0.00  1.00  0.00  0.00  0.00  1.00  0.00
  31                      1.00   0.00  1.00  0.00  0.00  0.00  0.00  0.00  0.00  0.00
  33                      1.00   0.00  0.00  0.00  1.00  0.00  0.00  0.00  0.00  0.00
  37                      1.00   0.00  0.00  0.00  1.00  0.00  0.00  0.00  0.00  0.00
  SS3_L                   1.00   0.00  0.00  0.00  0.00  1.00  0.00  0.00  1.00  0.00
  40                      1.00   0.00  0.00  0.00  1.00  0.00  0.00  0.00  0.00  0.00
  SS6_L                   1.00   0.00  0.00  0.00  0.00  1.00  0.00  0.00  1.00  0.00
  1                       1.00   0.00  1.00  0.00  0.00  0.00  0.00  0.00  0.00  0.00
  2                       1.00   1.00  0.00  0.00  0.00  0.00  0.00  0.00  0.00  0.00
  3                       1.00   0.00  0.00  0.00  0.00  1.00  0.00  0.00  1.00  0.00
  10                      1.00   0.00  0.00  0.00  1.00  0.00  0.00  0.00  0.00  0.00
  13                      1.00   0.00  0.00  0.00  1.00  0.00  0.00  0.00  0.00  0.00
  22                      1.00   0.00  0.00  0.00  1.00  0.00  0.00  0.00  0.00  0.00
  24                      1.00   0.00  0.00  0.00  1.00  0.00  0.00  0.00  0.00  0.00
  30                      1.00   0.00  0.00  0.00  1.00  0.00  0.00  0.00  0.00  0.00
  34                      1.00   0.00  0.00  0.00  1.00  0.00  0.00  0.00  0.00  0.00
  36                      1.00   0.00  0.00  0.00  0.00  1.00  0.00  0.00  0.00  0.00
  38                      1.00   0.00  0.00  0.00  1.00  0.00  0.00  0.00  1.00  0.00
  48                      1.00   0.00  0.00  0.00  0.00  1.00  0.00  0.00  0.00  0.00
  54                      1.00   0.00  1.00  0.00  0.00  0.00  0.00  0.00  0.00  0.00
  68                      1.00   0.00  0.00  0.00  0.00  1.00  0.00  0.00  1.00  0.00
  73                      1.00   0.00  0.00  0.00  1.00  0.00  0.00  0.00  0.00  0.00
  TWT1                    1.00   1.00  0.00  0.00  0.00  0.00  0.00  0.00  0.00  0.00
  1_1_a_1                 1.00   0.00  1.00  0.00  0.00  0.00  0.00  0.00  0.00  0.00
  TWT2                    1.00   1.00  0.00  0.00  0.00  0.00  0.00  0.00  0.00  0.00
  TWT3                    1.00   1.00  0.00  0.00  0.00  0.00  0.00  0.00  0.00  0.00
  TWT4                    1.00   0.00  1.00  0.00  0.00  0.00  0.00  0.00  0.00  0.00
  1_2_b_                  1.00   1.00  0.00  0.00  0.00  0.00  0.00  0.00  0.00  0.00
  1_2_b_1                 1.00   0.00  0.00  0.00  0.00  1.00  0.00  0.00  0.00  0.00
  1_2_b_2                 1.00   0.00  0.00  0.00  0.00  1.00  0.00  0.00  1.00  0.00
  1_2_b_3                 1.00   0.00  0.00  0.00  0.00  1.00  0.00  0.00  0.00  0.00
  1_2_b_6                 1.00   0.00  0.00  0.00  0.00  1.00  0.00  0.00  1.00  0.00
  TWT5                    1.00   0.00  0.00  0.00  0.00  1.00  0.00  0.00  0.00  0.00
  1_4_a                   1.00   0.00  0.00  0.00  0.00  1.00  0.00  0.00  1.00  0.00
  1_4_a_1                 1.00   0.00  0.00  0.00  0.00  1.00  0.00  0.00  0.00  0.00
  TWT6                    1.00   0.00  0.00  0.00  1.00  0.00  0.00  0.00  1.00  0.00
  1_4_b                   1.00   0.00  0.00  0.00  1.00  0.00  0.00  0.00  1.00  0.00
  TWT7                    1.00   0.00  0.00  0.00  0.00  1.00  0.00  0.00  1.00  0.00
  1_5_a                   1.00   0.00  0.00  0.00  1.00  0.00  0.00  0.00  1.00  0.00
  
  
  *************************
  Conduit Surcharge Summary
  *************************
  
  ----------------------------------------------------------------------------
                                                           Hours        Hours 
                         --------- Hours Full --------   Above Full   Capacity
  Conduit                Both Ends  Upstream  Dnstream   Normal Flow   Limited
  ----------------------------------------------------------------------------
  Brunn_Fassung_L             0.01      0.01     24.00      0.01         0.01
  11                         23.99     23.99     23.99      0.01         0.01
  14                         23.99     23.99     23.99     23.99         0.01
  16                         24.00     24.00     24.00     23.99        23.99
  17                         24.00     24.00     24.00      0.01         0.01
  26                         23.99     23.99     23.99      0.01         0.01
  27                          0.01      0.01     23.98      0.01         0.01
  Schuettstein_L              0.01      0.01     23.98      0.01         0.01
  Brunnmuehle_L              24.00     24.00     24.00      0.01         0.01
  46                         24.00     24.00     24.00      0.01         0.01
  47                         24.00     24.00     24.00     24.00        24.00
  50                         23.98     23.98     23.98      0.01         0.01
  51                         23.98     23.98     24.00      0.01         0.01
  53                         24.00     24.00     24.00     23.99         0.01
  61                         23.98     23.98     23.99      0.01         0.01
  63                          0.01     23.97      0.01      0.01         0.01
  66                          0.01     23.96      0.01      0.01         0.01
  67                         23.99     23.99     24.00      0.01         0.01
  Amont_L                    24.00     24.00     24.00      0.01         0.01
  69                          0.01      0.01     24.00      0.01         0.01
  70                          0.01      0.01     24.00      0.01         0.01
  71                         23.97     23.97     23.99      0.01         0.01
  72                          0.01     23.96      0.01      0.01         0.01
  Sauser_L                    0.01      0.01     24.00      0.01         0.01
  75                          0.01     23.96      0.01      0.01         0.01
  Entw_Sto_L                 23.96     23.97     23.96     23.97        23.96
  4                          23.96     23.96     23.97      0.01         0.01
  5                          23.97     23.97     24.00      0.01         0.01
  6                           0.01      0.01     24.00      0.01         0.01
  7                          23.99     23.99     24.00      0.01         0.01
  Brunn_Teich_L               0.01      0.01     23.99      0.01         0.01
  9                           0.01      0.01     23.99      0.01         0.01
  12                         23.97     23.97     23.98      0.01         0.01
  15                         23.98     23.98     23.99      0.01         0.01
  18                         23.98     23.98     23.98      0.01         0.01
  19                         23.96     23.96     23.98      0.01         0.01
  21                          0.01      0.01     23.95      0.01         0.01
  25                          0.01      0.01     23.99      0.01         0.01
  33                         23.95     23.95     23.95      0.01         0.01
  13                         23.98     23.98     24.00      0.01         0.01
  22                         23.98     23.98     24.00      0.01         0.01
  24                          0.01      0.01     24.00      0.01         0.01
  30                          0.01      0.01     24.00      0.01         0.01
  34                          0.01      0.01     23.99      0.01         0.01
  73                          0.01     23.95      0.01      0.02         0.01
  1_2_b_1                     0.01      0.01     23.99     23.99         0.01
  1_2_b_3                     0.01      0.01     23.99      0.01         0.01
  1_4_a_1                     0.01      0.01     23.99     23.99         0.01
  1_4_b                       0.01      0.01     23.94      0.01         0.01
  1_5_a                       0.01      0.01      0.01      0.01         0.01
  

  Analysis begun on:  Thu Aug 20 12:19:37 2026
  Analysis ended on:  Thu Aug 20 12:19:39 2026
  Total elapsed time: 00:00:02