
  EPA STORM WATER MANAGEMENT MODEL - VERSION 5.2 (Build 5.2.4)
  ------------------------------------------------------------

  Brunnmuehle (Twann) 
  WARNING 08: elevation drop exceeds length for Conduit SS3_L
  WARNING 08: elevation drop exceeds length for Conduit SS6_L
  WARNING 08: elevation drop exceeds length for Conduit 2
  WARNING 08: elevation drop exceeds length for Conduit 3
  WARNING 08: elevation drop exceeds length for Conduit 68
  WARNING 08: elevation drop exceeds length for Conduit 1_2_b_
  WARNING 08: elevation drop exceeds length for Conduit 1_2_b_2
  WARNING 08: elevation drop exceeds length for Conduit 1_2_b_3
  WARNING 08: elevation drop exceeds length for Conduit 1_4_a_2
  WARNING 08: elevation drop exceeds length for Conduit 1_4_b
  WARNING 08: elevation drop exceeds length for Conduit 1_5_a
  WARNING 08: elevation drop exceeds length for Conduit 1_6_b_1
  WARNING 02: maximum depth increased for Node 2
  
  ****************
  Analysis Options
  ****************
  Flow Units ............... CMS
  Process Models:
    Rainfall/Runoff ........ NO
    RDII ................... NO
    Snowmelt ............... NO
    Groundwater ............ NO
    Flow Routing ........... YES
    Ponding Allowed ........ NO
    Water Quality .......... NO
  Flow Routing Method ...... DYNWAVE
  Surcharge Method ......... EXTRAN
  Starting Date ............ 01/01/2000 00:00:00
  Ending Date .............. 01/02/2000 00:00:00
  Antecedent Dry Days ...... 0.0
  Report Time Step ......... 01:00:00
  Routing Time Step ........ 0.50 sec
  Variable Time Step ....... YES
  Maximum Trials ........... 8
  Number of Threads ........ 1
  Head Tolerance ........... 0.001500 m
  
  
  **************************        Volume        Volume
  Flow Routing Continuity        hectare-m      10^6 ltr
  **************************     ---------     ---------
  Dry Weather Inflow .......         0.000         0.000
  Wet Weather Inflow .......         0.000         0.000
  Groundwater Inflow .......         0.000         0.000
  RDII Inflow ..............         0.000         0.000
  External Inflow ..........       133.343      1333.445
  External Outflow .........       126.756      1267.575
  Flooding Loss ............         0.000         0.000
  Evaporation Loss .........         0.000         0.000
  Exfiltration Loss ........         0.000         0.000
  Initial Stored Volume ....         0.056         0.564
  Final Stored Volume ......         0.425         4.252
  Continuity Error (%) .....         4.661
  
  
  *************************
  Highest Continuity Errors
  *************************
  Node TWT_Intersection_Sonsto_60+345 (-129.93%)
  Node Syst_Est_interm (100.00%)
  Node TWT_Acces_LT_60+110 (100.00%)
  Node SonSto_SS4 (-86.44%)
  Node 54 (67.51%)
  
  
  ***************************
  Time-Step Critical Elements
  ***************************
  Link 1_4_a (14777.02%)
  Link 20 (79.00%)
  Link 1_4_a_2 (3.87%)
  
  
  ********************************
  Highest Flow Instability Indexes
  ********************************
  All links are stable.
  
  
  *********************************
  Most Frequent Nonconverging Nodes
  *********************************
  Node Brunnm_Fassung (31.93%)
  Node Brunnmuehle(Teich) (31.93%)
  Node Fensterstollen (31.93%)
  Node Gischeren (31.93%)
  Node Schuettstein (31.93%)
  
  
  *************************
  Routing Time Step Summary
  *************************
  Minimum Time Step           :     0.50 sec
  Average Time Step           :     0.50 sec
  Maximum Time Step           :     0.50 sec
  % of Time in Steady State   :    99.33
  Average Iterations per Step :     6.80
  % of Steps Not Converging   :    31.93
  Time Step Frequencies       :
      0.500 -  0.500 sec      :   100.00 %
      0.500 -  0.500 sec      :     0.00 %
      0.500 -  0.500 sec      :     0.00 %
      0.500 -  0.500 sec      :     0.00 %
      0.500 -  0.500 sec      :     0.00 %
  
  
  ******************
  Node Depth Summary
  ******************
  
  ---------------------------------------------------------------------------------
                                 Average  Maximum  Maximum  Time of Max    Reported
                                   Depth    Depth      HGL   Occurrence   Max Depth
  Node                 Type       Meters   Meters   Meters  days hr:min      Meters
  ---------------------------------------------------------------------------------
  9                    JUNCTION    44.48    47.40   485.90     0  00:00       44.51
  Holiloch_sonde       JUNCTION    40.91    45.80   485.80     0  00:00       40.93
  11                   JUNCTION    28.20    28.35   438.35     0  00:08       28.20
  13                   JUNCTION    55.25    56.02   494.02     0  00:02       55.28
  21                   JUNCTION    37.59    38.44   438.44     0  00:04       37.59
  SonSto_F             JUNCTION     0.52     0.52   438.32     0  00:09        0.52
  Sondierstollen       JUNCTION     0.00     0.00   440.80     0  00:00        0.00
  Aval_Trappe          JUNCTION     0.64     0.65   438.25     0  00:09        0.64
  30                   JUNCTION     0.54     0.54   437.84     0  00:09        0.54
  Gischeren_node       JUNCTION     2.31     2.33   478.83     0  00:09        2.33
  34                   JUNCTION    17.08    17.71   437.71     0  00:04       17.09
  38                   JUNCTION    17.69    18.28   438.28     0  00:04       17.70
  SS6                  JUNCTION     0.07     0.07   448.07     0  00:02        0.07
  40                   JUNCTION    28.77    28.97   447.97     0  00:02       28.79
  41                   JUNCTION    55.50    56.27   493.77     0  00:02       55.53
  SondeSchuettstein    JUNCTION    21.87    23.83   482.83     0  00:01       21.88
  SS4                  JUNCTION     0.06     0.06   448.06     0  00:09        0.06
  47                   JUNCTION    14.10    15.45   480.35     0  00:01       14.11
  48                   JUNCTION     9.59    11.28   482.28     0  00:01        9.60
  SondeGischeren       JUNCTION    13.78    13.83   478.83     0  00:09       13.83
  49                   JUNCTION    13.57    15.20   481.20     0  00:02       13.59
  50                   JUNCTION     7.61     7.64   470.64     0  00:09        7.64
  51                   JUNCTION    73.55    74.34   494.34     0  00:02       73.58
  Amont_C              JUNCTION    76.82    87.55   505.55     0  00:00       76.85
  52                   JUNCTION     8.56    18.20   475.20     0  00:04        8.59
  53                   JUNCTION    11.70    20.00   487.00     0  00:01       11.70
  54                   JUNCTION     4.40     4.41   467.41     0  00:09        4.41
  56                   JUNCTION     6.64     6.83   436.83     0  00:02        6.65
  2                    JUNCTION     0.07     0.07   438.07     0  00:09        0.07
  4                    JUNCTION     8.15     8.54   436.54     0  00:00        8.16
  5                    JUNCTION     6.08     6.11   478.61     0  00:04        6.08
  6                    JUNCTION    21.73    21.87   479.87     0  00:02       21.74
  7                    JUNCTION     3.57     3.59   478.59     0  00:04        3.57
  SS3                  JUNCTION     0.08     0.08   448.08     0  00:09        0.08
  SS5                  JUNCTION     0.64     0.71   439.61     0  00:09        0.64
  8                    JUNCTION     4.85     4.87   478.87     0  00:09        4.87
  10                   JUNCTION    11.55    13.24   481.24     0  00:02       11.57
  SonSto_SS5           JUNCTION     0.14     0.17   439.47     0  00:09        0.14
  SonSto_SS3           JUNCTION     0.10     0.10   439.80     0  00:09        0.10
  SonSto_SS4           JUNCTION     0.14     0.16   439.56     0  00:09        0.14
  Amont_Trappe         JUNCTION     0.53     0.71   438.41     0  00:08        0.53
  SonSto_SS6           JUNCTION     0.14     0.15   438.85     0  00:07        0.14
  SS2                  JUNCTION     0.00     0.00   448.00     0  00:00        0.00
  SonSto_SS2           JUNCTION     0.00     0.00   441.50     0  00:00        0.00
  12                   JUNCTION    23.20    23.65   472.65     0  00:04       23.21
  14                   JUNCTION    12.08    14.64   479.64     0  00:02       12.10
  15                   JUNCTION     0.36     0.36   472.36     0  00:04        0.36
  TWT_PointHaut_60+650 JUNCTION     0.00     0.00   438.50     0  00:00        0.00
  TWT_Fensterstollen_60+375 JUNCTION     0.96     0.97   438.27     0  00:09        0.97
  TWT_Acces_LT_60+110  JUNCTION     0.78     0.79   438.29     0  00:09        0.79
  TWT_Liaison_LT_59+738 JUNCTION     0.00     0.00   450.60     0  00:00        0.00
  Syst_Est_amont       JUNCTION     0.50     0.52   430.52     0  00:03        0.50
  Syst_Est_interm      JUNCTION     1.30     1.31   411.31     0  00:09        1.31
  TWT_Branche_Est_Sonsto_60+540 JUNCTION     0.00     0.00   442.40     0  00:00        0.00
  TWT_Intersection_Sonsto_60+345 JUNCTION     1.12     1.27   438.27     0  00:08        1.12
  TWT_Chrosweg_61+140  JUNCTION     0.00     0.00   432.00     0  00:00        0.00
  SonSto_F_sup         JUNCTION     0.06     0.06   448.06     0  00:04        0.06
  SonSto_porte         JUNCTION     0.00     0.00   438.50     0  00:00        0.00
  Brunnm_Fassung       OUTFALL      0.08     0.08   433.88     0  00:04        0.08
  Brunnmuehle(Teich)   OUTFALL      0.17     0.18   435.68     0  00:04        0.17
  Fensterstollen       OUTFALL      0.46     0.46   437.46     0  00:09        0.46
  Gischeren            OUTFALL      0.00     0.00   480.00     0  00:00        0.00
  Schuettstein         OUTFALL      0.23     0.24   477.79     0  00:04        0.23
  Holiloch             OUTFALL      1.68     1.70   478.20     0  00:04        1.68
  Sauserquelle         OUTFALL      0.34     0.34   435.89     0  00:04        0.34
  Entw_Stollen         OUTFALL      0.07     0.07   436.57     0  00:09        0.07
  Sous_lacustre        OUTFALL      0.09     0.09   429.29     0  00:04        0.09
  Sous_ecoul.          OUTFALL      0.00     0.00   433.00     0  00:04        0.00
  Syst_Est_aval        OUTFALL      0.00     0.00   429.00     0  00:00        0.00
  TWT_Portail_Est_61+665 OUTFALL      0.00     0.00   421.60     0  00:00        0.00
  
  
  *******************
  Node Inflow Summary
  *******************
  
  -------------------------------------------------------------------------------------------------
                                  Maximum  Maximum                  Lateral       Total        Flow
                                  Lateral    Total  Time of Max      Inflow      Inflow     Balance
                                   Inflow   Inflow   Occurrence      Volume      Volume       Error
  Node                 Type           CMS      CMS  days hr:min    10^6 ltr    10^6 ltr     Percent
  -------------------------------------------------------------------------------------------------
  9                    JUNCTION         0       13     0  00:00           0         719       0.015
  Holiloch_sonde       JUNCTION         0     12.3     0  00:00           0         678      -0.001
  11                   JUNCTION         0    0.339     0  00:02           0        28.9      -0.065
  13                   JUNCTION         0     15.2     0  00:00           0    1.04e+03       0.038
  21                   JUNCTION         0    0.267     0  00:09           0        22.8       0.012
  SonSto_F             JUNCTION         0      1.5     0  00:09           0        82.5      -9.648
  Sondierstollen       JUNCTION         0        0     0  00:00           0           0       0.000 ltr
  Aval_Trappe          JUNCTION         0     5.43     0  00:09           0         410      -6.750
  30                   JUNCTION         0     5.18     0  00:09           0         445      -1.355
  Gischeren_node       JUNCTION         0    0.327     0  00:07           0        16.616635977.313 ltr
  34                   JUNCTION         0    0.238     0  00:04           0        20.3      -0.003
  38                   JUNCTION         0    0.159     0  00:00           0        3.82       0.016
  SS6                  JUNCTION         0     0.16     0  00:02           0        13.1       0.000
  40                   JUNCTION         0     2.16     0  00:02           0         184       0.000
  41                   JUNCTION         0     1.72     0  00:00           0        44.6       0.079
  SondeSchuettstein    JUNCTION         0    0.728     0  00:00           0        44.5       0.004
  SS4                  JUNCTION         0   0.0875     0  00:09           0        7.55       0.056
  47                   JUNCTION         0     9.69     0  00:01           0         664       0.037
  48                   JUNCTION         0    0.578     0  00:01           0        44.5       0.021
  SondeGischeren       JUNCTION         0    0.345     0  00:07           0          17       0.389
  49                   JUNCTION         0        1     0  00:01           0        13.2       0.900
  50                   JUNCTION         0    0.181     0  00:04           0        13.2       0.024
  51                   JUNCTION         0     28.4     0  00:00           0    1.27e+03      -0.009
  Amont_C              JUNCTION      14.7     39.7     0  00:00    1.27e+03    1.27e+03       0.016
  52                   JUNCTION         0    0.271     0  00:04           0          19       0.114
  53                   JUNCTION         0    0.401     0  00:01           0        28.7       0.032
  54                   JUNCTION         0    0.333     0  00:09           0        28.7     207.829
  56                   JUNCTION         0    0.976     0  00:04           0          84      -0.001
  2                    JUNCTION         0   0.0226     0  00:09           0        1.92      56.892
  4                    JUNCTION         0    0.217     0  00:04           0        18.3       0.028
  5                    JUNCTION         0     8.37     0  00:01           0         664       0.059
  6                    JUNCTION         0     10.4     0  00:00           0         678       0.003
  7                    JUNCTION         0     8.05     0  00:02           0         664       0.041
  SS3                  JUNCTION         0    0.153     0  00:09           0        13.2       0.045
  SS5                  JUNCTION         0    0.709     0  00:09           0        47.1      64.097
  8                    JUNCTION         0    0.578     0  00:06           0        46.3      54.580
  10                   JUNCTION         0    0.801     0  00:02           0        13.1      -0.436
  SonSto_SS5           JUNCTION         0    0.542     0  00:09           0        37.5      11.064
  SonSto_SS3           JUNCTION         0    0.153     0  00:09           0        13.2      -0.154
  SonSto_SS4           JUNCTION         0    0.303     0  00:09           0        20.8     -46.363
  Amont_Trappe         JUNCTION         0     1.69     0  00:08           0        85.2      15.728
  SonSto_SS6           JUNCTION         0    0.655     0  00:09           0        46.9      -4.821
  SS2                  JUNCTION         0        0     0  00:00           0           0       0.000 ltr
  SonSto_SS2           JUNCTION         0        0     0  00:00           0           0       0.000 ltr
  12                   JUNCTION         0    0.383     0  00:00           0        25.6       0.014
  14                   JUNCTION         0     2.07     0  00:02           0         149       0.029
  15                   JUNCTION         0    0.488     0  00:04           0        41.5       0.046
  TWT_PointHaut_60+650 JUNCTION         0        0     0  00:00           0           0       0.000 ltr
  TWT_Fensterstollen_60+375 JUNCTION         0     6.44     0  00:09           0         301     -10.740
  TWT_Acces_LT_60+110  JUNCTION         0     2.78     0  00:05           0          4949039157.530 ltr
  TWT_Liaison_LT_59+738 JUNCTION         0        0     0  00:00           0           0       0.000 ltr
  Syst_Est_amont       JUNCTION     0.735    0.735     0  00:00        63.5        63.5       0.043
  Syst_Est_interm      JUNCTION         0    0.781     0  00:04           0        63.563469952.605 ltr
  TWT_Branche_Est_Sonsto_60+540 JUNCTION         0        0     0  00:00           0           0       0.000 ltr
  TWT_Intersection_Sonsto_60+345 JUNCTION         0     5.75     0  00:06           0        26.2     -56.509
  TWT_Chrosweg_61+140  JUNCTION         0        0     0  00:00           0           0       0.000 ltr
  SonSto_F_sup         JUNCTION         0    0.487     0  00:04           0        41.5       0.003
  SonSto_porte         JUNCTION         0        0     0  00:00           0           0       0.000 ltr
  Brunnm_Fassung       OUTFALL          0   0.0239     0  00:04           0        1.97       0.000
  Brunnmuehle(Teich)   OUTFALL          0    0.213     0  00:04           0        17.8       0.000
  Fensterstollen       OUTFALL          0     5.25     0  00:09           0         452       0.000
  Gischeren            OUTFALL          0        0     0  00:00           0           0       0.000 ltr
  Schuettstein         OUTFALL          0    0.528     0  00:04           0        44.5       0.000
  Holiloch             OUTFALL          0     7.87     0  00:04           0         664       0.000
  Sauserquelle         OUTFALL          0    0.976     0  00:04           0          84       0.000
  Entw_Stollen         OUTFALL          0   0.0142     0  00:09           0        1.22       0.000
  Sous_lacustre        OUTFALL          0   0.0298     0  00:04           0         2.5       0.000
  Sous_ecoul.          OUTFALL          0  0.00557     0  00:04           0       0.468       0.000
  Syst_Est_aval        OUTFALL          0        0     0  00:00           0           0       0.000 ltr
  TWT_Portail_Est_61+665 OUTFALL          0        0     0  00:00           0           0       0.000 ltr
  
  
  **********************
  Node Surcharge Summary
  **********************
  
  Surcharging occurs when water rises above the top of the highest conduit.
  ---------------------------------------------------------------------
                                               Max. Height   Min. Depth
                                   Hours       Above Crown    Below Rim
  Node                 Type      Surcharged         Meters       Meters
  ---------------------------------------------------------------------
  9                    JUNCTION       23.99         45.598       52.602
  Holiloch_sonde       JUNCTION       23.99         43.898      154.202
  11                   JUNCTION       24.00         27.850      121.650
  13                   JUNCTION       23.99         53.022      343.978
  21                   JUNCTION       24.00         37.835      111.565
  34                   JUNCTION       24.00         17.113       82.287
  38                   JUNCTION       24.00         17.679      131.721
  40                   JUNCTION       24.00         24.965       71.035
  41                   JUNCTION       23.99         55.424      193.726
  SondeSchuettstein    JUNCTION       23.98         23.034        0.000
  47                   JUNCTION       23.98         13.549       84.551
  48                   JUNCTION       23.98         10.484       88.716
  SondeGischeren       JUNCTION       23.93         12.629       86.171
  49                   JUNCTION       23.96          7.198      184.802
  50                   JUNCTION       23.92          7.339      192.361
  51                   JUNCTION       24.00         70.343      325.657
  Amont_C              JUNCTION       24.00         84.551      312.449
  52                   JUNCTION       23.93         17.796       81.804
  53                   JUNCTION       23.97         14.997      180.003
  56                   JUNCTION       23.99          5.833       93.167
  4                    JUNCTION       23.98          7.887       91.463
  5                    JUNCTION       23.97          1.111       43.889
  6                    JUNCTION       23.98         16.868      178.132
  10                   JUNCTION       23.96          5.240      186.760
  12                   JUNCTION       23.98         23.295      176.355
  14                   JUNCTION       23.96         10.635      185.365
  
  
  *********************
  Node Flooding Summary
  *********************
  
  No nodes were flooded.
  
  
  ***********************
  Outfall Loading Summary
  ***********************
  
  -----------------------------------------------------------
                         Flow       Avg       Max       Total
                         Freq      Flow      Flow      Volume
  Outfall Node           Pcnt       CMS       CMS    10^6 ltr
  -----------------------------------------------------------
  Brunnm_Fassung        99.93    0.0228    0.0239       1.968
  Brunnmuehle(Teich)    99.93     0.207     0.213      17.834
  Fensterstollen        99.92      5.23      5.25     451.539
  Gischeren              0.00         0         0       0.000
  Schuettstein          99.92     0.516     0.528      44.530
  Holiloch              99.88      7.69      7.87     663.514
  Sauserquelle          99.97     0.973     0.976      83.990
  Entw_Stollen          99.89    0.0142    0.0142       1.224
  Sous_lacustre         99.98     0.029    0.0298       2.503
  Sous_ecoul.           99.93   0.00542   0.00557       0.468
  Syst_Est_aval          0.00         0         0       0.000
  TWT_Portail_Est_61+665   0.00         0         0       0.000
  -----------------------------------------------------------
  System                74.95      14.7      14.7    1267.570
  
  
  ********************
  Link Flow Summary
  ********************
  
  -----------------------------------------------------------------------------
                                 Maximum  Time of Max   Maximum    Max/    Max/
                                  |Flow|   Occurrence   |Veloc|    Full    Full
  Link                 Type          CMS  days hr:min     m/sec    Flow   Depth
  -----------------------------------------------------------------------------
  Brunn_Fassung_L      CONDUIT    0.0239     0  00:04      1.10    0.40    0.72
  11                   CONDUIT      12.3     0  00:00      6.82    1.85    1.00
  14                   CONDUIT        13     0  00:00      9.64    7.08    1.00
  16                   CONDUIT     0.338     0  00:02      3.95    2.36    1.00
  17                   CONDUIT      0.16     0  00:00      0.56    0.27    1.00
  26                   CONDUIT      1.72     0  00:00      3.02    2.32    1.00
  27                   CONDUIT    0.0727     0  00:08      1.96    0.93    1.00
  Gischeren_L          CONDUIT         0     0  00:00      0.00    0.00    0.50
  Schuettstein_L       CONDUIT     0.528     0  00:04      3.41    0.45    0.74
  Brunnmuehle_L        CONDUIT     0.238     0  00:04      0.84    0.11    1.00
  32                   CONDUIT         0     0  00:00      0.00    0.00    0.00
  35                   CONDUIT     0.197     0  00:07      0.27    0.04    1.00
  45                   CONDUIT     0.638     0  00:09      5.48    0.00    0.11
  46                   CONDUIT     0.976     0  00:04      3.45    0.97    1.00
  47                   CONDUIT     0.115     0  00:01      3.04    7.20    1.00
  50                   CONDUIT     0.578     0  00:01      2.01    0.11    1.00
  51                   CONDUIT       0.2     0  00:04      2.08    0.56    1.00
  53                   CONDUIT     0.159     0  00:00      0.96    0.81    1.00
  Fenster_L            CONDUIT      5.25     0  00:09      6.78    0.05    0.17
  58                   CONDUIT      5.11     0  00:09      6.16    0.07    0.20
  59                   CONDUIT     0.503     0  00:09      3.71    0.01    0.05
  61                   CONDUIT     0.728     0  00:00      3.61    1.02    1.00
  63                   CONDUIT      0.16     0  00:02      2.20    0.72    0.52
  66                   CONDUIT     0.181     0  00:04      2.71    2.38    1.00
  67                   CONDUIT      14.6     0  00:00      3.97    0.14    1.00
  Amont_L              CONDUIT      28.4     0  00:00      4.01    1.54    1.00
  69                   CONDUIT     0.271     0  00:04      2.29    1.06    1.00
  70                   CONDUIT     0.221     0  00:04      1.76    0.68    1.00
  71                   CONDUIT     0.401     0  00:01      1.77    0.71    1.00
  72                   CONDUIT     0.333     0  00:09      1.61    1.58    0.94
  Sauser_L             CONDUIT     0.976     0  00:04      1.75    0.25    0.67
  75                   CONDUIT    0.0875     0  00:09      2.79    0.89    0.63
  Entw_Sto_L           CONDUIT    0.0142     0  00:09      1.52    0.33    0.40
  4                    CONDUIT    0.0206     0  00:09      1.30    0.92    0.69
  5                    CONDUIT   0.00226     0  00:09      0.12    0.08    0.70
  6                    CONDUIT    0.0298     0  00:04      1.20    0.45    0.73
  7                    CONDUIT     0.217     0  00:04      1.10    0.33    1.00
  Brunn_Teich_L        CONDUIT     0.213     0  00:04      0.96    0.16    0.64
  9                    CONDUIT   0.00557     0  00:04      1.40    0.00    0.50
  12                   CONDUIT      8.37     0  00:01      4.76    0.17    1.00
  15                   CONDUIT      10.4     0  00:00      5.11    0.27    1.00
  18                   CONDUIT      9.69     0  00:01      4.79    0.39    1.00
  19                   CONDUIT         1     0  00:01      1.30    0.95    1.00
  20                   CONDUIT      1.69     0  00:06      5.71    0.13    0.66
  21                   CONDUIT      8.05     0  00:02      0.89    0.05    0.86
  Hooliloch_L          CONDUIT      7.87     0  00:04      1.41    0.16    0.66
  23                   CONDUIT     0.153     0  00:09      3.29    0.96    0.63
  25                   CONDUIT     0.578     0  00:06      2.04    0.47    1.00
  28                   CONDUIT     0.154     0  00:09      2.29    0.00    0.04
  29                   CONDUIT      0.11     0  00:09      0.85    0.01    0.05
  31                   CONDUIT     0.151     0  00:09      0.52    0.09    0.72
  33                   CONDUIT     0.801     0  00:02      0.82    0.30    1.00
  37                   CONDUIT     0.509     0  00:09      0.80    0.01    0.15
  SS3_L                CONDUIT     0.153     0  00:09      3.14    0.00    0.04
  40                   CONDUIT      1.66     0  00:08      2.47    0.01    0.13
  SS6_L                CONDUIT      0.16     0  00:02      4.10    0.00    0.06
  1                    CONDUIT         0     0  00:00      0.00    0.00    0.02
  2                    CONDUIT         0     0  00:00      0.00    0.00    0.00
  3                    CONDUIT    0.0875     0  00:09      4.40    0.01    0.11
  10                   CONDUIT     0.511     0  00:09      0.91    0.00    0.13
  13                   CONDUIT     0.383     0  00:00      4.47    0.83    1.00
  22                   CONDUIT     0.315     0  00:01      3.27    0.78    1.00
  24                   CONDUIT      2.07     0  00:02      2.96    0.00    1.00
  30                   CONDUIT      1.75     0  00:02      2.43    0.73    1.00
  34                   CONDUIT     0.488     0  00:04      2.32    0.55    0.83
  36                   CONDUIT     0.487     0  00:04      5.77    0.52    0.39
  38                   CONDUIT     0.345     0  00:07      2.65    0.13    1.00
  48                   CONDUIT     0.781     0  00:04      2.40    0.52    0.75
  54                   CONDUIT         0     0  00:00      0.00    0.00    0.44
  68                   CONDUIT     0.389     0  00:04      9.39    0.00    0.10
  73                   CONDUIT         0     0  00:00      0.00    0.00    0.02
  TWT1                 CONDUIT         0     0  00:00      0.00    0.00    0.00
  TWT2                 CONDUIT         0     0  00:00      0.00    0.00    0.00
  TWT3                 CONDUIT         0     0  00:00      0.00    0.00    0.00
  TWT4                 CONDUIT         0     0  00:00      0.00    0.00    0.06
  1_2_b_               CONDUIT         0     0  00:00      0.00    0.00    0.00
  1_2_b_1              CONDUIT      2.33     0  00:02     13.70    8.96    1.00
  1_2_b_2              CONDUIT    0.0979     0  00:04      0.88    0.03    0.56
  1_2_b_3              CONDUIT      1.02     0  00:02      5.41    0.77    1.00
  TWT5                 CONDUIT      5.46     0  00:06      3.34    0.01    0.13
  1_4_a                CONDUIT      5.16     0  00:09      3.57    0.08    0.27
  1_4_a_2              CONDUIT     0.204     0  00:04      1.21    0.06    1.00
  TWT6                 CONDUIT      2.78     0  00:05      1.10    0.01    0.13
  1_4_b                CONDUIT         0     0  00:00      0.00    0.00    0.21
  TWT7                 CONDUIT         0     0  00:00      0.00    0.00    0.05
  1_5_a                CONDUIT         0     0  00:00      0.00    0.00    0.02
  1_6_b_1              CONDUIT    0.0958     0  00:01      0.65    0.06    1.00
  
  
  ***************************
  Flow Classification Summary
  ***************************
  
  -------------------------------------------------------------------------------------
                      Adjusted    ---------- Fraction of Time in Flow Class ---------- 
                       /Actual         Up    Down  Sub   Sup   Up    Down  Norm  Inlet 
  Conduit               Length    Dry  Dry   Dry   Crit  Crit  Crit  Crit  Ltd   Ctrl  
  -------------------------------------------------------------------------------------
  Brunn_Fassung_L         1.00   0.00  0.00  0.00  1.00  0.00  0.00  0.00  0.00  0.00
  11                      1.00   0.00  0.00  0.00  1.00  0.00  0.00  0.00  0.00  0.00
  14                      1.00   0.00  0.00  0.00  1.00  0.00  0.00  0.00  0.00  0.00
  16                      1.00   0.00  0.00  0.00  1.00  0.00  0.00  0.00  0.00  0.00
  17                      1.00   0.00  0.00  0.00  1.00  0.00  0.00  0.00  0.00  0.00
  26                      1.00   0.00  0.00  0.00  1.00  0.00  0.00  0.00  0.00  0.00
  27                      1.00   0.00  0.00  0.00  0.99  0.00  0.00  0.00  0.00  0.00
  Gischeren_L             1.00   0.00  1.00  0.00  0.00  0.00  0.00  0.00  0.00  0.00
  Schuettstein_L          1.00   0.00  0.00  0.00  0.00  1.00  0.00  0.00  0.00  0.00
  Brunnmuehle_L           1.00   0.00  0.00  0.00  1.00  0.00  0.00  0.00  0.00  0.00
  32                      1.00   1.00  0.00  0.00  0.00  0.00  0.00  0.00  0.00  0.00
  35                      1.00   0.00  0.00  0.00  1.00  0.00  0.00  0.00  0.00  0.00
  45                      1.00   0.00  0.00  0.00  0.99  0.01  0.00  0.00  1.00  0.00
  46                      1.00   0.00  0.00  0.00  1.00  0.00  0.00  0.00  0.00  0.00
  47                      1.00   0.00  0.00  0.00  1.00  0.00  0.00  0.00  0.00  0.00
  50                      1.00   0.00  0.00  0.00  1.00  0.00  0.00  0.00  0.00  0.00
  51                      1.00   0.00  0.00  0.00  1.00  0.00  0.00  0.00  0.00  0.00
  53                      1.00   0.00  0.00  0.00  1.00  0.00  0.00  0.00  0.00  0.00
  Fenster_L               1.00   0.00  0.00  0.00  0.00  1.00  0.00  0.00  0.00  0.00
  58                      1.00   0.00  0.00  0.00  0.00  1.00  0.00  0.00  0.00  0.00
  59                      1.00   0.00  0.00  0.00  0.00  1.00  0.00  0.00  0.00  0.00
  61                      1.00   0.00  0.00  0.00  1.00  0.00  0.00  0.00  0.00  0.00
  63                      1.00   0.00  0.00  0.00  1.00  0.00  0.00  0.00  0.00  0.00
  66                      1.00   0.00  0.00  0.00  1.00  0.00  0.00  0.00  0.00  0.00
  67                      1.00   0.00  0.00  0.00  1.00  0.00  0.00  0.00  0.00  0.00
  Amont_L                 1.00   0.00  0.00  0.00  1.00  0.00  0.00  0.00  0.00  0.00
  69                      1.00   0.00  0.00  0.00  1.00  0.00  0.00  0.00  0.00  0.00
  70                      1.00   0.00  0.00  0.00  1.00  0.00  0.00  0.00  0.00  0.00
  71                      1.00   0.00  0.00  0.00  1.00  0.00  0.00  0.00  0.00  0.00
  72                      1.00   0.00  0.00  0.00  1.00  0.00  0.00  0.00  0.00  0.00
  Sauser_L                1.00   0.00  0.00  0.00  1.00  0.00  0.00  0.00  0.00  0.00
  75                      1.00   0.00  0.00  0.00  0.00  1.00  0.00  0.00  0.00  0.00
  Entw_Sto_L              1.00   0.00  0.00  0.00  0.00  1.00  0.00  0.00  0.00  0.00
  4                       1.00   0.00  0.00  0.00  1.00  0.00  0.00  0.00  0.00  0.00
  5                       1.00   0.00  0.00  0.00  1.00  0.00  0.00  0.00  0.00  0.00
  6                       1.00   0.00  0.00  0.00  0.00  1.00  0.00  0.00  0.00  0.00
  7                       1.00   0.00  0.00  0.00  1.00  0.00  0.00  0.00  0.00  0.00
  Brunn_Teich_L           1.00   0.00  0.00  0.00  1.00  0.00  0.00  0.00  0.00  0.00
  9                       1.00   0.00  0.00  0.00  0.00  1.00  0.00  0.00  0.00  0.00
  12                      1.00   0.00  0.00  0.00  1.00  0.00  0.00  0.00  0.00  0.00
  15                      1.00   0.00  0.00  0.00  1.00  0.00  0.00  0.00  0.00  0.00
  18                      1.00   0.00  0.00  0.00  1.00  0.00  0.00  0.00  0.00  0.00
  19                      1.00   0.00  0.00  0.00  1.00  0.00  0.00  0.00  0.00  0.00
  20                      1.00   0.00  0.00  0.00  0.99  0.01  0.00  0.00  0.00  0.00
  21                      1.00   0.00  0.00  0.00  1.00  0.00  0.00  0.00  0.00  0.00
  Hooliloch_L             1.00   0.00  0.00  0.00  1.00  0.00  0.00  0.00  0.00  0.00
  23                      1.00   0.00  0.00  0.00  0.00  1.00  0.00  0.00  0.00  0.00
  25                      1.00   0.00  0.00  0.00  1.00  0.00  0.00  0.00  0.00  0.00
  28                      1.00   0.00  0.00  0.00  0.00  1.00  0.00  0.00  1.00  0.00
  29                      1.00   0.00  0.00  0.00  1.00  0.00  0.00  0.00  0.00  0.00
  31                      1.00   0.00  0.00  0.00  1.00  0.00  0.00  0.00  0.00  0.00
  33                      1.00   0.00  0.00  0.00  1.00  0.00  0.00  0.00  0.00  0.00
  37                      1.00   0.00  0.00  0.00  1.00  0.00  0.00  0.00  0.00  0.00
  SS3_L                   1.00   0.00  0.00  0.00  0.00  1.00  0.00  0.00  1.00  0.00
  40                      1.00   0.00  0.00  0.00  1.00  0.00  0.00  0.00  0.00  0.00
  SS6_L                   1.00   0.00  0.00  0.00  0.00  1.00  0.00  0.00  1.00  0.00
  1                       1.00   0.00  1.00  0.00  0.00  0.00  0.00  0.00  0.00  0.00
  2                       1.00   1.00  0.00  0.00  0.00  0.00  0.00  0.00  0.00  0.00
  3                       1.00   0.00  0.00  0.00  0.00  1.00  0.00  0.00  1.00  0.00
  10                      1.00   0.00  0.00  0.00  1.00  0.00  0.00  0.00  0.00  0.00
  13                      1.00   0.00  0.00  0.00  1.00  0.00  0.00  0.00  0.00  0.00
  22                      1.00   0.00  0.00  0.00  1.00  0.00  0.00  0.00  0.00  0.00
  24                      1.00   0.00  0.00  0.00  1.00  0.00  0.00  0.00  0.00  0.00
  30                      1.00   0.00  0.00  0.00  1.00  0.00  0.00  0.00  0.00  0.00
  34                      1.00   0.00  0.00  0.00  0.00  1.00  0.00  0.00  0.00  0.00
  36                      1.00   0.00  0.00  0.00  0.00  1.00  0.00  0.00  0.00  0.00
  38                      1.00   0.00  0.00  0.00  1.00  0.00  0.00  0.00  0.00  0.00
  48                      1.00   0.00  0.00  0.00  1.00  0.00  0.00  0.00  1.00  0.00
  54                      1.00   0.00  1.00  0.00  0.00  0.00  0.00  0.00  0.00  0.00
  68                      1.00   0.00  0.00  0.00  0.99  0.01  0.00  0.00  1.00  0.00
  73                      1.00   0.00  1.00  0.00  0.00  0.00  0.00  0.00  0.00  0.00
  TWT1                    1.00   1.00  0.00  0.00  0.00  0.00  0.00  0.00  0.00  0.00
  TWT2                    1.00   1.00  0.00  0.00  0.00  0.00  0.00  0.00  0.00  0.00
  TWT3                    1.00   1.00  0.00  0.00  0.00  0.00  0.00  0.00  0.00  0.00
  TWT4                    1.00   0.00  1.00  0.00  0.00  0.00  0.00  0.00  0.00  0.00
  1_2_b_                  1.00   1.00  0.00  0.00  0.00  0.00  0.00  0.00  0.00  0.00
  1_2_b_1                 1.00   0.00  0.00  0.00  1.00  0.00  0.00  0.00  0.00  0.00
  1_2_b_2                 1.00   0.00  0.00  0.00  1.00  0.00  0.00  0.00  1.00  0.00
  1_2_b_3                 1.00   0.00  0.00  0.00  1.00  0.00  0.00  0.00  0.00  0.00
  TWT5                    1.00   0.00  0.00  0.00  1.00  0.00  0.00  0.00  0.00  0.00
  1_4_a                   1.00   0.00  0.00  0.00  0.01  0.99  0.00  0.00  0.00  0.00
  1_4_a_2                 1.00   0.00  0.00  0.00  1.00  0.00  0.00  0.00  0.00  0.00
  TWT6                    1.00   0.00  0.00  0.00  1.00  0.00  0.00  0.00  0.00  0.00
  1_4_b                   1.00   0.00  1.00  0.00  0.00  0.00  0.00  0.00  0.00  0.00
  TWT7                    1.00   0.00  1.00  0.00  0.00  0.00  0.00  0.00  0.00  0.00
  1_5_a                   1.00   0.00  1.00  0.00  0.00  0.00  0.00  0.00  0.00  0.00
  1_6_b_1                 1.00   0.00  0.00  0.00  1.00  0.00  0.00  0.00  0.00  0.00
  
  
  *************************
  Conduit Surcharge Summary
  *************************
  
  ----------------------------------------------------------------------------
                                                           Hours        Hours 
                         --------- Hours Full --------   Above Full   Capacity
  Conduit                Both Ends  Upstream  Dnstream   Normal Flow   Limited
  ----------------------------------------------------------------------------
  Brunn_Fassung_L             0.01      0.01     24.00      0.01         0.01
  11                         23.99     23.99     23.99     23.99         0.01
  14                         23.99     23.99     23.99     23.99         0.01
  16                         24.00     24.00     24.00     23.99        23.99
  17                         24.00     24.00     24.00      0.01         0.01
  26                         23.99     23.99     23.99      0.01         0.01
  27                         23.85     23.85     23.94      0.01         0.01
  Schuettstein_L              0.01      0.01     23.98      0.01         0.01
  Brunnmuehle_L              24.00     24.00     24.00      0.01         0.01
  35                         23.86     23.86     23.93      0.01         0.01
  46                         24.00     24.00     24.00      0.01         0.01
  47                         24.00     24.00     24.00     24.00        24.00
  50                         23.98     23.98     23.98      0.01         0.01
  51                         23.97     23.97     24.00      0.01         0.01
  53                         24.00     24.00     24.00      0.01         0.01
  61                         23.98     23.98     23.99      0.01         0.01
  63                          0.01     23.97      0.01      0.01         0.01
  66                         23.92     23.97     23.92     23.96        23.92
  67                         23.99     23.99     24.00      0.01         0.01
  Amont_L                    24.00     24.00     24.00      0.01         0.01
  69                         23.93     23.93     24.00      0.02         0.01
  70                         23.93     23.93     24.00      0.01         0.01
  71                         23.98     23.98     23.99      0.01         0.01
  72                          0.01     23.97      0.01     23.97         0.01
  Sauser_L                    0.01      0.01     24.00      0.01         0.01
  75                          0.01     23.97      0.01      0.01         0.01
  4                           0.01     23.97      0.01      0.01         0.01
  5                           0.01      0.01     23.99      0.01         0.01
  6                           0.01      0.01     24.00      0.01         0.01
  7                          23.99     23.99     24.00      0.01         0.01
  Brunn_Teich_L               0.01      0.01     23.98      0.01         0.01
  9                           0.01      0.01     23.98      0.01         0.01
  12                         23.98     23.98     23.98      0.01         0.01
  15                         23.98     23.98     23.99      0.01         0.01
  18                         23.98     23.98     23.98      0.01         0.01
  19                         23.97     23.97     23.98      0.01         0.01
  21                          0.01      0.01     23.97      0.01         0.01
  23                          0.01     23.92      0.01      0.01         0.01
  25                         23.89     23.89     23.99      0.01         0.01
  33                         23.96     23.96     23.96      0.01         0.01
  13                         23.98     23.98     24.00      0.01         0.01
  22                         23.98     23.98     24.00      0.01         0.01
  24                         23.96     23.96     24.00      0.01         0.01
  30                         23.96     23.96     24.00      0.01         0.01
  34                          0.01      0.01     23.99      0.01         0.01
  38                         23.90     23.90     23.94      0.01         0.01
  48                          0.01      0.01     23.87      0.01         0.01
  1_2_b_1                    23.95     24.00     23.95     23.99        23.95
  1_2_b_2                     0.01      0.01     23.95      0.01         0.01
  1_2_b_3                    23.95     23.95     24.00      0.01         0.01
  1_4_a_2                    23.97     23.97     24.00      0.01         0.01
  1_6_b_1                    23.97     23.97     24.00      0.01         0.01
  

  Analysis begun on:  Thu Aug 20 12:41:32 2026
  Analysis ended on:  Thu Aug 20 12:41:34 2026
  Total elapsed time: 00:00:02