
  EPA STORM WATER MANAGEMENT MODEL - VERSION 5.2 (Build 5.2.4)
  ------------------------------------------------------------

  Brunnmuehle (Twann) 
  WARNING 08: elevation drop exceeds length for Conduit SS3_L
  WARNING 08: elevation drop exceeds length for Conduit SS6_L
  WARNING 08: elevation drop exceeds length for Conduit 2
  WARNING 08: elevation drop exceeds length for Conduit 3
  WARNING 08: elevation drop exceeds length for Conduit 68
  WARNING 08: elevation drop exceeds length for Conduit 1_2_b_
  WARNING 08: elevation drop exceeds length for Conduit 1_2_b_2
  WARNING 08: elevation drop exceeds length for Conduit 1_2_b_3
  WARNING 08: elevation drop exceeds length for Conduit 1_4_b
  WARNING 08: elevation drop exceeds length for Conduit 1_5_a
  WARNING 04: minimum elevation drop used for Conduit 1_7_a
  WARNING 08: elevation drop exceeds length for Conduit 1_7_a_
  WARNING 08: elevation drop exceeds length for Conduit 1_7_a__
  WARNING 02: maximum depth increased for Node 2
  
  ****************
  Analysis Options
  ****************
  Flow Units ............... CMS
  Process Models:
    Rainfall/Runoff ........ NO
    RDII ................... NO
    Snowmelt ............... NO
    Groundwater ............ NO
    Flow Routing ........... YES
    Ponding Allowed ........ NO
    Water Quality .......... NO
  Flow Routing Method ...... DYNWAVE
  Surcharge Method ......... EXTRAN
  Starting Date ............ 01/01/2000 00:00:00
  Ending Date .............. 01/02/2000 00:00:00
  Antecedent Dry Days ...... 0.0
  Report Time Step ......... 01:00:00
  Routing Time Step ........ 0.50 sec
  Variable Time Step ....... YES
  Maximum Trials ........... 8
  Number of Threads ........ 1
  Head Tolerance ........... 0.001500 m
  
  
  **************************        Volume        Volume
  Flow Routing Continuity        hectare-m      10^6 ltr
  **************************     ---------     ---------
  Dry Weather Inflow .......         0.000         0.000
  Wet Weather Inflow .......         0.000         0.000
  Groundwater Inflow .......         0.000         0.000
  RDII Inflow ..............         0.000         0.000
  External Inflow ..........       195.026      1950.277
  External Outflow .........       185.617      1856.188
  Flooding Loss ............         0.000         0.000
  Evaporation Loss .........         0.000         0.000
  Exfiltration Loss ........         0.000         0.000
  Initial Stored Volume ....         0.058         0.581
  Final Stored Volume ......         0.570         5.701
  Continuity Error (%) .....         4.560
  
  
  *************************
  Highest Continuity Errors
  *************************
  Node SonSto_F (-17108.95%)
  Node SonSto_F_sup (-373.25%)
  Node TWT_Intersection_Sonsto_60+345 (-212.44%)
  Node Syst_Est_interm (100.00%)
  Node 49 (99.94%)
  
  
  ***************************
  Time-Step Critical Elements
  ***************************
  Link 1_4_a (20859.78%)
  Link 1_2_b_1 (2.66%)
  
  
  ********************************
  Highest Flow Instability Indexes
  ********************************
  All links are stable.
  
  
  *********************************
  Most Frequent Nonconverging Nodes
  *********************************
  Node Brunnm_Fassung (32.13%)
  Node Brunnmuehle(Teich) (32.13%)
  Node Fensterstollen (32.13%)
  Node Gischeren (32.13%)
  Node Schuettstein (32.13%)
  
  
  *************************
  Routing Time Step Summary
  *************************
  Minimum Time Step           :     0.50 sec
  Average Time Step           :     0.50 sec
  Maximum Time Step           :     0.50 sec
  % of Time in Steady State   :    99.52
  Average Iterations per Step :     4.86
  % of Steps Not Converging   :    32.13
  Time Step Frequencies       :
      0.500 -  0.500 sec      :   100.00 %
      0.500 -  0.500 sec      :     0.00 %
      0.500 -  0.500 sec      :     0.00 %
      0.500 -  0.500 sec      :     0.00 %
      0.500 -  0.500 sec      :     0.00 %
  
  
  ******************
  Node Depth Summary
  ******************
  
  ---------------------------------------------------------------------------------
                                 Average  Maximum  Maximum  Time of Max    Reported
                                   Depth    Depth      HGL   Occurrence   Max Depth
  Node                 Type       Meters   Meters   Meters  days hr:min      Meters
  ---------------------------------------------------------------------------------
  9                    JUNCTION    28.23    33.24   471.74     0  00:00       28.25
  Holiloch_sonde       JUNCTION    26.73    32.63   472.63     0  00:00       26.75
  11                   JUNCTION    28.70    29.44   439.44     0  00:00       28.70
  13                   JUNCTION    28.73    28.96   466.96     0  00:00       28.75
  21                   JUNCTION    36.59    37.16   437.16     0  00:00       36.60
  SonSto_F             JUNCTION     0.65     0.66   438.46     0  00:06        0.65
  Sondierstollen       JUNCTION     0.00     0.00   440.80     0  00:00        0.00
  Aval_Trappe          JUNCTION     0.85     0.89   438.49     0  00:02        0.85
  30                   JUNCTION     0.95     0.95   438.25     0  00:06        0.95
  Gischeren_node       JUNCTION     0.00     0.00   476.50     0  00:00        0.00
  34                   JUNCTION    16.35    17.10   437.10     0  00:00       16.35
  38                   JUNCTION    16.98    16.99   436.99     0  00:06       16.99
  SS6                  JUNCTION     0.00     0.00   448.00     0  00:00        0.00
  40                   JUNCTION    20.07    20.11   439.11     0  00:02       20.07
  41                   JUNCTION    29.23    38.60   476.10     0  00:00       29.25
  SondeSchuettstein    JUNCTION     7.74    13.74   472.74     0  00:01        7.75
  SS4                  JUNCTION     0.00     0.00   448.00     0  00:00        0.00
  47                   JUNCTION     1.85     1.89   466.79     0  00:05        1.85
  48                   JUNCTION     0.00     0.02   471.02     0  00:01        0.00
  SondeGischeren       JUNCTION     0.00     0.00   465.00     0  00:00        0.00
  49                   JUNCTION     0.75     0.81   466.81     0  00:05        0.75
  50                   JUNCTION     0.00     0.00   463.00     0  00:00        0.00
  51                   JUNCTION    47.66    53.78   473.78     0  00:00       47.67
  Amont_C              JUNCTION    52.37   101.03   519.03     0  00:00       52.39
  52                   JUNCTION     0.16     0.16   457.16     0  00:06        0.16
  53                   JUNCTION     0.00     0.00   467.00     0  00:00        0.00
  54                   JUNCTION     0.00     0.00   463.00     0  00:00        0.00
  56                   JUNCTION     6.11     6.28   436.28     0  00:00        6.11
  2                    JUNCTION     0.68     0.68   438.68     0  00:06        0.68
  4                    JUNCTION     7.90     8.55   436.55     0  00:00        7.90
  5                    JUNCTION     0.00     0.00   472.50     0  00:00        0.00
  6                    JUNCTION     8.74     8.79   466.79     0  00:05        8.75
  7                    JUNCTION     0.00     0.00   475.00     0  00:00        0.00
  SS3                  JUNCTION     0.00     0.00   448.00     0  00:00        0.00
  SS5                  JUNCTION     0.16     0.17   439.07     0  00:03        0.16
  8                    JUNCTION     0.00     0.00   474.00     0  00:00        0.00
  10                   JUNCTION     0.00     0.00   468.00     0  00:00        0.00
  SonSto_SS5           JUNCTION     0.00     0.00   439.30     0  00:00        0.00
  SonSto_SS3           JUNCTION     0.00     0.00   439.70     0  00:00        0.00
  SonSto_SS4           JUNCTION     0.00     0.00   439.40     0  00:00        0.00
  Amont_Trappe         JUNCTION     0.75     0.81   438.51     0  00:03        0.75
  SonSto_SS6           JUNCTION     0.00     0.00   438.70     0  00:00        0.00
  SS2                  JUNCTION     0.00     0.00   448.00     0  00:00        0.00
  SonSto_SS2           JUNCTION     0.00     0.00   441.50     0  00:00        0.00
  12                   JUNCTION     5.32     5.34   454.34     0  00:05        5.32
  14                   JUNCTION     0.61     0.62   465.62     0  00:05        0.61
  15                   JUNCTION     0.00     0.00   472.00     0  00:00        0.00
  TWT_PointHaut_60+650 JUNCTION     0.29     0.30   438.80     0  00:04        0.29
  TWT_Fensterstollen_60+375 JUNCTION     1.25     1.25   438.55     0  00:06        1.25
  TWT_Acces_LT_60+110  JUNCTION     1.18     1.18   438.68     0  00:06        1.18
  TWT_Liaison_LT_59+738 JUNCTION     0.00     0.00   446.50     0  00:00        0.00
  Syst_Est_amont       JUNCTION     0.74     0.74   430.74     0  00:06        0.74
  Syst_Est_interm      JUNCTION     1.44     1.44   411.44     0  00:06        1.44
  TWT_Branche_Est_Sonsto_60+540 JUNCTION     0.57     0.68   439.08     0  00:02        0.57
  TWT_Intersection_Sonsto_60+345 JUNCTION     1.41     1.62   438.62     0  00:06        1.41
  TWT_Chrosweg_61+140  JUNCTION     0.22     0.22   432.22     0  00:06        0.22
  SonSto_F_sup         JUNCTION     0.00     0.00   448.00     0  00:01        0.00
  SonSto_porte         JUNCTION     0.02     0.12   438.62     0  00:06        0.02
  Brunnm_Fassung       OUTFALL      0.07     0.07   433.87     0  00:06        0.07
  Brunnmuehle(Teich)   OUTFALL      0.14     0.14   435.64     0  00:06        0.14
  Fensterstollen       OUTFALL      0.89     0.89   437.89     0  00:06        0.89
  Gischeren            OUTFALL      0.00     0.00   480.00     0  00:00        0.00
  Schuettstein         OUTFALL      0.00     0.00   477.55     0  00:00        0.00
  Holiloch             OUTFALL      0.00     0.00   476.50     0  00:00        0.00
  Sauserquelle         OUTFALL      0.24     0.24   435.79     0  00:02        0.24
  Entw_Stollen         OUTFALL      0.18     0.18   436.68     0  00:05        0.18
  Sous_lacustre        OUTFALL      0.09     0.09   429.29     0  00:06        0.09
  Sous_ecoul.          OUTFALL      0.00     0.00   433.00     0  00:00        0.00
  Syst_Est_aval        OUTFALL      0.00     0.00   429.00     0  00:00        0.00
  TWT_Portail_Est_61+665 OUTFALL      0.22     0.22   421.82     0  00:06        0.22
  
  
  *******************
  Node Inflow Summary
  *******************
  
  -------------------------------------------------------------------------------------------------
                                  Maximum  Maximum                  Lateral       Total        Flow
                                  Lateral    Total  Time of Max      Inflow      Inflow     Balance
                                   Inflow   Inflow   Occurrence      Volume      Volume       Error
  Node                 Type           CMS      CMS  days hr:min    10^6 ltr    10^6 ltr     Percent
  -------------------------------------------------------------------------------------------------
  9                    JUNCTION         0     9.82     0  00:00           0        3.34       4.154
  Holiloch_sonde       JUNCTION         0     8.36     0  00:00           0        3.21       3.326
  11                   JUNCTION         0    0.244     0  00:04           0        20.9       0.028
  13                   JUNCTION         0     21.5     0  00:00           0    1.77e+03       0.016
  21                   JUNCTION         0    0.193     0  00:06           0        16.6       0.007
  SonSto_F             JUNCTION         0     1.08     0  00:02           0      0.0616     -99.419
  Sondierstollen       JUNCTION         0        0     0  00:00           0           0       0.000 ltr
  Aval_Trappe          JUNCTION         0     9.83     0  00:03           0         844      -0.794
  30                   JUNCTION         0     19.7     0  00:06           0     1.7e+03       2.547
  Gischeren_node       JUNCTION         0        0     0  00:00           0           0       0.000 ltr
  34                   JUNCTION         0    0.166     0  00:06           0        14.3       0.006
  38                   JUNCTION         0    0.164     0  00:00           0        7.02       0.004
  SS6                  JUNCTION         0        0     0  00:00           0           0       0.000 ltr
  40                   JUNCTION         0      2.5     0  00:02           0         167      -0.012
  41                   JUNCTION         0     2.92     0  00:00           0      0.0348     129.087
  SondeSchuettstein    JUNCTION         0    0.287     0  00:01           0      0.0148    5470.560
  SS4                  JUNCTION         0        0     0  00:00           0           0       0.000 ltr
  47                   JUNCTION         0    0.901     0  00:01           0        1.51  157241.173
  48                   JUNCTION         0     0.13     0  00:01           0    6.52e-05      19.996
  SondeGischeren       JUNCTION         0        0     0  00:00           0           0       0.000 ltr
  49                   JUNCTION         0   0.0794     0  00:03           0        1.39  166993.365
  50                   JUNCTION         0        0     0  00:00           0           0       0.000 ltr
  51                   JUNCTION         0     38.2     0  00:00           0    1.86e+03       0.001
  Amont_C              JUNCTION      21.5     46.6     0  00:00    1.86e+03    1.86e+03       0.014
  52                   JUNCTION         0    0.113     0  00:06           0        9.75       1.286
  53                   JUNCTION         0        0     0  00:00           0           0       0.000 ltr
  54                   JUNCTION         0        0     0  00:00           0           0       0.000 ltr
  56                   JUNCTION         0    0.505     0  00:02           0        43.3      -0.001
  2                    JUNCTION         0        1     0  00:04           0        43.3     448.886
  4                    JUNCTION         0    0.164     0  00:00           0        12.7       0.048
  5                    JUNCTION         0        0     0  00:00           0           0       0.000 ltr
  6                    JUNCTION         0     4.48     0  00:00           0         3.1       7.141
  7                    JUNCTION         0        0     0  00:00           0           0       0.000 ltr
  SS3                  JUNCTION         0        0     0  00:00           0           0       0.000 ltr
  SS5                  JUNCTION         0   0.0164     0  00:02           0       0.582  100531.386
  8                    JUNCTION         0        0     0  00:00           0           0       0.000 ltr
  10                   JUNCTION         0        0     0  00:00           0           0       0.000 ltr
  SonSto_SS5           JUNCTION         0        0     0  00:00           0           0       0.000 ltr
  SonSto_SS3           JUNCTION         0        0     0  00:00           0           0       0.000 ltr
  SonSto_SS4           JUNCTION         0        0     0  00:00           0           0       0.000 ltr
  Amont_Trappe         JUNCTION         0     1.18     0  00:02           0        6.09     -23.333
  SonSto_SS6           JUNCTION         0        0     0  00:00           0           0       0.000 ltr
  SS2                  JUNCTION         0        0     0  00:00           0           0       0.000 ltr
  SonSto_SS2           JUNCTION         0        0     0  00:00           0           0       0.000 ltr
  12                   JUNCTION         0    0.256     0  00:01           0        20.2       0.019
  14                   JUNCTION         0    0.342     0  00:05           0        29.3       0.341
  15                   JUNCTION         0   0.0373     0  00:00           0    1.88e-05     -98.622
  TWT_PointHaut_60+650 JUNCTION         0     2.18     0  00:02           0         168      -1.825
  TWT_Fensterstollen_60+375 JUNCTION         0     21.1     0  00:06           0    1.61e+03      -8.146
  TWT_Acces_LT_60+110  JUNCTION         0     6.73     0  00:04           0         254     486.660
  TWT_Liaison_LT_59+738 JUNCTION         0        0     0  00:00           0           0       0.000 ltr
  Syst_Est_amont       JUNCTION      1.08     1.38     0  00:06        92.9         119       3.177
  Syst_Est_interm      JUNCTION         0     1.34     0  00:06           0         116115646727.648 ltr
  TWT_Branche_Est_Sonsto_60+540 JUNCTION         0     10.3     0  00:02           0         862       0.251
  TWT_Intersection_Sonsto_60+345 JUNCTION         0     11.1     0  00:01           0        76.8     -67.993
  TWT_Chrosweg_61+140  JUNCTION         0     1.99     0  00:06           0         171       7.774
  SonSto_F_sup         JUNCTION         0 3.64e-05     0  00:00           0     0.00056     -78.870
  SonSto_porte         JUNCTION         0    0.627     0  00:06           0        3.61     -55.578
  Brunnm_Fassung       OUTFALL          0   0.0193     0  00:06           0        1.67       0.000
  Brunnmuehle(Teich)   OUTFALL          0    0.142     0  00:06           0        12.2       0.000
  Fensterstollen       OUTFALL          0     19.3     0  00:06           0    1.66e+03       0.000
  Gischeren            OUTFALL          0        0     0  00:00           0           0       0.000 ltr
  Schuettstein         OUTFALL          0        0     0  00:00           0           0       0.000 ltr
  Holiloch             OUTFALL          0        0     0  00:00           0           0       0.000 ltr
  Sauserquelle         OUTFALL          0    0.505     0  00:02           0        43.3       0.000
  Entw_Stollen         OUTFALL          0   0.0499     0  00:06           0         4.3       0.000
  Sous_lacustre        OUTFALL          0   0.0267     0  00:06           0        2.31       0.000
  Sous_ecoul.          OUTFALL          0  0.00551     0  00:00           0       0.449       0.000
  Syst_Est_aval        OUTFALL          0        0     0  00:00           0           0       0.000 ltr
  TWT_Portail_Est_61+665 OUTFALL          0     1.54     0  00:06           0         132       0.000
  
  
  **********************
  Node Surcharge Summary
  **********************
  
  Surcharging occurs when water rises above the top of the highest conduit.
  ---------------------------------------------------------------------
                                               Max. Height   Min. Depth
                                   Hours       Above Crown    Below Rim
  Node                 Type      Surcharged         Meters       Meters
  ---------------------------------------------------------------------
  9                    JUNCTION       23.99         31.443       66.757
  Holiloch_sonde       JUNCTION       23.99         30.727      167.373
  11                   JUNCTION       24.00         28.439      120.561
  13                   JUNCTION       23.99         25.958      371.042
  21                   JUNCTION       24.00         36.559      112.841
  34                   JUNCTION       24.00         16.498       82.902
  38                   JUNCTION       24.00         16.391      133.009
  40                   JUNCTION       24.00         16.113       79.887
  41                   JUNCTION       23.99         37.754      211.396
  SondeSchuettstein    JUNCTION       23.97         12.939        0.000
  51                   JUNCTION       24.00         49.780      346.220
  Amont_C              JUNCTION       24.00         98.034      298.966
  56                   JUNCTION       24.00          5.284       93.716
  4                    JUNCTION       23.99          7.903       91.447
  6                    JUNCTION       23.97          3.793      191.207
  12                   JUNCTION       23.98          4.988      194.662
  
  
  *********************
  Node Flooding Summary
  *********************
  
  No nodes were flooded.
  
  
  ***********************
  Outfall Loading Summary
  ***********************
  
  -----------------------------------------------------------
                         Flow       Avg       Max       Total
                         Freq      Flow      Flow      Volume
  Outfall Node           Pcnt       CMS       CMS    10^6 ltr
  -----------------------------------------------------------
  Brunnm_Fassung        99.94    0.0193    0.0193       1.665
  Brunnmuehle(Teich)    99.94     0.141     0.142      12.216
  Fensterstollen        99.98      19.2      19.3    1659.432
  Gischeren              0.00         0         0       0.000
  Schuettstein           0.00         0         0       0.000
  Holiloch               0.00         0         0       0.000
  Sauserquelle          99.98     0.502     0.505      43.334
  Entw_Stollen          99.76    0.0499    0.0499       4.298
  Sous_lacustre         99.98    0.0267    0.0267       2.308
  Sous_ecoul.           99.94    0.0052   0.00551       0.449
  Syst_Est_aval          0.00         0         0       0.000
  TWT_Portail_Est_61+665  99.96      1.53      1.54     132.478
  -----------------------------------------------------------
  System                66.62      21.5      21.5    1856.180
  
  
  ********************
  Link Flow Summary
  ********************
  
  -----------------------------------------------------------------------------
                                 Maximum  Time of Max   Maximum    Max/    Max/
                                  |Flow|   Occurrence   |Veloc|    Full    Full
  Link                 Type          CMS  days hr:min     m/sec    Flow   Depth
  -----------------------------------------------------------------------------
  Brunn_Fassung_L      CONDUIT    0.0193     0  00:06      0.92    0.32    0.69
  11                   CONDUIT      8.36     0  00:00      5.00    1.25    1.00
  14                   CONDUIT      9.82     0  00:00      6.83    5.34    1.00
  16                   CONDUIT     0.244     0  00:04      2.85    1.70    1.00
  17                   CONDUIT     0.164     0  00:00      0.58    0.28    1.00
  26                   CONDUIT      2.92     0  00:00      5.18    3.95    1.00
  27                   CONDUIT    0.0655     0  00:03      1.72    0.84    1.00
  Gischeren_L          CONDUIT         0     0  00:00      0.00    0.00    0.00
  Schuettstein_L       CONDUIT         0     0  00:00      0.00    0.00    0.02
  Brunnmuehle_L        CONDUIT     0.166     0  00:06      0.59    0.08    1.00
  32                   CONDUIT         0     0  00:00      0.00    0.00    0.00
  35                   CONDUIT         0     0  00:00      0.00    0.00    0.00
  45                   CONDUIT         0     0  00:00      0.00    0.00    0.11
  46                   CONDUIT     0.505     0  00:02      1.78    0.50    1.00
  47                   CONDUIT    0.0861     0  00:00      2.26    5.37    1.00
  50                   CONDUIT      0.13     0  00:01      0.52    0.02    0.51
  51                   CONDUIT    0.0164     0  00:02      0.25    0.05    0.74
  53                   CONDUIT     0.164     0  00:00      0.99    0.83    1.00
  Fenster_L            CONDUIT      19.3     0  00:06     10.58    0.19    0.31
  58                   CONDUIT      9.87     0  00:06      7.08    0.13    0.30
  59                   CONDUIT         0     0  00:00      0.00    0.00    0.00
  61                   CONDUIT     0.287     0  00:01      1.49    0.40    1.00
  63                   CONDUIT         0     0  00:00      0.00    0.00    0.00
  66                   CONDUIT         0     0  00:00      0.00    0.00    0.00
  67                   CONDUIT      21.5     0  00:00      5.55    0.21    1.00
  Amont_L              CONDUIT      38.2     0  00:00      5.40    2.07    1.00
  69                   CONDUIT     0.113     0  00:06      1.20    0.44    0.70
  70                   CONDUIT     0.112     0  00:06      1.18    0.35    0.70
  71                   CONDUIT         0     0  00:00      0.00    0.00    0.50
  72                   CONDUIT         0     0  00:00      0.00    0.00    0.00
  Sauser_L             CONDUIT     0.505     0  00:02      0.98    0.13    0.62
  75                   CONDUIT         0     0  00:00      0.00    0.00    0.00
  Entw_Sto_L           CONDUIT    0.0499     0  00:06      1.96    1.15    1.00
  4                    CONDUIT         0     0  00:00      0.00    0.00    0.50
  5                    CONDUIT   0.00204     0  00:04      0.08    0.07    1.00
  6                    CONDUIT    0.0267     0  00:06      1.10    0.40    0.72
  7                    CONDUIT     0.164     0  00:00      1.06    0.25    1.00
  Brunn_Teich_L        CONDUIT     0.142     0  00:06      0.67    0.11    0.61
  9                    CONDUIT   0.00551     0  00:00      1.39    0.00    0.50
  12                   CONDUIT         0     0  00:00      0.00    0.00    0.50
  15                   CONDUIT      4.48     0  00:00      2.93    0.12    1.00
  18                   CONDUIT     0.901     0  00:01      0.61    0.04    1.00
  19                   CONDUIT    0.0794     0  00:03      0.18    0.08    0.58
  20                   CONDUIT     0.598     0  00:03      1.12    0.05    0.85
  21                   CONDUIT         0     0  00:00      0.00    0.00    0.00
  Hooliloch_L          CONDUIT         0     0  00:00      0.00    0.00    0.00
  23                   CONDUIT         0     0  00:00      0.00    0.00    0.00
  25                   CONDUIT         0     0  00:00      0.00    0.00    0.50
  28                   CONDUIT         0     0  00:00      0.00    0.00    0.00
  29                   CONDUIT         0     0  00:00      0.00    0.00    0.00
  31                   CONDUIT         0     0  00:00      0.00    0.00    0.00
  33                   CONDUIT         0     0  00:00      0.00    0.00    0.05
  37                   CONDUIT         0     0  00:00      0.00    0.00    0.03
  SS3_L                CONDUIT         0     0  00:00      0.00    0.00    0.00
  40                   CONDUIT      1.08     0  00:02      0.80    0.01    0.18
  SS6_L                CONDUIT         0     0  00:00      0.00    0.00    0.00
  1                    CONDUIT         0     0  00:00      0.00    0.00    0.00
  2                    CONDUIT         0     0  00:00      0.00    0.00    0.00
  3                    CONDUIT         0     0  00:00      0.00    0.00    0.00
  10                   CONDUIT         0     0  00:00      0.00    0.00    0.03
  13                   CONDUIT     0.256     0  00:01      2.79    0.55    1.00
  22                   CONDUIT     0.234     0  00:05      2.44    0.58    1.00
  24                   CONDUIT     0.342     0  00:05      0.83    0.00    0.58
  30                   CONDUIT     0.341     0  00:05      0.82    0.14    0.58
  34                   CONDUIT    0.0373     0  00:00      0.31    0.04    0.50
  36                   CONDUIT  3.64e-05     0  00:00      0.00    0.00    0.00
  38                   CONDUIT         0     0  00:00      0.00    0.00    0.00
  48                   CONDUIT      1.34     0  00:06      2.60    0.90    0.87
  54                   CONDUIT         0     0  00:00      0.00    0.00    0.48
  68                   CONDUIT  4.19e-05     0  00:01      0.01    0.00    0.11
  73                   CONDUIT    0.0418     0  00:06      0.11    0.01    0.18
  TWT1                 CONDUIT      1.54     0  00:06      3.91    0.00    0.03
  1_1_a_1              CONDUIT     0.307     0  00:06      0.82    0.11    0.48
  TWT2                 CONDUIT      1.99     0  00:06      4.54    0.00    0.03
  TWT3                 CONDUIT      2.18     0  00:02      2.15    0.01    0.05
  TWT4                 CONDUIT      7.77     0  00:02      2.79    0.01    0.11
  1_2_b_               CONDUIT         0     0  00:00      0.00    0.00    0.11
  1_2_b_1              CONDUIT      10.5     0  00:04     17.57    6.37    1.00
  1_2_b_2              CONDUIT  4.36e-06     0  00:01      0.00    0.00    0.50
  1_2_b_3              CONDUIT      1.98     0  00:02      2.64    0.23    1.00
  TWT5                 CONDUIT      11.1     0  00:01      5.08    0.01    0.17
  1_4_a                CONDUIT       9.7     0  00:06      4.86    0.15    0.35
  TWT6                 CONDUIT      6.56     0  00:04      1.66    0.02    0.17
  1_4_b                CONDUIT      1.67     0  00:06      1.01    0.00    0.29
  TWT7                 CONDUIT         0     0  00:00      0.00    0.00    0.07
  1_5_a                CONDUIT         0     0  00:00      0.00    0.00    0.17
  1_6_a_1              CONDUIT     0.167     0  00:03      0.38    0.02    1.00
  1_7_a                CONDUIT      9.91     0  00:03      3.49    2.25    0.22
  1_7_a_               CONDUIT  2.07e-05     0  00:01      0.00    0.00    0.34
  1_7_a__              CONDUIT      2.13     0  00:01      3.07    0.05    0.84
  1_7_a_1              CONDUIT      10.3     0  00:02     15.08    8.29    0.84
  1_8_a                CONDUIT         1     0  00:04      0.78    0.00    0.19
  
  
  ***************************
  Flow Classification Summary
  ***************************
  
  -------------------------------------------------------------------------------------
                      Adjusted    ---------- Fraction of Time in Flow Class ---------- 
                       /Actual         Up    Down  Sub   Sup   Up    Down  Norm  Inlet 
  Conduit               Length    Dry  Dry   Dry   Crit  Crit  Crit  Crit  Ltd   Ctrl  
  -------------------------------------------------------------------------------------
  Brunn_Fassung_L         1.00   0.00  0.00  0.00  1.00  0.00  0.00  0.00  0.00  0.00
  11                      1.00   0.00  0.00  0.00  1.00  0.00  0.00  0.00  0.00  0.00
  14                      1.00   0.00  0.00  0.00  1.00  0.00  0.00  0.00  0.00  0.00
  16                      1.00   0.00  0.00  0.00  1.00  0.00  0.00  0.00  0.00  0.00
  17                      1.00   0.00  0.00  0.00  1.00  0.00  0.00  0.00  0.00  0.00
  26                      1.00   0.00  0.00  0.00  1.00  0.00  0.00  0.00  0.00  0.00
  27                      1.00   0.00  0.00  0.00  1.00  0.00  0.00  0.00  0.00  0.00
  Gischeren_L             1.00   1.00  0.00  0.00  0.00  0.00  0.00  0.00  0.00  0.00
  Schuettstein_L          1.00   1.00  0.00  0.00  0.00  0.00  0.00  0.00  0.00  0.00
  Brunnmuehle_L           1.00   0.00  0.00  0.00  1.00  0.00  0.00  0.00  0.00  0.00
  32                      1.00   1.00  0.00  0.00  0.00  0.00  0.00  0.00  0.00  0.00
  35                      1.00   1.00  0.00  0.00  0.00  0.00  0.00  0.00  0.00  0.00
  45                      1.00   0.00  1.00  0.00  0.00  0.00  0.00  0.00  0.00  0.00
  46                      1.00   0.00  0.00  0.00  1.00  0.00  0.00  0.00  0.00  0.00
  47                      1.00   0.00  0.00  0.00  1.00  0.00  0.00  0.00  0.00  0.00
  50                      1.00   0.00  1.00  0.00  0.00  0.00  0.00  0.00  1.00  0.00
  51                      1.00   0.00  0.00  0.00  1.00  0.00  0.00  0.00  0.00  0.00
  53                      1.00   0.00  0.00  0.00  1.00  0.00  0.00  0.00  0.00  0.00
  Fenster_L               1.00   0.00  0.00  0.00  0.00  1.00  0.00  0.00  0.00  0.00
  58                      1.00   0.00  0.00  0.00  0.00  1.00  0.00  0.00  0.00  0.00
  59                      1.00   1.00  0.00  0.00  0.00  0.00  0.00  0.00  0.00  0.00
  61                      1.00   0.00  0.00  0.00  1.00  0.00  0.00  0.00  0.00  0.00
  63                      1.00   1.00  0.00  0.00  0.00  0.00  0.00  0.00  0.00  0.00
  66                      1.00   1.00  0.00  0.00  0.00  0.00  0.00  0.00  0.00  0.00
  67                      1.00   0.00  0.00  0.00  1.00  0.00  0.00  0.00  0.00  0.00
  Amont_L                 1.00   0.00  0.00  0.00  1.00  0.00  0.00  0.00  0.00  0.00
  69                      1.00   0.00  0.00  0.00  1.00  0.00  0.00  0.00  0.00  0.00
  70                      1.00   0.00  0.00  0.00  1.00  0.00  0.00  0.00  1.00  0.00
  71                      1.00   0.00  1.00  0.00  0.00  0.00  0.00  0.00  0.00  0.00
  72                      1.00   1.00  0.00  0.00  0.00  0.00  0.00  0.00  0.00  0.00
  Sauser_L                1.00   0.00  0.00  0.00  1.00  0.00  0.00  0.00  0.00  0.00
  75                      1.00   1.00  0.00  0.00  0.00  0.00  0.00  0.00  0.00  0.00
  Entw_Sto_L              1.00   0.00  0.00  0.00  1.00  0.00  0.00  0.00  0.00  0.00
  4                       1.00   0.00  1.00  0.00  0.00  0.00  0.00  0.00  0.00  0.00
  5                       1.00   0.00  0.00  0.00  1.00  0.00  0.00  0.00  0.00  0.00
  6                       1.00   0.00  0.00  0.00  1.00  0.00  0.00  0.00  0.00  0.00
  7                       1.00   0.00  0.00  0.00  1.00  0.00  0.00  0.00  0.00  0.00
  Brunn_Teich_L           1.00   0.00  0.00  0.00  1.00  0.00  0.00  0.00  0.00  0.00
  9                       1.00   0.00  0.00  0.00  0.00  1.00  0.00  0.00  0.00  0.00
  12                      1.00   0.00  1.00  0.00  0.00  0.00  0.00  0.00  0.00  0.00
  15                      1.00   0.00  0.00  0.00  1.00  0.00  0.00  0.00  0.00  0.00
  18                      1.00   0.00  0.00  0.00  1.00  0.00  0.00  0.00  0.00  0.00
  19                      1.00   0.00  0.00  0.00  1.00  0.00  0.00  0.00  0.00  0.00
  20                      1.00   0.00  0.00  0.00  1.00  0.00  0.00  0.00  0.00  0.00
  21                      1.00   1.00  0.00  0.00  0.00  0.00  0.00  0.00  0.00  0.00
  Hooliloch_L             1.00   1.00  0.00  0.00  0.00  0.00  0.00  0.00  0.00  0.00
  23                      1.00   1.00  0.00  0.00  0.00  0.00  0.00  0.00  0.00  0.00
  25                      1.00   0.00  1.00  0.00  0.00  0.00  0.00  0.00  0.00  0.00
  28                      1.00   1.00  0.00  0.00  0.00  0.00  0.00  0.00  0.00  0.00
  29                      1.00   1.00  0.00  0.00  0.00  0.00  0.00  0.00  0.00  0.00
  31                      1.00   1.00  0.00  0.00  0.00  0.00  0.00  0.00  0.00  0.00
  33                      1.00   0.00  1.00  0.00  0.00  0.00  0.00  0.00  0.00  0.00
  37                      1.00   0.00  1.00  0.00  0.00  0.00  0.00  0.00  0.00  0.00
  SS3_L                   1.00   1.00  0.00  0.00  0.00  0.00  0.00  0.00  0.00  0.00
  40                      1.00   0.00  0.00  0.00  1.00  0.00  0.00  0.00  0.00  0.00
  SS6_L                   1.00   1.00  0.00  0.00  0.00  0.00  0.00  0.00  0.00  0.00
  1                       1.00   1.00  0.00  0.00  0.00  0.00  0.00  0.00  0.00  0.00
  2                       1.00   1.00  0.00  0.00  0.00  0.00  0.00  0.00  0.00  0.00
  3                       1.00   1.00  0.00  0.00  0.00  0.00  0.00  0.00  0.00  0.00
  10                      1.00   0.00  1.00  0.00  0.00  0.00  0.00  0.00  0.00  0.00
  13                      1.00   0.00  0.00  0.00  1.00  0.00  0.00  0.00  0.00  0.00
  22                      1.00   0.00  0.00  0.00  1.00  0.00  0.00  0.00  0.00  0.00
  24                      1.00   0.00  0.00  0.00  1.00  0.00  0.00  0.00  0.00  0.00
  30                      1.00   0.00  0.00  0.00  1.00  0.00  0.00  0.00  1.00  0.00
  34                      1.00   0.00  0.00  0.00  1.00  0.00  0.00  0.00  1.00  0.00
  36                      1.00   0.00  0.00  0.00  0.00  1.00  0.00  0.00  0.00  0.00
  38                      1.00   1.00  0.00  0.00  0.00  0.00  0.00  0.00  0.00  0.00
  48                      1.00   0.00  0.00  0.00  1.00  0.00  0.00  0.00  1.00  0.00
  54                      1.00   0.00  1.00  0.00  0.00  0.00  0.00  0.00  0.00  0.00
  68                      1.00   0.00  0.00  0.00  1.00  0.00  0.00  0.00  1.00  0.00
  73                      1.00   0.00  0.00  0.00  1.00  0.00  0.00  0.00  0.00  0.00
  TWT1                    1.00   0.00  0.00  0.00  0.00  1.00  0.00  0.00  0.00  0.00
  1_1_a_1                 1.00   0.00  0.00  0.00  1.00  0.00  0.00  0.00  1.00  0.00
  TWT2                    1.00   0.00  0.00  0.00  0.00  1.00  0.00  0.00  0.00  0.00
  TWT3                    1.00   0.00  0.00  0.00  0.00  1.00  0.00  0.00  0.00  0.00
  TWT4                    1.00   0.00  0.00  0.00  1.00  0.00  0.00  0.00  1.00  0.00
  1_2_b_                  1.00   0.00  1.00  0.00  0.00  0.00  0.00  0.00  0.00  0.00
  1_2_b_1                 1.00   0.00  0.00  0.00  1.00  0.00  0.00  0.00  0.00  0.00
  1_2_b_2                 1.00   0.00  0.00  0.00  1.00  0.00  0.00  0.00  1.00  0.00
  1_2_b_3                 1.00   0.00  0.00  0.00  1.00  0.00  0.00  0.00  0.00  0.00
  TWT5                    1.00   0.00  0.00  0.00  1.00  0.00  0.00  0.00  0.00  0.00
  1_4_a                   1.00   0.00  0.00  0.00  0.00  1.00  0.00  0.00  0.00  0.00
  TWT6                    1.00   0.00  0.00  0.00  1.00  0.00  0.00  0.00  0.00  0.00
  1_4_b                   1.00   0.00  0.00  0.00  1.00  0.00  0.00  0.00  1.00  0.00
  TWT7                    1.00   0.00  1.00  0.00  0.00  0.00  0.00  0.00  0.00  0.00
  1_5_a                   1.00   0.00  1.00  0.00  0.00  0.00  0.00  0.00  0.00  0.00
  1_6_a_1                 1.00   0.00  0.00  0.00  1.00  0.00  0.00  0.00  0.00  0.00
  1_7_a                   1.00   0.00  0.00  0.00  0.00  1.00  0.00  0.00  0.00  0.00
  1_7_a_                  1.00   0.00  0.00  0.00  1.00  0.00  0.00  0.00  1.00  0.00
  1_7_a__                 1.00   0.00  0.00  0.00  1.00  0.00  0.00  0.00  0.00  0.00
  1_7_a_1                 1.00   0.00  0.00  0.00  0.00  1.00  0.00  0.00  0.00  0.00
  1_8_a                   1.00   0.00  0.00  0.00  1.00  0.00  0.00  0.00  0.00  0.00
  
  
  *************************
  Conduit Surcharge Summary
  *************************
  
  ----------------------------------------------------------------------------
                                                           Hours        Hours 
                         --------- Hours Full --------   Above Full   Capacity
  Conduit                Both Ends  Upstream  Dnstream   Normal Flow   Limited
  ----------------------------------------------------------------------------
  Brunn_Fassung_L             0.01      0.01     24.00      0.01         0.01
  11                         23.99     23.99     23.99      0.01         0.01
  14                         23.99     23.99     24.00      0.02         0.01
  16                         24.00     24.00     24.00     23.99        23.99
  17                         24.00     24.00     24.00      0.01         0.01
  26                         23.99     24.00     23.99      0.01         0.01
  27                         23.97     23.97     23.98      0.01         0.01
  Brunnmuehle_L              24.00     24.00     24.00      0.01         0.01
  46                         24.00     24.00     24.00      0.01         0.01
  47                         24.00     24.00     24.00     24.00        24.00
  50                          0.01      0.01     23.97      0.01         0.01
  51                          0.01      0.01     23.98      0.01         0.01
  53                         24.00     24.00     24.00      0.01         0.01
  61                         23.98     23.98     23.99      0.01         0.01
  67                         23.99     23.99     24.00      0.01         0.01
  Amont_L                    24.00     24.00     24.00     24.00         0.01
  69                          0.01      0.01     24.00      0.01         0.01
  70                          0.01      0.01     24.00      0.01         0.01
  Sauser_L                    0.01      0.01     24.00      0.01         0.01
  Entw_Sto_L                 23.91     23.93     23.91     23.92        23.91
  5                          23.93     23.93     24.00      0.01         0.01
  6                           0.01      0.01     24.00      0.01         0.01
  7                          23.99     23.99     24.00      0.01         0.01
  Brunn_Teich_L               0.01      0.01     23.99      0.01         0.01
  9                           0.01      0.01     23.99      0.01         0.01
  15                         23.98     23.98     23.99      0.01         0.01
  18                          0.01      0.01     23.97      0.01         0.01
  19                          0.01      0.01     23.97      0.01         0.01
  13                         23.98     23.98     24.00      0.01         0.01
  22                         23.98     23.98     24.00      0.01         0.01
  24                          0.01      0.01     24.00      0.01         0.01
  30                          0.01      0.01     24.00      0.01         0.01
  34                          0.01      0.01     23.99      0.01         0.01
  48                          0.01      0.01     23.91      0.01         0.01
  1_2_b_1                    23.95     24.00     23.95     24.00        23.95
  1_2_b_2                     0.01      0.01     23.95      0.01         0.01
  1_2_b_3                    23.95     23.95     24.00      0.01         0.01
  1_6_a_1                    23.91     23.91     24.00      0.01         0.01
  1_7_a                       0.01      0.01      0.01     23.95         0.01
  1_7_a__                     0.01      0.01     24.00      0.01         0.01
  1_7_a_1                     0.01      0.01     24.00     23.99         0.01
  

  Analysis begun on:  Thu Aug 13 09:36:34 2026
  Analysis ended on:  Thu Aug 13 09:36:36 2026
  Total elapsed time: 00:00:02