
  EPA STORM WATER MANAGEMENT MODEL - VERSION 5.2 (Build 5.2.4)
  ------------------------------------------------------------

  Brunnmuehle (Twann) 
  WARNING 08: elevation drop exceeds length for Conduit SS3_L
  WARNING 08: elevation drop exceeds length for Conduit SS6_L
  WARNING 08: elevation drop exceeds length for Conduit 2
  WARNING 08: elevation drop exceeds length for Conduit 3
  WARNING 08: elevation drop exceeds length for Conduit 68
  WARNING 08: elevation drop exceeds length for Conduit 1_2_b_
  WARNING 08: elevation drop exceeds length for Conduit 1_2_b_2
  WARNING 08: elevation drop exceeds length for Conduit 1_2_b_3
  WARNING 08: elevation drop exceeds length for Conduit 1_2_b_6
  WARNING 08: elevation drop exceeds length for Conduit 1_4_a
  WARNING 08: elevation drop exceeds length for Conduit 1_4_b
  WARNING 08: elevation drop exceeds length for Conduit 1_5_a
  WARNING 02: maximum depth increased for Node 2
  
  ****************
  Analysis Options
  ****************
  Flow Units ............... CMS
  Process Models:
    Rainfall/Runoff ........ NO
    RDII ................... NO
    Snowmelt ............... NO
    Groundwater ............ NO
    Flow Routing ........... YES
    Ponding Allowed ........ NO
    Water Quality .......... NO
  Flow Routing Method ...... DYNWAVE
  Surcharge Method ......... EXTRAN
  Starting Date ............ 01/01/2000 00:00:00
  Ending Date .............. 01/02/2000 00:00:00
  Antecedent Dry Days ...... 0.0
  Report Time Step ......... 01:00:00
  Routing Time Step ........ 0.50 sec
  Variable Time Step ....... YES
  Maximum Trials ........... 8
  Number of Threads ........ 1
  Head Tolerance ........... 0.001500 m
  
  
  **************************        Volume        Volume
  Flow Routing Continuity        hectare-m      10^6 ltr
  **************************     ---------     ---------
  Dry Weather Inflow .......         0.000         0.000
  Wet Weather Inflow .......         0.000         0.000
  Groundwater Inflow .......         0.000         0.000
  RDII Inflow ..............         0.000         0.000
  External Inflow ..........       166.906      1669.074
  External Outflow .........       156.163      1561.649
  Flooding Loss ............         1.611        16.114
  Evaporation Loss .........         0.000         0.000
  Exfiltration Loss ........         0.000         0.000
  Initial Stored Volume ....         0.056         0.562
  Final Stored Volume ......         1.519        15.186
  Continuity Error (%) .....         4.593
  
  
  *************************
  Highest Continuity Errors
  *************************
  Node TWT_Acces_LT_60+110 (100.00%)
  Node SonSto_SS4 (44.00%)
  Node SonSto_SS5 (-32.32%)
  Node TWT_Intersection_Sonsto_60+345 (12.60%)
  Node SonSto_SS6 (-7.93%)
  
  
  ***************************
  Time-Step Critical Elements
  ***************************
  Link 1_4_a (1211.43%)
  Link 20 (94.89%)
  
  
  ********************************
  Highest Flow Instability Indexes
  ********************************
  Link Amont_L (1)
  Link 67 (1)
  
  
  *********************************
  Most Frequent Nonconverging Nodes
  *********************************
  Node Brunnm_Fassung (8.56%)
  Node Brunnmuehle(Teich) (8.56%)
  Node Fensterstollen (8.56%)
  Node Gischeren (8.56%)
  Node Schuettstein (8.56%)
  
  
  *************************
  Routing Time Step Summary
  *************************
  Minimum Time Step           :     0.50 sec
  Average Time Step           :     0.50 sec
  Maximum Time Step           :     0.50 sec
  % of Time in Steady State   :    92.35
  Average Iterations per Step :     2.75
  % of Steps Not Converging   :     8.56
  Time Step Frequencies       :
      0.500 -  0.500 sec      :   100.00 %
      0.500 -  0.500 sec      :     0.00 %
      0.500 -  0.500 sec      :     0.00 %
      0.500 -  0.500 sec      :     0.00 %
      0.500 -  0.500 sec      :     0.00 %
  
  
  ******************
  Node Depth Summary
  ******************
  
  ---------------------------------------------------------------------------------
                                 Average  Maximum  Maximum  Time of Max    Reported
                                   Depth    Depth      HGL   Occurrence   Max Depth
  Node                 Type       Meters   Meters   Meters  days hr:min      Meters
  ---------------------------------------------------------------------------------
  9                    JUNCTION    49.36    54.87   493.37     0  00:00       49.62
  Holiloch_sonde       JUNCTION    43.68    46.06   486.06     0  00:00       43.84
  11                   JUNCTION    55.83    57.56   467.56     0  00:02       56.06
  13                   JUNCTION    70.31    71.70   509.70     0  00:03       71.07
  21                   JUNCTION    42.86    44.41   444.41     0  00:02       42.93
  SonSto_F             JUNCTION     0.20     0.21   438.01     0  01:49        0.21
  Sondierstollen       JUNCTION     0.00     0.00   440.80     0  00:00        0.00
  Aval_Trappe          JUNCTION     0.40     0.42   438.02     0  01:48        0.40
  30                   JUNCTION     0.36     0.37   437.67     0  01:49        0.36
  Gischeren_node       JUNCTION     3.86     3.89   480.39     0  00:09        3.89
  34                   JUNCTION    20.89    21.98   441.98     0  00:02       20.94
  38                   JUNCTION    27.11    28.53   448.53     0  00:02       27.21
  SS6                  JUNCTION     0.06     0.06   448.06     0  00:02        0.06
  40                   JUNCTION    34.52    36.83   455.83     0  00:01       35.43
  41                   JUNCTION    70.32    71.68   509.18     0  00:03       71.07
  SondeSchuettstein    JUNCTION    24.26    26.47   485.47     0  00:00       24.38
  SS4                  JUNCTION     0.08     0.08   448.08     0  00:07        0.08
  47                   JUNCTION    14.88    18.23   483.13     0  00:00       14.92
  48                   JUNCTION    11.67    13.53   484.53     0  00:00       11.77
  SondeGischeren       JUNCTION    15.35    15.41   480.41     0  01:13       15.40
  49                   JUNCTION    15.10    16.98   482.98     0  00:02       15.20
  50                   JUNCTION     8.74     8.79   471.79     0  01:12        8.78
  51                   JUNCTION    88.84    90.23   510.23     0  00:03       89.61
  Amont_C              JUNCTION    92.83    94.22   512.22     0  00:03       93.59
  52                   JUNCTION    18.83    37.71   494.71     0  00:02       19.27
  53                   JUNCTION    36.81    39.24   506.24     0  00:07       37.56
  54                   JUNCTION    37.65    40.48   503.48     0  00:07       38.44
  56                   JUNCTION     6.87     7.33   437.33     0  00:01        6.90
  2                    JUNCTION     3.36     3.50   441.50     0  01:50        3.50
  4                    JUNCTION     9.06    10.09   438.09     0  00:00        9.07
  5                    JUNCTION     6.42     6.46   478.96     0  00:03        6.44
  6                    JUNCTION    23.29    26.34   484.34     0  00:00       23.38
  7                    JUNCTION     3.91     3.93   478.93     0  00:03        3.92
  SS3                  JUNCTION     0.08     0.08   448.08     0  01:08        0.08
  SS5                  JUNCTION     0.62     0.78   439.68     0  00:57        0.62
  8                    JUNCTION     6.54     6.58   480.58     0  01:10        6.57
  10                   JUNCTION    13.10    15.03   483.03     0  00:02       13.19
  SonSto_SS5           JUNCTION     0.17     0.21   439.51     0  01:06        0.16
  SonSto_SS3           JUNCTION     0.10     0.10   439.80     0  01:49        0.10
  SonSto_SS4           JUNCTION     0.19     0.20   439.60     0  00:57        0.20
  Amont_Trappe         JUNCTION     0.31     0.32   438.02     0  01:48        0.32
  SonSto_SS6           JUNCTION     0.16     0.16   438.86     0  01:11        0.16
  SS2                  JUNCTION     0.00     0.00   448.00     0  00:00        0.00
  SonSto_SS2           JUNCTION     0.00     0.00   441.50     0  00:00        0.00
  12                   JUNCTION    34.03    35.25   484.25     0  00:03       34.86
  14                   JUNCTION    23.93    31.24   496.24     0  00:01       24.74
  15                   JUNCTION     0.43     0.43   472.43     0  00:03        0.43
  TWT_PointHaut_60+650 JUNCTION     0.00     0.00   438.50     0  00:00        0.00
  TWT_Fensterstollen_60+375 JUNCTION     0.19     0.20   441.50     0  01:50        0.20
  TWT_Acces_LT_60+110  JUNCTION     3.88     4.02   441.52     0  01:50        4.02
  TWT_Liaison_LT_59+738 JUNCTION     0.00     0.00   450.60     0  00:00        0.00
  Syst_Est_amont       JUNCTION     3.78    16.41   446.41     0  00:10        3.80
  Syst_Est_interm      JUNCTION    19.86    25.19   435.19     0  00:08       19.98
  TWT_Branche_Est_Sonsto_60+540 JUNCTION     0.00     0.00   442.40     0  00:00        0.00
  TWT_Intersection_Sonsto_60+345 JUNCTION     4.36     4.50   441.50     0  01:50        4.50
  TWT_Chrosweg_61+140  JUNCTION     0.09     0.09   432.09     0  01:08        0.09
  SonSto_F_sup         JUNCTION     0.07     0.07   448.07     0  00:03        0.07
  SonSto_porte         JUNCTION     2.87     3.00   441.50     0  01:50        3.00
  Brunnm_Fassung       OUTFALL      0.11     0.11   433.91     0  00:02        0.11
  Brunnmuehle(Teich)   OUTFALL      0.25     0.26   435.76     0  00:02        0.25
  Fensterstollen       OUTFALL      0.36     0.36   437.36     0  01:50        0.36
  Gischeren            OUTFALL      0.22     0.23   480.23     0  00:09        0.23
  Schuettstein         OUTFALL      0.29     0.29   477.84     0  00:03        0.29
  Holiloch             OUTFALL      1.92     1.94   478.44     0  00:03        1.93
  Sauserquelle         OUTFALL      0.38     0.38   435.93     0  00:03        0.38
  Entw_Stollen         OUTFALL      0.18     0.18   436.68     0  00:25        0.18
  Sous_lacustre        OUTFALL      0.11     0.11   429.31     0  00:02        0.11
  Sous_ecoul.          OUTFALL      0.00     0.00   433.00     0  00:02        0.00
  Syst_Est_aval        OUTFALL      0.35     0.46   429.46     0  00:08        0.36
  TWT_Portail_Est_61+665 OUTFALL      0.09     0.09   421.69     0  01:08        0.09
  
  
  *******************
  Node Inflow Summary
  *******************
  
  -------------------------------------------------------------------------------------------------
                                  Maximum  Maximum                  Lateral       Total        Flow
                                  Lateral    Total  Time of Max      Inflow      Inflow     Balance
                                   Inflow   Inflow   Occurrence      Volume      Volume       Error
  Node                 Type           CMS      CMS  days hr:min    10^6 ltr    10^6 ltr     Percent
  -------------------------------------------------------------------------------------------------
  9                    JUNCTION         0     16.6     0  00:00           0    1.02e+03       0.011
  Holiloch_sonde       JUNCTION         0       15     0  00:00           0         963       0.007
  11                   JUNCTION         0    0.299     0  00:02           0        25.5      -0.000
  13                   JUNCTION         0     18.3     0  00:00           0    1.34e+03       0.011
  21                   JUNCTION         0    0.515     0  00:03           0        43.8      -0.000
  SonSto_F             JUNCTION         0     1.26     0  00:10           0         106       5.520
  Sondierstollen       JUNCTION         0        0     0  00:00           0           0       0.000 ltr
  Aval_Trappe          JUNCTION         0     3.04     0  01:49           0         257       0.395
  30                   JUNCTION         0     3.13     0  01:50           0         262      -1.946
  Gischeren_node       JUNCTION         0    0.631     0  00:06           0        50.6       0.053
  34                   JUNCTION         0    0.475     0  00:02           0        40.4      -0.000
  38                   JUNCTION         0    0.286     0  00:00           0        23.2      -0.000
  SS6                  JUNCTION         0    0.168     0  00:02           0        13.8       0.001
  40                   JUNCTION         0     2.35     0  00:03           0         202      -0.004
  41                   JUNCTION         0     3.46     0  00:00           0        63.4       0.009
  SondeSchuettstein    JUNCTION         0    0.927     0  00:00           0        63.4       0.017
  SS4                  JUNCTION         0    0.151     0  00:07           0        12.9      -0.001
  47                   JUNCTION         0     12.3     0  00:00           0         949       0.003
  48                   JUNCTION         0    0.751     0  00:03           0        63.4       0.004
  SondeGischeren       JUNCTION         0     0.46     0  00:04           0        31.2       0.161
  49                   JUNCTION         0     1.13     0  00:01           0        13.8       0.377
  50                   JUNCTION         0    0.181     0  00:03           0        13.6       0.016
  51                   JUNCTION         0       34     0  00:00           0    1.59e+03      -0.005
  Amont_C              JUNCTION      18.4     43.2     0  00:00    1.59e+03    1.59e+03       0.015
  52                   JUNCTION         0    0.324     0  00:02           0        20.6       0.104
  53                   JUNCTION         0    0.523     0  00:00           0          16       0.061
  54                   JUNCTION         0    0.425     0  00:07           0        15.9       0.680
  56                   JUNCTION         0     1.22     0  00:03           0         103      -0.001
  2                    JUNCTION         0    0.578     0  00:30           0        7.09       6.397
  4                    JUNCTION         0    0.439     0  00:02           0        37.1       0.015
  5                    JUNCTION         0     11.4     0  00:02           0         949       0.026
  6                    JUNCTION         0     13.4     0  00:00           0         963       0.014
  7                    JUNCTION         0     11.4     0  00:02           0         949      -0.022
  SS3                  JUNCTION         0    0.157     0  01:07           0        13.6       0.003
  SS5                  JUNCTION         0     0.92     0  01:13           0        25.2      -0.884
  8                    JUNCTION         0    0.796     0  00:04           0        64.3       0.116
  10                   JUNCTION         0    0.916     0  00:02           0        13.8       0.074
  SonSto_SS5           JUNCTION         0    0.742     0  00:57           0        37.3     -24.426
  SonSto_SS3           JUNCTION         0    0.157     0  01:12           0        13.6      -0.031
  SonSto_SS4           JUNCTION         0    0.462     0  01:10           0        26.6      78.577
  Amont_Trappe         JUNCTION         0     1.15     0  01:48           0        94.5       1.914
  SonSto_SS6           JUNCTION         0    0.774     0  01:44           0        57.5      -7.349
  SS2                  JUNCTION         0        0     0  00:00           0           0       0.000 ltr
  SonSto_SS2           JUNCTION         0        0     0  00:00           0           0       0.000 ltr
  12                   JUNCTION         0    0.481     0  00:00           0        28.1       0.008
  14                   JUNCTION         0     2.57     0  00:01           0         164       0.024
  15                   JUNCTION         0    0.618     0  00:03           0        52.6      -0.031
  TWT_PointHaut_60+650 JUNCTION         0        0     0  00:00           0           0       0.000 ltr
  TWT_Fensterstollen_60+375 JUNCTION         0     3.18     0  01:50           0         273       1.653
  TWT_Acces_LT_60+110  JUNCTION         0     1.93     0  01:46           0        71.771733658.611 ltr
  TWT_Liaison_LT_59+738 JUNCTION         0        0     0  00:00           0           0       0.000 ltr
  Syst_Est_amont       JUNCTION      0.92     0.92     0  00:00        79.5        79.5       0.162
  Syst_Est_interm      JUNCTION         0    0.973     0  00:04           0        56.3       0.734
  TWT_Branche_Est_Sonsto_60+540 JUNCTION         0        0     0  00:00           0           0       0.000 ltr
  TWT_Intersection_Sonsto_60+345 JUNCTION         0      2.1     0  01:07           0         105      14.421
  TWT_Chrosweg_61+140  JUNCTION         0    0.382     0  00:10           0          23       0.137
  SonSto_F_sup         JUNCTION         0    0.617     0  00:03           0        52.6      -0.001
  SonSto_porte         JUNCTION         0    0.645     0  00:31           0        19.9      10.371
  Brunnm_Fassung       OUTFALL          0   0.0396     0  00:02           0        3.26       0.000
  Brunnmuehle(Teich)   OUTFALL          0    0.435     0  00:02           0        36.6       0.000
  Fensterstollen       OUTFALL          0     3.15     0  01:50           0         267       0.000
  Gischeren            OUTFALL          0    0.597     0  00:09           0        50.6       0.000
  Schuettstein         OUTFALL          0    0.751     0  00:03           0        63.4       0.000
  Holiloch             OUTFALL          0     11.2     0  00:03           0         949       0.000
  Sauserquelle         OUTFALL          0     1.22     0  00:03           0         103       0.000
  Entw_Stollen         OUTFALL          0   0.0776     0  01:50           0        6.58       0.000
  Sous_lacustre        OUTFALL          0   0.0412     0  00:02           0        3.45       0.000
  Sous_ecoul.          OUTFALL          0  0.00642     0  00:02           0       0.531       0.000
  Syst_Est_aval        OUTFALL          0     1.09     0  00:08           0        55.9       0.000
  TWT_Portail_Est_61+665 OUTFALL          0    0.269     0  01:08           0          23       0.000
  
  
  **********************
  Node Surcharge Summary
  **********************
  
  Surcharging occurs when water rises above the top of the highest conduit.
  ---------------------------------------------------------------------
                                               Max. Height   Min. Depth
                                   Hours       Above Crown    Below Rim
  Node                 Type      Surcharged         Meters       Meters
  ---------------------------------------------------------------------
  9                    JUNCTION       23.99         53.066       45.134
  Holiloch_sonde       JUNCTION       23.99         44.159      153.941
  11                   JUNCTION       24.00         57.103       92.437
  13                   JUNCTION       23.99         68.697      328.303
  21                   JUNCTION       24.00         43.811      105.589
  34                   JUNCTION       24.00         21.377       78.023
  38                   JUNCTION       24.00         27.932      121.468
  40                   JUNCTION       24.00         32.833       63.167
  41                   JUNCTION       23.99         70.831      178.319
  SondeSchuettstein    JUNCTION       23.99         25.673        0.000
  47                   JUNCTION       23.99         16.331       81.769
  48                   JUNCTION       23.99         12.725       86.475
  SondeGischeren       JUNCTION       23.95         14.213       84.587
  49                   JUNCTION       23.96          8.982      183.018
  50                   JUNCTION       23.95          8.487      191.213
  51                   JUNCTION       24.00         86.229      309.771
  Amont_C              JUNCTION       24.00         91.220      305.780
  52                   JUNCTION       23.95         37.306       62.294
  53                   JUNCTION       23.98         34.241      160.759
  54                   JUNCTION       23.87         35.484      159.516
  56                   JUNCTION       24.00          6.330       92.670
  2                    JUNCTION       22.95          1.503        0.000
  4                    JUNCTION       23.99          9.438       89.912
  5                    JUNCTION       23.97          1.458       43.542
  6                    JUNCTION       23.99         21.337      173.663
  8                    JUNCTION       23.89          1.585      193.415
  10                   JUNCTION       23.96          7.027      184.973
  12                   JUNCTION       23.99         34.904      164.746
  14                   JUNCTION       23.98         27.241      168.759
  Syst_Est_amont       JUNCTION       23.82         15.408       83.592
  Syst_Est_interm      JUNCTION       23.85         23.690       74.810
  SonSto_porte         JUNCTION       22.16          0.000        0.000
  
  
  *********************
  Node Flooding Summary
  *********************
  
  Flooding refers to all water that overflows a node, whether it ponds or not.
  --------------------------------------------------------------------------
                                                             Total   Maximum
                                 Maximum   Time of Max       Flood    Ponded
                        Hours       Rate    Occurrence      Volume     Depth
  Node                 Flooded       CMS   days hr:min    10^6 ltr    Meters
  --------------------------------------------------------------------------
  SonSto_porte           22.16     0.202      0  01:50      16.114     0.000
  
  
  ***********************
  Outfall Loading Summary
  ***********************
  
  -----------------------------------------------------------
                         Flow       Avg       Max       Total
                         Freq      Flow      Flow      Volume
  Outfall Node           Pcnt       CMS       CMS    10^6 ltr
  -----------------------------------------------------------
  Brunnm_Fassung        99.95    0.0378    0.0396       3.261
  Brunnmuehle(Teich)    99.95     0.424     0.435      36.571
  Fensterstollen        99.97      3.09      3.15     266.750
  Gischeren             99.52     0.588     0.597      50.562
  Schuettstein          99.94     0.734     0.751      63.385
  Holiloch              99.91        11      11.2     948.901
  Sauserquelle          99.97      1.19      1.22     102.747
  Entw_Stollen          99.96    0.0762    0.0776       6.577
  Sous_lacustre        100.00    0.0399    0.0412       3.447
  Sous_ecoul.           99.95   0.00615   0.00642       0.531
  Syst_Est_aval         99.39     0.651      1.09      55.905
  TWT_Portail_Est_61+665  99.27     0.268     0.269      23.004
  -----------------------------------------------------------
  System                99.81      18.1      18.2    1561.641
  
  
  ********************
  Link Flow Summary
  ********************
  
  -----------------------------------------------------------------------------
                                 Maximum  Time of Max   Maximum    Max/    Max/
                                  |Flow|   Occurrence   |Veloc|    Full    Full
  Link                 Type          CMS  days hr:min     m/sec    Flow   Depth
  -----------------------------------------------------------------------------
  Brunn_Fassung_L      CONDUIT    0.0396     0  00:02      1.64    0.65    0.80
  11                   CONDUIT        15     0  00:00      7.89    2.25    1.00
  14                   CONDUIT      16.6     0  00:00     11.85    9.04    1.00
  16                   CONDUIT     0.299     0  00:02      3.49    2.08    1.00
  17                   CONDUIT     0.288     0  00:00      1.02    0.49    1.00
  26                   CONDUIT      3.46     0  00:00      6.31    4.68    1.00
  27                   CONDUIT     0.071     0  01:48      1.95    0.91    0.98
  Gischeren_L          CONDUIT     0.597     0  00:09      0.85    0.08    0.59
  Schuettstein_L       CONDUIT     0.751     0  00:03      4.51    0.64    0.79
  Brunnmuehle_L        CONDUIT     0.475     0  00:02      1.68    0.22    1.00
  32                   CONDUIT         0     0  00:00      0.00    0.00    0.00
  35                   CONDUIT     0.312     0  00:04      0.40    0.06    1.00
  45                   CONDUIT     0.743     0  00:10      4.56    0.01    0.06
  46                   CONDUIT      1.22     0  00:03      4.33    1.22    1.00
  47                   CONDUIT     0.132     0  00:00      3.48    8.26    1.00
  50                   CONDUIT     0.751     0  00:03      2.84    0.14    1.00
  51                   CONDUIT     0.268     0  00:03      2.79    0.75    1.00
  53                   CONDUIT     0.286     0  00:00      1.72    1.45    1.00
  Fenster_L            CONDUIT      3.15     0  01:50      6.49    0.03    0.12
  58                   CONDUIT      3.06     0  01:50      5.76    0.04    0.13
  59                   CONDUIT      0.68     0  01:44      4.22    0.01    0.06
  61                   CONDUIT     0.927     0  00:00      4.47    1.30    1.00
  63                   CONDUIT     0.168     0  00:02      2.33    0.75    0.51
  66                   CONDUIT     0.181     0  00:03      2.79    2.39    1.00
  67                   CONDUIT      18.3     0  00:00      4.86    0.18    1.00
  Amont_L              CONDUIT        34     0  00:00      4.80    1.84    1.00
  69                   CONDUIT     0.324     0  00:02      2.73    1.27    1.00
  70                   CONDUIT     0.241     0  00:03      1.91    0.74    1.00
  71                   CONDUIT     0.523     0  00:00      2.20    0.92    1.00
  72                   CONDUIT     0.425     0  00:07      1.98    2.02    1.00
  Sauser_L             CONDUIT      1.22     0  00:03      2.11    0.31    0.69
  75                   CONDUIT     0.151     0  00:07      4.42    1.53    0.67
  Entw_Sto_L           CONDUIT    0.0776     0  01:50      3.05    1.79    1.00
  4                    CONDUIT    0.0371     0  00:15      1.36    1.66    1.00
  5                    CONDUIT    0.0297     0  00:12      1.25    1.06    1.00
  6                    CONDUIT    0.0412     0  00:02      1.56    0.62    0.78
  7                    CONDUIT     0.439     0  00:02      2.24    0.68    1.00
  Brunn_Teich_L        CONDUIT     0.435     0  00:02      1.76    0.33    0.70
  9                    CONDUIT   0.00642     0  00:02      1.61    0.00    0.51
  12                   CONDUIT      11.4     0  00:02      6.28    0.23    1.00
  15                   CONDUIT      13.4     0  00:00      6.26    0.35    1.00
  18                   CONDUIT      12.3     0  00:00      6.08    0.50    1.00
  19                   CONDUIT      1.13     0  00:01      1.47    1.07    1.00
  20                   CONDUIT      1.16     0  01:48      3.66    0.09    0.37
  21                   CONDUIT      11.4     0  00:02      1.12    0.08    0.89
  Hooliloch_L          CONDUIT      11.2     0  00:03      1.67    0.22    0.73
  23                   CONDUIT     0.157     0  01:07      3.37    0.98    0.63
  25                   CONDUIT     0.796     0  00:04      2.74    0.65    1.00
  28                   CONDUIT     0.158     0  00:11      2.15    0.00    0.05
  29                   CONDUIT     0.192     0  01:11      1.16    0.01    0.06
  31                   CONDUIT     0.448     0  00:06      0.70    0.27    0.89
  33                   CONDUIT     0.916     0  00:02      0.86    0.35    1.00
  37                   CONDUIT     0.699     0  00:57      0.94    0.02    0.16
  SS3_L                CONDUIT     0.157     0  01:12      3.16    0.00    0.05
  40                   CONDUIT      1.15     0  01:48      1.68    0.01    0.07
  SS6_L                CONDUIT    0.0991     0  00:02      1.83    0.00    0.05
  1                    CONDUIT         0     0  00:00      0.00    0.00    0.02
  2                    CONDUIT         0     0  00:00      0.00    0.00    0.00
  3                    CONDUIT     0.151     0  00:07      4.26    0.01    0.14
  10                   CONDUIT     0.654     0  01:13      1.01    0.00    0.15
  13                   CONDUIT     0.481     0  00:00      5.16    1.04    1.00
  22                   CONDUIT     0.341     0  00:00      3.55    0.85    1.00
  24                   CONDUIT      2.57     0  00:01      3.67    0.00    1.00
  30                   CONDUIT       1.9     0  00:03      2.64    0.80    1.00
  34                   CONDUIT     0.618     0  00:03      2.77    0.69    0.89
  36                   CONDUIT     0.617     0  00:03      5.85    0.66    0.46
  38                   CONDUIT      0.46     0  00:04      2.83    0.17    1.00
  48                   CONDUIT     0.973     0  00:04      2.52    0.65    1.00
  54                   CONDUIT      1.09     0  00:08      0.89    0.21    0.66
  68                   CONDUIT     0.516     0  00:03      9.14    0.00    0.05
  73                   CONDUIT     0.515     0  00:30      0.60    0.12    1.00
  TWT1                 CONDUIT     0.269     0  01:08      2.43    0.00    0.01
  1_1_a_1              CONDUIT     0.382     0  00:10      3.78    0.86    0.59
  TWT2                 CONDUIT         0     0  00:00      0.00    0.00    0.01
  TWT3                 CONDUIT         0     0  00:00      0.00    0.00    0.00
  TWT4                 CONDUIT         0     0  00:00      0.00    0.00    0.01
  1_2_b_               CONDUIT         0     0  00:00      0.00    0.00    0.00
  1_2_b_1              CONDUIT      2.12     0  01:50     14.46    3.65    0.70
  1_2_b_2              CONDUIT     0.101     0  00:03      3.13    0.04    0.27
  1_2_b_3              CONDUIT     0.896     0  01:50      6.30    0.61    0.70
  1_2_b_6              CONDUIT     0.069     0  00:02      2.32    0.03    0.25
  TWT5                 CONDUIT      1.84     0  00:03      6.62    0.00    0.29
  1_4_a                CONDUIT      1.96     0  01:50      5.74    0.01    0.10
  TWT6                 CONDUIT      1.93     0  01:46      0.88    0.01    0.53
  1_4_b                CONDUIT     0.645     0  00:31      0.23    0.00    1.00
  TWT7                 CONDUIT         0     0  00:00      0.00    0.00    0.25
  1_5_a                CONDUIT         0     0  00:00      0.00    0.00    0.50
  
  
  ***************************
  Flow Classification Summary
  ***************************
  
  -------------------------------------------------------------------------------------
                      Adjusted    ---------- Fraction of Time in Flow Class ---------- 
                       /Actual         Up    Down  Sub   Sup   Up    Down  Norm  Inlet 
  Conduit               Length    Dry  Dry   Dry   Crit  Crit  Crit  Crit  Ltd   Ctrl  
  -------------------------------------------------------------------------------------
  Brunn_Fassung_L         1.00   0.00  0.00  0.00  0.00  1.00  0.00  0.00  0.00  0.00
  11                      1.00   0.00  0.00  0.00  1.00  0.00  0.00  0.00  0.00  0.00
  14                      1.00   0.00  0.00  0.00  1.00  0.00  0.00  0.00  0.00  0.00
  16                      1.00   0.00  0.00  0.00  1.00  0.00  0.00  0.00  0.00  0.00
  17                      1.00   0.00  0.00  0.00  1.00  0.00  0.00  0.00  0.00  0.00
  26                      1.00   0.00  0.00  0.00  1.00  0.00  0.00  0.00  0.00  0.00
  27                      1.00   0.00  0.00  0.00  0.93  0.07  0.00  0.00  0.00  0.00
  Gischeren_L             1.00   0.00  0.00  0.00  1.00  0.00  0.00  0.00  0.00  0.00
  Schuettstein_L          1.00   0.00  0.00  0.00  0.00  1.00  0.00  0.00  0.00  0.00
  Brunnmuehle_L           1.00   0.00  0.00  0.00  1.00  0.00  0.00  0.00  0.00  0.00
  32                      1.00   1.00  0.00  0.00  0.00  0.00  0.00  0.00  0.00  0.00
  35                      1.00   0.00  0.00  0.00  1.00  0.00  0.00  0.00  0.00  0.00
  45                      1.00   0.00  0.00  0.00  0.00  1.00  0.00  0.00  0.04  0.00
  46                      1.00   0.00  0.00  0.00  1.00  0.00  0.00  0.00  0.00  0.00
  47                      1.00   0.00  0.00  0.00  1.00  0.00  0.00  0.00  0.00  0.00
  50                      1.00   0.00  0.00  0.00  1.00  0.00  0.00  0.00  0.00  0.00
  51                      1.00   0.00  0.00  0.00  1.00  0.00  0.00  0.00  0.00  0.00
  53                      1.00   0.00  0.00  0.00  1.00  0.00  0.00  0.00  0.00  0.00
  Fenster_L               1.00   0.00  0.00  0.00  0.00  1.00  0.00  0.00  0.01  0.00
  58                      1.00   0.00  0.00  0.00  0.00  1.00  0.00  0.00  0.03  0.00
  59                      1.00   0.00  0.00  0.00  0.00  1.00  0.00  0.00  0.94  0.00
  61                      1.00   0.00  0.00  0.00  1.00  0.00  0.00  0.00  0.00  0.00
  63                      1.00   0.00  0.00  0.00  1.00  0.00  0.00  0.00  0.00  0.00
  66                      1.00   0.00  0.00  0.00  1.00  0.00  0.00  0.00  0.00  0.00
  67                      1.00   0.00  0.00  0.00  1.00  0.00  0.00  0.00  0.00  0.00
  Amont_L                 1.00   0.00  0.00  0.00  1.00  0.00  0.00  0.00  0.00  0.00
  69                      1.00   0.00  0.00  0.00  1.00  0.00  0.00  0.00  0.00  0.00
  70                      1.00   0.00  0.00  0.00  1.00  0.00  0.00  0.00  0.00  0.00
  71                      1.00   0.00  0.00  0.00  1.00  0.00  0.00  0.00  0.00  0.00
  72                      1.00   0.00  0.00  0.00  1.00  0.00  0.00  0.00  0.00  0.00
  Sauser_L                1.00   0.00  0.00  0.00  1.00  0.00  0.00  0.00  0.00  0.00
  75                      1.00   0.00  0.00  0.00  0.00  1.00  0.00  0.00  0.00  0.00
  Entw_Sto_L              1.00   0.00  0.00  0.00  0.99  0.01  0.00  0.00  0.00  0.00
  4                       1.00   0.00  0.00  0.00  1.00  0.00  0.00  0.00  0.00  0.00
  5                       1.00   0.00  0.00  0.00  0.99  0.01  0.00  0.00  0.00  0.00
  6                       1.00   0.00  0.00  0.00  0.00  1.00  0.00  0.00  0.00  0.00
  7                       1.00   0.00  0.00  0.00  1.00  0.00  0.00  0.00  0.00  0.00
  Brunn_Teich_L           1.00   0.00  0.00  0.00  1.00  0.00  0.00  0.00  0.00  0.00
  9                       1.00   0.00  0.00  0.00  0.00  1.00  0.00  0.00  0.00  0.00
  12                      1.00   0.00  0.00  0.00  1.00  0.00  0.00  0.00  0.00  0.00
  15                      1.00   0.00  0.00  0.00  1.00  0.00  0.00  0.00  0.00  0.00
  18                      1.00   0.00  0.00  0.00  1.00  0.00  0.00  0.00  0.00  0.00
  19                      1.00   0.00  0.00  0.00  1.00  0.00  0.00  0.00  0.00  0.00
  20                      1.00   0.00  0.00  0.00  0.00  1.00  0.00  0.00  0.00  0.00
  21                      1.00   0.00  0.00  0.00  1.00  0.00  0.00  0.00  0.00  0.00
  Hooliloch_L             1.00   0.00  0.00  0.00  1.00  0.00  0.00  0.00  0.00  0.00
  23                      1.00   0.00  0.00  0.00  0.00  1.00  0.00  0.00  0.00  0.00
  25                      1.00   0.00  0.00  0.00  1.00  0.00  0.00  0.00  0.00  0.00
  28                      1.00   0.00  0.00  0.00  0.00  1.00  0.00  0.00  0.98  0.00
  29                      1.00   0.00  0.00  0.00  0.99  0.01  0.00  0.00  0.03  0.00
  31                      1.00   0.00  0.00  0.00  1.00  0.00  0.00  0.00  0.00  0.00
  33                      1.00   0.00  0.00  0.00  1.00  0.00  0.00  0.00  0.00  0.00
  37                      1.00   0.00  0.00  0.00  1.00  0.00  0.00  0.00  0.00  0.00
  SS3_L                   1.00   0.00  0.00  0.00  0.00  1.00  0.00  0.00  1.00  0.00
  40                      1.00   0.00  0.00  0.00  0.93  0.07  0.00  0.00  0.00  0.00
  SS6_L                   1.00   0.00  0.00  0.00  0.00  1.00  0.00  0.00  1.00  0.00
  1                       1.00   0.00  1.00  0.00  0.00  0.00  0.00  0.00  0.00  0.00
  2                       1.00   1.00  0.00  0.00  0.00  0.00  0.00  0.00  0.00  0.00
  3                       1.00   0.00  0.00  0.00  0.00  1.00  0.00  0.00  1.00  0.00
  10                      1.00   0.00  0.00  0.00  1.00  0.00  0.00  0.00  0.01  0.00
  13                      1.00   0.00  0.00  0.00  1.00  0.00  0.00  0.00  0.00  0.00
  22                      1.00   0.00  0.00  0.00  1.00  0.00  0.00  0.00  0.00  0.00
  24                      1.00   0.00  0.00  0.00  1.00  0.00  0.00  0.00  0.00  0.00
  30                      1.00   0.00  0.00  0.00  1.00  0.00  0.00  0.00  0.00  0.00
  34                      1.00   0.00  0.00  0.00  0.00  1.00  0.00  0.00  0.00  0.00
  36                      1.00   0.00  0.00  0.00  0.00  1.00  0.00  0.00  0.00  0.00
  38                      1.00   0.00  0.00  0.00  1.00  0.00  0.00  0.00  0.00  0.00
  48                      1.00   0.00  0.00  0.00  1.00  0.00  0.00  0.00  0.00  0.00
  54                      1.00   0.00  0.01  0.00  0.99  0.00  0.00  0.00  0.00  0.00
  68                      1.00   0.00  0.00  0.00  0.00  1.00  0.00  0.00  1.00  0.00
  73                      1.00   0.00  0.01  0.00  0.99  0.00  0.00  0.00  0.01  0.00
  TWT1                    1.00   0.01  0.00  0.00  0.00  0.99  0.00  0.00  0.00  0.00
  1_1_a_1                 1.00   0.00  0.01  0.00  0.00  0.99  0.00  0.00  0.00  0.00
  TWT2                    1.00   0.01  0.99  0.00  0.00  0.00  0.00  0.00  0.00  0.00
  TWT3                    1.00   1.00  0.00  0.00  0.00  0.00  0.00  0.00  0.00  0.00
  TWT4                    1.00   0.00  1.00  0.00  0.00  0.00  0.00  0.00  0.00  0.00
  1_2_b_                  1.00   1.00  0.00  0.00  0.00  0.00  0.00  0.00  0.00  0.00
  1_2_b_1                 1.00   0.00  0.00  0.00  0.00  1.00  0.00  0.00  0.00  0.00
  1_2_b_2                 1.00   0.00  0.00  0.00  0.00  1.00  0.00  0.00  1.00  0.00
  1_2_b_3                 1.00   0.00  0.00  0.00  0.00  1.00  0.00  0.00  0.00  0.00
  1_2_b_6                 1.00   0.00  0.00  0.00  0.00  1.00  0.00  0.00  1.00  0.00
  TWT5                    1.00   0.00  0.00  0.00  1.00  0.00  0.00  0.00  0.07  0.00
  1_4_a                   1.00   0.00  0.00  0.00  0.00  1.00  0.00  0.00  1.00  0.00
  TWT6                    1.00   0.00  0.00  0.00  1.00  0.00  0.00  0.00  0.00  0.00
  1_4_b                   1.00   0.00  0.01  0.00  0.99  0.00  0.00  0.00  0.00  0.00
  TWT7                    1.00   0.00  1.00  0.00  0.00  0.00  0.00  0.00  0.00  0.00
  1_5_a                   1.00   0.00  1.00  0.00  0.00  0.00  0.00  0.00  0.00  0.00
  
  
  *************************
  Conduit Surcharge Summary
  *************************
  
  ----------------------------------------------------------------------------
                                                           Hours        Hours 
                         --------- Hours Full --------   Above Full   Capacity
  Conduit                Both Ends  Upstream  Dnstream   Normal Flow   Limited
  ----------------------------------------------------------------------------
  Brunn_Fassung_L             0.01      0.01     24.00      0.01         0.01
  11                         23.99     23.99     23.99     23.99         0.01
  14                         23.99     23.99     23.99     23.99         0.01
  16                         24.00     24.00     24.00     23.99        23.99
  17                         24.00     24.00     24.00      0.01         0.01
  26                         23.99     24.00     23.99      1.73         1.72
  27                          0.01      0.01     23.98      0.01         0.01
  Gischeren_L                 0.01      0.01     23.89      0.01         0.01
  Schuettstein_L              0.01      0.01     23.99      0.01         0.01
  Brunnmuehle_L              24.00     24.00     24.00      0.01         0.01
  35                         23.91     23.91     23.95      0.01         0.01
  46                         24.00     24.00     24.00     23.98         0.01
  47                         24.00     24.00     24.00     24.00        24.00
  50                         23.99     23.99     23.99      0.01         0.01
  51                         23.98     23.98     24.00      0.01         0.01
  53                         24.00     24.00     24.00     23.99         0.01
  61                         23.99     23.99     23.99     23.98         0.01
  63                          0.01     23.97      0.01      0.01         0.01
  66                         23.95     23.98     23.95     23.97        23.95
  67                         23.99     23.99     24.00      0.01         0.01
  Amont_L                    24.00     24.00     24.00      0.01         0.01
  69                         23.95     23.95     24.00      0.02         0.01
  70                         23.95     23.95     24.00      0.01         0.01
  71                         23.98     23.98     23.99      0.01         0.01
  72                         23.87     23.98     23.87      0.11         0.01
  Sauser_L                    0.01      0.01     24.00      0.01         0.01
  75                          0.01     23.98      0.01     23.87         0.01
  Entw_Sto_L                 23.58     23.74     23.58     23.81        23.58
  4                          23.72     23.98     23.72     23.89        23.72
  5                          23.74     23.74     24.00      0.11         0.01
  6                           0.01      0.01     24.00      0.01         0.01
  7                          23.99     23.99     24.00      0.01         0.01
  Brunn_Teich_L               0.01      0.01     23.99      0.01         0.01
  9                           0.01      0.01     23.99      0.01         0.01
  12                         23.98     23.98     23.99      0.01         0.01
  15                         23.99     23.99     23.99      0.01         0.01
  18                         23.99     23.99     23.99      0.01         0.01
  19                         23.97     23.97     23.99      0.01         0.01
  21                          0.01      0.01     23.97      0.01         0.01
  23                          0.01     23.95      0.01      0.01         0.01
  25                         23.93     23.93     23.99      0.01         0.01
  31                          0.01      0.01     23.89      0.01         0.01
  33                         23.96     23.96     23.96      0.01         0.01
  13                         23.99     23.99     24.00      0.01         0.01
  22                         23.99     23.99     24.00      0.01         0.01
  24                         23.98     23.98     23.99      0.01         0.01
  30                         23.98     23.98     23.99      0.01         0.01
  34                          0.01      0.01     23.99      0.01         0.01
  38                         23.94     23.94     23.96      0.01         0.01
  48                         23.82     23.82     23.89      0.01         0.01
  54                          0.01      0.01     23.85      0.01         0.01
  73                         22.70     22.70     22.95      0.01         0.01
  1_1_a_1                     0.01      0.01     23.82      0.01         0.01
  1_2_b_1                     0.01      0.01     23.99     23.99         0.01
  1_2_b_3                     0.01      0.01     23.99      0.01         0.01
  1_4_b                      22.16     22.16     22.96      0.01         0.01
  

  Analysis begun on:  Fri Aug 14 16:04:23 2026
  Analysis ended on:  Fri Aug 14 16:04:26 2026
  Total elapsed time: 00:00:03