
  EPA STORM WATER MANAGEMENT MODEL - VERSION 5.2 (Build 5.2.4)
  ------------------------------------------------------------

  Brunnmuehle (Twann) 
  WARNING 08: elevation drop exceeds length for Conduit SS3_L
  WARNING 08: elevation drop exceeds length for Conduit SS6_L
  WARNING 08: elevation drop exceeds length for Conduit 2
  WARNING 08: elevation drop exceeds length for Conduit 3
  WARNING 08: elevation drop exceeds length for Conduit 68
  WARNING 08: elevation drop exceeds length for Conduit 1_2_b_
  WARNING 08: elevation drop exceeds length for Conduit 1_2_b_2
  WARNING 08: elevation drop exceeds length for Conduit 1_2_b_3
  WARNING 08: elevation drop exceeds length for Conduit 1_4_b
  WARNING 08: elevation drop exceeds length for Conduit 1_5_a
  WARNING 04: minimum elevation drop used for Conduit 1_7_a
  WARNING 08: elevation drop exceeds length for Conduit 1_7_a_
  WARNING 08: elevation drop exceeds length for Conduit 1_7_a__
  WARNING 02: maximum depth increased for Node 2
  
  ****************
  Analysis Options
  ****************
  Flow Units ............... CMS
  Process Models:
    Rainfall/Runoff ........ NO
    RDII ................... NO
    Snowmelt ............... NO
    Groundwater ............ NO
    Flow Routing ........... YES
    Ponding Allowed ........ NO
    Water Quality .......... NO
  Flow Routing Method ...... DYNWAVE
  Surcharge Method ......... EXTRAN
  Starting Date ............ 01/01/2000 00:00:00
  Ending Date .............. 01/02/2000 00:00:00
  Antecedent Dry Days ...... 0.0
  Report Time Step ......... 01:00:00
  Routing Time Step ........ 0.50 sec
  Variable Time Step ....... YES
  Maximum Trials ........... 8
  Number of Threads ........ 1
  Head Tolerance ........... 0.001500 m
  
  
  **************************        Volume        Volume
  Flow Routing Continuity        hectare-m      10^6 ltr
  **************************     ---------     ---------
  Dry Weather Inflow .......         0.000         0.000
  Wet Weather Inflow .......         0.000         0.000
  Groundwater Inflow .......         0.000         0.000
  RDII Inflow ..............         0.000         0.000
  External Inflow ..........       195.026      1950.277
  External Outflow .........       185.116      1851.181
  Flooding Loss ............         0.000         0.000
  Evaporation Loss .........         0.000         0.000
  Exfiltration Loss ........         0.000         0.000
  Initial Stored Volume ....         0.056         0.563
  Final Stored Volume ......         0.438         4.376
  Continuity Error (%) .....         4.884
  
  
  *************************
  Highest Continuity Errors
  *************************
  Node TWT_Intersection_Sonsto_60+345 (-375.92%)
  Node TWT_Acces_LT_60+110 (87.60%)
  Node 2 (77.34%)
  Node Syst_Est_amont (61.48%)
  Node 54 (21.37%)
  
  
  ***************************
  Time-Step Critical Elements
  ***************************
  Link 1_7_a_ (16572.53%)
  Link 20 (15.56%)
  Link 1_8_a (8.07%)
  
  
  ********************************
  Highest Flow Instability Indexes
  ********************************
  All links are stable.
  
  
  *********************************
  Most Frequent Nonconverging Nodes
  *********************************
  Node Brunnm_Fassung (53.31%)
  Node Brunnmuehle(Teich) (53.31%)
  Node Fensterstollen (53.31%)
  Node Gischeren (53.31%)
  Node Schuettstein (53.31%)
  
  
  *************************
  Routing Time Step Summary
  *************************
  Minimum Time Step           :     0.50 sec
  Average Time Step           :     0.50 sec
  Maximum Time Step           :     0.50 sec
  % of Time in Steady State   :    99.40
  Average Iterations per Step :     6.92
  % of Steps Not Converging   :    53.31
  Time Step Frequencies       :
      0.500 -  0.500 sec      :   100.00 %
      0.500 -  0.500 sec      :     0.00 %
      0.500 -  0.500 sec      :     0.00 %
      0.500 -  0.500 sec      :     0.00 %
      0.500 -  0.500 sec      :     0.00 %
  
  
  ******************
  Node Depth Summary
  ******************
  
  ---------------------------------------------------------------------------------
                                 Average  Maximum  Maximum  Time of Max    Reported
                                   Depth    Depth      HGL   Occurrence   Max Depth
  Node                 Type       Meters   Meters   Meters  days hr:min      Meters
  ---------------------------------------------------------------------------------
  9                    JUNCTION    52.15    62.74   501.24     0  00:00       52.17
  Holiloch_sonde       JUNCTION    45.24    53.91   493.91     0  00:00       45.26
  11                   JUNCTION    59.10    62.33   472.33     0  00:02       59.11
  13                   JUNCTION    79.02    80.72   518.72     0  00:02       79.04
  21                   JUNCTION    43.66    45.42   445.42     0  00:02       43.67
  SonSto_F             JUNCTION     0.15     0.15   437.95     0  00:08        0.15
  Sondierstollen       JUNCTION     0.00     0.00   440.80     0  00:00        0.00
  Aval_Trappe          JUNCTION     0.37     0.38   437.98     0  00:08        0.38
  30                   JUNCTION     0.52     0.52   437.82     0  00:08        0.52
  Gischeren_node       JUNCTION     3.93     3.95   480.45     0  00:06        3.95
  34                   JUNCTION    21.45    22.91   442.91     0  00:02       21.46
  38                   JUNCTION    28.37    30.80   450.80     0  00:02       28.38
  SS6                  JUNCTION     0.07     0.07   448.07     0  00:02        0.07
  40                   JUNCTION    20.99    23.87   442.87     0  00:01       20.99
  41                   JUNCTION    78.87    87.15   524.65     0  00:00       78.90
  SondeSchuettstein    JUNCTION    25.51    27.42   486.42     0  00:00       25.52
  SS4                  JUNCTION     0.06     0.06   448.06     0  00:02        0.06
  47                   JUNCTION    15.29    18.49   483.39     0  00:00       15.30
  48                   JUNCTION    12.76    14.39   485.39     0  00:00       12.76
  SondeGischeren       JUNCTION    15.44    15.48   480.48     0  00:08       15.47
  49                   JUNCTION    15.95    17.89   483.89     0  00:02       15.97
  50                   JUNCTION     8.80     8.84   471.84     0  00:07        8.83
  51                   JUNCTION    97.74    99.45   519.45     0  00:02       97.76
  Amont_C              JUNCTION   102.45   104.17   522.17     0  00:02      102.47
  52                   JUNCTION    23.67    47.49   504.49     0  00:02       23.71
  53                   JUNCTION    32.84    40.72   507.72     0  00:00       32.85
  54                   JUNCTION     0.78     0.78   463.78     0  00:08        0.78
  56                   JUNCTION     6.19     6.57   436.57     0  00:01        6.19
  2                    JUNCTION     0.13     0.13   438.13     0  00:08        0.13
  4                    JUNCTION     9.17    10.33   438.33     0  00:00        9.17
  5                    JUNCTION     6.57     6.62   479.12     0  00:02        6.58
  6                    JUNCTION    24.16    29.23   487.23     0  00:00       24.17
  7                    JUNCTION     4.06     4.09   479.09     0  00:02        4.06
  SS3                  JUNCTION     0.08     0.08   448.08     0  00:07        0.08
  SS5                  JUNCTION     0.59     0.59   439.49     0  00:08        0.59
  8                    JUNCTION     6.67     6.70   480.70     0  00:08        6.69
  10                   JUNCTION    13.95    15.94   483.94     0  00:02       13.97
  SonSto_SS5           JUNCTION     0.12     0.12   439.42     0  00:08        0.12
  SonSto_SS3           JUNCTION     0.11     0.11   439.81     0  00:06        0.11
  SonSto_SS4           JUNCTION     0.08     0.08   439.48     0  00:08        0.08
  Amont_Trappe         JUNCTION     0.28     0.29   437.99     0  00:08        0.28
  SonSto_SS6           JUNCTION     0.12     0.13   438.83     0  00:03        0.12
  SS2                  JUNCTION     0.00     0.00   448.00     0  00:00        0.00
  SonSto_SS2           JUNCTION     0.00     0.00   441.50     0  00:00        0.00
  12                   JUNCTION    32.45    36.13   485.13     0  00:00       32.47
  14                   JUNCTION    24.74    32.95   497.95     0  00:01       24.76
  15                   JUNCTION     0.48     0.49   472.49     0  00:03        0.48
  TWT_PointHaut_60+749 JUNCTION     0.10     0.10   438.60     0  00:08        0.10
  TWT_Fensterstollen_60+375 JUNCTION     0.81     0.82   438.12     0  00:08        0.82
  TWT_Acces_LT_60+110  JUNCTION     0.63     0.64   438.14     0  00:08        0.64
  TWT_Liaison_LT_59+738 JUNCTION     0.00     0.00   446.50     0  00:00        0.00
  Syst_Est_amont       JUNCTION     0.98     0.98   430.98     0  00:08        0.98
  Syst_Est_interm      JUNCTION    19.47    23.32   433.32     0  00:07       19.57
  TWT_Branche_Est_Sonsto_60+540 JUNCTION     0.31     0.32   438.72     0  00:02        0.31
  TWT_Intersection_Sonsto_60+345 JUNCTION     0.98     1.14   438.14     0  00:07        0.98
  TWT_Chrosweg_61+140  JUNCTION     0.07     0.07   432.07     0  00:08        0.07
  SonSto_F_sup         JUNCTION     0.05     0.05   448.05     0  00:03        0.05
  SonSto_porte         JUNCTION     0.00     0.00   438.50     0  00:00        0.00
  Brunnm_Fassung       OUTFALL      0.11     0.12   433.92     0  00:02        0.11
  Brunnmuehle(Teich)   OUTFALL      0.26     0.27   435.77     0  00:02        0.26
  Fensterstollen       OUTFALL      0.47     0.49   437.49     0  00:06        0.48
  Gischeren            OUTFALL      0.24     0.24   480.24     0  00:06        0.24
  Schuettstein         OUTFALL      0.31     0.32   477.87     0  00:02        0.31
  Holiloch             OUTFALL      2.02     2.03   478.53     0  00:02        2.02
  Sauserquelle         OUTFALL      0.26     0.27   435.82     0  00:01        0.26
  Entw_Stollen         OUTFALL      0.13     0.13   436.63     0  00:08        0.13
  Sous_lacustre        OUTFALL      0.11     0.12   429.32     0  00:02        0.11
  Sous_ecoul.          OUTFALL      0.00     0.00   433.00     0  00:02        0.00
  Syst_Est_aval        OUTFALL      0.28     0.51   429.51     0  00:07        0.29
  TWT_Portail_Est_61+665 OUTFALL      0.05     0.05   421.65     0  00:08        0.05
  CentraleVentilation_1C OUTFALL      0.29     0.29   454.29     0  00:08        0.29
  
  
  *******************
  Node Inflow Summary
  *******************
  
  -------------------------------------------------------------------------------------------------
                                  Maximum  Maximum                  Lateral       Total        Flow
                                  Lateral    Total  Time of Max      Inflow      Inflow     Balance
                                   Inflow   Inflow   Occurrence      Volume      Volume       Error
  Node                 Type           CMS      CMS  days hr:min    10^6 ltr    10^6 ltr     Percent
  -------------------------------------------------------------------------------------------------
  9                    JUNCTION         0     18.7     0  00:00           0    1.15e+03       0.010
  Holiloch_sonde       JUNCTION         0     16.8     0  00:00           0     1.1e+03      -0.000
  11                   JUNCTION         0    0.317     0  00:00           0        27.1      -0.002
  13                   JUNCTION         0     21.4     0  00:00           0    1.57e+03       0.019
  21                   JUNCTION         0    0.549     0  00:02           0        46.3      -0.000
  SonSto_F             JUNCTION         0    0.733     0  00:08           0        62.6       2.511
  Sondierstollen       JUNCTION         0        0     0  00:00           0           0       0.000 ltr
  Aval_Trappe          JUNCTION         0      1.9     0  00:08           0         164       0.176
  30                   JUNCTION         0     5.98     0  00:08           0         515       8.414
  Gischeren_node       JUNCTION         0    0.744     0  00:05           0        59.8       0.114
  34                   JUNCTION         0    0.508     0  00:02           0        42.7      -0.000
  38                   JUNCTION         0    0.306     0  00:00           0        24.4      -0.000
  SS6                  JUNCTION         0    0.172     0  00:02           0        14.1      -0.000
  40                   JUNCTION         0     2.81     0  00:02           0         240       0.007
  41                   JUNCTION         0     5.72     0  00:00           0        72.2       0.026
  SondeSchuettstein    JUNCTION         0     1.02     0  00:00           0        72.2      -0.014
  SS4                  JUNCTION         0   0.0817     0  00:02           0        6.77       0.012
  47                   JUNCTION         0     13.7     0  00:00           0    1.08e+03       0.015
  48                   JUNCTION         0    0.854     0  00:02           0        72.2       0.019
  SondeGischeren       JUNCTION         0    0.522     0  00:01           0        35.4       0.158
  49                   JUNCTION         0     1.19     0  00:01           0        14.2      -0.007
  50                   JUNCTION         0    0.182     0  00:02           0        13.6       0.017
  51                   JUNCTION         0     38.2     0  00:00           0    1.86e+03      -0.002
  Amont_C              JUNCTION      21.5     46.6     0  00:00    1.86e+03    1.86e+03       0.012
  52                   JUNCTION         0    0.351     0  00:02           0        21.8       0.099
  53                   JUNCTION         0    0.589     0  00:00           0        31.2       0.032
  54                   JUNCTION         0    0.362     0  00:08           0        31.2      27.171
  56                   JUNCTION         0    0.625     0  00:01           0          49       0.003
  2                    JUNCTION         0    0.182     0  00:08           0        13.9     341.230
  4                    JUNCTION         0    0.469     0  00:02           0        39.3       0.014
  5                    JUNCTION         0     13.1     0  00:00           0    1.08e+03      -0.023
  6                    JUNCTION         0     15.2     0  00:00           0     1.1e+03       0.021
  7                    JUNCTION         0     13.1     0  00:01           0    1.08e+03       0.048
  SS3                  JUNCTION         0    0.158     0  00:07           0        13.6       0.002
  SS5                  JUNCTION         0     0.26     0  00:08           0        22.4       0.032
  8                    JUNCTION         0    0.899     0  00:03           0        73.6       0.088
  10                   JUNCTION         0    0.975     0  00:01           0        14.2       0.600
  SonSto_SS5           JUNCTION         0    0.285     0  00:08           0        24.5       0.020
  SonSto_SS3           JUNCTION         0    0.158     0  00:08           0        13.6       0.012
  SonSto_SS4           JUNCTION         0    0.236     0  00:08           0        20.4       0.007
  Amont_Trappe         JUNCTION         0    0.772     0  00:03           0        57.6      -2.578
  SonSto_SS6           JUNCTION         0    0.448     0  00:08           0        38.6       0.019
  SS2                  JUNCTION         0        0     0  00:00           0           0       0.000 ltr
  SonSto_SS2           JUNCTION         0        0     0  00:00           0           0       0.000 ltr
  12                   JUNCTION         0    0.518     0  00:00           0        33.4       0.011
  14                   JUNCTION         0     2.87     0  00:01           0         194       0.023
  15                   JUNCTION         0    0.681     0  00:02           0        57.9       0.024
  TWT_PointHaut_60+749 JUNCTION         0    0.222     0  00:04           0        18.8       0.308
  TWT_Fensterstollen_60+375 JUNCTION         0     7.16     0  00:08           0         439      -6.240
  TWT_Acces_LT_60+110  JUNCTION         0     2.32     0  00:05           0        74.9     706.267
  TWT_Liaison_LT_59+738 JUNCTION         0        0     0  00:00           0           0       0.000 ltr
  Syst_Est_amont       JUNCTION      1.08      1.1     0  00:08        92.9        94.7     159.636
  Syst_Est_interm      JUNCTION         0     1.14     0  00:04           0        36.5       1.139
  TWT_Branche_Est_Sonsto_60+540 JUNCTION         0     2.06     0  00:08           0         178       0.450
  TWT_Intersection_Sonsto_60+345 JUNCTION         0     4.68     0  00:07           0        15.8     -78.988
  TWT_Chrosweg_61+140  JUNCTION         0    0.218     0  00:08           0        18.8      19.840
  SonSto_F_sup         JUNCTION         0    0.677     0  00:03           0        57.9       0.001
  SonSto_porte         JUNCTION         0        0     0  00:00           0           0       0.000 ltr
  Brunnm_Fassung       OUTFALL          0   0.0422     0  00:02           0        3.43       0.000
  Brunnmuehle(Teich)   OUTFALL          0    0.465     0  00:02           0        38.7       0.000
  Fensterstollen       OUTFALL          0     5.81     0  00:06           0         475       0.000
  Gischeren            OUTFALL          0    0.695     0  00:06           0        59.8       0.000
  Schuettstein         OUTFALL          0    0.854     0  00:02           0        72.2       0.000
  Holiloch             OUTFALL          0     12.8     0  00:02           0    1.08e+03       0.000
  Sauserquelle         OUTFALL          0     0.62     0  00:01           0          49       0.000
  Entw_Stollen         OUTFALL          0   0.0365     0  00:08           0        3.14       0.000
  Sous_lacustre        OUTFALL          0   0.0432     0  00:02           0        3.58       0.000
  Sous_ecoul.          OUTFALL          0  0.00668     0  00:02           0       0.539       0.000
  Syst_Est_aval        OUTFALL          0      1.3     0  00:07           0        36.1       0.000
  TWT_Portail_Est_61+665 OUTFALL          0    0.161     0  00:08           0        13.9       0.000
  CentraleVentilation_1C OUTFALL          0    0.183     0  00:08           0        15.8       0.000
  
  
  **********************
  Node Surcharge Summary
  **********************
  
  Surcharging occurs when water rises above the top of the highest conduit.
  ---------------------------------------------------------------------
                                               Max. Height   Min. Depth
                                   Hours       Above Crown    Below Rim
  Node                 Type      Surcharged         Meters       Meters
  ---------------------------------------------------------------------
  9                    JUNCTION       23.99         60.938       37.262
  Holiloch_sonde       JUNCTION       23.99         52.009      146.091
  11                   JUNCTION       24.00         61.868       87.672
  13                   JUNCTION       23.99         77.723      319.277
  21                   JUNCTION       24.00         44.824      104.576
  34                   JUNCTION       24.00         22.307       77.093
  38                   JUNCTION       24.00         30.200      119.200
  40                   JUNCTION       24.00         19.875       76.125
  41                   JUNCTION       23.99         86.299      162.851
  SondeSchuettstein    JUNCTION       23.99         26.622        0.000
  47                   JUNCTION       23.99         16.594       81.506
  48                   JUNCTION       23.99         13.587       85.613
  SondeGischeren       JUNCTION       23.96         14.283       84.517
  49                   JUNCTION       23.97          9.891      182.109
  50                   JUNCTION       23.95          8.535      191.165
  51                   JUNCTION       24.00         95.451      300.549
  Amont_C              JUNCTION       24.00        101.169      295.831
  52                   JUNCTION       23.96         47.093       52.507
  53                   JUNCTION       23.98         35.722      159.278
  56                   JUNCTION       24.00          5.570       93.430
  4                    JUNCTION       23.99          9.683       89.667
  5                    JUNCTION       23.98          1.616       43.384
  6                    JUNCTION       23.99         24.226      170.774
  8                    JUNCTION       23.91          1.698      193.302
  10                   JUNCTION       23.97          7.937      184.063
  12                   JUNCTION       23.99         35.781      163.869
  14                   JUNCTION       23.98         28.947      167.053
  Syst_Est_interm      JUNCTION       23.87         21.823       76.677
  
  
  *********************
  Node Flooding Summary
  *********************
  
  No nodes were flooded.
  
  
  ***********************
  Outfall Loading Summary
  ***********************
  
  -----------------------------------------------------------
                         Flow       Avg       Max       Total
                         Freq      Flow      Flow      Volume
  Outfall Node           Pcnt       CMS       CMS    10^6 ltr
  -----------------------------------------------------------
  Brunnm_Fassung        99.96    0.0397    0.0422       3.432
  Brunnmuehle(Teich)    99.96     0.448     0.465      38.712
  Fensterstollen        99.98       5.5      5.81     474.896
  Gischeren             99.59     0.695     0.695      59.770
  Schuettstein          99.95     0.836     0.854      72.190
  Holiloch              99.92      12.5      12.8    1080.170
  Sauserquelle          99.98     0.567      0.62      49.014
  Entw_Stollen          99.96    0.0363    0.0365       3.136
  Sous_lacustre         99.99    0.0414    0.0432       3.578
  Sous_ecoul.           99.96   0.00624   0.00668       0.539
  Syst_Est_aval         99.47      0.42       1.3      36.053
  TWT_Portail_Est_61+665  99.92     0.161     0.161      13.870
  CentraleVentilation_1C  99.96     0.183     0.183      15.812
  -----------------------------------------------------------
  System                99.89      21.4      21.5    1851.172
  
  
  ********************
  Link Flow Summary
  ********************
  
  -----------------------------------------------------------------------------
                                 Maximum  Time of Max   Maximum    Max/    Max/
                                  |Flow|   Occurrence   |Veloc|    Full    Full
  Link                 Type          CMS  days hr:min     m/sec    Flow   Depth
  -----------------------------------------------------------------------------
  Brunn_Fassung_L      CONDUIT    0.0422     0  00:02      1.72    0.70    0.81
  11                   CONDUIT      16.8     0  00:00      8.65    2.52    1.00
  14                   CONDUIT      18.7     0  00:00     12.90   10.19    1.00
  16                   CONDUIT     0.317     0  00:00      3.70    2.21    1.00
  17                   CONDUIT     0.308     0  00:00      1.09    0.53    1.00
  26                   CONDUIT      5.72     0  00:00     10.29    7.75    1.00
  27                   CONDUIT    0.0417     0  00:08      1.28    0.54    0.84
  Gischeren_L          CONDUIT     0.695     0  00:06      0.98    0.09    0.60
  Schuettstein_L       CONDUIT     0.854     0  00:02      4.98    0.73    0.82
  Brunnmuehle_L        CONDUIT     0.508     0  00:02      1.80    0.24    1.00
  32                   CONDUIT         0     0  00:00      0.00    0.00    0.00
  35                   CONDUIT     0.361     0  00:04      0.45    0.06    1.00
  45                   CONDUIT     0.456     0  00:08      5.33    0.00    0.05
  46                   CONDUIT     0.625     0  00:01      2.21    0.62    1.00
  47                   CONDUIT     0.143     0  00:02      3.76    8.92    1.00
  50                   CONDUIT     0.854     0  00:02      2.95    0.16    1.00
  51                   CONDUIT    0.0793     0  00:01      1.04    0.22    1.00
  53                   CONDUIT     0.306     0  00:00      1.84    1.55    1.00
  Fenster_L            CONDUIT      5.81     0  00:06      7.77    0.06    0.17
  58                   CONDUIT       1.9     0  00:08      3.14    0.02    0.15
  59                   CONDUIT     0.284     0  00:08      2.90    0.00    0.04
  61                   CONDUIT      1.02     0  00:00      4.96    1.43    1.00
  63                   CONDUIT     0.172     0  00:02      2.37    0.77    0.52
  66                   CONDUIT     0.182     0  00:02      2.77    2.39    1.00
  67                   CONDUIT      21.4     0  00:00      5.54    0.21    1.00
  Amont_L              CONDUIT      38.2     0  00:00      5.40    2.07    1.00
  69                   CONDUIT     0.351     0  00:02      2.95    1.37    1.00
  70                   CONDUIT     0.255     0  00:02      2.03    0.79    1.00
  71                   CONDUIT     0.589     0  00:00      2.47    1.04    1.00
  72                   CONDUIT     0.362     0  00:08      2.18    1.72    0.58
  Sauser_L             CONDUIT      0.62     0  00:01      1.18    0.16    0.64
  75                   CONDUIT    0.0817     0  00:02      2.82    0.83    0.62
  Entw_Sto_L           CONDUIT    0.0365     0  00:08      1.86    0.84    0.72
  4                    CONDUIT    0.0228     0  00:08      1.30    1.02    0.85
  5                    CONDUIT    0.0306     0  00:08      1.31    1.09    0.87
  6                    CONDUIT    0.0432     0  00:02      1.62    0.65    0.79
  7                    CONDUIT     0.469     0  00:02      2.39    0.72    1.00
  Brunn_Teich_L        CONDUIT     0.465     0  00:02      1.86    0.35    0.71
  9                    CONDUIT   0.00668     0  00:02      1.68    0.00    0.51
  12                   CONDUIT      13.1     0  00:00      7.10    0.27    1.00
  15                   CONDUIT      15.2     0  00:00      7.16    0.39    1.00
  18                   CONDUIT      13.7     0  00:00      6.79    0.55    1.00
  19                   CONDUIT      1.19     0  00:01      1.59    1.13    1.00
  20                   CONDUIT     0.822     0  00:03      5.63    0.07    0.33
  21                   CONDUIT      13.1     0  00:01      1.24    0.09    0.91
  Hooliloch_L          CONDUIT      12.8     0  00:02      1.81    0.25    0.75
  23                   CONDUIT     0.158     0  00:07      3.37    0.99    0.63
  25                   CONDUIT     0.899     0  00:03      3.08    0.73    1.00
  28                   CONDUIT     0.158     0  00:06      2.46    0.00    0.03
  29                   CONDUIT    0.0244     0  00:08      0.61    0.00    0.03
  31                   CONDUIT     0.511     0  00:05      0.80    0.31    0.89
  33                   CONDUIT     0.975     0  00:01      0.90    0.37    1.00
  37                   CONDUIT      0.26     0  00:08      0.55    0.01    0.12
  SS3_L                CONDUIT     0.158     0  00:08      3.05    0.00    0.05
  40                   CONDUIT     0.772     0  00:03      2.23    0.00    0.05
  SS6_L                CONDUIT     0.172     0  00:02      4.17    0.00    0.05
  1                    CONDUIT         0     0  00:00      0.00    0.00    0.02
  2                    CONDUIT         0     0  00:00      0.00    0.00    0.00
  3                    CONDUIT    0.0816     0  00:02      3.91    0.01    0.07
  10                   CONDUIT     0.212     0  00:08      0.49    0.00    0.11
  13                   CONDUIT     0.518     0  00:00      5.69    1.12    1.00
  22                   CONDUIT     0.391     0  00:02      4.06    0.97    1.00
  24                   CONDUIT      2.87     0  00:01      4.12    0.00    1.00
  30                   CONDUIT      2.27     0  00:02      3.16    0.95    1.00
  34                   CONDUIT     0.681     0  00:02      2.96    0.76    0.95
  36                   CONDUIT     0.677     0  00:03      6.00    0.72    0.49
  38                   CONDUIT     0.522     0  00:01      3.02    0.20    1.00
  48                   CONDUIT      1.14     0  00:04      2.61    0.76    0.99
  54                   CONDUIT       1.3     0  00:07      1.03    0.25    0.67
  68                   CONDUIT      0.28     0  00:03      9.26    0.00    0.03
  73                   CONDUIT         0     0  00:00      0.00    0.00    0.03
  TWT1                 CONDUIT     0.161     0  00:08      2.31    0.00    0.01
  1_1_a_1              CONDUIT     0.021     0  00:08      0.18    0.05    0.57
  TWT2                 CONDUIT     0.218     0  00:08      2.17    0.00    0.01
  TWT3                 CONDUIT     0.222     0  00:04      0.69    0.00    0.03
  TWT4                 CONDUIT      1.94     0  00:02      1.96    0.00    0.07
  1_2_b_               CONDUIT         0     0  00:00      0.00    0.00    0.05
  1_2_b_1              CONDUIT      2.79     0  00:02     20.38   10.73    1.00
  1_2_b_2              CONDUIT    0.0692     0  00:03      0.73    0.02    0.55
  1_2_b_3              CONDUIT     0.595     0  00:01      3.31    0.45    1.00
  TWT5                 CONDUIT      4.68     0  00:07      3.70    0.01    0.11
  1_4_a                CONDUIT      1.22     0  00:08      1.24    0.02    0.20
  TWT6                 CONDUIT      2.29     0  00:05      0.98    0.01    0.11
  1_4_b                CONDUIT         0     0  00:00      0.00    0.00    0.19
  TWT7                 CONDUIT         0     0  00:00      0.00    0.00    0.04
  1_5_a                CONDUIT         0     0  00:00      0.00    0.00    0.03
  1_7_a                CONDUIT      4.09     0  00:06      2.88    0.93    0.13
  1_7_a_               CONDUIT     0.328     0  00:03      6.26    0.02    0.37
  1_7_a__              CONDUIT      1.74     0  00:08     11.41    0.25    0.82
  1_8_a                CONDUIT     0.131     0  00:08      4.53    0.00    0.08
  CV_1C_to_54          CONDUIT     0.183     0  00:08      1.10    0.99    0.79
  
  
  ***************************
  Flow Classification Summary
  ***************************
  
  -------------------------------------------------------------------------------------
                      Adjusted    ---------- Fraction of Time in Flow Class ---------- 
                       /Actual         Up    Down  Sub   Sup   Up    Down  Norm  Inlet 
  Conduit               Length    Dry  Dry   Dry   Crit  Crit  Crit  Crit  Ltd   Ctrl  
  -------------------------------------------------------------------------------------
  Brunn_Fassung_L         1.00   0.00  0.00  0.00  0.00  1.00  0.00  0.00  0.00  0.00
  11                      1.00   0.00  0.00  0.00  1.00  0.00  0.00  0.00  0.00  0.00
  14                      1.00   0.00  0.00  0.00  1.00  0.00  0.00  0.00  0.00  0.00
  16                      1.00   0.00  0.00  0.00  1.00  0.00  0.00  0.00  0.00  0.00
  17                      1.00   0.00  0.00  0.00  1.00  0.00  0.00  0.00  0.00  0.00
  26                      1.00   0.00  0.00  0.00  1.00  0.00  0.00  0.00  0.00  0.00
  27                      1.00   0.00  0.00  0.00  1.00  0.00  0.00  0.00  0.00  0.00
  Gischeren_L             1.00   0.00  0.00  0.00  1.00  0.00  0.00  0.00  0.00  0.00
  Schuettstein_L          1.00   0.00  0.00  0.00  0.00  1.00  0.00  0.00  0.00  0.00
  Brunnmuehle_L           1.00   0.00  0.00  0.00  1.00  0.00  0.00  0.00  0.00  0.00
  32                      1.00   1.00  0.00  0.00  0.00  0.00  0.00  0.00  0.00  0.00
  35                      1.00   0.00  0.00  0.00  1.00  0.00  0.00  0.00  0.00  0.00
  45                      1.00   0.00  0.00  0.00  0.00  1.00  0.00  0.00  1.00  0.00
  46                      1.00   0.00  0.00  0.00  1.00  0.00  0.00  0.00  0.00  0.00
  47                      1.00   0.00  0.00  0.00  1.00  0.00  0.00  0.00  0.00  0.00
  50                      1.00   0.00  0.00  0.00  1.00  0.00  0.00  0.00  0.00  0.00
  51                      1.00   0.00  0.00  0.00  1.00  0.00  0.00  0.00  0.00  0.00
  53                      1.00   0.00  0.00  0.00  1.00  0.00  0.00  0.00  0.00  0.00
  Fenster_L               1.00   0.00  0.00  0.00  0.00  1.00  0.00  0.00  0.00  0.00
  58                      1.00   0.00  0.00  0.00  0.00  1.00  0.00  0.00  0.00  0.00
  59                      1.00   0.00  0.00  0.00  0.00  1.00  0.00  0.00  1.00  0.00
  61                      1.00   0.00  0.00  0.00  1.00  0.00  0.00  0.00  0.00  0.00
  63                      1.00   0.00  0.00  0.00  1.00  0.00  0.00  0.00  0.00  0.00
  66                      1.00   0.00  0.00  0.00  1.00  0.00  0.00  0.00  0.00  0.00
  67                      1.00   0.00  0.00  0.00  1.00  0.00  0.00  0.00  0.00  0.00
  Amont_L                 1.00   0.00  0.00  0.00  1.00  0.00  0.00  0.00  0.00  0.00
  69                      1.00   0.00  0.00  0.00  1.00  0.00  0.00  0.00  0.00  0.00
  70                      1.00   0.00  0.00  0.00  1.00  0.00  0.00  0.00  0.00  0.00
  71                      1.00   0.00  0.00  0.00  1.00  0.00  0.00  0.00  0.00  0.00
  72                      1.00   0.00  0.00  0.00  1.00  0.00  0.00  0.00  0.00  0.00
  Sauser_L                1.00   0.00  0.00  0.00  1.00  0.00  0.00  0.00  0.00  0.00
  75                      1.00   0.00  0.00  0.00  0.00  1.00  0.00  0.00  0.00  0.00
  Entw_Sto_L              1.00   0.00  0.00  0.00  0.00  1.00  0.00  0.00  0.00  0.00
  4                       1.00   0.00  0.00  0.00  1.00  0.00  0.00  0.00  0.00  0.00
  5                       1.00   0.00  0.00  0.00  0.99  0.01  0.00  0.00  0.00  0.00
  6                       1.00   0.00  0.00  0.00  0.00  1.00  0.00  0.00  0.00  0.00
  7                       1.00   0.00  0.00  0.00  1.00  0.00  0.00  0.00  0.00  0.00
  Brunn_Teich_L           1.00   0.00  0.00  0.00  1.00  0.00  0.00  0.00  0.00  0.00
  9                       1.00   0.00  0.00  0.00  0.00  1.00  0.00  0.00  0.00  0.00
  12                      1.00   0.00  0.00  0.00  1.00  0.00  0.00  0.00  0.00  0.00
  15                      1.00   0.00  0.00  0.00  1.00  0.00  0.00  0.00  0.00  0.00
  18                      1.00   0.00  0.00  0.00  1.00  0.00  0.00  0.00  0.00  0.00
  19                      1.00   0.00  0.00  0.00  1.00  0.00  0.00  0.00  0.00  0.00
  20                      1.00   0.00  0.00  0.00  0.00  1.00  0.00  0.00  0.00  0.00
  21                      1.00   0.00  0.00  0.00  1.00  0.00  0.00  0.00  0.00  0.00
  Hooliloch_L             1.00   0.00  0.00  0.00  1.00  0.00  0.00  0.00  0.00  0.00
  23                      1.00   0.00  0.00  0.00  0.00  1.00  0.00  0.00  0.00  0.00
  25                      1.00   0.00  0.00  0.00  1.00  0.00  0.00  0.00  0.00  0.00
  28                      1.00   0.00  0.00  0.00  0.00  1.00  0.00  0.00  0.00  0.00
  29                      1.00   0.00  0.00  0.00  1.00  0.00  0.00  0.00  1.00  0.00
  31                      1.00   0.00  0.00  0.00  1.00  0.00  0.00  0.00  0.00  0.00
  33                      1.00   0.00  0.00  0.00  1.00  0.00  0.00  0.00  0.00  0.00
  37                      1.00   0.00  0.00  0.00  1.00  0.00  0.00  0.00  0.00  0.00
  SS3_L                   1.00   0.00  0.00  0.00  0.00  1.00  0.00  0.00  1.00  0.00
  40                      1.00   0.00  0.00  0.00  1.00  0.00  0.00  0.00  0.00  0.00
  SS6_L                   1.00   0.00  0.00  0.00  0.00  1.00  0.00  0.00  1.00  0.00
  1                       1.00   0.00  1.00  0.00  0.00  0.00  0.00  0.00  0.00  0.00
  2                       1.00   1.00  0.00  0.00  0.00  0.00  0.00  0.00  0.00  0.00
  3                       1.00   0.00  0.00  0.00  0.00  1.00  0.00  0.00  1.00  0.00
  10                      1.00   0.00  0.00  0.00  1.00  0.00  0.00  0.00  1.00  0.00
  13                      1.00   0.00  0.00  0.00  1.00  0.00  0.00  0.00  0.00  0.00
  22                      1.00   0.00  0.00  0.00  1.00  0.00  0.00  0.00  0.00  0.00
  24                      1.00   0.00  0.00  0.00  1.00  0.00  0.00  0.00  0.00  0.00
  30                      1.00   0.00  0.00  0.00  1.00  0.00  0.00  0.00  0.00  0.00
  34                      1.00   0.00  0.00  0.00  1.00  0.00  0.00  0.00  0.00  0.00
  36                      1.00   0.00  0.00  0.00  0.00  1.00  0.00  0.00  0.00  0.00
  38                      1.00   0.00  0.00  0.00  1.00  0.00  0.00  0.00  0.00  0.00
  48                      1.00   0.00  0.00  0.00  1.00  0.00  0.00  0.00  0.00  0.00
  54                      1.00   0.00  0.01  0.00  0.99  0.00  0.00  0.00  0.00  0.00
  68                      1.00   0.00  0.00  0.00  0.00  1.00  0.00  0.00  1.00  0.00
  73                      1.00   0.00  1.00  0.00  0.00  0.00  0.00  0.00  0.00  0.00
  TWT1                    1.00   0.00  0.00  0.00  0.00  1.00  0.00  0.00  0.00  0.00
  1_1_a_1                 1.00   0.00  0.00  0.00  1.00  0.00  0.00  0.00  1.00  0.00
  TWT2                    1.00   0.00  0.00  0.00  0.00  1.00  0.00  0.00  0.00  0.00
  TWT3                    1.00   0.00  0.00  0.00  1.00  0.00  0.00  0.00  0.00  0.00
  TWT4                    1.00   0.00  0.00  0.00  1.00  0.00  0.00  0.00  1.00  0.00
  1_2_b_                  1.00   0.00  1.00  0.00  0.00  0.00  0.00  0.00  0.00  0.00
  1_2_b_1                 1.00   0.00  0.00  0.00  1.00  0.00  0.00  0.00  0.00  0.00
  1_2_b_2                 1.00   0.00  0.00  0.00  1.00  0.00  0.00  0.00  1.00  0.00
  1_2_b_3                 1.00   0.00  0.00  0.00  1.00  0.00  0.00  0.00  0.00  0.00
  TWT5                    1.00   0.00  0.00  0.00  1.00  0.00  0.00  0.00  0.00  0.00
  1_4_a                   1.00   0.00  0.00  0.00  1.00  0.00  0.00  0.00  0.00  0.00
  TWT6                    1.00   0.00  0.00  0.00  1.00  0.00  0.00  0.00  0.00  0.00
  1_4_b                   1.00   0.00  1.00  0.00  0.00  0.00  0.00  0.00  0.00  0.00
  TWT7                    1.00   0.00  1.00  0.00  0.00  0.00  0.00  0.00  0.00  0.00
  1_5_a                   1.00   0.00  1.00  0.00  0.00  0.00  0.00  0.00  0.00  0.00
  1_7_a                   1.00   0.00  0.00  0.00  0.00  1.00  0.00  0.00  0.00  0.00
  1_7_a_                  1.00   0.00  0.00  0.00  0.00  1.00  0.00  0.00  1.00  0.00
  1_7_a__                 1.00   0.00  0.00  0.00  0.00  1.00  0.00  0.00  0.00  0.00
  1_8_a                   1.00   0.00  0.00  0.00  1.00  0.00  0.00  0.00  0.00  0.00
  CV_1C_to_54             1.00   0.00  0.00  0.00  1.00  0.00  0.00  0.00  0.00  0.00
  
  
  *************************
  Conduit Surcharge Summary
  *************************
  
  ----------------------------------------------------------------------------
                                                           Hours        Hours 
                         --------- Hours Full --------   Above Full   Capacity
  Conduit                Both Ends  Upstream  Dnstream   Normal Flow   Limited
  ----------------------------------------------------------------------------
  Brunn_Fassung_L             0.01      0.01     24.00      0.01         0.01
  11                         23.99     23.99     23.99     23.99         0.01
  14                         23.99     23.99     24.00     23.99         0.01
  16                         24.00     24.00     24.00     23.99        23.99
  17                         24.00     24.00     24.00      0.01         0.01
  26                         23.99     24.00     23.99     23.99        23.99
  27                          0.01      0.01     23.97      0.01         0.01
  Gischeren_L                 0.01      0.01     23.90      0.01         0.01
  Schuettstein_L              0.01      0.01     23.99      0.01         0.01
  Brunnmuehle_L              24.00     24.00     24.00      0.01         0.01
  35                         23.92     23.92     23.96      0.01         0.01
  46                         24.00     24.00     24.00      0.01         0.01
  47                         24.00     24.00     24.00     24.00        24.00
  50                         23.99     23.99     23.99      0.01         0.01
  51                         23.98     23.98     23.99      0.01         0.01
  53                         24.00     24.00     24.00     23.99         0.01
  61                         23.99     23.99     23.99     23.99         0.01
  63                          0.01     23.98      0.01      0.01         0.01
  66                         23.95     23.98     23.95     23.98        23.95
  67                         23.99     23.99     24.00      0.01         0.01
  Amont_L                    24.00     24.00     24.00     24.00         0.01
  69                         23.96     23.96     24.00      0.02         0.01
  70                         23.96     23.96     24.00      0.01         0.01
  71                         23.99     23.99     23.99      0.01         0.01
  72                          0.01     23.98      0.01     23.98         0.01
  Sauser_L                    0.01      0.01     24.00      0.01         0.01
  75                          0.01     23.96      0.01      0.01         0.01
  4                           0.01     23.97      0.01     23.86         0.01
  5                           0.01      0.01     24.00     23.86         0.01
  6                           0.01      0.01     24.00      0.01         0.01
  7                          23.99     23.99     24.00      0.01         0.01
  Brunn_Teich_L               0.01      0.01     23.99      0.01         0.01
  9                           0.01      0.01     23.99      0.01         0.01
  12                         23.99     23.99     23.99      0.01         0.01
  15                         23.99     23.99     23.99      0.01         0.01
  18                         23.99     23.99     23.99      0.01         0.01
  19                         23.98     23.98     23.99      0.01         0.01
  21                          0.01      0.01     23.98      0.01         0.01
  Hooliloch_L                 0.01      0.01     23.97      0.01         0.01
  23                          0.01     23.95      0.01      0.01         0.01
  25                         23.94     23.94     23.99      0.01         0.01
  31                          0.01      0.01     23.91      0.01         0.01
  33                         23.97     23.97     23.97      0.01         0.01
  13                         23.99     23.99     24.00      0.01         0.01
  22                         23.99     23.99     24.00      0.01         0.01
  24                         23.98     23.98     24.00      0.01         0.01
  30                         23.98     23.98     24.00      0.01         0.01
  34                          0.01      0.01     23.99      0.01         0.01
  38                         23.95     23.95     23.96      0.01         0.01
  48                          0.01      0.01     23.91      0.01         0.01
  54                          0.01      0.01     23.87      0.01         0.01
  1_1_a_1                     0.01      0.01     23.98      0.01         0.01
  1_2_b_1                    23.95     24.00     23.95     24.00        23.95
  1_2_b_2                     0.01      0.01     23.95      0.01         0.01
  1_2_b_3                    23.95     23.95     24.00      0.01         0.01
  1_7_a__                     0.01      0.01     23.99      0.01         0.01
  CV_1C_to_54                 0.01     23.92      0.01      0.01         0.01
  

  Analysis begun on:  Mon Oct  5 09:10:18 2026
  Analysis ended on:  Mon Oct  5 09:10:21 2026
  Total elapsed time: 00:00:03