
  EPA STORM WATER MANAGEMENT MODEL - VERSION 5.2 (Build 5.2.4)
  ------------------------------------------------------------

  Brunnmuehle (Twann) 
  WARNING 08: elevation drop exceeds length for Conduit SS3_L
  WARNING 08: elevation drop exceeds length for Conduit SS6_L
  WARNING 08: elevation drop exceeds length for Conduit 2
  WARNING 08: elevation drop exceeds length for Conduit 3
  WARNING 08: elevation drop exceeds length for Conduit 68
  WARNING 08: elevation drop exceeds length for Conduit 1_2_b_
  WARNING 08: elevation drop exceeds length for Conduit 1_2_b_2
  WARNING 08: elevation drop exceeds length for Conduit 1_2_b_5
  WARNING 08: elevation drop exceeds length for Conduit 1_4_b
  WARNING 08: elevation drop exceeds length for Conduit 1_5_a
  WARNING 02: maximum depth increased for Node 2
  
  ****************
  Analysis Options
  ****************
  Flow Units ............... CMS
  Process Models:
    Rainfall/Runoff ........ NO
    RDII ................... NO
    Snowmelt ............... NO
    Groundwater ............ NO
    Flow Routing ........... YES
    Ponding Allowed ........ NO
    Water Quality .......... NO
  Flow Routing Method ...... DYNWAVE
  Surcharge Method ......... EXTRAN
  Starting Date ............ 01/01/2000 00:00:00
  Ending Date .............. 01/02/2000 00:00:00
  Antecedent Dry Days ...... 0.0
  Report Time Step ......... 01:00:00
  Routing Time Step ........ 0.50 sec
  Variable Time Step ....... YES
  Maximum Trials ........... 8
  Number of Threads ........ 1
  Head Tolerance ........... 0.001500 m
  
  
  **************************        Volume        Volume
  Flow Routing Continuity        hectare-m      10^6 ltr
  **************************     ---------     ---------
  Dry Weather Inflow .......         0.000         0.000
  Wet Weather Inflow .......         0.000         0.000
  Groundwater Inflow .......         0.000         0.000
  RDII Inflow ..............         0.000         0.000
  External Inflow ..........       207.725      2077.271
  External Outflow .........       196.944      1969.457
  Flooding Loss ............         0.000         0.000
  Evaporation Loss .........         0.000         0.000
  Exfiltration Loss ........         0.000         0.000
  Initial Stored Volume ....         0.056         0.561
  Final Stored Volume ......         0.608         6.081
  Continuity Error (%) .....         4.923
  
  
  *************************
  Highest Continuity Errors
  *************************
  Node TWT_Acces_LT_60+110 (-7232.75%)
  Node 2 (77.87%)
  Node 54 (57.63%)
  Node 8 (46.48%)
  Node SonSto_F (25.05%)
  
  
  ***************************
  Time-Step Critical Elements
  ***************************
  Link 1_4_a (17982.71%)
  Link 1_6_b_2 (7.81%)
  Link 20 (2.08%)
  
  
  ********************************
  Highest Flow Instability Indexes
  ********************************
  All links are stable.
  
  
  *********************************
  Most Frequent Nonconverging Nodes
  *********************************
  Node Brunnm_Fassung (46.46%)
  Node Brunnmuehle(Teich) (46.46%)
  Node Fensterstollen (46.46%)
  Node Gischeren (46.46%)
  Node Schuettstein (46.46%)
  
  
  *************************
  Routing Time Step Summary
  *************************
  Minimum Time Step           :     0.50 sec
  Average Time Step           :     0.50 sec
  Maximum Time Step           :     0.50 sec
  % of Time in Steady State   :    99.44
  Average Iterations per Step :     6.09
  % of Steps Not Converging   :    46.46
  Time Step Frequencies       :
      0.500 -  0.500 sec      :   100.00 %
      0.500 -  0.500 sec      :     0.00 %
      0.500 -  0.500 sec      :     0.00 %
      0.500 -  0.500 sec      :     0.00 %
      0.500 -  0.500 sec      :     0.00 %
  
  
  ******************
  Node Depth Summary
  ******************
  
  ---------------------------------------------------------------------------------
                                 Average  Maximum  Maximum  Time of Max    Reported
                                   Depth    Depth      HGL   Occurrence   Max Depth
  Node                 Type       Meters   Meters   Meters  days hr:min      Meters
  ---------------------------------------------------------------------------------
  9                    JUNCTION    41.40    48.37   486.87     0  00:00       41.43
  Holiloch_sonde       JUNCTION    39.09    45.57   485.57     0  00:00       39.12
  11                   JUNCTION    45.84    46.40   456.40     0  00:05       45.85
  13                   JUNCTION    46.06    46.09   484.09     0  00:07       46.08
  21                   JUNCTION    40.53    41.06   441.06     0  00:05       40.54
  SonSto_F             JUNCTION     0.59     0.75   438.55     0  00:07        0.59
  Sondierstollen       JUNCTION     0.00     0.00   440.80     0  00:00        0.00
  Aval_Trappe          JUNCTION     0.89     0.91   438.51     0  00:07        0.89
  30                   JUNCTION     0.80     0.83   438.13     0  00:07        0.80
  Gischeren_node       JUNCTION     0.00     0.00   476.50     0  00:00        0.00
  34                   JUNCTION    19.22    19.60   439.60     0  00:05       19.23
  38                   JUNCTION    23.36    23.86   443.86     0  00:05       23.37
  SS6                  JUNCTION     0.07     0.07   448.07     0  00:02        0.07
  40                   JUNCTION    39.03    40.31   459.31     0  00:02       39.05
  41                   JUNCTION    46.47    61.92   499.42     0  00:00       46.48
  SondeSchuettstein    JUNCTION    20.17    21.69   480.69     0  00:01       20.19
  SS4                  JUNCTION     0.06     0.06   448.06     0  00:08        0.06
  47                   JUNCTION    13.46    13.48   478.38     0  00:07       13.48
  48                   JUNCTION     8.07     9.48   480.48     0  00:01        8.07
  SondeGischeren       JUNCTION     9.45    10.77   475.77     0  00:06        9.49
  49                   JUNCTION    12.48    13.44   479.44     0  00:02       12.50
  50                   JUNCTION     4.92     7.65   470.65     0  00:06        4.94
  51                   JUNCTION    65.01    65.04   485.04     0  00:07       65.03
  Amont_C              JUNCTION    70.09   141.12   559.12     0  00:00       70.11
  52                   JUNCTION     5.76    12.22   469.22     0  00:05        5.79
  53                   JUNCTION     8.83    12.51   479.51     0  00:01        8.83
  54                   JUNCTION     2.39     2.40   465.40     0  00:08        2.40
  56                   JUNCTION     7.01     7.36   437.36     0  00:02        7.02
  2                    JUNCTION     0.13     0.14   438.14     0  00:08        0.14
  4                    JUNCTION     8.71     9.19   437.19     0  00:00        8.71
  5                    JUNCTION     5.70     5.71   478.21     0  00:07        5.70
  6                    JUNCTION    20.63    20.67   478.67     0  00:07       20.65
  7                    JUNCTION     3.20     3.20   478.20     0  00:08        3.20
  SS3                  JUNCTION     0.05     0.05   448.05     0  00:08        0.05
  SS5                  JUNCTION     0.64     0.64   439.54     0  00:08        0.64
  8                    JUNCTION     0.51     0.51   474.51     0  00:08        0.51
  10                   JUNCTION    10.47    11.47   479.47     0  00:02       10.49
  SonSto_SS5           JUNCTION     0.15     0.15   439.45     0  00:08        0.15
  SonSto_SS3           JUNCTION     0.06     0.06   439.76     0  00:08        0.06
  SonSto_SS4           JUNCTION     0.14     0.14   439.54     0  00:08        0.14
  Amont_Trappe         JUNCTION     0.76     0.82   438.52     0  00:02        0.76
  SonSto_SS6           JUNCTION     0.14     0.14   438.84     0  00:08        0.14
  SS2                  JUNCTION     0.00     0.00   448.00     0  00:00        0.00
  SonSto_SS2           JUNCTION     0.00     0.00   441.50     0  00:00        0.00
  12                   JUNCTION    23.42    23.80   472.80     0  00:02       23.44
  14                   JUNCTION    10.30    13.78   478.78     0  00:02       10.32
  15                   JUNCTION     0.31     0.32   472.32     0  00:08        0.32
  TWT_PointHaut_60+650 JUNCTION     0.00     0.00   438.50     0  00:00        0.00
  TWT_Fensterstollen_60+375 JUNCTION     1.37     1.37   438.67     0  00:08        1.37
  TWT_Acces_LT_60+110  JUNCTION     1.36     1.39   438.89     0  00:07        1.36
  TWT_Liaison_LT_59+738 JUNCTION     0.00     0.00   450.60     0  00:00        0.00
  Syst_Est_amont       JUNCTION     0.91     0.91   430.91     0  00:08        0.91
  Syst_Est_interm      JUNCTION    19.51    24.81   434.81     0  00:07       19.60
  TWT_Branche_Est_Sonsto_60+540 JUNCTION     0.00     0.00   442.40     0  00:00        0.00
  TWT_Intersection_Sonsto_60+345 JUNCTION     1.82     1.82   438.82     0  00:08        1.82
  TWT_Chrosweg_61+140  JUNCTION     0.00     0.00   432.00     0  00:00        0.00
  SonSto_F_sup         JUNCTION     0.05     0.05   448.05     0  00:08        0.05
  SonSto_porte         JUNCTION     0.31     0.31   438.81     0  00:08        0.31
  Brunnm_Fassung       OUTFALL      0.10     0.10   433.90     0  00:05        0.10
  Brunnmuehle(Teich)   OUTFALL      0.23     0.23   435.73     0  00:05        0.23
  Fensterstollen       OUTFALL      0.79     0.80   437.80     0  00:08        0.80
  Gischeren            OUTFALL      0.00     0.00   480.00     0  00:00        0.00
  Schuettstein         OUTFALL      0.18     0.18   477.73     0  00:07        0.18
  Holiloch             OUTFALL      1.40     1.40   477.90     0  00:08        1.40
  Sauserquelle         OUTFALL      0.40     0.40   435.95     0  00:07        0.40
  Entw_Stollen         OUTFALL      0.13     0.13   436.63     0  00:08        0.13
  Sous_lacustre        OUTFALL      0.10     0.10   429.30     0  00:05        0.10
  Sous_ecoul.          OUTFALL      0.00     0.00   433.00     0  00:05        0.00
  Syst_Est_aval        OUTFALL      0.28     0.42   429.42     0  00:07        0.29
  TWT_Portail_Est_61+665 OUTFALL      0.00     0.00   421.60     0  00:00        0.00
  
  
  *******************
  Node Inflow Summary
  *******************
  
  -------------------------------------------------------------------------------------------------
                                  Maximum  Maximum                  Lateral       Total        Flow
                                  Lateral    Total  Time of Max      Inflow      Inflow     Balance
                                   Inflow   Inflow   Occurrence      Volume      Volume       Error
  Node                 Type           CMS      CMS  days hr:min    10^6 ltr    10^6 ltr     Percent
  -------------------------------------------------------------------------------------------------
  9                    JUNCTION         0     13.4     0  00:00           0         458       0.027
  Holiloch_sonde       JUNCTION         0     11.9     0  00:00           0         424       0.009
  11                   JUNCTION         0    0.243     0  00:08           0          21      -0.002
  13                   JUNCTION         0     22.8     0  00:00           0     1.8e+03       0.014
  21                   JUNCTION         0    0.417     0  00:05           0        35.9      -0.002
  SonSto_F             JUNCTION         0     2.18     0  00:01           0        74.5      33.430
  Sondierstollen       JUNCTION         0        0     0  00:00           0           0       0.000 ltr
  Aval_Trappe          JUNCTION         0       15     0  00:07           0    1.28e+03      -0.214
  30                   JUNCTION         0     15.2     0  00:07           0    1.29e+03      -3.639
  Gischeren_node       JUNCTION         0        0     0  00:00           0           0       0.000 ltr
  34                   JUNCTION         0    0.383     0  00:05           0        32.8      -0.002
  38                   JUNCTION         0    0.233     0  00:00           0          19       0.002
  SS6                  JUNCTION         0    0.151     0  00:02           0        12.7       0.002
  40                   JUNCTION         0     1.64     0  00:07           0         141       0.001
  41                   JUNCTION         0     4.53     0  00:00           0          28       0.066
  SondeSchuettstein    JUNCTION         0    0.607     0  00:00           0          28       0.000
  SS4                  JUNCTION         0   0.0826     0  00:08           0        7.13       0.047
  47                   JUNCTION         0     7.43     0  00:01           0         411       0.084
  48                   JUNCTION         0    0.442     0  00:01           0          28       0.052
  SondeGischeren       JUNCTION         0    0.232     0  00:06           0        11.9       0.505
  49                   JUNCTION         0    0.894     0  00:01           0        12.7       0.867
  50                   JUNCTION         0     0.18     0  00:06           0        11.8       0.006
  51                   JUNCTION         0     40.1     0  00:00           0    1.98e+03      -0.002
  Amont_C              JUNCTION      22.9     46.8     0  00:00    1.98e+03    1.98e+03       0.012
  52                   JUNCTION         0    0.235     0  00:05           0        16.9       0.129
  53                   JUNCTION         0    0.304     0  00:01           0        21.6       0.034
  54                   JUNCTION         0    0.251     0  00:08           0        21.6     136.005
  56                   JUNCTION         0     1.34     0  00:07           0         115       0.000
  2                    JUNCTION         0    0.171     0  00:08           0        14.7     351.937
  4                    JUNCTION         0    0.352     0  00:05           0        30.1       0.019
  5                    JUNCTION         0     6.05     0  00:01           0         411      -0.021
  6                    JUNCTION         0     8.77     0  00:00           0         424       0.025
  7                    JUNCTION         0     4.93     0  00:02           0         411       0.089
  SS3                  JUNCTION         0    0.139     0  00:06           0        11.8       0.017
  SS5                  JUNCTION         0    0.347     0  00:08           0        29.9       0.049
  8                    JUNCTION         0    0.257     0  00:08           0        22.2      86.829
  10                   JUNCTION         0     0.67     0  00:02           0        12.6      -0.418
  SonSto_SS5           JUNCTION         0    0.433     0  00:08           0        37.3       0.023
  SonSto_SS3           JUNCTION         0   0.0526     0  00:08           0        4.53       0.170
  SonSto_SS4           JUNCTION         0    0.135     0  00:08           0        11.6       0.124
  Amont_Trappe         JUNCTION         0     2.71     0  00:01           0        50.4      16.997
  SonSto_SS6           JUNCTION         0     0.58     0  00:08           0          50       0.023
  SS2                  JUNCTION         0        0     0  00:00           0           0       0.000 ltr
  SonSto_SS2           JUNCTION         0        0     0  00:00           0           0       0.000 ltr
  12                   JUNCTION         0    0.351     0  00:00           0        19.7       0.017
  14                   JUNCTION         0     1.65     0  00:02           0         114       0.038
  15                   JUNCTION         0    0.387     0  00:07           0        33.4       0.032
  TWT_PointHaut_60+650 JUNCTION         0        0     0  00:00           0           0       0.000 ltr
  TWT_Fensterstollen_60+375 JUNCTION         0     14.9     0  00:08           0    1.28e+03       3.599
  TWT_Acces_LT_60+110  JUNCTION         0     7.43     0  00:04           0        1.71     -98.636
  TWT_Liaison_LT_59+738 JUNCTION         0        0     0  00:00           0           0       0.000 ltr
  Syst_Est_amont       JUNCTION      1.15     1.15     0  00:00        98.9        98.9     171.420
  Syst_Est_interm      JUNCTION         0     1.21     0  00:04           0        36.4       1.134
  TWT_Branche_Est_Sonsto_60+540 JUNCTION         0        0     0  00:00           0           0       0.000 ltr
  TWT_Intersection_Sonsto_60+345 JUNCTION         0     16.2     0  00:08           0    1.39e+03       7.192
  TWT_Chrosweg_61+140  JUNCTION         0        0     0  00:00           0           0       0.000 ltr
  SonSto_F_sup         JUNCTION         0    0.387     0  00:08           0        33.4       0.002
  SonSto_porte         JUNCTION         0      0.4     0  00:07           0        30.4     183.795
  Brunnm_Fassung       OUTFALL          0   0.0323     0  00:05           0        2.73       0.000
  Brunnmuehle(Teich)   OUTFALL          0    0.347     0  00:05           0        29.6       0.000
  Fensterstollen       OUTFALL          0     15.6     0  00:08           0    1.34e+03       0.000
  Gischeren            OUTFALL          0        0     0  00:00           0           0       0.000 ltr
  Schuettstein         OUTFALL          0    0.324     0  00:07           0          28       0.000
  Holiloch             OUTFALL          0     4.76     0  00:08           0         411       0.000
  Sauserquelle         OUTFALL          0     1.34     0  00:07           0         115       0.000
  Entw_Stollen         OUTFALL          0   0.0379     0  00:08           0        3.26       0.000
  Sous_lacustre        OUTFALL          0   0.0357     0  00:05           0        3.05       0.000
  Sous_ecoul.          OUTFALL          0  0.00597     0  00:05           0       0.508       0.000
  Syst_Est_aval        OUTFALL          0    0.897     0  00:07           0          36       0.000
  TWT_Portail_Est_61+665 OUTFALL          0        0     0  00:00           0           0       0.000 ltr
  
  
  **********************
  Node Surcharge Summary
  **********************
  
  Surcharging occurs when water rises above the top of the highest conduit.
  ---------------------------------------------------------------------
                                               Max. Height   Min. Depth
                                   Hours       Above Crown    Below Rim
  Node                 Type      Surcharged         Meters       Meters
  ---------------------------------------------------------------------
  9                    JUNCTION       23.99         46.566       51.634
  Holiloch_sonde       JUNCTION       23.99         43.673      154.427
  11                   JUNCTION       24.00         45.943      103.597
  13                   JUNCTION       23.99         43.087      353.913
  21                   JUNCTION       24.00         40.458      108.942
  34                   JUNCTION       24.00         19.004       80.396
  38                   JUNCTION       24.00         23.263      126.137
  40                   JUNCTION       24.00         36.313       59.687
  41                   JUNCTION       23.99         61.069      188.081
  SondeSchuettstein    JUNCTION       23.99         20.887        0.000
  47                   JUNCTION       23.98         11.579       86.521
  48                   JUNCTION       23.98          8.684       90.516
  SondeGischeren       JUNCTION       23.89          9.567       89.233
  49                   JUNCTION       23.96          5.438      186.562
  50                   JUNCTION       23.89          7.349      192.351
  51                   JUNCTION       24.00         61.042      334.958
  Amont_C              JUNCTION       24.00        138.119      258.881
  52                   JUNCTION       23.91         11.820       87.780
  53                   JUNCTION       23.97          7.513      187.487
  56                   JUNCTION       24.00          6.363       92.637
  4                    JUNCTION       23.99          8.540       90.810
  5                    JUNCTION       23.96          0.708       44.292
  6                    JUNCTION       23.98         15.666      179.334
  10                   JUNCTION       23.96          3.471      188.529
  12                   JUNCTION       23.99         23.447      176.203
  14                   JUNCTION       23.96          9.779      186.221
  Syst_Est_interm      JUNCTION       23.88         23.313       75.187
  
  
  *********************
  Node Flooding Summary
  *********************
  
  No nodes were flooded.
  
  
  ***********************
  Outfall Loading Summary
  ***********************
  
  -----------------------------------------------------------
                         Flow       Avg       Max       Total
                         Freq      Flow      Flow      Volume
  Outfall Node           Pcnt       CMS       CMS    10^6 ltr
  -----------------------------------------------------------
  Brunnm_Fassung        99.95    0.0316    0.0323       2.733
  Brunnmuehle(Teich)    99.95     0.343     0.347      29.577
  Fensterstollen        99.92      15.5      15.6    1340.225
  Gischeren              0.00         0         0       0.000
  Schuettstein          99.93     0.324     0.324      27.988
  Holiloch              99.86      4.76      4.76     410.653
  Sauserquelle          99.98      1.34      1.34     115.420
  Entw_Stollen          99.96    0.0378    0.0379       3.263
  Sous_lacustre        100.00    0.0353    0.0357       3.047
  Sous_ecoul.           99.95   0.00588   0.00597       0.508
  Syst_Est_aval         99.50     0.419     0.897      36.036
  TWT_Portail_Est_61+665   0.00         0         0       0.000
  -----------------------------------------------------------
  System                83.25      22.8      22.9    1969.448
  
  
  ********************
  Link Flow Summary
  ********************
  
  -----------------------------------------------------------------------------
                                 Maximum  Time of Max   Maximum    Max/    Max/
                                  |Flow|   Occurrence   |Veloc|    Full    Full
  Link                 Type          CMS  days hr:min     m/sec    Flow   Depth
  -----------------------------------------------------------------------------
  Brunn_Fassung_L      CONDUIT    0.0323     0  00:05      1.40    0.53    0.76
  11                   CONDUIT      11.9     0  00:00      6.87    1.78    1.00
  14                   CONDUIT      13.4     0  00:00      8.66    7.30    1.00
  16                   CONDUIT     0.243     0  00:08      2.84    1.69    1.00
  17                   CONDUIT     0.234     0  00:00      0.83    0.40    1.00
  26                   CONDUIT      4.53     0  00:00      8.30    6.14    1.00
  27                   CONDUIT    0.0785     0  00:01      2.06    1.01    1.00
  Gischeren_L          CONDUIT         0     0  00:00      0.00    0.00    0.00
  Schuettstein_L       CONDUIT     0.324     0  00:07      2.28    0.28    0.68
  Brunnmuehle_L        CONDUIT     0.383     0  00:05      1.35    0.18    1.00
  32                   CONDUIT         0     0  00:00      0.00    0.00    0.00
  35                   CONDUIT         0     0  00:00      0.00    0.00    0.50
  45                   CONDUIT      0.58     0  00:08      2.38    0.00    0.15
  46                   CONDUIT      1.34     0  00:07      4.73    1.33    1.00
  47                   CONDUIT     0.107     0  00:00      2.81    6.67    1.00
  50                   CONDUIT     0.442     0  00:01      1.44    0.08    1.00
  51                   CONDUIT     0.298     0  00:02      3.10    0.84    1.00
  53                   CONDUIT     0.233     0  00:00      1.40    1.19    1.00
  Fenster_L            CONDUIT      15.6     0  00:08     10.28    0.15    0.27
  58                   CONDUIT      15.2     0  00:07      9.09    0.20    0.29
  59                   CONDUIT     0.433     0  00:08      3.46    0.00    0.05
  61                   CONDUIT     0.607     0  00:00      2.96    0.85    1.00
  63                   CONDUIT     0.151     0  00:02      2.09    0.68    0.52
  66                   CONDUIT      0.18     0  00:06      2.61    2.37    1.00
  67                   CONDUIT      22.8     0  00:00      5.46    0.23    1.00
  Amont_L              CONDUIT      40.1     0  00:00      5.67    2.17    1.00
  69                   CONDUIT     0.235     0  00:05      1.98    0.92    1.00
  70                   CONDUIT     0.196     0  00:07      1.56    0.61    1.00
  71                   CONDUIT     0.304     0  00:01      1.32    0.54    1.00
  72                   CONDUIT     0.251     0  00:08      1.33    1.19    0.74
  Sauser_L             CONDUIT      1.34     0  00:07      2.27    0.34    0.70
  75                   CONDUIT    0.0826     0  00:08      2.82    0.84    0.63
  Entw_Sto_L           CONDUIT    0.0379     0  00:08      1.88    0.88    0.74
  4                    CONDUIT    0.0236     0  00:08      1.22    1.05    0.86
  5                    CONDUIT    0.0233     0  00:08      1.00    0.83    0.88
  6                    CONDUIT    0.0357     0  00:05      1.39    0.54    0.76
  7                    CONDUIT     0.352     0  00:05      1.79    0.54    1.00
  Brunn_Teich_L        CONDUIT     0.347     0  00:05      1.45    0.26    0.68
  9                    CONDUIT   0.00597     0  00:05      1.50    0.00    0.50
  12                   CONDUIT      6.05     0  00:01      3.65    0.12    1.00
  15                   CONDUIT      8.77     0  00:00      4.94    0.23    1.00
  18                   CONDUIT      7.43     0  00:01      4.02    0.30    1.00
  19                   CONDUIT     0.894     0  00:01      1.20    0.85    1.00
  20                   CONDUIT       2.3     0  00:01      3.84    0.18    0.86
  21                   CONDUIT      4.93     0  00:02      0.62    0.03    0.82
  Hooliloch_L          CONDUIT      4.76     0  00:08      1.12    0.09    0.58
  23                   CONDUIT     0.139     0  00:06      3.37    0.87    0.58
  25                   CONDUIT     0.257     0  00:08      1.43    0.21    0.60
  28                   CONDUIT    0.0525     0  00:08      0.72    0.00    0.03
  29                   CONDUIT    0.0862     0  00:08      0.70    0.00    0.05
  31                   CONDUIT         0     0  00:00      0.00    0.00    0.05
  33                   CONDUIT      0.67     0  00:02      0.78    0.25    1.00
  37                   CONDUIT     0.347     0  00:08      0.63    0.01    0.13
  SS3_L                CONDUIT    0.0526     0  00:08      2.42    0.00    0.03
  40                   CONDUIT      2.71     0  00:01      1.57    0.02    0.20
  SS6_L                CONDUIT     0.151     0  00:02      2.51    0.00    0.05
  1                    CONDUIT         0     0  00:00      0.00    0.00    0.01
  2                    CONDUIT         0     0  00:00      0.00    0.00    0.00
  3                    CONDUIT    0.0826     0  00:08      2.56    0.01    0.10
  10                   CONDUIT    0.0487     0  00:08      0.13    0.00    0.13
  13                   CONDUIT     0.351     0  00:00      4.01    0.76    1.00
  22                   CONDUIT     0.266     0  00:01      2.77    0.66    1.00
  24                   CONDUIT      1.65     0  00:02      2.35    0.00    1.00
  30                   CONDUIT      1.32     0  00:07      1.84    0.55    1.00
  34                   CONDUIT     0.387     0  00:07      1.93    0.43    0.79
  36                   CONDUIT     0.387     0  00:08      5.59    0.41    0.33
  38                   CONDUIT     0.232     0  00:06      2.39    0.09    0.76
  48                   CONDUIT      1.21     0  00:04      2.64    0.81    0.96
  54                   CONDUIT     0.897     0  00:07      0.75    0.17    0.66
  68                   CONDUIT     0.283     0  00:08      7.17    0.00    0.13
  73                   CONDUIT     0.125     0  00:08      0.64    0.03    0.11
  TWT1                 CONDUIT         0     0  00:00      0.00    0.00    0.00
  TWT2                 CONDUIT         0     0  00:00      0.00    0.00    0.00
  TWT3                 CONDUIT         0     0  00:00      0.00    0.00    0.00
  TWT4                 CONDUIT         0     0  00:00      0.00    0.00    0.09
  1_2_b_               CONDUIT         0     0  00:00      0.00    0.00    0.00
  1_2_b_2              CONDUIT     0.104     0  00:08      0.25    0.01    0.53
  1_2_b_5              CONDUIT    0.0845     0  00:08      0.20    0.00    0.52
  TWT5                 CONDUIT      14.7     0  00:08      2.95    0.02    0.20
  1_4_a                CONDUIT      14.4     0  00:08      6.01    0.22    0.38
  TWT6                 CONDUIT      7.43     0  00:04      1.75    0.02    0.20
  1_4_b                CONDUIT       0.4     0  00:07      0.24    0.00    0.36
  TWT7                 CONDUIT         0     0  00:00      0.00    0.00    0.09
  1_5_a                CONDUIT         0     0  00:00      0.00    0.00    0.03
  1_6_b_2              CONDUIT      14.8     0  00:05     25.19    7.47    1.00
  
  
  ***************************
  Flow Classification Summary
  ***************************
  
  -------------------------------------------------------------------------------------
                      Adjusted    ---------- Fraction of Time in Flow Class ---------- 
                       /Actual         Up    Down  Sub   Sup   Up    Down  Norm  Inlet 
  Conduit               Length    Dry  Dry   Dry   Crit  Crit  Crit  Crit  Ltd   Ctrl  
  -------------------------------------------------------------------------------------
  Brunn_Fassung_L         1.00   0.00  0.00  0.00  0.00  1.00  0.00  0.00  0.00  0.00
  11                      1.00   0.00  0.00  0.00  1.00  0.00  0.00  0.00  0.00  0.00
  14                      1.00   0.00  0.00  0.00  1.00  0.00  0.00  0.00  0.00  0.00
  16                      1.00   0.00  0.00  0.00  1.00  0.00  0.00  0.00  0.00  0.00
  17                      1.00   0.00  0.00  0.00  1.00  0.00  0.00  0.00  0.00  0.00
  26                      1.00   0.00  0.00  0.00  1.00  0.00  0.00  0.00  0.00  0.00
  27                      1.00   0.00  0.00  0.00  1.00  0.00  0.00  0.00  0.00  0.00
  Gischeren_L             1.00   1.00  0.00  0.00  0.00  0.00  0.00  0.00  0.00  0.00
  Schuettstein_L          1.00   0.00  0.00  0.00  0.00  1.00  0.00  0.00  0.00  0.00
  Brunnmuehle_L           1.00   0.00  0.00  0.00  1.00  0.00  0.00  0.00  0.00  0.00
  32                      1.00   1.00  0.00  0.00  0.00  0.00  0.00  0.00  0.00  0.00
  35                      1.00   0.00  1.00  0.00  0.00  0.00  0.00  0.00  0.00  0.00
  45                      1.00   0.00  0.00  0.00  1.00  0.00  0.00  0.00  1.00  0.00
  46                      1.00   0.00  0.00  0.00  1.00  0.00  0.00  0.00  0.00  0.00
  47                      1.00   0.00  0.00  0.00  1.00  0.00  0.00  0.00  0.00  0.00
  50                      1.00   0.00  0.00  0.00  1.00  0.00  0.00  0.00  0.00  0.00
  51                      1.00   0.00  0.00  0.00  1.00  0.00  0.00  0.00  0.00  0.00
  53                      1.00   0.00  0.00  0.00  1.00  0.00  0.00  0.00  0.00  0.00
  Fenster_L               1.00   0.00  0.00  0.00  0.00  1.00  0.00  0.00  0.00  0.00
  58                      1.00   0.00  0.00  0.00  0.00  1.00  0.00  0.00  1.00  0.00
  59                      1.00   0.00  0.00  0.00  0.00  1.00  0.00  0.00  0.00  0.00
  61                      1.00   0.00  0.00  0.00  1.00  0.00  0.00  0.00  0.00  0.00
  63                      1.00   0.00  0.00  0.00  1.00  0.00  0.00  0.00  0.00  0.00
  66                      1.00   0.00  0.00  0.00  1.00  0.00  0.00  0.00  0.00  0.00
  67                      1.00   0.00  0.00  0.00  1.00  0.00  0.00  0.00  0.00  0.00
  Amont_L                 1.00   0.00  0.00  0.00  1.00  0.00  0.00  0.00  0.00  0.00
  69                      1.00   0.00  0.00  0.00  1.00  0.00  0.00  0.00  0.00  0.00
  70                      1.00   0.00  0.00  0.00  1.00  0.00  0.00  0.00  0.00  0.00
  71                      1.00   0.00  0.00  0.00  1.00  0.00  0.00  0.00  0.00  0.00
  72                      1.00   0.00  0.00  0.00  1.00  0.00  0.00  0.00  0.00  0.00
  Sauser_L                1.00   0.00  0.00  0.00  1.00  0.00  0.00  0.00  0.00  0.00
  75                      1.00   0.00  0.00  0.00  0.00  1.00  0.00  0.00  0.00  0.00
  Entw_Sto_L              1.00   0.00  0.00  0.00  0.00  1.00  0.00  0.00  0.00  0.00
  4                       1.00   0.00  0.00  0.00  1.00  0.00  0.00  0.00  0.00  0.00
  5                       1.00   0.00  0.00  0.00  1.00  0.00  0.00  0.00  0.00  0.00
  6                       1.00   0.00  0.00  0.00  0.00  1.00  0.00  0.00  0.00  0.00
  7                       1.00   0.00  0.00  0.00  1.00  0.00  0.00  0.00  0.00  0.00
  Brunn_Teich_L           1.00   0.00  0.00  0.00  1.00  0.00  0.00  0.00  0.00  0.00
  9                       1.00   0.00  0.00  0.00  0.00  1.00  0.00  0.00  0.00  0.00
  12                      1.00   0.00  0.00  0.00  1.00  0.00  0.00  0.00  0.00  0.00
  15                      1.00   0.00  0.00  0.00  1.00  0.00  0.00  0.00  0.00  0.00
  18                      1.00   0.00  0.00  0.00  1.00  0.00  0.00  0.00  0.00  0.00
  19                      1.00   0.00  0.00  0.00  1.00  0.00  0.00  0.00  0.00  0.00
  20                      1.00   0.00  0.00  0.00  1.00  0.00  0.00  0.00  0.00  0.00
  21                      1.00   0.00  0.00  0.00  1.00  0.00  0.00  0.00  0.00  0.00
  Hooliloch_L             1.00   0.00  0.00  0.00  1.00  0.00  0.00  0.00  0.00  0.00
  23                      1.00   0.00  0.00  0.00  0.00  1.00  0.00  0.00  0.00  0.00
  25                      1.00   0.00  0.00  0.00  1.00  0.00  0.00  0.00  0.00  0.00
  28                      1.00   0.00  0.00  0.00  1.00  0.00  0.00  0.00  1.00  0.00
  29                      1.00   0.00  0.00  0.00  1.00  0.00  0.00  0.00  1.00  0.00
  31                      1.00   0.00  1.00  0.00  0.00  0.00  0.00  0.00  0.00  0.00
  33                      1.00   0.00  0.00  0.00  1.00  0.00  0.00  0.00  0.00  0.00
  37                      1.00   0.00  0.00  0.00  1.00  0.00  0.00  0.00  0.00  0.00
  SS3_L                   1.00   0.00  0.00  0.00  0.00  1.00  0.00  0.00  1.00  0.00
  40                      1.00   0.00  0.00  0.00  1.00  0.00  0.00  0.00  0.00  0.00
  SS6_L                   1.00   0.00  0.00  0.00  0.00  1.00  0.00  0.00  1.00  0.00
  1                       1.00   0.00  1.00  0.00  0.00  0.00  0.00  0.00  0.00  0.00
  2                       1.00   1.00  0.00  0.00  0.00  0.00  0.00  0.00  0.00  0.00
  3                       1.00   0.00  0.00  0.00  0.00  1.00  0.00  0.00  1.00  0.00
  10                      1.00   0.00  0.00  0.00  1.00  0.00  0.00  0.00  0.00  0.00
  13                      1.00   0.00  0.00  0.00  1.00  0.00  0.00  0.00  0.00  0.00
  22                      1.00   0.00  0.00  0.00  1.00  0.00  0.00  0.00  0.00  0.00
  24                      1.00   0.00  0.00  0.00  1.00  0.00  0.00  0.00  0.00  0.00
  30                      1.00   0.00  0.00  0.00  1.00  0.00  0.00  0.00  0.00  0.00
  34                      1.00   0.00  0.00  0.00  1.00  0.00  0.00  0.00  0.00  0.00
  36                      1.00   0.00  0.00  0.00  0.00  1.00  0.00  0.00  0.00  0.00
  38                      1.00   0.00  0.00  0.00  1.00  0.00  0.00  0.00  0.00  0.00
  48                      1.00   0.00  0.00  0.00  1.00  0.00  0.00  0.00  0.00  0.00
  54                      1.00   0.00  0.01  0.00  0.99  0.00  0.00  0.00  0.00  0.00
  68                      1.00   0.00  0.00  0.00  1.00  0.00  0.00  0.00  1.00  0.00
  73                      1.00   0.00  0.00  0.00  1.00  0.00  0.00  0.00  0.00  0.00
  TWT1                    1.00   1.00  0.00  0.00  0.00  0.00  0.00  0.00  0.00  0.00
  TWT2                    1.00   1.00  0.00  0.00  0.00  0.00  0.00  0.00  0.00  0.00
  TWT3                    1.00   1.00  0.00  0.00  0.00  0.00  0.00  0.00  0.00  0.00
  TWT4                    1.00   0.00  1.00  0.00  0.00  0.00  0.00  0.00  0.00  0.00
  1_2_b_                  1.00   1.00  0.00  0.00  0.00  0.00  0.00  0.00  0.00  0.00
  1_2_b_2                 1.00   0.00  0.00  0.00  1.00  0.00  0.00  0.00  1.00  0.00
  1_2_b_5                 1.00   0.00  0.00  0.00  1.00  0.00  0.00  0.00  1.00  0.00
  TWT5                    1.00   0.00  0.00  0.00  1.00  0.00  0.00  0.00  0.00  0.00
  1_4_a                   1.00   0.00  0.00  0.00  0.00  1.00  0.00  0.00  0.00  0.00
  TWT6                    1.00   0.00  0.00  0.00  1.00  0.00  0.00  0.00  0.00  0.00
  1_4_b                   1.00   0.00  0.00  0.00  1.00  0.00  0.00  0.00  0.00  0.00
  TWT7                    1.00   0.00  1.00  0.00  0.00  0.00  0.00  0.00  0.00  0.00
  1_5_a                   1.00   0.00  1.00  0.00  0.00  0.00  0.00  0.00  0.00  0.00
  1_6_b_2                 1.00   0.00  0.00  0.00  1.00  0.00  0.00  0.00  0.00  0.00
  
  
  *************************
  Conduit Surcharge Summary
  *************************
  
  ----------------------------------------------------------------------------
                                                           Hours        Hours 
                         --------- Hours Full --------   Above Full   Capacity
  Conduit                Both Ends  Upstream  Dnstream   Normal Flow   Limited
  ----------------------------------------------------------------------------
  Brunn_Fassung_L             0.01      0.01     24.00      0.01         0.01
  11                         23.99     23.99     23.99      0.01         0.01
  14                         23.99     23.99     24.00     23.99         0.01
  16                         24.00     24.00     24.00     23.99        23.99
  17                         24.00     24.00     24.00      0.01         0.01
  26                         23.99     24.00     23.99      0.01         0.01
  27                         23.97     23.97     23.97      0.01         0.01
  Schuettstein_L              0.01      0.01     23.98      0.01         0.01
  Brunnmuehle_L              24.00     24.00     24.00      0.01         0.01
  46                         24.00     24.00     24.00     23.98         0.01
  47                         24.00     24.00     24.00     24.00        24.00
  50                         23.98     23.98     23.99      0.01         0.01
  51                         23.98     23.98     24.00      0.01         0.01
  53                         24.00     24.00     24.00     23.99         0.01
  61                         23.99     23.99     23.99      0.01         0.01
  63                          0.01     23.97      0.01      0.01         0.01
  66                         23.89     23.97     23.89     23.95        23.89
  67                         23.99     23.99     24.00      0.01         0.01
  Amont_L                    24.00     24.00     24.00     24.00         0.01
  69                         23.91     23.91     24.00      0.01         0.01
  70                         23.91     23.91     24.00      0.01         0.01
  71                         23.98     23.98     23.99      0.01         0.01
  72                          0.01     23.97      0.01     23.96         0.01
  Sauser_L                    0.01      0.01     24.00      0.01         0.01
  75                          0.01     23.96      0.01      0.01         0.01
  4                           0.01     23.97      0.01     23.88         0.01
  5                           0.01      0.01     24.00      0.01         0.01
  6                           0.01      0.01     24.00      0.01         0.01
  7                          23.99     23.99     24.00      0.01         0.01
  Brunn_Teich_L               0.01      0.01     23.99      0.01         0.01
  9                           0.01      0.01     23.99      0.01         0.01
  12                         23.98     23.98     23.98      0.01         0.01
  15                         23.99     23.99     23.99      0.01         0.01
  18                         23.98     23.98     23.98      0.01         0.01
  19                         23.97     23.97     23.98      0.01         0.01
  21                          0.01      0.01     23.96      0.01         0.01
  23                          0.01     23.89      0.01      0.01         0.01
  25                          0.01      0.01     23.99      0.01         0.01
  33                         23.96     23.96     23.96      0.01         0.01
  13                         23.99     23.99     24.00      0.01         0.01
  22                         23.99     23.99     24.00      0.01         0.01
  24                         23.96     23.96     24.00      0.01         0.01
  30                         23.96     23.96     24.00      0.01         0.01
  34                          0.01      0.01     23.99      0.01         0.01
  38                          0.01      0.01     23.90      0.01         0.01
  48                          0.01      0.01     23.91      0.01         0.01
  54                          0.01      0.01     23.88      0.01         0.01
  1_2_b_2                     0.01      0.01     23.97      0.01         0.01
  1_2_b_5                     0.01      0.01     23.97      0.01         0.01
  1_6_b_2                    23.98     24.00     23.98     24.00        23.98
  

  Analysis begun on:  Thu Aug 13 11:29:28 2026
  Analysis ended on:  Thu Aug 13 11:29:30 2026
  Total elapsed time: 00:00:02