
  EPA STORM WATER MANAGEMENT MODEL - VERSION 5.2 (Build 5.2.4)
  ------------------------------------------------------------

  Brunnmuehle (Twann) 
  WARNING 08: elevation drop exceeds length for Conduit SS3_L
  WARNING 08: elevation drop exceeds length for Conduit SS6_L
  WARNING 08: elevation drop exceeds length for Conduit 2
  WARNING 08: elevation drop exceeds length for Conduit 3
  WARNING 08: elevation drop exceeds length for Conduit 68
  WARNING 08: elevation drop exceeds length for Conduit 1_2_b_
  WARNING 08: elevation drop exceeds length for Conduit 1_2_b_2
  WARNING 08: elevation drop exceeds length for Conduit 1_4_b
  WARNING 08: elevation drop exceeds length for Conduit 1_5_a
  WARNING 04: minimum elevation drop used for Conduit 1_7_a
  WARNING 08: elevation drop exceeds length for Conduit 1_7_a_
  WARNING 08: elevation drop exceeds length for Conduit 1_7_a__
  WARNING 02: maximum depth increased for Node 2
  
  ****************
  Analysis Options
  ****************
  Flow Units ............... CMS
  Process Models:
    Rainfall/Runoff ........ NO
    RDII ................... NO
    Snowmelt ............... NO
    Groundwater ............ NO
    Flow Routing ........... YES
    Ponding Allowed ........ NO
    Water Quality .......... NO
  Flow Routing Method ...... DYNWAVE
  Surcharge Method ......... EXTRAN
  Starting Date ............ 01/01/2000 00:00:00
  Ending Date .............. 01/02/2000 00:00:00
  Antecedent Dry Days ...... 0.0
  Report Time Step ......... 01:00:00
  Routing Time Step ........ 0.50 sec
  Variable Time Step ....... YES
  Maximum Trials ........... 8
  Number of Threads ........ 1
  Head Tolerance ........... 0.001500 m
  
  
  **************************        Volume        Volume
  Flow Routing Continuity        hectare-m      10^6 ltr
  **************************     ---------     ---------
  Dry Weather Inflow .......         0.000         0.000
  Wet Weather Inflow .......         0.000         0.000
  Groundwater Inflow .......         0.000         0.000
  RDII Inflow ..............         0.000         0.000
  External Inflow ..........       195.026      1950.277
  External Outflow .........       186.078      1860.803
  Flooding Loss ............         0.000         0.000
  Evaporation Loss .........         0.000         0.000
  Exfiltration Loss ........         0.000         0.000
  Initial Stored Volume ....         0.057         0.565
  Final Stored Volume ......         0.624         6.237
  Continuity Error (%) .....         4.296
  
  
  *************************
  Highest Continuity Errors
  *************************
  Node TWT_Intersection_Sonsto_60+345 (-4365.16%)
  Node 47 (-1385.00%)
  Node TWT_Acces_LT_60+110 (100.00%)
  Node SS5 (99.72%)
  Node 6 (99.36%)
  
  
  ***************************
  Time-Step Critical Elements
  ***************************
  Link 1_4_a (19537.67%)
  Link 1_2_b_1 (2.83%)
  
  
  ********************************
  Highest Flow Instability Indexes
  ********************************
  All links are stable.
  
  
  *********************************
  Most Frequent Nonconverging Nodes
  *********************************
  Node Brunnm_Fassung (54.75%)
  Node Brunnmuehle(Teich) (54.75%)
  Node Fensterstollen (54.75%)
  Node Gischeren (54.75%)
  Node Schuettstein (54.75%)
  
  
  *************************
  Routing Time Step Summary
  *************************
  Minimum Time Step           :     0.50 sec
  Average Time Step           :     0.50 sec
  Maximum Time Step           :     0.50 sec
  % of Time in Steady State   :    99.49
  Average Iterations per Step :     5.95
  % of Steps Not Converging   :    54.75
  Time Step Frequencies       :
      0.500 -  0.500 sec      :   100.00 %
      0.500 -  0.500 sec      :     0.00 %
      0.500 -  0.500 sec      :     0.00 %
      0.500 -  0.500 sec      :     0.00 %
      0.500 -  0.500 sec      :     0.00 %
  
  
  ******************
  Node Depth Summary
  ******************
  
  ---------------------------------------------------------------------------------
                                 Average  Maximum  Maximum  Time of Max    Reported
                                   Depth    Depth      HGL   Occurrence   Max Depth
  Node                 Type       Meters   Meters   Meters  days hr:min      Meters
  ---------------------------------------------------------------------------------
  9                    JUNCTION    25.90    33.66   472.16     0  00:00       25.93
  Holiloch_sonde       JUNCTION    24.37    28.91   468.91     0  00:02       24.40
  11                   JUNCTION    37.74    45.88   455.88     0  00:00       37.76
  13                   JUNCTION    26.54    29.01   467.01     0  00:00       26.57
  21                   JUNCTION    37.72    37.84   437.84     0  00:00       37.73
  SonSto_F             JUNCTION     0.66     0.66   438.46     0  00:07        0.66
  Sondierstollen       JUNCTION     0.00     0.00   440.80     0  00:00        0.00
  Aval_Trappe          JUNCTION     0.85     0.85   438.45     0  00:07        0.85
  30                   JUNCTION     0.93     0.93   438.23     0  00:07        0.93
  Gischeren_node       JUNCTION     0.00     0.00   476.50     0  00:00        0.00
  34                   JUNCTION    17.18    17.51   437.51     0  00:00       17.19
  38                   JUNCTION    19.57    19.58   439.58     0  00:07       19.58
  SS6                  JUNCTION     0.00     0.00   448.00     0  00:00        0.00
  40                   JUNCTION    20.01    20.06   439.06     0  00:02       20.01
  41                   JUNCTION    27.04    38.61   476.11     0  00:00       27.07
  SondeSchuettstein    JUNCTION     5.56    13.24   472.24     0  00:03        5.57
  SS4                  JUNCTION     0.00     0.00   448.00     0  00:00        0.00
  47                   JUNCTION     0.00     0.06   464.96     0  00:03        0.00
  48                   JUNCTION     0.00     0.01   471.01     0  00:03        0.00
  SondeGischeren       JUNCTION     0.00     0.00   465.00     0  00:00        0.00
  49                   JUNCTION     0.00     0.00   466.00     0  00:00        0.00
  50                   JUNCTION     0.00     0.00   463.00     0  00:00        0.00
  51                   JUNCTION    45.49    53.84   473.84     0  00:00       45.52
  Amont_C              JUNCTION    50.21   101.03   519.03     0  00:00       50.23
  52                   JUNCTION     0.15     0.15   457.15     0  00:07        0.15
  53                   JUNCTION     0.00     0.00   467.00     0  00:00        0.00
  54                   JUNCTION     0.00     0.00   463.00     0  00:00        0.00
  56                   JUNCTION     6.10     6.21   436.21     0  00:00        6.10
  2                    JUNCTION     0.05     0.05   438.05     0  00:07        0.05
  4                    JUNCTION     8.18     8.73   436.73     0  00:00        8.19
  5                    JUNCTION     0.00     0.00   472.50     0  00:00        0.00
  6                    JUNCTION     6.39     7.45   465.45     0  00:03        6.40
  7                    JUNCTION     0.00     0.00   475.00     0  00:00        0.00
  SS3                  JUNCTION     0.00     0.00   448.00     0  00:00        0.00
  SS5                  JUNCTION     0.11     0.13   439.03     0  00:02        0.11
  8                    JUNCTION     0.00     0.00   474.00     0  00:00        0.00
  10                   JUNCTION     0.00     0.00   468.00     0  00:00        0.00
  SonSto_SS5           JUNCTION     0.00     0.00   439.30     0  00:00        0.00
  SonSto_SS3           JUNCTION     0.00     0.00   439.70     0  00:00        0.00
  SonSto_SS4           JUNCTION     0.00     0.00   439.40     0  00:00        0.00
  Amont_Trappe         JUNCTION     0.76     0.76   438.46     0  00:03        0.76
  SonSto_SS6           JUNCTION     0.00     0.00   438.70     0  00:00        0.00
  SS2                  JUNCTION     0.00     0.00   448.00     0  00:00        0.00
  SonSto_SS2           JUNCTION     0.00     0.00   441.50     0  00:00        0.00
  12                   JUNCTION     4.14     4.31   453.31     0  00:03        4.15
  14                   JUNCTION     0.23     0.23   465.23     0  00:07        0.23
  15                   JUNCTION     0.00     0.00   472.00     0  00:00        0.00
  TWT_PointHaut_60+650 JUNCTION     0.36     0.36   438.86     0  00:07        0.36
  TWT_Fensterstollen_60+375 JUNCTION     1.25     1.25   438.55     0  00:07        1.25
  TWT_Acces_LT_60+110  JUNCTION     1.21     1.21   438.71     0  00:07        1.21
  TWT_Liaison_LT_59+738 JUNCTION     0.00     0.00   450.60     0  00:00        0.00
  Syst_Est_amont       JUNCTION     8.85    11.02   441.02     0  00:03        8.87
  Syst_Est_interm      JUNCTION    20.55    28.09   438.09     0  00:05       20.62
  TWT_Branche_Est_Sonsto_60+540 JUNCTION     0.61     0.63   439.03     0  00:01        0.61
  TWT_Intersection_Sonsto_60+345 JUNCTION     1.42     1.61   438.61     0  00:06        1.42
  TWT_Chrosweg_61+140  JUNCTION     0.28     0.28   432.28     0  00:07        0.28
  SonSto_F_sup         JUNCTION     0.00     0.00   448.00     0  00:01        0.00
  SonSto_porte         JUNCTION     0.02     0.12   438.62     0  00:06        0.02
  Brunnm_Fassung       OUTFALL      0.08     0.08   433.88     0  00:07        0.08
  Brunnmuehle(Teich)   OUTFALL      0.18     0.18   435.68     0  00:07        0.18
  Fensterstollen       OUTFALL      0.84     0.85   437.85     0  00:07        0.85
  Gischeren            OUTFALL      0.00     0.00   480.00     0  00:00        0.00
  Schuettstein         OUTFALL      0.00     0.00   477.55     0  00:00        0.00
  Holiloch             OUTFALL      0.00     0.00   476.50     0  00:00        0.00
  Sauserquelle         OUTFALL      0.24     0.24   435.79     0  00:01        0.24
  Entw_Stollen         OUTFALL      0.05     0.05   436.55     0  00:07        0.05
  Sous_lacustre        OUTFALL      0.09     0.09   429.29     0  00:07        0.09
  Sous_ecoul.          OUTFALL      0.00     0.00   433.00     0  00:00        0.00
  Syst_Est_aval        OUTFALL      0.43     0.52   429.52     0  00:05        0.43
  TWT_Portail_Est_61+665 OUTFALL      0.27     0.27   421.87     0  00:07        0.27
  
  
  *******************
  Node Inflow Summary
  *******************
  
  -------------------------------------------------------------------------------------------------
                                  Maximum  Maximum                  Lateral       Total        Flow
                                  Lateral    Total  Time of Max      Inflow      Inflow     Balance
                                   Inflow   Inflow   Occurrence      Volume      Volume       Error
  Node                 Type           CMS      CMS  days hr:min    10^6 ltr    10^6 ltr     Percent
  -------------------------------------------------------------------------------------------------
  9                    JUNCTION         0     9.79     0  00:00           0        83.1       0.166
  Holiloch_sonde       JUNCTION         0     7.75     0  00:00           0          83       0.786
  11                   JUNCTION         0    0.201     0  00:00           0        16.4       0.001
  13                   JUNCTION         0     21.5     0  00:00           0     1.8e+03       0.018
  21                   JUNCTION         0    0.272     0  00:07           0        23.5       0.008
  SonSto_F             JUNCTION         0     0.93     0  00:03           0        4.71      -2.616
  Sondierstollen       JUNCTION         0        0     0  00:00           0           0       0.000 ltr
  Aval_Trappe          JUNCTION         0     9.59     0  00:07           0         827      -0.012
  30                   JUNCTION         0     18.6     0  00:07           0     1.6e+03       6.116
  Gischeren_node       JUNCTION         0        0     0  00:00           0           0       0.000 ltr
  34                   JUNCTION         0    0.243     0  00:07           0          21       0.005
  38                   JUNCTION         0    0.197     0  00:00           0        15.3       0.002
  SS6                  JUNCTION         0        0     0  00:00           0           0       0.000 ltr
  40                   JUNCTION         0    0.512     0  00:01           0        43.1       0.002
  41                   JUNCTION         0     2.91     0  00:00           0      0.0384     128.390
  SondeSchuettstein    JUNCTION         0    0.248     0  00:02           0      0.0164    3538.939
  SS4                  JUNCTION         0        0     0  00:00           0           0       0.000 ltr
  47                   JUNCTION         0    0.272     0  00:03           0    0.000594     -93.266
  48                   JUNCTION         0   0.0377     0  00:03           0    1.91e-05     -90.236
  SondeGischeren       JUNCTION         0        0     0  00:00           0           0       0.000 ltr
  49                   JUNCTION         0        0     0  00:00           0           0       0.000 ltr
  50                   JUNCTION         0        0     0  00:00           0           0       0.000 ltr
  51                   JUNCTION         0     38.2     0  00:00           0    1.86e+03       0.002
  Amont_C              JUNCTION      21.5     46.6     0  00:00    1.86e+03    1.86e+03       0.015
  52                   JUNCTION         0   0.0975     0  00:07           0         8.4       2.993
  53                   JUNCTION         0        0     0  00:00           0           0       0.000 ltr
  54                   JUNCTION         0        0     0  00:00           0           0       0.000 ltr
  56                   JUNCTION         0      0.5     0  00:01           0        42.9      -0.000
  2                    JUNCTION         0   0.0235     0  00:06           0        1.06      96.898
  4                    JUNCTION         0     0.22     0  00:07           0          19       0.032
  5                    JUNCTION         0        0     0  00:00           0           0       0.000 ltr
  6                    JUNCTION         0     3.56     0  00:02           0       0.187   15546.837
  7                    JUNCTION         0        0     0  00:00           0           0       0.000 ltr
  SS3                  JUNCTION         0        0     0  00:00           0           0       0.000 ltr
  SS5                  JUNCTION         0   0.0125     0  00:01           0       0.215   35541.480
  8                    JUNCTION         0        0     0  00:00           0           0       0.000 ltr
  10                   JUNCTION         0        0     0  00:00           0           0       0.000 ltr
  SonSto_SS5           JUNCTION         0        0     0  00:00           0           0       0.000 ltr
  SonSto_SS3           JUNCTION         0        0     0  00:00           0           0       0.000 ltr
  SonSto_SS4           JUNCTION         0        0     0  00:00           0           0       0.000 ltr
  Amont_Trappe         JUNCTION         0     1.17     0  00:03           0        4.72      -0.044
  SonSto_SS6           JUNCTION         0        0     0  00:00           0           0       0.000 ltr
  SS2                  JUNCTION         0        0     0  00:00           0           0       0.000 ltr
  SonSto_SS2           JUNCTION         0        0     0  00:00           0           0       0.000 ltr
  12                   JUNCTION         0    0.244     0  00:02           0        19.5       0.021
  14                   JUNCTION         0    0.235     0  00:00           0        9.93       3.276
  15                   JUNCTION         0   0.0381     0  00:00           0    1.92e-05     -98.522
  TWT_PointHaut_60+650 JUNCTION         0     3.37     0  00:05           0         283       3.821
  TWT_Fensterstollen_60+375 JUNCTION         0     20.8     0  00:07           0    1.63e+03       1.647
  TWT_Acces_LT_60+110  JUNCTION         0     6.65     0  00:04           0         157157424307.997 ltr
  TWT_Liaison_LT_59+738 JUNCTION         0        0     0  00:00           0           0       0.000 ltr
  Syst_Est_amont       JUNCTION      1.08     2.17     0  00:03        92.9          93       0.154
  Syst_Est_interm      JUNCTION         0     1.87     0  00:04           0        82.7       0.460
  TWT_Branche_Est_Sonsto_60+540 JUNCTION         0     9.85     0  00:04           0         844      -0.938
  TWT_Intersection_Sonsto_60+345 JUNCTION         0     10.3     0  00:04           0        5.93     -97.760
  TWT_Chrosweg_61+140  JUNCTION         0     3.17     0  00:07           0         273      34.767
  SonSto_F_sup         JUNCTION         0 3.76e-05     0  00:00           0    0.000534     529.653 ltr
  SonSto_porte         JUNCTION         0    0.446     0  00:06           0      0.0124     -99.674
  Brunnm_Fassung       OUTFALL          0   0.0233     0  00:07           0        2.01       0.000
  Brunnmuehle(Teich)   OUTFALL          0    0.214     0  00:07           0        18.5       0.000
  Fensterstollen       OUTFALL          0     17.5     0  00:07           0    1.51e+03       0.000
  Gischeren            OUTFALL          0        0     0  00:00           0           0       0.000 ltr
  Schuettstein         OUTFALL          0        0     0  00:00           0           0       0.000 ltr
  Holiloch             OUTFALL          0        0     0  00:00           0           0       0.000 ltr
  Sauserquelle         OUTFALL          0      0.5     0  00:01           0        42.9       0.000
  Entw_Stollen         OUTFALL          0  0.00625     0  00:07           0       0.538       0.000
  Sous_lacustre        OUTFALL          0   0.0293     0  00:07           0        2.53       0.000
  Sous_ecoul.          OUTFALL          0  0.00564     0  00:00           0        0.47       0.000
  Syst_Est_aval        OUTFALL          0     1.37     0  00:05           0        82.4       0.000
  TWT_Portail_Est_61+665 OUTFALL          0     2.35     0  00:07           0         202       0.000
  
  
  **********************
  Node Surcharge Summary
  **********************
  
  Surcharging occurs when water rises above the top of the highest conduit.
  ---------------------------------------------------------------------
                                               Max. Height   Min. Depth
                                   Hours       Above Crown    Below Rim
  Node                 Type      Surcharged         Meters       Meters
  ---------------------------------------------------------------------
  9                    JUNCTION       23.99         31.859       66.341
  Holiloch_sonde       JUNCTION       23.97         27.009      171.091
  11                   JUNCTION       24.00         45.422      104.118
  13                   JUNCTION       23.99         26.007      370.993
  21                   JUNCTION       24.00         37.238      112.162
  34                   JUNCTION       24.00         16.911       82.489
  38                   JUNCTION       24.00         18.983      130.417
  40                   JUNCTION       24.00         16.060       79.940
  41                   JUNCTION       23.99         37.764      211.386
  SondeSchuettstein    JUNCTION       23.95         12.438        0.000
  51                   JUNCTION       24.00         49.843      346.157
  Amont_C              JUNCTION       24.00         98.030      298.970
  56                   JUNCTION       24.00          5.207       93.793
  4                    JUNCTION       23.99          8.084       91.266
  6                    JUNCTION       23.94          2.452      192.548
  12                   JUNCTION       23.96          3.959      195.691
  Syst_Est_amont       JUNCTION       23.94         10.024       88.976
  Syst_Est_interm      JUNCTION       23.91         26.593       71.907
  
  
  *********************
  Node Flooding Summary
  *********************
  
  No nodes were flooded.
  
  
  ***********************
  Outfall Loading Summary
  ***********************
  
  -----------------------------------------------------------
                         Flow       Avg       Max       Total
                         Freq      Flow      Flow      Volume
  Outfall Node           Pcnt       CMS       CMS    10^6 ltr
  -----------------------------------------------------------
  Brunnm_Fassung        99.95    0.0232    0.0233       2.007
  Brunnmuehle(Teich)    99.95     0.214     0.214      18.490
  Fensterstollen        99.98      17.5      17.5    1509.048
  Gischeren              0.00         0         0       0.000
  Schuettstein           0.00         0         0       0.000
  Holiloch               0.00         0         0       0.000
  Sauserquelle          99.98     0.497       0.5      42.914
  Entw_Stollen          99.95   0.00623   0.00625       0.538
  Sous_lacustre         99.99    0.0293    0.0293       2.529
  Sous_ecoul.           99.95   0.00545   0.00564       0.470
  Syst_Est_aval         99.61     0.957      1.37      82.357
  TWT_Portail_Est_61+665  99.96      2.34      2.35     202.441
  -----------------------------------------------------------
  System                74.94      21.5      21.6    1860.794
  
  
  ********************
  Link Flow Summary
  ********************
  
  -----------------------------------------------------------------------------
                                 Maximum  Time of Max   Maximum    Max/    Max/
                                  |Flow|   Occurrence   |Veloc|    Full    Full
  Link                 Type          CMS  days hr:min     m/sec    Flow   Depth
  -----------------------------------------------------------------------------
  Brunn_Fassung_L      CONDUIT    0.0233     0  00:07      1.07    0.38    0.72
  11                   CONDUIT      7.75     0  00:00      5.58    1.16    1.00
  14                   CONDUIT      9.79     0  00:00      6.83    5.33    1.00
  16                   CONDUIT     0.201     0  00:00      2.35    1.40    1.00
  17                   CONDUIT       0.2     0  00:00      0.71    0.34    1.00
  26                   CONDUIT      2.91     0  00:00      5.18    3.95    1.00
  27                   CONDUIT    0.0668     0  00:04      1.76    0.86    1.00
  Gischeren_L          CONDUIT         0     0  00:00      0.00    0.00    0.00
  Schuettstein_L       CONDUIT         0     0  00:00      0.00    0.00    0.01
  Brunnmuehle_L        CONDUIT     0.243     0  00:07      0.86    0.11    1.00
  32                   CONDUIT         0     0  00:00      0.00    0.00    0.00
  35                   CONDUIT         0     0  00:00      0.00    0.00    0.00
  45                   CONDUIT         0     0  00:00      0.00    0.00    0.11
  46                   CONDUIT       0.5     0  00:01      1.77    0.50    1.00
  47                   CONDUIT    0.0851     0  00:00      2.24    5.30    1.00
  50                   CONDUIT    0.0377     0  00:03      0.15    0.01    0.50
  51                   CONDUIT    0.0125     0  00:01      0.22    0.04    0.69
  53                   CONDUIT     0.197     0  00:00      1.19    1.00    1.00
  Fenster_L            CONDUIT      17.5     0  00:07     10.65    0.17    0.30
  58                   CONDUIT      9.54     0  00:07      7.22    0.12    0.30
  59                   CONDUIT         0     0  00:00      0.00    0.00    0.00
  61                   CONDUIT     0.248     0  00:02      1.50    0.35    1.00
  63                   CONDUIT         0     0  00:00      0.00    0.00    0.00
  66                   CONDUIT         0     0  00:00      0.00    0.00    0.00
  67                   CONDUIT      21.5     0  00:00      5.56    0.21    1.00
  Amont_L              CONDUIT      38.2     0  00:00      5.40    2.07    1.00
  69                   CONDUIT    0.0975     0  00:07      1.06    0.38    0.69
  70                   CONDUIT    0.0947     0  00:07      1.03    0.29    0.69
  71                   CONDUIT         0     0  00:00      0.00    0.00    0.50
  72                   CONDUIT         0     0  00:00      0.00    0.00    0.00
  Sauser_L             CONDUIT       0.5     0  00:01      0.98    0.13    0.62
  75                   CONDUIT         0     0  00:00      0.00    0.00    0.00
  Entw_Sto_L           CONDUIT   0.00625     0  00:07      1.21    0.14    0.26
  4                    CONDUIT         0     0  00:00      0.00    0.00    0.12
  5                    CONDUIT    0.0118     0  00:07      0.70    0.42    0.63
  6                    CONDUIT    0.0293     0  00:07      1.19    0.44    0.73
  7                    CONDUIT      0.22     0  00:07      1.33    0.34    1.00
  Brunn_Teich_L        CONDUIT     0.214     0  00:07      0.96    0.16    0.64
  9                    CONDUIT   0.00564     0  00:00      1.42    0.00    0.50
  12                   CONDUIT         0     0  00:00      0.00    0.00    0.01
  15                   CONDUIT      3.56     0  00:02      2.44    0.09    1.00
  18                   CONDUIT     0.272     0  00:03      0.19    0.01    0.51
  19                   CONDUIT         0     0  00:00      0.00    0.00    0.50
  20                   CONDUIT     0.803     0  00:02      1.71    0.06    0.81
  21                   CONDUIT         0     0  00:00      0.00    0.00    0.00
  Hooliloch_L          CONDUIT         0     0  00:00      0.00    0.00    0.00
  23                   CONDUIT         0     0  00:00      0.00    0.00    0.00
  25                   CONDUIT         0     0  00:00      0.00    0.00    0.50
  28                   CONDUIT         0     0  00:00      0.00    0.00    0.00
  29                   CONDUIT         0     0  00:00      0.00    0.00    0.00
  31                   CONDUIT         0     0  00:00      0.00    0.00    0.00
  33                   CONDUIT         0     0  00:00      0.00    0.00    0.00
  37                   CONDUIT         0     0  00:00      0.00    0.00    0.02
  SS3_L                CONDUIT         0     0  00:00      0.00    0.00    0.00
  40                   CONDUIT      0.93     0  00:03      0.84    0.01    0.18
  SS6_L                CONDUIT         0     0  00:00      0.00    0.00    0.00
  1                    CONDUIT         0     0  00:00      0.00    0.00    0.00
  2                    CONDUIT         0     0  00:00      0.00    0.00    0.00
  3                    CONDUIT         0     0  00:00      0.00    0.00    0.00
  10                   CONDUIT         0     0  00:00      0.00    0.00    0.02
  13                   CONDUIT     0.244     0  00:02      2.72    0.53    1.00
  22                   CONDUIT     0.227     0  00:03      2.36    0.56    1.00
  24                   CONDUIT     0.301     0  00:00      0.83    0.00    0.53
  30                   CONDUIT     0.112     0  00:07      0.29    0.05    0.53
  34                   CONDUIT    0.0381     0  00:00      0.32    0.04    0.50
  36                   CONDUIT  3.76e-05     0  00:00      0.00    0.00    0.00
  38                   CONDUIT         0     0  00:00      0.00    0.00    0.00
  48                   CONDUIT      1.87     0  00:04      2.61    1.25    1.00
  54                   CONDUIT      1.37     0  00:05      1.08    0.26    0.70
  68                   CONDUIT  2.73e-05     0  00:00      0.02    0.00    0.11
  73                   CONDUIT     0.012     0  00:06      0.29    0.00    0.04
  TWT1                 CONDUIT      2.35     0  00:07      4.39    0.00    0.03
  TWT2                 CONDUIT      3.17     0  00:07      4.69    0.00    0.04
  1_1_b_3              CONDUIT     0.953     0  00:07      1.72    3.42    0.68
  TWT3                 CONDUIT      2.36     0  00:05      2.09    0.01    0.06
  TWT4                 CONDUIT       7.6     0  00:05      3.19    0.01    0.12
  1_2_b_               CONDUIT         0     0  00:00      0.00    0.00    0.11
  1_2_b_1              CONDUIT      10.1     0  00:03     17.57    6.14    1.00
  1_2_b_2              CONDUIT  2.44e-06     0  00:00      0.00    0.00    0.50
  1_3_b_1              CONDUIT       1.1     0  00:03      2.13    0.14    0.68
  TWT5                 CONDUIT      10.3     0  00:04      4.89    0.01    0.17
  1_4_a                CONDUIT      9.59     0  00:07      4.65    0.15    0.35
  TWT6                 CONDUIT      6.65     0  00:04      1.58    0.02    0.17
  1_4_b                CONDUIT      1.45     0  00:06      0.88    0.00    0.29
  TWT7                 CONDUIT         0     0  00:00      0.00    0.00    0.08
  1_5_a                CONDUIT         0     0  00:00      0.00    0.00    0.01
  1_7_a                CONDUIT      9.14     0  00:05      3.44    2.08    0.22
  1_7_a_               CONDUIT  1.15e-05     0  00:00      0.00    0.00    0.32
  1_7_a__              CONDUIT     0.411     0  00:00      0.95    0.01    0.82
  1_7_a_1              CONDUIT      9.85     0  00:04     14.55    7.90    0.82
  
  
  ***************************
  Flow Classification Summary
  ***************************
  
  -------------------------------------------------------------------------------------
                      Adjusted    ---------- Fraction of Time in Flow Class ---------- 
                       /Actual         Up    Down  Sub   Sup   Up    Down  Norm  Inlet 
  Conduit               Length    Dry  Dry   Dry   Crit  Crit  Crit  Crit  Ltd   Ctrl  
  -------------------------------------------------------------------------------------
  Brunn_Fassung_L         1.00   0.00  0.00  0.00  1.00  0.00  0.00  0.00  0.00  0.00
  11                      1.00   0.00  0.00  0.00  1.00  0.00  0.00  0.00  0.00  0.00
  14                      1.00   0.00  0.00  0.00  1.00  0.00  0.00  0.00  0.00  0.00
  16                      1.00   0.00  0.00  0.00  1.00  0.00  0.00  0.00  0.00  0.00
  17                      1.00   0.00  0.00  0.00  1.00  0.00  0.00  0.00  0.00  0.00
  26                      1.00   0.00  0.00  0.00  1.00  0.00  0.00  0.00  0.00  0.00
  27                      1.00   0.00  0.00  0.00  1.00  0.00  0.00  0.00  0.00  0.00
  Gischeren_L             1.00   1.00  0.00  0.00  0.00  0.00  0.00  0.00  0.00  0.00
  Schuettstein_L          1.00   0.00  1.00  0.00  0.00  0.00  0.00  0.00  0.00  0.00
  Brunnmuehle_L           1.00   0.00  0.00  0.00  1.00  0.00  0.00  0.00  0.00  0.00
  32                      1.00   1.00  0.00  0.00  0.00  0.00  0.00  0.00  0.00  0.00
  35                      1.00   1.00  0.00  0.00  0.00  0.00  0.00  0.00  0.00  0.00
  45                      1.00   0.00  1.00  0.00  0.00  0.00  0.00  0.00  0.00  0.00
  46                      1.00   0.00  0.00  0.00  1.00  0.00  0.00  0.00  0.00  0.00
  47                      1.00   0.00  0.00  0.00  1.00  0.00  0.00  0.00  0.00  0.00
  50                      1.00   0.00  0.00  0.00  1.00  0.00  0.00  0.00  1.00  0.00
  51                      1.00   0.00  0.00  0.00  1.00  0.00  0.00  0.00  0.00  0.00
  53                      1.00   0.00  0.00  0.00  1.00  0.00  0.00  0.00  0.00  0.00
  Fenster_L               1.00   0.00  0.00  0.00  0.00  1.00  0.00  0.00  0.00  0.00
  58                      1.00   0.00  0.00  0.00  0.00  1.00  0.00  0.00  0.00  0.00
  59                      1.00   1.00  0.00  0.00  0.00  0.00  0.00  0.00  0.00  0.00
  61                      1.00   0.00  0.00  0.00  1.00  0.00  0.00  0.00  0.00  0.00
  63                      1.00   1.00  0.00  0.00  0.00  0.00  0.00  0.00  0.00  0.00
  66                      1.00   1.00  0.00  0.00  0.00  0.00  0.00  0.00  0.00  0.00
  67                      1.00   0.00  0.00  0.00  1.00  0.00  0.00  0.00  0.00  0.00
  Amont_L                 1.00   0.00  0.00  0.00  1.00  0.00  0.00  0.00  0.00  0.00
  69                      1.00   0.00  0.00  0.00  1.00  0.00  0.00  0.00  0.00  0.00
  70                      1.00   0.00  0.00  0.00  1.00  0.00  0.00  0.00  1.00  0.00
  71                      1.00   0.00  1.00  0.00  0.00  0.00  0.00  0.00  0.00  0.00
  72                      1.00   1.00  0.00  0.00  0.00  0.00  0.00  0.00  0.00  0.00
  Sauser_L                1.00   0.00  0.00  0.00  1.00  0.00  0.00  0.00  0.00  0.00
  75                      1.00   1.00  0.00  0.00  0.00  0.00  0.00  0.00  0.00  0.00
  Entw_Sto_L              1.00   0.00  0.00  0.00  0.00  1.00  0.00  0.00  0.00  0.00
  4                       1.00   0.00  1.00  0.00  0.00  0.00  0.00  0.00  0.00  0.00
  5                       1.00   0.00  0.00  0.00  1.00  0.00  0.00  0.00  0.00  0.00
  6                       1.00   0.00  0.00  0.00  0.00  1.00  0.00  0.00  0.00  0.00
  7                       1.00   0.00  0.00  0.00  1.00  0.00  0.00  0.00  0.00  0.00
  Brunn_Teich_L           1.00   0.00  0.00  0.00  1.00  0.00  0.00  0.00  0.00  0.00
  9                       1.00   0.00  0.00  0.00  0.00  1.00  0.00  0.00  0.00  0.00
  12                      1.00   0.00  1.00  0.00  0.00  0.00  0.00  0.00  0.00  0.00
  15                      1.00   0.00  0.00  0.00  1.00  0.00  0.00  0.00  0.00  0.00
  18                      1.00   0.00  0.00  0.00  1.00  0.00  0.00  0.00  1.00  0.00
  19                      1.00   0.00  1.00  0.00  0.00  0.00  0.00  0.00  0.00  0.00
  20                      1.00   0.00  0.00  0.00  1.00  0.00  0.00  0.00  0.00  0.00
  21                      1.00   1.00  0.00  0.00  0.00  0.00  0.00  0.00  0.00  0.00
  Hooliloch_L             1.00   1.00  0.00  0.00  0.00  0.00  0.00  0.00  0.00  0.00
  23                      1.00   1.00  0.00  0.00  0.00  0.00  0.00  0.00  0.00  0.00
  25                      1.00   0.00  1.00  0.00  0.00  0.00  0.00  0.00  0.00  0.00
  28                      1.00   1.00  0.00  0.00  0.00  0.00  0.00  0.00  0.00  0.00
  29                      1.00   1.00  0.00  0.00  0.00  0.00  0.00  0.00  0.00  0.00
  31                      1.00   1.00  0.00  0.00  0.00  0.00  0.00  0.00  0.00  0.00
  33                      1.00   1.00  0.00  0.00  0.00  0.00  0.00  0.00  0.00  0.00
  37                      1.00   0.00  1.00  0.00  0.00  0.00  0.00  0.00  0.00  0.00
  SS3_L                   1.00   1.00  0.00  0.00  0.00  0.00  0.00  0.00  0.00  0.00
  40                      1.00   0.00  0.00  0.00  1.00  0.00  0.00  0.00  0.00  0.00
  SS6_L                   1.00   1.00  0.00  0.00  0.00  0.00  0.00  0.00  0.00  0.00
  1                       1.00   1.00  0.00  0.00  0.00  0.00  0.00  0.00  0.00  0.00
  2                       1.00   1.00  0.00  0.00  0.00  0.00  0.00  0.00  0.00  0.00
  3                       1.00   1.00  0.00  0.00  0.00  0.00  0.00  0.00  0.00  0.00
  10                      1.00   0.00  1.00  0.00  0.00  0.00  0.00  0.00  0.00  0.00
  13                      1.00   0.00  0.00  0.00  1.00  0.00  0.00  0.00  0.00  0.00
  22                      1.00   0.00  0.00  0.00  1.00  0.00  0.00  0.00  0.00  0.00
  24                      1.00   0.00  0.00  0.00  1.00  0.00  0.00  0.00  0.00  0.00
  30                      1.00   0.00  0.00  0.00  1.00  0.00  0.00  0.00  1.00  0.00
  34                      1.00   0.00  0.00  0.00  1.00  0.00  0.00  0.00  1.00  0.00
  36                      1.00   0.00  0.00  0.00  0.00  1.00  0.00  0.00  0.00  0.00
  38                      1.00   1.00  0.00  0.00  0.00  0.00  0.00  0.00  0.00  0.00
  48                      1.00   0.00  0.00  0.00  1.00  0.00  0.00  0.00  0.00  0.00
  54                      1.00   0.00  0.00  0.00  1.00  0.00  0.00  0.00  0.00  0.00
  68                      1.00   0.00  1.00  0.00  0.00  0.00  0.00  0.00  1.00  0.00
  73                      1.00   0.00  0.00  0.00  1.00  0.00  0.00  0.00  1.00  0.00
  TWT1                    1.00   0.00  0.00  0.00  0.00  1.00  0.00  0.00  0.00  0.00
  TWT2                    1.00   0.00  0.00  0.00  0.00  1.00  0.00  0.00  0.00  0.00
  1_1_b_3                 1.00   0.00  0.00  0.00  1.00  0.00  0.00  0.00  0.00  0.00
  TWT3                    1.00   0.00  0.00  0.00  1.00  0.00  0.00  0.00  0.00  0.00
  TWT4                    1.00   0.00  0.00  0.00  1.00  0.00  0.00  0.00  1.00  0.00
  1_2_b_                  1.00   0.00  1.00  0.00  0.00  0.00  0.00  0.00  0.00  0.00
  1_2_b_1                 1.00   0.00  0.00  0.00  1.00  0.00  0.00  0.00  0.00  0.00
  1_2_b_2                 1.00   0.00  1.00  0.00  0.00  0.00  0.00  0.00  1.00  0.00
  1_3_b_1                 1.00   0.00  0.00  0.00  1.00  0.00  0.00  0.00  0.00  0.00
  TWT5                    1.00   0.00  0.00  0.00  1.00  0.00  0.00  0.00  0.00  0.00
  1_4_a                   1.00   0.00  0.00  0.00  0.00  1.00  0.00  0.00  0.00  0.00
  TWT6                    1.00   0.00  0.00  0.00  1.00  0.00  0.00  0.00  0.00  0.00
  1_4_b                   1.00   0.00  0.00  0.00  1.00  0.00  0.00  0.00  1.00  0.00
  TWT7                    1.00   0.00  1.00  0.00  0.00  0.00  0.00  0.00  0.00  0.00
  1_5_a                   1.00   0.00  1.00  0.00  0.00  0.00  0.00  0.00  0.00  0.00
  1_7_a                   1.00   0.00  0.00  0.00  0.00  1.00  0.00  0.00  0.00  0.00
  1_7_a_                  1.00   0.00  1.00  0.00  0.00  0.00  0.00  0.00  1.00  0.00
  1_7_a__                 1.00   0.00  0.00  0.00  1.00  0.00  0.00  0.00  0.00  0.00
  1_7_a_1                 1.00   0.00  0.00  0.00  0.00  1.00  0.00  0.00  0.00  0.00
  
  
  *************************
  Conduit Surcharge Summary
  *************************
  
  ----------------------------------------------------------------------------
                                                           Hours        Hours 
                         --------- Hours Full --------   Above Full   Capacity
  Conduit                Both Ends  Upstream  Dnstream   Normal Flow   Limited
  ----------------------------------------------------------------------------
  Brunn_Fassung_L             0.01      0.01     24.00      0.01         0.01
  11                         23.97     23.97     23.99      0.02         0.01
  14                         23.99     23.99     24.00      0.04         0.01
  16                         24.00     24.00     24.00     23.99        23.99
  17                         24.00     24.00     24.00      0.01         0.01
  26                         23.99     24.00     23.99      0.01         0.01
  27                         23.96     23.96     23.98      0.01         0.01
  Brunnmuehle_L              24.00     24.00     24.00      0.01         0.01
  46                         24.00     24.00     24.00      0.01         0.01
  47                         24.00     24.00     24.00     24.00        24.00
  50                          0.01      0.01     23.95      0.01         0.01
  51                          0.01      0.01     23.98      0.01         0.01
  53                         24.00     24.00     24.00      0.01         0.01
  61                         23.95     23.95     23.99      0.01         0.01
  67                         23.99     23.99     24.00      0.01         0.01
  Amont_L                    24.00     24.00     24.00     24.00         0.01
  69                          0.01      0.01     24.00      0.01         0.01
  70                          0.01      0.01     24.00      0.01         0.01
  71                          0.01      0.01     23.99      0.01         0.01
  Sauser_L                    0.01      0.01     24.00      0.01         0.01
  5                           0.01      0.01     24.00      0.01         0.01
  6                           0.01      0.01     24.00      0.01         0.01
  7                          23.99     23.99     24.00      0.01         0.01
  Brunn_Teich_L               0.01      0.01     23.99      0.01         0.01
  9                           0.01      0.01     23.99      0.01         0.01
  15                         23.96     23.96     23.97      0.01         0.01
  18                          0.01      0.01     23.94      0.01         0.01
  13                         23.96     23.96     24.00      0.01         0.01
  22                         23.96     23.96     24.00      0.01         0.01
  24                          0.01      0.01     24.00      0.01         0.01
  30                          0.01      0.01     24.00      0.01         0.01
  34                          0.01      0.01     23.99      0.01         0.01
  48                         23.92     23.94     23.92      0.03         0.02
  54                          0.01      0.01     23.91      0.01         0.01
  1_1_b_3                     0.01     23.98      0.01     23.97         0.01
  1_2_b_1                    23.94     24.00     23.94     24.00        23.94
  1_2_b_2                     0.01      0.01     23.94      0.01         0.01
  1_3_b_1                     0.01      0.01     23.94      0.01         0.01
  1_7_a                       0.01      0.01      0.01     23.93         0.01
  1_7_a__                     0.01      0.01     24.00      0.01         0.01
  1_7_a_1                     0.01      0.01     24.00     23.99         0.01
  

  Analysis begun on:  Thu Aug 13 09:20:58 2026
  Analysis ended on:  Thu Aug 13 09:21:00 2026
  Total elapsed time: 00:00:02