
  EPA STORM WATER MANAGEMENT MODEL - VERSION 5.2 (Build 5.2.4)
  ------------------------------------------------------------

  Brunnmuehle (Twann) 
  WARNING 08: elevation drop exceeds length for Conduit SS3_L
  WARNING 08: elevation drop exceeds length for Conduit SS6_L
  WARNING 08: elevation drop exceeds length for Conduit 2
  WARNING 08: elevation drop exceeds length for Conduit 3
  WARNING 08: elevation drop exceeds length for Conduit 68
  WARNING 08: elevation drop exceeds length for Conduit 1_2_b_
  WARNING 08: elevation drop exceeds length for Conduit 1_2_b_2
  WARNING 08: elevation drop exceeds length for Conduit 1_2_b_3
  WARNING 08: elevation drop exceeds length for Conduit 1_2_b_4
  WARNING 08: elevation drop exceeds length for Conduit 1_4_b
  WARNING 08: elevation drop exceeds length for Conduit 1_5_a
  WARNING 02: maximum depth increased for Node 2
  
  ****************
  Analysis Options
  ****************
  Flow Units ............... CMS
  Process Models:
    Rainfall/Runoff ........ NO
    RDII ................... NO
    Snowmelt ............... NO
    Groundwater ............ NO
    Flow Routing ........... YES
    Ponding Allowed ........ NO
    Water Quality .......... NO
  Flow Routing Method ...... DYNWAVE
  Surcharge Method ......... EXTRAN
  Starting Date ............ 01/01/2000 00:00:00
  Ending Date .............. 01/02/2000 00:00:00
  Antecedent Dry Days ...... 0.0
  Report Time Step ......... 01:00:00
  Routing Time Step ........ 0.50 sec
  Variable Time Step ....... YES
  Maximum Trials ........... 8
  Number of Threads ........ 1
  Head Tolerance ........... 0.001500 m
  
  
  **************************        Volume        Volume
  Flow Routing Continuity        hectare-m      10^6 ltr
  **************************     ---------     ---------
  Dry Weather Inflow .......         0.000         0.000
  Wet Weather Inflow .......         0.000         0.000
  Groundwater Inflow .......         0.000         0.000
  RDII Inflow ..............         0.000         0.000
  External Inflow ..........       166.906      1669.074
  External Outflow .........       158.621      1586.227
  Flooding Loss ............         0.000         0.000
  Evaporation Loss .........         0.000         0.000
  Exfiltration Loss ........         0.000         0.000
  Initial Stored Volume ....         0.056         0.562
  Final Stored Volume ......         0.444         4.438
  Continuity Error (%) .....         4.730
  
  
  *************************
  Highest Continuity Errors
  *************************
  Node TWT_Intersection_Sonsto_60+345 (-10002.25%)
  Node TWT_Acces_LT_60+110 (100.00%)
  Node Amont_Trappe (99.59%)
  Node Syst_Est_amont (58.70%)
  Node 2 (40.62%)
  
  
  ***************************
  Time-Step Critical Elements
  ***************************
  Link 1_4_a (15144.53%)
  Link 20 (80.86%)
  Link 1_2_b_1 (6.97%)
  
  
  ********************************
  Highest Flow Instability Indexes
  ********************************
  All links are stable.
  
  
  *********************************
  Most Frequent Nonconverging Nodes
  *********************************
  Node Brunnm_Fassung (53.09%)
  Node Brunnmuehle(Teich) (53.09%)
  Node Fensterstollen (53.09%)
  Node Gischeren (53.09%)
  Node Schuettstein (53.09%)
  
  
  *************************
  Routing Time Step Summary
  *************************
  Minimum Time Step           :     0.50 sec
  Average Time Step           :     0.50 sec
  Maximum Time Step           :     0.50 sec
  % of Time in Steady State   :    99.34
  Average Iterations per Step :     7.16
  % of Steps Not Converging   :    53.09
  Time Step Frequencies       :
      0.500 -  0.500 sec      :   100.00 %
      0.500 -  0.500 sec      :     0.00 %
      0.500 -  0.500 sec      :     0.00 %
      0.500 -  0.500 sec      :     0.00 %
      0.500 -  0.500 sec      :     0.00 %
  
  
  ******************
  Node Depth Summary
  ******************
  
  ---------------------------------------------------------------------------------
                                 Average  Maximum  Maximum  Time of Max    Reported
                                   Depth    Depth      HGL   Occurrence   Max Depth
  Node                 Type       Meters   Meters   Meters  days hr:min      Meters
  ---------------------------------------------------------------------------------
  9                    JUNCTION    48.69    56.88   495.38     0  00:00       48.72
  Holiloch_sonde       JUNCTION    43.31    53.10   493.10     0  00:00       43.34
  11                   JUNCTION    54.71    56.31   466.31     0  00:03       54.72
  13                   JUNCTION    68.24    68.74   506.74     0  00:03       68.27
  21                   JUNCTION    42.62    44.07   444.07     0  00:03       42.63
  SonSto_F             JUNCTION     0.43     0.44   438.24     0  00:09        0.44
  Sondierstollen       JUNCTION     0.00     0.00   440.80     0  00:00        0.00
  Aval_Trappe          JUNCTION     0.66     0.66   438.26     0  00:09        0.66
  30                   JUNCTION     0.50     0.52   437.82     0  00:09        0.50
  Gischeren_node       JUNCTION     3.84     3.86   480.36     0  00:09        3.86
  34                   JUNCTION    20.72    21.56   441.56     0  00:03       20.73
  38                   JUNCTION    26.71    28.10   448.10     0  00:03       26.72
  SS6                  JUNCTION     0.07     0.07   448.07     0  00:02        0.07
  40                   JUNCTION    31.20    31.61   450.61     0  00:01       31.22
  41                   JUNCTION    68.28    68.78   506.28     0  00:03       68.31
  SondeSchuettstein    JUNCTION    23.93    25.94   484.94     0  00:00       23.95
  SS4                  JUNCTION     0.05     0.05   448.05     0  00:08        0.05
  47                   JUNCTION    14.77    17.47   482.37     0  00:00       14.78
  48                   JUNCTION    11.40    13.13   484.13     0  00:00       11.41
  SondeGischeren       JUNCTION    15.34    15.39   480.39     0  00:08       15.38
  49                   JUNCTION    14.89    16.65   482.65     0  00:02       14.91
  50                   JUNCTION     8.74     8.77   471.77     0  00:09        8.76
  51                   JUNCTION    86.77    87.27   507.27     0  00:03       86.80
  Amont_C              JUNCTION    90.75    93.25   511.25     0  00:00       90.78
  52                   JUNCTION    17.68    32.22   489.22     0  00:03       17.72
  53                   JUNCTION    35.23    37.28   504.28     0  00:07       35.33
  54                   JUNCTION    36.41    38.87   501.87     0  00:07       36.60
  56                   JUNCTION     6.74     7.14   437.14     0  00:01        6.75
  2                    JUNCTION     0.13     0.13   438.13     0  00:09        0.13
  4                    JUNCTION     9.03    10.02   438.02     0  00:00        9.03
  5                    JUNCTION     6.39     6.40   478.90     0  00:03        6.40
  6                    JUNCTION    23.08    26.09   484.09     0  00:00       23.10
  7                    JUNCTION     3.87     3.88   478.88     0  00:03        3.87
  SS3                  JUNCTION     0.08     0.08   448.08     0  00:09        0.08
  SS5                  JUNCTION     0.64     0.65   439.55     0  00:09        0.64
  8                    JUNCTION     6.50     6.54   480.54     0  00:09        6.53
  10                   JUNCTION    12.90    14.69   482.69     0  00:02       12.92
  SonSto_SS5           JUNCTION     0.15     0.15   439.45     0  00:08        0.15
  SonSto_SS3           JUNCTION     0.10     0.10   439.80     0  00:09        0.10
  SonSto_SS4           JUNCTION     0.13     0.14   439.54     0  00:09        0.13
  Amont_Trappe         JUNCTION     0.63     0.74   438.44     0  00:07        0.63
  SonSto_SS6           JUNCTION     0.14     0.14   438.84     0  00:09        0.14
  SS2                  JUNCTION     0.00     0.00   448.00     0  00:00        0.00
  SonSto_SS2           JUNCTION     0.00     0.00   441.50     0  00:00        0.00
  12                   JUNCTION    31.37    31.61   480.61     0  00:03       31.39
  14                   JUNCTION    21.41    23.07   488.07     0  00:01       21.43
  15                   JUNCTION     0.42     0.42   472.42     0  00:03        0.42
  TWT_PointHaut_60+650 JUNCTION     0.00     0.00   438.50     0  00:00        0.00
  TWT_Fensterstollen_60+375 JUNCTION     1.00     1.01   438.31     0  00:09        1.00
  TWT_Acces_LT_60+110  JUNCTION     0.80     0.80   438.30     0  00:09        0.80
  TWT_Liaison_LT_59+738 JUNCTION     0.00     0.00   450.60     0  00:00        0.00
  Syst_Est_amont       JUNCTION     0.69     0.69   430.69     0  00:09        0.69
  Syst_Est_interm      JUNCTION    19.41    25.19   435.19     0  00:08       19.52
  TWT_Branche_Est_Sonsto_60+540 JUNCTION     0.00     0.00   442.40     0  00:00        0.00
  TWT_Intersection_Sonsto_60+345 JUNCTION     1.15     1.29   438.29     0  00:08        1.15
  TWT_Chrosweg_61+140  JUNCTION     0.00     0.00   432.00     0  00:00        0.00
  SonSto_F_sup         JUNCTION     0.07     0.07   448.07     0  00:03        0.07
  SonSto_porte         JUNCTION     0.00     0.00   438.50     0  00:00        0.00
  Brunnm_Fassung       OUTFALL      0.11     0.11   433.91     0  00:03        0.11
  Brunnmuehle(Teich)   OUTFALL      0.25     0.25   435.75     0  00:03        0.25
  Fensterstollen       OUTFALL      0.43     0.43   437.43     0  00:09        0.43
  Gischeren            OUTFALL      0.22     0.22   480.22     0  00:09        0.22
  Schuettstein         OUTFALL      0.28     0.28   477.83     0  00:03        0.28
  Holiloch             OUTFALL      1.89     1.90   478.40     0  00:03        1.90
  Sauserquelle         OUTFALL      0.36     0.36   435.91     0  00:09        0.36
  Entw_Stollen         OUTFALL      0.13     0.13   436.63     0  00:09        0.13
  Sous_lacustre        OUTFALL      0.11     0.11   429.31     0  00:03        0.11
  Sous_ecoul.          OUTFALL      0.00     0.00   433.00     0  00:03        0.00
  Syst_Est_aval        OUTFALL      0.27     0.46   429.46     0  00:08        0.27
  TWT_Portail_Est_61+665 OUTFALL      0.00     0.00   421.60     0  00:00        0.00
  
  
  *******************
  Node Inflow Summary
  *******************
  
  -------------------------------------------------------------------------------------------------
                                  Maximum  Maximum                  Lateral       Total        Flow
                                  Lateral    Total  Time of Max      Inflow      Inflow     Balance
                                   Inflow   Inflow   Occurrence      Volume      Volume       Error
  Node                 Type           CMS      CMS  days hr:min    10^6 ltr    10^6 ltr     Percent
  -------------------------------------------------------------------------------------------------
  9                    JUNCTION         0     16.1     0  00:00           0         980       0.011
  Holiloch_sonde       JUNCTION         0     14.7     0  00:00           0         929       0.013
  11                   JUNCTION         0    0.293     0  00:02           0        25.2       0.003
  13                   JUNCTION         0     18.3     0  00:00           0    1.34e+03       0.019
  21                   JUNCTION         0    0.504     0  00:03           0        43.1      -0.002
  SonSto_F             JUNCTION         0     1.49     0  00:09           0          93     -14.556
  Sondierstollen       JUNCTION         0        0     0  00:00           0           0       0.000 ltr
  Aval_Trappe          JUNCTION         0      5.9     0  00:09           0         481      30.299
  30                   JUNCTION         0      4.4     0  00:07           0         369      -5.735
  Gischeren_node       JUNCTION         0    0.593     0  00:06           0        48.2       0.168
  34                   JUNCTION         0    0.465     0  00:03           0        39.7      -0.001
  38                   JUNCTION         0     0.28     0  00:00           0        22.8      -0.001
  SS6                  JUNCTION         0    0.166     0  00:02           0        13.7       0.000
  40                   JUNCTION         0     2.39     0  00:02           0         204       0.004
  41                   JUNCTION         0     3.23     0  00:00           0        61.1       0.019
  SondeSchuettstein    JUNCTION         0    0.914     0  00:00           0        61.1      -0.009
  SS4                  JUNCTION         0     0.14     0  00:07           0        12.1       0.001
  47                   JUNCTION         0       12     0  00:00           0         915      -0.011
  48                   JUNCTION         0    0.714     0  00:03           0        61.1       0.016
  SondeGischeren       JUNCTION         0    0.442     0  00:05           0        30.1       0.239
  49                   JUNCTION         0     1.12     0  00:01           0        13.8      -0.434
  50                   JUNCTION         0    0.181     0  00:03           0        13.6       0.025
  51                   JUNCTION         0       34     0  00:00           0    1.59e+03      -0.001
  Amont_C              JUNCTION      18.4     43.2     0  00:00    1.59e+03    1.59e+03       0.015
  52                   JUNCTION         0    0.315     0  00:02           0        20.3       0.110
  53                   JUNCTION         0    0.507     0  00:00           0          15       0.073
  54                   JUNCTION         0     0.41     0  00:07           0          15       0.730
  56                   JUNCTION         0     1.07     0  00:09           0        92.4       0.000
  2                    JUNCTION         0   0.0611     0  00:09           0        5.27      68.418
  4                    JUNCTION         0     0.43     0  00:03           0        36.5       0.015
  5                    JUNCTION         0     10.9     0  00:00           0         915       0.099
  6                    JUNCTION         0     12.9     0  00:00           0         929       0.001
  7                    JUNCTION         0     10.8     0  00:02           0         914      -0.005
  SS3                  JUNCTION         0    0.157     0  00:09           0        13.6      -0.001
  SS5                  JUNCTION         0    0.373     0  00:09           0        30.3      -2.307
  8                    JUNCTION         0     0.76     0  00:04           0        61.9       0.064
  10                   JUNCTION         0    0.898     0  00:02           0        13.8       1.044
  SonSto_SS5           JUNCTION         0    0.448     0  00:09           0          38      -1.029
  SonSto_SS3           JUNCTION         0    0.157     0  00:09           0        13.6       0.012
  SonSto_SS4           JUNCTION         0    0.218     0  00:08           0        18.8       5.567
  Amont_Trappe         JUNCTION         0      1.8     0  00:08           0         108   24386.616
  SonSto_SS6           JUNCTION         0    0.604     0  00:09           0        52.1       0.234
  SS2                  JUNCTION         0        0     0  00:00           0           0       0.000 ltr
  SonSto_SS2           JUNCTION         0        0     0  00:00           0           0       0.000 ltr
  12                   JUNCTION         0    0.471     0  00:00           0        28.5       0.014
  14                   JUNCTION         0     2.49     0  00:01           0         166       0.028
  15                   JUNCTION         0    0.597     0  00:03           0        51.2       0.047
  TWT_PointHaut_60+650 JUNCTION         0        0     0  00:00           0           0       0.000 ltr
  TWT_Fensterstollen_60+375 JUNCTION         0     6.88     0  00:09           0         418     -13.120
  TWT_Acces_LT_60+110  JUNCTION         0      2.9     0  00:05           0          5554952090.191 ltr
  TWT_Liaison_LT_59+738 JUNCTION         0        0     0  00:00           0           0       0.000 ltr
  Syst_Est_amont       JUNCTION      0.92     0.92     0  00:00        79.5        79.5     142.142
  Syst_Est_interm      JUNCTION         0    0.973     0  00:04           0        32.8       1.233
  TWT_Branche_Est_Sonsto_60+540 JUNCTION         0        0     0  00:00           0           0       0.000 ltr
  TWT_Intersection_Sonsto_60+345 JUNCTION         0     5.83     0  00:06           0        1.41     -99.010
  TWT_Chrosweg_61+140  JUNCTION         0        0     0  00:00           0           0       0.000 ltr
  SonSto_F_sup         JUNCTION         0    0.595     0  00:03           0        51.2       0.003
  SonSto_porte         JUNCTION         0        0     0  00:00           0           0       0.000 ltr
  Brunnm_Fassung       OUTFALL          0   0.0387     0  00:03           0        3.21       0.000
  Brunnmuehle(Teich)   OUTFALL          0    0.426     0  00:03           0        35.9       0.000
  Fensterstollen       OUTFALL          0     4.56     0  00:09           0         392       0.000
  Gischeren            OUTFALL          0     0.56     0  00:09           0        48.1       0.000
  Schuettstein         OUTFALL          0    0.714     0  00:03           0        61.1       0.000
  Holiloch             OUTFALL          0     10.7     0  00:03           0         914       0.000
  Sauserquelle         OUTFALL          0     1.07     0  00:09           0        92.4       0.000
  Entw_Stollen         OUTFALL          0   0.0364     0  00:09           0        3.13       0.000
  Sous_lacustre        OUTFALL          0   0.0406     0  00:03           0        3.41       0.000
  Sous_ecoul.          OUTFALL          0   0.0064     0  00:03           0       0.529       0.000
  Syst_Est_aval        OUTFALL          0     1.09     0  00:08           0        32.4       0.000
  TWT_Portail_Est_61+665 OUTFALL          0        0     0  00:00           0           0       0.000 ltr
  
  
  **********************
  Node Surcharge Summary
  **********************
  
  Surcharging occurs when water rises above the top of the highest conduit.
  ---------------------------------------------------------------------
                                               Max. Height   Min. Depth
                                   Hours       Above Crown    Below Rim
  Node                 Type      Surcharged         Meters       Meters
  ---------------------------------------------------------------------
  9                    JUNCTION       23.99         55.079       43.121
  Holiloch_sonde       JUNCTION       23.99         51.198      146.902
  11                   JUNCTION       24.00         55.854       93.686
  13                   JUNCTION       23.99         65.744      331.256
  21                   JUNCTION       24.00         43.472      105.928
  34                   JUNCTION       24.00         20.960       78.440
  38                   JUNCTION       24.00         27.503      121.897
  40                   JUNCTION       24.00         27.613       68.387
  41                   JUNCTION       23.99         67.928      181.222
  SondeSchuettstein    JUNCTION       23.99         25.136        0.000
  47                   JUNCTION       23.98         15.567       82.533
  48                   JUNCTION       23.99         12.332       86.868
  SondeGischeren       JUNCTION       23.95         14.187       84.613
  49                   JUNCTION       23.96          8.647      183.353
  50                   JUNCTION       23.94          8.469      191.231
  51                   JUNCTION       24.00         83.273      312.727
  Amont_C              JUNCTION       24.00         90.248      306.752
  52                   JUNCTION       23.95         31.825       67.775
  53                   JUNCTION       23.98         32.277      162.723
  54                   JUNCTION       23.87         33.869      161.131
  56                   JUNCTION       24.00          6.137       92.863
  4                    JUNCTION       23.99          9.367       89.983
  5                    JUNCTION       23.97          1.404       43.596
  6                    JUNCTION       23.99         21.090      173.910
  8                    JUNCTION       23.89          1.542      193.458
  10                   JUNCTION       23.96          6.690      185.310
  12                   JUNCTION       23.99         31.256      168.394
  14                   JUNCTION       23.98         19.073      176.927
  Syst_Est_interm      JUNCTION       23.85         23.690       74.810
  
  
  *********************
  Node Flooding Summary
  *********************
  
  No nodes were flooded.
  
  
  ***********************
  Outfall Loading Summary
  ***********************
  
  -----------------------------------------------------------
                         Flow       Avg       Max       Total
                         Freq      Flow      Flow      Volume
  Outfall Node           Pcnt       CMS       CMS    10^6 ltr
  -----------------------------------------------------------
  Brunnm_Fassung        99.95    0.0372    0.0387       3.210
  Brunnmuehle(Teich)    99.95     0.416     0.426      35.920
  Fensterstollen        99.94      4.54      4.56     391.973
  Gischeren             99.49      0.56      0.56      48.111
  Schuettstein          99.94     0.708     0.714      61.122
  Holiloch              99.91      10.6      10.7     914.037
  Sauserquelle          99.97      1.07      1.07      92.358
  Entw_Stollen          99.96    0.0362    0.0364       3.130
  Sous_lacustre        100.00    0.0394    0.0406       3.407
  Sous_ecoul.           99.95   0.00613    0.0064       0.529
  Syst_Est_aval         99.39     0.378      1.09      32.424
  TWT_Portail_Est_61+665   0.00         0         0       0.000
  -----------------------------------------------------------
  System                91.54      18.4      18.4    1586.220
  
  
  ********************
  Link Flow Summary
  ********************
  
  -----------------------------------------------------------------------------
                                 Maximum  Time of Max   Maximum    Max/    Max/
                                  |Flow|   Occurrence   |Veloc|    Full    Full
  Link                 Type          CMS  days hr:min     m/sec    Flow   Depth
  -----------------------------------------------------------------------------
  Brunn_Fassung_L      CONDUIT    0.0387     0  00:03      1.61    0.64    0.79
  11                   CONDUIT      14.7     0  00:00      7.82    2.20    1.00
  14                   CONDUIT      16.1     0  00:00     11.55    8.78    1.00
  16                   CONDUIT     0.293     0  00:02      3.42    2.04    1.00
  17                   CONDUIT     0.283     0  00:00      1.00    0.48    1.00
  26                   CONDUIT      3.23     0  00:00      5.93    4.38    1.00
  27                   CONDUIT    0.0735     0  00:08      1.99    0.94    1.00
  Gischeren_L          CONDUIT      0.56     0  00:09      0.80    0.07    0.59
  Schuettstein_L       CONDUIT     0.714     0  00:03      4.33    0.61    0.78
  Brunnmuehle_L        CONDUIT     0.465     0  00:03      1.65    0.22    1.00
  32                   CONDUIT         0     0  00:00      0.00    0.00    0.00
  35                   CONDUIT     0.294     0  00:05      0.38    0.05    1.00
  45                   CONDUIT     0.603     0  00:09      5.20    0.00    0.10
  46                   CONDUIT      1.07     0  00:09      3.78    1.07    1.00
  47                   CONDUIT     0.129     0  00:00      3.40    8.06    1.00
  50                   CONDUIT     0.714     0  00:03      2.73    0.13    1.00
  51                   CONDUIT     0.226     0  00:09      2.35    0.63    1.00
  53                   CONDUIT      0.28     0  00:00      1.68    1.42    1.00
  Fenster_L            CONDUIT      4.56     0  00:09      6.89    0.05    0.16
  58                   CONDUIT      4.33     0  00:07      6.21    0.06    0.19
  59                   CONDUIT     0.446     0  00:09      3.48    0.00    0.05
  61                   CONDUIT     0.914     0  00:00      4.29    1.29    1.00
  63                   CONDUIT     0.166     0  00:02      2.29    0.75    0.52
  66                   CONDUIT     0.181     0  00:03      2.78    2.38    1.00
  67                   CONDUIT      18.3     0  00:00      4.86    0.18    1.00
  Amont_L              CONDUIT        34     0  00:00      4.80    1.84    1.00
  69                   CONDUIT     0.315     0  00:02      2.65    1.23    1.00
  70                   CONDUIT     0.236     0  00:03      1.88    0.73    1.00
  71                   CONDUIT     0.507     0  00:00      2.11    0.90    1.00
  72                   CONDUIT      0.41     0  00:07      1.91    1.95    1.00
  Sauser_L             CONDUIT      1.07     0  00:09      1.89    0.27    0.68
  75                   CONDUIT      0.14     0  00:07      4.55    1.43    0.61
  Entw_Sto_L           CONDUIT    0.0364     0  00:09      1.90    0.84    0.71
  4                    CONDUIT    0.0331     0  00:09      1.34    1.48    0.84
  5                    CONDUIT     0.028     0  00:09      1.22    1.00    0.85
  6                    CONDUIT    0.0406     0  00:03      1.54    0.61    0.78
  7                    CONDUIT      0.43     0  00:03      2.19    0.66    1.00
  Brunn_Teich_L        CONDUIT     0.426     0  00:03      1.73    0.32    0.70
  9                    CONDUIT    0.0064     0  00:03      1.61    0.00    0.51
  12                   CONDUIT      10.9     0  00:00      6.08    0.22    1.00
  15                   CONDUIT      12.9     0  00:00      6.16    0.33    1.00
  18                   CONDUIT        12     0  00:00      5.99    0.48    1.00
  19                   CONDUIT      1.12     0  00:01      1.45    1.07    1.00
  20                   CONDUIT       1.7     0  00:07      5.88    0.14    0.69
  21                   CONDUIT      10.8     0  00:02      1.09    0.07    0.89
  Hooliloch_L          CONDUIT      10.7     0  00:03      1.63    0.21    0.72
  23                   CONDUIT     0.157     0  00:09      3.36    0.98    0.63
  25                   CONDUIT      0.76     0  00:04      2.63    0.62    1.00
  28                   CONDUIT     0.157     0  00:09      1.76    0.00    0.04
  29                   CONDUIT    0.0832     0  00:09      0.68    0.00    0.05
  31                   CONDUIT     0.428     0  00:06      0.67    0.26    0.89
  33                   CONDUIT     0.898     0  00:02      0.85    0.34    1.00
  37                   CONDUIT     0.368     0  00:09      0.66    0.01    0.13
  SS3_L                CONDUIT     0.157     0  00:09      3.14    0.00    0.05
  40                   CONDUIT       1.8     0  00:08      2.49    0.01    0.13
  SS6_L                CONDUIT     0.166     0  00:02      3.94    0.00    0.05
  1                    CONDUIT         0     0  00:00      0.00    0.00    0.02
  2                    CONDUIT         0     0  00:00      0.00    0.00    0.00
  3                    CONDUIT    0.0607     0  00:08      3.39    0.01    0.09
  10                   CONDUIT     0.147     0  00:09      0.27    0.00    0.13
  13                   CONDUIT     0.471     0  00:00      5.10    1.02    1.00
  22                   CONDUIT     0.343     0  00:00      3.56    0.85    1.00
  24                   CONDUIT      2.49     0  00:01      3.57    0.00    1.00
  30                   CONDUIT      1.93     0  00:02      2.68    0.81    1.00
  34                   CONDUIT     0.597     0  00:03      2.70    0.67    0.88
  36                   CONDUIT     0.595     0  00:03      5.86    0.64    0.44
  38                   CONDUIT     0.442     0  00:05      2.80    0.17    1.00
  48                   CONDUIT     0.973     0  00:04      2.52    0.65    0.84
  54                   CONDUIT      1.09     0  00:08      0.89    0.21    0.66
  68                   CONDUIT     0.477     0  00:03      9.97    0.00    0.08
  73                   CONDUIT         0     0  00:00      0.00    0.00    0.03
  TWT1                 CONDUIT         0     0  00:00      0.00    0.00    0.00
  TWT2                 CONDUIT         0     0  00:00      0.00    0.00    0.00
  TWT3                 CONDUIT         0     0  00:00      0.00    0.00    0.00
  TWT4                 CONDUIT         0     0  00:00      0.00    0.00    0.06
  1_2_b_               CONDUIT         0     0  00:00      0.00    0.00    0.00
  1_2_b_1              CONDUIT      2.58     0  00:03     16.66    9.91    1.00
  1_2_b_2              CONDUIT     0.118     0  00:03      1.04    0.04    0.57
  1_2_b_3              CONDUIT      1.13     0  00:01      6.01    0.85    1.00
  1_2_b_4              CONDUIT    0.0796     0  00:08      0.71    0.02    0.55
  1_3_a_1              CONDUIT         0     0  00:00      0.00    0.00    0.50
  TWT5                 CONDUIT      5.83     0  00:06      3.88    0.01    0.14
  1_4_a                CONDUIT       5.9     0  00:09      3.95    0.09    0.28
  TWT6                 CONDUIT       2.9     0  00:05      1.11    0.01    0.13
  1_4_b                CONDUIT         0     0  00:00      0.00    0.00    0.22
  TWT7                 CONDUIT         0     0  00:00      0.00    0.00    0.05
  1_5_a                CONDUIT         0     0  00:00      0.00    0.00    0.03
  
  
  ***************************
  Flow Classification Summary
  ***************************
  
  -------------------------------------------------------------------------------------
                      Adjusted    ---------- Fraction of Time in Flow Class ---------- 
                       /Actual         Up    Down  Sub   Sup   Up    Down  Norm  Inlet 
  Conduit               Length    Dry  Dry   Dry   Crit  Crit  Crit  Crit  Ltd   Ctrl  
  -------------------------------------------------------------------------------------
  Brunn_Fassung_L         1.00   0.00  0.00  0.00  0.00  1.00  0.00  0.00  0.00  0.00
  11                      1.00   0.00  0.00  0.00  1.00  0.00  0.00  0.00  0.00  0.00
  14                      1.00   0.00  0.00  0.00  1.00  0.00  0.00  0.00  0.00  0.00
  16                      1.00   0.00  0.00  0.00  1.00  0.00  0.00  0.00  0.00  0.00
  17                      1.00   0.00  0.00  0.00  1.00  0.00  0.00  0.00  0.00  0.00
  26                      1.00   0.00  0.00  0.00  1.00  0.00  0.00  0.00  0.00  0.00
  27                      1.00   0.00  0.00  0.00  1.00  0.00  0.00  0.00  0.00  0.00
  Gischeren_L             1.00   0.00  0.00  0.00  0.99  0.00  0.00  0.00  0.00  0.00
  Schuettstein_L          1.00   0.00  0.00  0.00  0.00  1.00  0.00  0.00  0.00  0.00
  Brunnmuehle_L           1.00   0.00  0.00  0.00  1.00  0.00  0.00  0.00  0.00  0.00
  32                      1.00   1.00  0.00  0.00  0.00  0.00  0.00  0.00  0.00  0.00
  35                      1.00   0.00  0.00  0.00  1.00  0.00  0.00  0.00  0.00  0.00
  45                      1.00   0.00  0.00  0.00  0.00  1.00  0.00  0.00  1.00  0.00
  46                      1.00   0.00  0.00  0.00  1.00  0.00  0.00  0.00  0.00  0.00
  47                      1.00   0.00  0.00  0.00  1.00  0.00  0.00  0.00  0.00  0.00
  50                      1.00   0.00  0.00  0.00  1.00  0.00  0.00  0.00  0.00  0.00
  51                      1.00   0.00  0.00  0.00  1.00  0.00  0.00  0.00  0.00  0.00
  53                      1.00   0.00  0.00  0.00  1.00  0.00  0.00  0.00  0.00  0.00
  Fenster_L               1.00   0.00  0.00  0.00  0.00  1.00  0.00  0.00  0.00  0.00
  58                      1.00   0.00  0.00  0.00  0.00  1.00  0.00  0.00  0.00  0.00
  59                      1.00   0.00  0.00  0.00  0.00  1.00  0.00  0.00  0.00  0.00
  61                      1.00   0.00  0.00  0.00  1.00  0.00  0.00  0.00  0.00  0.00
  63                      1.00   0.00  0.00  0.00  1.00  0.00  0.00  0.00  0.00  0.00
  66                      1.00   0.00  0.00  0.00  1.00  0.00  0.00  0.00  0.00  0.00
  67                      1.00   0.00  0.00  0.00  1.00  0.00  0.00  0.00  0.00  0.00
  Amont_L                 1.00   0.00  0.00  0.00  1.00  0.00  0.00  0.00  0.00  0.00
  69                      1.00   0.00  0.00  0.00  1.00  0.00  0.00  0.00  0.00  0.00
  70                      1.00   0.00  0.00  0.00  1.00  0.00  0.00  0.00  0.00  0.00
  71                      1.00   0.00  0.00  0.00  1.00  0.00  0.00  0.00  0.00  0.00
  72                      1.00   0.00  0.00  0.00  1.00  0.00  0.00  0.00  0.00  0.00
  Sauser_L                1.00   0.00  0.00  0.00  1.00  0.00  0.00  0.00  0.00  0.00
  75                      1.00   0.00  0.00  0.00  0.00  1.00  0.00  0.00  0.00  0.00
  Entw_Sto_L              1.00   0.00  0.00  0.00  0.00  1.00  0.00  0.00  0.00  0.00
  4                       1.00   0.00  0.00  0.00  1.00  0.00  0.00  0.00  0.00  0.00
  5                       1.00   0.00  0.00  0.00  1.00  0.00  0.00  0.00  0.00  0.00
  6                       1.00   0.00  0.00  0.00  0.00  1.00  0.00  0.00  0.00  0.00
  7                       1.00   0.00  0.00  0.00  1.00  0.00  0.00  0.00  0.00  0.00
  Brunn_Teich_L           1.00   0.00  0.00  0.00  1.00  0.00  0.00  0.00  0.00  0.00
  9                       1.00   0.00  0.00  0.00  0.00  1.00  0.00  0.00  0.00  0.00
  12                      1.00   0.00  0.00  0.00  1.00  0.00  0.00  0.00  0.00  0.00
  15                      1.00   0.00  0.00  0.00  1.00  0.00  0.00  0.00  0.00  0.00
  18                      1.00   0.00  0.00  0.00  1.00  0.00  0.00  0.00  0.00  0.00
  19                      1.00   0.00  0.00  0.00  1.00  0.00  0.00  0.00  0.00  0.00
  20                      1.00   0.00  0.00  0.00  0.99  0.01  0.00  0.00  0.00  0.00
  21                      1.00   0.00  0.00  0.00  1.00  0.00  0.00  0.00  0.00  0.00
  Hooliloch_L             1.00   0.00  0.00  0.00  1.00  0.00  0.00  0.00  0.00  0.00
  23                      1.00   0.00  0.00  0.00  0.00  1.00  0.00  0.00  0.00  0.00
  25                      1.00   0.00  0.00  0.00  1.00  0.00  0.00  0.00  0.00  0.00
  28                      1.00   0.00  0.00  0.00  0.00  1.00  0.00  0.00  1.00  0.00
  29                      1.00   0.00  0.00  0.00  1.00  0.00  0.00  0.00  1.00  0.00
  31                      1.00   0.00  0.00  0.00  1.00  0.00  0.00  0.00  0.00  0.00
  33                      1.00   0.00  0.00  0.00  1.00  0.00  0.00  0.00  0.00  0.00
  37                      1.00   0.00  0.00  0.00  1.00  0.00  0.00  0.00  0.00  0.00
  SS3_L                   1.00   0.00  0.00  0.00  0.00  1.00  0.00  0.00  1.00  0.00
  40                      1.00   0.00  0.00  0.00  1.00  0.00  0.00  0.00  0.00  0.00
  SS6_L                   1.00   0.00  0.00  0.00  0.00  1.00  0.00  0.00  1.00  0.00
  1                       1.00   0.00  1.00  0.00  0.00  0.00  0.00  0.00  0.00  0.00
  2                       1.00   1.00  0.00  0.00  0.00  0.00  0.00  0.00  0.00  0.00
  3                       1.00   0.00  0.00  0.00  0.00  1.00  0.00  0.00  1.00  0.00
  10                      1.00   0.00  0.00  0.00  1.00  0.00  0.00  0.00  0.00  0.00
  13                      1.00   0.00  0.00  0.00  1.00  0.00  0.00  0.00  0.00  0.00
  22                      1.00   0.00  0.00  0.00  1.00  0.00  0.00  0.00  0.00  0.00
  24                      1.00   0.00  0.00  0.00  1.00  0.00  0.00  0.00  0.00  0.00
  30                      1.00   0.00  0.00  0.00  1.00  0.00  0.00  0.00  0.00  0.00
  34                      1.00   0.00  0.00  0.00  0.00  1.00  0.00  0.00  0.00  0.00
  36                      1.00   0.00  0.00  0.00  0.00  1.00  0.00  0.00  0.00  0.00
  38                      1.00   0.00  0.00  0.00  1.00  0.00  0.00  0.00  0.00  0.00
  48                      1.00   0.00  0.00  0.00  1.00  0.00  0.00  0.00  0.00  0.00
  54                      1.00   0.00  0.01  0.00  0.99  0.00  0.00  0.00  0.00  0.00
  68                      1.00   0.00  0.00  0.00  0.00  1.00  0.00  0.00  1.00  0.00
  73                      1.00   0.00  1.00  0.00  0.00  0.00  0.00  0.00  0.00  0.00
  TWT1                    1.00   1.00  0.00  0.00  0.00  0.00  0.00  0.00  0.00  0.00
  TWT2                    1.00   1.00  0.00  0.00  0.00  0.00  0.00  0.00  0.00  0.00
  TWT3                    1.00   1.00  0.00  0.00  0.00  0.00  0.00  0.00  0.00  0.00
  TWT4                    1.00   0.00  1.00  0.00  0.00  0.00  0.00  0.00  0.00  0.00
  1_2_b_                  1.00   1.00  0.00  0.00  0.00  0.00  0.00  0.00  0.00  0.00
  1_2_b_1                 1.00   0.00  0.00  0.00  1.00  0.00  0.00  0.00  0.00  0.00
  1_2_b_2                 1.00   0.00  0.00  0.00  1.00  0.00  0.00  0.00  1.00  0.00
  1_2_b_3                 1.00   0.00  0.00  0.00  1.00  0.00  0.00  0.00  0.00  0.00
  1_2_b_4                 1.00   0.00  0.00  0.00  1.00  0.00  0.00  0.00  1.00  0.00
  1_3_a_1                 1.00   0.00  1.00  0.00  0.00  0.00  0.00  0.00  0.00  0.00
  TWT5                    1.00   0.00  0.00  0.00  1.00  0.00  0.00  0.00  0.00  0.00
  1_4_a                   1.00   0.00  0.00  0.00  0.01  0.99  0.00  0.00  0.00  0.00
  TWT6                    1.00   0.00  0.00  0.00  1.00  0.00  0.00  0.00  0.00  0.00
  1_4_b                   1.00   0.00  1.00  0.00  0.00  0.00  0.00  0.00  0.00  0.00
  TWT7                    1.00   0.00  1.00  0.00  0.00  0.00  0.00  0.00  0.00  0.00
  1_5_a                   1.00   0.00  1.00  0.00  0.00  0.00  0.00  0.00  0.00  0.00
  
  
  *************************
  Conduit Surcharge Summary
  *************************
  
  ----------------------------------------------------------------------------
                                                           Hours        Hours 
                         --------- Hours Full --------   Above Full   Capacity
  Conduit                Both Ends  Upstream  Dnstream   Normal Flow   Limited
  ----------------------------------------------------------------------------
  Brunn_Fassung_L             0.01      0.01     24.00      0.01         0.01
  11                         23.99     23.99     23.99     23.99         0.01
  14                         23.99     23.99     23.99     23.99         0.01
  16                         24.00     24.00     24.00     23.99        23.99
  17                         24.00     24.00     24.00      0.01         0.01
  26                         23.99     24.00     23.99      0.01         0.01
  27                         23.86     23.86     23.94      0.01         0.01
  Gischeren_L                 0.01      0.01     23.88      0.01         0.01
  Schuettstein_L              0.01      0.01     23.99      0.01         0.01
  Brunnmuehle_L              24.00     24.00     24.00      0.01         0.01
  35                         23.90     23.90     23.95      0.01         0.01
  46                         24.00     24.00     24.00     23.98         0.01
  47                         24.00     24.00     24.00     24.00        24.00
  50                         23.99     23.99     23.99      0.01         0.01
  51                         23.98     23.98     24.00      0.01         0.01
  53                         24.00     24.00     24.00     23.99         0.01
  61                         23.99     23.99     23.99      0.01         0.01
  63                          0.01     23.97      0.01      0.01         0.01
  66                         23.94     23.98     23.94     23.97        23.94
  67                         23.99     23.99     24.00      0.01         0.01
  Amont_L                    24.00     24.00     24.00      0.01         0.01
  69                         23.95     23.95     24.00      0.02         0.01
  70                         23.95     23.95     24.00      0.01         0.01
  71                         23.98     23.98     23.99      0.01         0.01
  72                         23.87     23.98     23.87      0.11         0.01
  Sauser_L                    0.01      0.01     24.00      0.01         0.01
  75                          0.01     23.98      0.01     23.87         0.01
  4                           0.01     23.98      0.01     23.88         0.01
  5                           0.01      0.01     24.00      0.01         0.01
  6                           0.01      0.01     24.00      0.01         0.01
  7                          23.99     23.99     24.00      0.01         0.01
  Brunn_Teich_L               0.01      0.01     23.99      0.01         0.01
  9                           0.01      0.01     23.99      0.01         0.01
  12                         23.98     23.98     23.98      0.01         0.01
  15                         23.99     23.99     23.99      0.01         0.01
  18                         23.98     23.98     23.99      0.01         0.01
  19                         23.97     23.97     23.99      0.01         0.01
  21                          0.01      0.01     23.97      0.01         0.01
  23                          0.01     23.94      0.01      0.01         0.01
  25                         23.92     23.92     23.99      0.01         0.01
  31                          0.01      0.01     23.89      0.01         0.01
  33                         23.96     23.96     23.96      0.01         0.01
  13                         23.99     23.99     24.00      0.01         0.01
  22                         23.99     23.99     24.00      0.01         0.01
  24                         23.98     23.98     23.99      0.01         0.01
  30                         23.98     23.98     23.99      0.01         0.01
  34                          0.01      0.01     23.99      0.01         0.01
  38                         23.93     23.93     23.95      0.01         0.01
  48                          0.01      0.01     23.89      0.01         0.01
  54                          0.01      0.01     23.85      0.01         0.01
  1_2_b_1                    23.96     24.00     23.96     24.00        23.96
  1_2_b_2                     0.01      0.01     23.96      0.01         0.01
  1_2_b_3                    23.96     23.96     24.00      0.01         0.01
  1_2_b_4                     0.01      0.01     23.96      0.01         0.01
  

  Analysis begun on:  Fri Aug 14 16:10:51 2026
  Analysis ended on:  Fri Aug 14 16:10:53 2026
  Total elapsed time: 00:00:02