
  EPA STORM WATER MANAGEMENT MODEL - VERSION 5.2 (Build 5.2.4)
  ------------------------------------------------------------

  Brunnmuehle (Twann) 
  WARNING 08: elevation drop exceeds length for Conduit SS3_L
  WARNING 08: elevation drop exceeds length for Conduit SS6_L
  WARNING 08: elevation drop exceeds length for Conduit 2
  WARNING 08: elevation drop exceeds length for Conduit 3
  WARNING 08: elevation drop exceeds length for Conduit 68
  WARNING 08: elevation drop exceeds length for Conduit 1_2_b_
  WARNING 08: elevation drop exceeds length for Conduit 1_2_b_2
  WARNING 08: elevation drop exceeds length for Conduit 1_2_b_4
  WARNING 08: elevation drop exceeds length for Conduit 1_4_b
  WARNING 08: elevation drop exceeds length for Conduit 1_5_a
  WARNING 08: elevation drop exceeds length for Conduit 1_6_b_1
  WARNING 04: minimum elevation drop used for Conduit 1_7_a
  WARNING 08: elevation drop exceeds length for Conduit 1_7_a_
  WARNING 08: elevation drop exceeds length for Conduit 1_7_a__
  WARNING 02: maximum depth increased for Node 2
  
  ****************
  Analysis Options
  ****************
  Flow Units ............... CMS
  Process Models:
    Rainfall/Runoff ........ NO
    RDII ................... NO
    Snowmelt ............... NO
    Groundwater ............ NO
    Flow Routing ........... YES
    Ponding Allowed ........ NO
    Water Quality .......... NO
  Flow Routing Method ...... DYNWAVE
  Surcharge Method ......... EXTRAN
  Starting Date ............ 01/01/2000 00:00:00
  Ending Date .............. 01/02/2000 00:00:00
  Antecedent Dry Days ...... 0.0
  Report Time Step ......... 01:00:00
  Routing Time Step ........ 0.50 sec
  Variable Time Step ....... YES
  Maximum Trials ........... 8
  Number of Threads ........ 1
  Head Tolerance ........... 0.001500 m
  
  
  **************************        Volume        Volume
  Flow Routing Continuity        hectare-m      10^6 ltr
  **************************     ---------     ---------
  Dry Weather Inflow .......         0.000         0.000
  Wet Weather Inflow .......         0.000         0.000
  Groundwater Inflow .......         0.000         0.000
  RDII Inflow ..............         0.000         0.000
  External Inflow ..........       133.343      1333.445
  External Outflow .........       126.499      1265.000
  Flooding Loss ............         0.000         0.000
  Evaporation Loss .........         0.000         0.000
  Exfiltration Loss ........         0.000         0.000
  Initial Stored Volume ....         0.056         0.563
  Final Stored Volume ......         0.458         4.579
  Continuity Error (%) .....         4.830
  
  
  *************************
  Highest Continuity Errors
  *************************
  Node TWT_Acces_LT_60+110 (-1299.52%)
  Node TWT_Intersection_Sonsto_60+345 (-153.19%)
  Node Syst_Est_interm (100.00%)
  Node 2 (-75.24%)
  Node 54 (62.69%)
  
  
  ***************************
  Time-Step Critical Elements
  ***************************
  Link 1_4_a (13628.20%)
  Link 20 (42.73%)
  Link 1_7_a_ (27.80%)
  Link 1_8_a (19.86%)
  
  
  ********************************
  Highest Flow Instability Indexes
  ********************************
  All links are stable.
  
  
  *********************************
  Most Frequent Nonconverging Nodes
  *********************************
  Node Brunnm_Fassung (30.74%)
  Node Brunnmuehle(Teich) (30.74%)
  Node Fensterstollen (30.74%)
  Node Gischeren (30.74%)
  Node Schuettstein (30.74%)
  
  
  *************************
  Routing Time Step Summary
  *************************
  Minimum Time Step           :     0.50 sec
  Average Time Step           :     0.50 sec
  Maximum Time Step           :     0.50 sec
  % of Time in Steady State   :    99.27
  Average Iterations per Step :     6.26
  % of Steps Not Converging   :    30.74
  Time Step Frequencies       :
      0.500 -  0.500 sec      :   100.00 %
      0.500 -  0.500 sec      :     0.00 %
      0.500 -  0.500 sec      :     0.00 %
      0.500 -  0.500 sec      :     0.00 %
      0.500 -  0.500 sec      :     0.00 %
  
  
  ******************
  Node Depth Summary
  ******************
  
  ---------------------------------------------------------------------------------
                                 Average  Maximum  Maximum  Time of Max    Reported
                                   Depth    Depth      HGL   Occurrence   Max Depth
  Node                 Type       Meters   Meters   Meters  days hr:min      Meters
  ---------------------------------------------------------------------------------
  9                    JUNCTION    42.38    44.83   483.33     0  00:00       42.41
  Holiloch_sonde       JUNCTION    39.68    41.59   481.59     0  00:00       39.71
  11                   JUNCTION    28.68    28.90   438.90     0  00:00       28.69
  13                   JUNCTION    48.93    49.75   487.75     0  00:02       48.95
  21                   JUNCTION    37.07    37.24   437.24     0  00:00       37.08
  SonSto_F             JUNCTION     0.15     0.31   438.11     0  00:06        0.15
  Sondierstollen       JUNCTION     0.00     0.00   440.80     0  00:00        0.00
  Aval_Trappe          JUNCTION     0.41     0.57   438.17     0  00:06        0.42
  30                   JUNCTION     0.57     0.57   437.87     0  00:10        0.57
  Gischeren_node       JUNCTION     0.77     0.77   477.27     0  00:10        0.77
  34                   JUNCTION    16.71    17.15   437.15     0  00:00       16.71
  38                   JUNCTION    17.37    17.41   437.41     0  00:09       17.38
  SS6                  JUNCTION     0.07     0.07   448.07     0  00:02        0.07
  40                   JUNCTION    20.72    20.87   439.87     0  00:04       20.73
  41                   JUNCTION    49.29    50.10   487.60     0  00:02       49.31
  SondeSchuettstein    JUNCTION    20.74    23.24   482.24     0  00:01       20.75
  SS4                  JUNCTION     0.04     0.04   448.04     0  00:10        0.04
  47                   JUNCTION    13.68    14.18   479.08     0  00:01       13.70
  48                   JUNCTION     8.58    10.77   481.77     0  00:01        8.58
  SondeGischeren       JUNCTION    12.22    12.27   477.27     0  00:10       12.27
  49                   JUNCTION    12.84    14.31   480.31     0  00:02       12.86
  50                   JUNCTION     6.48     6.70   469.70     0  00:05        6.51
  51                   JUNCTION    67.24    68.07   488.07     0  00:02       67.27
  Amont_C              JUNCTION    70.51    87.47   505.47     0  00:00       70.54
  52                   JUNCTION     0.24     0.24   457.24     0  00:10        0.24
  53                   JUNCTION     8.92    16.22   483.22     0  00:01        8.92
  54                   JUNCTION     4.45     4.47   467.47     0  00:10        4.47
  56                   JUNCTION     6.17     6.19   436.19     0  00:04        6.17
  2                    JUNCTION     0.22     0.22   438.22     0  00:10        0.22
  4                    JUNCTION     8.03     8.56   436.56     0  00:00        8.03
  5                    JUNCTION     5.85     5.88   478.38     0  00:03        5.86
  6                    JUNCTION    21.01    21.10   479.10     0  00:04       21.02
  7                    JUNCTION     3.34     3.37   478.37     0  00:03        3.35
  SS3                  JUNCTION     0.08     0.08   448.08     0  00:10        0.08
  SS5                  JUNCTION     0.56     0.56   439.46     0  00:10        0.56
  8                    JUNCTION     3.32     3.34   477.34     0  00:10        3.34
  10                   JUNCTION    10.84    12.35   480.35     0  00:02       10.86
  SonSto_SS5           JUNCTION     0.11     0.11   439.41     0  00:10        0.11
  SonSto_SS3           JUNCTION     0.11     0.11   439.81     0  00:06        0.11
  SonSto_SS4           JUNCTION     0.07     0.07   439.47     0  00:10        0.07
  Amont_Trappe         JUNCTION     0.28     0.56   438.26     0  00:06        0.28
  SonSto_SS6           JUNCTION     0.11     0.12   438.82     0  00:07        0.11
  SS2                  JUNCTION     0.00     0.00   448.00     0  00:00        0.00
  SonSto_SS2           JUNCTION     0.00     0.00   441.50     0  00:00        0.00
  12                   JUNCTION    16.07    16.42   465.42     0  00:02       16.08
  14                   JUNCTION     5.15     5.92   470.92     0  00:04        5.15
  15                   JUNCTION     0.34     0.34   472.34     0  00:05        0.34
  TWT_PointHaut_60+749 JUNCTION     0.16     0.17   438.67     0  00:06        0.16
  TWT_Fensterstollen_60+375 JUNCTION     0.87     0.87   438.17     0  00:10        0.87
  TWT_Acces_LT_60+110  JUNCTION     0.72     0.72   438.22     0  00:10        0.72
  TWT_Liaison_LT_59+738 JUNCTION     0.00     0.00   446.50     0  00:00        0.00
  Syst_Est_amont       JUNCTION     0.50     0.52   430.52     0  00:03        0.50
  Syst_Est_interm      JUNCTION     1.45     1.46   411.46     0  00:10        1.46
  TWT_Branche_Est_Sonsto_60+540 JUNCTION     0.42     0.46   438.86     0  00:02        0.42
  TWT_Intersection_Sonsto_60+345 JUNCTION     1.09     1.19   438.19     0  00:09        1.10
  TWT_Chrosweg_61+140  JUNCTION     0.14     0.14   432.14     0  00:10        0.14
  SonSto_F_sup         JUNCTION     0.04     0.04   448.04     0  00:05        0.04
  SonSto_porte         JUNCTION     0.00     0.00   438.50     0  00:00        0.00
  Brunnm_Fassung       OUTFALL      0.08     0.08   433.88     0  00:09        0.08
  Brunnmuehle(Teich)   OUTFALL      0.16     0.16   435.66     0  00:09        0.16
  Fensterstollen       OUTFALL      0.53     0.54   437.54     0  00:10        0.54
  Gischeren            OUTFALL      0.00     0.00   480.00     0  00:00        0.00
  Schuettstein         OUTFALL      0.20     0.22   477.77     0  00:01        0.20
  Holiloch             OUTFALL      1.51     1.53   478.03     0  00:03        1.51
  Sauserquelle         OUTFALL      0.25     0.25   435.80     0  00:04        0.25
  Entw_Stollen         OUTFALL      0.17     0.17   436.67     0  00:08        0.17
  Sous_lacustre        OUTFALL      0.09     0.09   429.29     0  00:09        0.09
  Sous_ecoul.          OUTFALL      0.00     0.00   433.00     0  00:00        0.00
  Syst_Est_aval        OUTFALL      0.00     0.00   429.00     0  00:00        0.00
  TWT_Portail_Est_61+665 OUTFALL      0.14     0.14   421.74     0  00:10        0.14
  CentraleVentilation_1C OUTFALL      0.16     0.16   454.16     0  00:10        0.16
  
  
  *******************
  Node Inflow Summary
  *******************
  
  -------------------------------------------------------------------------------------------------
                                  Maximum  Maximum                  Lateral       Total        Flow
                                  Lateral    Total  Time of Max      Inflow      Inflow     Balance
                                   Inflow   Inflow   Occurrence      Volume      Volume       Error
  Node                 Type           CMS      CMS  days hr:min    10^6 ltr    10^6 ltr     Percent
  -------------------------------------------------------------------------------------------------
  9                    JUNCTION         0     12.4     0  00:00           0         552       0.028
  Holiloch_sonde       JUNCTION         0     11.6     0  00:00           0         516       0.016
  11                   JUNCTION         0    0.317     0  00:02           0        27.1      -0.000
  13                   JUNCTION         0     14.6     0  00:00           0    1.04e+03       0.030
  21                   JUNCTION         0    0.231     0  00:09           0        19.9      -0.001
  SonSto_F             JUNCTION         0     1.03     0  00:06           0        47.3       7.077
  Sondierstollen       JUNCTION         0        0     0  00:00           0           0       0.000 ltr
  Aval_Trappe          JUNCTION         0     3.48     0  00:06           0         182      -0.031
  30                   JUNCTION         0     7.47     0  00:10           0         643       6.059
  Gischeren_node       JUNCTION         0    0.231     0  00:09           0        16.716687921.234 ltr
  34                   JUNCTION         0    0.203     0  00:09           0        17.5      -0.001
  38                   JUNCTION         0    0.163     0  00:00           0        6.15       0.001
  SS6                  JUNCTION         0    0.155     0  00:02           0        12.8       0.001
  40                   JUNCTION         0     2.18     0  00:04           0         187       0.000
  41                   JUNCTION         0     1.59     0  00:00           0          34       0.067
  SondeSchuettstein    JUNCTION         0    0.632     0  00:00           0          34       0.043
  SS4                  JUNCTION         0    0.084     0  00:10           0        7.25       0.042
  47                   JUNCTION         0     8.48     0  00:01           0         503      -0.007
  48                   JUNCTION         0     0.54     0  00:01           0          34       0.002
  SondeGischeren       JUNCTION         0    0.281     0  00:09           0        20.8       0.292
  49                   JUNCTION         0    0.945     0  00:02           0        12.9       0.414
  50                   JUNCTION         0     0.18     0  00:05           0        12.9       0.019
  51                   JUNCTION         0     28.4     0  00:00           0    1.27e+03      -0.004
  Amont_C              JUNCTION      14.7     39.7     0  00:00    1.27e+03    1.27e+03       0.016
  52                   JUNCTION         0    0.222     0  00:10           0        19.1       0.853
  53                   JUNCTION         0    0.352     0  00:01           0          25       0.025
  54                   JUNCTION         0     0.29     0  00:10           0          25     168.051
  56                   JUNCTION         0    0.553     0  00:04           0        47.5       0.002
  2                    JUNCTION         0    0.285     0  00:08           0        2.42     -42.935
  4                    JUNCTION         0    0.182     0  00:09           0        15.6       0.036
  5                    JUNCTION         0     7.03     0  00:01           0         503       0.082
  6                    JUNCTION         0     9.51     0  00:00           0         516       0.017
  7                    JUNCTION         0     6.29     0  00:02           0         502       0.052
  SS3                  JUNCTION         0    0.149     0  00:10           0        12.9       0.026
  SS5                  JUNCTION         0    0.202     0  00:10           0        17.4       0.111
  8                    JUNCTION         0    0.457     0  00:08           0        37.8      27.546
  10                   JUNCTION         0    0.735     0  00:02           0        12.9       0.163
  SonSto_SS5           JUNCTION         0    0.221     0  00:10           0          19       0.060
  SonSto_SS3           JUNCTION         0    0.149     0  00:10           0        12.9       0.123
  SonSto_SS4           JUNCTION         0    0.185     0  00:10           0          16       0.047
  Amont_Trappe         JUNCTION         0     1.21     0  00:06           0        41.3       0.699
  SonSto_SS6           JUNCTION         0    0.369     0  00:10           0        31.8       0.031
  SS2                  JUNCTION         0        0     0  00:00           0           0       0.000 ltr
  SonSto_SS2           JUNCTION         0        0     0  00:00           0           0       0.000 ltr
  12                   JUNCTION         0    0.357     0  00:00           0        26.1       0.014
  14                   JUNCTION         0     1.83     0  00:04           0         152       0.030
  15                   JUNCTION         0    0.427     0  00:04           0        36.4       0.033
  TWT_PointHaut_60+749 JUNCTION         0     0.62     0  00:03           0        48.3      -1.723
  TWT_Fensterstollen_60+375 JUNCTION         0     8.07     0  00:10           0         593      -1.125
  TWT_Acces_LT_60+110  JUNCTION         0     2.62     0  00:06           0        1.08     -92.855
  TWT_Liaison_LT_59+738 JUNCTION         0        0     0  00:00           0           0       0.000 ltr
  Syst_Est_amont       JUNCTION     0.735    0.735     0  00:00        63.5        63.5       0.072
  Syst_Est_interm      JUNCTION         0    0.781     0  00:04           0        63.563451327.761 ltr
  TWT_Branche_Est_Sonsto_60+540 JUNCTION         0     4.12     0  00:04           0         354       0.039
  TWT_Intersection_Sonsto_60+345 JUNCTION         0     5.15     0  00:05           0          37     -60.503
  TWT_Chrosweg_61+140  JUNCTION         0     0.58     0  00:07           0        49.2       5.217
  SonSto_F_sup         JUNCTION         0    0.426     0  00:05           0        36.3       0.001
  SonSto_porte         JUNCTION         0        0     0  00:00           0           0       0.000 ltr
  Brunnm_Fassung       OUTFALL          0   0.0211     0  00:09           0        1.82       0.000
  Brunnmuehle(Teich)   OUTFALL          0    0.177     0  00:09           0        15.2       0.000
  Fensterstollen       OUTFALL          0     7.04     0  00:10           0         606       0.000
  Gischeren            OUTFALL          0        0     0  00:00           0           0       0.000 ltr
  Schuettstein         OUTFALL          0    0.452     0  00:01           0          34       0.000
  Holiloch             OUTFALL          0        6     0  00:03           0         502       0.000
  Sauserquelle         OUTFALL          0    0.553     0  00:04           0        47.5       0.000
  Entw_Stollen         OUTFALL          0   0.0459     0  00:08           0        3.85       0.000
  Sous_lacustre        OUTFALL          0   0.0279     0  00:09           0         2.4       0.000
  Sous_ecoul.          OUTFALL          0  0.00554     0  00:00           0       0.458       0.000
  Syst_Est_aval        OUTFALL          0        0     0  00:00           0           0       0.000 ltr
  TWT_Portail_Est_61+665 OUTFALL          0    0.543     0  00:10           0        46.7       0.000
  CentraleVentilation_1C OUTFALL          0   0.0612     0  00:10           0        5.27       0.000
  
  
  **********************
  Node Surcharge Summary
  **********************
  
  Surcharging occurs when water rises above the top of the highest conduit.
  ---------------------------------------------------------------------
                                               Max. Height   Min. Depth
                                   Hours       Above Crown    Below Rim
  Node                 Type      Surcharged         Meters       Meters
  ---------------------------------------------------------------------
  9                    JUNCTION       23.99         43.034       55.166
  Holiloch_sonde       JUNCTION       23.99         39.694      158.406
  11                   JUNCTION       24.00         28.396      121.104
  13                   JUNCTION       23.99         46.749      350.251
  21                   JUNCTION       24.00         36.644      112.756
  34                   JUNCTION       24.00         16.553       82.847
  38                   JUNCTION       24.00         16.812      132.588
  40                   JUNCTION       24.00         16.870       79.130
  41                   JUNCTION       23.99         49.248      199.902
  SondeSchuettstein    JUNCTION       23.98         22.443        0.000
  47                   JUNCTION       23.98         12.285       85.815
  48                   JUNCTION       23.98          9.965       89.235
  SondeGischeren       JUNCTION       23.91         11.071       87.729
  49                   JUNCTION       23.96          6.309      185.691
  50                   JUNCTION       23.90          6.402      193.298
  51                   JUNCTION       24.00         64.074      331.926
  Amont_C              JUNCTION       24.00         84.475      312.525
  53                   JUNCTION       23.97         11.222      183.778
  56                   JUNCTION       23.99          5.193       93.807
  4                    JUNCTION       23.98          7.907       91.443
  5                    JUNCTION       23.96          0.880       44.120
  6                    JUNCTION       23.98         16.104      178.896
  10                   JUNCTION       23.95          4.347      187.653
  12                   JUNCTION       23.98         16.066      183.584
  14                   JUNCTION       23.93          1.923      194.077
  
  
  *********************
  Node Flooding Summary
  *********************
  
  No nodes were flooded.
  
  
  ***********************
  Outfall Loading Summary
  ***********************
  
  -----------------------------------------------------------
                         Flow       Avg       Max       Total
                         Freq      Flow      Flow      Volume
  Outfall Node           Pcnt       CMS       CMS    10^6 ltr
  -----------------------------------------------------------
  Brunnm_Fassung        99.93     0.021    0.0211       1.817
  Brunnmuehle(Teich)    99.93     0.176     0.177      15.177
  Fensterstollen        99.97      7.02      7.04     605.948
  Gischeren              0.00         0         0       0.000
  Schuettstein          99.92     0.393     0.452      33.952
  Holiloch              99.87      5.82         6     501.936
  Sauserquelle          99.97      0.55     0.553      47.462
  Entw_Stollen          99.87    0.0446    0.0459       3.848
  Sous_lacustre         99.99    0.0278    0.0279       2.404
  Sous_ecoul.           99.94   0.00531   0.00554       0.458
  Syst_Est_aval          0.00         0         0       0.000
  TWT_Portail_Est_61+665  99.93     0.541     0.543      46.719
  CentraleVentilation_1C  99.95    0.0611    0.0612       5.274
  -----------------------------------------------------------
  System                84.56      14.7      14.7    1264.995
  
  
  ********************
  Link Flow Summary
  ********************
  
  -----------------------------------------------------------------------------
                                 Maximum  Time of Max   Maximum    Max/    Max/
                                  |Flow|   Occurrence   |Veloc|    Full    Full
  Link                 Type          CMS  days hr:min     m/sec    Flow   Depth
  -----------------------------------------------------------------------------
  Brunn_Fassung_L      CONDUIT    0.0211     0  00:09      0.99    0.35    0.70
  11                   CONDUIT      11.6     0  00:00      6.52    1.74    1.00
  14                   CONDUIT      12.4     0  00:00      9.07    6.75    1.00
  16                   CONDUIT     0.317     0  00:02      3.71    2.21    1.00
  17                   CONDUIT     0.163     0  00:00      0.58    0.28    1.00
  26                   CONDUIT      1.59     0  00:00      2.82    2.15    1.00
  27                   CONDUIT    0.0532     0  00:06      1.50    0.68    1.00
  Gischeren_L          CONDUIT         0     0  00:00      0.00    0.00    0.32
  Schuettstein_L       CONDUIT     0.452     0  00:01      3.00    0.39    0.72
  Brunnmuehle_L        CONDUIT     0.203     0  00:09      0.72    0.10    1.00
  32                   CONDUIT         0     0  00:00      0.00    0.00    0.00
  35                   CONDUIT     0.133     0  00:09      0.19    0.02    0.82
  45                   CONDUIT     0.379     0  00:07      5.06    0.00    0.07
  46                   CONDUIT     0.553     0  00:04      1.96    0.55    1.00
  47                   CONDUIT     0.112     0  00:02      2.94    6.97    1.00
  50                   CONDUIT      0.54     0  00:01      1.64    0.10    1.00
  51                   CONDUIT    0.0395     0  00:04      0.43    0.11    1.00
  53                   CONDUIT     0.163     0  00:00      0.98    0.83    1.00
  Fenster_L            CONDUIT      7.04     0  00:10      8.13    0.07    0.18
  58                   CONDUIT      2.81     0  00:06      4.02    0.04    0.18
  59                   CONDUIT      0.22     0  00:10      2.63    0.00    0.04
  61                   CONDUIT     0.632     0  00:00      3.30    0.89    1.00
  63                   CONDUIT     0.155     0  00:02      2.14    0.70    0.52
  66                   CONDUIT      0.18     0  00:05      2.67    2.37    1.00
  67                   CONDUIT      14.6     0  00:00      3.97    0.14    1.00
  Amont_L              CONDUIT      28.4     0  00:00      4.02    1.54    1.00
  69                   CONDUIT     0.222     0  00:10      2.08    0.87    0.80
  70                   CONDUIT     0.159     0  00:10      1.48    0.49    0.80
  71                   CONDUIT     0.352     0  00:01      1.56    0.62    1.00
  72                   CONDUIT      0.29     0  00:10      1.44    1.37    0.95
  Sauser_L             CONDUIT     0.553     0  00:04      1.07    0.14    0.63
  75                   CONDUIT     0.084     0  00:10      2.96    0.85    0.59
  Entw_Sto_L           CONDUIT    0.0459     0  00:08      1.87    1.06    0.98
  4                    CONDUIT    0.0253     0  00:08      1.32    1.13    1.00
  5                    CONDUIT   0.00421     0  00:08      0.19    0.15    1.00
  6                    CONDUIT    0.0279     0  00:09      1.14    0.42    0.73
  7                    CONDUIT     0.182     0  00:09      1.04    0.28    1.00
  Brunn_Teich_L        CONDUIT     0.177     0  00:09      0.81    0.13    0.62
  9                    CONDUIT   0.00554     0  00:00      1.39    0.00    0.50
  12                   CONDUIT      7.03     0  00:01      4.15    0.14    1.00
  15                   CONDUIT      9.51     0  00:00      4.77    0.25    1.00
  18                   CONDUIT      8.48     0  00:01      4.31    0.34    1.00
  19                   CONDUIT     0.945     0  00:02      1.25    0.90    1.00
  20                   CONDUIT      1.44     0  00:06      3.99    0.11    0.57
  21                   CONDUIT      6.29     0  00:02      0.76    0.04    0.84
  Hooliloch_L          CONDUIT         6     0  00:03      1.25    0.12    0.61
  23                   CONDUIT     0.149     0  00:10      3.21    0.93    0.63
  25                   CONDUIT     0.457     0  00:08      1.68    0.37    1.00
  28                   CONDUIT     0.149     0  00:10      2.52    0.00    0.03
  29                   CONDUIT    0.0191     0  00:10      0.59    0.00    0.03
  31                   CONDUIT     0.104     0  00:09      0.42    0.06    0.41
  33                   CONDUIT     0.735     0  00:02      0.80    0.28    1.00
  37                   CONDUIT     0.201     0  00:10      0.46    0.00    0.11
  SS3_L                CONDUIT     0.149     0  00:10      3.00    0.00    0.05
  40                   CONDUIT      1.21     0  00:06      1.76    0.01    0.10
  SS6_L                CONDUIT     0.155     0  00:02      4.00    0.00    0.05
  1                    CONDUIT         0     0  00:00      0.00    0.00    0.02
  2                    CONDUIT         0     0  00:00      0.00    0.00    0.00
  3                    CONDUIT    0.0362     0  00:10      3.07    0.00    0.06
  10                   CONDUIT     0.166     0  00:10      0.45    0.00    0.11
  13                   CONDUIT     0.357     0  00:00      4.22    0.77    1.00
  22                   CONDUIT     0.305     0  00:02      3.17    0.76    1.00
  24                   CONDUIT      1.83     0  00:04      2.64    0.00    1.00
  30                   CONDUIT      1.77     0  00:04      2.45    0.74    1.00
  34                   CONDUIT     0.427     0  00:04      2.08    0.48    0.81
  36                   CONDUIT     0.426     0  00:05      5.85    0.46    0.35
  38                   CONDUIT     0.281     0  00:09      2.54    0.11    1.00
  48                   CONDUIT     0.781     0  00:04      2.40    0.52    0.75
  54                   CONDUIT         0     0  00:00      0.00    0.00    0.49
  68                   CONDUIT     0.181     0  00:05      7.64    0.00    0.06
  73                   CONDUIT         0     0  00:00      0.00    0.00    0.06
  TWT1                 CONDUIT     0.543     0  00:10      2.87    0.00    0.02
  TWT2                 CONDUIT      0.58     0  00:07      2.98    0.00    0.02
  TWT3                 CONDUIT      0.62     0  00:03      1.16    0.00    0.04
  TWT4                 CONDUIT      3.81     0  00:02      3.09    0.01    0.08
  1_2_b_               CONDUIT         0     0  00:00      0.00    0.00    0.08
  1_2_b_1              CONDUIT      2.19     0  00:02     13.22    8.44    1.00
  1_2_b_2              CONDUIT    0.0427     0  00:05      0.39    0.01    0.54
  1_2_b_4              CONDUIT    0.0478     0  00:10      0.51    0.01    0.54
  TWT5                 CONDUIT      4.91     0  00:05      2.97    0.01    0.12
  1_4_a                CONDUIT      3.48     0  00:06      3.23    0.05    0.23
  TWT6                 CONDUIT       2.6     0  00:06      1.03    0.01    0.12
  1_4_b                CONDUIT         0     0  00:00      0.00    0.00    0.20
  TWT7                 CONDUIT         0     0  00:00      0.00    0.00    0.05
  1_5_a                CONDUIT         0     0  00:00      0.00    0.00    0.06
  1_6_b_1              CONDUIT     0.241     0  00:06      1.66    0.15    1.00
  1_7_a                CONDUIT      5.33     0  00:10      3.06    1.21    0.14
  1_7_a_               CONDUIT     0.202     0  00:05      2.32    0.01    0.50
  1_7_a__              CONDUIT      1.59     0  00:04      8.44    0.23    0.96
  1_7_a_1              CONDUIT      2.33     0  00:02     12.44   11.88    0.96
  1_8_a                CONDUIT     0.257     0  00:08      5.50    0.00    0.09
  CV_1C_to_52          CONDUIT    0.0612     0  00:10      0.83    0.37    0.40
  
  
  ***************************
  Flow Classification Summary
  ***************************
  
  -------------------------------------------------------------------------------------
                      Adjusted    ---------- Fraction of Time in Flow Class ---------- 
                       /Actual         Up    Down  Sub   Sup   Up    Down  Norm  Inlet 
  Conduit               Length    Dry  Dry   Dry   Crit  Crit  Crit  Crit  Ltd   Ctrl  
  -------------------------------------------------------------------------------------
  Brunn_Fassung_L         1.00   0.00  0.00  0.00  1.00  0.00  0.00  0.00  0.00  0.00
  11                      1.00   0.00  0.00  0.00  1.00  0.00  0.00  0.00  0.00  0.00
  14                      1.00   0.00  0.00  0.00  1.00  0.00  0.00  0.00  0.00  0.00
  16                      1.00   0.00  0.00  0.00  1.00  0.00  0.00  0.00  0.00  0.00
  17                      1.00   0.00  0.00  0.00  1.00  0.00  0.00  0.00  0.00  0.00
  26                      1.00   0.00  0.00  0.00  1.00  0.00  0.00  0.00  0.00  0.00
  27                      1.00   0.00  0.00  0.00  1.00  0.00  0.00  0.00  0.00  0.00
  Gischeren_L             1.00   0.01  0.99  0.00  0.00  0.00  0.00  0.00  0.00  0.00
  Schuettstein_L          1.00   0.00  0.00  0.00  0.00  1.00  0.00  0.00  0.00  0.00
  Brunnmuehle_L           1.00   0.00  0.00  0.00  1.00  0.00  0.00  0.00  0.00  0.00
  32                      1.00   1.00  0.00  0.00  0.00  0.00  0.00  0.00  0.00  0.00
  35                      1.00   0.00  0.01  0.00  0.99  0.00  0.00  0.00  0.00  0.00
  45                      1.00   0.00  0.00  0.00  0.00  1.00  0.00  0.00  0.99  0.00
  46                      1.00   0.00  0.00  0.00  1.00  0.00  0.00  0.00  0.00  0.00
  47                      1.00   0.00  0.00  0.00  1.00  0.00  0.00  0.00  0.00  0.00
  50                      1.00   0.00  0.00  0.00  1.00  0.00  0.00  0.00  0.00  0.00
  51                      1.00   0.00  0.00  0.00  1.00  0.00  0.00  0.00  0.00  0.00
  53                      1.00   0.00  0.00  0.00  1.00  0.00  0.00  0.00  0.00  0.00
  Fenster_L               1.00   0.00  0.00  0.00  0.00  1.00  0.00  0.00  0.00  0.00
  58                      1.00   0.00  0.00  0.00  0.00  1.00  0.00  0.00  0.00  0.00
  59                      1.00   0.00  0.00  0.00  0.00  1.00  0.00  0.00  1.00  0.00
  61                      1.00   0.00  0.00  0.00  1.00  0.00  0.00  0.00  0.00  0.00
  63                      1.00   0.00  0.00  0.00  1.00  0.00  0.00  0.00  0.00  0.00
  66                      1.00   0.00  0.00  0.00  1.00  0.00  0.00  0.00  0.00  0.00
  67                      1.00   0.00  0.00  0.00  1.00  0.00  0.00  0.00  0.00  0.00
  Amont_L                 1.00   0.00  0.00  0.00  1.00  0.00  0.00  0.00  0.00  0.00
  69                      1.00   0.00  0.00  0.00  0.00  1.00  0.00  0.00  0.00  0.00
  70                      1.00   0.00  0.00  0.00  1.00  0.00  0.00  0.00  0.00  0.00
  71                      1.00   0.00  0.00  0.00  1.00  0.00  0.00  0.00  0.00  0.00
  72                      1.00   0.00  0.00  0.00  1.00  0.00  0.00  0.00  0.00  0.00
  Sauser_L                1.00   0.00  0.00  0.00  1.00  0.00  0.00  0.00  0.00  0.00
  75                      1.00   0.00  0.00  0.00  0.00  1.00  0.00  0.00  0.00  0.00
  Entw_Sto_L              1.00   0.00  0.00  0.00  0.99  0.00  0.00  0.00  0.00  0.00
  4                       1.00   0.00  0.00  0.00  1.00  0.00  0.00  0.00  0.00  0.00
  5                       1.00   0.00  0.00  0.00  1.00  0.00  0.00  0.00  0.00  0.00
  6                       1.00   0.00  0.00  0.00  1.00  0.00  0.00  0.00  0.00  0.00
  7                       1.00   0.00  0.00  0.00  1.00  0.00  0.00  0.00  0.00  0.00
  Brunn_Teich_L           1.00   0.00  0.00  0.00  1.00  0.00  0.00  0.00  0.00  0.00
  9                       1.00   0.00  0.00  0.00  0.00  1.00  0.00  0.00  0.00  0.00
  12                      1.00   0.00  0.00  0.00  1.00  0.00  0.00  0.00  0.00  0.00
  15                      1.00   0.00  0.00  0.00  1.00  0.00  0.00  0.00  0.00  0.00
  18                      1.00   0.00  0.00  0.00  1.00  0.00  0.00  0.00  0.00  0.00
  19                      1.00   0.00  0.00  0.00  1.00  0.00  0.00  0.00  0.00  0.00
  20                      1.00   0.00  0.00  0.00  0.99  0.00  0.00  0.00  0.00  0.00
  21                      1.00   0.00  0.00  0.00  1.00  0.00  0.00  0.00  0.00  0.00
  Hooliloch_L             1.00   0.00  0.00  0.00  1.00  0.00  0.00  0.00  0.00  0.00
  23                      1.00   0.00  0.00  0.00  0.00  1.00  0.00  0.00  0.00  0.00
  25                      1.00   0.00  0.00  0.00  1.00  0.00  0.00  0.00  0.00  0.00
  28                      1.00   0.00  0.00  0.00  0.00  1.00  0.00  0.00  0.00  0.00
  29                      1.00   0.00  0.00  0.00  1.00  0.00  0.00  0.00  1.00  0.00
  31                      1.00   0.00  0.01  0.00  0.99  0.00  0.00  0.00  0.00  0.00
  33                      1.00   0.00  0.00  0.00  1.00  0.00  0.00  0.00  0.00  0.00
  37                      1.00   0.00  0.00  0.00  1.00  0.00  0.00  0.00  0.00  0.00
  SS3_L                   1.00   0.00  0.00  0.00  0.00  1.00  0.00  0.00  1.00  0.00
  40                      1.00   0.00  0.00  0.00  1.00  0.00  0.00  0.00  0.00  0.00
  SS6_L                   1.00   0.00  0.00  0.00  0.00  1.00  0.00  0.00  1.00  0.00
  1                       1.00   0.00  1.00  0.00  0.00  0.00  0.00  0.00  0.00  0.00
  2                       1.00   1.00  0.00  0.00  0.00  0.00  0.00  0.00  0.00  0.00
  3                       1.00   0.00  0.00  0.00  0.00  1.00  0.00  0.00  1.00  0.00
  10                      1.00   0.00  0.00  0.00  1.00  0.00  0.00  0.00  1.00  0.00
  13                      1.00   0.00  0.00  0.00  1.00  0.00  0.00  0.00  0.00  0.00
  22                      1.00   0.00  0.00  0.00  1.00  0.00  0.00  0.00  0.00  0.00
  24                      1.00   0.00  0.00  0.00  1.00  0.00  0.00  0.00  0.00  0.00
  30                      1.00   0.00  0.00  0.00  1.00  0.00  0.00  0.00  0.00  0.00
  34                      1.00   0.00  0.00  0.00  1.00  0.00  0.00  0.00  0.00  0.00
  36                      1.00   0.00  0.00  0.00  0.00  1.00  0.00  0.00  0.00  0.00
  38                      1.00   0.00  0.00  0.00  1.00  0.00  0.00  0.00  0.00  0.00
  48                      1.00   0.00  0.00  0.00  1.00  0.00  0.00  0.00  1.00  0.00
  54                      1.00   0.00  1.00  0.00  0.00  0.00  0.00  0.00  0.00  0.00
  68                      1.00   0.00  0.00  0.00  0.00  1.00  0.00  0.00  1.00  0.00
  73                      1.00   0.00  1.00  0.00  0.00  0.00  0.00  0.00  0.00  0.00
  TWT1                    1.00   0.00  0.00  0.00  0.00  1.00  0.00  0.00  0.00  0.00
  TWT2                    1.00   0.00  0.00  0.00  0.00  1.00  0.00  0.00  0.00  0.00
  TWT3                    1.00   0.00  0.00  0.00  1.00  0.00  0.00  0.00  0.00  0.00
  TWT4                    1.00   0.00  0.00  0.00  0.99  0.01  0.00  0.00  1.00  0.00
  1_2_b_                  1.00   0.00  1.00  0.00  0.00  0.00  0.00  0.00  0.00  0.00
  1_2_b_1                 1.00   0.00  0.00  0.00  1.00  0.00  0.00  0.00  0.00  0.00
  1_2_b_2                 1.00   0.00  0.00  0.00  1.00  0.00  0.00  0.00  1.00  0.00
  1_2_b_4                 1.00   0.00  0.00  0.00  1.00  0.00  0.00  0.00  1.00  0.00
  TWT5                    1.00   0.00  0.00  0.00  1.00  0.00  0.00  0.00  0.00  0.00
  1_4_a                   1.00   0.00  0.00  0.00  1.00  0.00  0.00  0.00  0.00  0.00
  TWT6                    1.00   0.00  0.00  0.00  1.00  0.00  0.00  0.00  0.00  0.00
  1_4_b                   1.00   0.00  1.00  0.00  0.00  0.00  0.00  0.00  0.00  0.00
  TWT7                    1.00   0.00  1.00  0.00  0.00  0.00  0.00  0.00  0.00  0.00
  1_5_a                   1.00   0.00  1.00  0.00  0.00  0.00  0.00  0.00  0.00  0.00
  1_6_b_1                 1.00   0.00  0.00  0.00  1.00  0.00  0.00  0.00  0.00  0.00
  1_7_a                   1.00   0.00  0.00  0.00  0.00  1.00  0.00  0.00  0.00  0.00
  1_7_a_                  1.00   0.00  0.00  0.00  0.00  1.00  0.00  0.00  1.00  0.00
  1_7_a__                 1.00   0.00  0.00  0.00  0.00  1.00  0.00  0.00  0.00  0.00
  1_7_a_1                 1.00   0.00  0.00  0.00  0.00  1.00  0.00  0.00  0.00  0.00
  1_8_a                   1.00   0.00  0.00  0.00  1.00  0.00  0.00  0.00  0.00  0.00
  CV_1C_to_52             1.00   0.00  0.00  0.00  1.00  0.00  0.00  0.00  0.00  0.00
  
  
  *************************
  Conduit Surcharge Summary
  *************************
  
  ----------------------------------------------------------------------------
                                                           Hours        Hours 
                         --------- Hours Full --------   Above Full   Capacity
  Conduit                Both Ends  Upstream  Dnstream   Normal Flow   Limited
  ----------------------------------------------------------------------------
  Brunn_Fassung_L             0.01      0.01     24.00      0.01         0.01
  11                         23.99     23.99     23.99      0.02         0.01
  14                         23.99     23.99     23.99     23.99         0.01
  16                         24.00     24.00     24.00     23.99        23.99
  17                         24.00     24.00     24.00      0.01         0.01
  26                         23.99     23.99     23.99      0.01         0.01
  27                          0.01      0.01     23.96      0.01         0.01
  Schuettstein_L              0.01      0.01     23.98      0.01         0.01
  Brunnmuehle_L              24.00     24.00     24.00      0.01         0.01
  35                          0.01      0.01     23.85      0.01         0.01
  46                         24.00     24.00     24.00      0.01         0.01
  47                         24.00     24.00     24.00     24.00        24.00
  50                         23.98     23.98     23.98      0.01         0.01
  51                         23.96     23.96     24.00      0.01         0.01
  53                         24.00     24.00     24.00      0.01         0.01
  61                         23.98     23.98     23.99      0.01         0.01
  63                          0.01     23.97      0.01      0.01         0.01
  66                         23.90     23.97     23.90     23.96        23.90
  67                         23.99     23.99     24.00      0.01         0.01
  Amont_L                    24.00     24.00     24.00      0.01         0.01
  69                          0.01      0.01     24.00      0.01         0.01
  70                          0.01      0.01     24.00      0.01         0.01
  71                         23.98     23.98     23.99      0.01         0.01
  72                          0.01     23.97      0.01     23.97         0.01
  Sauser_L                    0.01      0.01     24.00      0.01         0.01
  75                          0.01     23.96      0.01      0.01         0.01
  Entw_Sto_L                  0.01     23.86      0.01     23.86         0.01
  4                          23.85     23.97     23.85     23.87        23.85
  5                          23.86     23.86     24.00      0.01         0.01
  6                           0.01      0.01     24.00      0.01         0.01
  7                          23.99     23.99     24.00      0.01         0.01
  Brunn_Teich_L               0.01      0.01     23.98      0.01         0.01
  9                           0.01      0.01     23.98      0.01         0.01
  12                         23.98     23.98     23.98      0.01         0.01
  15                         23.98     23.98     23.99      0.01         0.01
  18                         23.98     23.98     23.98      0.01         0.01
  19                         23.97     23.97     23.98      0.01         0.01
  21                          0.01      0.01     23.96      0.01         0.01
  23                          0.01     23.90      0.01      0.01         0.01
  25                         23.85     23.85     23.99      0.01         0.01
  33                         23.95     23.95     23.96      0.01         0.01
  13                         23.98     23.98     24.00      0.01         0.01
  22                         23.98     23.98     24.00      0.01         0.01
  24                         23.93     23.93     24.00      0.01         0.01
  30                         23.93     23.93     24.00      0.01         0.01
  34                          0.01      0.01     23.99      0.01         0.01
  38                         23.88     23.88     23.92      0.01         0.01
  48                          0.01      0.01     23.87      0.01         0.01
  1_2_b_1                    23.95     24.00     23.95     23.99        23.95
  1_2_b_2                     0.01      0.01     23.95      0.01         0.01
  1_2_b_4                     0.01      0.01     23.95      0.01         0.01
  1_6_b_1                    23.96     23.96     24.00      0.01         0.01
  1_7_a                       0.01      0.01      0.01     23.83         0.01
  1_7_a__                     0.01      0.01     24.00      0.01         0.01
  1_7_a_1                     0.01      0.01     24.00     23.99         0.01
  

  Analysis begun on:  Mon Oct  5 08:24:31 2026
  Analysis ended on:  Mon Oct  5 08:24:33 2026
  Total elapsed time: 00:00:02