
  EPA STORM WATER MANAGEMENT MODEL - VERSION 5.2 (Build 5.2.4)
  ------------------------------------------------------------

  Brunnmuehle (Twann) 
  WARNING 08: elevation drop exceeds length for Conduit SS3_L
  WARNING 08: elevation drop exceeds length for Conduit SS6_L
  WARNING 08: elevation drop exceeds length for Conduit 2
  WARNING 08: elevation drop exceeds length for Conduit 3
  WARNING 08: elevation drop exceeds length for Conduit 68
  WARNING 08: elevation drop exceeds length for Conduit 1_2_b_
  WARNING 08: elevation drop exceeds length for Conduit 1_2_b_2
  WARNING 08: elevation drop exceeds length for Conduit 1_2_b_3
  WARNING 08: elevation drop exceeds length for Conduit 1_4_a
  WARNING 08: elevation drop exceeds length for Conduit 1_4_a_2
  WARNING 08: elevation drop exceeds length for Conduit 1_4_b
  WARNING 08: elevation drop exceeds length for Conduit 1_5_a
  WARNING 02: maximum depth increased for Node 2
  
  ****************
  Analysis Options
  ****************
  Flow Units ............... CMS
  Process Models:
    Rainfall/Runoff ........ NO
    RDII ................... NO
    Snowmelt ............... NO
    Groundwater ............ NO
    Flow Routing ........... YES
    Ponding Allowed ........ NO
    Water Quality .......... NO
  Flow Routing Method ...... DYNWAVE
  Surcharge Method ......... EXTRAN
  Starting Date ............ 01/01/2000 00:00:00
  Ending Date .............. 01/02/2000 00:00:00
  Antecedent Dry Days ...... 0.0
  Report Time Step ......... 01:00:00
  Routing Time Step ........ 0.50 sec
  Variable Time Step ....... YES
  Maximum Trials ........... 8
  Number of Threads ........ 1
  Head Tolerance ........... 0.001500 m
  
  
  **************************        Volume        Volume
  Flow Routing Continuity        hectare-m      10^6 ltr
  **************************     ---------     ---------
  Dry Weather Inflow .......         0.000         0.000
  Wet Weather Inflow .......         0.000         0.000
  Groundwater Inflow .......         0.000         0.000
  RDII Inflow ..............         0.000         0.000
  External Inflow ..........       133.343      1333.445
  External Outflow .........        76.178       761.792
  Flooding Loss ............        49.606       496.062
  Evaporation Loss .........         0.000         0.000
  Exfiltration Loss ........         0.000         0.000
  Initial Stored Volume ....         0.057         0.566
  Final Stored Volume ......         1.510        15.098
  Continuity Error (%) .....         4.577
  
  
  *************************
  Highest Continuity Errors
  *************************
  Node TWT_Acces_LT_60+110 (-506.33%)
  Node Amont_Trappe (59.85%)
  Node SonSto_F (-22.47%)
  Node SonSto_SS4 (-15.76%)
  Node SS5 (15.45%)
  
  
  ***************************
  Time-Step Critical Elements
  ***************************
  Link 1_4_a (4659.37%)
  Link 1_4_b (3.62%)
  
  
  ********************************
  Highest Flow Instability Indexes
  ********************************
  Link 1_4_a_2 (2)
  
  
  *********************************
  Most Frequent Nonconverging Nodes
  *********************************
  Node Brunnm_Fassung (26.08%)
  Node Brunnmuehle(Teich) (26.08%)
  Node Fensterstollen (26.08%)
  Node Gischeren (26.08%)
  Node Schuettstein (26.08%)
  
  
  *************************
  Routing Time Step Summary
  *************************
  Minimum Time Step           :     0.50 sec
  Average Time Step           :     0.50 sec
  Maximum Time Step           :     0.50 sec
  % of Time in Steady State   :    97.86
  Average Iterations per Step :     4.64
  % of Steps Not Converging   :    26.08
  Time Step Frequencies       :
      0.500 -  0.500 sec      :   100.00 %
      0.500 -  0.500 sec      :     0.00 %
      0.500 -  0.500 sec      :     0.00 %
      0.500 -  0.500 sec      :     0.00 %
      0.500 -  0.500 sec      :     0.00 %
  
  
  ******************
  Node Depth Summary
  ******************
  
  ---------------------------------------------------------------------------------
                                 Average  Maximum  Maximum  Time of Max    Reported
                                   Depth    Depth      HGL   Occurrence   Max Depth
  Node                 Type       Meters   Meters   Meters  days hr:min      Meters
  ---------------------------------------------------------------------------------
  9                    JUNCTION    39.52    39.62   478.12     0  00:16       39.55
  Holiloch_sonde       JUNCTION    37.85    37.93   477.93     0  00:16       37.88
  11                   JUNCTION    31.48    31.53   441.53     0  00:30       31.53
  13                   JUNCTION    40.99    41.15   479.15     0  00:16       41.01
  21                   JUNCTION    38.05    38.07   438.07     0  00:30       38.07
  SonSto_F             JUNCTION     0.33     0.34   438.14     0  00:15        0.33
  Sondierstollen       JUNCTION     0.00     0.00   440.80     0  00:00        0.00
  Aval_Trappe          JUNCTION     0.49     0.60   438.20     0  00:26        0.49
  30                   JUNCTION     0.48     0.50   437.80     0  00:19        0.48
  Gischeren_node       JUNCTION     0.38     0.38   476.88     0  00:30        0.38
  34                   JUNCTION    17.43    17.44   437.44     0  00:30       17.44
  38                   JUNCTION    18.69    18.71   438.71     0  00:30       18.71
  SS6                  JUNCTION     0.07     0.07   448.07     0  00:16        0.07
  40                   JUNCTION    22.94    22.95   441.95     0  00:16       22.94
  41                   JUNCTION    41.47    41.63   479.13     0  00:16       41.49
  SondeSchuettstein    JUNCTION    19.09    20.35   479.35     0  00:01       19.11
  SS4                  JUNCTION     0.07     0.07   448.07     0  00:18        0.07
  47                   JUNCTION    12.81    12.84   477.74     0  00:21       12.83
  48                   JUNCTION     7.08     8.30   479.30     0  00:01        7.09
  SondeGischeren       JUNCTION    11.76    11.88   476.88     0  00:30       11.88
  49                   JUNCTION    11.61    11.66   477.66     0  00:16       11.64
  50                   JUNCTION     6.16     6.23   469.23     0  00:30        6.23
  51                   JUNCTION    59.34    59.52   479.52     0  00:16       59.37
  Amont_C              JUNCTION    62.61    87.55   505.55     0  00:00       62.64
  52                   JUNCTION     1.70     2.81   459.81     0  00:13        1.72
  53                   JUNCTION     9.72    10.90   477.90     0  00:16        9.77
  54                   JUNCTION    12.10    13.53   476.53     0  00:16       12.22
  56                   JUNCTION     6.34     6.40   436.40     0  00:00        6.34
  2                    JUNCTION     3.47     9.75   447.75     0  00:18        3.52
  4                    JUNCTION     8.25     8.63   436.63     0  00:01        8.26
  5                    JUNCTION     5.19     5.20   477.70     0  00:18        5.20
  6                    JUNCTION    19.76    19.81   477.81     0  00:16       19.78
  7                    JUNCTION     2.69     2.70   477.70     0  00:17        2.70
  SS3                  JUNCTION     0.07     0.08   448.08     0  00:30        0.08
  SS5                  JUNCTION     0.62     0.64   439.54     0  00:30        0.62
  8                    JUNCTION     2.86     2.91   476.91     0  00:30        2.91
  10                   JUNCTION     9.61     9.65   477.65     0  00:16        9.63
  SonSto_SS5           JUNCTION     0.13     0.14   439.44     0  00:30        0.13
  SonSto_SS3           JUNCTION     0.10     0.10   439.80     0  00:12        0.10
  SonSto_SS4           JUNCTION     0.10     0.10   439.50     0  00:30        0.10
  Amont_Trappe         JUNCTION     0.32     0.57   438.27     0  00:15        0.32
  SonSto_SS6           JUNCTION     0.13     0.13   438.83     0  00:30        0.13
  SS2                  JUNCTION     0.00     0.00   448.00     0  00:00        0.00
  SonSto_SS2           JUNCTION     0.00     0.00   441.50     0  00:00        0.00
  12                   JUNCTION    12.89    12.99   461.99     0  00:16       12.90
  14                   JUNCTION     1.83     1.84   466.84     0  00:18        1.83
  15                   JUNCTION     0.28     0.28   472.28     0  00:18        0.28
  TWT_PointHaut_60+650 JUNCTION     0.00     0.00   438.50     0  00:00        0.00
  TWT_Fensterstollen_60+375 JUNCTION     0.28     0.28   441.58     0  00:18        0.28
  TWT_Acces_LT_60+110  JUNCTION     4.00     4.04   441.54     0  00:30        4.04
  TWT_Liaison_LT_59+738 JUNCTION     0.00     0.00   450.60     0  00:00        0.00
  Syst_Est_amont       JUNCTION     2.15     3.71   433.71     0  00:14        2.17
  Syst_Est_interm      JUNCTION    19.60    23.68   433.68     0  00:10       19.74
  TWT_Branche_Est_Sonsto_60+540 JUNCTION     0.00     0.00   442.40     0  00:00        0.00
  TWT_Intersection_Sonsto_60+345 JUNCTION     4.48     4.52   441.52     0  00:30        4.52
  TWT_Chrosweg_61+140  JUNCTION     0.08     0.09   432.09     0  00:30        0.09
  SonSto_F_sup         JUNCTION     0.05     0.05   448.05     0  00:18        0.05
  SonSto_porte         JUNCTION     2.96     3.00   441.50     0  00:30        3.00
  Brunnm_Fassung       OUTFALL      0.08     0.08   433.88     0  00:30        0.08
  Brunnmuehle(Teich)   OUTFALL      0.18     0.19   435.69     0  00:30        0.19
  Fensterstollen       OUTFALL      0.44     0.45   437.45     0  00:30        0.44
  Gischeren            OUTFALL      0.00     0.00   480.00     0  00:00        0.00
  Schuettstein         OUTFALL      0.12     0.13   477.68     0  00:01        0.12
  Holiloch             OUTFALL      1.03     1.03   477.53     0  00:17        1.03
  Sauserquelle         OUTFALL      0.28     0.28   435.83     0  00:20        0.28
  Entw_Stollen         OUTFALL      0.18     0.18   436.68     0  00:10        0.18
  Sous_lacustre        OUTFALL      0.09     0.09   429.29     0  00:30        0.09
  Sous_ecoul.          OUTFALL      0.00     0.00   433.00     0  00:30        0.00
  Syst_Est_aval        OUTFALL      0.31     0.34   429.34     0  00:10        0.32
  TWT_Portail_Est_61+665 OUTFALL      0.07     0.07   421.67     0  00:30        0.07
  
  
  *******************
  Node Inflow Summary
  *******************
  
  -------------------------------------------------------------------------------------------------
                                  Maximum  Maximum                  Lateral       Total        Flow
                                  Lateral    Total  Time of Max      Inflow      Inflow     Balance
                                   Inflow   Inflow   Occurrence      Volume      Volume       Error
  Node                 Type           CMS      CMS  days hr:min    10^6 ltr    10^6 ltr     Percent
  -------------------------------------------------------------------------------------------------
  9                    JUNCTION         0       10     0  00:00           0         221       0.052
  Holiloch_sonde       JUNCTION         0     9.26     0  00:00           0         193       0.038
  11                   JUNCTION         0    0.296     0  00:18           0        23.9       0.170
  13                   JUNCTION         0     15.2     0  00:00           0     1.1e+03       0.021
  21                   JUNCTION         0    0.293     0  00:30           0        25.2       0.004
  SonSto_F             JUNCTION         0    0.899     0  00:00           0        64.7     -18.347
  Sondierstollen       JUNCTION         0        0     0  00:00           0           0       0.000 ltr
  Aval_Trappe          JUNCTION         0     5.44     0  00:26           0         368      -6.314
  30                   JUNCTION         0     5.05     0  00:30           0         398      -4.188
  Gischeren_node       JUNCTION         0   0.0473     0  00:27           0        3.97     453.019
  34                   JUNCTION         0    0.263     0  00:30           0        22.6       0.005
  38                   JUNCTION         0    0.159     0  00:00           0        8.97       0.002
  SS6                  JUNCTION         0    0.143     0  00:16           0        12.3       0.001
  40                   JUNCTION         0     1.44     0  00:18           0         125       0.001
  41                   JUNCTION         0     1.62     0  00:00           0          12       0.125
  SondeSchuettstein    JUNCTION         0    0.524     0  00:01           0          12       0.100
  SS4                  JUNCTION         0    0.106     0  00:16           0        9.02       0.004
  47                   JUNCTION         0     5.23     0  00:01           0         180       0.019
  48                   JUNCTION         0    0.318     0  00:01           0          12       0.041
  SondeGischeren       JUNCTION         0     0.16     0  00:06           0        12.8       0.446
  49                   JUNCTION         0    0.802     0  00:02           0        12.4       0.446
  50                   JUNCTION         0    0.161     0  00:12           0        12.7       0.019
  51                   JUNCTION         0     28.4     0  00:00           0    1.27e+03      -0.001
  Amont_C              JUNCTION      14.7     39.7     0  00:00    1.27e+03    1.27e+03       0.020
  52                   JUNCTION         0    0.209     0  00:10           0        16.3       0.134
  53                   JUNCTION         0    0.236     0  00:02           0        11.3       0.112
  54                   JUNCTION         0    0.223     0  00:14           0        11.3       0.784
  56                   JUNCTION         0     0.69     0  00:18           0        59.6       0.000
  2                    JUNCTION         0     2.21     0  00:13           0        7.12       4.372
  4                    JUNCTION         0    0.239     0  00:30           0        20.5       0.030
  5                    JUNCTION         0     3.77     0  00:01           0         180       0.139
  6                    JUNCTION         0     6.66     0  00:00           0         193       0.075
  7                    JUNCTION         0     2.33     0  00:04           0         180       0.166
  SS3                  JUNCTION         0    0.148     0  00:30           0        12.7       0.007
  SS5                  JUNCTION         0    0.424     0  00:29           0          31      18.268
  8                    JUNCTION         0    0.224     0  00:27           0        17.7       9.989
  10                   JUNCTION         0    0.521     0  00:03           0        12.3       0.125
  SonSto_SS5           JUNCTION         0    0.386     0  00:30           0        29.8       0.272
  SonSto_SS3           JUNCTION         0    0.148     0  00:30           0        12.7      -0.976
  SonSto_SS4           JUNCTION         0    0.255     0  00:30           0        21.9     -13.611
  Amont_Trappe         JUNCTION         0     1.25     0  00:15           0        73.7     149.065
  SonSto_SS6           JUNCTION         0    0.523     0  00:30           0        42.1      -2.275
  SS2                  JUNCTION         0        0     0  00:00           0           0       0.000 ltr
  SonSto_SS2           JUNCTION         0        0     0  00:00           0           0       0.000 ltr
  12                   JUNCTION         0    0.302     0  00:01           0        23.1       0.016
  14                   JUNCTION         0     1.08     0  00:16           0          93       0.029
  15                   JUNCTION         0    0.323     0  00:16           0        27.7       0.034
  TWT_PointHaut_60+650 JUNCTION         0        0     0  00:00           0           0       0.000 ltr
  TWT_Fensterstollen_60+375 JUNCTION         0     10.5     0  00:16           0         905       0.005
  TWT_Acces_LT_60+110  JUNCTION         0     9.39     0  00:29           0        7.35     -83.507
  TWT_Liaison_LT_59+738 JUNCTION         0        0     0  00:00           0           0       0.000 ltr
  Syst_Est_amont       JUNCTION     0.735    0.735     0  00:00        63.5        63.5       0.205
  Syst_Est_interm      JUNCTION         0    0.779     0  00:04           0        44.9       0.929
  TWT_Branche_Est_Sonsto_60+540 JUNCTION         0        0     0  00:00           0           0       0.000 ltr
  TWT_Intersection_Sonsto_60+345 JUNCTION         0     53.7     0  00:16           0         627      15.158
  TWT_Chrosweg_61+140  JUNCTION         0    0.304     0  00:14           0        18.5       0.152
  SonSto_F_sup         JUNCTION         0    0.322     0  00:18           0        27.7       0.002
  SonSto_porte         JUNCTION         0     61.3     0  00:16           0         538       6.962
  Brunnm_Fassung       OUTFALL          0   0.0244     0  00:30           0         2.1       0.000
  Brunnmuehle(Teich)   OUTFALL          0    0.233     0  00:30           0        20.1       0.000
  Fensterstollen       OUTFALL          0     5.05     0  00:30           0         416       0.000
  Gischeren            OUTFALL          0        0     0  00:00           0           0       0.000 ltr
  Schuettstein         OUTFALL          0    0.166     0  00:01           0          12       0.000
  Holiloch             OUTFALL          0      2.1     0  00:17           0         180       0.000
  Sauserquelle         OUTFALL          0     0.69     0  00:20           0        59.6       0.000
  Entw_Stollen         OUTFALL          0    0.104     0  00:18           0        6.66       0.000
  Sous_lacustre        OUTFALL          0   0.0301     0  00:30           0        2.59       0.000
  Sous_ecoul.          OUTFALL          0  0.00551     0  00:30           0       0.475       0.000
  Syst_Est_aval        OUTFALL          0    0.593     0  00:10           0        44.5       0.000
  TWT_Portail_Est_61+665 OUTFALL          0    0.216     0  00:30           0        18.5       0.000
  
  
  **********************
  Node Surcharge Summary
  **********************
  
  Surcharging occurs when water rises above the top of the highest conduit.
  ---------------------------------------------------------------------
                                               Max. Height   Min. Depth
                                   Hours       Above Crown    Below Rim
  Node                 Type      Surcharged         Meters       Meters
  ---------------------------------------------------------------------
  9                    JUNCTION       23.99         37.822       60.378
  Holiloch_sonde       JUNCTION       23.99         36.028      162.072
  11                   JUNCTION       24.00         30.526      118.474
  13                   JUNCTION       23.99         38.148      358.852
  21                   JUNCTION       24.00         37.467      111.933
  34                   JUNCTION       24.00         16.843       82.557
  38                   JUNCTION       24.00         18.109      131.291
  40                   JUNCTION       24.00         18.950       77.050
  41                   JUNCTION       23.99         40.776      208.374
  SondeSchuettstein    JUNCTION       23.98         19.546        0.000
  47                   JUNCTION       23.98         10.943       87.157
  48                   JUNCTION       23.97          7.503       91.697
  SondeGischeren       JUNCTION       23.80         10.683       88.117
  49                   JUNCTION       23.95          3.663      188.337
  50                   JUNCTION       23.79          5.932      193.768
  51                   JUNCTION       24.00         55.515      340.485
  Amont_C              JUNCTION       24.00         84.554      312.446
  52                   JUNCTION       23.79          2.405       97.195
  53                   JUNCTION       23.95          5.900      189.100
  54                   JUNCTION       23.73          8.533      186.467
  56                   JUNCTION       23.99          5.396       93.604
  2                    JUNCTION       23.65          7.752        0.000
  4                    JUNCTION       23.98          7.984       91.366
  5                    JUNCTION       23.92          0.202       44.798
  6                    JUNCTION       23.98         14.808      180.192
  10                   JUNCTION       23.94          1.655      190.345
  12                   JUNCTION       23.98         12.637      187.013
  Syst_Est_amont       JUNCTION       23.77          2.714       96.286
  Syst_Est_interm      JUNCTION       23.82         22.181       76.319
  SonSto_porte         JUNCTION       23.49          0.000        0.000
  
  
  *********************
  Node Flooding Summary
  *********************
  
  Flooding refers to all water that overflows a node, whether it ponds or not.
  --------------------------------------------------------------------------
                                                             Total   Maximum
                                 Maximum   Time of Max       Flood    Ponded
                        Hours       Rate    Occurrence      Volume     Depth
  Node                 Flooded       CMS   days hr:min    10^6 ltr    Meters
  --------------------------------------------------------------------------
  SonSto_porte           23.49      5.87      0  00:30     496.061     0.000
  
  
  ***********************
  Outfall Loading Summary
  ***********************
  
  -----------------------------------------------------------
                         Flow       Avg       Max       Total
                         Freq      Flow      Flow      Volume
  Outfall Node           Pcnt       CMS       CMS    10^6 ltr
  -----------------------------------------------------------
  Brunnm_Fassung        99.93    0.0243    0.0244       2.101
  Brunnmuehle(Teich)    99.93     0.232     0.233      20.063
  Fensterstollen        99.96      4.81      5.05     415.686
  Gischeren              0.00         0         0       0.000
  Schuettstein          99.89     0.139     0.166      11.975
  Holiloch              99.77      2.09       2.1     179.739
  Sauserquelle          99.96      0.69      0.69      59.574
  Entw_Stollen          99.85    0.0772     0.104       6.656
  Sous_lacustre         99.96      0.03    0.0301       2.592
  Sous_ecoul.           99.93   0.00551   0.00551       0.475
  Syst_Est_aval         99.25     0.519     0.593      44.462
  TWT_Portail_Est_61+665  99.03     0.216     0.216      18.464
  -----------------------------------------------------------
  System                91.46      8.83      9.07     761.789
  
  
  ********************
  Link Flow Summary
  ********************
  
  -----------------------------------------------------------------------------
                                 Maximum  Time of Max   Maximum    Max/    Max/
                                  |Flow|   Occurrence   |Veloc|    Full    Full
  Link                 Type          CMS  days hr:min     m/sec    Flow   Depth
  -----------------------------------------------------------------------------
  Brunn_Fassung_L      CONDUIT    0.0244     0  00:30      1.11    0.40    0.72
  11                   CONDUIT      9.26     0  00:00      5.34    1.38    1.00
  14                   CONDUIT        10     0  00:00      7.59    5.46    1.00
  16                   CONDUIT     0.287     0  00:05      3.36    2.00    1.00
  17                   CONDUIT     0.159     0  00:00      0.56    0.27    1.00
  26                   CONDUIT      1.62     0  00:00      2.87    2.19    1.00
  27                   CONDUIT    0.0687     0  00:01      1.86    0.88    1.00
  Gischeren_L          CONDUIT         0     0  00:00      0.00    0.00    0.16
  Schuettstein_L       CONDUIT     0.166     0  00:01      1.28    0.14    0.63
  Brunnmuehle_L        CONDUIT     0.263     0  00:30      0.93    0.12    1.00
  32                   CONDUIT         0     0  00:00      0.00    0.00    0.00
  35                   CONDUIT   0.00849     0  00:30      0.01    0.00    0.66
  45                   CONDUIT     0.518     0  00:30      2.53    0.00    0.08
  46                   CONDUIT      0.69     0  00:18      2.44    0.69    1.00
  47                   CONDUIT    0.0983     0  00:16      2.59    6.13    1.00
  50                   CONDUIT     0.318     0  00:01      1.19    0.06    1.00
  51                   CONDUIT     0.116     0  00:01      1.27    0.32    1.00
  53                   CONDUIT     0.159     0  00:00      0.96    0.81    1.00
  Fenster_L            CONDUIT      5.05     0  00:30      7.50    0.05    0.16
  58                   CONDUIT      4.99     0  00:30      6.58    0.06    0.17
  59                   CONDUIT      0.38     0  00:30      3.32    0.00    0.05
  61                   CONDUIT     0.524     0  00:01      2.38    0.74    1.00
  63                   CONDUIT     0.143     0  00:16      2.01    0.64    0.52
  66                   CONDUIT     0.161     0  00:12      2.50    2.12    1.00
  67                   CONDUIT      14.9     0  00:00      3.97    0.15    1.00
  Amont_L              CONDUIT      28.4     0  00:00      4.01    1.54    1.00
  69                   CONDUIT     0.209     0  00:10      1.77    0.82    1.00
  70                   CONDUIT     0.199     0  00:10      1.63    0.61    1.00
  71                   CONDUIT     0.236     0  00:02      1.07    0.42    1.00
  72                   CONDUIT     0.223     0  00:14      1.14    1.06    1.00
  Sauser_L             CONDUIT      0.69     0  00:20      1.30    0.18    0.64
  75                   CONDUIT     0.106     0  00:16      3.21    1.07    0.64
  Entw_Sto_L           CONDUIT     0.104     0  00:18      4.09    2.41    1.00
  4                    CONDUIT    0.0267     0  00:16      1.30    1.19    1.00
  5                    CONDUIT    0.0136     0  00:18      0.54    0.49    1.00
  6                    CONDUIT    0.0301     0  00:30      1.21    0.45    0.74
  7                    CONDUIT     0.239     0  00:30      1.21    0.37    1.00
  Brunn_Teich_L        CONDUIT     0.233     0  00:30      1.03    0.18    0.64
  9                    CONDUIT   0.00551     0  00:30      1.39    0.00    0.50
  12                   CONDUIT      3.77     0  00:01      2.39    0.08    1.00
  15                   CONDUIT      6.66     0  00:00      3.61    0.17    1.00
  18                   CONDUIT      5.23     0  00:01      2.93    0.21    1.00
  19                   CONDUIT     0.802     0  00:02      1.15    0.76    1.00
  20                   CONDUIT      1.52     0  00:26      3.53    0.12    0.55
  21                   CONDUIT      2.33     0  00:04      0.35    0.02    0.77
  Hooliloch_L          CONDUIT       2.1     0  00:17      0.75    0.04    0.47
  23                   CONDUIT     0.148     0  00:30      3.21    0.93    0.63
  25                   CONDUIT     0.224     0  00:27      1.00    0.18    1.00
  28                   CONDUIT      0.15     0  00:30      2.36    0.00    0.03
  29                   CONDUIT    0.0433     0  00:30      0.48    0.00    0.04
  31                   CONDUIT    0.0469     0  00:30      0.19    0.03    0.33
  33                   CONDUIT     0.521     0  00:03      0.73    0.20    1.00
  37                   CONDUIT     0.358     0  00:30      0.66    0.01    0.13
  SS3_L                CONDUIT     0.148     0  00:30      3.00    0.00    0.04
  40                   CONDUIT      1.25     0  00:15      1.56    0.01    0.11
  SS6_L                CONDUIT     0.143     0  00:16      2.97    0.00    0.05
  1                    CONDUIT         0     0  00:00      0.00    0.00    0.02
  2                    CONDUIT         0     0  00:00      0.00    0.00    0.00
  3                    CONDUIT     0.105     0  00:18      4.26    0.01    0.09
  10                   CONDUIT     0.316     0  00:29      0.65    0.00    0.12
  13                   CONDUIT     0.302     0  00:01      3.43    0.65    1.00
  22                   CONDUIT     0.268     0  00:16      2.79    0.66    1.00
  24                   CONDUIT      1.08     0  00:16      2.06    0.00    0.73
  30                   CONDUIT      1.08     0  00:18      2.05    0.45    0.73
  34                   CONDUIT     0.323     0  00:16      1.67    0.36    0.76
  36                   CONDUIT     0.322     0  00:18      5.36    0.34    0.30
  38                   CONDUIT      0.16     0  00:06      2.13    0.06    1.00
  48                   CONDUIT     0.779     0  00:04      2.39    0.52    1.00
  54                   CONDUIT     0.593     0  00:10      0.52    0.11    0.63
  68                   CONDUIT      0.25     0  00:18      1.79    0.00    0.06
  73                   CONDUIT      2.18     0  00:13      1.39    0.50    1.00
  TWT1                 CONDUIT     0.216     0  00:30      2.39    0.00    0.01
  1_1_a_1              CONDUIT     0.304     0  00:14      0.77    0.11    0.54
  TWT2                 CONDUIT         0     0  00:00      0.00    0.00    0.01
  TWT3                 CONDUIT         0     0  00:00      0.00    0.00    0.00
  TWT4                 CONDUIT         0     0  00:00      0.00    0.00    0.02
  1_2_b_               CONDUIT         0     0  00:00      0.00    0.00    0.00
  1_2_b_1              CONDUIT      9.79     0  00:16     18.52    2.66    0.64
  1_2_b_2              CONDUIT    0.0716     0  00:18      0.87    0.00    0.16
  1_2_b_3              CONDUIT     0.647     0  00:18      1.27    0.07    0.64
  TWT5                 CONDUIT      6.57     0  00:18      9.68    0.00    0.30
  1_4_a                CONDUIT      3.92     0  00:18      7.82    0.02    0.15
  1_4_a_2              CONDUIT     0.223     0  00:06      0.32    0.01    1.00
  TWT6                 CONDUIT      9.39     0  00:29      1.69    0.03    0.54
  1_4_b                CONDUIT      59.9     0  00:16     11.90    0.08    1.00
  TWT7                 CONDUIT         0     0  00:00      0.00    0.00    0.25
  1_5_a                CONDUIT         0     0  00:00      0.00    0.00    0.50
  
  
  ***************************
  Flow Classification Summary
  ***************************
  
  -------------------------------------------------------------------------------------
                      Adjusted    ---------- Fraction of Time in Flow Class ---------- 
                       /Actual         Up    Down  Sub   Sup   Up    Down  Norm  Inlet 
  Conduit               Length    Dry  Dry   Dry   Crit  Crit  Crit  Crit  Ltd   Ctrl  
  -------------------------------------------------------------------------------------
  Brunn_Fassung_L         1.00   0.00  0.00  0.00  1.00  0.00  0.00  0.00  0.00  0.00
  11                      1.00   0.00  0.00  0.00  1.00  0.00  0.00  0.00  0.00  0.00
  14                      1.00   0.00  0.00  0.00  1.00  0.00  0.00  0.00  0.00  0.00
  16                      1.00   0.00  0.00  0.00  1.00  0.00  0.00  0.00  0.00  0.00
  17                      1.00   0.00  0.00  0.00  1.00  0.00  0.00  0.00  0.00  0.00
  26                      1.00   0.00  0.00  0.00  1.00  0.00  0.00  0.00  0.00  0.00
  27                      1.00   0.00  0.00  0.00  1.00  0.00  0.00  0.00  0.00  0.00
  Gischeren_L             1.00   0.02  0.98  0.00  0.00  0.00  0.00  0.00  0.00  0.00
  Schuettstein_L          1.00   0.00  0.00  0.00  1.00  0.00  0.00  0.00  0.00  0.00
  Brunnmuehle_L           1.00   0.00  0.00  0.00  1.00  0.00  0.00  0.00  0.00  0.00
  32                      1.00   1.00  0.00  0.00  0.00  0.00  0.00  0.00  0.00  0.00
  35                      1.00   0.00  0.02  0.00  0.98  0.00  0.00  0.00  0.00  0.00
  45                      1.00   0.00  0.00  0.00  0.00  1.00  0.00  0.00  1.00  0.00
  46                      1.00   0.00  0.00  0.00  1.00  0.00  0.00  0.00  0.00  0.00
  47                      1.00   0.00  0.00  0.00  1.00  0.00  0.00  0.00  0.00  0.00
  50                      1.00   0.00  0.00  0.00  1.00  0.00  0.00  0.00  0.00  0.00
  51                      1.00   0.00  0.00  0.00  1.00  0.00  0.00  0.00  0.00  0.00
  53                      1.00   0.00  0.00  0.00  1.00  0.00  0.00  0.00  0.00  0.00
  Fenster_L               1.00   0.00  0.00  0.00  0.00  1.00  0.00  0.00  0.00  0.00
  58                      1.00   0.00  0.00  0.00  0.00  1.00  0.00  0.00  0.98  0.00
  59                      1.00   0.00  0.00  0.00  0.00  1.00  0.00  0.00  0.99  0.00
  61                      1.00   0.00  0.00  0.00  1.00  0.00  0.00  0.00  0.00  0.00
  63                      1.00   0.00  0.00  0.00  1.00  0.00  0.00  0.00  0.00  0.00
  66                      1.00   0.00  0.00  0.00  1.00  0.00  0.00  0.00  0.00  0.00
  67                      1.00   0.00  0.00  0.00  1.00  0.00  0.00  0.00  0.00  0.00
  Amont_L                 1.00   0.00  0.00  0.00  1.00  0.00  0.00  0.00  0.00  0.00
  69                      1.00   0.00  0.00  0.00  1.00  0.00  0.00  0.00  0.00  0.00
  70                      1.00   0.00  0.00  0.00  1.00  0.00  0.00  0.00  0.00  0.00
  71                      1.00   0.00  0.00  0.00  1.00  0.00  0.00  0.00  0.00  0.00
  72                      1.00   0.00  0.00  0.00  1.00  0.00  0.00  0.00  0.00  0.00
  Sauser_L                1.00   0.00  0.00  0.00  1.00  0.00  0.00  0.00  0.00  0.00
  75                      1.00   0.00  0.00  0.00  0.00  1.00  0.00  0.00  0.00  0.00
  Entw_Sto_L              1.00   0.00  0.00  0.00  0.99  0.01  0.00  0.00  0.00  0.00
  4                       1.00   0.00  0.00  0.00  1.00  0.00  0.00  0.00  0.00  0.00
  5                       1.00   0.00  0.00  0.00  1.00  0.00  0.00  0.00  0.00  0.00
  6                       1.00   0.00  0.00  0.00  0.00  0.99  0.00  0.00  0.00  0.00
  7                       1.00   0.00  0.00  0.00  1.00  0.00  0.00  0.00  0.00  0.00
  Brunn_Teich_L           1.00   0.00  0.00  0.00  1.00  0.00  0.00  0.00  0.00  0.00
  9                       1.00   0.00  0.00  0.00  0.00  1.00  0.00  0.00  0.00  0.00
  12                      1.00   0.00  0.00  0.00  1.00  0.00  0.00  0.00  0.00  0.00
  15                      1.00   0.00  0.00  0.00  1.00  0.00  0.00  0.00  0.00  0.00
  18                      1.00   0.00  0.00  0.00  1.00  0.00  0.00  0.00  0.00  0.00
  19                      1.00   0.00  0.00  0.00  1.00  0.00  0.00  0.00  0.00  0.00
  20                      1.00   0.00  0.00  0.00  1.00  0.00  0.00  0.00  0.00  0.00
  21                      1.00   0.00  0.00  0.00  1.00  0.00  0.00  0.00  0.00  0.00
  Hooliloch_L             1.00   0.00  0.00  0.00  1.00  0.00  0.00  0.00  0.00  0.00
  23                      1.00   0.00  0.00  0.00  0.00  1.00  0.00  0.00  0.00  0.00
  25                      1.00   0.00  0.00  0.00  1.00  0.00  0.00  0.00  0.00  0.00
  28                      1.00   0.00  0.00  0.00  0.00  1.00  0.00  0.00  0.00  0.00
  29                      1.00   0.00  0.00  0.00  1.00  0.00  0.00  0.00  1.00  0.00
  31                      1.00   0.00  0.02  0.00  0.98  0.00  0.00  0.00  0.00  0.00
  33                      1.00   0.00  0.00  0.00  1.00  0.00  0.00  0.00  0.00  0.00
  37                      1.00   0.00  0.00  0.00  1.00  0.00  0.00  0.00  0.00  0.00
  SS3_L                   1.00   0.00  0.00  0.00  0.00  1.00  0.00  0.00  1.00  0.00
  40                      1.00   0.00  0.00  0.00  1.00  0.00  0.00  0.00  0.00  0.00
  SS6_L                   1.00   0.00  0.00  0.00  0.00  1.00  0.00  0.00  1.00  0.00
  1                       1.00   0.00  1.00  0.00  0.00  0.00  0.00  0.00  0.00  0.00
  2                       1.00   1.00  0.00  0.00  0.00  0.00  0.00  0.00  0.00  0.00
  3                       1.00   0.00  0.00  0.00  0.00  1.00  0.00  0.00  1.00  0.00
  10                      1.00   0.00  0.00  0.00  1.00  0.00  0.00  0.00  0.01  0.00
  13                      1.00   0.00  0.00  0.00  1.00  0.00  0.00  0.00  0.00  0.00
  22                      1.00   0.00  0.00  0.00  1.00  0.00  0.00  0.00  0.00  0.00
  24                      1.00   0.00  0.00  0.00  1.00  0.00  0.00  0.00  0.00  0.00
  30                      1.00   0.00  0.00  0.00  1.00  0.00  0.00  0.00  1.00  0.00
  34                      1.00   0.00  0.00  0.00  1.00  0.00  0.00  0.00  0.00  0.00
  36                      1.00   0.00  0.00  0.00  0.00  1.00  0.00  0.00  0.00  0.00
  38                      1.00   0.00  0.00  0.00  1.00  0.00  0.00  0.00  0.01  0.00
  48                      1.00   0.00  0.00  0.00  1.00  0.00  0.00  0.00  0.00  0.00
  54                      1.00   0.00  0.01  0.00  0.99  0.00  0.00  0.00  0.00  0.00
  68                      1.00   0.00  0.00  0.00  0.00  1.00  0.00  0.00  1.00  0.00
  73                      1.00   0.00  0.00  0.00  1.00  0.00  0.00  0.00  0.00  0.00
  TWT1                    1.00   0.01  0.00  0.00  0.00  0.99  0.00  0.00  0.00  0.00
  1_1_a_1                 1.00   0.00  0.01  0.00  0.99  0.00  0.00  0.00  0.00  0.00
  TWT2                    1.00   0.01  0.99  0.00  0.00  0.00  0.00  0.00  0.00  0.00
  TWT3                    1.00   1.00  0.00  0.00  0.00  0.00  0.00  0.00  0.00  0.00
  TWT4                    1.00   0.00  1.00  0.00  0.00  0.00  0.00  0.00  0.00  0.00
  1_2_b_                  1.00   1.00  0.00  0.00  0.00  0.00  0.00  0.00  0.00  0.00
  1_2_b_1                 1.00   0.00  0.00  0.00  0.00  1.00  0.00  0.00  0.00  0.00
  1_2_b_2                 1.00   0.00  0.00  0.00  1.00  0.00  0.00  0.00  1.00  0.00
  1_2_b_3                 1.00   0.00  0.00  0.00  1.00  0.00  0.00  0.00  0.00  0.00
  TWT5                    1.00   0.00  0.00  0.00  1.00  0.00  0.00  0.00  1.00  0.00
  1_4_a                   1.00   0.00  0.00  0.00  0.00  1.00  0.00  0.00  1.00  0.00
  1_4_a_2                 1.00   0.00  0.00  0.00  1.00  0.00  0.00  0.00  0.00  0.00
  TWT6                    1.00   0.00  0.00  0.00  1.00  0.00  0.00  0.00  0.00  0.00
  1_4_b                   1.00   0.00  0.00  0.00  1.00  0.00  0.00  0.00  0.00  0.00
  TWT7                    1.00   0.00  1.00  0.00  0.00  0.00  0.00  0.00  0.00  0.00
  1_5_a                   1.00   0.00  1.00  0.00  0.00  0.00  0.00  0.00  0.00  0.00
  
  
  *************************
  Conduit Surcharge Summary
  *************************
  
  ----------------------------------------------------------------------------
                                                           Hours        Hours 
                         --------- Hours Full --------   Above Full   Capacity
  Conduit                Both Ends  Upstream  Dnstream   Normal Flow   Limited
  ----------------------------------------------------------------------------
  Brunn_Fassung_L             0.01      0.01     24.00      0.01         0.01
  11                         23.99     23.99     23.99      0.01         0.01
  14                         23.99     23.99     23.99     23.99         0.01
  16                         24.00     24.00     24.00     23.99        23.99
  17                         24.00     24.00     24.00      0.01         0.01
  26                         23.99     23.99     23.99      0.01         0.01
  27                         23.98     23.98     23.99      0.01         0.01
  Schuettstein_L              0.01      0.01     23.97      0.01         0.01
  Brunnmuehle_L              24.00     24.00     24.00      0.01         0.01
  35                          0.01      0.01     23.55      0.01         0.01
  46                         24.00     24.00     24.00      0.01         0.01
  47                         24.00     24.00     24.00     24.00        24.00
  50                         23.97     23.97     23.98      0.01         0.01
  51                         23.98     23.98     23.99      0.01         0.01
  53                         24.00     24.00     24.00      0.01         0.01
  61                         23.98     23.98     23.99      0.01         0.01
  63                          0.01     23.96      0.01      0.01         0.01
  66                         23.79     23.94     23.79     23.91        23.79
  67                         23.99     23.99     24.00      0.01         0.01
  Amont_L                    24.00     24.00     24.00      0.01         0.01
  69                         23.79     23.79     24.00      0.01         0.01
  70                         23.79     23.79     24.00      0.01         0.01
  71                         23.97     23.97     23.99      0.01         0.01
  72                         23.73     23.95     23.73      0.11         0.01
  Sauser_L                    0.01      0.01     24.00      0.01         0.01
  75                          0.01     23.95      0.01     23.73         0.01
  Entw_Sto_L                 23.82     23.84     23.82     23.85        23.82
  4                          23.84     23.95     23.84     23.85        23.84
  5                          23.84     23.84     23.98      0.01         0.01
  6                           0.01      0.01     24.00      0.01         0.01
  7                          23.99     23.99     24.00      0.01         0.01
  Brunn_Teich_L               0.01      0.01     23.98      0.01         0.01
  9                           0.01      0.01     23.98      0.01         0.01
  12                         23.97     23.97     23.98      0.01         0.01
  15                         23.98     23.98     23.99      0.01         0.01
  18                         23.98     23.98     23.98      0.01         0.01
  19                         23.96     23.96     23.98      0.01         0.01
  21                          0.01      0.01     23.92      0.01         0.01
  23                          0.01     23.79      0.01      0.01         0.01
  25                         23.55     23.55     23.98      0.01         0.01
  33                         23.94     23.94     23.95      0.01         0.01
  13                         23.98     23.98     24.00      0.01         0.01
  22                         23.98     23.98     24.00      0.01         0.01
  24                          0.01      0.01     24.00      0.01         0.01
  30                          0.01      0.01     24.00      0.01         0.01
  34                          0.01      0.01     23.99      0.01         0.01
  38                         23.63     23.63     23.83      0.01         0.01
  48                         23.77     23.77     23.87      0.01         0.01
  54                          0.01      0.01     23.82      0.01         0.01
  73                         23.63     23.63     23.65      0.01         0.01
  1_1_a_1                     0.01      0.01     23.77      0.01         0.01
  1_2_b_1                     0.01      0.01     23.99     23.99         0.01
  1_2_b_3                     0.01      0.01     23.99      0.01         0.01
  1_4_a_2                    23.96     23.96     23.99      0.01         0.01
  1_4_b                      23.49     23.49     23.70      0.01         0.01
  

  Analysis begun on:  Fri Aug 14 14:31:48 2026
  Analysis ended on:  Fri Aug 14 14:31:51 2026
  Total elapsed time: 00:00:03