
  EPA STORM WATER MANAGEMENT MODEL - VERSION 5.2 (Build 5.2.4)
  ------------------------------------------------------------

  Brunnmuehle (Twann) 
  WARNING 08: elevation drop exceeds length for Conduit SS3_L
  WARNING 08: elevation drop exceeds length for Conduit SS6_L
  WARNING 08: elevation drop exceeds length for Conduit 2
  WARNING 08: elevation drop exceeds length for Conduit 3
  WARNING 08: elevation drop exceeds length for Conduit 68
  WARNING 08: elevation drop exceeds length for Conduit 1_2_b_
  WARNING 08: elevation drop exceeds length for Conduit 1_2_b_2
  WARNING 08: elevation drop exceeds length for Conduit 1_2_b_6
  WARNING 08: elevation drop exceeds length for Conduit 1_4_b
  WARNING 08: elevation drop exceeds length for Conduit 1_5_a
  WARNING 04: minimum elevation drop used for Conduit 1_7_a
  WARNING 08: elevation drop exceeds length for Conduit 1_7_a_
  WARNING 08: elevation drop exceeds length for Conduit 1_7_a__
  WARNING 02: maximum depth increased for Node 2
  
  ****************
  Analysis Options
  ****************
  Flow Units ............... CMS
  Process Models:
    Rainfall/Runoff ........ NO
    RDII ................... NO
    Snowmelt ............... NO
    Groundwater ............ NO
    Flow Routing ........... YES
    Ponding Allowed ........ NO
    Water Quality .......... NO
  Flow Routing Method ...... DYNWAVE
  Surcharge Method ......... EXTRAN
  Starting Date ............ 01/01/2000 00:00:00
  Ending Date .............. 01/02/2000 00:00:00
  Antecedent Dry Days ...... 0.0
  Report Time Step ......... 01:00:00
  Routing Time Step ........ 0.50 sec
  Variable Time Step ....... YES
  Maximum Trials ........... 8
  Number of Threads ........ 1
  Head Tolerance ........... 0.001500 m
  
  
  **************************        Volume        Volume
  Flow Routing Continuity        hectare-m      10^6 ltr
  **************************     ---------     ---------
  Dry Weather Inflow .......         0.000         0.000
  Wet Weather Inflow .......         0.000         0.000
  Groundwater Inflow .......         0.000         0.000
  RDII Inflow ..............         0.000         0.000
  External Inflow ..........       133.343      1333.445
  External Outflow .........       126.664      1266.656
  Flooding Loss ............         0.000         0.000
  Evaporation Loss .........         0.000         0.000
  Exfiltration Loss ........         0.000         0.000
  Initial Stored Volume ....         0.057         0.565
  Final Stored Volume ......         0.450         4.501
  Continuity Error (%) .....         4.712
  
  
  *************************
  Highest Continuity Errors
  *************************
  Node TWT_Intersection_Sonsto_60+345 (-115.08%)
  Node Syst_Est_interm (100.00%)
  Node SonSto_F (95.89%)
  Node TWT_Acces_LT_60+110 (84.47%)
  Node 2 (75.69%)
  
  
  ***************************
  Time-Step Critical Elements
  ***************************
  Link 1_4_a (15755.50%)
  Link 20 (47.71%)
  Link 1_7_a_ (33.67%)
  Link 1_7_a_1 (3.03%)
  
  
  ********************************
  Highest Flow Instability Indexes
  ********************************
  All links are stable.
  
  
  *********************************
  Most Frequent Nonconverging Nodes
  *********************************
  Node Brunnm_Fassung (37.98%)
  Node Brunnmuehle(Teich) (37.98%)
  Node Fensterstollen (37.98%)
  Node Gischeren (37.98%)
  Node Schuettstein (37.98%)
  
  
  *************************
  Routing Time Step Summary
  *************************
  Minimum Time Step           :     0.50 sec
  Average Time Step           :     0.50 sec
  Maximum Time Step           :     0.50 sec
  % of Time in Steady State   :    99.37
  Average Iterations per Step :     6.67
  % of Steps Not Converging   :    37.98
  Time Step Frequencies       :
      0.500 -  0.500 sec      :   100.00 %
      0.500 -  0.500 sec      :     0.00 %
      0.500 -  0.500 sec      :     0.00 %
      0.500 -  0.500 sec      :     0.00 %
      0.500 -  0.500 sec      :     0.00 %
  
  
  ******************
  Node Depth Summary
  ******************
  
  ---------------------------------------------------------------------------------
                                 Average  Maximum  Maximum  Time of Max    Reported
                                   Depth    Depth      HGL   Occurrence   Max Depth
  Node                 Type       Meters   Meters   Meters  days hr:min      Meters
  ---------------------------------------------------------------------------------
  9                    JUNCTION    42.39    44.84   483.34     0  00:00       42.42
  Holiloch_sonde       JUNCTION    39.69    41.60   481.60     0  00:00       39.72
  11                   JUNCTION    29.81    32.92   442.92     0  00:00       29.81
  13                   JUNCTION    48.96    49.72   487.72     0  00:02       48.98
  21                   JUNCTION    37.90    38.33   438.33     0  00:05       37.91
  SonSto_F             JUNCTION     0.26     0.26   438.06     0  00:09        0.26
  Sondierstollen       JUNCTION     0.00     0.00   440.80     0  00:00        0.00
  Aval_Trappe          JUNCTION     0.52     0.55   438.15     0  00:09        0.52
  30                   JUNCTION     0.58     0.59   437.89     0  00:09        0.59
  Gischeren_node       JUNCTION     0.10     0.10   476.60     0  00:09        0.10
  34                   JUNCTION    17.32    17.68   437.68     0  00:05       17.33
  38                   JUNCTION    18.26    18.57   438.57     0  00:05       18.27
  SS6                  JUNCTION     0.05     0.05   448.05     0  00:02        0.05
  40                   JUNCTION    20.72    20.85   439.85     0  00:04       20.73
  41                   JUNCTION    49.32    50.06   487.56     0  00:02       49.34
  SondeSchuettstein    JUNCTION    20.75    23.25   482.25     0  00:01       20.76
  SS4                  JUNCTION     0.06     0.06   448.06     0  00:02        0.06
  47                   JUNCTION    13.68    14.19   479.09     0  00:01       13.70
  48                   JUNCTION     8.58    10.77   481.77     0  00:01        8.59
  SondeGischeren       JUNCTION    11.60    11.65   476.65     0  00:09       11.65
  49                   JUNCTION    12.85    14.31   480.31     0  00:02       12.87
  50                   JUNCTION     6.04     6.70   469.70     0  00:05        6.06
  51                   JUNCTION    67.27    68.04   488.04     0  00:02       67.30
  Amont_C              JUNCTION    70.54    87.69   505.69     0  00:00       70.57
  52                   JUNCTION     5.59    12.24   469.24     0  00:05        5.61
  53                   JUNCTION     9.55    16.22   483.22     0  00:01        9.55
  54                   JUNCTION     3.42     3.43   466.43     0  00:09        3.43
  56                   JUNCTION     6.17     6.19   436.19     0  00:01        6.17
  2                    JUNCTION     0.23     0.23   438.23     0  00:09        0.23
  4                    JUNCTION     8.22     8.73   436.73     0  00:00        8.23
  5                    JUNCTION     5.85     5.88   478.38     0  00:03        5.86
  6                    JUNCTION    21.01    21.09   479.09     0  00:04       21.03
  7                    JUNCTION     3.35     3.37   478.37     0  00:03        3.35
  SS3                  JUNCTION     0.07     0.07   448.07     0  00:09        0.07
  SS5                  JUNCTION     0.58     0.59   439.49     0  00:09        0.59
  8                    JUNCTION     2.75     2.77   476.77     0  00:09        2.77
  10                   JUNCTION    10.84    12.35   480.35     0  00:02       10.86
  SonSto_SS5           JUNCTION     0.12     0.12   439.42     0  00:09        0.12
  SonSto_SS3           JUNCTION     0.10     0.10   439.80     0  00:06        0.10
  SonSto_SS4           JUNCTION     0.08     0.08   439.48     0  00:09        0.08
  Amont_Trappe         JUNCTION     0.43     0.44   438.14     0  00:09        0.43
  SonSto_SS6           JUNCTION     0.11     0.11   438.81     0  00:08        0.11
  SS2                  JUNCTION     0.00     0.00   448.00     0  00:00        0.00
  SonSto_SS2           JUNCTION     0.00     0.00   441.50     0  00:00        0.00
  12                   JUNCTION    16.09    16.40   465.40     0  00:02       16.10
  14                   JUNCTION     5.17     5.83   470.83     0  00:04        5.17
  15                   JUNCTION     0.34     0.34   472.34     0  00:05        0.34
  TWT_PointHaut_60+650 JUNCTION     0.16     0.17   438.67     0  00:06        0.16
  TWT_Fensterstollen_60+375 JUNCTION     0.86     0.88   438.18     0  00:08        0.86
  TWT_Acces_LT_60+110  JUNCTION     0.73     0.73   438.23     0  00:09        0.73
  TWT_Liaison_LT_59+738 JUNCTION     0.00     0.00   446.50     0  00:00        0.00
  Syst_Est_amont       JUNCTION     0.50     0.52   430.52     0  00:03        0.50
  Syst_Est_interm      JUNCTION     1.20     1.21   411.21     0  00:09        1.21
  TWT_Branche_Est_Sonsto_60+540 JUNCTION     0.42     0.46   438.86     0  00:02        0.42
  TWT_Intersection_Sonsto_60+345 JUNCTION     1.02     1.24   438.24     0  00:08        1.02
  TWT_Chrosweg_61+140  JUNCTION     0.13     0.13   432.13     0  00:09        0.13
  SonSto_F_sup         JUNCTION     0.04     0.04   448.04     0  00:06        0.04
  SonSto_porte         JUNCTION     0.00     0.00   438.50     0  00:00        0.00
  Brunnm_Fassung       OUTFALL      0.08     0.08   433.88     0  00:05        0.08
  Brunnmuehle(Teich)   OUTFALL      0.18     0.18   435.68     0  00:09        0.18
  Fensterstollen       OUTFALL      0.54     0.54   437.54     0  00:09        0.54
  Gischeren            OUTFALL      0.00     0.00   480.00     0  00:00        0.00
  Schuettstein         OUTFALL      0.20     0.22   477.77     0  00:01        0.20
  Holiloch             OUTFALL      1.51     1.53   478.03     0  00:03        1.52
  Sauserquelle         OUTFALL      0.25     0.25   435.80     0  00:04        0.25
  Entw_Stollen         OUTFALL      0.17     0.17   436.67     0  00:08        0.17
  Sous_lacustre        OUTFALL      0.09     0.09   429.29     0  00:05        0.09
  Sous_ecoul.          OUTFALL      0.00     0.00   433.00     0  00:00        0.00
  Syst_Est_aval        OUTFALL      0.00     0.00   429.00     0  00:00        0.00
  TWT_Portail_Est_61+665 OUTFALL      0.13     0.13   421.73     0  00:09        0.13
  
  
  *******************
  Node Inflow Summary
  *******************
  
  -------------------------------------------------------------------------------------------------
                                  Maximum  Maximum                  Lateral       Total        Flow
                                  Lateral    Total  Time of Max      Inflow      Inflow     Balance
                                   Inflow   Inflow   Occurrence      Volume      Volume       Error
  Node                 Type           CMS      CMS  days hr:min    10^6 ltr    10^6 ltr     Percent
  -------------------------------------------------------------------------------------------------
  9                    JUNCTION         0     12.4     0  00:00           0         553       0.016
  Holiloch_sonde       JUNCTION         0     11.6     0  00:00           0         517       0.015
  11                   JUNCTION         0    0.313     0  00:05           0        26.8      -0.016
  13                   JUNCTION         0     14.7     0  00:00           0    1.04e+03       0.022
  21                   JUNCTION         0    0.284     0  00:09           0        24.5      -0.015
  SonSto_F             JUNCTION         0     1.03     0  00:09           0        88.4    2331.851
  Sondierstollen       JUNCTION         0        0     0  00:00           0           0       0.000 ltr
  Aval_Trappe          JUNCTION         0     3.26     0  00:09           0         163     -34.960
  30                   JUNCTION         0     7.79     0  00:09           0         670       9.999
  Gischeren_node       JUNCTION         0    0.202     0  00:09           0        17.317325234.044 ltr
  34                   JUNCTION         0    0.254     0  00:09           0        21.9       0.006
  38                   JUNCTION         0    0.174     0  00:00           0         6.7       0.037
  SS6                  JUNCTION         0    0.155     0  00:02           0        12.8      -0.002
  40                   JUNCTION         0     2.18     0  00:05           0         187       0.002
  41                   JUNCTION         0     1.59     0  00:00           0        34.1       0.076
  SondeSchuettstein    JUNCTION         0    0.632     0  00:00           0          34       0.057
  SS4                  JUNCTION         0   0.0851     0  00:09           0        7.34       0.066
  47                   JUNCTION         0     8.48     0  00:01           0         503      -0.013
  48                   JUNCTION         0    0.541     0  00:01           0          34      -0.009
  SondeGischeren       JUNCTION         0    0.275     0  00:01           0        21.2       0.283
  49                   JUNCTION         0    0.945     0  00:02           0        12.9       1.026
  50                   JUNCTION         0     0.18     0  00:05           0        12.7       0.022
  51                   JUNCTION         0     28.4     0  00:00           0    1.27e+03      -0.002
  Amont_C              JUNCTION      14.7     39.8     0  00:00    1.27e+03    1.27e+03       0.020
  52                   JUNCTION         0    0.246     0  00:05           0        17.8       0.123
  53                   JUNCTION         0    0.352     0  00:01           0        24.3       0.032
  54                   JUNCTION         0    0.282     0  00:09           0        24.3     158.965
  56                   JUNCTION         0    0.553     0  00:04           0        47.5       0.002
  2                    JUNCTION         0    0.259     0  00:08           0        15.9     311.413
  4                    JUNCTION         0     0.23     0  00:09           0        19.9       0.041
  5                    JUNCTION         0     7.03     0  00:01           0         503       0.057
  6                    JUNCTION         0     9.51     0  00:00           0         516       0.041
  7                    JUNCTION         0     6.29     0  00:02           0         503       0.012
  SS3                  JUNCTION         0    0.148     0  00:09           0        12.7       0.025
  SS5                  JUNCTION         0    0.242     0  00:09           0        20.9       0.201
  8                    JUNCTION         0    0.458     0  00:08           0        38.9      29.347
  10                   JUNCTION         0    0.735     0  00:02           0        12.7      -0.659
  SonSto_SS5           JUNCTION         0    0.266     0  00:09           0        22.9       0.114
  SonSto_SS3           JUNCTION         0    0.148     0  00:09           0        12.7       0.124
  SonSto_SS4           JUNCTION         0    0.233     0  00:09           0          20       0.074
  Amont_Trappe         JUNCTION         0    0.536     0  00:07           0        27.4     -36.873
  SonSto_SS6           JUNCTION         0    0.345     0  00:09           0        29.7       0.124
  SS2                  JUNCTION         0        0     0  00:00           0           0       0.000 ltr
  SonSto_SS2           JUNCTION         0        0     0  00:00           0           0       0.000 ltr
  12                   JUNCTION         0    0.357     0  00:00           0        26.1       0.014
  14                   JUNCTION         0     1.83     0  00:04           0         152       0.030
  15                   JUNCTION         0    0.426     0  00:05           0        36.4      -0.021
  TWT_PointHaut_60+650 JUNCTION         0     0.62     0  00:03           0        48.4      -2.731
  TWT_Fensterstollen_60+375 JUNCTION         0     8.86     0  00:08           0         503     -21.091
  TWT_Acces_LT_60+110  JUNCTION         0     3.05     0  00:06           0        85.4     543.984
  TWT_Liaison_LT_59+738 JUNCTION         0        0     0  00:00           0           0       0.000 ltr
  Syst_Est_amont       JUNCTION     0.735    0.735     0  00:00        63.5        63.5       0.001
  Syst_Est_interm      JUNCTION         0    0.781     0  00:04           0        63.563496435.696 ltr
  TWT_Branche_Est_Sonsto_60+540 JUNCTION         0     4.12     0  00:05           0         354      -0.004
  TWT_Intersection_Sonsto_60+345 JUNCTION         0     5.99     0  00:05           0        30.7     -53.506
  TWT_Chrosweg_61+140  JUNCTION         0     0.58     0  00:07           0        49.8      12.499
  SonSto_F_sup         JUNCTION         0    0.426     0  00:05           0        36.4      -0.001
  SonSto_porte         JUNCTION         0        0     0  00:00           0           0       0.000 ltr
  Brunnm_Fassung       OUTFALL          0   0.0243     0  00:05           0        2.06       0.000
  Brunnmuehle(Teich)   OUTFALL          0    0.225     0  00:09           0        19.4       0.000
  Fensterstollen       OUTFALL          0     7.08     0  00:09           0         609       0.000
  Gischeren            OUTFALL          0        0     0  00:00           0           0       0.000 ltr
  Schuettstein         OUTFALL          0    0.453     0  00:01           0          34       0.000
  Holiloch             OUTFALL          0     5.98     0  00:03           0         503       0.000
  Sauserquelle         OUTFALL          0    0.553     0  00:04           0        47.5       0.000
  Entw_Stollen         OUTFALL          0   0.0461     0  00:08           0        3.85       0.000
  Sous_lacustre        OUTFALL          0     0.03     0  00:05           0        2.56       0.000
  Sous_ecoul.          OUTFALL          0  0.00559     0  00:00           0       0.473       0.000
  Syst_Est_aval        OUTFALL          0        0     0  00:00           0           0       0.000 ltr
  TWT_Portail_Est_61+665 OUTFALL          0    0.514     0  00:09           0        44.2       0.000
  
  
  **********************
  Node Surcharge Summary
  **********************
  
  Surcharging occurs when water rises above the top of the highest conduit.
  ---------------------------------------------------------------------
                                               Max. Height   Min. Depth
                                   Hours       Above Crown    Below Rim
  Node                 Type      Surcharged         Meters       Meters
  ---------------------------------------------------------------------
  9                    JUNCTION       23.99         43.043       55.157
  Holiloch_sonde       JUNCTION       23.99         39.704      158.396
  11                   JUNCTION       24.00         32.416      117.084
  13                   JUNCTION       23.99         46.716      350.284
  21                   JUNCTION       24.00         37.730      111.670
  34                   JUNCTION       24.00         17.082       82.318
  38                   JUNCTION       24.00         17.967      131.433
  40                   JUNCTION       24.00         16.855       79.145
  41                   JUNCTION       23.99         49.214      199.936
  SondeSchuettstein    JUNCTION       23.98         22.448        0.000
  47                   JUNCTION       23.98         12.292       85.808
  48                   JUNCTION       23.98          9.970       89.230
  SondeGischeren       JUNCTION       23.91         10.451       88.349
  49                   JUNCTION       23.96          6.307      185.693
  50                   JUNCTION       23.90          6.402      193.298
  51                   JUNCTION       24.00         64.040      331.960
  Amont_C              JUNCTION       24.00         84.692      312.308
  52                   JUNCTION       23.91         11.842       87.758
  53                   JUNCTION       23.97         11.224      183.776
  56                   JUNCTION       23.99          5.188       93.812
  4                    JUNCTION       23.98          8.078       91.272
  5                    JUNCTION       23.96          0.879       44.121
  6                    JUNCTION       23.98         16.093      178.907
  10                   JUNCTION       23.95          4.346      187.654
  12                   JUNCTION       23.98         16.048      183.602
  14                   JUNCTION       23.93          1.832      194.168
  
  
  *********************
  Node Flooding Summary
  *********************
  
  No nodes were flooded.
  
  
  ***********************
  Outfall Loading Summary
  ***********************
  
  -----------------------------------------------------------
                         Flow       Avg       Max       Total
                         Freq      Flow      Flow      Volume
  Outfall Node           Pcnt       CMS       CMS    10^6 ltr
  -----------------------------------------------------------
  Brunnm_Fassung        99.94    0.0239    0.0243       2.061
  Brunnmuehle(Teich)    99.94     0.225     0.225      19.393
  Fensterstollen        99.97      7.06      7.08     609.471
  Gischeren              0.00         0         0       0.000
  Schuettstein          99.92     0.394     0.453      34.010
  Holiloch              99.87      5.83      5.98     503.125
  Sauserquelle          99.97      0.55     0.553      47.475
  Entw_Stollen          99.88    0.0446    0.0461       3.852
  Sous_lacustre        100.00    0.0297      0.03       2.564
  Sous_ecoul.           99.94   0.00548   0.00559       0.473
  Syst_Est_aval          0.00         0         0       0.000
  TWT_Portail_Est_61+665  99.93     0.512     0.514      44.226
  -----------------------------------------------------------
  System                83.28      14.7      14.7    1266.650
  
  
  ********************
  Link Flow Summary
  ********************
  
  -----------------------------------------------------------------------------
                                 Maximum  Time of Max   Maximum    Max/    Max/
                                  |Flow|   Occurrence   |Veloc|    Full    Full
  Link                 Type          CMS  days hr:min     m/sec    Flow   Depth
  -----------------------------------------------------------------------------
  Brunn_Fassung_L      CONDUIT    0.0243     0  00:05      1.11    0.40    0.72
  11                   CONDUIT      11.6     0  00:00      6.52    1.74    1.00
  14                   CONDUIT      12.4     0  00:00      9.08    6.75    1.00
  16                   CONDUIT     0.313     0  00:05      3.65    2.18    1.00
  17                   CONDUIT     0.174     0  00:00      0.61    0.30    1.00
  26                   CONDUIT      1.59     0  00:00      2.82    2.15    1.00
  27                   CONDUIT    0.0401     0  00:09      1.10    0.52    1.00
  Gischeren_L          CONDUIT         0     0  00:00      0.00    0.00    0.04
  Schuettstein_L       CONDUIT     0.453     0  00:01      3.00    0.39    0.72
  Brunnmuehle_L        CONDUIT     0.254     0  00:09      0.90    0.12    1.00
  32                   CONDUIT         0     0  00:00      0.00    0.00    0.00
  35                   CONDUIT    0.0982     0  00:09      0.16    0.02    0.54
  45                   CONDUIT     0.349     0  00:06      4.75    0.00    0.06
  46                   CONDUIT     0.553     0  00:04      1.95    0.55    1.00
  47                   CONDUIT     0.112     0  00:02      2.94    6.96    1.00
  50                   CONDUIT     0.541     0  00:01      1.64    0.10    1.00
  51                   CONDUIT    0.0379     0  00:04      0.42    0.11    1.00
  53                   CONDUIT     0.174     0  00:00      1.04    0.88    1.00
  Fenster_L            CONDUIT      7.08     0  00:09      8.15    0.07    0.19
  58                   CONDUIT       2.6     0  00:09      4.05    0.03    0.19
  59                   CONDUIT     0.266     0  00:09      3.02    0.00    0.04
  61                   CONDUIT     0.632     0  00:00      3.30    0.89    1.00
  63                   CONDUIT     0.155     0  00:02      2.16    0.70    0.51
  66                   CONDUIT      0.18     0  00:05      2.67    2.37    1.00
  67                   CONDUIT      14.7     0  00:00      4.04    0.15    1.00
  Amont_L              CONDUIT      28.4     0  00:00      4.01    1.54    1.00
  69                   CONDUIT     0.246     0  00:05      2.08    0.96    1.00
  70                   CONDUIT     0.207     0  00:05      1.65    0.64    1.00
  71                   CONDUIT     0.352     0  00:01      1.56    0.62    1.00
  72                   CONDUIT     0.282     0  00:09      1.44    1.34    0.84
  Sauser_L             CONDUIT     0.553     0  00:04      1.07    0.14    0.63
  75                   CONDUIT    0.0851     0  00:09      2.80    0.87    0.63
  Entw_Sto_L           CONDUIT    0.0461     0  00:08      1.88    1.06    0.98
  4                    CONDUIT    0.0252     0  00:08      1.32    1.13    1.00
  5                    CONDUIT   0.00721     0  00:08      0.34    0.26    1.00
  6                    CONDUIT      0.03     0  00:05      1.21    0.45    0.74
  7                    CONDUIT      0.23     0  00:09      1.17    0.36    1.00
  Brunn_Teich_L        CONDUIT     0.225     0  00:09      1.00    0.17    0.64
  9                    CONDUIT   0.00559     0  00:00      1.41    0.00    0.50
  12                   CONDUIT      7.03     0  00:01      4.15    0.14    1.00
  15                   CONDUIT      9.51     0  00:00      4.77    0.25    1.00
  18                   CONDUIT      8.48     0  00:01      4.31    0.34    1.00
  19                   CONDUIT     0.945     0  00:02      1.25    0.90    1.00
  20                   CONDUIT     0.567     0  00:07      2.93    0.05    0.50
  21                   CONDUIT      6.29     0  00:02      0.76    0.04    0.84
  Hooliloch_L          CONDUIT      5.98     0  00:03      1.25    0.12    0.61
  23                   CONDUIT     0.148     0  00:09      3.20    0.92    0.62
  25                   CONDUIT     0.458     0  00:08      1.68    0.37    1.00
  28                   CONDUIT     0.147     0  00:09      2.38    0.00    0.03
  29                   CONDUIT     0.024     0  00:09      0.67    0.00    0.03
  31                   CONDUIT     0.104     0  00:09      0.43    0.06    0.29
  33                   CONDUIT     0.735     0  00:02      0.80    0.28    1.00
  37                   CONDUIT     0.242     0  00:09      0.52    0.01    0.12
  SS3_L                CONDUIT     0.148     0  00:09      3.04    0.00    0.04
  40                   CONDUIT     0.536     0  00:07      1.50    0.00    0.09
  SS6_L                CONDUIT    0.0825     0  00:02      3.32    0.00    0.04
  1                    CONDUIT         0     0  00:00      0.00    0.00    0.02
  2                    CONDUIT         0     0  00:00      0.00    0.00    0.00
  3                    CONDUIT    0.0851     0  00:09      4.29    0.01    0.07
  10                   CONDUIT     0.208     0  00:09      0.56    0.00    0.11
  13                   CONDUIT     0.357     0  00:00      4.23    0.77    1.00
  22                   CONDUIT     0.305     0  00:02      3.17    0.76    1.00
  24                   CONDUIT      1.83     0  00:04      2.64    0.00    1.00
  30                   CONDUIT      1.77     0  00:05      2.45    0.74    1.00
  34                   CONDUIT     0.426     0  00:05      2.08    0.48    0.81
  36                   CONDUIT     0.426     0  00:05      5.84    0.45    0.35
  38                   CONDUIT     0.275     0  00:01      2.54    0.10    1.00
  48                   CONDUIT     0.781     0  00:04      2.40    0.52    0.75
  54                   CONDUIT         0     0  00:00      0.00    0.00    0.40
  68                   CONDUIT     0.181     0  00:06      8.36    0.00    0.05
  73                   CONDUIT         0     0  00:00      0.00    0.00    0.06
  TWT1                 CONDUIT     0.514     0  00:09      2.82    0.00    0.02
  TWT2                 CONDUIT      0.58     0  00:07      2.98    0.00    0.02
  TWT3                 CONDUIT      0.62     0  00:03      1.16    0.00    0.04
  TWT4                 CONDUIT      3.81     0  00:02      3.12    0.01    0.08
  1_2_b_               CONDUIT         0     0  00:00      0.00    0.00    0.08
  1_2_b_1              CONDUIT       2.2     0  00:02     13.22    8.45    1.00
  1_2_b_2              CONDUIT    0.0427     0  00:06      0.39    0.01    0.54
  1_2_b_6              CONDUIT    0.0729     0  00:02      0.66    0.02    0.55
  TWT5                 CONDUIT      5.99     0  00:05      3.30    0.01    0.12
  1_4_a                CONDUIT      3.26     0  00:09      2.65    0.05    0.24
  TWT6                 CONDUIT      2.79     0  00:06      1.00    0.01    0.12
  1_4_b                CONDUIT         0     0  00:00      0.00    0.00    0.21
  TWT7                 CONDUIT         0     0  00:00      0.00    0.00    0.05
  1_5_a                CONDUIT         0     0  00:00      0.00    0.00    0.06
  1_6_a_1              CONDUIT     0.238     0  00:05      1.70    0.16    1.00
  1_7_a                CONDUIT      5.16     0  00:09      3.01    1.17    0.14
  1_7_a_               CONDUIT     0.202     0  00:06      2.31    0.01    0.50
  1_7_a__              CONDUIT      1.59     0  00:06      8.44    0.23    0.96
  1_7_a_1              CONDUIT      2.33     0  00:02     12.44   11.88    0.96
  1_8_a                CONDUIT     0.227     0  00:08      0.74    0.00    0.10
  
  
  ***************************
  Flow Classification Summary
  ***************************
  
  -------------------------------------------------------------------------------------
                      Adjusted    ---------- Fraction of Time in Flow Class ---------- 
                       /Actual         Up    Down  Sub   Sup   Up    Down  Norm  Inlet 
  Conduit               Length    Dry  Dry   Dry   Crit  Crit  Crit  Crit  Ltd   Ctrl  
  -------------------------------------------------------------------------------------
  Brunn_Fassung_L         1.00   0.00  0.00  0.00  1.00  0.00  0.00  0.00  0.00  0.00
  11                      1.00   0.00  0.00  0.00  1.00  0.00  0.00  0.00  0.00  0.00
  14                      1.00   0.00  0.00  0.00  1.00  0.00  0.00  0.00  0.00  0.00
  16                      1.00   0.00  0.00  0.00  1.00  0.00  0.00  0.00  0.00  0.00
  17                      1.00   0.00  0.00  0.00  1.00  0.00  0.00  0.00  0.00  0.00
  26                      1.00   0.00  0.00  0.00  1.00  0.00  0.00  0.00  0.00  0.00
  27                      1.00   0.00  0.00  0.00  1.00  0.00  0.00  0.00  0.00  0.00
  Gischeren_L             1.00   0.01  0.99  0.00  0.00  0.00  0.00  0.00  0.00  0.00
  Schuettstein_L          1.00   0.00  0.00  0.00  0.00  1.00  0.00  0.00  0.00  0.00
  Brunnmuehle_L           1.00   0.00  0.00  0.00  1.00  0.00  0.00  0.00  0.00  0.00
  32                      1.00   1.00  0.00  0.00  0.00  0.00  0.00  0.00  0.00  0.00
  35                      1.00   0.00  0.01  0.00  0.99  0.00  0.00  0.00  0.00  0.00
  45                      1.00   0.00  0.00  0.00  0.00  1.00  0.00  0.00  0.99  0.00
  46                      1.00   0.00  0.00  0.00  1.00  0.00  0.00  0.00  0.00  0.00
  47                      1.00   0.00  0.00  0.00  1.00  0.00  0.00  0.00  0.00  0.00
  50                      1.00   0.00  0.00  0.00  1.00  0.00  0.00  0.00  0.00  0.00
  51                      1.00   0.00  0.00  0.00  1.00  0.00  0.00  0.00  0.00  0.00
  53                      1.00   0.00  0.00  0.00  1.00  0.00  0.00  0.00  0.00  0.00
  Fenster_L               1.00   0.00  0.00  0.00  0.00  1.00  0.00  0.00  0.00  0.00
  58                      1.00   0.00  0.00  0.00  0.00  1.00  0.00  0.00  0.00  0.00
  59                      1.00   0.00  0.00  0.00  0.00  1.00  0.00  0.00  0.00  0.00
  61                      1.00   0.00  0.00  0.00  1.00  0.00  0.00  0.00  0.00  0.00
  63                      1.00   0.00  0.00  0.00  1.00  0.00  0.00  0.00  0.00  0.00
  66                      1.00   0.00  0.00  0.00  1.00  0.00  0.00  0.00  0.00  0.00
  67                      1.00   0.00  0.00  0.00  1.00  0.00  0.00  0.00  0.00  0.00
  Amont_L                 1.00   0.00  0.00  0.00  1.00  0.00  0.00  0.00  0.00  0.00
  69                      1.00   0.00  0.00  0.00  1.00  0.00  0.00  0.00  0.00  0.00
  70                      1.00   0.00  0.00  0.00  1.00  0.00  0.00  0.00  0.00  0.00
  71                      1.00   0.00  0.00  0.00  1.00  0.00  0.00  0.00  0.00  0.00
  72                      1.00   0.00  0.00  0.00  1.00  0.00  0.00  0.00  0.00  0.00
  Sauser_L                1.00   0.00  0.00  0.00  1.00  0.00  0.00  0.00  0.00  0.00
  75                      1.00   0.00  0.00  0.00  0.00  1.00  0.00  0.00  0.00  0.00
  Entw_Sto_L              1.00   0.00  0.00  0.00  0.99  0.01  0.00  0.00  0.00  0.00
  4                       1.00   0.00  0.00  0.00  1.00  0.00  0.00  0.00  0.00  0.00
  5                       1.00   0.00  0.00  0.00  1.00  0.00  0.00  0.00  0.00  0.00
  6                       1.00   0.00  0.00  0.00  0.00  1.00  0.00  0.00  0.00  0.00
  7                       1.00   0.00  0.00  0.00  1.00  0.00  0.00  0.00  0.00  0.00
  Brunn_Teich_L           1.00   0.00  0.00  0.00  1.00  0.00  0.00  0.00  0.00  0.00
  9                       1.00   0.00  0.00  0.00  0.00  1.00  0.00  0.00  0.00  0.00
  12                      1.00   0.00  0.00  0.00  1.00  0.00  0.00  0.00  0.00  0.00
  15                      1.00   0.00  0.00  0.00  1.00  0.00  0.00  0.00  0.00  0.00
  18                      1.00   0.00  0.00  0.00  1.00  0.00  0.00  0.00  0.00  0.00
  19                      1.00   0.00  0.00  0.00  1.00  0.00  0.00  0.00  0.00  0.00
  20                      1.00   0.00  0.00  0.00  1.00  0.00  0.00  0.00  0.00  0.00
  21                      1.00   0.00  0.00  0.00  1.00  0.00  0.00  0.00  0.00  0.00
  Hooliloch_L             1.00   0.00  0.00  0.00  1.00  0.00  0.00  0.00  0.00  0.00
  23                      1.00   0.00  0.00  0.00  0.00  1.00  0.00  0.00  0.00  0.00
  25                      1.00   0.00  0.00  0.00  1.00  0.00  0.00  0.00  0.00  0.00
  28                      1.00   0.00  0.00  0.00  0.00  1.00  0.00  0.00  0.00  0.00
  29                      1.00   0.00  0.00  0.00  1.00  0.00  0.00  0.00  1.00  0.00
  31                      1.00   0.00  0.01  0.00  0.99  0.00  0.00  0.00  0.00  0.00
  33                      1.00   0.00  0.00  0.00  1.00  0.00  0.00  0.00  0.00  0.00
  37                      1.00   0.00  0.00  0.00  1.00  0.00  0.00  0.00  0.00  0.00
  SS3_L                   1.00   0.00  0.00  0.00  0.00  1.00  0.00  0.00  1.00  0.00
  40                      1.00   0.00  0.00  0.00  1.00  0.00  0.00  0.00  0.00  0.00
  SS6_L                   1.00   0.00  0.00  0.00  0.00  1.00  0.00  0.00  1.00  0.00
  1                       1.00   0.00  1.00  0.00  0.00  0.00  0.00  0.00  0.00  0.00
  2                       1.00   1.00  0.00  0.00  0.00  0.00  0.00  0.00  0.00  0.00
  3                       1.00   0.00  0.00  0.00  0.00  1.00  0.00  0.00  1.00  0.00
  10                      1.00   0.00  0.00  0.00  1.00  0.00  0.00  0.00  1.00  0.00
  13                      1.00   0.00  0.00  0.00  1.00  0.00  0.00  0.00  0.00  0.00
  22                      1.00   0.00  0.00  0.00  1.00  0.00  0.00  0.00  0.00  0.00
  24                      1.00   0.00  0.00  0.00  1.00  0.00  0.00  0.00  0.00  0.00
  30                      1.00   0.00  0.00  0.00  1.00  0.00  0.00  0.00  0.00  0.00
  34                      1.00   0.00  0.00  0.00  1.00  0.00  0.00  0.00  0.00  0.00
  36                      1.00   0.00  0.00  0.00  0.00  1.00  0.00  0.00  0.00  0.00
  38                      1.00   0.00  0.00  0.00  1.00  0.00  0.00  0.00  0.00  0.00
  48                      1.00   0.00  0.00  0.00  1.00  0.00  0.00  0.00  1.00  0.00
  54                      1.00   0.00  1.00  0.00  0.00  0.00  0.00  0.00  0.00  0.00
  68                      1.00   0.00  0.00  0.00  0.00  1.00  0.00  0.00  1.00  0.00
  73                      1.00   0.00  1.00  0.00  0.00  0.00  0.00  0.00  0.00  0.00
  TWT1                    1.00   0.00  0.00  0.00  0.00  1.00  0.00  0.00  0.00  0.00
  TWT2                    1.00   0.00  0.00  0.00  0.00  1.00  0.00  0.00  0.00  0.00
  TWT3                    1.00   0.00  0.00  0.00  1.00  0.00  0.00  0.00  0.00  0.00
  TWT4                    1.00   0.00  0.00  0.00  1.00  0.00  0.00  0.00  1.00  0.00
  1_2_b_                  1.00   0.00  1.00  0.00  0.00  0.00  0.00  0.00  0.00  0.00
  1_2_b_1                 1.00   0.00  0.00  0.00  1.00  0.00  0.00  0.00  0.00  0.00
  1_2_b_2                 1.00   0.00  0.00  0.00  1.00  0.00  0.00  0.00  1.00  0.00
  1_2_b_6                 1.00   0.00  0.00  0.00  1.00  0.00  0.00  0.00  1.00  0.00
  TWT5                    1.00   0.00  0.00  0.00  1.00  0.00  0.00  0.00  0.00  0.00
  1_4_a                   1.00   0.00  0.00  0.00  1.00  0.00  0.00  0.00  0.00  0.00
  TWT6                    1.00   0.00  0.00  0.00  1.00  0.00  0.00  0.00  0.00  0.00
  1_4_b                   1.00   0.00  1.00  0.00  0.00  0.00  0.00  0.00  0.00  0.00
  TWT7                    1.00   0.00  1.00  0.00  0.00  0.00  0.00  0.00  0.00  0.00
  1_5_a                   1.00   0.00  1.00  0.00  0.00  0.00  0.00  0.00  0.00  0.00
  1_6_a_1                 1.00   0.00  0.00  0.00  1.00  0.00  0.00  0.00  0.00  0.00
  1_7_a                   1.00   0.00  0.00  0.00  0.00  1.00  0.00  0.00  0.00  0.00
  1_7_a_                  1.00   0.00  0.00  0.00  0.00  1.00  0.00  0.00  1.00  0.00
  1_7_a__                 1.00   0.00  0.00  0.00  0.00  1.00  0.00  0.00  0.00  0.00
  1_7_a_1                 1.00   0.00  0.00  0.00  0.00  1.00  0.00  0.00  0.00  0.00
  1_8_a                   1.00   0.00  0.00  0.00  1.00  0.00  0.00  0.00  0.00  0.00
  
  
  *************************
  Conduit Surcharge Summary
  *************************
  
  ----------------------------------------------------------------------------
                                                           Hours        Hours 
                         --------- Hours Full --------   Above Full   Capacity
  Conduit                Both Ends  Upstream  Dnstream   Normal Flow   Limited
  ----------------------------------------------------------------------------
  Brunn_Fassung_L             0.01      0.01     24.00      0.01         0.01
  11                         23.99     23.99     23.99      0.02         0.01
  14                         23.99     23.99     23.99     23.99         0.01
  16                         24.00     24.00     24.00     23.99        23.99
  17                         24.00     24.00     24.00      0.01         0.01
  26                         23.99     23.99     23.99      0.01         0.01
  27                         23.85     23.85     23.96      0.01         0.01
  Schuettstein_L              0.01      0.01     23.98      0.01         0.01
  Brunnmuehle_L              24.00     24.00     24.00      0.01         0.01
  35                          0.01      0.01     23.85      0.01         0.01
  46                         24.00     24.00     24.00      0.01         0.01
  47                         24.00     24.00     24.00     24.00        24.00
  50                         23.98     23.98     23.98      0.01         0.01
  51                         23.96     23.96     24.00      0.01         0.01
  53                         24.00     24.00     24.00      0.01         0.01
  61                         23.98     23.98     23.99      0.01         0.01
  63                          0.01     23.97      0.01      0.01         0.01
  66                         23.90     23.97     23.90     23.96        23.90
  67                         23.99     23.99     24.00      0.01         0.01
  Amont_L                    24.00     24.00     24.00      0.01         0.01
  69                         23.91     23.91     24.00      0.01         0.01
  70                         23.91     23.91     24.00      0.01         0.01
  71                         23.98     23.98     23.99      0.01         0.01
  72                          0.01     23.97      0.01     23.97         0.01
  Sauser_L                    0.01      0.01     24.00      0.01         0.01
  75                          0.01     23.96      0.01      0.01         0.01
  Entw_Sto_L                  0.01     23.86      0.01     23.86         0.01
  4                          23.86     23.97     23.86     23.87        23.86
  5                          23.86     23.86     24.00      0.01         0.01
  6                           0.01      0.01     24.00      0.01         0.01
  7                          23.99     23.99     24.00      0.01         0.01
  Brunn_Teich_L               0.01      0.01     23.98      0.01         0.01
  9                           0.01      0.01     23.98      0.01         0.01
  12                         23.98     23.98     23.98      0.01         0.01
  15                         23.98     23.98     23.99      0.01         0.01
  18                         23.98     23.98     23.98      0.01         0.01
  19                         23.97     23.97     23.98      0.01         0.01
  21                          0.01      0.01     23.96      0.01         0.01
  23                          0.01     23.90      0.01      0.01         0.01
  25                         23.85     23.85     23.99      0.01         0.01
  33                         23.95     23.95     23.96      0.01         0.01
  13                         23.98     23.98     24.00      0.01         0.01
  22                         23.98     23.98     24.00      0.01         0.01
  24                         23.93     23.93     24.00      0.01         0.01
  30                         23.93     23.93     24.00      0.01         0.01
  34                          0.01      0.01     23.99      0.01         0.01
  38                         23.88     23.88     23.92      0.01         0.01
  48                          0.01      0.01     23.87      0.01         0.01
  1_2_b_1                    23.95     24.00     23.95     23.99        23.95
  1_2_b_2                     0.01      0.01     23.95      0.01         0.01
  1_2_b_6                     0.01      0.01     23.95      0.01         0.01
  1_6_a_1                    23.89     23.89     24.00      0.01         0.01
  1_7_a                       0.01      0.01      0.01     23.86         0.01
  1_7_a__                     0.01      0.01     24.00      0.01         0.01
  1_7_a_1                     0.01      0.01     24.00     23.99         0.01
  

  Analysis begun on:  Thu Aug 20 13:10:38 2026
  Analysis ended on:  Thu Aug 20 13:10:40 2026
  Total elapsed time: 00:00:02