
  EPA STORM WATER MANAGEMENT MODEL - VERSION 5.2 (Build 5.2.4)
  ------------------------------------------------------------

  Brunnmuehle (Twann) 
  WARNING 08: elevation drop exceeds length for Conduit SS3_L
  WARNING 08: elevation drop exceeds length for Conduit SS6_L
  WARNING 08: elevation drop exceeds length for Conduit 2
  WARNING 08: elevation drop exceeds length for Conduit 3
  WARNING 08: elevation drop exceeds length for Conduit 68
  WARNING 08: elevation drop exceeds length for Conduit 1_2_b_
  WARNING 08: elevation drop exceeds length for Conduit 1_2_b_2
  WARNING 08: elevation drop exceeds length for Conduit 1_4_b
  WARNING 08: elevation drop exceeds length for Conduit 1_5_a
  WARNING 02: maximum depth increased for Node 2
  
  ****************
  Analysis Options
  ****************
  Flow Units ............... CMS
  Process Models:
    Rainfall/Runoff ........ NO
    RDII ................... NO
    Snowmelt ............... NO
    Groundwater ............ NO
    Flow Routing ........... YES
    Ponding Allowed ........ NO
    Water Quality .......... NO
  Flow Routing Method ...... DYNWAVE
  Surcharge Method ......... EXTRAN
  Starting Date ............ 01/01/2000 00:00:00
  Ending Date .............. 01/02/2000 00:00:00
  Antecedent Dry Days ...... 0.0
  Report Time Step ......... 01:00:00
  Routing Time Step ........ 0.50 sec
  Variable Time Step ....... YES
  Maximum Trials ........... 8
  Number of Threads ........ 1
  Head Tolerance ........... 0.001500 m
  
  
  **************************        Volume        Volume
  Flow Routing Continuity        hectare-m      10^6 ltr
  **************************     ---------     ---------
  Dry Weather Inflow .......         0.000         0.000
  Wet Weather Inflow .......         0.000         0.000
  Groundwater Inflow .......         0.000         0.000
  RDII Inflow ..............         0.000         0.000
  External Inflow ..........       195.026      1950.277
  External Outflow .........       186.137      1861.392
  Flooding Loss ............         0.000         0.000
  Evaporation Loss .........         0.000         0.000
  Exfiltration Loss ........         0.000         0.000
  Initial Stored Volume ....         0.056         0.561
  Final Stored Volume ......         0.385         3.846
  Continuity Error (%) .....         4.388
  
  
  *************************
  Highest Continuity Errors
  *************************
  Node TWT_Acces_LT_60+110 (71.36%)
  Node TWT_Intersection_Sonsto_60+345 (-47.04%)
  Node 2 (42.72%)
  Node TWT_Fensterstollen_60+375 (6.69%)
  Node Syst_Est_interm (-1.52%)
  
  
  ***************************
  Time-Step Critical Elements
  ***************************
  Link 20 (16347.92%)
  Link 1_2_b_2 (8.90%)
  
  
  ********************************
  Highest Flow Instability Indexes
  ********************************
  All links are stable.
  
  
  *********************************
  Most Frequent Nonconverging Nodes
  *********************************
  Node Brunnm_Fassung (56.72%)
  Node Brunnmuehle(Teich) (56.72%)
  Node Fensterstollen (56.72%)
  Node Gischeren (56.72%)
  Node Schuettstein (56.72%)
  
  
  *************************
  Routing Time Step Summary
  *************************
  Minimum Time Step           :     0.50 sec
  Average Time Step           :     0.50 sec
  Maximum Time Step           :     0.50 sec
  % of Time in Steady State   :    99.39
  Average Iterations per Step :     6.89
  % of Steps Not Converging   :    56.72
  Time Step Frequencies       :
      0.500 -  0.500 sec      :   100.00 %
      0.500 -  0.500 sec      :     0.00 %
      0.500 -  0.500 sec      :     0.00 %
      0.500 -  0.500 sec      :     0.00 %
      0.500 -  0.500 sec      :     0.00 %
  
  
  ******************
  Node Depth Summary
  ******************
  
  ---------------------------------------------------------------------------------
                                 Average  Maximum  Maximum  Time of Max    Reported
                                   Depth    Depth      HGL   Occurrence   Max Depth
  Node                 Type       Meters   Meters   Meters  days hr:min      Meters
  ---------------------------------------------------------------------------------
  9                    JUNCTION    55.21    69.14   507.64     0  00:00       55.24
  Holiloch_sonde       JUNCTION    46.98    62.66   502.66     0  00:00       47.00
  11                   JUNCTION    62.90    65.82   475.82     0  00:02       62.92
  13                   JUNCTION    88.50    90.15   528.15     0  00:02       88.53
  21                   JUNCTION    44.55    46.39   446.39     0  00:02       44.56
  SonSto_F             JUNCTION     0.19     0.22   438.02     0  00:06        0.19
  Sondierstollen       JUNCTION     0.00     0.00   440.80     0  00:00        0.00
  Aval_Trappe          JUNCTION     0.35     0.38   437.98     0  00:06        0.35
  30                   JUNCTION     0.31     0.34   437.64     0  00:06        0.31
  Gischeren_node       JUNCTION     4.00     4.02   480.52     0  00:06        4.02
  34                   JUNCTION    22.08    23.59   443.59     0  00:02       22.09
  38                   JUNCTION    29.80    32.30   452.30     0  00:02       29.81
  SS6                  JUNCTION     0.07     0.07   448.07     0  00:02        0.07
  40                   JUNCTION    57.57    60.61   479.61     0  00:00       57.60
  41                   JUNCTION    88.19    90.19   527.69     0  00:00       88.22
  SondeSchuettstein    JUNCTION    26.83    28.31   487.31     0  00:00       26.84
  SS4                  JUNCTION     0.09     0.09   448.09     0  00:06        0.09
  47                   JUNCTION    15.74    20.85   485.75     0  00:00       15.75
  48                   JUNCTION    13.88    15.04   486.04     0  00:00       13.88
  SondeGischeren       JUNCTION    15.51    15.56   480.56     0  00:08       15.54
  49                   JUNCTION    16.88    18.82   484.82     0  00:02       16.90
  50                   JUNCTION     8.87     8.90   471.90     0  00:07        8.89
  51                   JUNCTION   107.27   108.91   528.91     0  00:02      107.30
  Amont_C              JUNCTION   111.99   113.63   531.63     0  00:02      112.02
  52                   JUNCTION    28.88    55.93   512.93     0  00:02       28.93
  53                   JUNCTION    53.63    55.41   522.41     0  00:06       53.74
  54                   JUNCTION    53.51    55.81   518.81     0  00:06       53.73
  56                   JUNCTION     7.62     9.20   439.20     0  00:00        7.62
  2                    JUNCTION     0.14     0.14   438.14     0  00:08        0.14
  4                    JUNCTION     9.29    10.38   438.38     0  00:00        9.29
  5                    JUNCTION     6.74     6.78   479.28     0  00:02        6.74
  6                    JUNCTION    25.09    30.83   488.83     0  00:00       25.11
  7                    JUNCTION     4.22     4.24   479.24     0  00:02        4.22
  SS3                  JUNCTION     0.08     0.08   448.08     0  00:08        0.08
  SS5                  JUNCTION     0.72     0.72   439.62     0  00:06        0.72
  8                    JUNCTION     6.81     6.83   480.83     0  00:08        6.83
  10                   JUNCTION    14.89    16.87   484.87     0  00:02       14.90
  SonSto_SS5           JUNCTION     0.19     0.20   439.50     0  00:06        0.19
  SonSto_SS3           JUNCTION     0.10     0.10   439.80     0  00:07        0.10
  SonSto_SS4           JUNCTION     0.21     0.22   439.62     0  00:06        0.21
  Amont_Trappe         JUNCTION     0.27     0.32   438.02     0  00:06        0.27
  SonSto_SS6           JUNCTION     0.17     0.18   438.88     0  00:06        0.17
  SS2                  JUNCTION     0.00     0.00   448.00     0  00:00        0.00
  SonSto_SS2           JUNCTION     0.00     0.00   441.50     0  00:00        0.00
  12                   JUNCTION    54.61    55.83   504.83     0  00:02       54.64
  14                   JUNCTION    44.02    55.81   520.81     0  00:00       44.05
  15                   JUNCTION     0.53     0.53   472.53     0  00:02        0.53
  TWT_PointHaut_60+650 JUNCTION     0.00     0.00   438.50     0  00:00        0.00
  TWT_Fensterstollen_60+375 JUNCTION     0.74     0.74   438.04     0  00:08        0.74
  TWT_Acces_LT_60+110  JUNCTION     0.45     0.45   437.95     0  00:08        0.45
  TWT_Liaison_LT_59+738 JUNCTION     0.00     0.00   450.60     0  00:00        0.00
  Syst_Est_amont       JUNCTION     1.00    98.60   528.60     0  00:08        1.00
  Syst_Est_interm      JUNCTION    19.66    40.17   450.17     0  00:08       19.76
  TWT_Branche_Est_Sonsto_60+540 JUNCTION     0.00     0.00   442.40     0  00:00        0.00
  TWT_Intersection_Sonsto_60+345 JUNCTION     1.02     1.04   438.04     0  00:08        1.03
  TWT_Chrosweg_61+140  JUNCTION     0.00     0.00   432.00     0  00:00        0.00
  SonSto_F_sup         JUNCTION     0.07     0.07   448.07     0  00:03        0.07
  SonSto_porte         JUNCTION     0.00     0.00   438.50     0  00:00        0.00
  Brunnm_Fassung       OUTFALL      0.12     0.12   433.92     0  00:02        0.12
  Brunnmuehle(Teich)   OUTFALL      0.27     0.27   435.77     0  00:02        0.27
  Fensterstollen       OUTFALL      0.31     0.31   437.31     0  00:08        0.31
  Gischeren            OUTFALL      0.26     0.26   480.26     0  00:06        0.26
  Schuettstein         OUTFALL      0.34     0.34   477.89     0  00:02        0.34
  Holiloch             OUTFALL      2.10     2.12   478.62     0  00:02        2.10
  Sauserquelle         OUTFALL      0.48     0.48   436.03     0  00:02        0.48
  Entw_Stollen         OUTFALL      0.14     0.14   436.64     0  00:08        0.14
  Sous_lacustre        OUTFALL      0.12     0.12   429.32     0  00:02        0.12
  Sous_ecoul.          OUTFALL      0.00     0.00   433.00     0  00:02        0.00
  Syst_Est_aval        OUTFALL      0.47     0.51   429.51     0  00:07        0.47
  TWT_Portail_Est_61+665 OUTFALL      0.00     0.00   421.60     0  00:00        0.00
  
  
  *******************
  Node Inflow Summary
  *******************
  
  -------------------------------------------------------------------------------------------------
                                  Maximum  Maximum                  Lateral       Total        Flow
                                  Lateral    Total  Time of Max      Inflow      Inflow     Balance
                                   Inflow   Inflow   Occurrence      Volume      Volume       Error
  Node                 Type           CMS      CMS  days hr:min    10^6 ltr    10^6 ltr     Percent
  -------------------------------------------------------------------------------------------------
  9                    JUNCTION         0     19.7     0  00:00           0    1.29e+03       0.011
  Holiloch_sonde       JUNCTION         0     17.5     0  00:00           0    1.22e+03       0.013
  11                   JUNCTION         0    0.336     0  00:01           0        28.6       0.001
  13                   JUNCTION         0     21.4     0  00:00           0    1.61e+03       0.008
  21                   JUNCTION         0    0.576     0  00:02           0        48.9       0.001
  SonSto_F             JUNCTION         0     1.53     0  00:06           0         129       0.015
  Sondierstollen       JUNCTION         0        0     0  00:00           0           0       0.000 ltr
  Aval_Trappe          JUNCTION         0     2.23     0  00:07           0         191       0.066
  30                   JUNCTION         0     2.29     0  00:07           0         197      -0.137
  Gischeren_node       JUNCTION         0    0.836     0  00:05           0        68.7       0.030
  34                   JUNCTION         0    0.534     0  00:02           0        45.1       0.001
  38                   JUNCTION         0    0.318     0  00:01           0        25.8      -0.000
  SS6                  JUNCTION         0    0.177     0  00:02           0        14.5      -0.003
  40                   JUNCTION         0     2.26     0  00:02           0         194      -0.000
  41                   JUNCTION         0     5.85     0  00:00           0        80.8      -0.004
  SondeSchuettstein    JUNCTION         0     1.07     0  00:00           0        80.8       0.005
  SS4                  JUNCTION         0    0.173     0  00:06           0        14.8      -0.001
  47                   JUNCTION         0     14.5     0  00:00           0    1.21e+03       0.024
  48                   JUNCTION         0     0.97     0  00:00           0        80.8       0.009
  SondeGischeren       JUNCTION         0    0.573     0  00:02           0        39.3       0.062
  49                   JUNCTION         0     1.24     0  00:01           0        14.5      -0.252
  50                   JUNCTION         0    0.183     0  00:02           0        13.6       0.018
  51                   JUNCTION         0     38.2     0  00:00           0    1.86e+03      -0.001
  Amont_C              JUNCTION      21.5     46.6     0  00:00    1.86e+03    1.86e+03       0.017
  52                   JUNCTION         0    0.377     0  00:02           0        23.1       0.094
  53                   JUNCTION         0    0.622     0  00:00           0        18.2       0.067
  54                   JUNCTION         0    0.508     0  00:06           0        18.2       0.602
  56                   JUNCTION         0     1.84     0  00:02           0         157       0.000
  2                    JUNCTION         0   0.0708     0  00:08           0         6.1      74.575
  4                    JUNCTION         0    0.493     0  00:02           0        41.5       0.014
  5                    JUNCTION         0     14.3     0  00:02           0    1.21e+03      -0.014
  6                    JUNCTION         0     15.9     0  00:00           0    1.22e+03       0.001
  7                    JUNCTION         0     14.9     0  00:01           0    1.21e+03       0.022
  SS3                  JUNCTION         0    0.158     0  00:07           0        13.6       0.005
  SS5                  JUNCTION         0     0.54     0  00:06           0        45.2       0.012
  8                    JUNCTION         0    0.991     0  00:03           0        82.5       0.148
  10                   JUNCTION         0     1.03     0  00:01           0        14.6       0.734
  SonSto_SS5           JUNCTION         0    0.759     0  00:06           0        64.8       0.001
  SonSto_SS3           JUNCTION         0    0.158     0  00:08           0        13.6       0.012
  SonSto_SS4           JUNCTION         0     0.33     0  00:06           0        28.4      -0.006
  Amont_Trappe         JUNCTION         0     1.52     0  00:07           0         122       0.021
  SonSto_SS6           JUNCTION         0    0.934     0  00:06           0        79.3       0.001
  SS2                  JUNCTION         0        0     0  00:00           0           0       0.000 ltr
  SonSto_SS2           JUNCTION         0        0     0  00:00           0           0       0.000 ltr
  12                   JUNCTION         0    0.505     0  00:00           0        26.9       0.015
  14                   JUNCTION         0     3.03     0  00:00           0         157       0.030
  15                   JUNCTION         0    0.731     0  00:02           0        61.5      -0.030
  TWT_PointHaut_60+650 JUNCTION         0        0     0  00:00           0           0       0.000 ltr
  TWT_Fensterstollen_60+375 JUNCTION         0     1.93     0  00:06           0        73.3       7.167
  TWT_Acces_LT_60+110  JUNCTION         0     1.67     0  00:08           0         144     249.185
  TWT_Liaison_LT_59+738 JUNCTION         0        0     0  00:00           0           0       0.000 ltr
  Syst_Est_amont       JUNCTION      1.08     1.08     0  00:00        92.9        92.9      -2.256
  Syst_Est_interm      JUNCTION         0     1.32     0  00:08           0          95      -1.497
  TWT_Branche_Est_Sonsto_60+540 JUNCTION         0        0     0  00:00           0           0       0.000 ltr
  TWT_Intersection_Sonsto_60+345 JUNCTION         0     2.58     0  00:05           0        41.5     -31.993
  TWT_Chrosweg_61+140  JUNCTION         0        0     0  00:00           0           0       0.000 ltr
  SonSto_F_sup         JUNCTION         0    0.713     0  00:03           0        61.5       0.001
  SonSto_porte         JUNCTION         0        0     0  00:00           0           0       0.000 ltr
  Brunnm_Fassung       OUTFALL          0   0.0443     0  00:02           0        3.62       0.000
  Brunnmuehle(Teich)   OUTFALL          0    0.489     0  00:02           0          41       0.000
  Fensterstollen       OUTFALL          0     2.29     0  00:08           0         197       0.000
  Gischeren            OUTFALL          0      0.8     0  00:06           0        68.7       0.000
  Schuettstein         OUTFALL          0    0.951     0  00:02           0        80.8       0.000
  Holiloch             OUTFALL          0     14.2     0  00:02           0    1.21e+03       0.000
  Sauserquelle         OUTFALL          0     1.84     0  00:02           0         157       0.000
  Entw_Stollen         OUTFALL          0   0.0406     0  00:08           0         3.5       0.000
  Sous_lacustre        OUTFALL          0   0.0448     0  00:02           0        3.72       0.000
  Sous_ecoul.          OUTFALL          0  0.00681     0  00:02           0       0.546       0.000
  Syst_Est_aval        OUTFALL          0     1.32     0  00:07           0        96.5       0.000
  TWT_Portail_Est_61+665 OUTFALL          0        0     0  00:00           0           0       0.000 ltr
  
  
  **********************
  Node Surcharge Summary
  **********************
  
  Surcharging occurs when water rises above the top of the highest conduit.
  ---------------------------------------------------------------------
                                               Max. Height   Min. Depth
                                   Hours       Above Crown    Below Rim
  Node                 Type      Surcharged         Meters       Meters
  ---------------------------------------------------------------------
  9                    JUNCTION       23.99         67.338       30.862
  Holiloch_sonde       JUNCTION       23.99         60.760      137.340
  11                   JUNCTION       24.00         65.364       84.176
  13                   JUNCTION       23.99         87.147      309.853
  21                   JUNCTION       24.00         45.791      103.609
  34                   JUNCTION       24.00         22.992       76.408
  38                   JUNCTION       24.00         31.696      117.704
  40                   JUNCTION       24.00         56.609       39.391
  41                   JUNCTION       23.99         89.340      159.810
  SondeSchuettstein    JUNCTION       23.99         27.506        0.000
  47                   JUNCTION       23.99         18.950       79.150
  48                   JUNCTION       23.99         14.242       84.958
  SondeGischeren       JUNCTION       23.96         14.363       84.437
  49                   JUNCTION       23.97         10.824      181.176
  50                   JUNCTION       23.96          8.595      191.105
  51                   JUNCTION       24.00        104.913      291.087
  Amont_C              JUNCTION       24.00        110.631      286.369
  52                   JUNCTION       23.96         55.533       44.067
  53                   JUNCTION       23.98         50.406      144.594
  54                   JUNCTION       23.90         50.809      144.191
  56                   JUNCTION       24.00          8.201       90.799
  4                    JUNCTION       23.99          9.732       89.618
  5                    JUNCTION       23.98          1.776       43.224
  6                    JUNCTION       23.99         25.830      169.170
  8                    JUNCTION       23.92          1.829      193.171
  10                   JUNCTION       23.97          8.871      183.129
  12                   JUNCTION       23.99         55.483      144.167
  14                   JUNCTION       23.98         51.812      144.188
  Syst_Est_amont       JUNCTION        0.01         97.604        1.396
  Syst_Est_interm      JUNCTION       23.87         38.667       59.833
  
  
  *********************
  Node Flooding Summary
  *********************
  
  No nodes were flooded.
  
  
  ***********************
  Outfall Loading Summary
  ***********************
  
  -----------------------------------------------------------
                         Flow       Avg       Max       Total
                         Freq      Flow      Flow      Volume
  Outfall Node           Pcnt       CMS       CMS    10^6 ltr
  -----------------------------------------------------------
  Brunnm_Fassung        99.96    0.0419    0.0443       3.615
  Brunnmuehle(Teich)    99.96     0.474     0.489      40.970
  Fensterstollen        99.95      2.28      2.29     196.852
  Gischeren             99.63     0.798       0.8      68.711
  Schuettstein          99.95     0.935     0.951      80.754
  Holiloch              99.92        14      14.2    1209.105
  Sauserquelle          99.98      1.82      1.84     157.154
  Entw_Stollen          99.97    0.0405    0.0406       3.497
  Sous_lacustre         99.99    0.0431    0.0448       3.721
  Sous_ecoul.           99.96   0.00633   0.00681       0.546
  Syst_Est_aval         99.47      1.12      1.32      96.457
  TWT_Portail_Est_61+665   0.00         0         0       0.000
  -----------------------------------------------------------
  System                91.56      21.6      21.7    1861.384
  
  
  ********************
  Link Flow Summary
  ********************
  
  -----------------------------------------------------------------------------
                                 Maximum  Time of Max   Maximum    Max/    Max/
                                  |Flow|   Occurrence   |Veloc|    Full    Full
  Link                 Type          CMS  days hr:min     m/sec    Flow   Depth
  -----------------------------------------------------------------------------
  Brunn_Fassung_L      CONDUIT    0.0443     0  00:02      1.78    0.73    0.82
  11                   CONDUIT      17.5     0  00:00      9.15    2.62    1.00
  14                   CONDUIT      19.7     0  00:00     13.41   10.74    1.00
  16                   CONDUIT     0.336     0  00:01      3.93    2.34    1.00
  17                   CONDUIT     0.318     0  00:01      1.13    0.54    1.00
  26                   CONDUIT      5.85     0  00:00     10.37    7.92    1.00
  27                   CONDUIT    0.0733     0  00:07      1.98    0.94    1.00
  Gischeren_L          CONDUIT       0.8     0  00:06      1.11    0.10    0.61
  Schuettstein_L       CONDUIT     0.951     0  00:02      5.39    0.81    0.84
  Brunnmuehle_L        CONDUIT     0.534     0  00:02      1.89    0.25    1.00
  32                   CONDUIT         0     0  00:00      0.00    0.00    0.00
  35                   CONDUIT     0.402     0  00:03      0.49    0.07    1.00
  45                   CONDUIT     0.955     0  00:06      6.19    0.01    0.07
  46                   CONDUIT      1.84     0  00:02      6.49    1.83    1.00
  47                   CONDUIT     0.146     0  00:00      3.84    9.11    1.00
  50                   CONDUIT      0.97     0  00:00      3.66    0.18    1.00
  51                   CONDUIT     0.425     0  00:02      4.42    1.19    1.00
  53                   CONDUIT     0.318     0  00:01      1.91    1.62    1.00
  Fenster_L            CONDUIT      2.29     0  00:08      5.91    0.02    0.10
  58                   CONDUIT      2.22     0  00:07      5.21    0.03    0.12
  59                   CONDUIT     0.766     0  00:06      4.23    0.01    0.06
  61                   CONDUIT      1.07     0  00:00      5.22    1.50    1.00
  63                   CONDUIT     0.177     0  00:02      2.43    0.79    0.52
  66                   CONDUIT     0.183     0  00:02      2.82    2.40    1.00
  67                   CONDUIT      21.4     0  00:00      5.56    0.21    1.00
  Amont_L              CONDUIT      38.2     0  00:00      5.40    2.07    1.00
  69                   CONDUIT     0.377     0  00:02      3.17    1.47    1.00
  70                   CONDUIT     0.269     0  00:02      2.14    0.83    1.00
  71                   CONDUIT     0.622     0  00:00      2.61    1.10    1.00
  72                   CONDUIT     0.508     0  00:06      2.36    2.41    1.00
  Sauser_L             CONDUIT      1.84     0  00:02      2.95    0.47    0.74
  75                   CONDUIT     0.173     0  00:06      4.97    1.75    0.68
  Entw_Sto_L           CONDUIT    0.0406     0  00:08      1.92    0.94    0.77
  4                    CONDUIT     0.038     0  00:08      1.54    1.70    0.87
  5                    CONDUIT    0.0328     0  00:08      1.40    1.17    0.89
  6                    CONDUIT    0.0448     0  00:02      1.66    0.67    0.80
  7                    CONDUIT     0.493     0  00:02      2.51    0.76    1.00
  Brunn_Teich_L        CONDUIT     0.489     0  00:02      1.94    0.37    0.71
  9                    CONDUIT   0.00681     0  00:02      1.71    0.00    0.51
  12                   CONDUIT      14.3     0  00:02      7.44    0.29    1.00
  15                   CONDUIT      15.9     0  00:00      7.56    0.41    1.00
  18                   CONDUIT      14.5     0  00:00      7.16    0.58    1.00
  19                   CONDUIT      1.24     0  00:01      1.61    1.18    1.00
  20                   CONDUIT      1.59     0  00:07      7.04    0.13    0.34
  21                   CONDUIT      14.9     0  00:01      1.32    0.10    0.92
  Hooliloch_L          CONDUIT      14.2     0  00:02      1.96    0.28    0.76
  23                   CONDUIT     0.158     0  00:07      3.37    0.99    0.63
  25                   CONDUIT     0.991     0  00:03      3.41    0.81    1.00
  28                   CONDUIT     0.158     0  00:07      1.17    0.00    0.05
  29                   CONDUIT     0.231     0  00:06      1.11    0.01    0.07
  31                   CONDUIT     0.569     0  00:04      0.89    0.35    0.90
  33                   CONDUIT      1.03     0  00:01      0.95    0.39    1.00
  37                   CONDUIT      0.53     0  00:06      0.78    0.01    0.15
  SS3_L                CONDUIT     0.158     0  00:08      3.22    0.00    0.05
  40                   CONDUIT      1.52     0  00:07      2.81    0.01    0.07
  SS6_L                CONDUIT     0.177     0  00:02      2.39    0.00    0.06
  1                    CONDUIT         0     0  00:00      0.00    0.00    0.02
  2                    CONDUIT         0     0  00:00      0.00    0.00    0.00
  3                    CONDUIT     0.173     0  00:06      2.77    0.02    0.15
  10                   CONDUIT     0.129     0  00:01      0.29    0.00    0.16
  13                   CONDUIT     0.505     0  00:00      5.92    1.09    1.00
  22                   CONDUIT     0.362     0  00:00      3.76    0.90    1.00
  24                   CONDUIT      3.03     0  00:00      4.33    0.00    1.00
  30                   CONDUIT      1.83     0  00:02      2.54    0.77    1.00
  34                   CONDUIT     0.731     0  00:02      3.16    0.82    0.98
  36                   CONDUIT     0.713     0  00:03      5.84    0.76    0.55
  38                   CONDUIT     0.573     0  00:02      3.10    0.21    1.00
  48                   CONDUIT      1.32     0  00:08      2.61    0.89    1.00
  54                   CONDUIT      1.32     0  00:07      1.08    0.25    0.66
  68                   CONDUIT     0.573     0  00:03      9.17    0.00    0.05
  73                   CONDUIT         0     0  00:00      0.00    0.00    0.03
  TWT1                 CONDUIT         0     0  00:00      0.00    0.00    0.00
  TWT2                 CONDUIT         0     0  00:00      0.00    0.00    0.00
  TWT3                 CONDUIT         0     0  00:00      0.00    0.00    0.00
  TWT4                 CONDUIT         0     0  00:00      0.00    0.00    0.05
  1_2_b_               CONDUIT         0     0  00:00      0.00    0.00    0.00
  1_2_b_2              CONDUIT      0.14     0  00:03      7.20    0.04    0.57
  TWT5                 CONDUIT      1.39     0  00:06      2.26    0.00    0.11
  1_4_a                CONDUIT     0.794     0  00:08      4.07    0.01    0.18
  TWT6                 CONDUIT      1.55     0  00:06      1.32    0.00    0.09
  1_4_b                CONDUIT         0     0  00:00      0.00    0.00    0.17
  TWT7                 CONDUIT         0     0  00:00      0.00    0.00    0.03
  1_5_a                CONDUIT         0     0  00:00      0.00    0.00    0.03
  1_6_a_2              CONDUIT      1.67     0  00:08     11.05   13.19    0.95
  
  
  ***************************
  Flow Classification Summary
  ***************************
  
  -------------------------------------------------------------------------------------
                      Adjusted    ---------- Fraction of Time in Flow Class ---------- 
                       /Actual         Up    Down  Sub   Sup   Up    Down  Norm  Inlet 
  Conduit               Length    Dry  Dry   Dry   Crit  Crit  Crit  Crit  Ltd   Ctrl  
  -------------------------------------------------------------------------------------
  Brunn_Fassung_L         1.00   0.00  0.00  0.00  0.00  1.00  0.00  0.00  0.00  0.00
  11                      1.00   0.00  0.00  0.00  1.00  0.00  0.00  0.00  0.00  0.00
  14                      1.00   0.00  0.00  0.00  1.00  0.00  0.00  0.00  0.00  0.00
  16                      1.00   0.00  0.00  0.00  1.00  0.00  0.00  0.00  0.00  0.00
  17                      1.00   0.00  0.00  0.00  1.00  0.00  0.00  0.00  0.00  0.00
  26                      1.00   0.00  0.00  0.00  1.00  0.00  0.00  0.00  0.00  0.00
  27                      1.00   0.00  0.00  0.00  0.00  1.00  0.00  0.00  0.00  0.00
  Gischeren_L             1.00   0.00  0.00  0.00  1.00  0.00  0.00  0.00  0.00  0.00
  Schuettstein_L          1.00   0.00  0.00  0.00  0.00  1.00  0.00  0.00  0.00  0.00
  Brunnmuehle_L           1.00   0.00  0.00  0.00  1.00  0.00  0.00  0.00  0.00  0.00
  32                      1.00   1.00  0.00  0.00  0.00  0.00  0.00  0.00  0.00  0.00
  35                      1.00   0.00  0.00  0.00  1.00  0.00  0.00  0.00  0.00  0.00
  45                      1.00   0.00  0.00  0.00  0.00  1.00  0.00  0.00  1.00  0.00
  46                      1.00   0.00  0.00  0.00  1.00  0.00  0.00  0.00  0.00  0.00
  47                      1.00   0.00  0.00  0.00  1.00  0.00  0.00  0.00  0.00  0.00
  50                      1.00   0.00  0.00  0.00  1.00  0.00  0.00  0.00  0.00  0.00
  51                      1.00   0.00  0.00  0.00  1.00  0.00  0.00  0.00  0.00  0.00
  53                      1.00   0.00  0.00  0.00  1.00  0.00  0.00  0.00  0.00  0.00
  Fenster_L               1.00   0.00  0.00  0.00  0.00  1.00  0.00  0.00  0.00  0.00
  58                      1.00   0.00  0.00  0.00  0.00  1.00  0.00  0.00  0.99  0.00
  59                      1.00   0.00  0.00  0.00  0.00  1.00  0.00  0.00  0.00  0.00
  61                      1.00   0.00  0.00  0.00  1.00  0.00  0.00  0.00  0.00  0.00
  63                      1.00   0.00  0.00  0.00  1.00  0.00  0.00  0.00  0.00  0.00
  66                      1.00   0.00  0.00  0.00  1.00  0.00  0.00  0.00  0.00  0.00
  67                      1.00   0.00  0.00  0.00  1.00  0.00  0.00  0.00  0.00  0.00
  Amont_L                 1.00   0.00  0.00  0.00  1.00  0.00  0.00  0.00  0.00  0.00
  69                      1.00   0.00  0.00  0.00  1.00  0.00  0.00  0.00  0.00  0.00
  70                      1.00   0.00  0.00  0.00  1.00  0.00  0.00  0.00  0.00  0.00
  71                      1.00   0.00  0.00  0.00  1.00  0.00  0.00  0.00  0.00  0.00
  72                      1.00   0.00  0.00  0.00  1.00  0.00  0.00  0.00  0.00  0.00
  Sauser_L                1.00   0.00  0.00  0.00  0.00  1.00  0.00  0.00  0.00  0.00
  75                      1.00   0.00  0.00  0.00  0.00  1.00  0.00  0.00  0.00  0.00
  Entw_Sto_L              1.00   0.00  0.00  0.00  0.00  1.00  0.00  0.00  0.00  0.00
  4                       1.00   0.00  0.00  0.00  0.00  1.00  0.00  0.00  0.00  0.00
  5                       1.00   0.00  0.00  0.00  0.99  0.01  0.00  0.00  0.00  0.00
  6                       1.00   0.00  0.00  0.00  0.00  1.00  0.00  0.00  0.00  0.00
  7                       1.00   0.00  0.00  0.00  1.00  0.00  0.00  0.00  0.00  0.00
  Brunn_Teich_L           1.00   0.00  0.00  0.00  1.00  0.00  0.00  0.00  0.00  0.00
  9                       1.00   0.00  0.00  0.00  0.00  1.00  0.00  0.00  0.00  0.00
  12                      1.00   0.00  0.00  0.00  1.00  0.00  0.00  0.00  0.00  0.00
  15                      1.00   0.00  0.00  0.00  1.00  0.00  0.00  0.00  0.00  0.00
  18                      1.00   0.00  0.00  0.00  1.00  0.00  0.00  0.00  0.00  0.00
  19                      1.00   0.00  0.00  0.00  1.00  0.00  0.00  0.00  0.00  0.00
  20                      1.00   0.00  0.00  0.00  0.00  1.00  0.00  0.00  0.00  0.00
  21                      1.00   0.00  0.00  0.00  1.00  0.00  0.00  0.00  0.00  0.00
  Hooliloch_L             1.00   0.00  0.00  0.00  1.00  0.00  0.00  0.00  0.00  0.00
  23                      1.00   0.00  0.00  0.00  0.00  1.00  0.00  0.00  0.00  0.00
  25                      1.00   0.00  0.00  0.00  1.00  0.00  0.00  0.00  0.00  0.00
  28                      1.00   0.00  0.00  0.00  0.00  1.00  0.00  0.00  1.00  0.00
  29                      1.00   0.00  0.00  0.00  1.00  0.00  0.00  0.00  0.00  0.00
  31                      1.00   0.00  0.00  0.00  1.00  0.00  0.00  0.00  0.00  0.00
  33                      1.00   0.00  0.00  0.00  1.00  0.00  0.00  0.00  0.00  0.00
  37                      1.00   0.00  0.00  0.00  1.00  0.00  0.00  0.00  0.00  0.00
  SS3_L                   1.00   0.00  0.00  0.00  0.00  1.00  0.00  0.00  1.00  0.00
  40                      1.00   0.00  0.00  0.00  0.00  1.00  0.00  0.00  0.00  0.00
  SS6_L                   1.00   0.00  0.00  0.00  0.00  1.00  0.00  0.00  1.00  0.00
  1                       1.00   0.00  1.00  0.00  0.00  0.00  0.00  0.00  0.00  0.00
  2                       1.00   1.00  0.00  0.00  0.00  0.00  0.00  0.00  0.00  0.00
  3                       1.00   0.00  0.00  0.00  0.00  1.00  0.00  0.00  1.00  0.00
  10                      1.00   0.00  0.00  0.00  1.00  0.00  0.00  0.00  0.00  0.00
  13                      1.00   0.00  0.00  0.00  1.00  0.00  0.00  0.00  0.00  0.00
  22                      1.00   0.00  0.00  0.00  1.00  0.00  0.00  0.00  0.00  0.00
  24                      1.00   0.00  0.00  0.00  1.00  0.00  0.00  0.00  0.00  0.00
  30                      1.00   0.00  0.00  0.00  1.00  0.00  0.00  0.00  0.00  0.00
  34                      1.00   0.00  0.00  0.00  1.00  0.00  0.00  0.00  0.00  0.00
  36                      1.00   0.00  0.00  0.00  0.00  1.00  0.00  0.00  0.00  0.00
  38                      1.00   0.00  0.00  0.00  1.00  0.00  0.00  0.00  0.00  0.00
  48                      1.00   0.00  0.00  0.00  1.00  0.00  0.00  0.00  0.00  0.00
  54                      1.00   0.00  0.01  0.00  0.99  0.00  0.00  0.00  0.00  0.00
  68                      1.00   0.00  0.00  0.00  0.00  1.00  0.00  0.00  1.00  0.00
  73                      1.00   0.00  1.00  0.00  0.00  0.00  0.00  0.00  0.00  0.00
  TWT1                    1.00   1.00  0.00  0.00  0.00  0.00  0.00  0.00  0.00  0.00
  TWT2                    1.00   1.00  0.00  0.00  0.00  0.00  0.00  0.00  0.00  0.00
  TWT3                    1.00   1.00  0.00  0.00  0.00  0.00  0.00  0.00  0.00  0.00
  TWT4                    1.00   0.00  1.00  0.00  0.00  0.00  0.00  0.00  0.00  0.00
  1_2_b_                  1.00   1.00  0.00  0.00  0.00  0.00  0.00  0.00  0.00  0.00
  1_2_b_2                 1.00   0.00  0.00  0.00  1.00  0.00  0.00  0.00  1.00  0.00
  TWT5                    1.00   0.00  0.00  0.00  1.00  0.00  0.00  0.00  0.00  0.00
  1_4_a                   1.00   0.00  0.00  0.00  1.00  0.00  0.00  0.00  0.00  0.00
  TWT6                    1.00   0.00  0.00  0.00  1.00  0.00  0.00  0.00  0.00  0.00
  1_4_b                   1.00   0.00  1.00  0.00  0.00  0.00  0.00  0.00  0.00  0.00
  TWT7                    1.00   0.00  1.00  0.00  0.00  0.00  0.00  0.00  0.00  0.00
  1_5_a                   1.00   0.00  1.00  0.00  0.00  0.00  0.00  0.00  0.00  0.00
  1_6_a_2                 1.00   0.00  0.00  0.00  0.00  1.00  0.00  0.00  0.00  0.00
  
  
  *************************
  Conduit Surcharge Summary
  *************************
  
  ----------------------------------------------------------------------------
                                                           Hours        Hours 
                         --------- Hours Full --------   Above Full   Capacity
  Conduit                Both Ends  Upstream  Dnstream   Normal Flow   Limited
  ----------------------------------------------------------------------------
  Brunn_Fassung_L             0.01      0.01     24.00      0.01         0.01
  11                         23.99     23.99     23.99     23.99         0.01
  14                         23.99     23.99     24.00     23.99         0.01
  16                         24.00     24.00     24.00     23.99        23.99
  17                         24.00     24.00     24.00      0.01         0.01
  26                         23.99     24.00     23.99     23.99        23.99
  27                          0.01      0.01     23.89      0.01         0.01
  Gischeren_L                 0.01      0.01     23.91      0.01         0.01
  Schuettstein_L              0.01      0.01     23.99      0.01         0.01
  Brunnmuehle_L              24.00     24.00     24.00      0.01         0.01
  35                         23.93     23.93     23.96      0.01         0.01
  46                         24.00     24.00     24.00     23.99         0.01
  47                         24.00     24.00     24.00     24.00        24.00
  50                         23.99     23.99     23.99      0.01         0.01
  51                         23.99     23.99     24.00     23.98         0.01
  53                         24.00     24.00     24.00     23.99         0.01
  61                         23.99     23.99     23.99     23.99         0.01
  63                          0.01     23.98      0.01      0.01         0.01
  66                         23.96     23.98     23.96     23.98        23.96
  67                         23.99     23.99     24.00      0.01         0.01
  Amont_L                    24.00     24.00     24.00     24.00         0.01
  69                         23.96     23.96     24.00     23.98         0.01
  70                         23.96     23.96     24.00      0.01         0.01
  71                         23.99     23.99     23.99      0.01         0.01
  72                         23.90     23.98     23.90      0.09         0.01
  Sauser_L                    0.01      0.01     24.00      0.01         0.01
  75                          0.01     23.98      0.01     23.90         0.01
  4                           0.01     23.98      0.01     23.90         0.01
  5                           0.01      0.01     24.00     23.92         0.01
  6                           0.01      0.01     24.00      0.01         0.01
  7                          23.99     23.99     24.00      0.01         0.01
  Brunn_Teich_L               0.01      0.01     23.99      0.01         0.01
  9                           0.01      0.01     23.99      0.01         0.01
  12                         23.99     23.99     23.99      0.01         0.01
  15                         23.99     23.99     23.99      0.01         0.01
  18                         23.99     23.99     23.99      0.01         0.01
  19                         23.98     23.98     23.99      0.01         0.01
  21                          0.01      0.01     23.98      0.01         0.01
  Hooliloch_L                 0.01      0.01     23.97      0.01         0.01
  23                          0.01     23.96      0.01      0.01         0.01
  25                         23.94     23.94     23.99      0.01         0.01
  31                          0.01      0.01     23.92      0.01         0.01
  33                         23.97     23.97     23.97      0.01         0.01
  13                         23.99     23.99     24.00      0.01         0.01
  22                         23.99     23.99     24.00      0.01         0.01
  24                         23.98     23.98     24.00      0.01         0.01
  30                         23.98     23.98     24.00      0.01         0.01
  34                          0.01      0.01     23.99      0.01         0.01
  38                         23.95     23.95     23.96      0.01         0.01
  48                          0.01      0.01     23.91      0.01         0.01
  54                          0.01      0.01     23.87      0.01         0.01
  1_2_b_2                     0.01      0.01     23.91      0.01         0.01
  1_6_a_2                     0.01     24.00      0.01     24.00         0.01
  

  Analysis begun on:  Mon Aug 17 08:23:17 2026
  Analysis ended on:  Mon Aug 17 08:23:19 2026
  Total elapsed time: 00:00:02