
  EPA STORM WATER MANAGEMENT MODEL - VERSION 5.2 (Build 5.2.4)
  ------------------------------------------------------------

  Brunnmuehle (Twann) 
  WARNING 08: elevation drop exceeds length for Conduit SS3_L
  WARNING 08: elevation drop exceeds length for Conduit SS6_L
  WARNING 08: elevation drop exceeds length for Conduit 2
  WARNING 08: elevation drop exceeds length for Conduit 3
  WARNING 08: elevation drop exceeds length for Conduit 68
  WARNING 08: elevation drop exceeds length for Conduit 1_2_b_
  WARNING 08: elevation drop exceeds length for Conduit 1_2_b_2
  WARNING 08: elevation drop exceeds length for Conduit 1_3_a_2
  WARNING 02: maximum depth increased for Node 2
  
  ****************
  Analysis Options
  ****************
  Flow Units ............... CMS
  Process Models:
    Rainfall/Runoff ........ NO
    RDII ................... NO
    Snowmelt ............... NO
    Groundwater ............ NO
    Flow Routing ........... YES
    Ponding Allowed ........ NO
    Water Quality .......... NO
  Flow Routing Method ...... DYNWAVE
  Surcharge Method ......... EXTRAN
  Starting Date ............ 01/01/2000 00:00:00
  Ending Date .............. 01/02/2000 00:00:00
  Antecedent Dry Days ...... 0.0
  Report Time Step ......... 01:00:00
  Routing Time Step ........ 0.50 sec
  Variable Time Step ....... YES
  Maximum Trials ........... 8
  Number of Threads ........ 1
  Head Tolerance ........... 0.001500 m
  
  
  **************************        Volume        Volume
  Flow Routing Continuity        hectare-m      10^6 ltr
  **************************     ---------     ---------
  Dry Weather Inflow .......         0.000         0.000
  Wet Weather Inflow .......         0.000         0.000
  Groundwater Inflow .......         0.000         0.000
  RDII Inflow ..............         0.000         0.000
  External Inflow ..........       133.343      1333.445
  External Outflow .........       126.513      1265.144
  Flooding Loss ............         0.000         0.000
  Evaporation Loss .........         0.000         0.000
  Exfiltration Loss ........         0.000         0.000
  Initial Stored Volume ....         0.056         0.561
  Final Stored Volume ......         0.362         3.624
  Continuity Error (%) .....         4.890
  
  
  *************************
  Highest Continuity Errors
  *************************
  Node Syst_Est_amont (62.07%)
  Node 2 (39.24%)
  Node SS5 (-15.05%)
  Node TWT_Chrosweg_61+140 (12.94%)
  Node SonSto_SS6 (11.98%)
  
  
  ***************************
  Time-Step Critical Elements
  ***************************
  Link 20 (14161.94%)
  Link 1_2_b_1 (2.63%)
  
  
  ********************************
  Highest Flow Instability Indexes
  ********************************
  All links are stable.
  
  
  *********************************
  Most Frequent Nonconverging Nodes
  *********************************
  Node Brunnm_Fassung (37.98%)
  Node Brunnmuehle(Teich) (37.98%)
  Node Fensterstollen (37.98%)
  Node Gischeren (37.98%)
  Node Schuettstein (37.98%)
  
  
  *************************
  Routing Time Step Summary
  *************************
  Minimum Time Step           :     0.50 sec
  Average Time Step           :     0.50 sec
  Maximum Time Step           :     0.50 sec
  % of Time in Steady State   :    99.29
  Average Iterations per Step :     7.15
  % of Steps Not Converging   :    37.98
  Time Step Frequencies       :
      0.500 -  0.500 sec      :   100.00 %
      0.500 -  0.500 sec      :     0.00 %
      0.500 -  0.500 sec      :     0.00 %
      0.500 -  0.500 sec      :     0.00 %
      0.500 -  0.500 sec      :     0.00 %
  
  
  ******************
  Node Depth Summary
  ******************
  
  ---------------------------------------------------------------------------------
                                 Average  Maximum  Maximum  Time of Max    Reported
                                   Depth    Depth      HGL   Occurrence   Max Depth
  Node                 Type       Meters   Meters   Meters  days hr:min      Meters
  ---------------------------------------------------------------------------------
  9                    JUNCTION    45.17    47.98   486.48     0  00:00       45.20
  Holiloch_sonde       JUNCTION    41.31    41.42   481.42     0  00:02       41.34
  11                   JUNCTION    50.26    51.36   461.36     0  00:04       50.28
  13                   JUNCTION    57.37    57.69   495.69     0  00:04       57.41
  21                   JUNCTION    41.58    42.61   442.61     0  00:04       41.59
  SonSto_F             JUNCTION     0.20     0.33   438.13     0  00:06        0.20
  Sondierstollen       JUNCTION     1.07     1.09   441.89     0  00:05        1.08
  Aval_Trappe          JUNCTION     0.35     0.46   438.06     0  00:06        0.35
  30                   JUNCTION     0.34     0.41   437.71     0  00:06        0.34
  Gischeren_node       JUNCTION     3.72     3.74   480.24     0  00:10        3.74
  34                   JUNCTION    19.97    20.58   440.58     0  00:04       19.98
  38                   JUNCTION    25.03    25.99   445.99     0  00:04       25.04
  SS6                  JUNCTION     0.07     0.07   448.07     0  00:02        0.07
  40                   JUNCTION    43.75    45.71   464.71     0  00:01       43.78
  41                   JUNCTION    57.59    57.90   495.40     0  00:04       57.63
  SondeSchuettstein    JUNCTION    22.23    23.70   482.70     0  00:01       22.24
  SS4                  JUNCTION     0.08     0.08   448.08     0  00:10        0.08
  47                   JUNCTION    14.22    15.42   480.32     0  00:01       14.23
  48                   JUNCTION     9.91    11.17   482.17     0  00:01        9.91
  SondeGischeren       JUNCTION    15.19    15.25   480.25     0  00:10       15.25
  49                   JUNCTION    13.76    15.39   481.39     0  00:02       13.78
  50                   JUNCTION     8.63     8.66   471.66     0  00:10        8.66
  51                   JUNCTION    75.70    76.03   496.03     0  00:04       75.73
  Amont_C              JUNCTION    78.97    87.54   505.54     0  00:00       79.01
  52                   JUNCTION    11.62    22.18   479.18     0  00:04       11.65
  53                   JUNCTION    24.89    26.56   493.56     0  00:10       24.97
  54                   JUNCTION    26.42    28.45   491.45     0  00:10       26.59
  56                   JUNCTION     7.15     7.88   437.88     0  00:01        7.15
  2                    JUNCTION     0.12     0.12   438.12     0  00:10        0.12
  4                    JUNCTION     8.87     9.63   437.63     0  00:00        8.87
  5                    JUNCTION     6.13     6.15   478.65     0  00:04        6.14
  6                    JUNCTION    21.95    22.04   480.04     0  00:02       21.97
  7                    JUNCTION     3.62     3.64   478.64     0  00:04        3.63
  SS3                  JUNCTION     0.08     0.08   448.08     0  00:10        0.08
  SS5                  JUNCTION     0.96     0.98   439.88     0  00:10        0.96
  8                    JUNCTION     6.31     6.34   480.34     0  00:10        6.34
  10                   JUNCTION    11.75    13.43   481.43     0  00:02       11.77
  SonSto_SS5           JUNCTION     0.34     0.34   439.64     0  00:09        0.34
  SonSto_SS3           JUNCTION     0.27     0.33   440.03     0  00:05        0.27
  SonSto_SS4           JUNCTION     0.24     0.35   439.75     0  00:05        0.24
  Amont_Trappe         JUNCTION     0.29     0.40   438.10     0  00:06        0.29
  SonSto_SS6           JUNCTION     0.24     0.28   438.98     0  00:06        0.24
  SS2                  JUNCTION     0.00     0.00   448.00     0  00:00        0.00
  SonSto_SS2           JUNCTION     0.18     0.18   441.68     0  00:06        0.18
  12                   JUNCTION    31.33    31.56   480.56     0  00:04       31.35
  14                   JUNCTION    18.84    20.92   485.92     0  00:01       18.87
  15                   JUNCTION     0.37     0.37   472.37     0  00:04        0.37
  TWT_PointHaut_60+650 JUNCTION     0.24     0.25   438.75     0  00:08        0.24
  TWT_Fensterstollen_60+375 JUNCTION     1.47     1.48   442.78     0  00:05        1.47
  TWT_Acces_LT_60+110  JUNCTION     0.00     0.00   441.50     0  00:00        0.00
  TWT_Liaison_LT_59+738 JUNCTION     0.00     0.00   450.60     0  00:00        0.00
  Syst_Est_amont       JUNCTION     0.64     0.64   430.64     0  00:10        0.64
  Syst_Est_interm      JUNCTION    19.66    29.02   439.02     0  00:09       19.78
  TWT_Branche_Est_Sonsto_60+540 JUNCTION     0.18     0.18   442.58     0  00:06        0.18
  TWT_Intersection_Sonsto_60+345 JUNCTION     0.00     0.00   440.90     0  00:00        0.00
  TWT_Chrosweg_61+140  JUNCTION     0.17     0.17   432.17     0  00:10        0.17
  SonSto_F_sup         JUNCTION     0.06     0.06   448.06     0  00:04        0.06
  SonSto_porte         JUNCTION     0.00     0.00   438.50     0  00:00        0.00
  Brunnm_Fassung       OUTFALL      0.10     0.10   433.90     0  00:04        0.10
  Brunnmuehle(Teich)   OUTFALL      0.24     0.24   435.74     0  00:04        0.24
  Fensterstollen       OUTFALL      0.31     0.37   437.37     0  00:06        0.31
  Gischeren            OUTFALL      0.17     0.17   480.17     0  00:10        0.17
  Schuettstein         OUTFALL      0.24     0.24   477.79     0  00:04        0.24
  Holiloch             OUTFALL      1.72     1.73   478.23     0  00:04        1.72
  Sauserquelle         OUTFALL      0.42     0.42   435.97     0  00:04        0.42
  Entw_Stollen         OUTFALL      0.12     0.12   436.62     0  00:10        0.12
  Sous_lacustre        OUTFALL      0.11     0.11   429.31     0  00:04        0.11
  Sous_ecoul.          OUTFALL      0.00     0.00   433.00     0  00:04        0.00
  Syst_Est_aval        OUTFALL      0.32     0.36   429.36     0  00:09        0.32
  TWT_Portail_Est_61+665 OUTFALL      0.17     0.17   421.77     0  00:10        0.17
  
  
  *******************
  Node Inflow Summary
  *******************
  
  -------------------------------------------------------------------------------------------------
                                  Maximum  Maximum                  Lateral       Total        Flow
                                  Lateral    Total  Time of Max      Inflow      Inflow     Balance
                                   Inflow   Inflow   Occurrence      Volume      Volume       Error
  Node                 Type           CMS      CMS  days hr:min    10^6 ltr    10^6 ltr     Percent
  -------------------------------------------------------------------------------------------------
  9                    JUNCTION         0     13.4     0  00:00           0         768       0.020
  Holiloch_sonde       JUNCTION         0     12.5     0  00:00           0         725       0.014
  11                   JUNCTION         0    0.269     0  00:02           0        23.1      -0.002
  13                   JUNCTION         0     15.1     0  00:00           0    1.07e+03       0.036
  21                   JUNCTION         0    0.463     0  00:04           0        39.6       0.013
  SonSto_F             JUNCTION         0     2.64     0  00:06           0         175       0.071
  Sondierstollen       JUNCTION         0     1.04     0  00:06           0          87       0.000
  Aval_Trappe          JUNCTION         0     2.66     0  00:06           0         176     -10.245
  30                   JUNCTION         0     3.02     0  00:06           0         202       3.182
  Gischeren_node       JUNCTION         0    0.424     0  00:09           0        33.6      19.069
  34                   JUNCTION         0    0.426     0  00:04           0        36.4       0.008
  38                   JUNCTION         0    0.253     0  00:01           0          21      -0.010
  SS6                  JUNCTION         0    0.161     0  00:02           0        13.2      -0.021
  40                   JUNCTION         0     1.81     0  00:04           0         156       0.004
  41                   JUNCTION         0     2.03     0  00:00           0        47.7       0.078
  SondeSchuettstein    JUNCTION         0    0.745     0  00:00           0        47.6       0.016
  SS4                  JUNCTION         0    0.131     0  00:10           0        11.3       0.107
  47                   JUNCTION         0     9.67     0  00:01           0         711       0.045
  48                   JUNCTION         0    0.577     0  00:01           0        47.6       0.028
  SondeGischeren       JUNCTION         0    0.363     0  00:06           0        23.4       0.334
  49                   JUNCTION         0     1.02     0  00:01           0        13.3       0.461
  50                   JUNCTION         0     0.18     0  00:04           0        13.5       0.021
  51                   JUNCTION         0     28.4     0  00:00           0    1.27e+03      -0.001
  Amont_C              JUNCTION      14.7     39.7     0  00:00    1.27e+03    1.27e+03       0.019
  52                   JUNCTION         0    0.277     0  00:03           0        18.7       0.114
  53                   JUNCTION         0    0.401     0  00:01           0          14       0.141
  54                   JUNCTION         0    0.348     0  00:09           0          14       0.766
  56                   JUNCTION         0     1.48     0  00:04           0         127      -0.000
  2                    JUNCTION         0   0.0553     0  00:10           0        4.76      64.574
  4                    JUNCTION         0    0.393     0  00:04           0        33.4       0.019
  5                    JUNCTION         0     8.45     0  00:02           0         711       0.075
  6                    JUNCTION         0     10.6     0  00:00           0         725       0.020
  7                    JUNCTION         0     8.45     0  00:02           0         710       0.767
  SS3                  JUNCTION         0    0.157     0  00:10           0        13.5       0.020
  SS5                  JUNCTION         0     1.67     0  00:10           0         122     -13.080
  8                    JUNCTION         0    0.604     0  00:06           0        47.3       0.209
  10                   JUNCTION         0    0.808     0  00:02           0        13.2      -0.044
  SonSto_SS5           JUNCTION         0     1.94     0  00:10           0         164      12.765
  SonSto_SS3           JUNCTION         0      1.2     0  00:06           0         100      -0.028
  SonSto_SS4           JUNCTION         0     1.47     0  00:05           0         112      -4.367
  Amont_Trappe         JUNCTION         0     2.61     0  00:06           0         169      -3.848
  SonSto_SS6           JUNCTION         0     2.07     0  00:06           0         159      13.608
  SS2                  JUNCTION         0        0     0  00:00           0           0       0.000 ltr
  SonSto_SS2           JUNCTION         0     1.05     0  00:06           0        86.9       0.005
  12                   JUNCTION         0    0.391     0  00:00           0        21.7       0.016
  14                   JUNCTION         0     2.06     0  00:01           0         126       0.034
  15                   JUNCTION         0    0.503     0  00:04           0        43.1       0.519
  TWT_PointHaut_60+650 JUNCTION         0     1.35     0  00:06           0         113      -2.627
  TWT_Fensterstollen_60+375 JUNCTION         0     2.34     0  00:02           0         202       0.793
  TWT_Acces_LT_60+110  JUNCTION         0        0     0  00:00           0           0       0.000 ltr
  TWT_Liaison_LT_59+738 JUNCTION         0        0     0  00:00           0           0       0.000 ltr
  Syst_Est_amont       JUNCTION     0.735    0.846     0  00:10        63.5          73     163.642
  Syst_Est_interm      JUNCTION         0     1.15     0  00:09           0        46.6       0.904
  TWT_Branche_Est_Sonsto_60+540 JUNCTION         0     2.39     0  00:06           0         200       0.054
  TWT_Intersection_Sonsto_60+345 JUNCTION         0        0     0  00:00           0           0       0.000 ltr
  TWT_Chrosweg_61+140  JUNCTION         0     1.75     0  00:09           0         116      14.860
  SonSto_F_sup         JUNCTION         0    0.502     0  00:04           0        42.9       0.033
  SonSto_porte         JUNCTION         0        0     0  00:00           0           0       0.000 ltr
  Brunnm_Fassung       OUTFALL          0   0.0356     0  00:04           0        2.97       0.000
  Brunnmuehle(Teich)   OUTFALL          0    0.388     0  00:04           0        32.9       0.000
  Fensterstollen       OUTFALL          0     3.26     0  00:06           0         196       0.000
  Gischeren            OUTFALL          0    0.329     0  00:10           0        28.2       0.000
  Schuettstein         OUTFALL          0    0.556     0  00:04           0        47.6       0.000
  Holiloch             OUTFALL          0     8.29     0  00:04           0         705       0.000
  Sauserquelle         OUTFALL          0     1.48     0  00:04           0         127       0.000
  Entw_Stollen         OUTFALL          0   0.0336     0  00:10           0        2.89       0.000
  Sous_lacustre        OUTFALL          0   0.0382     0  00:04           0        3.23       0.000
  Sous_ecoul.          OUTFALL          0   0.0062     0  00:04           0       0.519       0.000
  Syst_Est_aval        OUTFALL          0    0.666     0  00:09           0        46.2       0.000
  TWT_Portail_Est_61+665 OUTFALL          0    0.844     0  00:10           0        72.6       0.000
  
  
  **********************
  Node Surcharge Summary
  **********************
  
  Surcharging occurs when water rises above the top of the highest conduit.
  ---------------------------------------------------------------------
                                               Max. Height   Min. Depth
                                   Hours       Above Crown    Below Rim
  Node                 Type      Surcharged         Meters       Meters
  ---------------------------------------------------------------------
  9                    JUNCTION       23.99         46.182       52.018
  Holiloch_sonde       JUNCTION       23.99         39.521      158.579
  11                   JUNCTION       24.00         50.898       98.642
  13                   JUNCTION       23.99         54.689      342.311
  21                   JUNCTION       24.00         42.008      107.392
  34                   JUNCTION       24.00         19.982       79.418
  38                   JUNCTION       24.00         25.392      124.008
  40                   JUNCTION       24.00         41.713       54.287
  41                   JUNCTION       23.99         57.055      192.095
  SondeSchuettstein    JUNCTION       23.98         22.903        0.000
  47                   JUNCTION       23.98         13.519       84.581
  48                   JUNCTION       23.98         10.373       88.827
  SondeGischeren       JUNCTION       23.93         14.051       84.749
  49                   JUNCTION       23.96          7.386      184.614
  50                   JUNCTION       23.93          8.362      191.338
  51                   JUNCTION       24.00         72.031      323.969
  Amont_C              JUNCTION       24.00         84.541      312.459
  52                   JUNCTION       23.93         21.784       77.816
  53                   JUNCTION       23.97         21.564      173.436
  54                   JUNCTION       23.83         23.454      171.546
  56                   JUNCTION       23.99          6.880       92.120
  4                    JUNCTION       23.99          8.983       90.367
  5                    JUNCTION       23.97          1.154       43.846
  6                    JUNCTION       23.98         17.044      177.956
  8                    JUNCTION       23.84          1.343      193.657
  10                   JUNCTION       23.96          5.429      186.571
  12                   JUNCTION       23.98         31.206      168.444
  14                   JUNCTION       23.97         16.919      179.081
  TWT_Acces_LT_60+110  JUNCTION       24.00          0.000        0.000
  TWT_Liaison_LT_59+738 JUNCTION       24.00          0.000        0.000
  Syst_Est_interm      JUNCTION       23.84         27.520       70.980
  TWT_Intersection_Sonsto_60+345 JUNCTION       24.00          0.000        0.000
  
  
  *********************
  Node Flooding Summary
  *********************
  
  No nodes were flooded.
  
  
  ***********************
  Outfall Loading Summary
  ***********************
  
  -----------------------------------------------------------
                         Flow       Avg       Max       Total
                         Freq      Flow      Flow      Volume
  Outfall Node           Pcnt       CMS       CMS    10^6 ltr
  -----------------------------------------------------------
  Brunnm_Fassung        99.94    0.0345    0.0356       2.975
  Brunnmuehle(Teich)    99.94     0.381     0.388      32.862
  Fensterstollen        99.91      2.27      3.26     195.815
  Gischeren             99.31     0.329     0.329      28.221
  Schuettstein          99.92     0.551     0.556      47.592
  Holiloch              99.88      8.17      8.29     704.950
  Sauserquelle          99.97      1.47      1.48     127.372
  Entw_Stollen          99.95    0.0335    0.0336       2.895
  Sous_lacustre        100.00    0.0374    0.0382       3.228
  Sous_ecoul.           99.94   0.00601    0.0062       0.519
  Syst_Est_aval         99.34     0.538     0.666      46.158
  TWT_Portail_Est_61+665  99.79     0.842     0.844      72.553
  -----------------------------------------------------------
  System                99.82      14.7      14.7    1265.138
  
  
  ********************
  Link Flow Summary
  ********************
  
  -----------------------------------------------------------------------------
                                 Maximum  Time of Max   Maximum    Max/    Max/
                                  |Flow|   Occurrence   |Veloc|    Full    Full
  Link                 Type          CMS  days hr:min     m/sec    Flow   Depth
  -----------------------------------------------------------------------------
  Brunn_Fassung_L      CONDUIT    0.0356     0  00:04      1.51    0.59    0.78
  11                   CONDUIT      12.5     0  00:00      6.90    1.87    1.00
  14                   CONDUIT      13.4     0  00:00      9.90    7.30    1.00
  16                   CONDUIT     0.269     0  00:02      3.14    1.87    1.00
  17                   CONDUIT     0.253     0  00:01      0.89    0.43    1.00
  26                   CONDUIT      2.03     0  00:00      3.57    2.75    1.00
  27                   CONDUIT     0.076     0  00:06      2.00    0.98    1.00
  Gischeren_L          CONDUIT     0.329     0  00:10      0.49    0.04    0.57
  Schuettstein_L       CONDUIT     0.556     0  00:04      3.56    0.47    0.74
  Brunnmuehle_L        CONDUIT     0.426     0  00:04      1.51    0.20    1.00
  32                   CONDUIT      1.05     0  00:06      0.96    0.02    0.21
  35                   CONDUIT     0.215     0  00:06      0.29    0.04    1.00
  45                   CONDUIT      2.23     0  00:06      7.75    0.02    0.10
  46                   CONDUIT      1.48     0  00:04      5.23    1.47    1.00
  47                   CONDUIT     0.115     0  00:00      3.01    7.14    1.00
  50                   CONDUIT     0.577     0  00:01      1.86    0.11    1.00
  51                   CONDUIT     0.334     0  00:04      3.47    0.94    1.00
  53                   CONDUIT     0.253     0  00:01      1.52    1.28    1.00
  Fenster_L            CONDUIT      3.26     0  00:06      6.60    0.03    0.13
  58                   CONDUIT      2.95     0  00:06      5.21    0.04    0.14
  59                   CONDUIT      1.92     0  00:06      5.76    0.02    0.10
  61                   CONDUIT     0.745     0  00:00      3.67    1.05    1.00
  63                   CONDUIT     0.161     0  00:02      2.21    0.72    0.52
  66                   CONDUIT      0.18     0  00:04      2.69    2.38    1.00
  67                   CONDUIT      14.6     0  00:00      3.98    0.14    1.00
  Amont_L              CONDUIT      28.4     0  00:00      4.02    1.54    1.00
  69                   CONDUIT     0.277     0  00:03      2.34    1.08    1.00
  70                   CONDUIT     0.216     0  00:04      1.72    0.67    1.00
  71                   CONDUIT     0.401     0  00:01      1.76    0.71    1.00
  72                   CONDUIT     0.348     0  00:09      1.65    1.65    1.00
  Sauser_L             CONDUIT      1.48     0  00:04      2.47    0.38    0.71
  75                   CONDUIT     0.131     0  00:10      3.93    1.34    0.66
  Entw_Sto_L           CONDUIT    0.0336     0  00:10      1.87    0.78    0.66
  4                    CONDUIT    0.0302     0  00:10      1.22    1.35    0.82
  5                    CONDUIT    0.0251     0  00:10      1.11    0.89    0.83
  6                    CONDUIT    0.0382     0  00:04      1.47    0.57    0.77
  7                    CONDUIT     0.393     0  00:04      2.00    0.61    1.00
  Brunn_Teich_L        CONDUIT     0.388     0  00:04      1.60    0.29    0.69
  9                    CONDUIT    0.0062     0  00:04      1.56    0.00    0.50
  12                   CONDUIT      8.45     0  00:02      4.74    0.17    1.00
  15                   CONDUIT      10.6     0  00:00      5.16    0.27    1.00
  18                   CONDUIT      9.67     0  00:01      4.80    0.39    1.00
  19                   CONDUIT      1.02     0  00:01      1.30    0.97    1.00
  20                   CONDUIT      2.66     0  00:06      7.36    0.21    0.43
  21                   CONDUIT      8.45     0  00:02      0.89    0.06    0.86
  Hooliloch_L          CONDUIT      8.29     0  00:04      1.45    0.16    0.67
  23                   CONDUIT     0.157     0  00:10      3.36    0.98    0.63
  25                   CONDUIT     0.604     0  00:06      2.12    0.49    1.00
  28                   CONDUIT      1.39     0  00:05      4.13    0.02    0.11
  29                   CONDUIT     0.665     0  00:10      1.81    0.03    0.11
  31                   CONDUIT     0.327     0  00:09      0.53    0.20    0.87
  33                   CONDUIT     0.808     0  00:02      0.82    0.31    1.00
  37                   CONDUIT      1.65     0  00:10      1.45    0.04    0.22
  SS3_L                CONDUIT     0.157     0  00:10      3.16    0.00    0.10
  40                   CONDUIT      2.61     0  00:06      3.14    0.02    0.09
  SS6_L                CONDUIT      0.16     0  00:02      2.35    0.00    0.09
  1                    CONDUIT      1.05     0  00:06      4.30    0.01    0.08
  2                    CONDUIT         0     0  00:00      0.00    0.00    0.05
  3                    CONDUIT     0.131     0  00:10      2.71    0.01    0.20
  10                   CONDUIT      1.34     0  00:10      1.26    0.01    0.21
  13                   CONDUIT     0.391     0  00:00      4.53    0.85    1.00
  22                   CONDUIT      0.29     0  00:01      3.01    0.72    1.00
  24                   CONDUIT      2.06     0  00:01      2.95    0.00    1.00
  30                   CONDUIT      1.47     0  00:04      2.04    0.61    1.00
  34                   CONDUIT     0.503     0  00:04      2.37    0.56    0.84
  36                   CONDUIT     0.502     0  00:04      5.78    0.54    0.39
  38                   CONDUIT     0.363     0  00:06      2.63    0.14    1.00
  48                   CONDUIT     0.819     0  00:09      2.40    0.55    0.82
  54                   CONDUIT     0.666     0  00:09      0.58    0.13    0.62
  68                   CONDUIT     0.419     0  00:04      8.05    0.00    0.07
  73                   CONDUIT         0     0  00:00      0.00    0.00    0.03
  TWT1                 CONDUIT     0.844     0  00:10      3.27    0.00    0.02
  TWT2                 CONDUIT      1.35     0  00:09      4.07    0.00    0.03
  TWT3                 CONDUIT      1.35     0  00:06      4.86    0.00    0.03
  TWT4                 CONDUIT      2.39     0  00:06      0.87    0.00    0.10
  1_2_b_               CONDUIT      1.04     0  00:06      2.47    0.01    0.21
  1_2_b_1              CONDUIT      2.34     0  00:01     12.69    4.03    1.00
  1_2_b_2              CONDUIT    0.0831     0  00:04      0.73    0.03    0.56
  1_3_a_1              CONDUIT     0.111     0  00:10      0.79    0.25    0.67
  1_3_a_2              CONDUIT     0.402     0  00:09      2.91    0.28    0.67
  
  
  ***************************
  Flow Classification Summary
  ***************************
  
  -------------------------------------------------------------------------------------
                      Adjusted    ---------- Fraction of Time in Flow Class ---------- 
                       /Actual         Up    Down  Sub   Sup   Up    Down  Norm  Inlet 
  Conduit               Length    Dry  Dry   Dry   Crit  Crit  Crit  Crit  Ltd   Ctrl  
  -------------------------------------------------------------------------------------
  Brunn_Fassung_L         1.00   0.00  0.00  0.00  0.00  1.00  0.00  0.00  0.00  0.00
  11                      1.00   0.00  0.00  0.00  1.00  0.00  0.00  0.00  0.00  0.00
  14                      1.00   0.00  0.00  0.00  1.00  0.00  0.00  0.00  0.00  0.00
  16                      1.00   0.00  0.00  0.00  1.00  0.00  0.00  0.00  0.00  0.00
  17                      1.00   0.00  0.00  0.00  1.00  0.00  0.00  0.00  0.00  0.00
  26                      1.00   0.00  0.00  0.00  1.00  0.00  0.00  0.00  0.00  0.00
  27                      1.00   0.00  0.00  0.00  1.00  0.00  0.00  0.00  0.00  0.00
  Gischeren_L             1.00   0.00  0.00  0.00  0.99  0.00  0.00  0.00  0.00  0.00
  Schuettstein_L          1.00   0.00  0.00  0.00  0.00  1.00  0.00  0.00  0.00  0.00
  Brunnmuehle_L           1.00   0.00  0.00  0.00  1.00  0.00  0.00  0.00  0.00  0.00
  32                      1.00   0.00  0.00  0.00  1.00  0.00  0.00  0.00  0.00  0.00
  35                      1.00   0.00  0.00  0.00  1.00  0.00  0.00  0.00  0.00  0.00
  45                      1.00   0.00  0.00  0.00  0.00  1.00  0.00  0.00  0.00  0.00
  46                      1.00   0.00  0.00  0.00  1.00  0.00  0.00  0.00  0.00  0.00
  47                      1.00   0.00  0.00  0.00  1.00  0.00  0.00  0.00  0.00  0.00
  50                      1.00   0.00  0.00  0.00  1.00  0.00  0.00  0.00  0.00  0.00
  51                      1.00   0.00  0.00  0.00  1.00  0.00  0.00  0.00  0.00  0.00
  53                      1.00   0.00  0.00  0.00  1.00  0.00  0.00  0.00  0.00  0.00
  Fenster_L               1.00   0.00  0.00  0.00  0.00  1.00  0.00  0.00  0.00  0.00
  58                      1.00   0.00  0.00  0.00  0.00  1.00  0.00  0.00  0.99  0.00
  59                      1.00   0.00  0.00  0.00  0.00  1.00  0.00  0.00  0.00  0.00
  61                      1.00   0.00  0.00  0.00  1.00  0.00  0.00  0.00  0.00  0.00
  63                      1.00   0.00  0.00  0.00  1.00  0.00  0.00  0.00  0.00  0.00
  66                      1.00   0.00  0.00  0.00  1.00  0.00  0.00  0.00  0.00  0.00
  67                      1.00   0.00  0.00  0.00  1.00  0.00  0.00  0.00  0.00  0.00
  Amont_L                 1.00   0.00  0.00  0.00  1.00  0.00  0.00  0.00  0.00  0.00
  69                      1.00   0.00  0.00  0.00  1.00  0.00  0.00  0.00  0.00  0.00
  70                      1.00   0.00  0.00  0.00  1.00  0.00  0.00  0.00  0.00  0.00
  71                      1.00   0.00  0.00  0.00  1.00  0.00  0.00  0.00  0.00  0.00
  72                      1.00   0.00  0.00  0.00  1.00  0.00  0.00  0.00  0.00  0.00
  Sauser_L                1.00   0.00  0.00  0.00  1.00  0.00  0.00  0.00  0.00  0.00
  75                      1.00   0.00  0.00  0.00  0.00  1.00  0.00  0.00  0.00  0.00
  Entw_Sto_L              1.00   0.00  0.00  0.00  0.00  1.00  0.00  0.00  0.00  0.00
  4                       1.00   0.00  0.00  0.00  1.00  0.00  0.00  0.00  0.00  0.00
  5                       1.00   0.00  0.00  0.00  1.00  0.00  0.00  0.00  0.00  0.00
  6                       1.00   0.00  0.00  0.00  0.00  1.00  0.00  0.00  0.00  0.00
  7                       1.00   0.00  0.00  0.00  1.00  0.00  0.00  0.00  0.00  0.00
  Brunn_Teich_L           1.00   0.00  0.00  0.00  1.00  0.00  0.00  0.00  0.00  0.00
  9                       1.00   0.00  0.00  0.00  0.00  1.00  0.00  0.00  0.00  0.00
  12                      1.00   0.00  0.00  0.00  1.00  0.00  0.00  0.00  0.00  0.00
  15                      1.00   0.00  0.00  0.00  1.00  0.00  0.00  0.00  0.00  0.00
  18                      1.00   0.00  0.00  0.00  1.00  0.00  0.00  0.00  0.00  0.00
  19                      1.00   0.00  0.00  0.00  1.00  0.00  0.00  0.00  0.00  0.00
  20                      1.00   0.00  0.00  0.00  0.00  1.00  0.00  0.00  0.00  0.00
  21                      1.00   0.00  0.00  0.00  1.00  0.00  0.00  0.00  0.00  0.00
  Hooliloch_L             1.00   0.00  0.00  0.00  1.00  0.00  0.00  0.00  0.00  0.00
  23                      1.00   0.00  0.00  0.00  0.00  1.00  0.00  0.00  0.00  0.00
  25                      1.00   0.00  0.00  0.00  1.00  0.00  0.00  0.00  0.00  0.00
  28                      1.00   0.00  0.00  0.00  0.00  1.00  0.00  0.00  0.00  0.00
  29                      1.00   0.00  0.00  0.00  1.00  0.00  0.00  0.00  0.00  0.00
  31                      1.00   0.00  0.00  0.00  1.00  0.00  0.00  0.00  0.00  0.00
  33                      1.00   0.00  0.00  0.00  1.00  0.00  0.00  0.00  0.00  0.00
  37                      1.00   0.00  0.00  0.00  1.00  0.00  0.00  0.00  0.00  0.00
  SS3_L                   1.00   0.00  0.00  0.00  0.00  1.00  0.00  0.00  1.00  0.00
  40                      1.00   0.00  0.00  0.00  0.00  1.00  0.00  0.00  0.00  0.00
  SS6_L                   1.00   0.00  0.00  0.00  0.00  1.00  0.00  0.00  1.00  0.00
  1                       1.00   0.00  0.00  0.00  0.00  1.00  0.00  0.00  1.00  0.00
  2                       1.00   0.00  1.00  0.00  0.00  0.00  0.00  0.00  0.00  0.00
  3                       1.00   0.00  0.00  0.00  0.00  1.00  0.00  0.00  1.00  0.00
  10                      1.00   0.00  0.00  0.00  1.00  0.00  0.00  0.00  0.00  0.00
  13                      1.00   0.00  0.00  0.00  1.00  0.00  0.00  0.00  0.00  0.00
  22                      1.00   0.00  0.00  0.00  1.00  0.00  0.00  0.00  0.00  0.00
  24                      1.00   0.00  0.00  0.00  1.00  0.00  0.00  0.00  0.00  0.00
  30                      1.00   0.00  0.00  0.00  1.00  0.00  0.00  0.00  0.00  0.00
  34                      1.00   0.00  0.00  0.00  0.00  1.00  0.00  0.00  0.00  0.00
  36                      1.00   0.00  0.00  0.00  0.00  1.00  0.00  0.00  0.00  0.00
  38                      1.00   0.00  0.00  0.00  1.00  0.00  0.00  0.00  0.00  0.00
  48                      1.00   0.00  0.00  0.00  1.00  0.00  0.00  0.00  0.00  0.00
  54                      1.00   0.00  0.01  0.00  0.99  0.00  0.00  0.00  0.00  0.00
  68                      1.00   0.00  0.00  0.00  0.00  1.00  0.00  0.00  1.00  0.00
  73                      1.00   0.00  1.00  0.00  0.00  0.00  0.00  0.00  0.00  0.00
  TWT1                    1.00   0.00  0.00  0.00  0.00  1.00  0.00  0.00  0.00  0.00
  TWT2                    1.00   0.00  0.00  0.00  0.00  1.00  0.00  0.00  0.00  0.00
  TWT3                    1.00   0.00  0.00  0.00  0.00  1.00  0.00  0.00  1.00  0.00
  TWT4                    1.00   0.00  0.00  0.00  1.00  0.00  0.00  0.00  0.00  0.00
  1_2_b_                  1.00   0.00  0.00  0.00  1.00  0.00  0.00  0.00  1.00  0.00
  1_2_b_1                 1.00   0.00  0.00  0.00  1.00  0.00  0.00  0.00  0.00  0.00
  1_2_b_2                 1.00   0.00  0.00  0.00  1.00  0.00  0.00  0.00  1.00  0.00
  1_3_a_1                 1.00   0.00  0.00  0.00  1.00  0.00  0.00  0.00  1.00  0.00
  1_3_a_2                 1.00   0.00  0.00  0.00  1.00  0.00  0.00  0.00  0.00  0.00
  
  
  *************************
  Conduit Surcharge Summary
  *************************
  
  ----------------------------------------------------------------------------
                                                           Hours        Hours 
                         --------- Hours Full --------   Above Full   Capacity
  Conduit                Both Ends  Upstream  Dnstream   Normal Flow   Limited
  ----------------------------------------------------------------------------
  Brunn_Fassung_L             0.01      0.01     24.00      0.01         0.01
  11                         23.99     23.99     23.99     23.99         0.01
  14                         23.99     23.99     23.99     23.99         0.01
  16                         24.00     24.00     24.00     23.99        23.99
  17                         24.00     24.00     24.00      0.01         0.01
  26                         23.99     23.99     23.99      0.01         0.01
  27                          0.04      0.04     23.93      0.01         0.01
  Gischeren_L                 0.01      0.01     23.83      0.01         0.01
  Schuettstein_L              0.01      0.01     23.98      0.01         0.01
  Brunnmuehle_L              24.00     24.00     24.00      0.01         0.01
  35                         23.87     23.87     23.93      0.01         0.01
  46                         24.00     24.00     24.00     23.98         0.01
  47                         24.00     24.00     24.00     24.00        24.00
  50                         23.98     23.98     23.98      0.01         0.01
  51                         23.98     23.98     24.00      0.01         0.01
  53                         24.00     24.00     24.00     23.99         0.01
  61                         23.99     23.99     23.99      0.01         0.01
  63                          0.01     23.97      0.01      0.01         0.01
  66                         23.93     23.97     23.93     23.96        23.93
  67                         23.99     23.99     24.00      0.01         0.01
  Amont_L                    24.00     24.00     24.00      0.01         0.01
  69                         23.93     23.93     24.00      0.02         0.01
  70                         23.93     23.93     24.00      0.01         0.01
  71                         23.98     23.98     23.99      0.01         0.01
  72                         23.83     23.97     23.83      0.14         0.01
  Sauser_L                    0.01      0.01     24.00      0.01         0.01
  75                          0.01     23.97      0.01     23.83         0.01
  4                           0.01     23.97      0.01     23.86         0.01
  5                           0.01      0.01     24.00      0.01         0.01
  6                           0.01      0.01     24.00      0.01         0.01
  7                          23.99     23.99     24.00      0.01         0.01
  Brunn_Teich_L               0.01      0.01     23.99      0.01         0.01
  9                           0.01      0.01     23.99      0.01         0.01
  12                         23.98     23.98     23.98      0.01         0.01
  15                         23.98     23.98     23.99      0.01         0.01
  18                         23.98     23.98     23.98      0.01         0.01
  19                         23.97     23.97     23.98      0.01         0.01
  21                          0.01      0.01     23.97      0.01         0.01
  23                          0.01     23.93      0.01      0.01         0.01
  25                         23.89     23.89     23.99      0.01         0.01
  31                          0.01      0.01     23.84      0.01         0.01
  33                         23.96     23.96     23.96      0.01         0.01
  13                         23.98     23.98     24.00      0.01         0.01
  22                         23.98     23.98     24.00      0.01         0.01
  24                         23.97     23.97     24.00      0.01         0.01
  30                         23.97     23.97     24.00      0.01         0.01
  34                          0.01      0.01     23.99      0.01         0.01
  38                         23.91     23.91     23.94      0.01         0.01
  48                          0.01      0.01     23.87      0.01         0.01
  54                          0.01      0.01     23.84      0.01         0.01
  1_2_b_1                    23.98     23.98     23.99     23.99         0.01
  1_2_b_2                     0.01      0.01     23.98      0.01         0.01
  1_3_a_1                     0.01      0.01     23.95      0.01         0.01
  1_3_a_2                     0.01      0.01     23.93      0.01         0.01
  

  Analysis begun on:  Thu Aug 20 11:23:44 2026
  Analysis ended on:  Thu Aug 20 11:23:47 2026
  Total elapsed time: 00:00:03