
  EPA STORM WATER MANAGEMENT MODEL - VERSION 5.2 (Build 5.2.4)
  ------------------------------------------------------------

  Brunnmuehle (Twann) 
  WARNING 08: elevation drop exceeds length for Conduit SS3_L
  WARNING 08: elevation drop exceeds length for Conduit SS6_L
  WARNING 08: elevation drop exceeds length for Conduit 2
  WARNING 08: elevation drop exceeds length for Conduit 3
  WARNING 08: elevation drop exceeds length for Conduit 68
  WARNING 08: elevation drop exceeds length for Conduit 1_2_b_
  WARNING 08: elevation drop exceeds length for Conduit 1_2_b_2
  WARNING 08: elevation drop exceeds length for Conduit 1_2_b_3
  WARNING 08: elevation drop exceeds length for Conduit 1_4_a
  WARNING 02: maximum depth increased for Node 2
  
  ****************
  Analysis Options
  ****************
  Flow Units ............... CMS
  Process Models:
    Rainfall/Runoff ........ NO
    RDII ................... NO
    Snowmelt ............... NO
    Groundwater ............ NO
    Flow Routing ........... YES
    Ponding Allowed ........ NO
    Water Quality .......... NO
  Flow Routing Method ...... DYNWAVE
  Surcharge Method ......... EXTRAN
  Starting Date ............ 01/01/2000 00:00:00
  Ending Date .............. 01/02/2000 00:00:00
  Antecedent Dry Days ...... 0.0
  Report Time Step ......... 01:00:00
  Routing Time Step ........ 0.50 sec
  Variable Time Step ....... YES
  Maximum Trials ........... 8
  Number of Threads ........ 1
  Head Tolerance ........... 0.001500 m
  
  
  **************************        Volume        Volume
  Flow Routing Continuity        hectare-m      10^6 ltr
  **************************     ---------     ---------
  Dry Weather Inflow .......         0.000         0.000
  Wet Weather Inflow .......         0.000         0.000
  Groundwater Inflow .......         0.000         0.000
  RDII Inflow ..............         0.000         0.000
  External Inflow ..........       207.725      2077.271
  External Outflow .........       197.088      1970.897
  Flooding Loss ............         0.000         0.000
  Evaporation Loss .........         0.000         0.000
  Exfiltration Loss ........         0.000         0.000
  Initial Stored Volume ....         0.057         0.565
  Final Stored Volume ......         0.358         3.576
  Continuity Error (%) .....         4.975
  
  
  *************************
  Highest Continuity Errors
  *************************
  Node 54 (77.56%)
  Node SonSto_SS4 (-68.77%)
  Node 2 (48.80%)
  Node Syst_Est_amont (44.82%)
  Node SS5 (37.71%)
  
  
  ***************************
  Time-Step Critical Elements
  ***************************
  Link 1_4_a (22430.65%)
  
  
  ********************************
  Highest Flow Instability Indexes
  ********************************
  All links are stable.
  
  
  *********************************
  Most Frequent Nonconverging Nodes
  *********************************
  Node Brunnm_Fassung (71.69%)
  Node Brunnmuehle(Teich) (71.69%)
  Node Fensterstollen (71.69%)
  Node Gischeren (71.69%)
  Node Schuettstein (71.69%)
  
  
  *************************
  Routing Time Step Summary
  *************************
  Minimum Time Step           :     0.50 sec
  Average Time Step           :     0.50 sec
  Maximum Time Step           :     0.50 sec
  % of Time in Steady State   :    99.55
  Average Iterations per Step :     7.85
  % of Steps Not Converging   :    71.69
  Time Step Frequencies       :
      0.500 -  0.500 sec      :   100.00 %
      0.500 -  0.500 sec      :     0.00 %
      0.500 -  0.500 sec      :     0.00 %
      0.500 -  0.500 sec      :     0.00 %
      0.500 -  0.500 sec      :     0.00 %
  
  
  ******************
  Node Depth Summary
  ******************
  
  ---------------------------------------------------------------------------------
                                 Average  Maximum  Maximum  Time of Max    Reported
                                   Depth    Depth      HGL   Occurrence   Max Depth
  Node                 Type       Meters   Meters   Meters  days hr:min      Meters
  ---------------------------------------------------------------------------------
  9                    JUNCTION    54.02    73.07   511.57     0  00:00       54.05
  Holiloch_sonde       JUNCTION    46.30    64.69   504.69     0  00:00       46.33
  11                   JUNCTION    61.82    64.72   474.72     0  00:02       61.84
  13                   JUNCTION    84.85    87.91   525.91     0  00:01       84.88
  21                   JUNCTION    44.26    46.11   446.11     0  00:02       44.27
  SonSto_F             JUNCTION     0.20     0.24   438.04     0  00:02        0.20
  Sondierstollen       JUNCTION     0.00     0.00   440.80     0  00:00        0.00
  Aval_Trappe          JUNCTION     0.41     0.46   438.06     0  00:02        0.41
  30                   JUNCTION     0.36     0.42   437.72     0  00:02        0.36
  Gischeren_node       JUNCTION     3.98     3.99   480.49     0  00:06        3.99
  34                   JUNCTION    21.88    23.36   443.36     0  00:02       21.89
  38                   JUNCTION    29.36    31.82   451.82     0  00:02       29.37
  SS6                  JUNCTION     0.07     0.07   448.07     0  00:02        0.07
  40                   JUNCTION    24.54    26.82   445.82     0  00:01       24.55
  41                   JUNCTION    84.61    87.63   525.13     0  00:01       84.64
  SondeSchuettstein    JUNCTION    26.33    28.57   487.57     0  00:00       26.35
  SS4                  JUNCTION     0.06     0.07   448.07     0  00:01        0.06
  47                   JUNCTION    15.56    21.47   486.37     0  00:00       15.57
  48                   JUNCTION    13.45    15.34   486.34     0  00:00       13.46
  SondeGischeren       JUNCTION    15.49    15.53   480.53     0  00:06       15.52
  49                   JUNCTION    16.53    18.60   484.60     0  00:02       16.56
  50                   JUNCTION     8.83     8.87   471.87     0  00:06        8.85
  51                   JUNCTION   103.69   106.78   526.78     0  00:01      103.72
  Amont_C              JUNCTION   108.77   141.12   559.12     0  00:00      108.81
  52                   JUNCTION    26.95    53.62   510.62     0  00:02       27.00
  53                   JUNCTION    23.51    46.40   513.40     0  00:01       23.49
  54                   JUNCTION     4.94     4.96   467.96     0  00:06        4.96
  56                   JUNCTION     6.44     6.76   436.76     0  00:01        6.44
  2                    JUNCTION     0.10     0.10   438.10     0  00:06        0.10
  4                    JUNCTION     9.25    10.07   438.07     0  00:00        9.26
  5                    JUNCTION     6.68     6.73   479.23     0  00:02        6.69
  6                    JUNCTION    24.73    31.88   489.88     0  00:00       24.75
  7                    JUNCTION     4.16     4.20   479.20     0  00:02        4.16
  SS3                  JUNCTION     0.08     0.08   448.08     0  00:06        0.08
  SS5                  JUNCTION     0.63     0.67   439.57     0  00:06        0.63
  8                    JUNCTION     6.75     6.78   480.78     0  00:06        6.77
  10                   JUNCTION    14.52    16.65   484.65     0  00:02       14.54
  SonSto_SS5           JUNCTION     0.13     0.16   439.46     0  00:06        0.13
  SonSto_SS3           JUNCTION     0.10     0.11   439.81     0  00:06        0.10
  SonSto_SS4           JUNCTION     0.12     0.13   439.53     0  00:06        0.12
  Amont_Trappe         JUNCTION     0.32     0.38   438.08     0  00:02        0.32
  SonSto_SS6           JUNCTION     0.13     0.14   438.84     0  00:06        0.13
  SS2                  JUNCTION     0.00     0.00   448.00     0  00:00        0.00
  SonSto_SS2           JUNCTION     0.00     0.00   441.50     0  00:00        0.00
  12                   JUNCTION    37.29    45.49   494.49     0  00:00       37.31
  14                   JUNCTION    29.84    41.45   506.45     0  00:01       29.86
  15                   JUNCTION     0.50     0.51   472.51     0  00:03        0.50
  TWT_PointHaut_60+650 JUNCTION     0.34     0.36   438.86     0  00:04        0.34
  TWT_Fensterstollen_60+375 JUNCTION     0.20     0.22   441.52     0  00:02        0.20
  TWT_Acces_LT_60+110  JUNCTION     0.00     0.00   441.50     0  00:00        0.00
  TWT_Liaison_LT_59+738 JUNCTION     0.00     0.00   450.60     0  00:00        0.00
  Syst_Est_amont       JUNCTION     0.87     0.87   430.87     0  00:06        0.87
  Syst_Est_interm      JUNCTION    19.60    66.42   476.42     0  00:06       19.69
  TWT_Branche_Est_Sonsto_60+540 JUNCTION     0.00     0.00   442.40     0  00:00        0.00
  TWT_Intersection_Sonsto_60+345 JUNCTION     0.63     0.78   441.68     0  00:02        0.63
  TWT_Chrosweg_61+140  JUNCTION     0.27     0.27   432.27     0  00:06        0.27
  SonSto_F_sup         JUNCTION     0.07     0.07   448.07     0  00:03        0.07
  SonSto_porte         JUNCTION     0.00     0.00   438.50     0  00:00        0.00
  Brunnm_Fassung       OUTFALL      0.11     0.12   433.92     0  00:02        0.12
  Brunnmuehle(Teich)   OUTFALL      0.27     0.27   435.77     0  00:02        0.27
  Fensterstollen       OUTFALL      0.36     0.39   437.39     0  00:02        0.36
  Gischeren            OUTFALL      0.25     0.25   480.25     0  00:06        0.25
  Schuettstein         OUTFALL      0.33     0.34   477.89     0  00:01        0.33
  Holiloch             OUTFALL      2.07     2.09   478.59     0  00:02        2.07
  Sauserquelle         OUTFALL      0.30     0.31   435.86     0  00:01        0.30
  Entw_Stollen         OUTFALL      0.10     0.10   436.60     0  00:06        0.10
  Sous_lacustre        OUTFALL      0.12     0.12   429.32     0  00:02        0.12
  Sous_ecoul.          OUTFALL      0.00     0.00   433.00     0  00:02        0.00
  Syst_Est_aval        OUTFALL      0.41     0.60   429.60     0  00:06        0.41
  TWT_Portail_Est_61+665 OUTFALL      0.27     0.27   421.87     0  00:06        0.27
  
  
  *******************
  Node Inflow Summary
  *******************
  
  -------------------------------------------------------------------------------------------------
                                  Maximum  Maximum                  Lateral       Total        Flow
                                  Lateral    Total  Time of Max      Inflow      Inflow     Balance
                                   Inflow   Inflow   Occurrence      Volume      Volume       Error
  Node                 Type           CMS      CMS  days hr:min    10^6 ltr    10^6 ltr     Percent
  -------------------------------------------------------------------------------------------------
  9                    JUNCTION         0     20.6     0  00:00           0    1.24e+03       0.007
  Holiloch_sonde       JUNCTION         0     18.2     0  00:00           0    1.18e+03       0.016
  11                   JUNCTION         0    0.334     0  00:01           0          28       0.004
  13                   JUNCTION         0     22.8     0  00:00           0    1.68e+03       0.031
  21                   JUNCTION         0    0.568     0  00:02           0          48       0.002
  SonSto_F             JUNCTION         0     1.13     0  00:06           0        93.3      -1.824
  Sondierstollen       JUNCTION         0        0     0  00:00           0           0       0.000 ltr
  Aval_Trappe          JUNCTION         0     3.65     0  00:02           0         267       1.102
  30                   JUNCTION         0     3.71     0  00:02           0         270       1.242
  Gischeren_node       JUNCTION         0    0.809     0  00:05           0        65.5       0.189
  34                   JUNCTION         0    0.526     0  00:02           0        44.4       0.002
  38                   JUNCTION         0    0.316     0  00:00           0        25.4      -0.004
  SS6                  JUNCTION         0    0.176     0  00:02           0        14.3       0.005
  40                   JUNCTION         0     2.86     0  00:01           0         243      -0.007
  41                   JUNCTION         0     1.74     0  00:00           0        77.6      -0.006
  SondeSchuettstein    JUNCTION         0      1.1     0  00:00           0        77.6       0.025
  SS4                  JUNCTION         0   0.0888     0  00:06           0        7.66       0.095
  47                   JUNCTION         0     14.9     0  00:00           0    1.16e+03      -0.003
  48                   JUNCTION         0    0.994     0  00:00           0        77.5       0.000
  SondeGischeren       JUNCTION         0    0.575     0  00:01           0        37.9       0.135
  49                   JUNCTION         0     1.23     0  00:01           0        14.4       1.024
  50                   JUNCTION         0    0.182     0  00:02           0        13.6       0.007
  51                   JUNCTION         0     40.1     0  00:00           0    1.98e+03      -0.002
  Amont_C              JUNCTION      22.9     46.8     0  00:00    1.98e+03    1.98e+03       0.015
  52                   JUNCTION         0     0.37     0  00:02           0        22.6       0.097
  53                   JUNCTION         0    0.637     0  00:00           0        42.8       0.020
  54                   JUNCTION         0    0.496     0  00:06           0        42.8     345.678
  56                   JUNCTION         0    0.799     0  00:01           0        67.1      -0.000
  2                    JUNCTION         0   0.0519     0  00:06           0        4.48      95.322
  4                    JUNCTION         0    0.486     0  00:02           0        40.8       0.014
  5                    JUNCTION         0     14.2     0  00:00           0    1.16e+03       0.057
  6                    JUNCTION         0     16.4     0  00:00           0    1.18e+03       0.005
  7                    JUNCTION         0     14.7     0  00:01           0    1.16e+03      -0.004
  SS3                  JUNCTION         0    0.158     0  00:06           0        13.6       0.006
  SS5                  JUNCTION         0    0.588     0  00:06           0        42.2      60.540
  8                    JUNCTION         0    0.963     0  00:03           0        79.2       0.074
  10                   JUNCTION         0     1.02     0  00:02           0        14.3      -0.498
  SonSto_SS5           JUNCTION         0    0.453     0  00:06           0        32.2       6.304
  SonSto_SS3           JUNCTION         0    0.158     0  00:06           0        13.6      -0.993
  SonSto_SS4           JUNCTION         0    0.249     0  00:06           0        21.4     -40.749
  Amont_Trappe         JUNCTION         0      1.1     0  00:02           0        89.1       0.761
  SonSto_SS6           JUNCTION         0    0.596     0  00:06           0        44.6      -3.692
  SS2                  JUNCTION         0        0     0  00:00           0           0       0.000 ltr
  SonSto_SS2           JUNCTION         0        0     0  00:00           0           0       0.000 ltr
  12                   JUNCTION         0    0.553     0  00:00           0        33.9       0.013
  14                   JUNCTION         0      3.1     0  00:01           0         197       0.025
  15                   JUNCTION         0    0.719     0  00:02           0        60.6       0.022
  TWT_PointHaut_60+650 JUNCTION         0      2.9     0  00:04           0         247      -2.513
  TWT_Fensterstollen_60+375 JUNCTION         0     2.72     0  00:02           0         187       4.492
  TWT_Acces_LT_60+110  JUNCTION         0        0     0  00:00           0           0       0.000 ltr
  TWT_Liaison_LT_59+738 JUNCTION         0        0     0  00:00           0           0       0.000 ltr
  Syst_Est_amont       JUNCTION      1.15     1.61     0  00:06        98.9         139      81.236
  Syst_Est_interm      JUNCTION         0     1.55     0  00:06           0        76.6       0.895
  TWT_Branche_Est_Sonsto_60+540 JUNCTION         0        0     0  00:00           0           0       0.000 ltr
  TWT_Intersection_Sonsto_60+345 JUNCTION         0    0.695     0  00:01           0      0.0549       0.000
  TWT_Chrosweg_61+140  JUNCTION         0     3.01     0  00:05           0         254       2.737
  SonSto_F_sup         JUNCTION         0    0.708     0  00:03           0        60.6       0.001
  SonSto_porte         JUNCTION         0        0     0  00:00           0           0       0.000 ltr
  Brunnm_Fassung       OUTFALL          0   0.0437     0  00:02           0        3.56       0.000
  Brunnmuehle(Teich)   OUTFALL          0    0.482     0  00:02           0        40.2       0.000
  Fensterstollen       OUTFALL          0     3.72     0  00:02           0         267       0.000
  Gischeren            OUTFALL          0    0.759     0  00:06           0        65.3       0.000
  Schuettstein         OUTFALL          0    0.929     0  00:01           0        77.5       0.000
  Holiloch             OUTFALL          0     13.8     0  00:02           0    1.16e+03       0.000
  Sauserquelle         OUTFALL          0    0.797     0  00:01           0        67.1       0.000
  Entw_Stollen         OUTFALL          0   0.0266     0  00:06           0        2.29       0.000
  Sous_lacustre        OUTFALL          0   0.0443     0  00:02           0        3.67       0.000
  Sous_ecoul.          OUTFALL          0  0.00678     0  00:02           0       0.544       0.000
  Syst_Est_aval        OUTFALL          0     1.78     0  00:06           0        75.9       0.000
  TWT_Portail_Est_61+665 OUTFALL          0     2.41     0  00:06           0         207       0.000
  
  
  **********************
  Node Surcharge Summary
  **********************
  
  Surcharging occurs when water rises above the top of the highest conduit.
  ---------------------------------------------------------------------
                                               Max. Height   Min. Depth
                                   Hours       Above Crown    Below Rim
  Node                 Type      Surcharged         Meters       Meters
  ---------------------------------------------------------------------
  9                    JUNCTION       23.99         71.273       26.927
  Holiloch_sonde       JUNCTION       23.99         62.787      135.313
  11                   JUNCTION       24.00         64.256       85.284
  13                   JUNCTION       23.99         84.914      312.086
  21                   JUNCTION       24.00         45.505      103.895
  34                   JUNCTION       24.00         22.764       76.636
  38                   JUNCTION       24.00         31.217      118.183
  40                   JUNCTION       24.00         22.824       73.176
  41                   JUNCTION       23.99         86.776      162.374
  SondeSchuettstein    JUNCTION       23.99         27.768        0.000
  47                   JUNCTION       23.98         19.565       78.535
  48                   JUNCTION       23.99         14.536       84.664
  SondeGischeren       JUNCTION       23.96         14.331       84.469
  49                   JUNCTION       23.97         10.603      181.397
  50                   JUNCTION       23.95          8.568      191.132
  51                   JUNCTION       24.00        102.782      293.218
  Amont_C              JUNCTION       24.00        138.119      258.881
  52                   JUNCTION       23.96         53.223       46.377
  53                   JUNCTION       23.98         41.401      153.599
  56                   JUNCTION       24.00          5.755       93.245
  4                    JUNCTION       23.99          9.418       89.932
  5                    JUNCTION       23.98          1.733       43.267
  6                    JUNCTION       23.99         26.883      168.117
  8                    JUNCTION       23.91          1.779      193.221
  10                   JUNCTION       23.96          8.650      183.350
  12                   JUNCTION       23.99         45.141      154.509
  14                   JUNCTION       23.98         37.450      158.550
  TWT_Acces_LT_60+110  JUNCTION       24.00          0.000        0.000
  TWT_Liaison_LT_59+738 JUNCTION       24.00          0.000        0.000
  Syst_Est_interm      JUNCTION       23.89         64.917       33.583
  
  
  *********************
  Node Flooding Summary
  *********************
  
  No nodes were flooded.
  
  
  ***********************
  Outfall Loading Summary
  ***********************
  
  -----------------------------------------------------------
                         Flow       Avg       Max       Total
                         Freq      Flow      Flow      Volume
  Outfall Node           Pcnt       CMS       CMS    10^6 ltr
  -----------------------------------------------------------
  Brunnm_Fassung        99.95    0.0412    0.0437       3.557
  Brunnmuehle(Teich)    99.95     0.466     0.482      40.247
  Fensterstollen        99.95      3.09      3.72     266.753
  Gischeren             99.62     0.759     0.759      65.332
  Schuettstein          99.94     0.898     0.929      77.547
  Holiloch              99.91      13.4      13.8    1160.633
  Sauserquelle          99.98     0.777     0.797      67.144
  Entw_Stollen          99.95    0.0266    0.0266       2.294
  Sous_lacustre         99.98    0.0425    0.0443       3.675
  Sous_ecoul.           99.95    0.0063   0.00678       0.544
  Syst_Est_aval         99.56     0.882      1.78      75.873
  TWT_Portail_Est_61+665  99.98       2.4      2.41     207.290
  -----------------------------------------------------------
  System                99.89      22.8      23.7    1970.888
  
  
  ********************
  Link Flow Summary
  ********************
  
  -----------------------------------------------------------------------------
                                 Maximum  Time of Max   Maximum    Max/    Max/
                                  |Flow|   Occurrence   |Veloc|    Full    Full
  Link                 Type          CMS  days hr:min     m/sec    Flow   Depth
  -----------------------------------------------------------------------------
  Brunn_Fassung_L      CONDUIT    0.0437     0  00:02      1.76    0.72    0.82
  11                   CONDUIT      18.2     0  00:00      9.56    2.71    1.00
  14                   CONDUIT      20.6     0  00:00     13.49   11.22    1.00
  16                   CONDUIT     0.334     0  00:01      3.90    2.32    1.00
  17                   CONDUIT     0.319     0  00:00      1.13    0.55    1.00
  26                   CONDUIT      1.74     0  00:00      3.06    2.35    1.00
  27                   CONDUIT    0.0689     0  00:05      1.87    0.89    1.00
  Gischeren_L          CONDUIT     0.759     0  00:06      1.06    0.10    0.61
  Schuettstein_L       CONDUIT     0.929     0  00:01      5.30    0.79    0.84
  Brunnmuehle_L        CONDUIT     0.526     0  00:02      1.86    0.25    1.00
  32                   CONDUIT         0     0  00:00      0.00    0.00    0.00
  35                   CONDUIT      0.39     0  00:04      0.47    0.07    1.00
  45                   CONDUIT     0.583     0  00:06      3.73    0.00    0.06
  46                   CONDUIT     0.799     0  00:01      2.82    0.80    1.00
  47                   CONDUIT     0.148     0  00:00      3.89    9.21    1.00
  50                   CONDUIT     0.994     0  00:00      3.74    0.19    1.00
  51                   CONDUIT     0.152     0  00:01      1.57    0.42    1.00
  53                   CONDUIT     0.316     0  00:00      1.90    1.61    1.00
  Fenster_L            CONDUIT      3.72     0  00:02      6.81    0.04    0.13
  58                   CONDUIT      3.65     0  00:02      6.11    0.05    0.15
  59                   CONDUIT      0.43     0  00:06      3.45    0.00    0.05
  61                   CONDUIT       1.1     0  00:00      5.24    1.55    1.00
  63                   CONDUIT     0.176     0  00:02      2.42    0.79    0.52
  66                   CONDUIT     0.182     0  00:02      2.81    2.40    1.00
  67                   CONDUIT      22.8     0  00:00      5.85    0.23    1.00
  Amont_L              CONDUIT      40.1     0  00:00      5.67    2.17    1.00
  69                   CONDUIT      0.37     0  00:02      3.12    1.45    1.00
  70                   CONDUIT     0.265     0  00:02      2.11    0.82    1.00
  71                   CONDUIT     0.637     0  00:00      2.65    1.12    1.00
  72                   CONDUIT     0.496     0  00:06      2.33    2.35    1.00
  Sauser_L             CONDUIT     0.797     0  00:01      1.47    0.20    0.65
  75                   CONDUIT    0.0888     0  00:06      2.78    0.90    0.63
  Entw_Sto_L           CONDUIT    0.0266     0  00:06      1.78    0.61    0.57
  4                    CONDUIT    0.0226     0  00:06      1.23    1.01    0.77
  5                    CONDUIT    0.0293     0  00:06      1.37    1.05    0.79
  6                    CONDUIT    0.0443     0  00:02      1.65    0.67    0.80
  7                    CONDUIT     0.486     0  00:02      2.48    0.75    1.00
  Brunn_Teich_L        CONDUIT     0.482     0  00:02      1.91    0.37    0.71
  9                    CONDUIT   0.00678     0  00:02      1.70    0.00    0.51
  12                   CONDUIT      14.2     0  00:00      7.61    0.29    1.00
  15                   CONDUIT      16.4     0  00:00      7.83    0.42    1.00
  18                   CONDUIT      14.9     0  00:00      7.35    0.60    1.00
  19                   CONDUIT      1.23     0  00:01      1.63    1.17    1.00
  20                   CONDUIT      1.17     0  00:02      3.34    0.09    0.41
  21                   CONDUIT      14.7     0  00:01      1.31    0.10    0.92
  Hooliloch_L          CONDUIT      13.8     0  00:02      1.92    0.27    0.76
  23                   CONDUIT     0.158     0  00:06      3.37    0.99    0.63
  25                   CONDUIT     0.963     0  00:03      3.33    0.79    1.00
  28                   CONDUIT      0.16     0  00:06      2.39    0.00    0.04
  29                   CONDUIT    0.0778     0  00:06      0.71    0.00    0.04
  31                   CONDUIT     0.555     0  00:05      0.87    0.34    0.90
  33                   CONDUIT      1.02     0  00:02      0.94    0.39    1.00
  37                   CONDUIT     0.422     0  00:06      0.73    0.01    0.14
  SS3_L                CONDUIT     0.158     0  00:06      3.12    0.00    0.05
  40                   CONDUIT       1.1     0  00:02      1.43    0.01    0.08
  SS6_L                CONDUIT     0.176     0  00:02      4.11    0.00    0.05
  1                    CONDUIT         0     0  00:00      0.00    0.00    0.02
  2                    CONDUIT         0     0  00:00      0.00    0.00    0.00
  3                    CONDUIT    0.0887     0  00:06      4.69    0.01    0.10
  10                   CONDUIT     0.449     0  00:06      0.87    0.00    0.13
  13                   CONDUIT     0.553     0  00:00      5.90    1.20    1.00
  22                   CONDUIT     0.399     0  00:01      4.14    0.99    1.00
  24                   CONDUIT       3.1     0  00:01      4.44    0.00    1.00
  30                   CONDUIT      2.32     0  00:01      3.22    0.97    1.00
  34                   CONDUIT     0.719     0  00:02      3.12    0.80    0.97
  36                   CONDUIT     0.708     0  00:03      5.85    0.76    0.53
  38                   CONDUIT     0.575     0  00:01      3.15    0.22    1.00
  48                   CONDUIT      1.55     0  00:06      2.64    1.04    0.94
  54                   CONDUIT      1.78     0  00:06      1.37    0.34    0.72
  68                   CONDUIT     0.549     0  00:03      8.58    0.00    0.05
  73                   CONDUIT         0     0  00:00      0.00    0.00    0.03
  TWT1                 CONDUIT      2.41     0  00:06      4.50    0.00    0.03
  1_1_a_1              CONDUIT     0.462     0  00:06      1.01    0.16    0.57
  TWT2                 CONDUIT      3.01     0  00:05      4.96    0.00    0.04
  TWT3                 CONDUIT         0     0  00:00      0.00    0.00    0.02
  TWT4                 CONDUIT         0     0  00:00      0.00    0.00    0.01
  1_2_b_               CONDUIT         0     0  00:00      0.00    0.00    0.00
  1_2_b_2              CONDUIT     0.159     0  00:03      2.87    0.01    0.15
  1_2_b_3              CONDUIT      1.95     0  00:02      4.13    0.21    0.61
  1_3_b_3              CONDUIT       2.9     0  00:04      5.16   10.41    0.68
  TWT5                 CONDUIT     0.695     0  00:01      1.39    0.00    0.06
  1_4_a                CONDUIT      2.54     0  00:02      5.85    0.01    0.11
  
  
  ***************************
  Flow Classification Summary
  ***************************
  
  -------------------------------------------------------------------------------------
                      Adjusted    ---------- Fraction of Time in Flow Class ---------- 
                       /Actual         Up    Down  Sub   Sup   Up    Down  Norm  Inlet 
  Conduit               Length    Dry  Dry   Dry   Crit  Crit  Crit  Crit  Ltd   Ctrl  
  -------------------------------------------------------------------------------------
  Brunn_Fassung_L         1.00   0.00  0.00  0.00  0.00  1.00  0.00  0.00  0.00  0.00
  11                      1.00   0.00  0.00  0.00  1.00  0.00  0.00  0.00  0.00  0.00
  14                      1.00   0.00  0.00  0.00  1.00  0.00  0.00  0.00  0.00  0.00
  16                      1.00   0.00  0.00  0.00  1.00  0.00  0.00  0.00  0.00  0.00
  17                      1.00   0.00  0.00  0.00  1.00  0.00  0.00  0.00  0.00  0.00
  26                      1.00   0.00  0.00  0.00  1.00  0.00  0.00  0.00  0.00  0.00
  27                      1.00   0.00  0.00  0.00  1.00  0.00  0.00  0.00  0.00  0.00
  Gischeren_L             1.00   0.00  0.00  0.00  1.00  0.00  0.00  0.00  0.00  0.00
  Schuettstein_L          1.00   0.00  0.00  0.00  0.00  1.00  0.00  0.00  0.00  0.00
  Brunnmuehle_L           1.00   0.00  0.00  0.00  1.00  0.00  0.00  0.00  0.00  0.00
  32                      1.00   1.00  0.00  0.00  0.00  0.00  0.00  0.00  0.00  0.00
  35                      1.00   0.00  0.00  0.00  1.00  0.00  0.00  0.00  0.00  0.00
  45                      1.00   0.00  0.00  0.00  0.00  1.00  0.00  0.00  1.00  0.00
  46                      1.00   0.00  0.00  0.00  1.00  0.00  0.00  0.00  0.00  0.00
  47                      1.00   0.00  0.00  0.00  1.00  0.00  0.00  0.00  0.00  0.00
  50                      1.00   0.00  0.00  0.00  1.00  0.00  0.00  0.00  0.00  0.00
  51                      1.00   0.00  0.00  0.00  1.00  0.00  0.00  0.00  0.00  0.00
  53                      1.00   0.00  0.00  0.00  1.00  0.00  0.00  0.00  0.00  0.00
  Fenster_L               1.00   0.00  0.00  0.00  0.00  1.00  0.00  0.00  0.00  0.00
  58                      1.00   0.00  0.00  0.00  0.00  1.00  0.00  0.00  0.00  0.00
  59                      1.00   0.00  0.00  0.00  0.00  1.00  0.00  0.00  0.00  0.00
  61                      1.00   0.00  0.00  0.00  1.00  0.00  0.00  0.00  0.00  0.00
  63                      1.00   0.00  0.00  0.00  1.00  0.00  0.00  0.00  0.00  0.00
  66                      1.00   0.00  0.00  0.00  1.00  0.00  0.00  0.00  0.00  0.00
  67                      1.00   0.00  0.00  0.00  1.00  0.00  0.00  0.00  0.00  0.00
  Amont_L                 1.00   0.00  0.00  0.00  1.00  0.00  0.00  0.00  0.00  0.00
  69                      1.00   0.00  0.00  0.00  1.00  0.00  0.00  0.00  0.00  0.00
  70                      1.00   0.00  0.00  0.00  1.00  0.00  0.00  0.00  0.00  0.00
  71                      1.00   0.00  0.00  0.00  1.00  0.00  0.00  0.00  0.00  0.00
  72                      1.00   0.00  0.00  0.00  1.00  0.00  0.00  0.00  0.00  0.00
  Sauser_L                1.00   0.00  0.00  0.00  1.00  0.00  0.00  0.00  0.00  0.00
  75                      1.00   0.00  0.00  0.00  0.00  1.00  0.00  0.00  0.00  0.00
  Entw_Sto_L              1.00   0.00  0.00  0.00  0.00  1.00  0.00  0.00  0.00  0.00
  4                       1.00   0.00  0.00  0.00  1.00  0.00  0.00  0.00  0.00  0.00
  5                       1.00   0.00  0.00  0.00  0.00  1.00  0.00  0.00  0.00  0.00
  6                       1.00   0.00  0.00  0.00  0.00  1.00  0.00  0.00  0.00  0.00
  7                       1.00   0.00  0.00  0.00  1.00  0.00  0.00  0.00  0.00  0.00
  Brunn_Teich_L           1.00   0.00  0.00  0.00  1.00  0.00  0.00  0.00  0.00  0.00
  9                       1.00   0.00  0.00  0.00  0.00  1.00  0.00  0.00  0.00  0.00
  12                      1.00   0.00  0.00  0.00  1.00  0.00  0.00  0.00  0.00  0.00
  15                      1.00   0.00  0.00  0.00  1.00  0.00  0.00  0.00  0.00  0.00
  18                      1.00   0.00  0.00  0.00  1.00  0.00  0.00  0.00  0.00  0.00
  19                      1.00   0.00  0.00  0.00  1.00  0.00  0.00  0.00  0.00  0.00
  20                      1.00   0.00  0.00  0.00  0.00  1.00  0.00  0.00  0.00  0.00
  21                      1.00   0.00  0.00  0.00  1.00  0.00  0.00  0.00  0.00  0.00
  Hooliloch_L             1.00   0.00  0.00  0.00  1.00  0.00  0.00  0.00  0.00  0.00
  23                      1.00   0.00  0.00  0.00  0.00  1.00  0.00  0.00  0.00  0.00
  25                      1.00   0.00  0.00  0.00  1.00  0.00  0.00  0.00  0.00  0.00
  28                      1.00   0.00  0.00  0.00  0.00  1.00  0.00  0.00  1.00  0.00
  29                      1.00   0.00  0.00  0.00  1.00  0.00  0.00  0.00  1.00  0.00
  31                      1.00   0.00  0.00  0.00  1.00  0.00  0.00  0.00  0.00  0.00
  33                      1.00   0.00  0.00  0.00  1.00  0.00  0.00  0.00  0.00  0.00
  37                      1.00   0.00  0.00  0.00  1.00  0.00  0.00  0.00  0.00  0.00
  SS3_L                   1.00   0.00  0.00  0.00  0.00  1.00  0.00  0.00  1.00  0.00
  40                      1.00   0.00  0.00  0.00  1.00  0.00  0.00  0.00  0.00  0.00
  SS6_L                   1.00   0.00  0.00  0.00  0.00  1.00  0.00  0.00  1.00  0.00
  1                       1.00   0.00  1.00  0.00  0.00  0.00  0.00  0.00  0.00  0.00
  2                       1.00   1.00  0.00  0.00  0.00  0.00  0.00  0.00  0.00  0.00
  3                       1.00   0.00  0.00  0.00  0.00  1.00  0.00  0.00  1.00  0.00
  10                      1.00   0.00  0.00  0.00  1.00  0.00  0.00  0.00  0.00  0.00
  13                      1.00   0.00  0.00  0.00  1.00  0.00  0.00  0.00  0.00  0.00
  22                      1.00   0.00  0.00  0.00  1.00  0.00  0.00  0.00  0.00  0.00
  24                      1.00   0.00  0.00  0.00  1.00  0.00  0.00  0.00  0.00  0.00
  30                      1.00   0.00  0.00  0.00  1.00  0.00  0.00  0.00  0.00  0.00
  34                      1.00   0.00  0.00  0.00  1.00  0.00  0.00  0.00  0.00  0.00
  36                      1.00   0.00  0.00  0.00  0.00  1.00  0.00  0.00  0.00  0.00
  38                      1.00   0.00  0.00  0.00  1.00  0.00  0.00  0.00  0.00  0.00
  48                      1.00   0.00  0.00  0.00  1.00  0.00  0.00  0.00  0.00  0.00
  54                      1.00   0.00  0.00  0.00  1.00  0.00  0.00  0.00  0.00  0.00
  68                      1.00   0.00  0.00  0.00  0.00  1.00  0.00  0.00  1.00  0.00
  73                      1.00   0.00  1.00  0.00  0.00  0.00  0.00  0.00  0.00  0.00
  TWT1                    1.00   0.00  0.00  0.00  0.00  1.00  0.00  0.00  0.00  0.00
  1_1_a_1                 1.00   0.00  0.00  0.00  1.00  0.00  0.00  0.00  1.00  0.00
  TWT2                    1.00   0.00  0.00  0.00  0.00  1.00  0.00  0.00  0.00  0.00
  TWT3                    1.00   0.00  1.00  0.00  0.00  0.00  0.00  0.00  0.00  0.00
  TWT4                    1.00   0.00  1.00  0.00  0.00  0.00  0.00  0.00  0.00  0.00
  1_2_b_                  1.00   1.00  0.00  0.00  0.00  0.00  0.00  0.00  0.00  0.00
  1_2_b_2                 1.00   0.00  0.00  0.00  0.00  1.00  0.00  0.00  1.00  0.00
  1_2_b_3                 1.00   0.00  0.00  0.00  0.00  1.00  0.00  0.00  0.00  0.00
  1_3_b_3                 1.00   0.00  0.00  0.00  0.00  1.00  0.00  0.00  0.00  0.00
  TWT5                    1.00   0.00  0.00  0.00  1.00  0.00  0.00  0.00  0.00  0.00
  1_4_a                   1.00   0.00  0.00  0.00  0.00  1.00  0.00  0.00  1.00  0.00
  
  
  *************************
  Conduit Surcharge Summary
  *************************
  
  ----------------------------------------------------------------------------
                                                           Hours        Hours 
                         --------- Hours Full --------   Above Full   Capacity
  Conduit                Both Ends  Upstream  Dnstream   Normal Flow   Limited
  ----------------------------------------------------------------------------
  Brunn_Fassung_L             0.01      0.01     24.00      0.01         0.01
  11                         23.99     23.99     23.99     23.99         0.01
  14                         23.99     23.99     23.99     23.99         0.01
  16                         24.00     24.00     24.00     23.99        23.99
  17                         24.00     24.00     24.00      0.01         0.01
  26                         23.99     24.00     23.99     23.99        23.99
  27                          0.01      0.01     23.98      0.01         0.01
  Gischeren_L                 0.01      0.01     23.91      0.01         0.01
  Schuettstein_L              0.01      0.01     23.99      0.01         0.01
  Brunnmuehle_L              24.00     24.00     24.00      0.01         0.01
  35                         23.92     23.92     23.96      0.01         0.01
  46                         24.00     24.00     24.00      0.01         0.01
  47                         24.00     24.00     24.00     24.00        24.00
  50                         23.99     23.99     23.99      0.01         0.01
  51                         23.98     23.98     23.99      0.01         0.01
  53                         24.00     24.00     24.00     23.99         0.01
  61                         23.99     23.99     23.99     23.99         0.01
  63                          0.01     23.97      0.01      0.01         0.01
  66                         23.95     23.98     23.95     23.97        23.95
  67                         23.99     23.99     24.00      0.01         0.01
  Amont_L                    24.00     24.00     24.00     24.00         0.01
  69                         23.96     23.96     24.00     23.98         0.01
  70                         23.96     23.96     24.00      0.01         0.01
  71                         23.98     23.98     23.99      0.01         0.01
  72                          0.01     23.98      0.01     23.98         0.01
  Sauser_L                    0.01      0.01     24.00      0.01         0.01
  75                          0.01     23.98      0.01      0.01         0.01
  4                           0.01     23.98      0.01     23.90         0.01
  5                           0.01      0.01     24.00     23.91         0.01
  6                           0.01      0.01     24.00      0.01         0.01
  7                          23.99     23.99     24.00      0.01         0.01
  Brunn_Teich_L               0.01      0.01     23.99      0.01         0.01
  9                           0.01      0.01     23.99      0.01         0.01
  12                         23.98     23.98     23.98      0.01         0.01
  15                         23.99     23.99     23.99      0.01         0.01
  18                         23.98     23.98     23.99      0.01         0.01
  19                         23.97     23.97     23.99      0.01         0.01
  21                          0.01      0.01     23.98      0.01         0.01
  Hooliloch_L                 0.01      0.01     23.97      0.01         0.01
  23                          0.01     23.95      0.01      0.01         0.01
  25                         23.94     23.94     23.99      0.01         0.01
  31                          0.01      0.01     23.91      0.01         0.01
  33                         23.96     23.96     23.97      0.01         0.01
  13                         23.99     23.99     24.00      0.01         0.01
  22                         23.99     23.99     24.00      0.01         0.01
  24                         23.98     23.98     24.00      0.01         0.01
  30                         23.98     23.98     24.00      0.01         0.01
  34                          0.01      0.01     23.99      0.01         0.01
  38                         23.95     23.95     23.96      0.01         0.01
  48                          0.01      0.01     23.92      0.02         0.01
  54                          0.01      0.01     23.89      0.01         0.01
  1_2_b_3                     0.01      0.01     23.99      0.01         0.01
  1_3_b_3                     0.01      0.01     23.99     23.99         0.01
  

  Analysis begun on:  Thu Aug 13 10:57:20 2026
  Analysis ended on:  Thu Aug 13 10:57:22 2026
  Total elapsed time: 00:00:02