
  EPA STORM WATER MANAGEMENT MODEL - VERSION 5.2 (Build 5.2.4)
  ------------------------------------------------------------

  Brunnmuehle (Twann) 
  WARNING 08: elevation drop exceeds length for Conduit SS3_L
  WARNING 08: elevation drop exceeds length for Conduit SS6_L
  WARNING 08: elevation drop exceeds length for Conduit 2
  WARNING 08: elevation drop exceeds length for Conduit 3
  WARNING 08: elevation drop exceeds length for Conduit 68
  WARNING 08: elevation drop exceeds length for Conduit 1_2_b_
  WARNING 08: elevation drop exceeds length for Conduit 1_2_b_2
  WARNING 08: elevation drop exceeds length for Conduit 1_2_b_3
  WARNING 08: elevation drop exceeds length for Conduit 1_3_b_2
  WARNING 08: elevation drop exceeds length for Conduit 1_4_a
  WARNING 08: elevation drop exceeds length for Conduit 1_4_b
  WARNING 02: maximum depth increased for Node 2
  
  ****************
  Analysis Options
  ****************
  Flow Units ............... CMS
  Process Models:
    Rainfall/Runoff ........ NO
    RDII ................... NO
    Snowmelt ............... NO
    Groundwater ............ NO
    Flow Routing ........... YES
    Ponding Allowed ........ NO
    Water Quality .......... NO
  Flow Routing Method ...... DYNWAVE
  Surcharge Method ......... EXTRAN
  Starting Date ............ 01/01/2000 00:00:00
  Ending Date .............. 01/02/2000 00:00:00
  Antecedent Dry Days ...... 0.0
  Report Time Step ......... 01:00:00
  Routing Time Step ........ 0.50 sec
  Variable Time Step ....... YES
  Maximum Trials ........... 8
  Number of Threads ........ 1
  Head Tolerance ........... 0.001500 m
  
  
  **************************        Volume        Volume
  Flow Routing Continuity        hectare-m      10^6 ltr
  **************************     ---------     ---------
  Dry Weather Inflow .......         0.000         0.000
  Wet Weather Inflow .......         0.000         0.000
  Groundwater Inflow .......         0.000         0.000
  RDII Inflow ..............         0.000         0.000
  External Inflow ..........       195.026      1950.277
  External Outflow .........       185.826      1858.275
  Flooding Loss ............         0.000         0.000
  Evaporation Loss .........         0.000         0.000
  Exfiltration Loss ........         0.000         0.000
  Initial Stored Volume ....         0.057         0.565
  Final Stored Volume ......         0.309         3.094
  Continuity Error (%) .....         4.586
  
  
  *************************
  Highest Continuity Errors
  *************************
  Node TWT_PointHaut_60+650 (97.23%)
  Node 2 (92.40%)
  Node SS5 (-72.86%)
  Node TWT_Chrosweg_61+140 (63.75%)
  Node SonSto_SS4 (47.58%)
  
  
  ***************************
  Time-Step Critical Elements
  ***************************
  Link 1_4_a (16055.35%)
  Link 1_4_b (13.40%)
  
  
  ********************************
  Highest Flow Instability Indexes
  ********************************
  All links are stable.
  
  
  *********************************
  Most Frequent Nonconverging Nodes
  *********************************
  Node Brunnm_Fassung (55.72%)
  Node Brunnmuehle(Teich) (55.72%)
  Node Fensterstollen (55.72%)
  Node Gischeren (55.72%)
  Node Schuettstein (55.72%)
  
  
  *************************
  Routing Time Step Summary
  *************************
  Minimum Time Step           :     0.50 sec
  Average Time Step           :     0.50 sec
  Maximum Time Step           :     0.50 sec
  % of Time in Steady State   :    99.38
  Average Iterations per Step :     5.81
  % of Steps Not Converging   :    55.72
  Time Step Frequencies       :
      0.500 -  0.500 sec      :   100.00 %
      0.500 -  0.500 sec      :     0.00 %
      0.500 -  0.500 sec      :     0.00 %
      0.500 -  0.500 sec      :     0.00 %
      0.500 -  0.500 sec      :     0.00 %
  
  
  ******************
  Node Depth Summary
  ******************
  
  ---------------------------------------------------------------------------------
                                 Average  Maximum  Maximum  Time of Max    Reported
                                   Depth    Depth      HGL   Occurrence   Max Depth
  Node                 Type       Meters   Meters   Meters  days hr:min      Meters
  ---------------------------------------------------------------------------------
  9                    JUNCTION    57.07    69.04   507.54     0  00:00       57.09
  Holiloch_sonde       JUNCTION    48.00    65.35   505.35     0  00:00       48.03
  11                   JUNCTION    65.40    67.81   477.81     0  00:02       65.41
  13                   JUNCTION    94.03    95.20   533.20     0  00:02       94.06
  21                   JUNCTION    45.10    47.04   447.04     0  00:02       45.11
  SonSto_F             JUNCTION     0.19     0.22   438.02     0  00:01        0.19
  Sondierstollen       JUNCTION     0.00     0.00   440.80     0  00:00        0.00
  Aval_Trappe          JUNCTION     0.38     0.43   438.03     0  00:01        0.38
  30                   JUNCTION     0.34     0.36   437.66     0  00:01        0.34
  Gischeren_node       JUNCTION     4.04     4.06   480.56     0  00:07        4.06
  34                   JUNCTION    22.47    23.92   443.92     0  00:02       22.48
  38                   JUNCTION    30.70    33.04   453.04     0  00:02       30.72
  SS6                  JUNCTION     0.07     0.07   448.07     0  00:01        0.07
  40                   JUNCTION    24.96    27.09   446.09     0  00:01       24.96
  41                   JUNCTION    93.63    94.79   532.29     0  00:02       93.67
  SondeSchuettstein    JUNCTION    27.58    29.24   488.24     0  00:00       27.59
  SS4                  JUNCTION     0.09     0.09   448.09     0  00:08        0.09
  47                   JUNCTION    16.00    22.39   487.29     0  00:00       16.01
  48                   JUNCTION    14.51    15.59   486.59     0  00:00       14.52
  SondeGischeren       JUNCTION    15.57    15.60   480.60     0  00:07       15.60
  49                   JUNCTION    17.45    19.29   485.29     0  00:01       17.47
  50                   JUNCTION     8.90     8.92   471.92     0  00:07        8.92
  51                   JUNCTION   112.74   113.91   533.91     0  00:02      112.77
  Amont_C              JUNCTION   117.45   118.63   536.63     0  00:02      117.48
  52                   JUNCTION    31.89    52.26   509.26     0  00:02       31.94
  53                   JUNCTION    58.68    59.76   526.76     0  00:05       58.78
  54                   JUNCTION    58.23    59.72   522.72     0  00:05       58.43
  56                   JUNCTION     6.46     6.89   436.89     0  00:01        6.46
  2                    JUNCTION     1.02     1.02   439.02     0  00:08        1.02
  4                    JUNCTION     9.36    10.49   438.49     0  00:00        9.37
  5                    JUNCTION     6.83     6.86   479.36     0  00:02        6.84
  6                    JUNCTION    25.66    32.38   490.38     0  00:00       25.68
  7                    JUNCTION     4.31     4.32   479.32     0  00:02        4.31
  SS3                  JUNCTION     0.08     0.08   448.08     0  00:07        0.08
  SS5                  JUNCTION     0.69     0.72   439.62     0  00:07        0.69
  8                    JUNCTION     6.87     6.90   480.90     0  00:07        6.89
  10                   JUNCTION    15.44    17.34   485.34     0  00:01       15.46
  SonSto_SS5           JUNCTION     0.18     0.18   439.48     0  00:07        0.18
  SonSto_SS3           JUNCTION     0.10     0.10   439.80     0  00:05        0.10
  SonSto_SS4           JUNCTION     0.10     0.17   439.57     0  00:07        0.10
  Amont_Trappe         JUNCTION     0.29     0.34   438.04     0  00:01        0.29
  SonSto_SS6           JUNCTION     0.15     0.15   438.85     0  00:07        0.15
  SS2                  JUNCTION     0.00     0.00   448.00     0  00:00        0.00
  SonSto_SS2           JUNCTION     0.00     0.00   441.50     0  00:00        0.00
  12                   JUNCTION    42.30    43.70   492.70     0  00:00       42.32
  14                   JUNCTION    35.77    45.84   510.84     0  00:01       35.80
  15                   JUNCTION     1.49     2.29   474.29     0  00:02        1.49
  TWT_PointHaut_60+650 JUNCTION     0.02     0.02   438.52     0  00:08        0.02
  TWT_Fensterstollen_60+375 JUNCTION     0.18     0.18   441.48     0  00:02        0.18
  TWT_Acces_LT_60+110  JUNCTION     0.00     0.00   441.50     0  00:00        0.00
  TWT_Liaison_LT_59+738 JUNCTION     0.00     0.00   450.60     0  00:00        0.00
  Syst_Est_amont       JUNCTION     8.61    12.06   442.06     0  00:08        8.66
  Syst_Est_interm      JUNCTION    20.85    30.85   440.85     0  00:07       20.96
  TWT_Branche_Est_Sonsto_60+540 JUNCTION     0.00     0.00   442.40     0  00:00        0.00
  TWT_Intersection_Sonsto_60+345 JUNCTION     0.06     0.06   440.96     0  00:02        0.06
  TWT_Chrosweg_61+140  JUNCTION     0.00     0.00   432.00     0  00:08        0.00
  SonSto_F_sup         JUNCTION     0.07     0.07   448.07     0  00:02        0.07
  SonSto_porte         JUNCTION     0.53     0.55   439.05     0  00:05        0.53
  Brunnm_Fassung       OUTFALL      0.12     0.12   433.92     0  00:02        0.12
  Brunnmuehle(Teich)   OUTFALL      0.27     0.28   435.78     0  00:02        0.27
  Fensterstollen       OUTFALL      0.34     0.34   437.34     0  00:06        0.34
  Gischeren            OUTFALL      0.27     0.27   480.27     0  00:07        0.27
  Schuettstein         OUTFALL      0.35     0.36   477.91     0  00:02        0.35
  Holiloch             OUTFALL      2.15     2.16   478.66     0  00:02        2.15
  Sauserquelle         OUTFALL      0.31     0.31   435.86     0  00:01        0.31
  Entw_Stollen         OUTFALL      0.18     0.18   436.68     0  00:05        0.18
  Sous_lacustre        OUTFALL      0.12     0.12   429.32     0  00:02        0.12
  Sous_ecoul.          OUTFALL      0.00     0.00   433.00     0  00:02        0.00
  Syst_Est_aval        OUTFALL      0.36     0.38   429.38     0  00:07        0.36
  TWT_Portail_Est_61+665 OUTFALL      0.00     0.00   421.60     0  00:08        0.00
  
  
  *******************
  Node Inflow Summary
  *******************
  
  -------------------------------------------------------------------------------------------------
                                  Maximum  Maximum                  Lateral       Total        Flow
                                  Lateral    Total  Time of Max      Inflow      Inflow     Balance
                                   Inflow   Inflow   Occurrence      Volume      Volume       Error
  Node                 Type           CMS      CMS  days hr:min    10^6 ltr    10^6 ltr     Percent
  -------------------------------------------------------------------------------------------------
  9                    JUNCTION         0     20.8     0  00:00           0    1.36e+03       0.008
  Holiloch_sonde       JUNCTION         0     18.3     0  00:00           0     1.3e+03       0.006
  11                   JUNCTION         0    0.344     0  00:02           0        29.4       0.002
  13                   JUNCTION         0     21.4     0  00:00           0    1.55e+03       0.015
  21                   JUNCTION         0    0.591     0  00:02           0        50.4       0.000
  SonSto_F             JUNCTION         0     1.24     0  00:07           0         101       0.757
  Sondierstollen       JUNCTION         0        0     0  00:00           0           0       0.000 ltr
  Aval_Trappe          JUNCTION         0     2.67     0  00:05           0         227      -0.566
  30                   JUNCTION         0     2.75     0  00:07           0         235      -0.664
  Gischeren_node       JUNCTION         0    0.886     0  00:04           0        73.5       0.090
  34                   JUNCTION         0    0.548     0  00:02           0        46.6       0.001
  38                   JUNCTION         0    0.327     0  00:00           0        26.7      -0.002
  SS6                  JUNCTION         0    0.179     0  00:01           0        14.7       0.001
  40                   JUNCTION         0     2.98     0  00:02           0         256       0.006
  41                   JUNCTION         0     5.93     0  00:00           0        85.4       0.016
  SondeSchuettstein    JUNCTION         0     1.12     0  00:00           0        85.4       0.014
  SS4                  JUNCTION         0    0.178     0  00:08           0        15.4       0.003
  47                   JUNCTION         0     15.4     0  00:00           0    1.28e+03       0.003
  48                   JUNCTION         0     1.04     0  00:00           0        85.4       0.006
  SondeGischeren       JUNCTION         0    0.601     0  00:02           0        41.4       0.123
  49                   JUNCTION         0     1.26     0  00:01           0        14.8       0.376
  50                   JUNCTION         0    0.182     0  00:02           0        13.6       0.017
  51                   JUNCTION         0     38.2     0  00:00           0    1.86e+03      -0.000
  Amont_C              JUNCTION      21.5     46.6     0  00:00    1.86e+03    1.86e+03       0.013
  52                   JUNCTION         0    0.389     0  00:02           0        23.8       0.091
  53                   JUNCTION         0    0.658     0  00:00           0          19       0.067
  54                   JUNCTION         0     0.53     0  00:05           0        18.9       0.484
  56                   JUNCTION         0    0.807     0  00:01           0        68.9       0.001
  2                    JUNCTION         0     0.79     0  00:05           0        61.2    1216.218
  4                    JUNCTION         0    0.506     0  00:02           0        42.9       0.013
  5                    JUNCTION         0       15     0  00:02           0    1.28e+03       0.019
  6                    JUNCTION         0     16.9     0  00:00           0     1.3e+03       0.011
  7                    JUNCTION         0     15.3     0  00:01           0    1.28e+03       0.027
  SS3                  JUNCTION         0    0.158     0  00:07           0        13.6       0.003
  SS5                  JUNCTION         0    0.799     0  00:08           0        23.7     -42.151
  8                    JUNCTION         0     1.04     0  00:03           0        87.3       0.084
  10                   JUNCTION         0     1.06     0  00:01           0        14.7       0.102
  SonSto_SS5           JUNCTION         0    0.594     0  00:07           0          45       2.209
  SonSto_SS3           JUNCTION         0    0.158     0  00:07           0        13.6       0.446
  SonSto_SS4           JUNCTION         0    0.337     0  00:05           0        28.9      90.775
  Amont_Trappe         JUNCTION         0     1.14     0  00:07           0        94.3      -1.114
  SonSto_SS6           JUNCTION         0    0.721     0  00:07           0        58.7       6.340
  SS2                  JUNCTION         0        0     0  00:00           0           0       0.000 ltr
  SonSto_SS2           JUNCTION         0        0     0  00:00           0           0       0.000 ltr
  12                   JUNCTION         0    0.498     0  00:00           0        35.6       0.007
  14                   JUNCTION         0     3.22     0  00:00           0         207       0.020
  15                   JUNCTION         0    0.747     0  00:01           0        59.3       0.026
  TWT_PointHaut_60+650 JUNCTION         0    0.742     0  00:08           0        34.9    3507.759
  TWT_Fensterstollen_60+375 JUNCTION         0     2.19     0  00:02           0         188       0.020
  TWT_Acces_LT_60+110  JUNCTION         0        0     0  00:00           0           0       0.000 ltr
  TWT_Liaison_LT_59+738 JUNCTION         0        0     0  00:00           0           0       0.000 ltr
  Syst_Est_amont       JUNCTION      1.08     1.08     0  00:07        92.9        92.9       0.118
  Syst_Est_interm      JUNCTION         0     1.13     0  00:04           0        58.5       0.175
  TWT_Branche_Est_Sonsto_60+540 JUNCTION         0        0     0  00:00           0           0       0.000 ltr
  TWT_Intersection_Sonsto_60+345 JUNCTION         0    0.655     0  00:02           0        56.2       0.008
  TWT_Chrosweg_61+140  JUNCTION         0  0.00488     0  00:08           0        0.38     175.881
  SonSto_F_sup         JUNCTION         0    0.712     0  00:02           0        59.3       0.001
  SonSto_porte         JUNCTION         0    0.655     0  00:02           0        56.2       2.234
  Brunnm_Fassung       OUTFALL          0   0.0454     0  00:02           0        3.73       0.000
  Brunnmuehle(Teich)   OUTFALL          0    0.503     0  00:02           0        42.3       0.000
  Fensterstollen       OUTFALL          0     2.75     0  00:06           0         236       0.000
  Gischeren            OUTFALL          0    0.853     0  00:07           0        73.5       0.000
  Schuettstein         OUTFALL          0    0.999     0  00:02           0        85.4       0.000
  Holiloch             OUTFALL          0       15     0  00:02           0    1.28e+03       0.000
  Sauserquelle         OUTFALL          0    0.807     0  00:01           0        68.9       0.000
  Entw_Stollen         OUTFALL          0    0.054     0  00:08           0        4.65       0.000
  Sous_lacustre        OUTFALL          0   0.0457     0  00:02           0        3.81       0.000
  Sous_ecoul.          OUTFALL          0  0.00685     0  00:02           0       0.551       0.000
  Syst_Est_aval        OUTFALL          0    0.748     0  00:07           0        58.4       0.000
  TWT_Portail_Est_61+665 OUTFALL          0  0.00274     0  00:08           0       0.138       0.000
  
  
  **********************
  Node Surcharge Summary
  **********************
  
  Surcharging occurs when water rises above the top of the highest conduit.
  ---------------------------------------------------------------------
                                               Max. Height   Min. Depth
                                   Hours       Above Crown    Below Rim
  Node                 Type      Surcharged         Meters       Meters
  ---------------------------------------------------------------------
  9                    JUNCTION       23.99         67.245       30.955
  Holiloch_sonde       JUNCTION       23.99         63.449      134.651
  11                   JUNCTION       24.00         67.353       82.187
  13                   JUNCTION       23.99         92.202      304.798
  21                   JUNCTION       24.00         46.441      102.959
  34                   JUNCTION       24.00         23.318       76.082
  38                   JUNCTION       24.00         32.442      116.958
  40                   JUNCTION       24.00         23.093       72.907
  41                   JUNCTION       23.99         93.938      155.212
  SondeSchuettstein    JUNCTION       23.99         28.443        0.000
  47                   JUNCTION       23.99         20.495       77.605
  48                   JUNCTION       23.99         14.794       84.406
  SondeGischeren       JUNCTION       23.96         14.404       84.396
  49                   JUNCTION       23.97         11.291      180.709
  50                   JUNCTION       23.96          8.621      191.079
  51                   JUNCTION       24.00        109.913      286.087
  Amont_C              JUNCTION       24.00        115.632      281.368
  52                   JUNCTION       23.96         51.856       47.744
  53                   JUNCTION       23.99         54.755      140.245
  54                   JUNCTION       23.92         54.720      140.280
  56                   JUNCTION       24.00          5.893       93.107
  4                    JUNCTION       23.99          9.843       89.507
  5                    JUNCTION       23.98          1.857       43.143
  6                    JUNCTION       23.99         27.378      167.622
  8                    JUNCTION       23.92          1.901      193.099
  10                   JUNCTION       23.97          9.338      182.662
  12                   JUNCTION       23.99         43.345      156.305
  14                   JUNCTION       23.98         41.840      154.160
  15                   JUNCTION       23.96          1.736       97.714
  TWT_Liaison_LT_59+738 JUNCTION       24.00          0.000        0.000
  Syst_Est_amont       JUNCTION       23.85         11.063       87.937
  Syst_Est_interm      JUNCTION       23.87         29.349       69.151
  
  
  *********************
  Node Flooding Summary
  *********************
  
  No nodes were flooded.
  
  
  ***********************
  Outfall Loading Summary
  ***********************
  
  -----------------------------------------------------------
                         Flow       Avg       Max       Total
                         Freq      Flow      Flow      Volume
  Outfall Node           Pcnt       CMS       CMS    10^6 ltr
  -----------------------------------------------------------
  Brunnm_Fassung        99.96    0.0432    0.0454       3.726
  Brunnmuehle(Teich)    99.96      0.49     0.503      42.313
  Fensterstollen        99.96      2.73      2.75     236.089
  Gischeren             99.66     0.853     0.853      73.467
  Schuettstein          99.95     0.989     0.999      85.364
  Holiloch              99.92      14.8        15    1280.868
  Sauserquelle          99.98     0.798     0.807      68.937
  Entw_Stollen          99.97    0.0539     0.054       4.653
  Sous_lacustre         99.99    0.0441    0.0457       3.809
  Sous_ecoul.           99.96   0.00638   0.00685       0.551
  Syst_Est_aval         99.46     0.679     0.748      58.352
  TWT_Portail_Est_61+665  99.46    0.0016   0.00274       0.138
  -----------------------------------------------------------
  System                99.85      21.5      21.6    1858.266
  
  
  ********************
  Link Flow Summary
  ********************
  
  -----------------------------------------------------------------------------
                                 Maximum  Time of Max   Maximum    Max/    Max/
                                  |Flow|   Occurrence   |Veloc|    Full    Full
  Link                 Type          CMS  days hr:min     m/sec    Flow   Depth
  -----------------------------------------------------------------------------
  Brunn_Fassung_L      CONDUIT    0.0454     0  00:02      1.82    0.75    0.82
  11                   CONDUIT      18.3     0  00:00      9.20    2.74    1.00
  14                   CONDUIT      20.8     0  00:00     14.01   11.34    1.00
  16                   CONDUIT     0.344     0  00:02      4.02    2.40    1.00
  17                   CONDUIT     0.329     0  00:00      1.16    0.56    1.00
  26                   CONDUIT      5.93     0  00:00     10.82    8.04    1.00
  27                   CONDUIT    0.0718     0  00:06      1.93    0.92    1.00
  Gischeren_L          CONDUIT     0.853     0  00:07      1.18    0.11    0.61
  Schuettstein_L       CONDUIT     0.999     0  00:02      5.59    0.85    0.86
  Brunnmuehle_L        CONDUIT     0.548     0  00:02      1.94    0.26    1.00
  32                   CONDUIT         0     0  00:00      0.00    0.00    0.00
  35                   CONDUIT     0.424     0  00:03      0.51    0.08    1.00
  45                   CONDUIT     0.706     0  00:07      4.16    0.01    0.06
  46                   CONDUIT     0.807     0  00:01      2.85    0.81    1.00
  47                   CONDUIT     0.152     0  00:02      4.00    9.48    1.00
  50                   CONDUIT      1.04     0  00:00      3.92    0.20    1.00
  51                   CONDUIT     0.156     0  00:01      1.62    0.44    1.00
  53                   CONDUIT     0.327     0  00:00      1.97    1.66    1.00
  Fenster_L            CONDUIT      2.75     0  00:06      6.21    0.03    0.12
  58                   CONDUIT      2.68     0  00:07      5.52    0.03    0.13
  59                   CONDUIT     0.551     0  00:07      3.79    0.01    0.05
  61                   CONDUIT      1.12     0  00:00      5.55    1.58    1.00
  63                   CONDUIT     0.179     0  00:01      2.46    0.80    0.52
  66                   CONDUIT     0.182     0  00:02      2.87    2.40    1.00
  67                   CONDUIT      21.4     0  00:00      5.53    0.21    1.00
  Amont_L              CONDUIT      38.2     0  00:00      5.40    2.07    1.00
  69                   CONDUIT     0.389     0  00:02      3.27    1.52    1.00
  70                   CONDUIT     0.276     0  00:02      2.20    0.86    1.00
  71                   CONDUIT     0.658     0  00:00      2.78    1.16    1.00
  72                   CONDUIT      0.53     0  00:05      2.43    2.51    1.00
  Sauser_L             CONDUIT     0.807     0  00:01      1.48    0.21    0.65
  75                   CONDUIT     0.178     0  00:08      5.12    1.81    0.68
  Entw_Sto_L           CONDUIT     0.054     0  00:08      2.12    1.25    1.00
  4                    CONDUIT    0.0407     0  00:05      1.43    1.82    1.00
  5                    CONDUIT    0.0341     0  00:03      1.44    1.21    1.00
  6                    CONDUIT    0.0457     0  00:02      1.69    0.69    0.80
  7                    CONDUIT     0.506     0  00:02      2.58    0.78    1.00
  Brunn_Teich_L        CONDUIT     0.503     0  00:02      1.98    0.38    0.71
  9                    CONDUIT   0.00685     0  00:02      1.72    0.00    0.51
  12                   CONDUIT        15     0  00:02      7.82    0.31    1.00
  15                   CONDUIT      16.9     0  00:00      7.92    0.44    1.00
  18                   CONDUIT      15.4     0  00:00      7.51    0.62    1.00
  19                   CONDUIT      1.26     0  00:01      1.65    1.20    1.00
  20                   CONDUIT      1.15     0  00:05      3.38    0.09    0.37
  21                   CONDUIT      15.3     0  00:01      1.36    0.10    0.93
  Hooliloch_L          CONDUIT        15     0  00:02      2.05    0.30    0.77
  23                   CONDUIT     0.158     0  00:07      3.37    0.99    0.63
  25                   CONDUIT      1.04     0  00:03      3.57    0.85    1.00
  28                   CONDUIT     0.159     0  00:05      2.37    0.00    0.05
  29                   CONDUIT     0.126     0  00:07      0.91    0.01    0.05
  31                   CONDUIT     0.598     0  00:04      0.94    0.37    0.91
  33                   CONDUIT      1.06     0  00:01      0.98    0.40    1.00
  37                   CONDUIT     0.551     0  00:07      0.84    0.01    0.15
  SS3_L                CONDUIT     0.158     0  00:07      3.12    0.00    0.05
  40                   CONDUIT      1.14     0  00:07      1.53    0.01    0.07
  SS6_L                CONDUIT     0.179     0  00:01      4.03    0.00    0.06
  1                    CONDUIT         0     0  00:00      0.00    0.00    0.02
  2                    CONDUIT         0     0  00:00      0.00    0.00    0.00
  3                    CONDUIT     0.178     0  00:08      4.89    0.02    0.13
  10                   CONDUIT     0.654     0  00:08      1.12    0.00    0.14
  13                   CONDUIT     0.498     0  00:00      6.21    1.08    1.00
  22                   CONDUIT     0.415     0  00:02      4.32    1.03    1.00
  24                   CONDUIT      3.22     0  00:00      4.57    0.00    1.00
  30                   CONDUIT      2.42     0  00:02      3.36    1.01    1.00
  34                   CONDUIT     0.747     0  00:01      3.26    0.84    1.00
  36                   CONDUIT     0.712     0  00:02      5.84    0.76    0.56
  38                   CONDUIT     0.601     0  00:02      3.17    0.23    1.00
  48                   CONDUIT      1.13     0  00:04      2.61    0.76    1.00
  54                   CONDUIT     0.748     0  00:07      0.64    0.14    0.63
  68                   CONDUIT     0.552     0  00:02      8.49    0.00    0.05
  73                   CONDUIT     0.717     0  00:05      1.23    0.17    0.39
  TWT1                 CONDUIT   0.00274     0  00:08      0.00    0.00    0.00
  TWT2                 CONDUIT   0.00488     0  00:08      1.17    0.00    0.00
  TWT3                 CONDUIT         0     0  00:00      0.00    0.00    0.00
  TWT4                 CONDUIT         0     0  00:00      0.00    0.00    0.01
  1_2_b_               CONDUIT         0     0  00:00      0.00    0.00    0.00
  1_2_b_2              CONDUIT      0.16     0  00:02      2.87    0.01    0.12
  1_2_b_3              CONDUIT      2.04     0  00:02      4.27    0.22    0.59
  1_3_b_1              CONDUIT     0.742     0  00:08      1.88    0.09    0.51
  1_3_b_2              CONDUIT     0.548     0  00:07      1.38    0.05    0.51
  TWT5                 CONDUIT     0.655     0  00:02      4.14    0.00    0.01
  1_4_a                CONDUIT      1.53     0  00:02      4.97    0.01    0.10
  TWT6                 CONDUIT         0     0  00:00      0.00    0.00    0.00
  1_4_b                CONDUIT     0.655     0  00:02     10.68    0.00    0.10
  
  
  ***************************
  Flow Classification Summary
  ***************************
  
  -------------------------------------------------------------------------------------
                      Adjusted    ---------- Fraction of Time in Flow Class ---------- 
                       /Actual         Up    Down  Sub   Sup   Up    Down  Norm  Inlet 
  Conduit               Length    Dry  Dry   Dry   Crit  Crit  Crit  Crit  Ltd   Ctrl  
  -------------------------------------------------------------------------------------
  Brunn_Fassung_L         1.00   0.00  0.00  0.00  0.00  1.00  0.00  0.00  0.00  0.00
  11                      1.00   0.00  0.00  0.00  1.00  0.00  0.00  0.00  0.00  0.00
  14                      1.00   0.00  0.00  0.00  1.00  0.00  0.00  0.00  0.00  0.00
  16                      1.00   0.00  0.00  0.00  1.00  0.00  0.00  0.00  0.00  0.00
  17                      1.00   0.00  0.00  0.00  1.00  0.00  0.00  0.00  0.00  0.00
  26                      1.00   0.00  0.00  0.00  1.00  0.00  0.00  0.00  0.00  0.00
  27                      1.00   0.00  0.00  0.00  0.00  1.00  0.00  0.00  0.00  0.00
  Gischeren_L             1.00   0.00  0.00  0.00  1.00  0.00  0.00  0.00  0.00  0.00
  Schuettstein_L          1.00   0.00  0.00  0.00  0.00  1.00  0.00  0.00  0.00  0.00
  Brunnmuehle_L           1.00   0.00  0.00  0.00  1.00  0.00  0.00  0.00  0.00  0.00
  32                      1.00   1.00  0.00  0.00  0.00  0.00  0.00  0.00  0.00  0.00
  35                      1.00   0.00  0.00  0.00  1.00  0.00  0.00  0.00  0.00  0.00
  45                      1.00   0.00  0.00  0.00  0.00  1.00  0.00  0.00  0.00  0.00
  46                      1.00   0.00  0.00  0.00  1.00  0.00  0.00  0.00  0.00  0.00
  47                      1.00   0.00  0.00  0.00  1.00  0.00  0.00  0.00  0.00  0.00
  50                      1.00   0.00  0.00  0.00  1.00  0.00  0.00  0.00  0.00  0.00
  51                      1.00   0.00  0.00  0.00  1.00  0.00  0.00  0.00  0.00  0.00
  53                      1.00   0.00  0.00  0.00  1.00  0.00  0.00  0.00  0.00  0.00
  Fenster_L               1.00   0.00  0.00  0.00  0.00  1.00  0.00  0.00  0.00  0.00
  58                      1.00   0.00  0.00  0.00  0.00  1.00  0.00  0.00  1.00  0.00
  59                      1.00   0.00  0.00  0.00  0.00  1.00  0.00  0.00  0.00  0.00
  61                      1.00   0.00  0.00  0.00  1.00  0.00  0.00  0.00  0.00  0.00
  63                      1.00   0.00  0.00  0.00  1.00  0.00  0.00  0.00  0.00  0.00
  66                      1.00   0.00  0.00  0.00  1.00  0.00  0.00  0.00  0.00  0.00
  67                      1.00   0.00  0.00  0.00  1.00  0.00  0.00  0.00  0.00  0.00
  Amont_L                 1.00   0.00  0.00  0.00  1.00  0.00  0.00  0.00  0.00  0.00
  69                      1.00   0.00  0.00  0.00  1.00  0.00  0.00  0.00  0.00  0.00
  70                      1.00   0.00  0.00  0.00  1.00  0.00  0.00  0.00  0.00  0.00
  71                      1.00   0.00  0.00  0.00  1.00  0.00  0.00  0.00  0.00  0.00
  72                      1.00   0.00  0.00  0.00  1.00  0.00  0.00  0.00  0.00  0.00
  Sauser_L                1.00   0.00  0.00  0.00  1.00  0.00  0.00  0.00  0.00  0.00
  75                      1.00   0.00  0.00  0.00  0.00  1.00  0.00  0.00  0.00  0.00
  Entw_Sto_L              1.00   0.00  0.00  0.00  1.00  0.00  0.00  0.00  0.00  0.00
  4                       1.00   0.00  0.00  0.00  1.00  0.00  0.00  0.00  0.00  0.00
  5                       1.00   0.00  0.00  0.00  1.00  0.00  0.00  0.00  0.00  0.00
  6                       1.00   0.00  0.00  0.00  0.00  1.00  0.00  0.00  0.00  0.00
  7                       1.00   0.00  0.00  0.00  1.00  0.00  0.00  0.00  0.00  0.00
  Brunn_Teich_L           1.00   0.00  0.00  0.00  1.00  0.00  0.00  0.00  0.00  0.00
  9                       1.00   0.00  0.00  0.00  0.00  1.00  0.00  0.00  0.00  0.00
  12                      1.00   0.00  0.00  0.00  1.00  0.00  0.00  0.00  0.00  0.00
  15                      1.00   0.00  0.00  0.00  1.00  0.00  0.00  0.00  0.00  0.00
  18                      1.00   0.00  0.00  0.00  1.00  0.00  0.00  0.00  0.00  0.00
  19                      1.00   0.00  0.00  0.00  1.00  0.00  0.00  0.00  0.00  0.00
  20                      1.00   0.00  0.00  0.00  0.00  1.00  0.00  0.00  0.00  0.00
  21                      1.00   0.00  0.00  0.00  1.00  0.00  0.00  0.00  0.00  0.00
  Hooliloch_L             1.00   0.00  0.00  0.00  1.00  0.00  0.00  0.00  0.00  0.00
  23                      1.00   0.00  0.00  0.00  0.00  1.00  0.00  0.00  0.00  0.00
  25                      1.00   0.00  0.00  0.00  1.00  0.00  0.00  0.00  0.00  0.00
  28                      1.00   0.00  0.00  0.00  0.00  1.00  0.00  0.00  0.00  0.00
  29                      1.00   0.00  0.00  0.00  1.00  0.00  0.00  0.00  0.00  0.00
  31                      1.00   0.00  0.00  0.00  1.00  0.00  0.00  0.00  0.00  0.00
  33                      1.00   0.00  0.00  0.00  1.00  0.00  0.00  0.00  0.00  0.00
  37                      1.00   0.00  0.00  0.00  1.00  0.00  0.00  0.00  0.00  0.00
  SS3_L                   1.00   0.00  0.00  0.00  0.00  1.00  0.00  0.00  1.00  0.00
  40                      1.00   0.00  0.00  0.00  1.00  0.00  0.00  0.00  0.00  0.00
  SS6_L                   1.00   0.00  0.00  0.00  0.00  1.00  0.00  0.00  1.00  0.00
  1                       1.00   0.00  1.00  0.00  0.00  0.00  0.00  0.00  0.00  0.00
  2                       1.00   1.00  0.00  0.00  0.00  0.00  0.00  0.00  0.00  0.00
  3                       1.00   0.00  0.00  0.00  0.00  1.00  0.00  0.00  1.00  0.00
  10                      1.00   0.00  0.00  0.00  1.00  0.00  0.00  0.00  0.00  0.00
  13                      1.00   0.00  0.00  0.00  1.00  0.00  0.00  0.00  0.00  0.00
  22                      1.00   0.00  0.00  0.00  1.00  0.00  0.00  0.00  0.00  0.00
  24                      1.00   0.00  0.00  0.00  1.00  0.00  0.00  0.00  0.00  0.00
  30                      1.00   0.00  0.00  0.00  1.00  0.00  0.00  0.00  0.00  0.00
  34                      1.00   0.00  0.00  0.00  1.00  0.00  0.00  0.00  0.00  0.00
  36                      1.00   0.00  0.00  0.00  0.00  1.00  0.00  0.00  0.00  0.00
  38                      1.00   0.00  0.00  0.00  1.00  0.00  0.00  0.00  0.00  0.00
  48                      1.00   0.00  0.00  0.00  1.00  0.00  0.00  0.00  0.00  0.00
  54                      1.00   0.00  0.01  0.00  0.99  0.00  0.00  0.00  0.00  0.00
  68                      1.00   0.00  0.00  0.00  0.00  1.00  0.00  0.00  1.00  0.00
  73                      1.00   0.00  0.00  0.00  1.00  0.00  0.00  0.00  0.00  0.00
  TWT1                    1.00   0.01  0.00  0.00  0.00  0.99  0.00  0.00  0.00  0.00
  TWT2                    1.00   0.01  0.00  0.00  0.99  0.00  0.00  0.00  0.00  0.00
  TWT3                    1.00   0.01  0.99  0.00  0.00  0.00  0.00  0.00  0.00  0.00
  TWT4                    1.00   0.00  1.00  0.00  0.00  0.00  0.00  0.00  0.00  0.00
  1_2_b_                  1.00   1.00  0.00  0.00  0.00  0.00  0.00  0.00  0.00  0.00
  1_2_b_2                 1.00   0.00  0.00  0.00  0.00  1.00  0.00  0.00  1.00  0.00
  1_2_b_3                 1.00   0.00  0.00  0.00  0.00  1.00  0.00  0.00  0.00  0.00
  1_3_b_1                 1.00   0.00  0.01  0.00  0.99  0.00  0.00  0.00  0.00  0.00
  1_3_b_2                 1.00   0.00  0.01  0.00  0.99  0.00  0.00  0.00  0.99  0.00
  TWT5                    1.00   0.00  0.00  0.00  0.00  1.00  0.00  0.00  0.00  0.00
  1_4_a                   1.00   0.00  0.00  0.00  0.00  1.00  0.00  0.00  1.00  0.00
  TWT6                    1.00   0.00  1.00  0.00  0.00  0.00  0.00  0.00  0.00  0.00
  1_4_b                   1.00   0.00  0.00  0.00  0.00  1.00  0.00  0.00  1.00  0.00
  
  
  *************************
  Conduit Surcharge Summary
  *************************
  
  ----------------------------------------------------------------------------
                                                           Hours        Hours 
                         --------- Hours Full --------   Above Full   Capacity
  Conduit                Both Ends  Upstream  Dnstream   Normal Flow   Limited
  ----------------------------------------------------------------------------
  Brunn_Fassung_L             0.01      0.01     24.00      0.01         0.01
  11                         23.99     23.99     23.99     23.99         0.01
  14                         23.99     23.99     24.00     23.99         0.01
  16                         24.00     24.00     24.00     23.99        23.99
  17                         24.00     24.00     24.00      0.01         0.01
  26                         23.99     24.00     23.99     23.99        23.99
  27                          0.01      0.01     23.98      0.01         0.01
  Gischeren_L                 0.01      0.01     23.92      0.01         0.01
  Schuettstein_L              0.01      0.01     23.99      0.01         0.01
  Brunnmuehle_L              24.00     24.00     24.00      0.01         0.01
  35                         23.93     23.93     23.96      0.01         0.01
  46                         24.00     24.00     24.00      0.01         0.01
  47                         24.00     24.00     24.00     24.00        24.00
  50                         23.99     23.99     23.99      0.01         0.01
  51                         23.98     23.98     23.99      0.01         0.01
  53                         24.00     24.00     24.00     23.99         0.01
  61                         23.99     23.99     23.99     23.99         0.01
  63                          0.01     23.98      0.01      0.01         0.01
  66                         23.96     23.98     23.96     23.98        23.96
  67                         23.99     23.99     24.00      0.01         0.01
  Amont_L                    24.00     24.00     24.00     24.00         0.01
  69                         23.96     23.96     24.00     23.98         0.01
  70                         23.96     23.96     24.00      0.01         0.01
  71                         23.99     23.99     23.99      0.01         0.01
  72                         23.92     23.99     23.92     23.99        23.91
  Sauser_L                    0.01      0.01     24.00      0.01         0.01
  75                          0.01     23.98      0.01     23.91         0.01
  Entw_Sto_L                 23.91     23.94     23.91     23.94        23.91
  4                          23.94     23.98     23.94     23.95        23.94
  5                          23.94     23.94     24.00     23.96         0.01
  6                           0.01      0.01     24.00      0.01         0.01
  7                          23.99     23.99     24.00      0.01         0.01
  Brunn_Teich_L               0.01      0.01     23.99      0.01         0.01
  9                           0.01      0.01     23.99      0.01         0.01
  12                         23.99     23.99     23.99      0.01         0.01
  15                         23.99     23.99     23.99      0.01         0.01
  18                         23.99     23.99     23.99      0.01         0.01
  19                         23.98     23.98     23.99      0.01         0.01
  21                          0.01      0.01     23.98      0.01         0.01
  Hooliloch_L                 0.01      0.01     23.97      0.01         0.01
  23                          0.01     23.96      0.01      0.01         0.01
  25                         23.95     23.95     23.99      0.01         0.01
  31                          0.01      0.01     23.92      0.01         0.01
  33                         23.97     23.97     23.97      0.01         0.01
  13                         23.99     23.99     24.00      0.01         0.01
  22                         23.99     23.99     24.00     23.98        23.98
  24                         23.98     23.98     24.00      0.01         0.01
  30                         23.98     23.98     24.00     23.95        23.95
  34                         23.96     23.96     23.99      0.01         0.01
  36                          0.01     23.96      0.01      0.01         0.01
  38                         23.95     23.95     23.97      0.01         0.01
  48                         23.85     23.85     23.90      0.01         0.01
  54                          0.01      0.01     23.87      0.01         0.01
  1_2_b_3                     0.01      0.01     23.99      0.01         0.01
  1_3_b_1                     0.01      0.01     23.85      0.01         0.01
  1_3_b_2                     0.01      0.01     23.87      0.01         0.01
  

  Analysis begun on:  Thu Aug 13 08:38:06 2026
  Analysis ended on:  Thu Aug 13 08:38:09 2026
  Total elapsed time: 00:00:03