
  EPA STORM WATER MANAGEMENT MODEL - VERSION 5.2 (Build 5.2.4)
  ------------------------------------------------------------

  Brunnmuehle (Twann) 
  WARNING 08: elevation drop exceeds length for Conduit SS3_L
  WARNING 08: elevation drop exceeds length for Conduit SS6_L
  WARNING 08: elevation drop exceeds length for Conduit 2
  WARNING 08: elevation drop exceeds length for Conduit 3
  WARNING 08: elevation drop exceeds length for Conduit 68
  WARNING 08: elevation drop exceeds length for Conduit 1_2_b_
  WARNING 08: elevation drop exceeds length for Conduit 1_2_b_2
  WARNING 08: elevation drop exceeds length for Conduit 1_4_b
  WARNING 08: elevation drop exceeds length for Conduit 1_5_a
  WARNING 02: maximum depth increased for Node 2
  
  ****************
  Analysis Options
  ****************
  Flow Units ............... CMS
  Process Models:
    Rainfall/Runoff ........ NO
    RDII ................... NO
    Snowmelt ............... NO
    Groundwater ............ NO
    Flow Routing ........... YES
    Ponding Allowed ........ NO
    Water Quality .......... NO
  Flow Routing Method ...... DYNWAVE
  Surcharge Method ......... EXTRAN
  Starting Date ............ 01/01/2000 00:00:00
  Ending Date .............. 01/02/2000 00:00:00
  Antecedent Dry Days ...... 0.0
  Report Time Step ......... 01:00:00
  Routing Time Step ........ 0.50 sec
  Variable Time Step ....... YES
  Maximum Trials ........... 8
  Number of Threads ........ 1
  Head Tolerance ........... 0.001500 m
  
  
  **************************        Volume        Volume
  Flow Routing Continuity        hectare-m      10^6 ltr
  **************************     ---------     ---------
  Dry Weather Inflow .......         0.000         0.000
  Wet Weather Inflow .......         0.000         0.000
  Groundwater Inflow .......         0.000         0.000
  RDII Inflow ..............         0.000         0.000
  External Inflow ..........       133.343      1333.445
  External Outflow .........       126.809      1268.101
  Flooding Loss ............         0.000         0.000
  Evaporation Loss .........         0.000         0.000
  Exfiltration Loss ........         0.000         0.000
  Initial Stored Volume ....         0.056         0.561
  Final Stored Volume ......         0.536         5.359
  Continuity Error (%) .....         4.539
  
  
  *************************
  Highest Continuity Errors
  *************************
  Node TWT_Acces_LT_60+110 (-9755.71%)
  Node 5 (99.98%)
  Node SonSto_F (-80.86%)
  Node SondeSchuettstein (-78.39%)
  Node 2 (58.56%)
  
  
  ***************************
  Time-Step Critical Elements
  ***************************
  Link 1_4_a (15392.87%)
  
  
  ********************************
  Highest Flow Instability Indexes
  ********************************
  All links are stable.
  
  
  *********************************
  Most Frequent Nonconverging Nodes
  *********************************
  Node Brunnm_Fassung (49.73%)
  Node Brunnmuehle(Teich) (49.73%)
  Node Fensterstollen (49.73%)
  Node Gischeren (49.73%)
  Node Schuettstein (49.73%)
  
  
  *************************
  Routing Time Step Summary
  *************************
  Minimum Time Step           :     0.50 sec
  Average Time Step           :     0.50 sec
  Maximum Time Step           :     0.50 sec
  % of Time in Steady State   :    99.35
  Average Iterations per Step :     5.72
  % of Steps Not Converging   :    49.73
  Time Step Frequencies       :
      0.500 -  0.500 sec      :   100.00 %
      0.500 -  0.500 sec      :     0.00 %
      0.500 -  0.500 sec      :     0.00 %
      0.500 -  0.500 sec      :     0.00 %
      0.500 -  0.500 sec      :     0.00 %
  
  
  ******************
  Node Depth Summary
  ******************
  
  ---------------------------------------------------------------------------------
                                 Average  Maximum  Maximum  Time of Max    Reported
                                   Depth    Depth      HGL   Occurrence   Max Depth
  Node                 Type       Meters   Meters   Meters  days hr:min      Meters
  ---------------------------------------------------------------------------------
  9                    JUNCTION    34.98    35.04   473.54     0  00:09       35.04
  Holiloch_sonde       JUNCTION    33.42    33.48   473.48     0  00:09       33.48
  11                   JUNCTION    41.44    41.58   451.58     0  00:00       41.47
  13                   JUNCTION    35.77    35.82   473.82     0  00:09       35.82
  21                   JUNCTION    39.13    39.16   439.16     0  00:09       39.15
  SonSto_F             JUNCTION     0.61     0.64   438.44     0  00:09        0.61
  Sondierstollen       JUNCTION     0.00     0.00   440.80     0  00:00        0.00
  Aval_Trappe          JUNCTION     0.81     0.82   438.42     0  00:09        0.82
  30                   JUNCTION     0.73     0.73   438.03     0  00:09        0.73
  Gischeren_node       JUNCTION     0.00     0.00   476.50     0  00:00        0.00
  34                   JUNCTION    18.23    18.24   438.24     0  00:09       18.24
  38                   JUNCTION    21.43    21.44   441.44     0  00:09       21.44
  SS6                  JUNCTION     0.06     0.06   448.06     0  00:09        0.06
  40                   JUNCTION    27.26    27.30   446.30     0  00:09       27.28
  41                   JUNCTION    36.26    36.31   473.81     0  00:09       36.30
  SondeSchuettstein    JUNCTION    14.77    16.21   475.21     0  00:03       14.80
  SS4                  JUNCTION     0.06     0.06   448.06     0  00:06        0.06
  47                   JUNCTION     8.55     8.58   473.48     0  00:09        8.57
  48                   JUNCTION     2.81     4.35   475.35     0  00:03        2.82
  SondeGischeren       JUNCTION     0.00     0.00   465.00     0  00:00        0.00
  49                   JUNCTION     7.32     7.34   473.34     0  00:09        7.34
  50                   JUNCTION     0.00     0.00   463.00     0  00:00        0.00
  51                   JUNCTION    54.15    54.20   474.20     0  00:09       54.20
  Amont_C              JUNCTION    57.41    87.54   505.54     0  00:00       57.46
  52                   JUNCTION     0.24     0.24   457.24     0  00:09        0.24
  53                   JUNCTION     4.25     4.26   471.26     0  00:09        4.26
  54                   JUNCTION     0.55     0.56   463.56     0  00:09        0.56
  56                   JUNCTION     6.58     6.58   436.58     0  00:09        6.58
  2                    JUNCTION     0.09     0.09   438.09     0  00:09        0.09
  4                    JUNCTION     8.47     8.73   436.73     0  00:00        8.48
  5                    JUNCTION     0.97     0.98   473.48     0  00:09        0.98
  6                    JUNCTION    15.45    15.48   473.48     0  00:09       15.48
  7                    JUNCTION     0.00     0.00   475.00     0  00:00        0.00
  SS3                  JUNCTION     0.00     0.00   448.00     0  00:00        0.00
  SS5                  JUNCTION     0.58     0.58   439.48     0  00:09        0.58
  8                    JUNCTION     0.00     0.00   474.00     0  00:00        0.00
  10                   JUNCTION     5.31     5.33   473.33     0  00:09        5.33
  SonSto_SS5           JUNCTION     0.12     0.12   439.42     0  00:09        0.12
  SonSto_SS3           JUNCTION     0.00     0.00   439.70     0  00:00        0.00
  SonSto_SS4           JUNCTION     0.08     0.08   439.48     0  00:09        0.08
  Amont_Trappe         JUNCTION     0.70     0.73   438.43     0  00:09        0.70
  SonSto_SS6           JUNCTION     0.12     0.12   438.82     0  00:09        0.12
  SS2                  JUNCTION     0.00     0.00   448.00     0  00:00        0.00
  SonSto_SS2           JUNCTION     0.00     0.00   441.50     0  00:00        0.00
  12                   JUNCTION    12.15    12.18   461.18     0  00:09       12.18
  14                   JUNCTION     1.33     1.33   466.33     0  00:09        1.33
  15                   JUNCTION     0.17     0.17   472.17     0  00:09        0.17
  TWT_PointHaut_60+650 JUNCTION     0.17     0.17   438.67     0  00:09        0.17
  TWT_Fensterstollen_60+375 JUNCTION     1.26     1.26   438.56     0  00:09        1.26
  TWT_Acces_LT_60+110  JUNCTION     1.13     1.16   438.66     0  00:08        1.13
  TWT_Liaison_LT_59+738 JUNCTION     0.00     0.00   450.60     0  00:00        0.00
  Syst_Est_amont       JUNCTION     8.50    11.33   441.33     0  00:09        8.55
  Syst_Est_interm      JUNCTION    20.90    45.06   455.06     0  00:08       21.02
  TWT_Branche_Est_Sonsto_60+540 JUNCTION     0.00     0.00   442.40     0  00:00        0.00
  TWT_Intersection_Sonsto_60+345 JUNCTION     1.58     1.58   438.58     0  00:09        1.58
  TWT_Chrosweg_61+140  JUNCTION     0.13     0.13   432.13     0  00:09        0.13
  SonSto_F_sup         JUNCTION     0.03     0.03   448.03     0  00:09        0.03
  SonSto_porte         JUNCTION     0.08     0.08   438.58     0  00:09        0.08
  Brunnm_Fassung       OUTFALL      0.09     0.09   433.89     0  00:09        0.09
  Brunnmuehle(Teich)   OUTFALL      0.21     0.21   435.71     0  00:09        0.21
  Fensterstollen       OUTFALL      0.70     0.71   437.71     0  00:09        0.70
  Gischeren            OUTFALL      0.00     0.00   480.00     0  00:00        0.00
  Schuettstein         OUTFALL      0.00     0.00   477.55     0  00:00        0.00
  Holiloch             OUTFALL      0.00     0.00   476.50     0  00:00        0.00
  Sauserquelle         OUTFALL      0.33     0.33   435.88     0  00:09        0.33
  Entw_Stollen         OUTFALL      0.09     0.09   436.59     0  00:09        0.09
  Sous_lacustre        OUTFALL      0.10     0.10   429.30     0  00:09        0.10
  Sous_ecoul.          OUTFALL      0.00     0.00   433.00     0  00:09        0.00
  Syst_Est_aval        OUTFALL      0.38     0.42   429.42     0  00:08        0.38
  TWT_Portail_Est_61+665 OUTFALL      0.13     0.13   421.73     0  00:09        0.13
  
  
  *******************
  Node Inflow Summary
  *******************
  
  -------------------------------------------------------------------------------------------------
                                  Maximum  Maximum                  Lateral       Total        Flow
                                  Lateral    Total  Time of Max      Inflow      Inflow     Balance
                                   Inflow   Inflow   Occurrence      Volume      Volume       Error
  Node                 Type           CMS      CMS  days hr:min    10^6 ltr    10^6 ltr     Percent
  -------------------------------------------------------------------------------------------------
  9                    JUNCTION         0      8.6     0  00:00           0         120       0.137
  Holiloch_sonde       JUNCTION         0     7.69     0  00:01           0         109       0.569
  11                   JUNCTION         0    0.215     0  00:03           0        18.5       0.001
  13                   JUNCTION         0     14.9     0  00:00           0    1.14e+03       0.029
  21                   JUNCTION         0    0.352     0  00:09           0        30.3      -0.014
  SonSto_F             JUNCTION         0    0.849     0  00:02           0          41     -44.709
  Sondierstollen       JUNCTION         0        0     0  00:00           0           0       0.000 ltr
  Aval_Trappe          JUNCTION         0     12.3     0  00:09           0    1.06e+03      -0.372
  30                   JUNCTION         0     12.4     0  00:09           0    1.07e+03       1.714
  Gischeren_node       JUNCTION         0        0     0  00:00           0           0       0.000 ltr
  34                   JUNCTION         0    0.319     0  00:09           0        27.5       0.000
  38                   JUNCTION         0    0.204     0  00:03           0          17       0.012
  SS6                  JUNCTION         0    0.123     0  00:09           0        10.6       0.005
  40                   JUNCTION         0     1.09     0  00:09           0        93.9      -0.006
  41                   JUNCTION         0     1.52     0  00:00           0      0.0366       0.430
  SondeSchuettstein    JUNCTION         0    0.386     0  00:02           0      0.0171     -43.943
  SS4                  JUNCTION         0   0.0817     0  00:06           0         6.7       0.016
  47                   JUNCTION         0      2.3     0  00:03           0        6.28       0.200
  48                   JUNCTION         0    0.203     0  00:02           0      0.0261    8499.670
  SondeGischeren       JUNCTION         0        0     0  00:00           0           0       0.000 ltr
  49                   JUNCTION         0    0.564     0  00:03           0        11.9       9.551
  50                   JUNCTION         0        0     0  00:00           0           0       0.000 ltr
  51                   JUNCTION         0     28.4     0  00:00           0    1.27e+03      -0.001
  Amont_C              JUNCTION      14.7     39.7     0  00:00    1.27e+03    1.27e+03       0.016
  52                   JUNCTION         0    0.168     0  00:09           0        14.4       8.371
  53                   JUNCTION         0    0.149     0  00:04           0          12       0.346
  54                   JUNCTION         0    0.139     0  00:09           0          12      41.805
  56                   JUNCTION         0    0.908     0  00:09           0        78.3      -0.001
  2                    JUNCTION         0    0.051     0  00:09           0        4.39     141.339
  4                    JUNCTION         0    0.291     0  00:09           0        25.1       0.020
  5                    JUNCTION         0    0.404     0  00:03           0        6.27  595853.796
  6                    JUNCTION         0     4.31     0  00:02           0        18.3       1.014
  7                    JUNCTION         0        0     0  00:00           0           0       0.000 ltr
  SS3                  JUNCTION         0        0     0  00:00           0           0       0.000 ltr
  SS5                  JUNCTION         0    0.234     0  00:09           0        20.1       0.082
  8                    JUNCTION         0        0     0  00:00           0           0       0.000 ltr
  10                   JUNCTION         0    0.202     0  00:04           0        10.8       2.568
  SonSto_SS5           JUNCTION         0    0.258     0  00:09           0        22.2       0.073
  SonSto_SS3           JUNCTION         0        0     0  00:00           0           0       0.000 ltr
  SonSto_SS4           JUNCTION         0   0.0817     0  00:06           0         6.7       0.145
  Amont_Trappe         JUNCTION         0     1.07     0  00:07           0        68.2       9.748
  SonSto_SS6           JUNCTION         0    0.381     0  00:09           0        32.8       0.041
  SS2                  JUNCTION         0        0     0  00:00           0           0       0.000 ltr
  SonSto_SS2           JUNCTION         0        0     0  00:00           0           0       0.000 ltr
  12                   JUNCTION         0    0.272     0  00:02           0          20       0.026
  14                   JUNCTION         0    0.775     0  00:09           0        66.8       0.249
  15                   JUNCTION         0    0.127     0  00:09           0        10.9       1.721
  TWT_PointHaut_60+650 JUNCTION         0     1.33     0  00:09           0        90.1      70.330
  TWT_Fensterstollen_60+375 JUNCTION         0     12.3     0  00:09           0    1.06e+03       6.586
  TWT_Acces_LT_60+110  JUNCTION         0     5.36     0  00:05           0        1.33     -98.985
  TWT_Liaison_LT_59+738 JUNCTION         0        0     0  00:00           0           0       0.000 ltr
  Syst_Est_amont       JUNCTION     0.735      1.2     0  00:08        63.5        65.7       0.233
  Syst_Est_interm      JUNCTION         0     1.19     0  00:08           0        65.5       0.766
  TWT_Branche_Est_Sonsto_60+540 JUNCTION         0        0     0  00:00           0           0       0.000 ltr
  TWT_Intersection_Sonsto_60+345 JUNCTION         0     7.54     0  00:01           0         133     112.841
  TWT_Chrosweg_61+140  JUNCTION         0    0.589     0  00:09           0        50.7      17.383
  SonSto_F_sup         JUNCTION         0    0.125     0  00:09           0        10.7       0.147
  SonSto_porte         JUNCTION         0    0.138     0  00:09           0        10.7     833.617
  Brunnm_Fassung       OUTFALL          0   0.0277     0  00:09           0        2.39       0.000
  Brunnmuehle(Teich)   OUTFALL          0    0.286     0  00:09           0        24.6       0.000
  Fensterstollen       OUTFALL          0     12.4     0  00:09           0    1.05e+03       0.000
  Gischeren            OUTFALL          0        0     0  00:00           0           0       0.000 ltr
  Schuettstein         OUTFALL          0        0     0  00:00           0           0       0.000 ltr
  Holiloch             OUTFALL          0        0     0  00:00           0           0       0.000 ltr
  Sauserquelle         OUTFALL          0    0.908     0  00:09           0        78.3       0.000
  Entw_Stollen         OUTFALL          0   0.0212     0  00:09           0        1.82       0.000
  Sous_lacustre        OUTFALL          0   0.0324     0  00:09           0         2.8       0.000
  Sous_ecoul.          OUTFALL          0  0.00569     0  00:09           0       0.491       0.000
  Syst_Est_aval        OUTFALL          0    0.923     0  00:08           0          65       0.000
  TWT_Portail_Est_61+665 OUTFALL          0    0.502     0  00:09           0        43.2       0.000
  
  
  **********************
  Node Surcharge Summary
  **********************
  
  Surcharging occurs when water rises above the top of the highest conduit.
  ---------------------------------------------------------------------
                                               Max. Height   Min. Depth
                                   Hours       Above Crown    Below Rim
  Node                 Type      Surcharged         Meters       Meters
  ---------------------------------------------------------------------
  9                    JUNCTION       23.99         33.236       64.964
  Holiloch_sonde       JUNCTION       23.96         31.582      166.518
  11                   JUNCTION       24.00         41.116      108.424
  13                   JUNCTION       23.99         32.816      364.184
  21                   JUNCTION       24.00         38.564      110.836
  34                   JUNCTION       24.00         17.641       81.759
  38                   JUNCTION       24.00         20.845      128.555
  40                   JUNCTION       24.00         23.295       72.705
  41                   JUNCTION       23.99         35.464      213.686
  SondeSchuettstein    JUNCTION       23.95         15.407        0.000
  47                   JUNCTION       23.95          6.682       91.418
  48                   JUNCTION       23.94          3.545       95.655
  51                   JUNCTION       24.00         50.199      345.801
  Amont_C              JUNCTION       24.00         84.541      312.459
  56                   JUNCTION       23.99          5.579       93.421
  4                    JUNCTION       23.98          8.078       91.272
  6                    JUNCTION       23.95         10.480      184.520
  12                   JUNCTION       23.95         11.829      187.821
  Syst_Est_amont       JUNCTION       23.85         10.328       88.672
  Syst_Est_interm      JUNCTION       23.86         43.560       54.940
  
  
  *********************
  Node Flooding Summary
  *********************
  
  No nodes were flooded.
  
  
  ***********************
  Outfall Loading Summary
  ***********************
  
  -----------------------------------------------------------
                         Flow       Avg       Max       Total
                         Freq      Flow      Flow      Volume
  Outfall Node           Pcnt       CMS       CMS    10^6 ltr
  -----------------------------------------------------------
  Brunnm_Fassung        99.94    0.0277    0.0277       2.391
  Brunnmuehle(Teich)    99.94     0.285     0.286      24.638
  Fensterstollen        99.95      12.2      12.4    1049.402
  Gischeren              0.00         0         0       0.000
  Schuettstein           0.00         0         0       0.000
  Holiloch               0.00         0         0       0.000
  Sauserquelle          99.97     0.907     0.908      78.329
  Entw_Stollen          99.93    0.0211    0.0212       1.820
  Sous_lacustre        100.00    0.0324    0.0324       2.796
  Sous_ecoul.           99.94   0.00569   0.00569       0.491
  Syst_Est_aval         99.41     0.757     0.923      65.024
  TWT_Portail_Est_61+665  99.93       0.5     0.502      43.205
  -----------------------------------------------------------
  System                74.92      14.7      14.7    1268.095
  
  
  ********************
  Link Flow Summary
  ********************
  
  -----------------------------------------------------------------------------
                                 Maximum  Time of Max   Maximum    Max/    Max/
                                  |Flow|   Occurrence   |Veloc|    Full    Full
  Link                 Type          CMS  days hr:min     m/sec    Flow   Depth
  -----------------------------------------------------------------------------
  Brunn_Fassung_L      CONDUIT    0.0277     0  00:09      1.24    0.46    0.74
  11                   CONDUIT      7.69     0  00:01      5.34    1.15    1.00
  14                   CONDUIT       8.6     0  00:00      6.34    4.68    1.00
  16                   CONDUIT     0.215     0  00:03      2.52    1.50    1.00
  17                   CONDUIT     0.204     0  00:03      0.72    0.35    1.00
  26                   CONDUIT      1.52     0  00:00      2.69    2.06    1.00
  27                   CONDUIT    0.0705     0  00:08      1.85    0.91    1.00
  Gischeren_L          CONDUIT         0     0  00:00      0.00    0.00    0.00
  Schuettstein_L       CONDUIT         0     0  00:00      0.00    0.00    0.50
  Brunnmuehle_L        CONDUIT     0.319     0  00:09      1.13    0.15    1.00
  32                   CONDUIT         0     0  00:00      0.00    0.00    0.00
  35                   CONDUIT         0     0  00:00      0.00    0.00    0.00
  45                   CONDUIT     0.381     0  00:09      1.75    0.00    0.13
  46                   CONDUIT     0.908     0  00:09      3.21    0.91    1.00
  47                   CONDUIT    0.0923     0  00:03      2.43    5.75    1.00
  50                   CONDUIT     0.203     0  00:02      0.79    0.04    1.00
  51                   CONDUIT     0.181     0  00:09      1.88    0.51    1.00
  53                   CONDUIT     0.204     0  00:03      1.23    1.04    1.00
  Fenster_L            CONDUIT      12.4     0  00:09      9.70    0.12    0.24
  58                   CONDUIT      12.3     0  00:09      8.68    0.16    0.26
  59                   CONDUIT     0.258     0  00:09      2.88    0.00    0.04
  61                   CONDUIT     0.386     0  00:02      1.75    0.54    1.00
  63                   CONDUIT     0.123     0  00:09      2.02    0.55    0.52
  66                   CONDUIT         0     0  00:00      0.00    0.00    0.00
  67                   CONDUIT      14.9     0  00:00      3.98    0.15    1.00
  Amont_L              CONDUIT      28.4     0  00:00      4.02    1.54    1.00
  69                   CONDUIT     0.168     0  00:09      1.55    0.65    0.80
  70                   CONDUIT     0.155     0  00:09      1.43    0.48    0.80
  71                   CONDUIT     0.149     0  00:04      0.85    0.26    1.00
  72                   CONDUIT     0.139     0  00:09      0.97    0.66    0.48
  Sauser_L             CONDUIT     0.908     0  00:09      1.64    0.23    0.66
  75                   CONDUIT    0.0817     0  00:06      2.83    0.83    0.62
  Entw_Sto_L           CONDUIT    0.0212     0  00:09      1.68    0.49    0.50
  4                    CONDUIT    0.0201     0  00:09      1.16    0.90    0.74
  5                    CONDUIT    0.0175     0  00:09      0.86    0.62    0.75
  6                    CONDUIT    0.0324     0  00:09      1.29    0.49    0.75
  7                    CONDUIT     0.291     0  00:09      1.48    0.45    1.00
  Brunn_Teich_L        CONDUIT     0.286     0  00:09      1.23    0.22    0.66
  9                    CONDUIT   0.00569     0  00:09      1.43    0.00    0.50
  12                   CONDUIT     0.404     0  00:03      0.28    0.01    0.76
  15                   CONDUIT      4.31     0  00:02      2.46    0.11    1.00
  18                   CONDUIT       2.3     0  00:03      1.38    0.09    1.00
  19                   CONDUIT     0.564     0  00:03      1.08    0.54    1.00
  20                   CONDUIT      1.08     0  00:07      2.35    0.09    0.77
  21                   CONDUIT         0     0  00:00      0.00    0.00    0.10
  Hooliloch_L          CONDUIT         0     0  00:00      0.00    0.00    0.00
  23                   CONDUIT         0     0  00:00      0.00    0.00    0.00
  25                   CONDUIT         0     0  00:00      0.00    0.00    0.50
  28                   CONDUIT         0     0  00:00      0.00    0.00    0.01
  29                   CONDUIT    0.0246     0  00:09      0.36    0.00    0.03
  31                   CONDUIT         0     0  00:00      0.00    0.00    0.00
  33                   CONDUIT     0.202     0  00:04      0.63    0.08    0.79
  37                   CONDUIT     0.234     0  00:09      0.51    0.01    0.12
  SS3_L                CONDUIT         0     0  00:00      0.00    0.00    0.00
  40                   CONDUIT      1.07     0  00:07      1.08    0.01    0.17
  SS6_L                CONDUIT     0.123     0  00:09      4.34    0.00    0.04
  1                    CONDUIT         0     0  00:00      0.00    0.00    0.00
  2                    CONDUIT         0     0  00:00      0.00    0.00    0.00
  3                    CONDUIT    0.0817     0  00:06      3.47    0.01    0.07
  10                   CONDUIT    0.0579     0  00:06      0.14    0.00    0.11
  13                   CONDUIT     0.272     0  00:02      2.92    0.59    1.00
  22                   CONDUIT     0.252     0  00:03      2.62    0.62    1.00
  24                   CONDUIT     0.775     0  00:09      1.61    0.00    0.67
  30                   CONDUIT     0.773     0  00:09      1.61    0.32    0.67
  34                   CONDUIT     0.127     0  00:09      0.77    0.14    0.65
  36                   CONDUIT     0.125     0  00:09      4.28    0.13    0.18
  38                   CONDUIT         0     0  00:00      0.00    0.00    0.00
  48                   CONDUIT      1.19     0  00:08      2.39    0.80    1.00
  54                   CONDUIT     0.923     0  00:08      0.77    0.17    0.64
  68                   CONDUIT    0.0957     0  00:09      0.51    0.00    0.11
  73                   CONDUIT    0.0134     0  00:09      0.28    0.00    0.04
  TWT1                 CONDUIT     0.502     0  00:09      2.79    0.00    0.02
  TWT2                 CONDUIT     0.589     0  00:09      2.92    0.00    0.02
  1_1_b_1              CONDUIT     0.465     0  00:08      1.50    0.06    0.58
  1_1_b_3              CONDUIT      1.04     0  00:09      2.24    3.75    0.58
  TWT3                 CONDUIT         0     0  00:00      0.00    0.00    0.01
  TWT4                 CONDUIT         0     0  00:00      0.00    0.00    0.08
  1_2_b_               CONDUIT         0     0  00:00      0.00    0.00    0.00
  1_2_b_1              CONDUIT      11.7     0  00:09     14.90    7.09    1.00
  1_2_b_2              CONDUIT    0.0289     0  00:09      0.07    0.00    0.51
  TWT5                 CONDUIT      7.54     0  00:01      4.99    0.01    0.18
  1_4_a                CONDUIT      11.9     0  00:09      5.58    0.18    0.35
  TWT6                 CONDUIT      5.36     0  00:05      1.48    0.01    0.17
  1_4_b                CONDUIT     0.138     0  00:09      0.09    0.00    0.28
  TWT7                 CONDUIT         0     0  00:00      0.00    0.00    0.07
  1_5_a                CONDUIT         0     0  00:00      0.00    0.00    0.02
  
  
  ***************************
  Flow Classification Summary
  ***************************
  
  -------------------------------------------------------------------------------------
                      Adjusted    ---------- Fraction of Time in Flow Class ---------- 
                       /Actual         Up    Down  Sub   Sup   Up    Down  Norm  Inlet 
  Conduit               Length    Dry  Dry   Dry   Crit  Crit  Crit  Crit  Ltd   Ctrl  
  -------------------------------------------------------------------------------------
  Brunn_Fassung_L         1.00   0.00  0.00  0.00  0.00  1.00  0.00  0.00  0.00  0.00
  11                      1.00   0.00  0.00  0.00  1.00  0.00  0.00  0.00  0.00  0.00
  14                      1.00   0.00  0.00  0.00  1.00  0.00  0.00  0.00  0.00  0.00
  16                      1.00   0.00  0.00  0.00  1.00  0.00  0.00  0.00  0.00  0.00
  17                      1.00   0.00  0.00  0.00  1.00  0.00  0.00  0.00  0.00  0.00
  26                      1.00   0.00  0.00  0.00  1.00  0.00  0.00  0.00  0.00  0.00
  27                      1.00   0.00  0.00  0.00  1.00  0.00  0.00  0.00  0.00  0.00
  Gischeren_L             1.00   1.00  0.00  0.00  0.00  0.00  0.00  0.00  0.00  0.00
  Schuettstein_L          1.00   0.00  1.00  0.00  0.00  0.00  0.00  0.00  0.00  0.00
  Brunnmuehle_L           1.00   0.00  0.00  0.00  1.00  0.00  0.00  0.00  0.00  0.00
  32                      1.00   1.00  0.00  0.00  0.00  0.00  0.00  0.00  0.00  0.00
  35                      1.00   1.00  0.00  0.00  0.00  0.00  0.00  0.00  0.00  0.00
  45                      1.00   0.00  0.00  0.00  1.00  0.00  0.00  0.00  1.00  0.00
  46                      1.00   0.00  0.00  0.00  1.00  0.00  0.00  0.00  0.00  0.00
  47                      1.00   0.00  0.00  0.00  1.00  0.00  0.00  0.00  0.00  0.00
  50                      1.00   0.00  0.00  0.00  1.00  0.00  0.00  0.00  0.00  0.00
  51                      1.00   0.00  0.00  0.00  1.00  0.00  0.00  0.00  0.00  0.00
  53                      1.00   0.00  0.00  0.00  1.00  0.00  0.00  0.00  0.00  0.00
  Fenster_L               1.00   0.00  0.00  0.00  0.00  1.00  0.00  0.00  0.00  0.00
  58                      1.00   0.00  0.00  0.00  0.00  1.00  0.00  0.00  0.00  0.00
  59                      1.00   0.00  0.00  0.00  0.00  1.00  0.00  0.00  0.00  0.00
  61                      1.00   0.00  0.00  0.00  1.00  0.00  0.00  0.00  0.00  0.00
  63                      1.00   0.00  0.00  0.00  1.00  0.00  0.00  0.00  0.00  0.00
  66                      1.00   1.00  0.00  0.00  0.00  0.00  0.00  0.00  0.00  0.00
  67                      1.00   0.00  0.00  0.00  1.00  0.00  0.00  0.00  0.00  0.00
  Amont_L                 1.00   0.00  0.00  0.00  1.00  0.00  0.00  0.00  0.00  0.00
  69                      1.00   0.00  0.00  0.00  1.00  0.00  0.00  0.00  0.00  0.00
  70                      1.00   0.00  0.00  0.00  1.00  0.00  0.00  0.00  0.00  0.00
  71                      1.00   0.00  0.00  0.00  1.00  0.00  0.00  0.00  0.00  0.00
  72                      1.00   0.00  0.00  0.00  1.00  0.00  0.00  0.00  0.00  0.00
  Sauser_L                1.00   0.00  0.00  0.00  1.00  0.00  0.00  0.00  0.00  0.00
  75                      1.00   0.00  0.00  0.00  0.00  1.00  0.00  0.00  0.00  0.00
  Entw_Sto_L              1.00   0.00  0.00  0.00  0.00  1.00  0.00  0.00  0.00  0.00
  4                       1.00   0.00  0.00  0.00  1.00  0.00  0.00  0.00  0.00  0.00
  5                       1.00   0.00  0.00  0.00  1.00  0.00  0.00  0.00  0.00  0.00
  6                       1.00   0.00  0.00  0.00  0.00  1.00  0.00  0.00  0.00  0.00
  7                       1.00   0.00  0.00  0.00  1.00  0.00  0.00  0.00  0.00  0.00
  Brunn_Teich_L           1.00   0.00  0.00  0.00  1.00  0.00  0.00  0.00  0.00  0.00
  9                       1.00   0.00  0.00  0.00  0.00  1.00  0.00  0.00  0.00  0.00
  12                      1.00   0.00  0.00  0.00  1.00  0.00  0.00  0.00  0.00  0.00
  15                      1.00   0.00  0.00  0.00  1.00  0.00  0.00  0.00  0.00  0.00
  18                      1.00   0.00  0.00  0.00  1.00  0.00  0.00  0.00  0.00  0.00
  19                      1.00   0.00  0.00  0.00  1.00  0.00  0.00  0.00  0.00  0.00
  20                      1.00   0.00  0.00  0.00  1.00  0.00  0.00  0.00  0.00  0.00
  21                      1.00   0.00  1.00  0.00  0.00  0.00  0.00  0.00  0.00  0.00
  Hooliloch_L             1.00   1.00  0.00  0.00  0.00  0.00  0.00  0.00  0.00  0.00
  23                      1.00   1.00  0.00  0.00  0.00  0.00  0.00  0.00  0.00  0.00
  25                      1.00   0.00  1.00  0.00  0.00  0.00  0.00  0.00  0.00  0.00
  28                      1.00   0.00  1.00  0.00  0.00  0.00  0.00  0.00  0.00  0.00
  29                      1.00   0.00  0.00  0.00  1.00  0.00  0.00  0.00  1.00  0.00
  31                      1.00   1.00  0.00  0.00  0.00  0.00  0.00  0.00  0.00  0.00
  33                      1.00   0.00  0.00  0.00  1.00  0.00  0.00  0.00  0.00  0.00
  37                      1.00   0.00  0.00  0.00  1.00  0.00  0.00  0.00  0.00  0.00
  SS3_L                   1.00   1.00  0.00  0.00  0.00  0.00  0.00  0.00  0.00  0.00
  40                      1.00   0.00  0.00  0.00  1.00  0.00  0.00  0.00  0.00  0.00
  SS6_L                   1.00   0.00  0.00  0.00  0.00  1.00  0.00  0.00  1.00  0.00
  1                       1.00   1.00  0.00  0.00  0.00  0.00  0.00  0.00  0.00  0.00
  2                       1.00   1.00  0.00  0.00  0.00  0.00  0.00  0.00  0.00  0.00
  3                       1.00   0.00  0.00  0.00  0.00  1.00  0.00  0.00  1.00  0.00
  10                      1.00   0.00  0.00  0.00  1.00  0.00  0.00  0.00  0.00  0.00
  13                      1.00   0.00  0.00  0.00  1.00  0.00  0.00  0.00  0.00  0.00
  22                      1.00   0.00  0.00  0.00  1.00  0.00  0.00  0.00  0.00  0.00
  24                      1.00   0.00  0.00  0.00  1.00  0.00  0.00  0.00  0.00  0.00
  30                      1.00   0.00  0.00  0.00  1.00  0.00  0.00  0.00  1.00  0.00
  34                      1.00   0.00  0.00  0.00  1.00  0.00  0.00  0.00  0.00  0.00
  36                      1.00   0.00  0.00  0.00  0.00  1.00  0.00  0.00  0.00  0.00
  38                      1.00   1.00  0.00  0.00  0.00  0.00  0.00  0.00  0.00  0.00
  48                      1.00   0.00  0.00  0.00  1.00  0.00  0.00  0.00  0.00  0.00
  54                      1.00   0.00  0.01  0.00  0.99  0.00  0.00  0.00  0.00  0.00
  68                      1.00   0.00  0.00  0.00  1.00  0.00  0.00  0.00  1.00  0.00
  73                      1.00   0.00  0.01  0.00  0.99  0.00  0.00  0.00  0.00  0.00
  TWT1                    1.00   0.00  0.00  0.00  0.00  1.00  0.00  0.00  0.00  0.00
  TWT2                    1.00   0.00  0.00  0.00  0.00  1.00  0.00  0.00  0.00  0.00
  1_1_b_1                 1.00   0.00  0.00  0.00  1.00  0.00  0.00  0.00  0.01  0.00
  1_1_b_3                 1.00   0.00  0.00  0.00  0.00  1.00  0.00  0.00  0.00  0.00
  TWT3                    1.00   0.00  1.00  0.00  0.00  0.00  0.00  0.00  0.00  0.00
  TWT4                    1.00   0.00  1.00  0.00  0.00  0.00  0.00  0.00  0.00  0.00
  1_2_b_                  1.00   1.00  0.00  0.00  0.00  0.00  0.00  0.00  0.00  0.00
  1_2_b_1                 1.00   0.00  0.00  0.00  1.00  0.00  0.00  0.00  0.00  0.00
  1_2_b_2                 1.00   0.00  0.00  0.00  1.00  0.00  0.00  0.00  1.00  0.00
  TWT5                    1.00   0.00  0.00  0.00  1.00  0.00  0.00  0.00  0.00  0.00
  1_4_a                   1.00   0.00  0.00  0.00  0.00  1.00  0.00  0.00  0.00  0.00
  TWT6                    1.00   0.00  0.00  0.00  1.00  0.00  0.00  0.00  0.00  0.00
  1_4_b                   1.00   0.00  0.01  0.00  0.99  0.00  0.00  0.00  0.00  0.00
  TWT7                    1.00   0.00  1.00  0.00  0.00  0.00  0.00  0.00  0.00  0.00
  1_5_a                   1.00   0.00  1.00  0.00  0.00  0.00  0.00  0.00  0.00  0.00
  
  
  *************************
  Conduit Surcharge Summary
  *************************
  
  ----------------------------------------------------------------------------
                                                           Hours        Hours 
                         --------- Hours Full --------   Above Full   Capacity
  Conduit                Both Ends  Upstream  Dnstream   Normal Flow   Limited
  ----------------------------------------------------------------------------
  Brunn_Fassung_L             0.01      0.01     24.00      0.01         0.01
  11                         23.96     23.96     23.99      0.02         0.01
  14                         23.99     23.99     23.99      0.04         0.01
  16                         24.00     24.00     24.00     23.99        23.99
  17                         24.00     24.00     24.00      0.01         0.01
  26                         23.99     23.99     23.99      0.01         0.01
  27                         23.96     23.96     23.96      0.01         0.01
  Brunnmuehle_L              24.00     24.00     24.00      0.01         0.01
  46                         24.00     24.00     24.00      0.01         0.01
  47                         24.00     24.00     24.00     24.00        24.00
  50                         23.94     23.94     23.95      0.01         0.01
  51                         23.94     23.94     24.00      0.01         0.01
  53                         24.00     24.00     24.00     23.95         0.01
  61                         23.95     23.95     23.99      0.01         0.01
  63                          0.01     23.93      0.01      0.01         0.01
  67                         23.99     23.99     24.00      0.01         0.01
  Amont_L                    24.00     24.00     24.00      0.01         0.01
  69                          0.01      0.01     24.00      0.01         0.01
  70                          0.01      0.01     24.00      0.01         0.01
  71                         23.93     23.93     23.95      0.01         0.01
  Sauser_L                    0.01      0.01     24.00      0.01         0.01
  75                          0.01     23.89      0.01      0.01         0.01
  4                           0.01     23.91      0.01      0.01         0.01
  5                           0.01      0.01     24.00      0.01         0.01
  6                           0.01      0.01     24.00      0.01         0.01
  7                          23.99     23.99     24.00      0.01         0.01
  Brunn_Teich_L               0.01      0.01     23.98      0.01         0.01
  9                           0.01      0.01     23.98      0.01         0.01
  12                          0.01      0.01     23.95      0.01         0.01
  15                         23.96     23.96     23.96      0.01         0.01
  18                         23.95     23.95     23.95      0.01         0.01
  19                         23.92     23.92     23.95      0.01         0.01
  13                         23.95     23.95     24.00      0.01         0.01
  22                         23.95     23.95     24.00      0.01         0.01
  24                          0.01      0.01     24.00      0.01         0.01
  30                          0.01      0.01     24.00      0.01         0.01
  34                          0.01      0.01     23.99      0.01         0.01
  48                         23.85     23.85     23.89      0.01         0.01
  54                          0.01      0.01     23.86      0.01         0.01
  1_1_b_1                     0.01      0.01     23.85      0.01         0.01
  1_1_b_3                     0.01     23.97      0.01     23.96         0.01
  1_2_b_1                    23.93     23.99     23.93     23.99        23.93
  1_2_b_2                     0.01      0.01     23.93      0.01         0.01
  

  Analysis begun on:  Fri Aug 14 14:40:35 2026
  Analysis ended on:  Fri Aug 14 14:40:37 2026
  Total elapsed time: 00:00:02