
  EPA STORM WATER MANAGEMENT MODEL - VERSION 5.2 (Build 5.2.4)
  ------------------------------------------------------------

  Brunnmuehle (Twann) 
  WARNING 08: elevation drop exceeds length for Conduit SS3_L
  WARNING 08: elevation drop exceeds length for Conduit SS6_L
  WARNING 08: elevation drop exceeds length for Conduit 2
  WARNING 08: elevation drop exceeds length for Conduit 3
  WARNING 08: elevation drop exceeds length for Conduit 68
  WARNING 08: elevation drop exceeds length for Conduit 1_2_b_
  WARNING 08: elevation drop exceeds length for Conduit 1_2_b_2
  WARNING 08: elevation drop exceeds length for Conduit 1_3_a_2
  WARNING 08: elevation drop exceeds length for Conduit 1_4_b
  WARNING 08: elevation drop exceeds length for Conduit 1_5_a
  WARNING 08: elevation drop exceeds length for Conduit 1_6_b_1
  WARNING 04: minimum elevation drop used for Conduit 1_7_a
  WARNING 08: elevation drop exceeds length for Conduit 1_7_a_
  WARNING 08: elevation drop exceeds length for Conduit 1_7_a__
  WARNING 02: maximum depth increased for Node 2
  
  ****************
  Analysis Options
  ****************
  Flow Units ............... CMS
  Process Models:
    Rainfall/Runoff ........ NO
    RDII ................... NO
    Snowmelt ............... NO
    Groundwater ............ NO
    Flow Routing ........... YES
    Ponding Allowed ........ NO
    Water Quality .......... NO
  Flow Routing Method ...... DYNWAVE
  Surcharge Method ......... EXTRAN
  Starting Date ............ 01/01/2000 00:00:00
  Ending Date .............. 01/02/2000 00:00:00
  Antecedent Dry Days ...... 0.0
  Report Time Step ......... 01:00:00
  Routing Time Step ........ 0.50 sec
  Variable Time Step ....... YES
  Maximum Trials ........... 8
  Number of Threads ........ 1
  Head Tolerance ........... 0.001500 m
  
  
  **************************        Volume        Volume
  Flow Routing Continuity        hectare-m      10^6 ltr
  **************************     ---------     ---------
  Dry Weather Inflow .......         0.000         0.000
  Wet Weather Inflow .......         0.000         0.000
  Groundwater Inflow .......         0.000         0.000
  RDII Inflow ..............         0.000         0.000
  External Inflow ..........       207.725      2077.271
  External Outflow .........       197.427      1974.292
  Flooding Loss ............         0.000         0.000
  Evaporation Loss .........         0.000         0.000
  Exfiltration Loss ........         0.000         0.000
  Initial Stored Volume ....         0.056         0.563
  Final Stored Volume ......         0.431         4.313
  Continuity Error (%) .....         4.776
  
  
  *************************
  Highest Continuity Errors
  *************************
  Node TWT_Acces_LT_60+110 (100.00%)
  Node TWT_Chrosweg_61+140 (42.20%)
  Node TWT_Fensterstollen_60+375 (-34.42%)
  Node 2 (28.55%)
  Node SonSto_SS4 (12.25%)
  
  
  ***************************
  Time-Step Critical Elements
  ***************************
  Link 1_7_a_ (21589.47%)
  Link 20 (39.72%)
  Link 1_8_a (19.42%)
  
  
  ********************************
  Highest Flow Instability Indexes
  ********************************
  All links are stable.
  
  
  *********************************
  Most Frequent Nonconverging Nodes
  *********************************
  Node Brunnm_Fassung (63.66%)
  Node Brunnmuehle(Teich) (63.66%)
  Node Fensterstollen (63.66%)
  Node Gischeren (63.66%)
  Node Schuettstein (63.66%)
  
  
  *************************
  Routing Time Step Summary
  *************************
  Minimum Time Step           :     0.50 sec
  Average Time Step           :     0.50 sec
  Maximum Time Step           :     0.50 sec
  % of Time in Steady State   :    99.54
  Average Iterations per Step :     7.73
  % of Steps Not Converging   :    63.66
  Time Step Frequencies       :
      0.500 -  0.500 sec      :   100.00 %
      0.500 -  0.500 sec      :     0.00 %
      0.500 -  0.500 sec      :     0.00 %
      0.500 -  0.500 sec      :     0.00 %
      0.500 -  0.500 sec      :     0.00 %
  
  
  ******************
  Node Depth Summary
  ******************
  
  ---------------------------------------------------------------------------------
                                 Average  Maximum  Maximum  Time of Max    Reported
                                   Depth    Depth      HGL   Occurrence   Max Depth
  Node                 Type       Meters   Meters   Meters  days hr:min      Meters
  ---------------------------------------------------------------------------------
  9                    JUNCTION    54.01    68.56   507.06     0  00:00       54.03
  Holiloch_sonde       JUNCTION    46.29    64.00   504.00     0  00:00       46.31
  11                   JUNCTION    29.10    30.41   440.41     0  00:00       29.11
  13                   JUNCTION    84.61    87.72   525.72     0  00:00       84.64
  21                   JUNCTION    37.46    37.64   437.64     0  00:04       37.47
  SonSto_F             JUNCTION     0.14     0.14   437.94     0  00:06        0.14
  Sondierstollen       JUNCTION     0.00     0.00   440.80     0  00:00        0.00
  Aval_Trappe          JUNCTION     0.35     0.36   437.96     0  00:06        0.35
  30                   JUNCTION     0.51     0.51   437.81     0  00:06        0.51
  Gischeren_node       JUNCTION     3.97     3.98   480.48     0  00:06        3.98
  34                   JUNCTION    17.01    17.37   437.37     0  00:00       17.02
  38                   JUNCTION    17.78    17.92   437.92     0  00:05       17.78
  SS6                  JUNCTION     0.07     0.07   448.07     0  00:02        0.07
  40                   JUNCTION    21.66    25.06   444.06     0  00:01       21.66
  41                   JUNCTION    84.38    94.79   532.29     0  00:00       84.41
  SondeSchuettstein    JUNCTION    26.31    28.24   487.24     0  00:00       26.32
  SS4                  JUNCTION     0.08     0.08   448.08     0  00:06        0.08
  47                   JUNCTION    15.55    20.83   485.73     0  00:00       15.56
  48                   JUNCTION    13.43    15.07   486.07     0  00:00       13.43
  SondeGischeren       JUNCTION    15.48    15.52   480.52     0  00:06       15.52
  49                   JUNCTION    16.47    18.49   484.49     0  00:02       16.49
  50                   JUNCTION     8.83     8.86   471.86     0  00:06        8.85
  51                   JUNCTION   103.45   108.04   528.04     0  00:00      103.48
  Amont_C              JUNCTION   108.54   141.12   559.12     0  00:00      108.57
  52                   JUNCTION     0.42     0.42   457.42     0  00:06        0.42
  53                   JUNCTION    50.42    51.74   518.74     0  00:06       50.53
  54                   JUNCTION    50.81    52.52   515.52     0  00:06       51.03
  56                   JUNCTION     6.25     6.72   436.72     0  00:01        6.25
  2                    JUNCTION     0.01     0.01   438.01     0  00:06        0.01
  4                    JUNCTION     8.13     8.97   436.97     0  00:00        8.13
  5                    JUNCTION     6.67     6.72   479.22     0  00:02        6.67
  6                    JUNCTION    24.72    31.13   489.13     0  00:00       24.73
  7                    JUNCTION     4.13     4.18   479.18     0  00:02        4.14
  SS3                  JUNCTION     0.08     0.08   448.08     0  00:06        0.08
  SS5                  JUNCTION     0.61     0.61   439.51     0  00:06        0.61
  8                    JUNCTION     6.75     6.77   480.77     0  00:06        6.77
  10                   JUNCTION    14.47    16.54   484.54     0  00:02       14.48
  SonSto_SS5           JUNCTION     0.13     0.13   439.43     0  00:06        0.13
  SonSto_SS3           JUNCTION     0.11     0.11   439.81     0  00:05        0.11
  SonSto_SS4           JUNCTION     0.08     0.08   439.48     0  00:06        0.08
  Amont_Trappe         JUNCTION     0.25     0.27   437.97     0  00:06        0.25
  SonSto_SS6           JUNCTION     0.13     0.13   438.83     0  00:03        0.13
  SS2                  JUNCTION     0.00     0.00   448.00     0  00:00        0.00
  SonSto_SS2           JUNCTION     0.00     0.00   441.50     0  00:00        0.00
  12                   JUNCTION    35.81    41.41   490.41     0  00:00       35.83
  14                   JUNCTION    28.64    36.83   501.83     0  00:01       28.66
  15                   JUNCTION     0.51     0.52   472.52     0  00:02        0.51
  TWT_PointHaut_60+749 JUNCTION     0.21     0.22   438.72     0  00:04        0.21
  TWT_Fensterstollen_60+375 JUNCTION     0.77     0.79   438.09     0  00:06        0.77
  TWT_Acces_LT_60+110  JUNCTION     0.49     0.49   437.99     0  00:06        0.49
  TWT_Liaison_LT_59+738 JUNCTION     0.00     0.00   446.50     0  00:00        0.00
  Syst_Est_amont       JUNCTION     0.66     0.69   430.69     0  00:03        0.66
  Syst_Est_interm      JUNCTION    20.66    31.44   441.44     0  00:06       20.75
  TWT_Branche_Est_Sonsto_60+540 JUNCTION     0.48     0.58   438.98     0  00:01        0.48
  TWT_Intersection_Sonsto_60+345 JUNCTION     0.91     1.15   438.15     0  00:05        0.91
  TWT_Chrosweg_61+140  JUNCTION     0.15     0.15   432.15     0  00:06        0.15
  SonSto_F_sup         JUNCTION     0.05     0.05   448.05     0  00:02        0.05
  SonSto_porte         JUNCTION     0.00     0.00   438.50     0  00:00        0.00
  Brunnm_Fassung       OUTFALL      0.08     0.08   433.88     0  00:04        0.08
  Brunnmuehle(Teich)   OUTFALL      0.17     0.18   435.68     0  00:04        0.17
  Fensterstollen       OUTFALL      0.48     0.48   437.48     0  00:06        0.48
  Gischeren            OUTFALL      0.25     0.25   480.25     0  00:06        0.25
  Schuettstein         OUTFALL      0.33     0.33   477.88     0  00:02        0.33
  Holiloch             OUTFALL      2.06     2.08   478.58     0  00:02        2.06
  Sauserquelle         OUTFALL      0.27     0.27   435.82     0  00:01        0.27
  Entw_Stollen         OUTFALL      0.01     0.01   436.51     0  00:06        0.01
  Sous_lacustre        OUTFALL      0.09     0.09   429.29     0  00:04        0.09
  Sous_ecoul.          OUTFALL      0.00     0.00   433.00     0  00:00        0.00
  Syst_Est_aval        OUTFALL      0.36     0.36   429.36     0  00:06        0.36
  TWT_Portail_Est_61+665 OUTFALL      0.15     0.15   421.75     0  00:06        0.15
  CentraleVentilation_1C OUTFALL      0.25     0.25   454.25     0  00:06        0.25
  
  
  *******************
  Node Inflow Summary
  *******************
  
  -------------------------------------------------------------------------------------------------
                                  Maximum  Maximum                  Lateral       Total        Flow
                                  Lateral    Total  Time of Max      Inflow      Inflow     Balance
                                   Inflow   Inflow   Occurrence      Volume      Volume       Error
  Node                 Type           CMS      CMS  days hr:min    10^6 ltr    10^6 ltr     Percent
  -------------------------------------------------------------------------------------------------
  9                    JUNCTION         0     20.5     0  00:00           0    1.23e+03       0.017
  Holiloch_sonde       JUNCTION         0       18     0  00:00           0    1.17e+03       0.009
  11                   JUNCTION         0    0.419     0  00:00           0        35.7       0.020
  13                   JUNCTION         0     22.8     0  00:00           0    1.66e+03       0.061
  21                   JUNCTION         0    0.266     0  00:04           0        22.2      -0.032
  SonSto_F             JUNCTION         0    0.779     0  00:06           0        66.4      -0.762
  Sondierstollen       JUNCTION         0        0     0  00:00           0           0       0.000 ltr
  Aval_Trappe          JUNCTION         0     1.76     0  00:06           0         149      -2.736
  30                   JUNCTION         0     5.88     0  00:06           0         507       2.930
  Gischeren_node       JUNCTION         0    0.791     0  00:05           0        65.1       1.810
  34                   JUNCTION         0    0.237     0  00:04           0        19.7       0.019
  38                   JUNCTION         0    0.171     0  00:00           0        6.16      -0.024
  SS6                  JUNCTION         0    0.175     0  00:02           0        14.3       0.104
  40                   JUNCTION         0     2.89     0  00:02           0         247       0.009
  41                   JUNCTION         0     5.99     0  00:00           0        77.4       0.129
  SondeSchuettstein    JUNCTION         0     1.08     0  00:00           0        77.3       0.048
  SS4                  JUNCTION         0    0.167     0  00:06           0        14.4       9.858
  47                   JUNCTION         0     14.5     0  00:00           0    1.15e+03       0.044
  48                   JUNCTION         0    0.998     0  00:00           0        77.2       0.077
  SondeGischeren       JUNCTION         0    0.552     0  00:02           0        37.5       0.140
  49                   JUNCTION         0     1.22     0  00:01           0        15.4       2.884
  50                   JUNCTION         0    0.182     0  00:02           0        13.6       0.015
  51                   JUNCTION         0     40.1     0  00:00           0    1.98e+03       0.047
  Amont_C              JUNCTION      22.9     46.8     0  00:00    1.98e+03    1.98e+03       0.025
  52                   JUNCTION         0    0.359     0  00:04           0        29.1       4.947
  53                   JUNCTION         0    0.614     0  00:00           0          17       0.083
  54                   JUNCTION         0     0.49     0  00:06           0          17       0.662
  56                   JUNCTION         0    0.653     0  00:01           0        52.9       0.007
  2                    JUNCTION         0   0.0312     0  00:06           0        2.69      39.961
  4                    JUNCTION         0    0.214     0  00:04           0        17.8       0.033
  5                    JUNCTION         0     13.8     0  00:02           0    1.15e+03      -0.019
  6                    JUNCTION         0     16.1     0  00:00           0    1.17e+03       0.019
  7                    JUNCTION         0     14.3     0  00:01           0    1.15e+03       1.095
  SS3                  JUNCTION         0    0.158     0  00:06           0        13.6       0.006
  SS5                  JUNCTION         0    0.318     0  00:06           0        27.5       7.411
  8                    JUNCTION         0    0.945     0  00:03           0        78.9       0.150
  10                   JUNCTION         0     1.01     0  00:01           0        14.9       4.419
  SonSto_SS5           JUNCTION         0    0.324     0  00:06           0          28       1.593
  SonSto_SS3           JUNCTION         0    0.158     0  00:06           0        13.6      -0.128
  SonSto_SS4           JUNCTION         0     0.31     0  00:06           0        26.8      13.964
  Amont_Trappe         JUNCTION         0    0.747     0  00:04           0        63.5      -1.482
  SonSto_SS6           JUNCTION         0    0.485     0  00:06           0        41.8       0.118
  SS2                  JUNCTION         0        0     0  00:00           0           0       0.000 ltr
  SonSto_SS2           JUNCTION         0        0     0  00:00           0           0       0.000 ltr
  12                   JUNCTION         0    0.517     0  00:00           0        34.4       0.029
  14                   JUNCTION         0     2.99     0  00:01           0         200       0.044
  15                   JUNCTION         0    0.713     0  00:02           0        60.4       1.066
  TWT_PointHaut_60+749 JUNCTION         0      1.2     0  00:02           0        76.1      -9.757
  TWT_Fensterstollen_60+375 JUNCTION         0     6.94     0  00:06           0         403     -25.604
  TWT_Acces_LT_60+110  JUNCTION         0     2.53     0  00:05           0         15381425289.814
  TWT_Liaison_LT_59+738 JUNCTION         0        0     0  00:00           0           0       0.000 ltr
  Syst_Est_amont       JUNCTION      1.15     1.15     0  00:00        98.9        98.9      41.000
  Syst_Est_interm      JUNCTION         0     1.43     0  00:06           0        70.2       0.183
  TWT_Branche_Est_Sonsto_60+540 JUNCTION         0     5.57     0  00:02           0         479       1.315
  TWT_Intersection_Sonsto_60+345 JUNCTION         0     5.37     0  00:05           0         136     -10.219
  TWT_Chrosweg_61+140  JUNCTION         0     1.32     0  00:06           0        95.3      72.996
  SonSto_F_sup         JUNCTION         0    0.697     0  00:02           0        59.7       0.013
  SonSto_porte         JUNCTION         0        0     0  00:00           0           0       0.000 ltr
  Brunnm_Fassung       OUTFALL          0   0.0229     0  00:04           0        1.94       0.000
  Brunnmuehle(Teich)   OUTFALL          0    0.209     0  00:04           0        17.3       0.000
  Fensterstollen       OUTFALL          0     5.72     0  00:06           0         492       0.000
  Gischeren            OUTFALL          0    0.743     0  00:06           0          64       0.000
  Schuettstein         OUTFALL          0    0.914     0  00:02           0        77.2       0.000
  Holiloch             OUTFALL          0     13.6     0  00:02           0    1.14e+03       0.000
  Sauserquelle         OUTFALL          0     0.64     0  00:01           0        52.9       0.000
  Entw_Stollen         OUTFALL          0 0.000155     0  00:06           0      0.0134       0.000
  Sous_lacustre        OUTFALL          0   0.0291     0  00:04           0        2.48       0.000
  Sous_ecoul.          OUTFALL          0   0.0056     0  00:00           0       0.466       0.000
  Syst_Est_aval        OUTFALL          0    0.687     0  00:06           0        59.1       0.000
  TWT_Portail_Est_61+665 OUTFALL          0    0.639     0  00:06           0          55       0.000
  CentraleVentilation_1C OUTFALL          0    0.136     0  00:06           0        11.7       0.000
  
  
  **********************
  Node Surcharge Summary
  **********************
  
  Surcharging occurs when water rises above the top of the highest conduit.
  ---------------------------------------------------------------------
                                               Max. Height   Min. Depth
                                   Hours       Above Crown    Below Rim
  Node                 Type      Surcharged         Meters       Meters
  ---------------------------------------------------------------------
  9                    JUNCTION       23.99         66.758       31.442
  Holiloch_sonde       JUNCTION       23.99         62.101      135.999
  11                   JUNCTION       24.00         29.912      119.588
  13                   JUNCTION       23.99         84.723      312.277
  21                   JUNCTION       24.00         37.040      112.360
  34                   JUNCTION       24.00         16.770       82.630
  38                   JUNCTION       24.00         17.318      132.082
  40                   JUNCTION       24.00         21.057       74.943
  41                   JUNCTION       23.99         93.937      155.213
  SondeSchuettstein    JUNCTION       23.99         27.439        0.000
  47                   JUNCTION       23.99         18.935       79.165
  48                   JUNCTION       23.99         14.265       84.935
  SondeGischeren       JUNCTION       23.96         14.318       84.482
  49                   JUNCTION       23.97         10.489      181.511
  50                   JUNCTION       23.96          8.561      191.139
  51                   JUNCTION       24.00        104.042      291.958
  Amont_C              JUNCTION       24.00        138.123      258.877
  53                   JUNCTION       23.99         46.744      148.256
  54                   JUNCTION       23.89         47.525      147.475
  56                   JUNCTION       24.00          5.717       93.283
  4                    JUNCTION       23.99          8.321       91.029
  5                    JUNCTION       23.98          1.717       43.283
  6                    JUNCTION       23.99         26.132      168.868
  8                    JUNCTION       23.91          1.769      193.231
  10                   JUNCTION       23.97          8.536      183.464
  12                   JUNCTION       23.99         41.063      158.587
  14                   JUNCTION       23.98         32.830      163.170
  Syst_Est_interm      JUNCTION       23.89         29.939       68.561
  
  
  *********************
  Node Flooding Summary
  *********************
  
  No nodes were flooded.
  
  
  ***********************
  Outfall Loading Summary
  ***********************
  
  -----------------------------------------------------------
                         Flow       Avg       Max       Total
                         Freq      Flow      Flow      Volume
  Outfall Node           Pcnt       CMS       CMS    10^6 ltr
  -----------------------------------------------------------
  Brunnm_Fassung        99.95    0.0224    0.0229       1.937
  Brunnmuehle(Teich)    99.95       0.2     0.209      17.285
  Fensterstollen        99.95       5.7      5.72     492.388
  Gischeren             99.62     0.743     0.743      63.981
  Schuettstein          99.95     0.894     0.914      77.169
  Holiloch              99.92      13.2      13.6    1139.831
  Sauserquelle          99.98     0.612      0.64      52.853
  Entw_Stollen          99.93  0.000155  0.000155       0.013
  Sous_lacustre        100.00    0.0287    0.0291       2.481
  Sous_ecoul.           99.95    0.0054    0.0056       0.466
  Syst_Est_aval         99.54     0.687     0.687      59.095
  TWT_Portail_Est_61+665  99.96     0.637     0.639      55.038
  CentraleVentilation_1C  99.97     0.136     0.136      11.745
  -----------------------------------------------------------
  System                99.90      22.9      22.9    1974.283
  
  
  ********************
  Link Flow Summary
  ********************
  
  -----------------------------------------------------------------------------
                                 Maximum  Time of Max   Maximum    Max/    Max/
                                  |Flow|   Occurrence   |Veloc|    Full    Full
  Link                 Type          CMS  days hr:min     m/sec    Flow   Depth
  -----------------------------------------------------------------------------
  Brunn_Fassung_L      CONDUIT    0.0229     0  00:04      1.06    0.38    0.71
  11                   CONDUIT        18     0  00:00      9.13    2.68    1.00
  14                   CONDUIT      20.5     0  00:00     13.88   11.15    1.00
  16                   CONDUIT     0.419     0  00:00      4.90    2.92    1.00
  17                   CONDUIT     0.171     0  00:00      0.60    0.29    1.00
  26                   CONDUIT      5.99     0  00:00     11.06    8.12    1.00
  27                   CONDUIT    0.0453     0  00:04      1.37    0.58    0.83
  Gischeren_L          CONDUIT     0.743     0  00:06      1.04    0.10    0.60
  Schuettstein_L       CONDUIT     0.914     0  00:02      5.24    0.78    0.83
  Brunnmuehle_L        CONDUIT     0.237     0  00:04      0.84    0.11    1.00
  32                   CONDUIT         0     0  00:00      0.00    0.00    0.00
  35                   CONDUIT     0.382     0  00:04      0.47    0.07    1.00
  45                   CONDUIT     0.494     0  00:06      5.50    0.00    0.05
  46                   CONDUIT     0.653     0  00:01      2.31    0.65    1.00
  47                   CONDUIT      0.15     0  00:00      3.96    9.38    1.00
  50                   CONDUIT     0.998     0  00:00      3.75    0.19    1.00
  51                   CONDUIT     0.096     0  00:01      1.16    0.27    1.00
  53                   CONDUIT     0.171     0  00:00      1.03    0.87    1.00
  Fenster_L            CONDUIT      5.72     0  00:06      7.51    0.06    0.17
  58                   CONDUIT      1.78     0  00:06      3.89    0.02    0.14
  59                   CONDUIT     0.319     0  00:06      3.04    0.00    0.04
  61                   CONDUIT      1.08     0  00:00      5.47    1.52    1.00
  63                   CONDUIT     0.175     0  00:02      2.41    0.79    0.52
  66                   CONDUIT     0.182     0  00:02      2.79    2.40    1.00
  67                   CONDUIT      22.8     0  00:00      5.43    0.23    1.00
  Amont_L              CONDUIT      40.1     0  00:00      5.67    2.17    1.00
  69                   CONDUIT     0.359     0  00:04      3.10    1.40    1.00
  70                   CONDUIT     0.199     0  00:04      1.63    0.62    1.00
  71                   CONDUIT     0.614     0  00:00      2.75    1.08    1.00
  72                   CONDUIT      0.49     0  00:06      2.26    2.32    1.00
  Sauser_L             CONDUIT      0.64     0  00:01      1.21    0.16    0.64
  75                   CONDUIT     0.167     0  00:06      4.88    1.70    0.67
  Entw_Sto_L           CONDUIT  0.000155     0  00:06      0.39    0.00    0.04
  4                    CONDUIT    0.0283     0  00:06      1.89    1.26    0.52
  5                    CONDUIT   0.00318     0  00:05      0.24    0.11    0.52
  6                    CONDUIT    0.0291     0  00:04      1.18    0.44    0.73
  7                    CONDUIT     0.214     0  00:04      1.14    0.33    1.00
  Brunn_Teich_L        CONDUIT     0.209     0  00:04      0.94    0.16    0.63
  9                    CONDUIT    0.0056     0  00:00      1.41    0.00    0.50
  12                   CONDUIT      13.8     0  00:02      7.40    0.28    1.00
  15                   CONDUIT      16.1     0  00:00      7.74    0.42    1.00
  18                   CONDUIT      14.5     0  00:00      7.21    0.58    1.00
  19                   CONDUIT      1.22     0  00:01      1.61    1.16    1.00
  20                   CONDUIT     0.776     0  00:03      5.24    0.06    0.31
  21                   CONDUIT      14.3     0  00:01      1.27    0.10    0.92
  Hooliloch_L          CONDUIT      13.6     0  00:02      1.90    0.27    0.76
  23                   CONDUIT     0.158     0  00:06      3.37    0.99    0.63
  25                   CONDUIT     0.945     0  00:03      3.28    0.77    1.00
  28                   CONDUIT     0.158     0  00:06      2.44    0.00    0.03
  29                   CONDUIT    0.0281     0  00:06      0.62    0.00    0.03
  31                   CONDUIT     0.544     0  00:05      0.85    0.33    0.90
  33                   CONDUIT      1.01     0  00:01      0.93    0.38    1.00
  37                   CONDUIT     0.296     0  00:06      0.59    0.01    0.12
  SS3_L                CONDUIT     0.158     0  00:06      3.05    0.00    0.05
  40                   CONDUIT     0.747     0  00:04      2.29    0.00    0.05
  SS6_L                CONDUIT     0.175     0  00:02      4.19    0.00    0.05
  1                    CONDUIT         0     0  00:00      0.00    0.00    0.02
  2                    CONDUIT         0     0  00:00      0.00    0.00    0.00
  3                    CONDUIT     0.152     0  00:06      4.83    0.01    0.08
  10                   CONDUIT     0.244     0  00:06      0.53    0.00    0.12
  13                   CONDUIT     0.517     0  00:00      6.15    1.12    1.00
  22                   CONDUIT     0.402     0  00:02      4.18    1.00    1.00
  24                   CONDUIT      2.99     0  00:01      4.51    0.00    1.00
  30                   CONDUIT      2.34     0  00:02      3.25    0.98    1.00
  34                   CONDUIT     0.713     0  00:02      3.08    0.80    0.97
  36                   CONDUIT     0.697     0  00:02      5.99    0.74    0.52
  38                   CONDUIT     0.552     0  00:02      3.12    0.21    1.00
  48                   CONDUIT      1.21     0  00:04      2.65    0.81    0.83
  54                   CONDUIT     0.687     0  00:06      0.60    0.13    0.62
  68                   CONDUIT     0.288     0  00:02      9.46    0.00    0.03
  73                   CONDUIT         0     0  00:00      0.00    0.00    0.00
  TWT1                 CONDUIT     0.639     0  00:06      3.02    0.00    0.02
  TWT2                 CONDUIT      1.05     0  00:05      3.85    0.00    0.02
  TWT3                 CONDUIT       1.2     0  00:02      1.72    0.00    0.04
  TWT4                 CONDUIT       5.6     0  00:02      4.10    0.01    0.08
  1_2_b_               CONDUIT         0     0  00:00      0.00    0.00    0.10
  1_2_b_2              CONDUIT    0.0713     0  00:02      1.72    0.02    0.55
  1_3_a_2              CONDUIT     0.344     0  00:06      2.56    0.24    0.65
  TWT5                 CONDUIT      5.03     0  00:05      3.27    0.01    0.11
  1_4_a                CONDUIT      1.02     0  00:06      1.09    0.02    0.19
  TWT6                 CONDUIT      2.51     0  00:05      1.03    0.01    0.10
  1_4_b                CONDUIT         0     0  00:00      0.00    0.00    0.19
  TWT7                 CONDUIT         0     0  00:00      0.00    0.00    0.03
  1_5_a                CONDUIT         0     0  00:00      0.00    0.00    0.00
  1_6_b_1              CONDUIT     0.345     0  00:02      2.43    0.21    1.00
  1_7_a                CONDUIT      4.07     0  00:06      2.82    0.93    0.13
  1_7_a_               CONDUIT     0.338     0  00:02      3.24    0.02    0.55
  1_7_a__              CONDUIT      2.19     0  00:02     11.18    0.32    1.00
  1_7_a_1              CONDUIT      3.11     0  00:01     17.31   15.81    1.00
  1_8_a                CONDUIT    0.0221     0  00:06      4.90    0.00    0.05
  CV_1C_to_52          CONDUIT     0.136     0  00:06      0.97    0.82    0.67
  
  
  ***************************
  Flow Classification Summary
  ***************************
  
  -------------------------------------------------------------------------------------
                      Adjusted    ---------- Fraction of Time in Flow Class ---------- 
                       /Actual         Up    Down  Sub   Sup   Up    Down  Norm  Inlet 
  Conduit               Length    Dry  Dry   Dry   Crit  Crit  Crit  Crit  Ltd   Ctrl  
  -------------------------------------------------------------------------------------
  Brunn_Fassung_L         1.00   0.00  0.00  0.00  1.00  0.00  0.00  0.00  0.00  0.00
  11                      1.00   0.00  0.00  0.00  1.00  0.00  0.00  0.00  0.00  0.00
  14                      1.00   0.00  0.00  0.00  1.00  0.00  0.00  0.00  0.00  0.00
  16                      1.00   0.00  0.00  0.00  1.00  0.00  0.00  0.00  0.00  0.00
  17                      1.00   0.00  0.00  0.00  1.00  0.00  0.00  0.00  0.00  0.00
  26                      1.00   0.00  0.00  0.00  1.00  0.00  0.00  0.00  0.00  0.00
  27                      1.00   0.00  0.00  0.00  1.00  0.00  0.00  0.00  0.00  0.00
  Gischeren_L             1.00   0.00  0.00  0.00  1.00  0.00  0.00  0.00  0.00  0.00
  Schuettstein_L          1.00   0.00  0.00  0.00  0.00  1.00  0.00  0.00  0.00  0.00
  Brunnmuehle_L           1.00   0.00  0.00  0.00  1.00  0.00  0.00  0.00  0.00  0.00
  32                      1.00   1.00  0.00  0.00  0.00  0.00  0.00  0.00  0.00  0.00
  35                      1.00   0.00  0.00  0.00  1.00  0.00  0.00  0.00  0.00  0.00
  45                      1.00   0.00  0.00  0.00  0.00  1.00  0.00  0.00  1.00  0.00
  46                      1.00   0.00  0.00  0.00  1.00  0.00  0.00  0.00  0.00  0.00
  47                      1.00   0.00  0.00  0.00  1.00  0.00  0.00  0.00  0.00  0.00
  50                      1.00   0.00  0.00  0.00  1.00  0.00  0.00  0.00  0.00  0.00
  51                      1.00   0.00  0.00  0.00  1.00  0.00  0.00  0.00  0.00  0.00
  53                      1.00   0.00  0.00  0.00  1.00  0.00  0.00  0.00  0.00  0.00
  Fenster_L               1.00   0.00  0.00  0.00  0.00  1.00  0.00  0.00  0.00  0.00
  58                      1.00   0.00  0.00  0.00  0.00  1.00  0.00  0.00  0.00  0.00
  59                      1.00   0.00  0.00  0.00  0.00  1.00  0.00  0.00  0.00  0.00
  61                      1.00   0.00  0.00  0.00  1.00  0.00  0.00  0.00  0.00  0.00
  63                      1.00   0.00  0.00  0.00  1.00  0.00  0.00  0.00  0.00  0.00
  66                      1.00   0.00  0.00  0.00  1.00  0.00  0.00  0.00  0.00  0.00
  67                      1.00   0.00  0.00  0.00  1.00  0.00  0.00  0.00  0.00  0.00
  Amont_L                 1.00   0.00  0.00  0.00  1.00  0.00  0.00  0.00  0.00  0.00
  69                      1.00   0.00  0.00  0.00  1.00  0.00  0.00  0.00  0.00  0.00
  70                      1.00   0.00  0.00  0.00  1.00  0.00  0.00  0.00  0.00  0.00
  71                      1.00   0.00  0.00  0.00  1.00  0.00  0.00  0.00  0.00  0.00
  72                      1.00   0.00  0.00  0.00  1.00  0.00  0.00  0.00  0.00  0.00
  Sauser_L                1.00   0.00  0.00  0.00  1.00  0.00  0.00  0.00  0.00  0.00
  75                      1.00   0.00  0.00  0.00  0.00  1.00  0.00  0.00  0.00  0.00
  Entw_Sto_L              1.00   0.00  0.00  0.00  0.00  1.00  0.00  0.00  0.00  0.00
  4                       1.00   0.00  0.00  0.00  0.00  1.00  0.00  0.00  0.00  0.00
  5                       1.00   0.00  0.00  0.00  1.00  0.00  0.00  0.00  0.00  0.00
  6                       1.00   0.00  0.00  0.00  0.00  1.00  0.00  0.00  0.00  0.00
  7                       1.00   0.00  0.00  0.00  1.00  0.00  0.00  0.00  0.00  0.00
  Brunn_Teich_L           1.00   0.00  0.00  0.00  1.00  0.00  0.00  0.00  0.00  0.00
  9                       1.00   0.00  0.00  0.00  0.00  1.00  0.00  0.00  0.00  0.00
  12                      1.00   0.00  0.00  0.00  1.00  0.00  0.00  0.00  0.00  0.00
  15                      1.00   0.00  0.00  0.00  1.00  0.00  0.00  0.00  0.00  0.00
  18                      1.00   0.00  0.00  0.00  1.00  0.00  0.00  0.00  0.00  0.00
  19                      1.00   0.00  0.00  0.00  1.00  0.00  0.00  0.00  0.00  0.00
  20                      1.00   0.00  0.00  0.00  0.00  1.00  0.00  0.00  0.00  0.00
  21                      1.00   0.00  0.00  0.00  1.00  0.00  0.00  0.00  0.00  0.00
  Hooliloch_L             1.00   0.00  0.00  0.00  1.00  0.00  0.00  0.00  0.00  0.00
  23                      1.00   0.00  0.00  0.00  0.00  1.00  0.00  0.00  0.00  0.00
  25                      1.00   0.00  0.00  0.00  1.00  0.00  0.00  0.00  0.00  0.00
  28                      1.00   0.00  0.00  0.00  0.00  1.00  0.00  0.00  0.00  0.00
  29                      1.00   0.00  0.00  0.00  1.00  0.00  0.00  0.00  1.00  0.00
  31                      1.00   0.00  0.00  0.00  1.00  0.00  0.00  0.00  0.00  0.00
  33                      1.00   0.00  0.00  0.00  1.00  0.00  0.00  0.00  0.00  0.00
  37                      1.00   0.00  0.00  0.00  1.00  0.00  0.00  0.00  0.00  0.00
  SS3_L                   1.00   0.00  0.00  0.00  0.00  1.00  0.00  0.00  1.00  0.00
  40                      1.00   0.00  0.00  0.00  1.00  0.00  0.00  0.00  0.00  0.00
  SS6_L                   1.00   0.00  0.00  0.00  0.00  1.00  0.00  0.00  1.00  0.00
  1                       1.00   0.00  1.00  0.00  0.00  0.00  0.00  0.00  0.00  0.00
  2                       1.00   1.00  0.00  0.00  0.00  0.00  0.00  0.00  0.00  0.00
  3                       1.00   0.00  0.00  0.00  0.00  1.00  0.00  0.00  1.00  0.00
  10                      1.00   0.00  0.00  0.00  1.00  0.00  0.00  0.00  1.00  0.00
  13                      1.00   0.00  0.00  0.00  1.00  0.00  0.00  0.00  0.00  0.00
  22                      1.00   0.00  0.00  0.00  1.00  0.00  0.00  0.00  0.00  0.00
  24                      1.00   0.00  0.00  0.00  1.00  0.00  0.00  0.00  0.00  0.00
  30                      1.00   0.00  0.00  0.00  1.00  0.00  0.00  0.00  0.00  0.00
  34                      1.00   0.00  0.00  0.00  1.00  0.00  0.00  0.00  0.00  0.00
  36                      1.00   0.00  0.00  0.00  0.00  1.00  0.00  0.00  0.00  0.00
  38                      1.00   0.00  0.00  0.00  1.00  0.00  0.00  0.00  0.00  0.00
  48                      1.00   0.00  0.00  0.00  1.00  0.00  0.00  0.00  0.00  0.00
  54                      1.00   0.00  0.00  0.00  1.00  0.00  0.00  0.00  0.00  0.00
  68                      1.00   0.00  0.00  0.00  0.00  1.00  0.00  0.00  1.00  0.00
  73                      1.00   0.00  1.00  0.00  0.00  0.00  0.00  0.00  0.00  0.00
  TWT1                    1.00   0.00  0.00  0.00  0.00  1.00  0.00  0.00  0.00  0.00
  TWT2                    1.00   0.00  0.00  0.00  0.00  1.00  0.00  0.00  0.00  0.00
  TWT3                    1.00   0.00  0.00  0.00  1.00  0.00  0.00  0.00  0.00  0.00
  TWT4                    1.00   0.00  0.00  0.00  0.00  1.00  0.00  0.00  1.00  0.00
  1_2_b_                  1.00   0.00  1.00  0.00  0.00  0.00  0.00  0.00  0.00  0.00
  1_2_b_2                 1.00   0.00  0.00  0.00  1.00  0.00  0.00  0.00  1.00  0.00
  1_3_a_2                 1.00   0.00  0.00  0.00  1.00  0.00  0.00  0.00  0.00  0.00
  TWT5                    1.00   0.00  0.00  0.00  1.00  0.00  0.00  0.00  0.00  0.00
  1_4_a                   1.00   0.00  0.00  0.00  1.00  0.00  0.00  0.00  0.00  0.00
  TWT6                    1.00   0.00  0.00  0.00  1.00  0.00  0.00  0.00  0.00  0.00
  1_4_b                   1.00   0.00  1.00  0.00  0.00  0.00  0.00  0.00  0.00  0.00
  TWT7                    1.00   0.00  1.00  0.00  0.00  0.00  0.00  0.00  0.00  0.00
  1_5_a                   1.00   0.00  1.00  0.00  0.00  0.00  0.00  0.00  0.00  0.00
  1_6_b_1                 1.00   0.00  0.00  0.00  1.00  0.00  0.00  0.00  0.00  0.00
  1_7_a                   1.00   0.00  0.00  0.00  0.00  1.00  0.00  0.00  0.00  0.00
  1_7_a_                  1.00   0.00  0.00  0.00  0.00  1.00  0.00  0.00  1.00  0.00
  1_7_a__                 1.00   0.00  0.00  0.00  0.00  1.00  0.00  0.00  0.00  0.00
  1_7_a_1                 1.00   0.00  0.00  0.00  0.00  1.00  0.00  0.00  0.00  0.00
  1_8_a                   1.00   0.00  0.00  0.00  1.00  0.00  0.00  0.00  1.00  0.00
  CV_1C_to_52             1.00   0.00  0.00  0.00  1.00  0.00  0.00  0.00  0.00  0.00
  
  
  *************************
  Conduit Surcharge Summary
  *************************
  
  ----------------------------------------------------------------------------
                                                           Hours        Hours 
                         --------- Hours Full --------   Above Full   Capacity
  Conduit                Both Ends  Upstream  Dnstream   Normal Flow   Limited
  ----------------------------------------------------------------------------
  Brunn_Fassung_L             0.01      0.01     24.00      0.01         0.01
  11                         23.99     23.99     23.99     23.99         0.01
  14                         23.99     23.99     24.00     23.99         0.01
  16                         24.00     24.00     24.00     23.99        23.99
  17                         24.00     24.00     24.00      0.01         0.01
  26                         23.99     24.00     23.99     23.99        23.99
  27                          0.01      0.01     23.96      0.01         0.01
  Gischeren_L                 0.01      0.01     23.91      0.01         0.01
  Schuettstein_L              0.01      0.01     23.99      0.01         0.01
  Brunnmuehle_L              24.00     24.00     24.00      0.01         0.01
  35                         23.93     23.93     23.96      0.01         0.01
  46                         24.00     24.00     24.00      0.01         0.01
  47                         24.00     24.00     24.00     24.00        24.00
  50                         23.99     23.99     23.99      0.01         0.01
  51                         23.98     23.98     24.00      0.01         0.01
  53                         24.00     24.00     24.00      0.01         0.01
  61                         23.99     23.99     23.99     23.99         0.01
  63                          0.01     23.98      0.01      0.01         0.01
  66                         23.96     23.98     23.96     23.98        23.96
  67                         23.99     23.99     24.00      0.01         0.01
  Amont_L                    24.00     24.00     24.00     24.00         0.01
  69                         23.91     23.91     24.00     23.98         0.01
  70                         23.91     23.91     24.00      0.01         0.01
  71                         23.99     23.99     23.99      0.01         0.01
  72                         23.89     23.99     23.89      0.10         0.01
  Sauser_L                    0.01      0.01     24.00      0.01         0.01
  75                          0.01     23.98      0.01     23.89         0.01
  4                           0.01     23.98      0.01     23.89         0.01
  5                           0.01      0.01     24.00      0.01         0.01
  6                           0.01      0.01     24.00      0.01         0.01
  7                          23.99     23.99     24.00      0.01         0.01
  Brunn_Teich_L               0.01      0.01     23.99      0.01         0.01
  9                           0.01      0.01     23.99      0.01         0.01
  12                         23.99     23.99     23.99      0.01         0.01
  15                         23.99     23.99     23.99      0.01         0.01
  18                         23.99     23.99     23.99      0.01         0.01
  19                         23.98     23.98     23.99      0.01         0.01
  21                          0.01      0.01     23.98      0.01         0.01
  Hooliloch_L                 0.01      0.01     23.97      0.01         0.01
  23                          0.01     23.96      0.01      0.01         0.01
  25                         23.94     23.94     23.99      0.01         0.01
  31                          0.01      0.01     23.91      0.01         0.01
  33                         23.97     23.97     23.97      0.01         0.01
  13                         23.99     23.99     24.00      0.01         0.01
  22                         23.99     23.99     24.00      0.01         0.01
  24                         23.98     23.98     24.00      0.01         0.01
  30                         23.98     23.98     24.00      0.01         0.01
  34                          0.01      0.01     23.99      0.01         0.01
  38                         23.95     23.95     23.96      0.01         0.01
  48                          0.01      0.01     23.91      0.01         0.01
  54                          0.01      0.01     23.89      0.01         0.01
  1_2_b_2                     0.01      0.01     23.95      0.01         0.01
  1_3_a_2                     0.01      0.01     23.95      0.01         0.01
  1_6_b_1                    23.96     23.96     24.00      0.01         0.01
  1_7_a_                      0.01      0.01      0.02      0.01         0.01
  1_7_a__                     0.02      0.02     24.00      0.01         0.01
  1_7_a_1                     0.02      0.02     24.00     24.00         0.01
  

  Analysis begun on:  Wed Sep 30 16:39:14 2026
  Analysis ended on:  Wed Sep 30 16:39:17 2026
  Total elapsed time: 00:00:03