
  EPA STORM WATER MANAGEMENT MODEL - VERSION 5.2 (Build 5.2.4)
  ------------------------------------------------------------

  Brunnmuehle (Twann) 
  WARNING 08: elevation drop exceeds length for Conduit SS3_L
  WARNING 08: elevation drop exceeds length for Conduit SS6_L
  WARNING 08: elevation drop exceeds length for Conduit 2
  WARNING 08: elevation drop exceeds length for Conduit 3
  WARNING 08: elevation drop exceeds length for Conduit 68
  WARNING 08: elevation drop exceeds length for Conduit 1_1_b_2
  WARNING 08: elevation drop exceeds length for Conduit 1_2_b_
  WARNING 08: elevation drop exceeds length for Conduit 1_2_b_2
  WARNING 08: elevation drop exceeds length for Conduit 1_2_b_3
  WARNING 02: maximum depth increased for Node 2
  
  ****************
  Analysis Options
  ****************
  Flow Units ............... CMS
  Process Models:
    Rainfall/Runoff ........ NO
    RDII ................... NO
    Snowmelt ............... NO
    Groundwater ............ NO
    Flow Routing ........... YES
    Ponding Allowed ........ NO
    Water Quality .......... NO
  Flow Routing Method ...... DYNWAVE
  Surcharge Method ......... EXTRAN
  Starting Date ............ 01/01/2000 00:00:00
  Ending Date .............. 01/02/2000 00:00:00
  Antecedent Dry Days ...... 0.0
  Report Time Step ......... 01:00:00
  Routing Time Step ........ 0.50 sec
  Variable Time Step ....... YES
  Maximum Trials ........... 8
  Number of Threads ........ 1
  Head Tolerance ........... 0.001500 m
  
  
  **************************        Volume        Volume
  Flow Routing Continuity        hectare-m      10^6 ltr
  **************************     ---------     ---------
  Dry Weather Inflow .......         0.000         0.000
  Wet Weather Inflow .......         0.000         0.000
  Groundwater Inflow .......         0.000         0.000
  RDII Inflow ..............         0.000         0.000
  External Inflow ..........       166.906      1669.074
  External Outflow .........       166.871      1668.730
  Flooding Loss ............         0.000         0.000
  Evaporation Loss .........         0.000         0.000
  Exfiltration Loss ........         0.000         0.000
  Initial Stored Volume ....         0.057         0.565
  Final Stored Volume ......         0.386         3.861
  Continuity Error (%) .....        -0.177
  
  
  *************************
  Highest Continuity Errors
  *************************
  Node 54 (75.62%)
  Node 2 (45.45%)
  Node TWT_Chrosweg_61+140 (22.93%)
  Node SonSto_F (-18.05%)
  Node SS5 (-8.94%)
  
  
  ***************************
  Time-Step Critical Elements
  ***************************
  Link 20 (20451.78%)
  Link 3 (1.30%)
  
  
  ********************************
  Highest Flow Instability Indexes
  ********************************
  All links are stable.
  
  
  *********************************
  Most Frequent Nonconverging Nodes
  *********************************
  Node Brunnm_Fassung (66.11%)
  Node Brunnmuehle(Teich) (66.11%)
  Node Fensterstollen (66.11%)
  Node Gischeren (66.11%)
  Node Schuettstein (66.11%)
  
  
  *************************
  Routing Time Step Summary
  *************************
  Minimum Time Step           :     0.50 sec
  Average Time Step           :     0.50 sec
  Maximum Time Step           :     0.50 sec
  % of Time in Steady State   :    99.51
  Average Iterations per Step :     7.79
  % of Steps Not Converging   :    66.11
  Time Step Frequencies       :
      0.500 -  0.500 sec      :   100.00 %
      0.500 -  0.500 sec      :     0.00 %
      0.500 -  0.500 sec      :     0.00 %
      0.500 -  0.500 sec      :     0.00 %
      0.500 -  0.500 sec      :     0.00 %
  
  
  ******************
  Node Depth Summary
  ******************
  
  ---------------------------------------------------------------------------------
                                 Average  Maximum  Maximum  Time of Max    Reported
                                   Depth    Depth      HGL   Occurrence   Max Depth
  Node                 Type       Meters   Meters   Meters  days hr:min      Meters
  ---------------------------------------------------------------------------------
  9                    JUNCTION    50.76    60.35   498.85     0  00:00       50.80
  Holiloch_sonde       JUNCTION    44.06    59.97   499.97     0  00:01       44.10
  11                   JUNCTION    58.30    60.56   470.56     0  00:02       58.32
  13                   JUNCTION    76.62    78.62   516.62     0  00:02       76.66
  21                   JUNCTION    43.44    45.04   445.04     0  00:02       43.46
  SonSto_F             JUNCTION     0.40     0.46   438.26     0  00:06        0.40
  Sondierstollen       JUNCTION     1.28     1.28   442.08     0  00:06        1.28
  Aval_Trappe          JUNCTION     0.57     0.58   438.18     0  00:07        0.57
  30                   JUNCTION     0.51     0.52   437.82     0  00:07        0.52
  Gischeren_node       JUNCTION     3.91     3.93   480.43     0  00:07        3.93
  34                   JUNCTION    21.30    22.63   442.63     0  00:02       21.31
  38                   JUNCTION    28.04    30.15   450.15     0  00:02       28.06
  SS6                  JUNCTION     0.07     0.07   448.07     0  00:02        0.07
  40                   JUNCTION    24.52    25.22   444.22     0  00:01       24.53
  41                   JUNCTION    76.53    78.48   515.98     0  00:02       76.57
  SondeSchuettstein    JUNCTION    25.18    25.48   484.48     0  00:03       25.19
  SS4                  JUNCTION     0.06     0.06   448.06     0  00:07        0.06
  47                   JUNCTION    14.98    19.18   484.08     0  00:01       15.00
  48                   JUNCTION    12.46    12.71   483.71     0  00:03       12.47
  SondeGischeren       JUNCTION    15.41    15.45   480.45     0  00:07       15.45
  49                   JUNCTION    15.30    17.25   483.25     0  00:02       15.33
  50                   JUNCTION     8.78     8.82   471.82     0  00:06        8.80
  51                   JUNCTION    95.12    97.12   517.12     0  00:02       95.16
  Amont_C              JUNCTION    99.11   107.69   525.69     0  00:00       99.15
  52                   JUNCTION    22.27    45.12   502.12     0  00:02       22.31
  53                   JUNCTION    20.37    32.75   499.75     0  00:01       20.36
  54                   JUNCTION     4.78     4.79   467.79     0  00:07        4.79
  56                   JUNCTION     6.43     6.53   436.53     0  00:01        6.44
  2                    JUNCTION     0.11     0.11   438.11     0  00:07        0.11
  4                    JUNCTION     9.14     9.84   437.84     0  00:02        9.14
  5                    JUNCTION     6.45     6.50   479.00     0  00:03        6.46
  6                    JUNCTION    23.50    27.35   485.35     0  00:01       23.52
  7                    JUNCTION     3.94     3.97   478.97     0  00:03        3.95
  SS3                  JUNCTION     0.08     0.08   448.08     0  00:07        0.08
  SS5                  JUNCTION     0.92     1.04   439.94     0  00:06        0.92
  8                    JUNCTION     6.63     6.66   480.66     0  00:07        6.65
  10                   JUNCTION    13.31    15.30   483.30     0  00:02       13.33
  SonSto_SS5           JUNCTION     0.33     0.41   439.71     0  00:06        0.33
  SonSto_SS3           JUNCTION     0.35     0.40   440.10     0  00:06        0.35
  SonSto_SS4           JUNCTION     0.29     0.34   439.74     0  00:06        0.29
  Amont_Trappe         JUNCTION     0.50     0.53   438.23     0  00:06        0.50
  SonSto_SS6           JUNCTION     0.28     0.34   439.04     0  00:06        0.29
  SS2                  JUNCTION     0.00     0.00   448.00     0  00:00        0.00
  SonSto_SS2           JUNCTION     0.24     0.24   441.74     0  00:07        0.24
  12                   JUNCTION    32.72    33.50   482.50     0  00:03       32.74
  14                   JUNCTION    24.35    30.65   495.65     0  00:01       24.38
  15                   JUNCTION     0.45     0.46   472.46     0  00:03        0.45
  TWT_PointHaut_60+650 JUNCTION     0.13     0.13   442.63     0  00:07        0.13
  TWT_Fensterstollen_60+375 JUNCTION     1.44     1.44   442.74     0  00:07        1.44
  TWT_Acces_LT_60+110  JUNCTION     0.00     0.00   441.50     0  00:00        0.00
  TWT_Liaison_LT_59+738 JUNCTION     0.00     0.00   450.60     0  00:00        0.00
  Syst_Est_amont       JUNCTION     0.57     0.59   430.59     0  00:03        0.57
  Syst_Est_interm      JUNCTION    19.60    34.94   444.94     0  00:07       19.69
  TWT_Branche_Est_Sonsto_60+540 JUNCTION     0.24     0.24   442.64     0  00:07        0.24
  TWT_Intersection_Sonsto_60+345 JUNCTION     0.00     0.00   440.90     0  00:00        0.00
  TWT_Chrosweg_61+140  JUNCTION     0.10     0.10   435.10     0  00:07        0.10
  SonSto_F_sup         JUNCTION     0.07     0.07   448.07     0  00:03        0.07
  SonSto_porte         JUNCTION     0.00     0.00   438.50     0  00:00        0.00
  Brunnm_Fassung       OUTFALL      0.11     0.12   433.92     0  00:02        0.11
  Brunnmuehle(Teich)   OUTFALL      0.26     0.26   435.76     0  00:02        0.26
  Fensterstollen       OUTFALL      0.40     0.40   437.40     0  00:07        0.40
  Gischeren            OUTFALL      0.24     0.24   480.24     0  00:07        0.24
  Schuettstein         OUTFALL      0.31     0.31   477.86     0  00:03        0.31
  Holiloch             OUTFALL      1.94     1.97   478.47     0  00:03        1.95
  Sauserquelle         OUTFALL      0.30     0.30   435.85     0  00:06        0.30
  Entw_Stollen         OUTFALL      0.10     0.10   436.60     0  00:07        0.10
  Sous_lacustre        OUTFALL      0.11     0.12   429.32     0  00:02        0.11
  Sous_ecoul.          OUTFALL      0.00     0.00   433.00     0  00:02        0.00
  Syst_Est_aval        OUTFALL      0.44     0.45   429.45     0  00:07        0.45
  TWT_Portail_Est_61+665 OUTFALL      0.10     0.10   425.70     0  00:07        0.10
  
  
  *******************
  Node Inflow Summary
  *******************
  
  -------------------------------------------------------------------------------------------------
                                  Maximum  Maximum                  Lateral       Total        Flow
                                  Lateral    Total  Time of Max      Inflow      Inflow     Balance
                                   Inflow   Inflow   Occurrence      Volume      Volume       Error
  Node                 Type           CMS      CMS  days hr:min    10^6 ltr    10^6 ltr     Percent
  -------------------------------------------------------------------------------------------------
  9                    JUNCTION         0     17.9     0  00:00           0    1.13e+03       0.008
  Holiloch_sonde       JUNCTION         0     15.5     0  00:01           0    1.08e+03       0.063
  11                   JUNCTION         0    0.312     0  00:02           0        26.6      -0.001
  13                   JUNCTION         0     18.4     0  00:00           0    1.31e+03       0.023
  21                   JUNCTION         0    0.538     0  00:03           0        45.6       0.000
  SonSto_F             JUNCTION         0     3.64     0  00:06           0         268     -15.288
  Sondierstollen       JUNCTION         0     1.91     0  00:07           0         164       0.000
  Aval_Trappe          JUNCTION         0     3.69     0  00:07           0         317      -6.259
  30                   JUNCTION         0        4     0  00:07           0         344       4.248
  Gischeren_node       JUNCTION         0    0.716     0  00:06           0        57.4       1.000
  34                   JUNCTION         0    0.497     0  00:02           0        42.1       0.001
  38                   JUNCTION         0    0.298     0  00:00           0        24.2       0.001
  SS6                  JUNCTION         0    0.169     0  00:02           0        13.8      -0.001
  40                   JUNCTION         0     2.71     0  00:03           0         230      -0.008
  41                   JUNCTION         0     3.53     0  00:00           0        69.9       0.043
  SondeSchuettstein    JUNCTION         0    0.909     0  00:00           0        69.9       0.032
  SS4                  JUNCTION         0   0.0884     0  00:07           0        7.63       0.088
  47                   JUNCTION         0       13     0  00:01           0         983       0.029
  48                   JUNCTION         0    0.831     0  00:03           0        69.9      -0.003
  SondeGischeren       JUNCTION         0    0.503     0  00:03           0        34.3       0.145
  49                   JUNCTION         0     1.15     0  00:02           0        13.9      -0.245
  50                   JUNCTION         0    0.182     0  00:03           0        13.6       0.011
  51                   JUNCTION         0     27.5     0  00:00           0    1.59e+03      -0.009
  Amont_C              JUNCTION      18.4     42.2     0  00:00    1.59e+03    1.59e+03       0.018
  52                   JUNCTION         0    0.343     0  00:02           0        21.5       0.100
  53                   JUNCTION         0    0.497     0  00:01           0        39.3       0.022
  54                   JUNCTION         0    0.456     0  00:07           0        39.3     310.235
  56                   JUNCTION         0    0.777     0  00:06           0        67.1      -0.001
  2                    JUNCTION         0   0.0507     0  00:07           0        4.37      83.303
  4                    JUNCTION         0     0.46     0  00:02           0        38.7       0.015
  5                    JUNCTION         0     11.8     0  00:02           0         983      -0.036
  6                    JUNCTION         0     14.1     0  00:01           0         997       0.013
  7                    JUNCTION         0     11.8     0  00:02           0         983       0.050
  SS3                  JUNCTION         0    0.158     0  00:07           0        13.6       0.007
  SS5                  JUNCTION         0     1.88     0  00:07           0         161      -8.203
  8                    JUNCTION         0    0.874     0  00:04           0        71.1       0.086
  10                   JUNCTION         0    0.932     0  00:02           0        13.9       0.686
  SonSto_SS5           JUNCTION         0     2.46     0  00:07           0         211       0.661
  SonSto_SS3           JUNCTION         0     2.04     0  00:07           0         175       3.023
  SonSto_SS4           JUNCTION         0     2.24     0  00:06           0         178      -3.790
  Amont_Trappe         JUNCTION         0     3.62     0  00:07           0         310      -2.114
  SonSto_SS6           JUNCTION         0     2.85     0  00:06           0         223      -0.864
  SS2                  JUNCTION         0        0     0  00:00           0           0       0.000 ltr
  SonSto_SS2           JUNCTION         0     1.93     0  00:07           0         166       2.446
  12                   JUNCTION         0    0.447     0  00:00           0          32       0.013
  14                   JUNCTION         0     2.76     0  00:01           0         186       0.024
  15                   JUNCTION         0    0.653     0  00:03           0        55.4       0.015
  TWT_PointHaut_60+650 JUNCTION         0     1.35     0  00:07           0        77.2       0.213
  TWT_Fensterstollen_60+375 JUNCTION         0     1.99     0  00:03           0         164       1.866
  TWT_Acces_LT_60+110  JUNCTION         0        0     0  00:00           0           0       0.000 ltr
  TWT_Liaison_LT_59+738 JUNCTION         0        0     0  00:00           0           0       0.000 ltr
  Syst_Est_amont       JUNCTION      0.92     0.92     0  00:00        79.5        79.5      73.408
  Syst_Est_interm      JUNCTION         0     1.33     0  00:04           0        80.7      -8.016
  TWT_Branche_Est_Sonsto_60+540 JUNCTION         0     1.97     0  00:06           0         169       3.232
  TWT_Intersection_Sonsto_60+345 JUNCTION         0        0     0  00:00           0           0       0.000 ltr
  TWT_Chrosweg_61+140  JUNCTION         0    0.392     0  00:07           0        33.8      29.747
  SonSto_F_sup         JUNCTION         0    0.651     0  00:03           0        55.4       0.001
  SonSto_porte         JUNCTION         0        0     0  00:00           0           0       0.000 ltr
  Brunnm_Fassung       OUTFALL          0   0.0414     0  00:02           0        3.39       0.000
  Brunnmuehle(Teich)   OUTFALL          0    0.455     0  00:02           0        38.1       0.000
  Fensterstollen       OUTFALL          0     3.84     0  00:07           0         330       0.000
  Gischeren            OUTFALL          0    0.661     0  00:07           0        56.9       0.000
  Schuettstein         OUTFALL          0    0.831     0  00:03           0        69.9       0.000
  Holiloch             OUTFALL          0     11.7     0  00:03           0         983       0.000
  Sauserquelle         OUTFALL          0    0.777     0  00:06           0        67.1       0.000
  Entw_Stollen         OUTFALL          0   0.0277     0  00:07           0        2.39       0.000
  Sous_lacustre        OUTFALL          0   0.0425     0  00:02           0        3.54       0.000
  Sous_ecoul.          OUTFALL          0  0.00663     0  00:02           0       0.537       0.000
  Syst_Est_aval        OUTFALL          0     1.02     0  00:07           0        87.7       0.000
  TWT_Portail_Est_61+665 OUTFALL          0    0.302     0  00:07           0          26       0.000
  
  
  **********************
  Node Surcharge Summary
  **********************
  
  Surcharging occurs when water rises above the top of the highest conduit.
  ---------------------------------------------------------------------
                                               Max. Height   Min. Depth
                                   Hours       Above Crown    Below Rim
  Node                 Type      Surcharged         Meters       Meters
  ---------------------------------------------------------------------
  9                    JUNCTION       23.99         58.546       39.654
  Holiloch_sonde       JUNCTION       23.98         58.068      140.032
  11                   JUNCTION       24.00         60.102       89.438
  13                   JUNCTION       23.99         75.616      321.384
  21                   JUNCTION       24.00         44.442      104.958
  34                   JUNCTION       24.00         22.029       77.371
  38                   JUNCTION       24.00         29.546      119.854
  40                   JUNCTION       24.00         21.223       74.777
  41                   JUNCTION       23.99         77.634      171.516
  SondeSchuettstein    JUNCTION       23.99         24.675        0.000
  47                   JUNCTION       23.98         17.275       80.825
  48                   JUNCTION       23.99         11.912       87.288
  SondeGischeren       JUNCTION       23.95         14.253       84.547
  49                   JUNCTION       23.96          9.252      182.748
  50                   JUNCTION       23.94          8.515      191.185
  51                   JUNCTION       24.00         93.124      302.876
  Amont_C              JUNCTION       24.00        104.694      292.306
  52                   JUNCTION       23.95         44.716       54.884
  53                   JUNCTION       23.98         27.749      167.251
  56                   JUNCTION       24.00          5.526       93.474
  4                    JUNCTION       23.99          9.189       90.161
  5                    JUNCTION       23.96          1.503       43.497
  6                    JUNCTION       23.98         22.346      172.654
  8                    JUNCTION       23.90          1.656      193.344
  10                   JUNCTION       23.95          7.297      184.703
  12                   JUNCTION       23.99         33.152      166.498
  14                   JUNCTION       23.97         26.647      169.353
  TWT_Acces_LT_60+110  JUNCTION       24.00          0.000        0.000
  TWT_Liaison_LT_59+738 JUNCTION       24.00          0.000        0.000
  Syst_Est_interm      JUNCTION       23.88         33.443       65.057
  TWT_Intersection_Sonsto_60+345 JUNCTION       24.00          0.000        0.000
  
  
  *********************
  Node Flooding Summary
  *********************
  
  No nodes were flooded.
  
  
  ***********************
  Outfall Loading Summary
  ***********************
  
  -----------------------------------------------------------
                         Flow       Avg       Max       Total
                         Freq      Flow      Flow      Volume
  Outfall Node           Pcnt       CMS       CMS    10^6 ltr
  -----------------------------------------------------------
  Brunnm_Fassung        99.95    0.0392    0.0414       3.386
  Brunnmuehle(Teich)    99.95     0.442     0.455      38.145
  Fensterstollen        99.92      3.83      3.84     330.336
  Gischeren             99.55     0.661     0.661      56.857
  Schuettstein          99.94     0.809     0.831      69.854
  Holiloch              99.87      11.4      11.7     982.888
  Sauserquelle          99.97     0.777     0.777      67.065
  Entw_Stollen          99.96    0.0276    0.0277       2.386
  Sous_lacustre        100.00     0.041    0.0425       3.543
  Sous_ecoul.           99.95   0.00622   0.00663       0.537
  Syst_Est_aval         99.51      1.02      1.02      87.686
  TWT_Portail_Est_61+665  99.91     0.302     0.302      26.039
  -----------------------------------------------------------
  System                99.87      19.3      19.4    1668.723
  
  
  ********************
  Link Flow Summary
  ********************
  
  -----------------------------------------------------------------------------
                                 Maximum  Time of Max   Maximum    Max/    Max/
                                  |Flow|   Occurrence   |Veloc|    Full    Full
  Link                 Type          CMS  days hr:min     m/sec    Flow   Depth
  -----------------------------------------------------------------------------
  Brunn_Fassung_L      CONDUIT    0.0414     0  00:02      1.69    0.68    0.80
  11                   CONDUIT      15.5     0  00:01     10.46    2.31    1.00
  14                   CONDUIT      17.9     0  00:00     12.53    9.75    1.00
  16                   CONDUIT     0.312     0  00:02      3.65    2.18    1.00
  17                   CONDUIT     0.301     0  00:00      1.06    0.51    1.00
  26                   CONDUIT      3.53     0  00:00      6.45    4.78    1.00
  27                   CONDUIT      0.08     0  00:06      2.10    1.03    1.00
  Gischeren_L          CONDUIT     0.661     0  00:07      0.93    0.09    0.60
  Schuettstein_L       CONDUIT     0.831     0  00:03      4.87    0.71    0.81
  Brunnmuehle_L        CONDUIT     0.497     0  00:02      1.76    0.23    1.00
  32                   CONDUIT      1.93     0  00:07      1.36    0.03    0.25
  35                   CONDUIT     0.349     0  00:04      0.43    0.06    1.00
  45                   CONDUIT      3.14     0  00:06      5.88    0.02    0.13
  46                   CONDUIT     0.777     0  00:06      2.75    0.77    1.00
  47                   CONDUIT     0.138     0  00:00      3.64    8.61    1.00
  50                   CONDUIT     0.831     0  00:03      2.26    0.16    1.00
  51                   CONDUIT     0.139     0  00:06      1.44    0.39    1.00
  53                   CONDUIT     0.298     0  00:00      1.79    1.51    1.00
  Fenster_L            CONDUIT      3.84     0  00:07      5.64    0.04    0.15
  58                   CONDUIT      3.93     0  00:07      4.51    0.05    0.18
  59                   CONDUIT      2.69     0  00:06      6.29    0.03    0.12
  61                   CONDUIT     0.909     0  00:00      4.80    1.28    1.00
  63                   CONDUIT     0.169     0  00:02      2.33    0.76    0.52
  66                   CONDUIT     0.182     0  00:03      2.76    2.39    1.00
  67                   CONDUIT      18.4     0  00:00      4.91    0.18    1.00
  Amont_L              CONDUIT      27.4     0  00:00      3.88    1.49    1.00
  69                   CONDUIT     0.343     0  00:02      2.88    1.34    1.00
  70                   CONDUIT     0.252     0  00:03      2.00    0.78    1.00
  71                   CONDUIT     0.497     0  00:01      2.37    0.88    1.00
  72                   CONDUIT     0.456     0  00:07      2.09    2.16    0.98
  Sauser_L             CONDUIT     0.777     0  00:06      1.44    0.20    0.65
  75                   CONDUIT    0.0884     0  00:07      2.79    0.90    0.63
  Entw_Sto_L           CONDUIT    0.0277     0  00:07      1.79    0.64    0.58
  4                    CONDUIT    0.0227     0  00:07      1.22    1.01    0.78
  5                    CONDUIT     0.028     0  00:07      1.29    1.00    0.79
  6                    CONDUIT    0.0425     0  00:02      1.60    0.64    0.79
  7                    CONDUIT      0.46     0  00:02      2.34    0.71    1.00
  Brunn_Teich_L        CONDUIT     0.455     0  00:02      1.83    0.35    0.70
  9                    CONDUIT   0.00663     0  00:02      1.67    0.00    0.51
  12                   CONDUIT      11.8     0  00:02      6.50    0.24    1.00
  15                   CONDUIT      14.1     0  00:01      7.02    0.36    1.00
  18                   CONDUIT        13     0  00:01      6.32    0.52    1.00
  19                   CONDUIT      1.15     0  00:02      1.48    1.09    1.00
  20                   CONDUIT      3.69     0  00:07      6.90    0.29    0.55
  21                   CONDUIT      11.8     0  00:02      1.17    0.08    0.90
  Hooliloch_L          CONDUIT      11.7     0  00:03      1.70    0.23    0.74
  23                   CONDUIT     0.158     0  00:07      3.37    0.99    0.63
  25                   CONDUIT     0.874     0  00:04      3.01    0.71    1.00
  28                   CONDUIT      2.15     0  00:06      4.93    0.03    0.12
  29                   CONDUIT     0.477     0  00:06      1.15    0.02    0.12
  31                   CONDUIT     0.496     0  00:06      0.77    0.30    0.89
  33                   CONDUIT     0.932     0  00:02      0.87    0.35    1.00
  37                   CONDUIT      2.04     0  00:07      1.90    0.05    0.24
  SS3_L                CONDUIT     0.158     0  00:07      3.10    0.00    0.12
  40                   CONDUIT      3.62     0  00:07      2.66    0.02    0.12
  SS6_L                CONDUIT     0.169     0  00:02      2.82    0.00    0.10
  1                    CONDUIT      1.88     0  00:07      5.26    0.01    0.10
  2                    CONDUIT         0     0  00:00      0.00    0.00    0.06
  3                    CONDUIT    0.0883     0  00:07      4.37    0.01    0.20
  10                   CONDUIT      1.75     0  00:07      1.71    0.01    0.23
  13                   CONDUIT     0.447     0  00:00      5.48    0.97    1.00
  22                   CONDUIT     0.377     0  00:03      3.92    0.93    1.00
  24                   CONDUIT      2.76     0  00:01      3.93    0.00    1.00
  30                   CONDUIT       2.2     0  00:03      3.05    0.92    1.00
  34                   CONDUIT     0.653     0  00:03      2.89    0.73    0.92
  36                   CONDUIT     0.651     0  00:03      5.86    0.69    0.48
  38                   CONDUIT     0.503     0  00:03      2.81    0.19    1.00
  48                   CONDUIT     0.969     0  00:03      2.53    0.65    0.79
  54                   CONDUIT      1.02     0  00:07      0.84    0.19    0.65
  68                   CONDUIT     0.504     0  00:03      8.18    0.00    0.09
  73                   CONDUIT         0     0  00:00      0.00    0.00    0.03
  TWT1                 CONDUIT     0.302     0  00:07      2.38    0.00    0.01
  TWT2                 CONDUIT     0.392     0  00:07      2.75    0.00    0.01
  1_1_b_2              CONDUIT     0.456     0  00:07      1.81    0.04    0.56
  1_1_b_3              CONDUIT     0.895     0  00:07      1.96    2.49    0.56
  TWT3                 CONDUIT     0.117     0  00:05      1.13    0.00    0.02
  TWT4                 CONDUIT      1.87     0  00:06      0.67    0.00    0.11
  1_2_b_               CONDUIT      1.91     0  00:07      1.90    0.01    0.25
  1_2_b_2              CONDUIT     0.146     0  00:03      0.53    0.01    0.53
  1_2_b_3              CONDUIT      1.84     0  00:03      3.16    0.20    1.00
  
  
  ***************************
  Flow Classification Summary
  ***************************
  
  -------------------------------------------------------------------------------------
                      Adjusted    ---------- Fraction of Time in Flow Class ---------- 
                       /Actual         Up    Down  Sub   Sup   Up    Down  Norm  Inlet 
  Conduit               Length    Dry  Dry   Dry   Crit  Crit  Crit  Crit  Ltd   Ctrl  
  -------------------------------------------------------------------------------------
  Brunn_Fassung_L         1.00   0.00  0.00  0.00  0.00  1.00  0.00  0.00  0.00  0.00
  11                      1.00   0.00  0.00  0.00  1.00  0.00  0.00  0.00  0.00  0.00
  14                      1.00   0.00  0.00  0.00  1.00  0.00  0.00  0.00  0.00  0.00
  16                      1.00   0.00  0.00  0.00  1.00  0.00  0.00  0.00  0.00  0.00
  17                      1.00   0.00  0.00  0.00  1.00  0.00  0.00  0.00  0.00  0.00
  26                      1.00   0.00  0.00  0.00  1.00  0.00  0.00  0.00  0.00  0.00
  27                      1.00   0.00  0.00  0.00  1.00  0.00  0.00  0.00  0.00  0.00
  Gischeren_L             1.00   0.00  0.00  0.00  1.00  0.00  0.00  0.00  0.00  0.00
  Schuettstein_L          1.00   0.00  0.00  0.00  0.00  1.00  0.00  0.00  0.00  0.00
  Brunnmuehle_L           1.00   0.00  0.00  0.00  1.00  0.00  0.00  0.00  0.00  0.00
  32                      1.00   0.00  0.00  0.00  1.00  0.00  0.00  0.00  0.00  0.00
  35                      1.00   0.00  0.00  0.00  1.00  0.00  0.00  0.00  0.00  0.00
  45                      1.00   0.00  0.00  0.00  0.00  1.00  0.00  0.00  1.00  0.00
  46                      1.00   0.00  0.00  0.00  1.00  0.00  0.00  0.00  0.00  0.00
  47                      1.00   0.00  0.00  0.00  1.00  0.00  0.00  0.00  0.00  0.00
  50                      1.00   0.00  0.00  0.00  1.00  0.00  0.00  0.00  0.00  0.00
  51                      1.00   0.00  0.00  0.00  1.00  0.00  0.00  0.00  0.00  0.00
  53                      1.00   0.00  0.00  0.00  1.00  0.00  0.00  0.00  0.00  0.00
  Fenster_L               1.00   0.00  0.00  0.00  0.00  1.00  0.00  0.00  0.00  0.00
  58                      1.00   0.00  0.00  0.00  0.00  1.00  0.00  0.00  0.00  0.00
  59                      1.00   0.00  0.00  0.00  0.00  1.00  0.00  0.00  0.00  0.00
  61                      1.00   0.00  0.00  0.00  1.00  0.00  0.00  0.00  0.00  0.00
  63                      1.00   0.00  0.00  0.00  1.00  0.00  0.00  0.00  0.00  0.00
  66                      1.00   0.00  0.00  0.00  1.00  0.00  0.00  0.00  0.00  0.00
  67                      1.00   0.00  0.00  0.00  1.00  0.00  0.00  0.00  0.00  0.00
  Amont_L                 1.00   0.00  0.00  0.00  1.00  0.00  0.00  0.00  0.00  0.00
  69                      1.00   0.00  0.00  0.00  1.00  0.00  0.00  0.00  0.00  0.00
  70                      1.00   0.00  0.00  0.00  1.00  0.00  0.00  0.00  0.00  0.00
  71                      1.00   0.00  0.00  0.00  1.00  0.00  0.00  0.00  0.00  0.00
  72                      1.00   0.00  0.00  0.00  1.00  0.00  0.00  0.00  0.00  0.00
  Sauser_L                1.00   0.00  0.00  0.00  1.00  0.00  0.00  0.00  0.00  0.00
  75                      1.00   0.00  0.00  0.00  0.00  1.00  0.00  0.00  0.00  0.00
  Entw_Sto_L              1.00   0.00  0.00  0.00  0.00  1.00  0.00  0.00  0.00  0.00
  4                       1.00   0.00  0.00  0.00  1.00  0.00  0.00  0.00  0.00  0.00
  5                       1.00   0.00  0.00  0.00  0.00  1.00  0.00  0.00  0.00  0.00
  6                       1.00   0.00  0.00  0.00  0.00  1.00  0.00  0.00  0.00  0.00
  7                       1.00   0.00  0.00  0.00  1.00  0.00  0.00  0.00  0.00  0.00
  Brunn_Teich_L           1.00   0.00  0.00  0.00  1.00  0.00  0.00  0.00  0.00  0.00
  9                       1.00   0.00  0.00  0.00  0.00  1.00  0.00  0.00  0.00  0.00
  12                      1.00   0.00  0.00  0.00  1.00  0.00  0.00  0.00  0.00  0.00
  15                      1.00   0.00  0.00  0.00  1.00  0.00  0.00  0.00  0.00  0.00
  18                      1.00   0.00  0.00  0.00  1.00  0.00  0.00  0.00  0.00  0.00
  19                      1.00   0.00  0.00  0.00  1.00  0.00  0.00  0.00  0.00  0.00
  20                      1.00   0.00  0.00  0.00  0.00  1.00  0.00  0.00  0.00  0.00
  21                      1.00   0.00  0.00  0.00  1.00  0.00  0.00  0.00  0.00  0.00
  Hooliloch_L             1.00   0.00  0.00  0.00  1.00  0.00  0.00  0.00  0.00  0.00
  23                      1.00   0.00  0.00  0.00  0.00  1.00  0.00  0.00  0.00  0.00
  25                      1.00   0.00  0.00  0.00  1.00  0.00  0.00  0.00  0.00  0.00
  28                      1.00   0.00  0.00  0.00  0.00  1.00  0.00  0.00  0.00  0.00
  29                      1.00   0.00  0.00  0.00  1.00  0.00  0.00  0.00  0.00  0.00
  31                      1.00   0.00  0.00  0.00  1.00  0.00  0.00  0.00  0.00  0.00
  33                      1.00   0.00  0.00  0.00  1.00  0.00  0.00  0.00  0.00  0.00
  37                      1.00   0.00  0.00  0.00  1.00  0.00  0.00  0.00  0.00  0.00
  SS3_L                   1.00   0.00  0.00  0.00  1.00  0.00  0.00  0.00  1.00  0.00
  40                      1.00   0.00  0.00  0.00  0.00  1.00  0.00  0.00  0.00  0.00
  SS6_L                   1.00   0.00  0.00  0.00  0.00  1.00  0.00  0.00  1.00  0.00
  1                       1.00   0.00  0.00  0.00  0.00  1.00  0.00  0.00  1.00  0.00
  2                       1.00   0.00  1.00  0.00  0.00  0.00  0.00  0.00  0.00  0.00
  3                       1.00   0.00  0.00  0.00  1.00  0.00  0.00  0.00  1.00  0.00
  10                      1.00   0.00  0.00  0.00  1.00  0.00  0.00  0.00  0.00  0.00
  13                      1.00   0.00  0.00  0.00  1.00  0.00  0.00  0.00  0.00  0.00
  22                      1.00   0.00  0.00  0.00  1.00  0.00  0.00  0.00  0.00  0.00
  24                      1.00   0.00  0.00  0.00  1.00  0.00  0.00  0.00  0.00  0.00
  30                      1.00   0.00  0.00  0.00  1.00  0.00  0.00  0.00  0.00  0.00
  34                      1.00   0.00  0.00  0.00  0.00  1.00  0.00  0.00  0.00  0.00
  36                      1.00   0.00  0.00  0.00  0.00  1.00  0.00  0.00  0.00  0.00
  38                      1.00   0.00  0.00  0.00  1.00  0.00  0.00  0.00  0.00  0.00
  48                      1.00   0.00  0.00  0.00  1.00  0.00  0.00  0.00  0.00  0.00
  54                      1.00   0.00  0.00  0.00  1.00  0.00  0.00  0.00  0.00  0.00
  68                      1.00   0.00  0.00  0.00  0.00  1.00  0.00  0.00  1.00  0.00
  73                      1.00   0.00  1.00  0.00  0.00  0.00  0.00  0.00  0.00  0.00
  TWT1                    1.00   0.00  0.00  0.00  0.00  1.00  0.00  0.00  0.00  0.00
  TWT2                    1.00   0.00  0.00  0.00  0.00  1.00  0.00  0.00  0.00  0.00
  1_1_b_2                 1.00   0.00  0.00  0.00  1.00  0.00  0.00  0.00  1.00  0.00
  1_1_b_3                 1.00   0.00  0.00  0.00  1.00  0.00  0.00  0.00  0.00  0.00
  TWT3                    1.00   0.00  0.00  0.00  1.00  0.00  0.00  0.00  0.00  0.00
  TWT4                    1.00   0.00  0.00  0.00  1.00  0.00  0.00  0.00  0.00  0.00
  1_2_b_                  1.00   0.00  0.00  0.00  1.00  0.00  0.00  0.00  1.00  0.00
  1_2_b_2                 1.00   0.00  0.00  0.00  1.00  0.00  0.00  0.00  1.00  0.00
  1_2_b_3                 1.00   0.00  0.00  0.00  1.00  0.00  0.00  0.00  0.00  0.00
  
  
  *************************
  Conduit Surcharge Summary
  *************************
  
  ----------------------------------------------------------------------------
                                                           Hours        Hours 
                         --------- Hours Full --------   Above Full   Capacity
  Conduit                Both Ends  Upstream  Dnstream   Normal Flow   Limited
  ----------------------------------------------------------------------------
  Brunn_Fassung_L             0.01      0.01     24.00      0.01         0.01
  11                         23.98     23.98     23.99     23.99         0.01
  14                         23.99     23.99     23.99     23.99         0.01
  16                         24.00     24.00     24.00     23.99        23.99
  17                         24.00     24.00     24.00      0.01         0.01
  26                         23.99     24.00     23.99     23.98        23.98
  27                         23.89     23.89     23.89      0.01         0.01
  Gischeren_L                 0.01      0.01     23.89      0.01         0.01
  Schuettstein_L              0.01      0.01     23.99      0.01         0.01
  Brunnmuehle_L              24.00     24.00     24.00      0.01         0.01
  35                         23.91     23.91     23.95      0.01         0.01
  46                         24.00     24.00     24.00      0.01         0.01
  47                         24.00     24.00     24.00     24.00        24.00
  50                         23.99     23.99     23.99      0.01         0.01
  51                         23.98     23.98     23.99      0.01         0.01
  53                         24.00     24.00     24.00     23.99         0.01
  61                         23.99     23.99     23.99     23.98         0.01
  63                          0.01     23.96      0.01      0.01         0.01
  66                         23.94     23.98     23.94     23.97        23.94
  67                         23.99     23.99     24.00      0.01         0.01
  Amont_L                    24.00     24.00     24.00      0.01         0.01
  69                         23.95     23.95     24.00      0.02         0.01
  70                         23.95     23.95     24.00      0.01         0.01
  71                         23.98     23.98     23.99      0.01         0.01
  72                          0.01     23.98      0.01     23.98         0.01
  Sauser_L                    0.01      0.01     24.00      0.01         0.01
  75                          0.01     23.97      0.01      0.01         0.01
  4                           0.01     23.98      0.01     23.89         0.01
  5                           0.01      0.01     24.00      0.01         0.01
  6                           0.01      0.01     24.00      0.01         0.01
  7                          23.99     23.99     24.00      0.01         0.01
  Brunn_Teich_L               0.01      0.01     23.99      0.01         0.01
  9                           0.01      0.01     23.99      0.01         0.01
  12                         23.97     23.97     23.98      0.01         0.01
  15                         23.98     23.98     23.98      0.01         0.01
  18                         23.98     23.98     23.98      0.01         0.01
  19                         23.96     23.96     23.98      0.01         0.01
  21                          0.01      0.01     23.96      0.01         0.01
  23                          0.01     23.94      0.01      0.01         0.01
  25                         23.93     23.93     23.99      0.01         0.01
  31                          0.01      0.01     23.90      0.01         0.01
  33                         23.95     23.95     23.96      0.01         0.01
  13                         23.99     23.99     24.00      0.01         0.01
  22                         23.99     23.99     24.00      0.01         0.01
  24                         23.97     23.97     24.00      0.01         0.01
  30                         23.97     23.97     24.00      0.01         0.01
  34                          0.01      0.01     23.99      0.01         0.01
  38                         23.94     23.94     23.95      0.01         0.01
  48                          0.01      0.01     23.91      0.01         0.01
  54                          0.01      0.01     23.88      0.01         0.01
  1_1_b_2                     0.01      0.01     23.91      0.01         0.01
  1_1_b_3                     0.01      0.01     23.98     23.98         0.01
  1_2_b_2                     0.01      0.01     23.94      0.01         0.01
  1_2_b_3                    23.94     23.94     23.99      0.01         0.01
  

  Analysis begun on:  Wed Aug 12 17:47:56 2026
  Analysis ended on:  Wed Aug 12 17:47:59 2026
  Total elapsed time: 00:00:03