
  EPA STORM WATER MANAGEMENT MODEL - VERSION 5.2 (Build 5.2.4)
  ------------------------------------------------------------

  Brunnmuehle (Twann) 
  WARNING 08: elevation drop exceeds length for Conduit SS3_L
  WARNING 08: elevation drop exceeds length for Conduit SS6_L
  WARNING 08: elevation drop exceeds length for Conduit 2
  WARNING 08: elevation drop exceeds length for Conduit 3
  WARNING 08: elevation drop exceeds length for Conduit 68
  WARNING 08: elevation drop exceeds length for Conduit 1_2_b_
  WARNING 08: elevation drop exceeds length for Conduit 1_2_b_2
  WARNING 08: elevation drop exceeds length for Conduit 1_2_b_4
  WARNING 08: elevation drop exceeds length for Conduit 1_4_b
  WARNING 08: elevation drop exceeds length for Conduit 1_5_a
  WARNING 04: minimum elevation drop used for Conduit 1_7_a
  WARNING 08: elevation drop exceeds length for Conduit 1_7_a_
  WARNING 08: elevation drop exceeds length for Conduit 1_7_a__
  WARNING 02: maximum depth increased for Node 2
  
  ****************
  Analysis Options
  ****************
  Flow Units ............... CMS
  Process Models:
    Rainfall/Runoff ........ NO
    RDII ................... NO
    Snowmelt ............... NO
    Groundwater ............ NO
    Flow Routing ........... YES
    Ponding Allowed ........ NO
    Water Quality .......... NO
  Flow Routing Method ...... DYNWAVE
  Surcharge Method ......... EXTRAN
  Starting Date ............ 01/01/2000 00:00:00
  Ending Date .............. 01/02/2000 00:00:00
  Antecedent Dry Days ...... 0.0
  Report Time Step ......... 01:00:00
  Routing Time Step ........ 0.50 sec
  Variable Time Step ....... YES
  Maximum Trials ........... 8
  Number of Threads ........ 1
  Head Tolerance ........... 0.001500 m
  
  
  **************************        Volume        Volume
  Flow Routing Continuity        hectare-m      10^6 ltr
  **************************     ---------     ---------
  Dry Weather Inflow .......         0.000         0.000
  Wet Weather Inflow .......         0.000         0.000
  Groundwater Inflow .......         0.000         0.000
  RDII Inflow ..............         0.000         0.000
  External Inflow ..........       207.725      2077.271
  External Outflow .........       197.738      1977.396
  Flooding Loss ............         0.000         0.000
  Evaporation Loss .........         0.000         0.000
  Exfiltration Loss ........         0.000         0.000
  Initial Stored Volume ....         0.057         0.565
  Final Stored Volume ......         0.605         6.047
  Continuity Error (%) .....         4.543
  
  
  *************************
  Highest Continuity Errors
  *************************
  Node TWT_Intersection_Sonsto_60+345 (-372.83%)
  Node SonSto_F_sup (-254.04%)
  Node SonSto_F (-182.53%)
  Node TWT_Acces_LT_60+110 (100.00%)
  Node 47 (99.76%)
  
  
  ***************************
  Time-Step Critical Elements
  ***************************
  Link 1_4_a (20391.74%)
  Link 1_2_b_1 (3.66%)
  
  
  ********************************
  Highest Flow Instability Indexes
  ********************************
  All links are stable.
  
  
  *********************************
  Most Frequent Nonconverging Nodes
  *********************************
  Node Brunnm_Fassung (44.75%)
  Node Brunnmuehle(Teich) (44.75%)
  Node Fensterstollen (44.75%)
  Node Gischeren (44.75%)
  Node Schuettstein (44.75%)
  
  
  *************************
  Routing Time Step Summary
  *************************
  Minimum Time Step           :     0.50 sec
  Average Time Step           :     0.50 sec
  Maximum Time Step           :     0.50 sec
  % of Time in Steady State   :    99.51
  Average Iterations per Step :     5.45
  % of Steps Not Converging   :    44.75
  Time Step Frequencies       :
      0.500 -  0.500 sec      :   100.00 %
      0.500 -  0.500 sec      :     0.00 %
      0.500 -  0.500 sec      :     0.00 %
      0.500 -  0.500 sec      :     0.00 %
      0.500 -  0.500 sec      :     0.00 %
  
  
  ******************
  Node Depth Summary
  ******************
  
  ---------------------------------------------------------------------------------
                                 Average  Maximum  Maximum  Time of Max    Reported
                                   Depth    Depth      HGL   Occurrence   Max Depth
  Node                 Type       Meters   Meters   Meters  days hr:min      Meters
  ---------------------------------------------------------------------------------
  9                    JUNCTION    29.89    35.54   474.04     0  00:00       29.91
  Holiloch_sonde       JUNCTION    28.39    34.26   474.26     0  00:00       28.41
  11                   JUNCTION    39.46    41.58   451.58     0  00:00       39.47
  13                   JUNCTION    30.39    31.58   469.58     0  00:00       30.41
  21                   JUNCTION    38.35    38.35   438.35     0  00:07       38.35
  SonSto_F             JUNCTION     0.69     0.70   438.50     0  00:07        0.69
  Sondierstollen       JUNCTION     0.00     0.00   440.80     0  00:00        0.00
  Aval_Trappe          JUNCTION     0.88     0.89   438.49     0  00:07        0.89
  30                   JUNCTION     0.96     0.96   438.26     0  00:07        0.96
  Gischeren_node       JUNCTION     0.00     0.00   476.50     0  00:00        0.00
  34                   JUNCTION    17.65    18.00   438.00     0  00:00       17.65
  38                   JUNCTION    20.40    20.41   440.41     0  00:07       20.41
  SS6                  JUNCTION     0.03     0.03   448.03     0  00:03        0.03
  40                   JUNCTION    20.06    20.24   439.24     0  00:01       20.06
  41                   JUNCTION    30.89    46.21   483.71     0  00:00       30.91
  SondeSchuettstein    JUNCTION     9.40    13.54   472.54     0  00:01        9.41
  SS4                  JUNCTION     0.02     0.02   448.02     0  00:07        0.02
  47                   JUNCTION     3.50     3.53   468.43     0  00:05        3.51
  48                   JUNCTION     0.00     0.03   471.03     0  00:01        0.00
  SondeGischeren       JUNCTION     0.00     0.00   465.00     0  00:00        0.00
  49                   JUNCTION     2.39     2.42   468.42     0  00:05        2.39
  50                   JUNCTION     0.00     0.00   463.00     0  00:00        0.00
  51                   JUNCTION    49.43    52.63   472.63     0  00:00       49.45
  Amont_C              JUNCTION    54.51   141.12   559.12     0  00:00       54.53
  52                   JUNCTION     0.17     0.17   457.17     0  00:07        0.17
  53                   JUNCTION     1.17     1.18   468.18     0  00:06        1.17
  54                   JUNCTION     0.09     0.09   463.09     0  00:07        0.09
  56                   JUNCTION     6.11     6.15   436.15     0  00:00        6.11
  2                    JUNCTION     0.06     0.06   438.06     0  00:07        0.06
  4                    JUNCTION     8.32     9.17   437.17     0  00:00        8.32
  5                    JUNCTION     0.00     0.00   472.50     0  00:00        0.00
  6                    JUNCTION    10.40    10.44   468.44     0  00:05       10.41
  7                    JUNCTION     0.00     0.00   475.00     0  00:00        0.00
  SS3                  JUNCTION     0.00     0.00   448.00     0  00:00        0.00
  SS5                  JUNCTION     0.17     0.22   439.12     0  00:02        0.17
  8                    JUNCTION     0.00     0.00   474.00     0  00:00        0.00
  10                   JUNCTION     0.38     0.41   468.41     0  00:05        0.38
  SonSto_SS5           JUNCTION     0.00     0.00   439.30     0  00:07        0.00
  SonSto_SS3           JUNCTION     0.00     0.00   439.70     0  00:00        0.00
  SonSto_SS4           JUNCTION     0.01     0.01   439.41     0  00:07        0.01
  Amont_Trappe         JUNCTION     0.79     0.79   438.49     0  00:07        0.79
  SonSto_SS6           JUNCTION     0.03     0.03   438.73     0  00:06        0.03
  SS2                  JUNCTION     0.00     0.00   448.00     0  00:00        0.00
  SonSto_SS2           JUNCTION     0.00     0.00   441.50     0  00:00        0.00
  12                   JUNCTION     6.26     6.28   455.28     0  00:05        6.27
  14                   JUNCTION     0.83     0.84   465.84     0  00:05        0.83
  15                   JUNCTION     0.00     0.00   472.00     0  00:00        0.00
  TWT_PointHaut_60+650 JUNCTION     0.34     0.34   438.84     0  00:07        0.34
  TWT_Fensterstollen_60+375 JUNCTION     1.29     1.29   438.59     0  00:07        1.29
  TWT_Acces_LT_60+110  JUNCTION     1.23     1.23   438.73     0  00:07        1.23
  TWT_Liaison_LT_59+738 JUNCTION     0.00     0.00   450.60     0  00:00        0.00
  Syst_Est_amont       JUNCTION     8.85    11.08   441.08     0  00:02        8.87
  Syst_Est_interm      JUNCTION    20.55    28.14   438.14     0  00:05       20.62
  TWT_Branche_Est_Sonsto_60+540 JUNCTION     0.65     0.82   439.22     0  00:01        0.65
  TWT_Intersection_Sonsto_60+345 JUNCTION     1.49     1.61   438.61     0  00:06        1.49
  TWT_Chrosweg_61+140  JUNCTION     0.27     0.28   432.28     0  00:07        0.28
  SonSto_F_sup         JUNCTION     0.00     0.00   448.00     0  00:00        0.00
  SonSto_porte         JUNCTION     0.02     0.11   438.61     0  00:06        0.02
  Brunnm_Fassung       OUTFALL      0.09     0.09   433.89     0  00:07        0.09
  Brunnmuehle(Teich)   OUTFALL      0.19     0.19   435.69     0  00:07        0.19
  Fensterstollen       OUTFALL      0.88     0.88   437.88     0  00:07        0.88
  Gischeren            OUTFALL      0.00     0.00   480.00     0  00:00        0.00
  Schuettstein         OUTFALL      0.00     0.00   477.55     0  00:00        0.00
  Holiloch             OUTFALL      0.00     0.00   476.50     0  00:00        0.00
  Sauserquelle         OUTFALL      0.24     0.24   435.79     0  00:01        0.24
  Entw_Stollen         OUTFALL      0.06     0.06   436.56     0  00:07        0.06
  Sous_lacustre        OUTFALL      0.10     0.10   429.30     0  00:07        0.10
  Sous_ecoul.          OUTFALL      0.00     0.00   433.00     0  00:00        0.00
  Syst_Est_aval        OUTFALL      0.43     0.52   429.52     0  00:05        0.43
  TWT_Portail_Est_61+665 OUTFALL      0.27     0.27   421.87     0  00:07        0.27
  
  
  *******************
  Node Inflow Summary
  *******************
  
  -------------------------------------------------------------------------------------------------
                                  Maximum  Maximum                  Lateral       Total        Flow
                                  Lateral    Total  Time of Max      Inflow      Inflow     Balance
                                   Inflow   Inflow   Occurrence      Volume      Volume       Error
  Node                 Type           CMS      CMS  days hr:min    10^6 ltr    10^6 ltr     Percent
  -------------------------------------------------------------------------------------------------
  9                    JUNCTION         0     10.5     0  00:00           0        3.53       3.617
  Holiloch_sonde       JUNCTION         0     8.87     0  00:00           0        3.41       2.564
  11                   JUNCTION         0    0.208     0  00:00           0        17.4      -0.000
  13                   JUNCTION         0       23     0  00:00           0    1.88e+03       0.014
  21                   JUNCTION         0    0.309     0  00:07           0        26.7       0.003
  SonSto_F             JUNCTION         0    0.944     0  00:03           0        2.45     -64.605
  Sondierstollen       JUNCTION         0        0     0  00:00           0           0       0.000 ltr
  Aval_Trappe          JUNCTION         0     10.7     0  00:07           0         923      -0.184
  30                   JUNCTION         0     19.2     0  00:07           0    1.65e+03       2.034
  Gischeren_node       JUNCTION         0        0     0  00:00           0           0       0.000 ltr
  34                   JUNCTION         0    0.279     0  00:07           0        24.1       0.002
  38                   JUNCTION         0    0.203     0  00:00           0        16.2       0.001
  SS6                  JUNCTION         0   0.0306     0  00:05           0        2.44       0.317
  40                   JUNCTION         0     0.81     0  00:05           0        69.6       0.000
  41                   JUNCTION         0     3.12     0  00:00           0      0.0284     118.563
  SondeSchuettstein    JUNCTION         0    0.334     0  00:01           0      0.0125    2620.350
  SS4                  JUNCTION         0    0.019     0  00:07           0        1.63       0.125
  47                   JUNCTION         0     1.57     0  00:01           0      0.0551   41150.008
  48                   JUNCTION         0    0.158     0  00:01           0    0.000117      10.799
  SondeGischeren       JUNCTION         0        0     0  00:00           0           0       0.000 ltr
  49                   JUNCTION         0    0.211     0  00:02           0        3.11      20.368
  50                   JUNCTION         0        0     0  00:00           0           0       0.000 ltr
  51                   JUNCTION         0     40.1     0  00:00           0    1.98e+03       0.000
  Amont_C              JUNCTION      22.9     46.8     0  00:00    1.98e+03    1.98e+03       0.013
  52                   JUNCTION         0    0.125     0  00:07           0        10.8       2.660
  53                   JUNCTION         0   0.0429     0  00:03           0        2.52       1.055
  54                   JUNCTION         0    0.029     0  00:06           0         2.5       3.063
  56                   JUNCTION         0    0.514     0  00:01           0        43.3       0.000
  2                    JUNCTION         0   0.0354     0  00:06           0        2.06     134.752
  4                    JUNCTION         0    0.253     0  00:07           0        21.9       0.027
  5                    JUNCTION         0        0     0  00:00           0           0       0.000 ltr
  6                    JUNCTION         0     5.03     0  00:00           0        3.32       5.167
  7                    JUNCTION         0        0     0  00:00           0           0       0.000 ltr
  SS3                  JUNCTION         0        0     0  00:00           0           0       0.000 ltr
  SS5                  JUNCTION         0   0.0254     0  00:01           0       0.462      30.843
  8                    JUNCTION         0        0     0  00:00           0           0       0.000 ltr
  10                   JUNCTION         0   0.0425     0  00:03           0        2.58       5.765
  SonSto_SS5           JUNCTION         0 0.000287     0  00:07           0      0.0248       0.605
  SonSto_SS3           JUNCTION         0        0     0  00:00           0           0       0.000 ltr
  SonSto_SS4           JUNCTION         0  0.00556     0  00:07           0       0.479       0.247
  Amont_Trappe         JUNCTION         0     1.14     0  00:02           0        2.14     -21.848
  SonSto_SS6           JUNCTION         0   0.0308     0  00:05           0        2.45       2.422
  SS2                  JUNCTION         0        0     0  00:00           0           0       0.000 ltr
  SonSto_SS2           JUNCTION         0        0     0  00:00           0           0       0.000 ltr
  12                   JUNCTION         0    0.263     0  00:01           0        20.9       0.018
  14                   JUNCTION         0    0.474     0  00:05           0        40.8       0.078
  15                   JUNCTION         0   0.0535     0  00:00           0     2.7e-05     -98.535
  TWT_PointHaut_60+650 JUNCTION         0     3.31     0  00:02           0         255       2.664
  TWT_Fensterstollen_60+375 JUNCTION         0     21.4     0  00:02           0    1.66e+03      -0.280
  TWT_Acces_LT_60+110  JUNCTION         0     6.32     0  00:04           0         141141480307.090 ltr
  TWT_Liaison_LT_59+738 JUNCTION         0        0     0  00:00           0           0       0.000 ltr
  Syst_Est_amont       JUNCTION      1.15     2.43     0  00:02        98.9        99.1       0.146
  Syst_Est_interm      JUNCTION         0     1.88     0  00:04           0        82.7       0.459
  TWT_Branche_Est_Sonsto_60+540 JUNCTION         0     11.2     0  00:04           0         971      -0.099
  TWT_Intersection_Sonsto_60+345 JUNCTION         0     10.4     0  00:01           0        29.9     -78.851
  TWT_Chrosweg_61+140  JUNCTION         0     2.88     0  00:07           0         248      21.962
  SonSto_F_sup         JUNCTION         0 5.93e-05     0  00:00           0    0.000755     -71.755
  SonSto_porte         JUNCTION         0    0.434     0  00:06           0      0.0145     -99.752
  Brunnm_Fassung       OUTFALL          0   0.0253     0  00:07           0        2.18       0.000
  Brunnmuehle(Teich)   OUTFALL          0    0.248     0  00:07           0        21.4       0.000
  Fensterstollen       OUTFALL          0     18.8     0  00:07           0    1.62e+03       0.000
  Gischeren            OUTFALL          0        0     0  00:00           0           0       0.000 ltr
  Schuettstein         OUTFALL          0        0     0  00:00           0           0       0.000 ltr
  Holiloch             OUTFALL          0        0     0  00:00           0           0       0.000 ltr
  Sauserquelle         OUTFALL          0    0.514     0  00:01           0        43.3       0.000
  Entw_Stollen         OUTFALL          0   0.0102     0  00:07           0       0.876       0.000
  Sous_lacustre        OUTFALL          0   0.0307     0  00:07           0        2.65       0.000
  Sous_ecoul.          OUTFALL          0  0.00573     0  00:00           0        0.48       0.000
  Syst_Est_aval        OUTFALL          0     1.37     0  00:05           0        82.4       0.000
  TWT_Portail_Est_61+665 OUTFALL          0     2.36     0  00:07           0         203       0.000
  
  
  **********************
  Node Surcharge Summary
  **********************
  
  Surcharging occurs when water rises above the top of the highest conduit.
  ---------------------------------------------------------------------
                                               Max. Height   Min. Depth
                                   Hours       Above Crown    Below Rim
  Node                 Type      Surcharged         Meters       Meters
  ---------------------------------------------------------------------
  9                    JUNCTION       23.99         33.744       64.456
  Holiloch_sonde       JUNCTION       23.99         32.359      165.741
  11                   JUNCTION       24.00         41.121      108.419
  13                   JUNCTION       23.99         28.579      368.421
  21                   JUNCTION       24.00         37.754      111.646
  34                   JUNCTION       24.00         17.397       82.003
  38                   JUNCTION       24.00         19.813      129.587
  40                   JUNCTION       24.00         16.241       79.759
  41                   JUNCTION       23.99         45.359      203.791
  SondeSchuettstein    JUNCTION       23.98         12.739        0.000
  47                   JUNCTION       23.97          1.632       96.468
  51                   JUNCTION       24.00         48.634      347.366
  Amont_C              JUNCTION       24.00        138.119      258.881
  56                   JUNCTION       24.00          5.147       93.853
  4                    JUNCTION       23.99          8.515       90.835
  6                    JUNCTION       23.98          5.435      189.565
  12                   JUNCTION       23.98          5.927      193.723
  Syst_Est_amont       JUNCTION       23.95         10.084       88.916
  Syst_Est_interm      JUNCTION       23.91         26.636       71.864
  
  
  *********************
  Node Flooding Summary
  *********************
  
  No nodes were flooded.
  
  
  ***********************
  Outfall Loading Summary
  ***********************
  
  -----------------------------------------------------------
                         Flow       Avg       Max       Total
                         Freq      Flow      Flow      Volume
  Outfall Node           Pcnt       CMS       CMS    10^6 ltr
  -----------------------------------------------------------
  Brunnm_Fassung        99.95    0.0253    0.0253       2.182
  Brunnmuehle(Teich)    99.95     0.248     0.248      21.389
  Fensterstollen        99.98      18.8      18.8    1620.706
  Gischeren              0.00         0         0       0.000
  Schuettstein           0.00         0         0       0.000
  Holiloch               0.00         0         0       0.000
  Sauserquelle          99.98     0.501     0.514      43.271
  Entw_Stollen          99.96    0.0101    0.0102       0.876
  Sous_lacustre        100.00    0.0307    0.0307       2.649
  Sous_ecoul.           99.95   0.00556   0.00573       0.480
  Syst_Est_aval         99.63     0.957      1.37      82.364
  TWT_Portail_Est_61+665  99.96      2.36      2.36     203.470
  -----------------------------------------------------------
  System                74.95      22.9      22.9    1977.387
  
  
  ********************
  Link Flow Summary
  ********************
  
  -----------------------------------------------------------------------------
                                 Maximum  Time of Max   Maximum    Max/    Max/
                                  |Flow|   Occurrence   |Veloc|    Full    Full
  Link                 Type          CMS  days hr:min     m/sec    Flow   Depth
  -----------------------------------------------------------------------------
  Brunn_Fassung_L      CONDUIT    0.0253     0  00:07      1.15    0.42    0.73
  11                   CONDUIT      8.87     0  00:00      5.31    1.33    1.00
  14                   CONDUIT      10.5     0  00:00      7.14    5.69    1.00
  16                   CONDUIT     0.208     0  00:00      2.43    1.45    1.00
  17                   CONDUIT     0.206     0  00:00      0.73    0.35    1.00
  26                   CONDUIT      3.12     0  00:00      5.66    4.22    1.00
  27                   CONDUIT    0.0628     0  00:06      1.65    0.81    1.00
  Gischeren_L          CONDUIT         0     0  00:00      0.00    0.00    0.00
  Schuettstein_L       CONDUIT         0     0  00:00      0.00    0.00    0.03
  Brunnmuehle_L        CONDUIT     0.279     0  00:07      0.99    0.13    1.00
  32                   CONDUIT         0     0  00:00      0.00    0.00    0.00
  35                   CONDUIT         0     0  00:00      0.00    0.00    0.00
  45                   CONDUIT    0.0305     0  00:06      0.17    0.00    0.12
  46                   CONDUIT     0.514     0  00:01      1.82    0.51    1.00
  47                   CONDUIT    0.0886     0  00:00      2.33    5.53    1.00
  50                   CONDUIT     0.158     0  00:01      0.62    0.03    0.52
  51                   CONDUIT    0.0254     0  00:01      0.37    0.07    0.81
  53                   CONDUIT     0.203     0  00:00      1.22    1.03    1.00
  Fenster_L            CONDUIT      18.8     0  00:07     10.74    0.19    0.31
  58                   CONDUIT      10.7     0  00:07      6.54    0.14    0.31
  59                   CONDUIT  0.000197     0  00:07      0.03    0.00    0.01
  61                   CONDUIT     0.334     0  00:01      1.80    0.47    1.00
  63                   CONDUIT    0.0306     0  00:05      1.97    0.14    0.11
  66                   CONDUIT         0     0  00:00      0.00    0.00    0.00
  67                   CONDUIT        23     0  00:00      5.49    0.23    1.00
  Amont_L              CONDUIT      40.1     0  00:00      5.67    2.17    1.00
  69                   CONDUIT     0.125     0  00:07      1.30    0.49    0.72
  70                   CONDUIT     0.122     0  00:07      1.27    0.38    0.72
  71                   CONDUIT    0.0429     0  00:03      0.30    0.08    0.70
  72                   CONDUIT     0.029     0  00:06      0.87    0.14    0.13
  Sauser_L             CONDUIT     0.514     0  00:01      1.00    0.13    0.62
  75                   CONDUIT     0.019     0  00:07      2.35    0.19    0.22
  Entw_Sto_L           CONDUIT    0.0102     0  00:07      1.38    0.23    0.33
  4                    CONDUIT   0.00914     0  00:07      0.89    0.41    0.40
  5                    CONDUIT    0.0139     0  00:07      0.77    0.50    0.67
  6                    CONDUIT    0.0307     0  00:07      1.23    0.46    0.74
  7                    CONDUIT     0.253     0  00:07      1.37    0.39    1.00
  Brunn_Teich_L        CONDUIT     0.248     0  00:07      1.09    0.19    0.65
  9                    CONDUIT   0.00573     0  00:00      1.44    0.00    0.50
  12                   CONDUIT         0     0  00:00      0.00    0.00    0.50
  15                   CONDUIT      5.03     0  00:00      3.21    0.13    1.00
  18                   CONDUIT      1.57     0  00:01      1.02    0.06    1.00
  19                   CONDUIT     0.211     0  00:02      0.46    0.20    0.74
  20                   CONDUIT     0.579     0  00:03      1.42    0.05    0.84
  21                   CONDUIT         0     0  00:00      0.00    0.00    0.00
  Hooliloch_L          CONDUIT         0     0  00:00      0.00    0.00    0.00
  23                   CONDUIT         0     0  00:00      0.00    0.00    0.00
  25                   CONDUIT         0     0  00:00      0.00    0.00    0.50
  28                   CONDUIT         0     0  00:00      0.00    0.00    0.00
  29                   CONDUIT  0.000287     0  00:07      0.17    0.00    0.00
  31                   CONDUIT         0     0  00:00      0.00    0.00    0.00
  33                   CONDUIT    0.0425     0  00:03      0.26    0.02    0.18
  37                   CONDUIT  8.92e-05     0  00:07      0.00    0.00    0.04
  SS3_L                CONDUIT         0     0  00:00      0.00    0.00    0.00
  40                   CONDUIT     0.944     0  00:03      0.76    0.01    0.19
  SS6_L                CONDUIT    0.0306     0  00:05      3.17    0.00    0.02
  1                    CONDUIT         0     0  00:00      0.00    0.00    0.00
  2                    CONDUIT         0     0  00:00      0.00    0.00    0.00
  3                    CONDUIT   0.00556     0  00:07      2.36    0.00    0.01
  10                   CONDUIT   0.00526     0  00:07      0.09    0.00    0.04
  13                   CONDUIT     0.263     0  00:01      2.95    0.57    1.00
  22                   CONDUIT     0.242     0  00:05      2.51    0.60    1.00
  24                   CONDUIT     0.474     0  00:05      1.09    0.00    0.60
  30                   CONDUIT     0.473     0  00:05      1.09    0.20    0.60
  34                   CONDUIT    0.0535     0  00:00      0.45    0.06    0.50
  36                   CONDUIT  5.93e-05     0  00:00      0.00    0.00    0.00
  38                   CONDUIT         0     0  00:00      0.00    0.00    0.00
  48                   CONDUIT      1.88     0  00:04      2.65    1.26    1.00
  54                   CONDUIT      1.37     0  00:05      1.08    0.26    0.70
  68                   CONDUIT  4.95e-05     0  00:01      0.02    0.00    0.12
  73                   CONDUIT    0.0131     0  00:06      0.30    0.00    0.04
  TWT1                 CONDUIT      2.36     0  00:07      4.43    0.00    0.03
  TWT2                 CONDUIT      2.88     0  00:07      4.64    0.00    0.04
  1_1_b_1              CONDUIT      1.29     0  00:02      2.50    0.16    0.67
  TWT3                 CONDUIT      3.31     0  00:02      2.79    0.01    0.06
  TWT4                 CONDUIT      10.7     0  00:02      3.62    0.02    0.12
  1_2_b_               CONDUIT         0     0  00:00      0.00    0.00    0.14
  1_2_b_1              CONDUIT      10.8     0  00:06     18.98    6.56    1.00
  1_2_b_2              CONDUIT  5.27e-06     0  00:00      0.00    0.00    0.50
  1_2_b_4              CONDUIT    0.0134     0  00:07      0.03    0.00    0.51
  TWT5                 CONDUIT      10.4     0  00:01      4.96    0.01    0.17
  1_4_a                CONDUIT      10.7     0  00:07      4.65    0.16    0.36
  TWT6                 CONDUIT      6.32     0  00:04      1.79    0.02    0.17
  1_4_b                CONDUIT       1.4     0  00:06      0.85    0.00    0.29
  TWT7                 CONDUIT         0     0  00:00      0.00    0.00    0.08
  1_5_a                CONDUIT         0     0  00:00      0.00    0.00    0.01
  1_7_a                CONDUIT      10.1     0  00:03      3.50    2.30    0.23
  1_7_a_               CONDUIT   2.5e-05     0  00:00      0.00    0.00    0.41
  1_7_a__              CONDUIT     0.396     0  00:00      0.92    0.01    0.91
  1_7_a_1              CONDUIT      11.1     0  00:02     15.78    8.90    0.91
  
  
  ***************************
  Flow Classification Summary
  ***************************
  
  -------------------------------------------------------------------------------------
                      Adjusted    ---------- Fraction of Time in Flow Class ---------- 
                       /Actual         Up    Down  Sub   Sup   Up    Down  Norm  Inlet 
  Conduit               Length    Dry  Dry   Dry   Crit  Crit  Crit  Crit  Ltd   Ctrl  
  -------------------------------------------------------------------------------------
  Brunn_Fassung_L         1.00   0.00  0.00  0.00  0.00  1.00  0.00  0.00  0.00  0.00
  11                      1.00   0.00  0.00  0.00  1.00  0.00  0.00  0.00  0.00  0.00
  14                      1.00   0.00  0.00  0.00  1.00  0.00  0.00  0.00  0.00  0.00
  16                      1.00   0.00  0.00  0.00  1.00  0.00  0.00  0.00  0.00  0.00
  17                      1.00   0.00  0.00  0.00  1.00  0.00  0.00  0.00  0.00  0.00
  26                      1.00   0.00  0.00  0.00  1.00  0.00  0.00  0.00  0.00  0.00
  27                      1.00   0.00  0.00  0.00  1.00  0.00  0.00  0.00  0.00  0.00
  Gischeren_L             1.00   1.00  0.00  0.00  0.00  0.00  0.00  0.00  0.00  0.00
  Schuettstein_L          1.00   1.00  0.00  0.00  0.00  0.00  0.00  0.00  0.00  0.00
  Brunnmuehle_L           1.00   0.00  0.00  0.00  1.00  0.00  0.00  0.00  0.00  0.00
  32                      1.00   1.00  0.00  0.00  0.00  0.00  0.00  0.00  0.00  0.00
  35                      1.00   1.00  0.00  0.00  0.00  0.00  0.00  0.00  0.00  0.00
  45                      1.00   0.00  0.00  0.00  1.00  0.00  0.00  0.00  1.00  0.00
  46                      1.00   0.00  0.00  0.00  1.00  0.00  0.00  0.00  0.00  0.00
  47                      1.00   0.00  0.00  0.00  1.00  0.00  0.00  0.00  0.00  0.00
  50                      1.00   0.00  1.00  0.00  0.00  0.00  0.00  0.00  1.00  0.00
  51                      1.00   0.00  0.00  0.00  1.00  0.00  0.00  0.00  0.00  0.00
  53                      1.00   0.00  0.00  0.00  1.00  0.00  0.00  0.00  0.00  0.00
  Fenster_L               1.00   0.00  0.00  0.00  0.00  1.00  0.00  0.00  0.00  0.00
  58                      1.00   0.00  0.00  0.00  0.00  1.00  0.00  0.00  0.00  0.00
  59                      1.00   0.00  0.00  0.00  1.00  0.00  0.00  0.00  1.00  0.00
  61                      1.00   0.00  0.00  0.00  1.00  0.00  0.00  0.00  0.00  0.00
  63                      1.00   0.00  0.00  0.00  0.00  1.00  0.00  0.00  0.00  0.00
  66                      1.00   1.00  0.00  0.00  0.00  0.00  0.00  0.00  0.00  0.00
  67                      1.00   0.00  0.00  0.00  1.00  0.00  0.00  0.00  0.00  0.00
  Amont_L                 1.00   0.00  0.00  0.00  1.00  0.00  0.00  0.00  0.00  0.00
  69                      1.00   0.00  0.00  0.00  1.00  0.00  0.00  0.00  0.00  0.00
  70                      1.00   0.00  0.00  0.00  1.00  0.00  0.00  0.00  0.00  0.00
  71                      1.00   0.00  0.00  0.00  1.00  0.00  0.00  0.00  0.00  0.00
  72                      1.00   0.00  0.00  0.00  1.00  0.00  0.00  0.00  0.00  0.00
  Sauser_L                1.00   0.00  0.00  0.00  1.00  0.00  0.00  0.00  0.00  0.00
  75                      1.00   0.00  0.00  0.00  0.00  1.00  0.00  0.00  0.00  0.00
  Entw_Sto_L              1.00   0.00  0.00  0.00  0.00  1.00  0.00  0.00  0.00  0.00
  4                       1.00   0.00  0.00  0.00  0.00  1.00  0.00  0.00  0.00  0.00
  5                       1.00   0.00  0.00  0.00  1.00  0.00  0.00  0.00  0.00  0.00
  6                       1.00   0.00  0.00  0.00  0.00  1.00  0.00  0.00  0.00  0.00
  7                       1.00   0.00  0.00  0.00  1.00  0.00  0.00  0.00  0.00  0.00
  Brunn_Teich_L           1.00   0.00  0.00  0.00  1.00  0.00  0.00  0.00  0.00  0.00
  9                       1.00   0.00  0.00  0.00  0.00  1.00  0.00  0.00  0.00  0.00
  12                      1.00   0.00  1.00  0.00  0.00  0.00  0.00  0.00  0.00  0.00
  15                      1.00   0.00  0.00  0.00  1.00  0.00  0.00  0.00  0.00  0.00
  18                      1.00   0.00  0.00  0.00  1.00  0.00  0.00  0.00  0.00  0.00
  19                      1.00   0.00  0.00  0.00  1.00  0.00  0.00  0.00  0.00  0.00
  20                      1.00   0.00  0.00  0.00  1.00  0.00  0.00  0.00  0.00  0.00
  21                      1.00   1.00  0.00  0.00  0.00  0.00  0.00  0.00  0.00  0.00
  Hooliloch_L             1.00   1.00  0.00  0.00  0.00  0.00  0.00  0.00  0.00  0.00
  23                      1.00   1.00  0.00  0.00  0.00  0.00  0.00  0.00  0.00  0.00
  25                      1.00   0.00  1.00  0.00  0.00  0.00  0.00  0.00  0.00  0.00
  28                      1.00   0.00  1.00  0.00  0.00  0.00  0.00  0.00  0.00  0.00
  29                      1.00   0.00  0.00  0.00  1.00  0.00  0.00  0.00  0.00  0.00
  31                      1.00   1.00  0.00  0.00  0.00  0.00  0.00  0.00  0.00  0.00
  33                      1.00   0.00  0.00  0.00  1.00  0.00  0.00  0.00  0.00  0.00
  37                      1.00   0.00  0.00  0.00  1.00  0.00  0.00  0.00  1.00  0.00
  SS3_L                   1.00   1.00  0.00  0.00  0.00  0.00  0.00  0.00  0.00  0.00
  40                      1.00   0.00  0.00  0.00  1.00  0.00  0.00  0.00  0.00  0.00
  SS6_L                   1.00   0.00  0.00  0.00  0.00  1.00  0.00  0.00  1.00  0.00
  1                       1.00   1.00  0.00  0.00  0.00  0.00  0.00  0.00  0.00  0.00
  2                       1.00   1.00  0.00  0.00  0.00  0.00  0.00  0.00  0.00  0.00
  3                       1.00   0.00  0.00  0.00  0.00  1.00  0.00  0.00  0.00  0.00
  10                      1.00   0.00  0.00  0.00  1.00  0.00  0.00  0.00  1.00  0.00
  13                      1.00   0.00  0.00  0.00  1.00  0.00  0.00  0.00  0.00  0.00
  22                      1.00   0.00  0.00  0.00  1.00  0.00  0.00  0.00  0.00  0.00
  24                      1.00   0.00  0.00  0.00  1.00  0.00  0.00  0.00  0.00  0.00
  30                      1.00   0.00  0.00  0.00  1.00  0.00  0.00  0.00  1.00  0.00
  34                      1.00   0.00  0.00  0.00  1.00  0.00  0.00  0.00  1.00  0.00
  36                      1.00   0.00  0.00  0.00  0.00  1.00  0.00  0.00  0.00  0.00
  38                      1.00   1.00  0.00  0.00  0.00  0.00  0.00  0.00  0.00  0.00
  48                      1.00   0.00  0.00  0.00  1.00  0.00  0.00  0.00  0.00  0.00
  54                      1.00   0.00  0.00  0.00  1.00  0.00  0.00  0.00  0.00  0.00
  68                      1.00   0.00  0.00  0.00  1.00  0.00  0.00  0.00  1.00  0.00
  73                      1.00   0.00  0.00  0.00  1.00  0.00  0.00  0.00  1.00  0.00
  TWT1                    1.00   0.00  0.00  0.00  0.00  1.00  0.00  0.00  0.00  0.00
  TWT2                    1.00   0.00  0.00  0.00  0.00  1.00  0.00  0.00  0.00  0.00
  1_1_b_1                 1.00   0.00  0.00  0.00  1.00  0.00  0.00  0.00  0.00  0.00
  TWT3                    1.00   0.00  0.00  0.00  0.00  1.00  0.00  0.00  0.00  0.00
  TWT4                    1.00   0.00  0.00  0.00  1.00  0.00  0.00  0.00  0.00  0.00
  1_2_b_                  1.00   0.00  1.00  0.00  0.00  0.00  0.00  0.00  0.00  0.00
  1_2_b_1                 1.00   0.00  0.00  0.00  1.00  0.00  0.00  0.00  0.00  0.00
  1_2_b_2                 1.00   0.00  0.00  0.00  1.00  0.00  0.00  0.00  1.00  0.00
  1_2_b_4                 1.00   0.00  0.00  0.00  1.00  0.00  0.00  0.00  1.00  0.00
  TWT5                    1.00   0.00  0.00  0.00  1.00  0.00  0.00  0.00  0.00  0.00
  1_4_a                   1.00   0.00  0.00  0.00  0.00  1.00  0.00  0.00  0.00  0.00
  TWT6                    1.00   0.00  0.00  0.00  1.00  0.00  0.00  0.00  0.00  0.00
  1_4_b                   1.00   0.00  0.00  0.00  1.00  0.00  0.00  0.00  1.00  0.00
  TWT7                    1.00   0.00  1.00  0.00  0.00  0.00  0.00  0.00  0.00  0.00
  1_5_a                   1.00   0.00  1.00  0.00  0.00  0.00  0.00  0.00  0.00  0.00
  1_7_a                   1.00   0.00  0.00  0.00  1.00  0.00  0.00  0.00  0.00  0.00
  1_7_a_                  1.00   0.00  0.00  0.00  1.00  0.00  0.00  0.00  1.00  0.00
  1_7_a__                 1.00   0.00  0.00  0.00  1.00  0.00  0.00  0.00  0.00  0.00
  1_7_a_1                 1.00   0.00  0.00  0.00  0.00  1.00  0.00  0.00  0.00  0.00
  
  
  *************************
  Conduit Surcharge Summary
  *************************
  
  ----------------------------------------------------------------------------
                                                           Hours        Hours 
                         --------- Hours Full --------   Above Full   Capacity
  Conduit                Both Ends  Upstream  Dnstream   Normal Flow   Limited
  ----------------------------------------------------------------------------
  Brunn_Fassung_L             0.01      0.01     24.00      0.01         0.01
  11                         23.99     23.99     23.99      0.01         0.01
  14                         23.99     23.99     24.00      0.02         0.01
  16                         24.00     24.00     24.00     23.99        23.99
  17                         24.00     24.00     24.00      0.01         0.01
  26                         23.99     24.00     23.99      0.01         0.01
  27                         23.97     23.97     23.98      0.01         0.01
  Brunnmuehle_L              24.00     24.00     24.00      0.01         0.01
  46                         24.00     24.00     24.00      0.01         0.01
  47                         24.00     24.00     24.00     24.00        24.00
  50                          0.01      0.01     23.98      0.01         0.01
  51                          0.01      0.01     23.99      0.01         0.01
  53                         24.00     24.00     24.00      0.01         0.01
  61                         23.98     23.98     23.99      0.01         0.01
  67                         23.99     23.99     24.00      0.01         0.01
  Amont_L                    24.00     24.00     24.00     24.00         0.01
  69                          0.01      0.01     24.00      0.01         0.01
  70                          0.01      0.01     24.00      0.01         0.01
  71                          0.01      0.01     23.99      0.01         0.01
  Sauser_L                    0.01      0.01     24.00      0.01         0.01
  5                           0.01      0.01     24.00      0.01         0.01
  6                           0.01      0.01     24.00      0.01         0.01
  7                          23.99     23.99     24.00      0.01         0.01
  Brunn_Teich_L               0.01      0.01     23.99      0.01         0.01
  9                           0.01      0.01     23.99      0.01         0.01
  15                         23.98     23.98     23.99      0.01         0.01
  18                         23.97     23.97     23.98      0.01         0.01
  19                          0.01      0.01     23.98      0.01         0.01
  13                         23.98     23.98     24.00      0.01         0.01
  22                         23.98     23.98     24.00      0.01         0.01
  24                          0.01      0.01     24.00      0.01         0.01
  30                          0.01      0.01     24.00      0.01         0.01
  34                          0.01      0.01     23.99      0.01         0.01
  48                         23.93     23.95     23.93      0.04         0.02
  54                          0.01      0.01     23.91      0.01         0.01
  1_1_b_1                     0.01      0.01     23.95      0.01         0.01
  1_2_b_1                    23.95     24.00     23.95     24.00        23.95
  1_2_b_2                     0.01      0.01     23.95      0.01         0.01
  1_2_b_4                     0.01      0.01     23.95      0.01         0.01
  1_7_a                       0.01      0.01      0.01     23.96         0.01
  1_7_a__                     0.01      0.01     24.00      0.01         0.01
  1_7_a_1                     0.01      0.01     24.00     23.99         0.01
  

  Analysis begun on:  Thu Aug 13 11:40:12 2026
  Analysis ended on:  Thu Aug 13 11:40:14 2026
  Total elapsed time: 00:00:02