
  EPA STORM WATER MANAGEMENT MODEL - VERSION 5.2 (Build 5.2.4)
  ------------------------------------------------------------

  Brunnmuehle (Twann) 
  WARNING 08: elevation drop exceeds length for Conduit SS3_L
  WARNING 08: elevation drop exceeds length for Conduit SS6_L
  WARNING 08: elevation drop exceeds length for Conduit 2
  WARNING 08: elevation drop exceeds length for Conduit 3
  WARNING 08: elevation drop exceeds length for Conduit 68
  WARNING 08: elevation drop exceeds length for Conduit 1_1_b_2
  WARNING 08: elevation drop exceeds length for Conduit 1_2_b_
  WARNING 08: elevation drop exceeds length for Conduit 1_2_b_2
  WARNING 08: elevation drop exceeds length for Conduit 1_4_b
  WARNING 08: elevation drop exceeds length for Conduit 1_5_a
  WARNING 02: maximum depth increased for Node 2
  
  ****************
  Analysis Options
  ****************
  Flow Units ............... CMS
  Process Models:
    Rainfall/Runoff ........ NO
    RDII ................... NO
    Snowmelt ............... NO
    Groundwater ............ NO
    Flow Routing ........... YES
    Ponding Allowed ........ NO
    Water Quality .......... NO
  Flow Routing Method ...... DYNWAVE
  Surcharge Method ......... EXTRAN
  Starting Date ............ 01/01/2000 00:00:00
  Ending Date .............. 01/02/2000 00:00:00
  Antecedent Dry Days ...... 0.0
  Report Time Step ......... 01:00:00
  Routing Time Step ........ 0.50 sec
  Variable Time Step ....... YES
  Maximum Trials ........... 8
  Number of Threads ........ 1
  Head Tolerance ........... 0.001500 m
  
  
  **************************        Volume        Volume
  Flow Routing Continuity        hectare-m      10^6 ltr
  **************************     ---------     ---------
  Dry Weather Inflow .......         0.000         0.000
  Wet Weather Inflow .......         0.000         0.000
  Groundwater Inflow .......         0.000         0.000
  RDII Inflow ..............         0.000         0.000
  External Inflow ..........       133.343      1333.445
  External Outflow .........       126.636      1266.369
  Flooding Loss ............         0.000         0.000
  Evaporation Loss .........         0.000         0.000
  Exfiltration Loss ........         0.000         0.000
  Initial Stored Volume ....         0.057         0.573
  Final Stored Volume ......         0.498         4.981
  Continuity Error (%) .....         4.698
  
  
  *************************
  Highest Continuity Errors
  *************************
  Node TWT_Acces_LT_60+110 (-727.45%)
  Node Syst_Est_interm (100.00%)
  Node 2 (67.42%)
  Node TWT_Intersection_Sonsto_60+345 (62.50%)
  Node SonSto_F (-60.84%)
  
  
  ***************************
  Time-Step Critical Elements
  ***************************
  Link 1_4_a (16866.02%)
  
  
  ********************************
  Highest Flow Instability Indexes
  ********************************
  All links are stable.
  
  
  *********************************
  Most Frequent Nonconverging Nodes
  *********************************
  Node Brunnm_Fassung (41.02%)
  Node Brunnmuehle(Teich) (41.02%)
  Node Fensterstollen (41.02%)
  Node Gischeren (41.02%)
  Node Schuettstein (41.02%)
  
  
  *************************
  Routing Time Step Summary
  *************************
  Minimum Time Step           :     0.50 sec
  Average Time Step           :     0.50 sec
  Maximum Time Step           :     0.50 sec
  % of Time in Steady State   :    99.41
  Average Iterations per Step :     5.43
  % of Steps Not Converging   :    41.02
  Time Step Frequencies       :
      0.500 -  0.500 sec      :   100.00 %
      0.500 -  0.500 sec      :     0.00 %
      0.500 -  0.500 sec      :     0.00 %
      0.500 -  0.500 sec      :     0.00 %
      0.500 -  0.500 sec      :     0.00 %
  
  
  ******************
  Node Depth Summary
  ******************
  
  ---------------------------------------------------------------------------------
                                 Average  Maximum  Maximum  Time of Max    Reported
                                   Depth    Depth      HGL   Occurrence   Max Depth
  Node                 Type       Meters   Meters   Meters  days hr:min      Meters
  ---------------------------------------------------------------------------------
  9                    JUNCTION    37.27    37.30   475.80     0  00:08       37.30
  Holiloch_sonde       JUNCTION    35.76    35.80   475.80     0  00:08       35.80
  11                   JUNCTION    28.70    28.74   438.74     0  00:07       28.71
  13                   JUNCTION    37.84    37.87   475.87     0  00:08       37.87
  21                   JUNCTION    37.20    37.21   437.21     0  00:08       37.21
  SonSto_F             JUNCTION     0.54     0.68   438.48     0  00:08        0.54
  Sondierstollen       JUNCTION     0.00     0.00   440.80     0  00:00        0.00
  Aval_Trappe          JUNCTION     0.83     0.85   438.45     0  00:08        0.83
  30                   JUNCTION     0.77     0.77   438.07     0  00:08        0.77
  Gischeren_node       JUNCTION     0.00     0.00   476.50     0  00:00        0.00
  34                   JUNCTION    16.80    17.14   437.14     0  00:00       16.81
  38                   JUNCTION    17.48    17.48   437.48     0  00:08       17.48
  SS6                  JUNCTION     0.06     0.07   448.07     0  00:08        0.07
  40                   JUNCTION    29.44    29.46   448.46     0  00:08       29.46
  41                   JUNCTION    38.33    38.37   475.87     0  00:08       38.37
  SondeSchuettstein    JUNCTION    16.83    18.26   477.26     0  00:02       16.86
  SS4                  JUNCTION     0.06     0.06   448.06     0  00:04        0.06
  47                   JUNCTION    10.88    10.89   475.79     0  00:08       10.89
  48                   JUNCTION     4.84     6.47   477.47     0  00:02        4.86
  SondeGischeren       JUNCTION     0.27     0.28   465.28     0  00:08        0.28
  49                   JUNCTION     9.64     9.66   475.66     0  00:08        9.66
  50                   JUNCTION     0.17     0.17   463.17     0  00:08        0.17
  51                   JUNCTION    56.21    56.24   476.24     0  00:08       56.24
  Amont_C              JUNCTION    59.48    87.49   505.49     0  00:00       59.51
  52                   JUNCTION     0.26     0.26   457.26     0  00:08        0.26
  53                   JUNCTION     4.91     4.92   471.92     0  00:07        4.92
  54                   JUNCTION     1.00     1.00   464.00     0  00:08        1.00
  56                   JUNCTION     6.67     6.68   436.68     0  00:08        6.68
  2                    JUNCTION     0.06     0.06   438.06     0  00:08        0.06
  4                    JUNCTION     8.06     8.65   436.65     0  00:00        8.06
  5                    JUNCTION     3.28     3.29   475.79     0  00:08        3.29
  6                    JUNCTION    17.77    17.79   475.79     0  00:08       17.79
  7                    JUNCTION     0.80     0.80   475.80     0  00:08        0.80
  SS3                  JUNCTION     0.05     0.05   448.05     0  00:08        0.05
  SS5                  JUNCTION     0.62     0.62   439.52     0  00:08        0.62
  8                    JUNCTION     0.13     0.13   474.13     0  00:08        0.13
  10                   JUNCTION     7.63     7.65   475.65     0  00:08        7.65
  SonSto_SS5           JUNCTION     0.13     0.13   439.43     0  00:08        0.13
  SonSto_SS3           JUNCTION     0.07     0.07   439.77     0  00:08        0.07
  SonSto_SS4           JUNCTION     0.11     0.11   439.51     0  00:08        0.11
  Amont_Trappe         JUNCTION     0.69     0.76   438.46     0  00:08        0.69
  SonSto_SS6           JUNCTION     0.13     0.13   438.83     0  00:08        0.13
  SS2                  JUNCTION     0.00     0.00   448.00     0  00:00        0.00
  SonSto_SS2           JUNCTION     0.00     0.00   441.50     0  00:00        0.00
  12                   JUNCTION    14.26    14.28   463.28     0  00:08       14.28
  14                   JUNCTION     1.53     1.53   466.53     0  00:08        1.53
  15                   JUNCTION     0.24     0.24   472.24     0  00:08        0.24
  TWT_PointHaut_60+650 JUNCTION     0.00     0.00   438.50     0  00:00        0.00
  TWT_Fensterstollen_60+375 JUNCTION     1.29     1.29   438.59     0  00:08        1.29
  TWT_Acces_LT_60+110  JUNCTION     1.17     1.21   438.71     0  00:07        1.18
  TWT_Liaison_LT_59+738 JUNCTION     0.00     0.00   450.60     0  00:00        0.00
  Syst_Est_amont       JUNCTION     0.50     0.52   430.52     0  00:03        0.50
  Syst_Est_interm      JUNCTION     1.10     1.10   411.10     0  00:08        1.10
  TWT_Branche_Est_Sonsto_60+540 JUNCTION     0.00     0.00   442.40     0  00:00        0.00
  TWT_Intersection_Sonsto_60+345 JUNCTION     1.60     1.60   438.60     0  00:08        1.60
  TWT_Chrosweg_61+140  JUNCTION     0.00     0.00   432.00     0  00:00        0.00
  SonSto_F_sup         JUNCTION     0.04     0.04   448.04     0  00:08        0.04
  SonSto_porte         JUNCTION     0.10     0.10   438.60     0  00:08        0.10
  Brunnm_Fassung       OUTFALL      0.08     0.08   433.88     0  00:08        0.08
  Brunnmuehle(Teich)   OUTFALL      0.16     0.16   435.66     0  00:08        0.16
  Fensterstollen       OUTFALL      0.74     0.74   437.74     0  00:08        0.74
  Gischeren            OUTFALL      0.00     0.00   480.00     0  00:00        0.00
  Schuettstein         OUTFALL      0.00     0.00   477.55     0  00:00        0.00
  Holiloch             OUTFALL      0.00     0.00   476.50     0  00:00        0.00
  Sauserquelle         OUTFALL      0.34     0.34   435.89     0  00:08        0.34
  Entw_Stollen         OUTFALL      0.06     0.06   436.56     0  00:08        0.06
  Sous_lacustre        OUTFALL      0.09     0.09   429.29     0  00:08        0.09
  Sous_ecoul.          OUTFALL      0.00     0.00   433.00     0  00:00        0.00
  Syst_Est_aval        OUTFALL      0.00     0.00   429.00     0  00:00        0.00
  TWT_Portail_Est_61+665 OUTFALL      0.00     0.00   421.60     0  00:00        0.00
  
  
  *******************
  Node Inflow Summary
  *******************
  
  -------------------------------------------------------------------------------------------------
                                  Maximum  Maximum                  Lateral       Total        Flow
                                  Lateral    Total  Time of Max      Inflow      Inflow     Balance
                                   Inflow   Inflow   Occurrence      Volume      Volume       Error
  Node                 Type           CMS      CMS  days hr:min    10^6 ltr    10^6 ltr     Percent
  -------------------------------------------------------------------------------------------------
  9                    JUNCTION         0      8.6     0  00:00           0        57.3       0.230
  Holiloch_sonde       JUNCTION         0     7.72     0  00:00           0          37       0.296
  11                   JUNCTION         0    0.275     0  00:08           0        23.8      -0.016
  13                   JUNCTION         0     14.8     0  00:00           0    1.13e+03       0.023
  21                   JUNCTION         0    0.239     0  00:08           0        20.6       0.011
  SonSto_F             JUNCTION         0    0.893     0  00:08           0        57.3     -37.826
  Sondierstollen       JUNCTION         0        0     0  00:00           0           0       0.000 ltr
  Aval_Trappe          JUNCTION         0     13.2     0  00:08           0    1.12e+03      -0.551
  30                   JUNCTION         0     13.3     0  00:08           0    1.13e+03      -2.601
  Gischeren_node       JUNCTION         0        0     0  00:00           0           0       0.000 ltr
  34                   JUNCTION         0    0.211     0  00:08           0        18.2       0.006
  38                   JUNCTION         0    0.162     0  00:00           0        5.96       0.004
  SS6                  JUNCTION         0    0.134     0  00:08           0        11.5       0.006
  40                   JUNCTION         0     1.21     0  00:08           0         104       0.005
  41                   JUNCTION         0     1.52     0  00:00           0      0.0501      60.110
  SondeSchuettstein    JUNCTION         0    0.422     0  00:01           0      0.0311     113.401
  SS4                  JUNCTION         0   0.0817     0  00:04           0        6.81       0.025
  47                   JUNCTION         0     3.14     0  00:01           0        24.7       0.588
  48                   JUNCTION         0    0.209     0  00:01           0      0.0143    6031.991
  SondeGischeren       JUNCTION         0   0.0938     0  00:08           0        8.08      25.302
  49                   JUNCTION         0    0.649     0  00:02           0          12       1.250
  50                   JUNCTION         0   0.0749     0  00:08           0        6.45       0.807
  51                   JUNCTION         0     28.4     0  00:00           0    1.27e+03       0.001
  Amont_C              JUNCTION      14.7     39.7     0  00:00    1.27e+03    1.27e+03       0.020
  52                   JUNCTION         0    0.182     0  00:08           0        15.7       7.084
  53                   JUNCTION         0    0.176     0  00:02           0          15      -0.104
  54                   JUNCTION         0    0.174     0  00:08           0          15      77.187
  56                   JUNCTION         0        1     0  00:08           0        86.3       0.000
  2                    JUNCTION         0   0.0353     0  00:08           0        3.04     206.894
  4                    JUNCTION         0    0.189     0  00:08           0        16.3       0.038
  5                    JUNCTION         0      1.7     0  00:01           0        24.5      56.708
  6                    JUNCTION         0     4.83     0  00:01           0        36.9       0.537
  7                    JUNCTION         0    0.351     0  00:05           0        15.715656254.188 ltr
  SS3                  JUNCTION         0   0.0743     0  00:08           0         6.4       0.143
  SS5                  JUNCTION         0    0.306     0  00:08           0        26.4       0.166
  8                    JUNCTION         0   0.0948     0  00:08           0        8.16       1.014
  10                   JUNCTION         0    0.269     0  00:04           0        11.9       3.162
  SonSto_SS5           JUNCTION         0    0.359     0  00:08           0        30.9       0.152
  SonSto_SS3           JUNCTION         0   0.0742     0  00:08           0        6.39       0.808
  SonSto_SS4           JUNCTION         0    0.153     0  00:08           0        13.1       0.256
  Amont_Trappe         JUNCTION         0     1.35     0  00:08           0        86.6      21.146
  SonSto_SS6           JUNCTION         0    0.492     0  00:08           0        42.4       0.088
  SS2                  JUNCTION         0        0     0  00:00           0           0       0.000 ltr
  SonSto_SS2           JUNCTION         0        0     0  00:00           0           0       0.000 ltr
  12                   JUNCTION         0    0.282     0  00:01           0        19.9       0.022
  14                   JUNCTION         0    0.895     0  00:08           0        77.2       0.314
  15                   JUNCTION         0    0.234     0  00:08           0        20.2       0.841
  TWT_PointHaut_60+650 JUNCTION         0        0     0  00:00           0           0       0.000 ltr
  TWT_Fensterstollen_60+375 JUNCTION         0     12.7     0  00:08           0    1.09e+03       4.504
  TWT_Acces_LT_60+110  JUNCTION         0     5.99     0  00:04           0        18.9     -87.915
  TWT_Liaison_LT_59+738 JUNCTION         0        0     0  00:00           0           0       0.000 ltr
  Syst_Est_amont       JUNCTION     0.735    0.735     0  00:00        63.5        63.5      -0.073
  Syst_Est_interm      JUNCTION         0    0.782     0  00:04           0        63.563543776.499 ltr
  TWT_Branche_Est_Sonsto_60+540 JUNCTION         0        0     0  00:00           0           0       0.000 ltr
  TWT_Intersection_Sonsto_60+345 JUNCTION         0     9.24     0  00:01           0         158     166.668
  TWT_Chrosweg_61+140  JUNCTION         0        0     0  00:00           0           0       0.000 ltr
  SonSto_F_sup         JUNCTION         0    0.232     0  00:08           0          20       0.066
  SonSto_porte         JUNCTION         0     0.16     0  00:08           0        13.7    1134.028
  Brunnm_Fassung       OUTFALL          0   0.0215     0  00:08           0        1.85       0.000
  Brunnmuehle(Teich)   OUTFALL          0    0.184     0  00:08           0        15.8       0.000
  Fensterstollen       OUTFALL          0     13.5     0  00:08           0    1.16e+03       0.000
  Gischeren            OUTFALL          0        0     0  00:00           0           0       0.000 ltr
  Schuettstein         OUTFALL          0        0     0  00:00           0           0       0.000 ltr
  Holiloch             OUTFALL          0        0     0  00:00           0           0       0.000 ltr
  Sauserquelle         OUTFALL          0        1     0  00:08           0        86.3       0.000
  Entw_Stollen         OUTFALL          0   0.0115     0  00:08           0       0.991       0.000
  Sous_lacustre        OUTFALL          0   0.0281     0  00:08           0        2.43       0.000
  Sous_ecoul.          OUTFALL          0   0.0055     0  00:00           0       0.461       0.000
  Syst_Est_aval        OUTFALL          0        0     0  00:00           0           0       0.000 ltr
  TWT_Portail_Est_61+665 OUTFALL          0        0     0  00:00           0           0       0.000 ltr
  
  
  **********************
  Node Surcharge Summary
  **********************
  
  Surcharging occurs when water rises above the top of the highest conduit.
  ---------------------------------------------------------------------
                                               Max. Height   Min. Depth
                                   Hours       Above Crown    Below Rim
  Node                 Type      Surcharged         Meters       Meters
  ---------------------------------------------------------------------
  9                    JUNCTION       23.99         35.504       62.696
  Holiloch_sonde       JUNCTION       23.98         33.898      164.202
  11                   JUNCTION       24.00         27.737      121.263
  13                   JUNCTION       23.99         34.867      362.133
  21                   JUNCTION       24.00         36.607      112.793
  34                   JUNCTION       24.00         16.545       82.855
  38                   JUNCTION       24.00         16.884      132.516
  40                   JUNCTION       24.00         25.465       70.535
  41                   JUNCTION       23.99         37.516      211.634
  SondeSchuettstein    JUNCTION       23.97         17.456        0.000
  47                   JUNCTION       23.97          8.994       89.106
  48                   JUNCTION       23.96          5.665       93.535
  49                   JUNCTION       23.93          1.658      190.342
  51                   JUNCTION       24.00         52.241      343.759
  Amont_C              JUNCTION       24.00         84.491      312.509
  56                   JUNCTION       23.99          5.676       93.324
  4                    JUNCTION       23.98          8.004       91.346
  6                    JUNCTION       23.97         12.795      182.205
  12                   JUNCTION       23.97         13.928      185.722
  
  
  *********************
  Node Flooding Summary
  *********************
  
  No nodes were flooded.
  
  
  ***********************
  Outfall Loading Summary
  ***********************
  
  -----------------------------------------------------------
                         Flow       Avg       Max       Total
                         Freq      Flow      Flow      Volume
  Outfall Node           Pcnt       CMS       CMS    10^6 ltr
  -----------------------------------------------------------
  Brunnm_Fassung        99.93    0.0215    0.0215       1.853
  Brunnmuehle(Teich)    99.93     0.183     0.184      15.841
  Fensterstollen        99.95      13.4      13.5    1158.442
  Gischeren              0.00         0         0       0.000
  Schuettstein           0.00         0         0       0.000
  Holiloch               0.00         0         0       0.000
  Sauserquelle          99.97         1         1      86.347
  Entw_Stollen          99.81    0.0115    0.0115       0.991
  Sous_lacustre         99.97    0.0281    0.0281       2.428
  Sous_ecoul.           99.93   0.00534    0.0055       0.461
  Syst_Est_aval          0.00         0         0       0.000
  TWT_Portail_Est_61+665   0.00         0         0       0.000
  -----------------------------------------------------------
  System                58.29      14.7      14.7    1266.363
  
  
  ********************
  Link Flow Summary
  ********************
  
  -----------------------------------------------------------------------------
                                 Maximum  Time of Max   Maximum    Max/    Max/
                                  |Flow|   Occurrence   |Veloc|    Full    Full
  Link                 Type          CMS  days hr:min     m/sec    Flow   Depth
  -----------------------------------------------------------------------------
  Brunn_Fassung_L      CONDUIT    0.0215     0  00:08      1.00    0.35    0.71
  11                   CONDUIT      7.72     0  00:00      4.55    1.15    1.00
  14                   CONDUIT       8.6     0  00:00      6.33    4.68    1.00
  16                   CONDUIT     0.275     0  00:08      3.22    1.92    1.00
  17                   CONDUIT     0.162     0  00:00      0.57    0.28    1.00
  26                   CONDUIT      1.52     0  00:00      2.69    2.06    1.00
  27                   CONDUIT    0.0737     0  00:02      1.94    0.95    1.00
  Gischeren_L          CONDUIT         0     0  00:00      0.00    0.00    0.00
  Schuettstein_L       CONDUIT         0     0  00:00      0.00    0.00    0.50
  Brunnmuehle_L        CONDUIT     0.211     0  00:08      0.74    0.10    1.00
  32                   CONDUIT         0     0  00:00      0.00    0.00    0.00
  35                   CONDUIT         0     0  00:00      0.00    0.00    0.11
  45                   CONDUIT     0.492     0  00:08      1.99    0.00    0.14
  46                   CONDUIT         1     0  00:08      3.54    1.00    1.00
  47                   CONDUIT     0.093     0  00:01      2.45    5.80    1.00
  50                   CONDUIT     0.209     0  00:01      0.81    0.04    1.00
  51                   CONDUIT     0.207     0  00:08      2.15    0.58    1.00
  53                   CONDUIT     0.162     0  00:00      0.98    0.83    1.00
  Fenster_L            CONDUIT      13.5     0  00:08      9.78    0.13    0.25
  58                   CONDUIT      13.2     0  00:08      8.74    0.17    0.27
  59                   CONDUIT     0.358     0  00:08      3.24    0.00    0.04
  61                   CONDUIT     0.422     0  00:01      1.91    0.59    1.00
  63                   CONDUIT     0.134     0  00:08      2.01    0.60    0.52
  66                   CONDUIT    0.0749     0  00:08      1.37    0.99    0.75
  67                   CONDUIT      14.8     0  00:00      3.97    0.15    1.00
  Amont_L              CONDUIT      28.4     0  00:00      4.02    1.54    1.00
  69                   CONDUIT     0.182     0  00:08      1.64    0.71    0.82
  70                   CONDUIT      0.17     0  00:08      1.53    0.53    0.82
  71                   CONDUIT     0.176     0  00:02      0.87    0.31    1.00
  72                   CONDUIT     0.174     0  00:08      1.00    0.82    0.59
  Sauser_L             CONDUIT         1     0  00:08      1.78    0.25    0.67
  75                   CONDUIT    0.0817     0  00:04      2.83    0.83    0.62
  Entw_Sto_L           CONDUIT    0.0115     0  00:08      1.43    0.27    0.35
  4                    CONDUIT     0.019     0  00:08      1.29    0.85    0.67
  5                    CONDUIT   0.00339     0  00:08      0.19    0.12    0.68
  6                    CONDUIT    0.0281     0  00:08      1.15    0.42    0.73
  7                    CONDUIT     0.189     0  00:08      1.05    0.29    1.00
  Brunn_Teich_L        CONDUIT     0.184     0  00:08      0.84    0.14    0.63
  9                    CONDUIT    0.0055     0  00:00      1.38    0.00    0.50
  12                   CONDUIT       1.7     0  00:01      1.11    0.03    1.00
  15                   CONDUIT      4.83     0  00:01      2.67    0.12    1.00
  18                   CONDUIT      3.14     0  00:01      1.94    0.13    1.00
  19                   CONDUIT     0.649     0  00:02      1.10    0.62    1.00
  20                   CONDUIT      1.41     0  00:08      2.16    0.11    0.80
  21                   CONDUIT     0.351     0  00:05      0.09    0.00    0.41
  Hooliloch_L          CONDUIT         0     0  00:00      0.00    0.00    0.10
  23                   CONDUIT    0.0743     0  00:08      3.03    0.46    0.38
  25                   CONDUIT    0.0948     0  00:08      0.60    0.08    0.53
  28                   CONDUIT    0.0736     0  00:08      1.15    0.00    0.03
  29                   CONDUIT    0.0532     0  00:08      0.54    0.00    0.04
  31                   CONDUIT         0     0  00:00      0.00    0.00    0.01
  33                   CONDUIT     0.269     0  00:04      0.68    0.10    0.98
  37                   CONDUIT     0.306     0  00:08      0.59    0.01    0.13
  SS3_L                CONDUIT    0.0742     0  00:08      2.46    0.00    0.03
  40                   CONDUIT      1.35     0  00:08      0.85    0.01    0.18
  SS6_L                CONDUIT     0.134     0  00:08      4.33    0.00    0.05
  1                    CONDUIT         0     0  00:00      0.00    0.00    0.01
  2                    CONDUIT         0     0  00:00      0.00    0.00    0.00
  3                    CONDUIT    0.0817     0  00:04      3.22    0.01    0.09
  10                   CONDUIT    0.0991     0  00:08      0.20    0.00    0.12
  13                   CONDUIT     0.282     0  00:01      3.00    0.61    1.00
  22                   CONDUIT     0.254     0  00:01      2.64    0.63    1.00
  24                   CONDUIT     0.895     0  00:08      1.80    0.00    0.69
  30                   CONDUIT     0.893     0  00:08      1.79    0.37    0.69
  34                   CONDUIT     0.234     0  00:08      1.29    0.26    0.71
  36                   CONDUIT     0.232     0  00:08      5.00    0.25    0.25
  38                   CONDUIT    0.0938     0  00:08      1.48    0.04    0.20
  48                   CONDUIT     0.782     0  00:04      2.41    0.52    0.75
  54                   CONDUIT         0     0  00:00      0.00    0.00    0.37
  68                   CONDUIT     0.173     0  00:08      0.98    0.00    0.12
  73                   CONDUIT    0.0129     0  00:08      0.30    0.00    0.04
  TWT1                 CONDUIT         0     0  00:00      0.00    0.00    0.00
  TWT2                 CONDUIT         0     0  00:00      0.00    0.00    0.00
  1_1_b_2              CONDUIT         0     0  00:00      0.00    0.00    0.50
  TWT3                 CONDUIT         0     0  00:00      0.00    0.00    0.00
  TWT4                 CONDUIT         0     0  00:00      0.00    0.00    0.08
  1_2_b_               CONDUIT         0     0  00:00      0.00    0.00    0.00
  1_2_b_1              CONDUIT      12.1     0  00:08     16.10    7.33    1.00
  1_2_b_2              CONDUIT    0.0589     0  00:08      0.14    0.00    0.52
  TWT5                 CONDUIT      9.24     0  00:01      4.85    0.01    0.18
  1_4_a                CONDUIT      12.4     0  00:08      5.70    0.19    0.36
  TWT6                 CONDUIT      5.79     0  00:04      1.59    0.02    0.17
  1_4_b                CONDUIT      0.16     0  00:08      0.10    0.00    0.28
  1_4_b_1              CONDUIT     0.205     0  00:03      0.46    0.02    1.00
  TWT7                 CONDUIT         0     0  00:00      0.00    0.00    0.08
  1_5_a                CONDUIT         0     0  00:00      0.00    0.00    0.02
  
  
  ***************************
  Flow Classification Summary
  ***************************
  
  -------------------------------------------------------------------------------------
                      Adjusted    ---------- Fraction of Time in Flow Class ---------- 
                       /Actual         Up    Down  Sub   Sup   Up    Down  Norm  Inlet 
  Conduit               Length    Dry  Dry   Dry   Crit  Crit  Crit  Crit  Ltd   Ctrl  
  -------------------------------------------------------------------------------------
  Brunn_Fassung_L         1.00   0.00  0.00  0.00  1.00  0.00  0.00  0.00  0.00  0.00
  11                      1.00   0.00  0.00  0.00  1.00  0.00  0.00  0.00  0.00  0.00
  14                      1.00   0.00  0.00  0.00  1.00  0.00  0.00  0.00  0.00  0.00
  16                      1.00   0.00  0.00  0.00  1.00  0.00  0.00  0.00  0.00  0.00
  17                      1.00   0.00  0.00  0.00  1.00  0.00  0.00  0.00  0.00  0.00
  26                      1.00   0.00  0.00  0.00  1.00  0.00  0.00  0.00  0.00  0.00
  27                      1.00   0.00  0.00  0.00  1.00  0.00  0.00  0.00  0.00  0.00
  Gischeren_L             1.00   1.00  0.00  0.00  0.00  0.00  0.00  0.00  0.00  0.00
  Schuettstein_L          1.00   0.00  1.00  0.00  0.00  0.00  0.00  0.00  0.00  0.00
  Brunnmuehle_L           1.00   0.00  0.00  0.00  1.00  0.00  0.00  0.00  0.00  0.00
  32                      1.00   1.00  0.00  0.00  0.00  0.00  0.00  0.00  0.00  0.00
  35                      1.00   0.00  1.00  0.00  0.00  0.00  0.00  0.00  0.00  0.00
  45                      1.00   0.00  0.00  0.00  1.00  0.00  0.00  0.00  1.00  0.00
  46                      1.00   0.00  0.00  0.00  1.00  0.00  0.00  0.00  0.00  0.00
  47                      1.00   0.00  0.00  0.00  1.00  0.00  0.00  0.00  0.00  0.00
  50                      1.00   0.00  0.00  0.00  1.00  0.00  0.00  0.00  0.00  0.00
  51                      1.00   0.00  0.00  0.00  1.00  0.00  0.00  0.00  0.00  0.00
  53                      1.00   0.00  0.00  0.00  1.00  0.00  0.00  0.00  0.00  0.00
  Fenster_L               1.00   0.00  0.00  0.00  0.00  1.00  0.00  0.00  0.00  0.00
  58                      1.00   0.00  0.00  0.00  0.00  1.00  0.00  0.00  1.00  0.00
  59                      1.00   0.00  0.00  0.00  0.00  1.00  0.00  0.00  0.00  0.00
  61                      1.00   0.00  0.00  0.00  1.00  0.00  0.00  0.00  0.00  0.00
  63                      1.00   0.00  0.00  0.00  1.00  0.00  0.00  0.00  0.00  0.00
  66                      1.00   0.00  0.00  0.00  1.00  0.00  0.00  0.00  0.00  0.00
  67                      1.00   0.00  0.00  0.00  1.00  0.00  0.00  0.00  0.00  0.00
  Amont_L                 1.00   0.00  0.00  0.00  1.00  0.00  0.00  0.00  0.00  0.00
  69                      1.00   0.00  0.00  0.00  1.00  0.00  0.00  0.00  0.00  0.00
  70                      1.00   0.00  0.00  0.00  1.00  0.00  0.00  0.00  0.00  0.00
  71                      1.00   0.00  0.00  0.00  1.00  0.00  0.00  0.00  0.00  0.00
  72                      1.00   0.00  0.00  0.00  1.00  0.00  0.00  0.00  0.00  0.00
  Sauser_L                1.00   0.00  0.00  0.00  1.00  0.00  0.00  0.00  0.00  0.00
  75                      1.00   0.00  0.00  0.00  0.00  1.00  0.00  0.00  0.00  0.00
  Entw_Sto_L              1.00   0.00  0.00  0.00  0.00  1.00  0.00  0.00  0.00  0.00
  4                       1.00   0.00  0.00  0.00  1.00  0.00  0.00  0.00  0.00  0.00
  5                       1.00   0.00  0.00  0.00  1.00  0.00  0.00  0.00  0.00  0.00
  6                       1.00   0.00  0.00  0.00  1.00  0.00  0.00  0.00  0.00  0.00
  7                       1.00   0.00  0.00  0.00  1.00  0.00  0.00  0.00  0.00  0.00
  Brunn_Teich_L           1.00   0.00  0.00  0.00  1.00  0.00  0.00  0.00  0.00  0.00
  9                       1.00   0.00  0.00  0.00  0.00  1.00  0.00  0.00  0.00  0.00
  12                      1.00   0.00  0.00  0.00  1.00  0.00  0.00  0.00  0.00  0.00
  15                      1.00   0.00  0.00  0.00  1.00  0.00  0.00  0.00  0.00  0.00
  18                      1.00   0.00  0.00  0.00  1.00  0.00  0.00  0.00  0.00  0.00
  19                      1.00   0.00  0.00  0.00  1.00  0.00  0.00  0.00  0.00  0.00
  20                      1.00   0.00  0.00  0.00  1.00  0.00  0.00  0.00  0.00  0.00
  21                      1.00   0.00  0.00  0.00  1.00  0.00  0.00  0.00  0.00  0.00
  Hooliloch_L             1.00   0.00  1.00  0.00  0.00  0.00  0.00  0.00  0.00  0.00
  23                      1.00   0.00  0.00  0.00  0.00  1.00  0.00  0.00  0.00  0.00
  25                      1.00   0.00  0.00  0.00  1.00  0.00  0.00  0.00  0.00  0.00
  28                      1.00   0.00  0.00  0.00  0.00  1.00  0.00  0.00  1.00  0.00
  29                      1.00   0.00  0.00  0.00  1.00  0.00  0.00  0.00  1.00  0.00
  31                      1.00   0.00  1.00  0.00  0.00  0.00  0.00  0.00  0.00  0.00
  33                      1.00   0.00  0.00  0.00  1.00  0.00  0.00  0.00  0.00  0.00
  37                      1.00   0.00  0.00  0.00  1.00  0.00  0.00  0.00  0.00  0.00
  SS3_L                   1.00   0.00  0.00  0.00  0.00  1.00  0.00  0.00  1.00  0.00
  40                      1.00   0.00  0.00  0.00  1.00  0.00  0.00  0.00  0.00  0.00
  SS6_L                   1.00   0.00  0.00  0.00  0.00  1.00  0.00  0.00  1.00  0.00
  1                       1.00   0.00  1.00  0.00  0.00  0.00  0.00  0.00  0.00  0.00
  2                       1.00   1.00  0.00  0.00  0.00  0.00  0.00  0.00  0.00  0.00
  3                       1.00   0.00  0.00  0.00  0.00  1.00  0.00  0.00  1.00  0.00
  10                      1.00   0.00  0.00  0.00  1.00  0.00  0.00  0.00  0.00  0.00
  13                      1.00   0.00  0.00  0.00  1.00  0.00  0.00  0.00  0.00  0.00
  22                      1.00   0.00  0.00  0.00  1.00  0.00  0.00  0.00  0.00  0.00
  24                      1.00   0.00  0.00  0.00  1.00  0.00  0.00  0.00  0.00  0.00
  30                      1.00   0.00  0.00  0.00  1.00  0.00  0.00  0.00  1.00  0.00
  34                      1.00   0.00  0.00  0.00  1.00  0.00  0.00  0.00  0.00  0.00
  36                      1.00   0.00  0.00  0.00  0.00  1.00  0.00  0.00  0.00  0.00
  38                      1.00   0.00  0.00  0.00  1.00  0.00  0.00  0.00  1.00  0.00
  48                      1.00   0.00  0.00  0.00  1.00  0.00  0.00  0.00  1.00  0.00
  54                      1.00   0.00  1.00  0.00  0.00  0.00  0.00  0.00  0.00  0.00
  68                      1.00   0.00  0.00  0.00  1.00  0.00  0.00  0.00  1.00  0.00
  73                      1.00   0.00  0.00  0.00  0.99  0.00  0.00  0.00  0.00  0.00
  TWT1                    1.00   1.00  0.00  0.00  0.00  0.00  0.00  0.00  0.00  0.00
  TWT2                    1.00   1.00  0.00  0.00  0.00  0.00  0.00  0.00  0.00  0.00
  1_1_b_2                 1.00   0.00  1.00  0.00  0.00  0.00  0.00  0.00  0.00  0.00
  TWT3                    1.00   1.00  0.00  0.00  0.00  0.00  0.00  0.00  0.00  0.00
  TWT4                    1.00   0.00  1.00  0.00  0.00  0.00  0.00  0.00  0.00  0.00
  1_2_b_                  1.00   1.00  0.00  0.00  0.00  0.00  0.00  0.00  0.00  0.00
  1_2_b_1                 1.00   0.00  0.00  0.00  1.00  0.00  0.00  0.00  0.00  0.00
  1_2_b_2                 1.00   0.00  0.00  0.00  1.00  0.00  0.00  0.00  1.00  0.00
  TWT5                    1.00   0.00  0.00  0.00  1.00  0.00  0.00  0.00  0.00  0.00
  1_4_a                   1.00   0.00  0.00  0.00  0.00  1.00  0.00  0.00  0.00  0.00
  TWT6                    1.00   0.00  0.00  0.00  1.00  0.00  0.00  0.00  0.00  0.00
  1_4_b                   1.00   0.00  0.00  0.00  0.99  0.00  0.00  0.00  0.00  0.00
  1_4_b_1                 1.00   0.00  0.00  0.00  1.00  0.00  0.00  0.00  0.00  0.00
  TWT7                    1.00   0.00  1.00  0.00  0.00  0.00  0.00  0.00  0.00  0.00
  1_5_a                   1.00   0.00  1.00  0.00  0.00  0.00  0.00  0.00  0.00  0.00
  
  
  *************************
  Conduit Surcharge Summary
  *************************
  
  ----------------------------------------------------------------------------
                                                           Hours        Hours 
                         --------- Hours Full --------   Above Full   Capacity
  Conduit                Both Ends  Upstream  Dnstream   Normal Flow   Limited
  ----------------------------------------------------------------------------
  Brunn_Fassung_L             0.01      0.01     24.00      0.01         0.01
  11                         23.98     23.98     23.99      0.01         0.01
  14                         23.99     23.99     23.99      0.02         0.01
  16                         24.00     24.00     24.00     23.99        23.99
  17                         24.00     24.00     24.00      0.01         0.01
  26                         23.99     23.99     23.99      0.01         0.01
  27                         23.96     23.96     23.97      0.01         0.01
  Brunnmuehle_L              24.00     24.00     24.00      0.01         0.01
  46                         24.00     24.00     24.00      0.01         0.01
  47                         24.00     24.00     24.00     24.00        24.00
  50                         23.96     23.96     23.97      0.01         0.01
  51                         23.96     23.96     24.00      0.01         0.01
  53                         24.00     24.00     24.00      0.01         0.01
  61                         23.97     23.97     23.99      0.01         0.01
  63                          0.01     23.96      0.01      0.01         0.01
  67                         23.99     23.99     24.00      0.01         0.01
  Amont_L                    24.00     24.00     24.00      0.01         0.01
  69                          0.01      0.01     24.00      0.01         0.01
  70                          0.01      0.01     24.00      0.01         0.01
  71                         23.95     23.95     23.97      0.01         0.01
  Sauser_L                    0.01      0.01     24.00      0.01         0.01
  75                          0.01     23.93      0.01      0.01         0.01
  4                           0.01     23.94      0.01      0.01         0.01
  5                           0.01      0.01     24.00      0.01         0.01
  6                           0.01      0.01     24.00      0.01         0.01
  7                          23.99     23.99     24.00      0.01         0.01
  Brunn_Teich_L               0.01      0.01     23.98      0.01         0.01
  9                           0.01      0.01     23.98      0.01         0.01
  12                         23.93     23.93     23.97      0.01         0.01
  15                         23.98     23.98     23.98      0.01         0.01
  18                         23.97     23.97     23.97      0.01         0.01
  19                         23.95     23.95     23.97      0.01         0.01
  25                          0.01      0.01     23.96      0.01         0.01
  33                          0.01      0.01     23.93      0.01         0.01
  13                         23.97     23.97     24.00      0.01         0.01
  22                         23.97     23.97     24.00      0.01         0.01
  24                          0.01      0.01     24.00      0.01         0.01
  30                          0.01      0.01     24.00      0.01         0.01
  34                          0.01      0.01     23.99      0.01         0.01
  48                          0.01      0.01     23.87      0.01         0.01
  1_2_b_1                    23.95     23.99     23.95     23.99        23.95
  1_2_b_2                     0.01      0.01     23.95      0.01         0.01
  1_4_b_1                    23.91     23.91     24.00      0.01         0.01
  

  Analysis begun on:  Fri Jul 10 13:06:18 2026
  Analysis ended on:  Fri Jul 10 13:06:20 2026
  Total elapsed time: 00:00:02