
  EPA STORM WATER MANAGEMENT MODEL - VERSION 5.2 (Build 5.2.4)
  ------------------------------------------------------------

  Brunnmuehle (Twann) 
  WARNING 08: elevation drop exceeds length for Conduit SS3_L
  WARNING 08: elevation drop exceeds length for Conduit SS6_L
  WARNING 08: elevation drop exceeds length for Conduit 2
  WARNING 08: elevation drop exceeds length for Conduit 3
  WARNING 08: elevation drop exceeds length for Conduit 68
  WARNING 08: elevation drop exceeds length for Conduit 1_1_a_2
  WARNING 08: elevation drop exceeds length for Conduit 1_1_b_2
  WARNING 02: maximum depth increased for Node 2
  
  ****************
  Analysis Options
  ****************
  Flow Units ............... CMS
  Process Models:
    Rainfall/Runoff ........ NO
    RDII ................... NO
    Snowmelt ............... NO
    Groundwater ............ NO
    Flow Routing ........... YES
    Ponding Allowed ........ NO
    Water Quality .......... NO
  Flow Routing Method ...... DYNWAVE
  Surcharge Method ......... EXTRAN
  Starting Date ............ 01/01/2000 00:00:00
  Ending Date .............. 01/02/2000 00:00:00
  Antecedent Dry Days ...... 0.0
  Report Time Step ......... 01:00:00
  Routing Time Step ........ 0.50 sec
  Variable Time Step ....... YES
  Maximum Trials ........... 8
  Number of Threads ........ 1
  Head Tolerance ........... 0.001500 m
  
  
  **************************        Volume        Volume
  Flow Routing Continuity        hectare-m      10^6 ltr
  **************************     ---------     ---------
  Dry Weather Inflow .......         0.000         0.000
  Wet Weather Inflow .......         0.000         0.000
  Groundwater Inflow .......         0.000         0.000
  RDII Inflow ..............         0.000         0.000
  External Inflow ..........       139.693      1396.942
  External Outflow .........       132.284      1322.851
  Flooding Loss ............         0.001         0.010
  Evaporation Loss .........         0.000         0.000
  Exfiltration Loss ........         0.000         0.000
  Initial Stored Volume ....         0.056         0.561
  Final Stored Volume ......         0.516         5.162
  Continuity Error (%) .....         4.972
  
  
  *************************
  Highest Continuity Errors
  *************************
  Node 54 (49.41%)
  Node 5 (48.18%)
  Node SondeGischeren (48.07%)
  Node 2 (44.21%)
  
  
  ***************************
  Time-Step Critical Elements
  ***************************
  Link 20 (15115.26%)
  
  
  ********************************
  Highest Flow Instability Indexes
  ********************************
  All links are stable.
  
  
  *********************************
  Most Frequent Nonconverging Nodes
  *********************************
  Node Brunnm_Fassung (53.33%)
  Node Brunnmuehle(Teich) (53.33%)
  Node Fensterstollen (53.33%)
  Node Gischeren (53.33%)
  Node Schuettstein (53.33%)
  
  
  *************************
  Routing Time Step Summary
  *************************
  Minimum Time Step           :     0.50 sec
  Average Time Step           :     0.50 sec
  Maximum Time Step           :     0.50 sec
  % of Time in Steady State   :    99.34
  Average Iterations per Step :     7.46
  % of Steps Not Converging   :    53.33
  Time Step Frequencies       :
      0.500 -  0.500 sec      :   100.00 %
      0.500 -  0.500 sec      :     0.00 %
      0.500 -  0.500 sec      :     0.00 %
      0.500 -  0.500 sec      :     0.00 %
      0.500 -  0.500 sec      :     0.00 %
  
  
  ******************
  Node Depth Summary
  ******************
  
  ---------------------------------------------------------------------------------
                                 Average  Maximum  Maximum  Time of Max    Reported
                                   Depth    Depth      HGL   Occurrence   Max Depth
  Node                 Type       Meters   Meters   Meters  days hr:min      Meters
  ---------------------------------------------------------------------------------
  9                    JUNCTION    38.32    44.04   482.54     0  00:00       38.39
  Holiloch_sonde       JUNCTION    36.48    36.56   476.56     0  00:09       36.56
  11                   JUNCTION    43.58    43.98   453.98     0  00:00       43.61
  13                   JUNCTION    40.55    40.60   478.60     0  00:09       40.60
  21                   JUNCTION    39.94    39.96   439.96     0  00:09       39.96
  SonSto_F             JUNCTION     0.10     0.10   437.90     0  00:09        0.10
  Sondierstollen       JUNCTION     0.00     0.00   440.80     0  00:00        0.00
  Aval_Trappe          JUNCTION     0.21     0.22   437.82     0  00:09        0.22
  30                   JUNCTION     0.19     0.20   437.50     0  00:04        0.19
  Gischeren_node       JUNCTION     0.00     0.00   476.50     0  00:00        0.00
  34                   JUNCTION    18.80    18.81   438.81     0  00:09       18.81
  38                   JUNCTION    22.47    22.49   442.49     0  00:09       22.49
  SS6                  JUNCTION     0.07     0.07   448.07     0  00:09        0.07
  40                   JUNCTION    35.86    35.92   454.92     0  00:09       35.92
  41                   JUNCTION    41.03    42.13   479.63     0  00:00       41.09
  SondeSchuettstein    JUNCTION    18.94    20.45   479.45     0  00:03       18.99
  SS4                  JUNCTION     0.06     0.06   448.06     0  00:05        0.06
  47                   JUNCTION    11.61    11.65   476.55     0  00:09       11.64
  48                   JUNCTION     6.96     8.40   479.40     0  00:03        6.98
  SondeGischeren       JUNCTION     0.63     0.64   465.64     0  00:09        0.64
  49                   JUNCTION    10.36    10.41   476.41     0  00:09       10.40
  50                   JUNCTION     0.18     0.18   463.18     0  00:09        0.18
  51                   JUNCTION    58.90    59.29   479.29     0  00:00       58.96
  Amont_C              JUNCTION    62.17   100.00   518.00     0  00:00       62.23
  52                   JUNCTION     0.32     0.32   457.32     0  00:09        0.32
  53                   JUNCTION     6.42     7.12   474.12     0  00:05        6.44
  54                   JUNCTION     1.27     1.28   464.28     0  00:09        1.28
  56                   JUNCTION     6.92     6.92   436.92     0  00:09        6.92
  2                    JUNCTION     0.09     0.09   438.09     0  00:09        0.09
  4                    JUNCTION     8.61     9.14   437.14     0  00:00        8.61
  5                    JUNCTION     4.03     4.04   476.54     0  00:09        4.04
  6                    JUNCTION    18.51    18.56   476.56     0  00:09       18.56
  7                    JUNCTION     1.54     1.55   476.55     0  00:09        1.55
  SS3                  JUNCTION     0.06     0.06   448.06     0  00:09        0.06
  SS5                  JUNCTION     0.64     0.64   439.54     0  00:09        0.64
  8                    JUNCTION     0.16     0.16   474.16     0  00:09        0.16
  10                   JUNCTION     8.37     8.40   476.40     0  00:09        8.40
  SonSto_SS5           JUNCTION     0.14     0.15   439.45     0  00:09        0.15
  SonSto_SS3           JUNCTION     0.08     0.08   439.78     0  00:09        0.08
  SonSto_SS4           JUNCTION     0.13     0.13   439.53     0  00:09        0.13
  Amont_Trappe         JUNCTION     0.15     0.15   437.85     0  00:09        0.15
  SonSto_SS6           JUNCTION     0.14     0.14   438.84     0  00:09        0.14
  SS2                  JUNCTION     0.00     0.00   448.00     0  00:00        0.00
  SonSto_SS2           JUNCTION     0.00     0.00   441.50     0  00:00        0.00
  12                   JUNCTION    18.68    18.74   467.74     0  00:09       18.74
  14                   JUNCTION     4.47     4.49   469.49     0  00:09        4.49
  15                   JUNCTION     0.25     0.26   472.26     0  00:09        0.26
  TWT_PointHaut_60+650 JUNCTION     0.45     0.46   442.96     0  00:05        0.45
  TWT_Fensterstollen_60+375 JUNCTION     0.00     0.00   441.30     0  00:00        0.00
  TWT_Acces_LT_60+110  JUNCTION     0.00     0.00   441.50     0  00:00        0.00
  TWT_Liaison_LT_59+738 JUNCTION     0.00     0.00   450.60     0  00:00        0.00
  Syst_Est_amont       JUNCTION     6.88    12.88   442.88     0  00:02        6.90
  Syst_Est_interm      JUNCTION    25.64    35.90   445.90     0  00:03       25.71
  TWT_Branche_Est_Sonsto_60+540 JUNCTION     0.94     1.01   443.41     0  00:04        0.94
  TWT_Intersection_Sonsto_60+345 JUNCTION     0.00     0.00   440.90     0  00:00        0.00
  TWT_Chrosweg_61+140  JUNCTION     0.54     0.55   435.55     0  00:07        0.55
  SonSto_F_sup         JUNCTION     0.05     0.05   448.05     0  00:09        0.05
  SonSto_porte         JUNCTION     0.00     0.00   438.50     0  00:00        0.00
  Brunnm_Fassung       OUTFALL      0.09     0.09   433.89     0  00:09        0.09
  Brunnmuehle(Teich)   OUTFALL      0.22     0.22   435.72     0  00:09        0.22
  Fensterstollen       OUTFALL      0.19     0.19   437.19     0  00:09        0.19
  Gischeren            OUTFALL      0.00     0.00   480.00     0  00:00        0.00
  Schuettstein         OUTFALL      0.10     0.13   477.68     0  00:03        0.10
  Holiloch             OUTFALL      0.05     0.05   476.55     0  00:09        0.05
  Sauserquelle         OUTFALL      0.38     0.38   435.93     0  00:09        0.38
  Entw_Stollen         OUTFALL      0.09     0.09   436.59     0  00:09        0.09
  Sous_lacustre        OUTFALL      0.10     0.10   429.30     0  00:09        0.10
  Sous_ecoul.          OUTFALL      0.00     0.00   433.00     0  00:09        0.00
  Syst_Est_aval        OUTFALL      0.75     0.75   429.75     0  00:05        0.75
  TWT_Portail_Est_61+665 OUTFALL      0.55     0.55   426.15     0  00:08        0.55
  
  
  *******************
  Node Inflow Summary
  *******************
  
  -------------------------------------------------------------------------------------------------
                                  Maximum  Maximum                  Lateral       Total        Flow
                                  Lateral    Total  Time of Max      Inflow      Inflow     Balance
                                   Inflow   Inflow   Occurrence      Volume      Volume       Error
  Node                 Type           CMS      CMS  days hr:min    10^6 ltr    10^6 ltr     Percent
  -------------------------------------------------------------------------------------------------
  9                    JUNCTION         0     11.5     0  00:00           0         293       0.053
  Holiloch_sonde       JUNCTION         0     9.53     0  00:00           0         269       0.440
  11                   JUNCTION         0     0.23     0  00:00           0        19.5       0.002
  13                   JUNCTION         0       15     0  00:00           0    1.09e+03       0.031
  21                   JUNCTION         0     0.39     0  00:09           0        33.6       0.010
  SonSto_F             JUNCTION         0    0.835     0  00:09           0        71.9       0.114
  Sondierstollen       JUNCTION         0        0     0  00:00           0           0       0.000 ltr
  Aval_Trappe          JUNCTION         0    0.799     0  00:09           0        68.8       0.080
  30                   JUNCTION         0    0.834     0  00:09           0        71.8       0.122
  Gischeren_node       JUNCTION         0        0     0  00:00           0           0       0.000 ltr
  34                   JUNCTION         0    0.355     0  00:09           0        30.6       0.007
  38                   JUNCTION         0    0.224     0  00:00           0        17.9       0.006
  SS6                  JUNCTION         0    0.137     0  00:09           0        11.8       0.006
  40                   JUNCTION         0     1.51     0  00:09           0         130       0.031
  41                   JUNCTION         0     2.05     0  00:00           0        9.71       0.848
  SondeSchuettstein    JUNCTION         0    0.463     0  00:03           0        9.63       0.063
  SS4                  JUNCTION         0   0.0817     0  00:05           0        6.87       0.032
  47                   JUNCTION         0     3.51     0  00:03           0        39.9       0.170
  48                   JUNCTION         0    0.319     0  00:03           0        9.62       0.167
  SondeGischeren       JUNCTION         0    0.152     0  00:09           0        13.1      92.552
  49                   JUNCTION         0    0.716     0  00:04           0          12       0.013
  50                   JUNCTION         0   0.0791     0  00:09           0        6.81       0.458
  51                   JUNCTION         0     23.4     0  00:00           0    1.27e+03       0.019
  Amont_C              JUNCTION      14.7     39.7     0  00:00    1.27e+03    1.27e+03       0.028
  52                   JUNCTION         0    0.206     0  00:09           0        17.7      13.017
  53                   JUNCTION         0    0.241     0  00:04           0        17.1       0.097
  54                   JUNCTION         0    0.198     0  00:09           0        17.1      97.653
  56                   JUNCTION         0     1.24     0  00:09           0         106       0.018
  2                    JUNCTION         0   0.0396     0  00:09           0        3.41      79.245
  4                    JUNCTION         0    0.325     0  00:09           0          28       0.022
  5                    JUNCTION         0     1.89     0  00:03           0        39.8      92.988
  6                    JUNCTION         0     5.48     0  00:02           0        52.1       0.472
  7                    JUNCTION         0    0.592     0  00:06           0        20.6    4464.197
  SS3                  JUNCTION         0   0.0788     0  00:09           0        6.78       0.079
  SS5                  JUNCTION         0    0.346     0  00:09           0        29.8       0.423
  8                    JUNCTION         0    0.153     0  00:09           0        13.2       0.704
  10                   JUNCTION         0    0.373     0  00:05           0          12       1.462
  SonSto_SS5           JUNCTION         0    0.427     0  00:09           0        36.7       0.213
  SonSto_SS3           JUNCTION         0   0.0787     0  00:09           0        6.78       0.367
  SonSto_SS4           JUNCTION         0    0.158     0  00:09           0        13.6       1.005
  Amont_Trappe         JUNCTION         0      0.8     0  00:09           0        68.9       0.042
  SonSto_SS6           JUNCTION         0    0.563     0  00:09           0        48.5       0.133
  SS2                  JUNCTION         0        0     0  00:00           0           0       0.000 ltr
  SonSto_SS2           JUNCTION         0        0     0  00:00           0           0       0.000 ltr
  12                   JUNCTION         0     0.29     0  00:03           0        18.6       0.057
  14                   JUNCTION         0     1.34     0  00:09           0         113       8.233
  15                   JUNCTION         0    0.276     0  00:09           0        23.8       0.951
  TWT_PointHaut_60+650 JUNCTION         0     9.12     0  00:04           0         767       0.183
  TWT_Fensterstollen_60+375 JUNCTION         0        0     0  00:00           0           0       0.000 ltr
  TWT_Acces_LT_60+110  JUNCTION         0        0     0  00:00           0           0       0.000 ltr
  TWT_Liaison_LT_59+738 JUNCTION         0        0     0  00:00           0           0       0.000 ltr
  Syst_Est_amont       JUNCTION      1.47     2.97     0  00:02         127         218       0.108
  Syst_Est_interm      JUNCTION         0     5.17     0  00:03           0         284       0.127
  TWT_Branche_Est_Sonsto_60+540 JUNCTION         0     8.81     0  00:09           0         760       0.153
  TWT_Intersection_Sonsto_60+345 JUNCTION         0        0     0  00:00           0           0       0.000 ltr
  TWT_Chrosweg_61+140  JUNCTION         0     10.3     0  00:05           0         871       0.077
  SonSto_F_sup         JUNCTION         0    0.274     0  00:09           0        23.6       0.071
  SonSto_porte         JUNCTION         0        0     0  00:00           0           0       0.000 ltr
  Brunnm_Fassung       OUTFALL          0     0.03     0  00:09           0        2.59       0.000
  Brunnmuehle(Teich)   OUTFALL          0     0.32     0  00:09           0        27.5       0.000
  Fensterstollen       OUTFALL          0    0.833     0  00:09           0        71.7       0.000
  Gischeren            OUTFALL          0        0     0  00:00           0           0       0.000 ltr
  Schuettstein         OUTFALL          0    0.176     0  00:03           0         9.6       0.000
  Holiloch             OUTFALL          0  0.00527     0  00:09           0       0.452       0.000
  Sauserquelle         OUTFALL          0     1.24     0  00:09           0         106       0.000
  Entw_Stollen         OUTFALL          0   0.0221     0  00:09           0         1.9       0.000
  Sous_lacustre        OUTFALL          0   0.0341     0  00:09           0        2.94       0.000
  Sous_ecoul.          OUTFALL          0   0.0058     0  00:09           0       0.501       0.000
  Syst_Est_aval        OUTFALL          0     2.66     0  00:05           0         229       0.000
  TWT_Portail_Est_61+665 OUTFALL          0     10.1     0  00:08           0         870       0.000
  
  
  **********************
  Node Surcharge Summary
  **********************
  
  Surcharging occurs when water rises above the top of the highest conduit.
  ---------------------------------------------------------------------
                                               Max. Height   Min. Depth
                                   Hours       Above Crown    Below Rim
  Node                 Type      Surcharged         Meters       Meters
  ---------------------------------------------------------------------
  9                    JUNCTION       23.99         42.244       55.956
  Holiloch_sonde       JUNCTION       23.95         34.664      163.436
  11                   JUNCTION       24.00         43.521      106.019
  13                   JUNCTION       23.99         37.604       59.396
  21                   JUNCTION       24.00         39.358      110.042
  34                   JUNCTION       24.00         18.212       81.188
  38                   JUNCTION       24.00         21.889      127.511
  40                   JUNCTION       24.00         31.919       64.081
  41                   JUNCTION       23.99         41.276      107.874
  SondeSchuettstein    JUNCTION       23.94         19.654        0.000
  47                   JUNCTION       23.94          9.745       88.355
  48                   JUNCTION       23.94          7.604       91.596
  49                   JUNCTION       23.91          2.412      189.588
  51                   JUNCTION       24.00         55.292      140.708
  Amont_C              JUNCTION       24.00         97.000        0.000
  53                   JUNCTION       23.91          2.123       92.877
  56                   JUNCTION       23.99          5.922       93.078
  4                    JUNCTION       23.99          8.493       90.857
  6                    JUNCTION       23.94         13.556      181.444
  10                   JUNCTION       23.87          0.403      191.597
  12                   JUNCTION       23.95         18.386       81.264
  14                   JUNCTION       23.84          0.486       95.514
  TWT_Fensterstollen_60+375 JUNCTION       24.00          0.000      100.000
  TWT_Acces_LT_60+110  JUNCTION       24.00          0.000        0.000
  TWT_Liaison_LT_59+738 JUNCTION       24.00          0.000        0.000
  Syst_Est_amont       JUNCTION       23.96         11.879       87.121
  Syst_Est_interm      JUNCTION       23.94         34.397       64.103
  TWT_Intersection_Sonsto_60+345 JUNCTION       24.00          0.000        0.000
  
  
  *********************
  Node Flooding Summary
  *********************
  
  Flooding refers to all water that overflows a node, whether it ponds or not.
  --------------------------------------------------------------------------
                                                             Total   Maximum
                                 Maximum   Time of Max       Flood    Ponded
                        Hours       Rate    Occurrence      Volume     Depth
  Node                 Flooded       CMS   days hr:min    10^6 ltr    Meters
  --------------------------------------------------------------------------
  Amont_C                 0.01      20.3      0  00:00       0.010     0.000
  
  
  ***********************
  Outfall Loading Summary
  ***********************
  
  -----------------------------------------------------------
                         Flow       Avg       Max       Total
                         Freq      Flow      Flow      Volume
  Outfall Node           Pcnt       CMS       CMS    10^6 ltr
  -----------------------------------------------------------
  Brunnm_Fassung        99.94      0.03      0.03       2.588
  Brunnmuehle(Teich)    99.94     0.319      0.32      27.542
  Fensterstollen        99.73     0.832     0.833      71.675
  Gischeren              0.00         0         0       0.000
  Schuettstein          99.73     0.111     0.176       9.602
  Holiloch              99.35   0.00527   0.00527       0.452
  Sauserquelle          99.96      1.23      1.24     106.447
  Entw_Stollen          99.95     0.022    0.0221       1.902
  Sous_lacustre         99.98     0.034    0.0341       2.941
  Sous_ecoul.           99.94    0.0058    0.0058       0.501
  Syst_Est_aval         99.75      2.66      2.66     228.941
  TWT_Portail_Est_61+665  99.94      10.1      10.1     870.254
  -----------------------------------------------------------
  System                91.52      15.3      15.4    1322.845
  
  
  ********************
  Link Flow Summary
  ********************
  
  -----------------------------------------------------------------------------
                                 Maximum  Time of Max   Maximum    Max/    Max/
                                  |Flow|   Occurrence   |Veloc|    Full    Full
  Link                 Type          CMS  days hr:min     m/sec    Flow   Depth
  -----------------------------------------------------------------------------
  Brunn_Fassung_L      CONDUIT      0.03     0  00:09      1.32    0.50    0.75
  11                   CONDUIT      9.53     0  00:00      7.07    1.42    1.00
  14                   CONDUIT      11.5     0  00:00      8.49    6.26    1.00
  16                   CONDUIT      0.23     0  00:00      2.69    1.60    1.00
  17                   CONDUIT     0.227     0  00:00      0.80    0.39    1.00
  26                   CONDUIT      2.05     0  00:00      3.62    2.78    1.00
  27                   CONDUIT    0.0348     0  00:09      1.28    0.45    0.67
  Gischeren_L          CONDUIT         0     0  00:00      0.00    0.00    0.00
  Schuettstein_L       CONDUIT     0.176     0  00:03      1.34    0.15    0.63
  Brunnmuehle_L        CONDUIT     0.355     0  00:09      1.26    0.17    1.00
  32                   CONDUIT         0     0  00:00      0.00    0.00    0.00
  35                   CONDUIT         0     0  00:00      0.00    0.00    0.27
  45                   CONDUIT     0.562     0  00:09      5.64    0.00    0.04
  46                   CONDUIT      1.24     0  00:09      4.37    1.23    1.00
  47                   CONDUIT     0.103     0  00:00      2.71    6.43    1.00
  50                   CONDUIT     0.319     0  00:03      1.12    0.06    1.00
  51                   CONDUIT     0.271     0  00:09      2.82    0.76    1.00
  53                   CONDUIT     0.224     0  00:00      1.35    1.14    1.00
  Fenster_L            CONDUIT     0.833     0  00:09      4.31    0.01    0.06
  58                   CONDUIT     0.799     0  00:09      3.81    0.01    0.07
  59                   CONDUIT     0.426     0  00:09      3.35    0.00    0.05
  61                   CONDUIT     0.463     0  00:03      2.52    0.65    1.00
  63                   CONDUIT     0.137     0  00:09      2.01    0.62    0.52
  66                   CONDUIT    0.0791     0  00:09      1.40    1.04    0.80
  67                   CONDUIT      14.9     0  00:00      4.04    0.15    1.00
  Amont_L              CONDUIT        25     0  00:00      3.54    1.36    1.00
  69                   CONDUIT     0.206     0  00:09      1.74    0.80    0.90
  70                   CONDUIT     0.182     0  00:09      1.53    0.56    0.90
  71                   CONDUIT     0.241     0  00:04      1.09    0.43    1.00
  72                   CONDUIT     0.198     0  00:09      1.13    0.94    0.63
  Sauser_L             CONDUIT      1.24     0  00:09      2.13    0.31    0.69
  75                   CONDUIT    0.0817     0  00:05      2.82    0.83    0.62
  Entw_Sto_L           CONDUIT    0.0221     0  00:09      1.70    0.51    0.51
  4                    CONDUIT    0.0205     0  00:09      1.16    0.92    0.74
  5                    CONDUIT     0.019     0  00:09      0.92    0.68    0.76
  6                    CONDUIT    0.0341     0  00:09      1.34    0.51    0.75
  7                    CONDUIT     0.325     0  00:09      1.66    0.50    1.00
  Brunn_Teich_L        CONDUIT      0.32     0  00:09      1.36    0.24    0.67
  9                    CONDUIT    0.0058     0  00:09      1.46    0.00    0.50
  12                   CONDUIT      1.89     0  00:03      1.23    0.04    1.00
  15                   CONDUIT      5.48     0  00:02      3.15    0.14    1.00
  18                   CONDUIT      3.51     0  00:03      2.05    0.14    1.00
  19                   CONDUIT     0.716     0  00:04      1.11    0.68    1.00
  20                   CONDUIT     0.799     0  00:09      4.33    0.06    0.18
  21                   CONDUIT     0.592     0  00:06      0.11    0.00    0.56
  Hooliloch_L          CONDUIT   0.00527     0  00:09      0.01    0.00    0.20
  23                   CONDUIT    0.0788     0  00:09      3.07    0.49    0.39
  25                   CONDUIT     0.153     0  00:09      0.96    0.13    0.53
  28                   CONDUIT    0.0784     0  00:09      1.08    0.00    0.03
  29                   CONDUIT    0.0816     0  00:09      0.68    0.00    0.05
  31                   CONDUIT         0     0  00:00      0.00    0.00    0.02
  33                   CONDUIT     0.373     0  00:05      0.70    0.14    1.00
  37                   CONDUIT     0.345     0  00:09      0.63    0.01    0.13
  SS3_L                CONDUIT    0.0787     0  00:09      2.64    0.00    0.03
  40                   CONDUIT       0.8     0  00:09      2.07    0.01    0.03
  SS6_L                CONDUIT     0.137     0  00:09      2.30    0.00    0.05
  1                    CONDUIT         0     0  00:00      0.00    0.00    0.01
  2                    CONDUIT         0     0  00:00      0.00    0.00    0.00
  3                    CONDUIT    0.0814     0  00:05      2.59    0.01    0.10
  10                   CONDUIT    0.0891     0  00:06      0.18    0.00    0.13
  13                   CONDUIT      0.29     0  00:03      3.53    0.63    1.00
  22                   CONDUIT     0.257     0  00:03      2.67    0.64    1.00
  24                   CONDUIT      1.34     0  00:09      1.96    0.00    1.00
  30                   CONDUIT      1.21     0  00:09      1.85    0.51    1.00
  34                   CONDUIT     0.276     0  00:09      1.48    0.31    0.73
  36                   CONDUIT     0.274     0  00:09      5.08    0.29    0.28
  38                   CONDUIT     0.152     0  00:09      2.17    0.06    0.40
  48                   CONDUIT      1.79     0  00:03      2.76    1.20    1.00
  54                   CONDUIT      2.66     0  00:05      1.87    0.50    0.75
  68                   CONDUIT     0.273     0  00:09      6.81    0.00    0.03
  73                   CONDUIT         0     0  00:00      0.00    0.00    0.02
  TWT1                 CONDUIT      10.1     0  00:08      6.73    0.01    0.07
  1_1_a_1              CONDUIT      2.16     0  00:08      3.88    0.46    0.77
  1_1_a_2              CONDUIT      2.01     0  00:03      4.15    0.20    0.77
  1_1_a_3              CONDUIT      1.36     0  00:09      2.23    2.67    0.77
  TWT2                 CONDUIT      6.18     0  00:05      5.10    0.01    0.06
  1_1_b_2              CONDUIT      3.02     0  00:05      5.02    0.27    0.73
  1_1_b_3              CONDUIT      1.15     0  00:09      1.89    3.20    0.73
  TWT3                 CONDUIT      8.01     0  00:04      3.73    0.03    0.09
  1_2_a_1              CONDUIT      1.49     0  00:02      2.06    1.08    1.00
  1_2_a_4              CONDUIT      8.81     0  00:09     11.32    2.97    1.00
  
  
  ***************************
  Flow Classification Summary
  ***************************
  
  -------------------------------------------------------------------------------------
                      Adjusted    ---------- Fraction of Time in Flow Class ---------- 
                       /Actual         Up    Down  Sub   Sup   Up    Down  Norm  Inlet 
  Conduit               Length    Dry  Dry   Dry   Crit  Crit  Crit  Crit  Ltd   Ctrl  
  -------------------------------------------------------------------------------------
  Brunn_Fassung_L         1.00   0.00  0.00  0.00  0.00  1.00  0.00  0.00  0.00  0.00
  11                      1.00   0.00  0.00  0.00  1.00  0.00  0.00  0.00  0.00  0.00
  14                      1.00   0.00  0.00  0.00  1.00  0.00  0.00  0.00  0.00  0.00
  16                      1.00   0.00  0.00  0.00  1.00  0.00  0.00  0.00  0.00  0.00
  17                      1.00   0.00  0.00  0.00  1.00  0.00  0.00  0.00  0.00  0.00
  26                      1.00   0.00  0.00  0.00  1.00  0.00  0.00  0.00  0.00  0.00
  27                      1.00   0.00  0.00  0.00  0.00  1.00  0.00  0.00  1.00  0.00
  Gischeren_L             1.00   1.00  0.00  0.00  0.00  0.00  0.00  0.00  0.00  0.00
  Schuettstein_L          1.00   0.00  0.00  0.00  1.00  0.00  0.00  0.00  0.00  0.00
  Brunnmuehle_L           1.00   0.00  0.00  0.00  1.00  0.00  0.00  0.00  0.00  0.00
  32                      1.00   1.00  0.00  0.00  0.00  0.00  0.00  0.00  0.00  0.00
  35                      1.00   0.00  1.00  0.00  0.00  0.00  0.00  0.00  0.00  0.00
  45                      1.00   0.00  0.00  0.00  0.00  1.00  0.00  0.00  0.00  0.00
  46                      1.00   0.00  0.00  0.00  1.00  0.00  0.00  0.00  0.00  0.00
  47                      1.00   0.00  0.00  0.00  1.00  0.00  0.00  0.00  0.00  0.00
  50                      1.00   0.00  0.00  0.00  1.00  0.00  0.00  0.00  0.00  0.00
  51                      1.00   0.00  0.00  0.00  1.00  0.00  0.00  0.00  0.00  0.00
  53                      1.00   0.00  0.00  0.00  1.00  0.00  0.00  0.00  0.00  0.00
  Fenster_L               1.00   0.00  0.00  0.00  0.00  1.00  0.00  0.00  0.00  0.00
  58                      1.00   0.00  0.00  0.00  0.00  1.00  0.00  0.00  0.00  0.00
  59                      1.00   0.00  0.00  0.00  0.00  1.00  0.00  0.00  0.00  0.00
  61                      1.00   0.00  0.00  0.00  1.00  0.00  0.00  0.00  0.00  0.00
  63                      1.00   0.00  0.00  0.00  1.00  0.00  0.00  0.00  0.00  0.00
  66                      1.00   0.00  0.00  0.00  1.00  0.00  0.00  0.00  0.00  0.00
  67                      1.00   0.00  0.00  0.00  1.00  0.00  0.00  0.00  0.00  0.00
  Amont_L                 1.00   0.00  0.00  0.00  1.00  0.00  0.00  0.00  0.00  0.00
  69                      1.00   0.00  0.00  0.00  1.00  0.00  0.00  0.00  0.00  0.00
  70                      1.00   0.00  0.00  0.00  1.00  0.00  0.00  0.00  0.00  0.00
  71                      1.00   0.00  0.00  0.00  1.00  0.00  0.00  0.00  0.00  0.00
  72                      1.00   0.00  0.00  0.00  1.00  0.00  0.00  0.00  0.00  0.00
  Sauser_L                1.00   0.00  0.00  0.00  1.00  0.00  0.00  0.00  0.00  0.00
  75                      1.00   0.00  0.00  0.00  0.00  1.00  0.00  0.00  0.00  0.00
  Entw_Sto_L              1.00   0.00  0.00  0.00  0.00  1.00  0.00  0.00  0.00  0.00
  4                       1.00   0.00  0.00  0.00  1.00  0.00  0.00  0.00  0.00  0.00
  5                       1.00   0.00  0.00  0.00  1.00  0.00  0.00  0.00  0.00  0.00
  6                       1.00   0.00  0.00  0.00  0.00  1.00  0.00  0.00  0.00  0.00
  7                       1.00   0.00  0.00  0.00  1.00  0.00  0.00  0.00  0.00  0.00
  Brunn_Teich_L           1.00   0.00  0.00  0.00  1.00  0.00  0.00  0.00  0.00  0.00
  9                       1.00   0.00  0.00  0.00  0.00  1.00  0.00  0.00  0.00  0.00
  12                      1.00   0.00  0.00  0.00  1.00  0.00  0.00  0.00  0.00  0.00
  15                      1.00   0.00  0.00  0.00  1.00  0.00  0.00  0.00  0.00  0.00
  18                      1.00   0.00  0.00  0.00  1.00  0.00  0.00  0.00  0.00  0.00
  19                      1.00   0.00  0.00  0.00  1.00  0.00  0.00  0.00  0.00  0.00
  20                      1.00   0.00  0.00  0.00  0.00  1.00  0.00  0.00  0.00  0.00
  21                      1.00   0.00  0.00  0.00  1.00  0.00  0.00  0.00  0.00  0.00
  Hooliloch_L             1.00   0.00  0.00  0.00  0.99  0.00  0.00  0.00  0.00  0.00
  23                      1.00   0.00  0.00  0.00  0.00  1.00  0.00  0.00  0.00  0.00
  25                      1.00   0.00  0.00  0.00  1.00  0.00  0.00  0.00  0.00  0.00
  28                      1.00   0.00  0.00  0.00  0.00  1.00  0.00  0.00  1.00  0.00
  29                      1.00   0.00  0.00  0.00  1.00  0.00  0.00  0.00  1.00  0.00
  31                      1.00   0.00  1.00  0.00  0.00  0.00  0.00  0.00  0.00  0.00
  33                      1.00   0.00  0.00  0.00  1.00  0.00  0.00  0.00  0.00  0.00
  37                      1.00   0.00  0.00  0.00  1.00  0.00  0.00  0.00  0.00  0.00
  SS3_L                   1.00   0.00  0.00  0.00  0.00  1.00  0.00  0.00  1.00  0.00
  40                      1.00   0.00  0.00  0.00  0.00  1.00  0.00  0.00  0.00  0.00
  SS6_L                   1.00   0.00  0.00  0.00  0.00  1.00  0.00  0.00  1.00  0.00
  1                       1.00   0.00  1.00  0.00  0.00  0.00  0.00  0.00  0.00  0.00
  2                       1.00   1.00  0.00  0.00  0.00  0.00  0.00  0.00  0.00  0.00
  3                       1.00   0.00  0.00  0.00  0.00  1.00  0.00  0.00  1.00  0.00
  10                      1.00   0.00  0.00  0.00  1.00  0.00  0.00  0.00  0.00  0.00
  13                      1.00   0.00  0.00  0.00  1.00  0.00  0.00  0.00  0.00  0.00
  22                      1.00   0.00  0.00  0.00  1.00  0.00  0.00  0.00  0.00  0.00
  24                      1.00   0.00  0.00  0.00  1.00  0.00  0.00  0.00  0.00  0.00
  30                      1.00   0.00  0.00  0.00  1.00  0.00  0.00  0.00  0.00  0.00
  34                      1.00   0.00  0.00  0.00  1.00  0.00  0.00  0.00  0.00  0.00
  36                      1.00   0.00  0.00  0.00  0.00  1.00  0.00  0.00  0.00  0.00
  38                      1.00   0.00  0.00  0.00  1.00  0.00  0.00  0.00  1.00  0.00
  48                      1.00   0.00  0.00  0.00  1.00  0.00  0.00  0.00  0.00  0.00
  54                      1.00   0.00  0.00  0.00  1.00  0.00  0.00  0.00  0.00  0.00
  68                      1.00   0.00  0.00  0.00  0.00  1.00  0.00  0.00  1.00  0.00
  73                      1.00   0.00  1.00  0.00  0.00  0.00  0.00  0.00  0.00  0.00
  TWT1                    1.00   0.00  0.00  0.00  0.00  1.00  0.00  0.00  0.99  0.00
  1_1_a_1                 1.00   0.00  0.00  0.00  0.00  1.00  0.00  0.00  0.00  0.00
  1_1_a_2                 1.00   0.00  0.00  0.00  1.00  0.00  0.00  0.00  0.00  0.00
  1_1_a_3                 1.00   0.00  0.00  0.00  1.00  0.00  0.00  0.00  0.00  0.00
  TWT2                    1.00   0.00  0.00  0.00  0.00  1.00  0.00  0.00  1.00  0.00
  1_1_b_2                 1.00   0.00  0.00  0.00  0.00  1.00  0.00  0.00  0.00  0.00
  1_1_b_3                 1.00   0.00  0.00  0.00  1.00  0.00  0.00  0.00  0.00  0.00
  TWT3                    1.00   0.00  0.00  0.00  0.00  1.00  0.00  0.00  0.00  0.00
  1_2_a_1                 1.00   0.00  0.00  0.00  1.00  0.00  0.00  0.00  0.00  0.00
  1_2_a_4                 1.00   0.00  0.00  0.00  0.00  1.00  0.00  0.00  0.00  0.00
  
  
  *************************
  Conduit Surcharge Summary
  *************************
  
  ----------------------------------------------------------------------------
                                                           Hours        Hours 
                         --------- Hours Full --------   Above Full   Capacity
  Conduit                Both Ends  Upstream  Dnstream   Normal Flow   Limited
  ----------------------------------------------------------------------------
  Brunn_Fassung_L             0.01      0.01     24.00      0.01         0.01
  11                         23.95     23.95     23.99      0.04         0.01
  14                         23.99     23.99     23.99     23.99         0.01
  16                         24.00     24.00     24.00     23.99        23.99
  17                         24.00     24.00     24.00      0.01         0.01
  26                         23.99     23.99     23.99      0.01         0.01
  Schuettstein_L              0.01      0.01     23.94      0.01         0.01
  Brunnmuehle_L              24.00     24.00     24.00      0.01         0.01
  46                         24.00     24.00     24.00     23.93         0.01
  47                         24.00     24.00     24.00     24.00        24.00
  50                         23.94     23.94     23.94      0.01         0.01
  51                         23.94     23.94     24.00      0.01         0.01
  53                         24.00     24.00     24.00     23.95         0.01
  61                         23.94     23.94     23.99      0.01         0.01
  63                          0.01     23.93      0.01      0.01         0.01
  66                          0.01     23.90      0.01     23.87         0.01
  67                         23.99     23.99     24.00      0.01         0.01
  Amont_L                    24.00     24.00     24.00      0.01         0.01
  69                          0.01      0.01     24.00      0.01         0.01
  70                          0.01      0.01     24.00      0.01         0.01
  71                         23.93     23.93     23.99      0.01         0.01
  72                          0.01     23.91      0.01      0.01         0.01
  Sauser_L                    0.01      0.01     24.00      0.01         0.01
  75                          0.01     23.91      0.01      0.01         0.01
  4                           0.01     23.92      0.01      0.01         0.01
  5                           0.01      0.01     24.00      0.01         0.01
  6                           0.01      0.01     24.00      0.01         0.01
  7                          23.99     23.99     24.00      0.01         0.01
  Brunn_Teich_L               0.01      0.01     23.98      0.01         0.01
  9                           0.01      0.01     23.98      0.01         0.01
  12                         23.92     23.92     23.94      0.01         0.01
  15                         23.95     23.95     23.95      0.01         0.01
  18                         23.94     23.94     23.94      0.01         0.01
  19                         23.92     23.92     23.94      0.01         0.01
  25                          0.01      0.01     23.99      0.01         0.01
  33                         23.87     23.87     23.91      0.01         0.01
  13                         23.95     23.95     24.00      0.01         0.01
  22                         23.95     23.95     24.00      0.01         0.01
  24                         23.84     23.84     24.00      0.01         0.01
  30                         23.84     23.84     24.00      0.01         0.01
  34                          0.01      0.01     23.99      0.01         0.01
  48                         23.95     23.96     23.95      0.02         0.01
  54                          0.01      0.01     23.94      0.01         0.01
  1_1_a_1                     0.01      0.01     23.96      0.01         0.01
  1_1_a_2                     0.01      0.01     23.95      0.01         0.01
  1_1_a_3                     0.01     23.97      0.01     23.95         0.01
  1_1_b_2                     0.01      0.01     23.95      0.01         0.01
  1_1_b_3                     0.01      0.01     23.97     23.95         0.01
  1_2_a_1                     0.01      0.01     23.96      0.01         0.01
  1_2_a_4                     0.01      0.01     23.99     23.99         0.01
  

  Analysis begun on:  Fri Jun 26 16:57:47 2026
  Analysis ended on:  Fri Jun 26 16:57:48 2026
  Total elapsed time: 00:00:01