
  EPA STORM WATER MANAGEMENT MODEL - VERSION 5.2 (Build 5.2.4)
  ------------------------------------------------------------

  Brunnmuehle (Twann) 
  WARNING 08: elevation drop exceeds length for Conduit SS3_L
  WARNING 08: elevation drop exceeds length for Conduit SS6_L
  WARNING 08: elevation drop exceeds length for Conduit 2
  WARNING 08: elevation drop exceeds length for Conduit 3
  WARNING 08: elevation drop exceeds length for Conduit 68
  WARNING 08: elevation drop exceeds length for Conduit 1_2_b_
  WARNING 08: elevation drop exceeds length for Conduit 1_2_b_2
  WARNING 08: elevation drop exceeds length for Conduit 1_4_a
  WARNING 08: elevation drop exceeds length for Conduit 1_4_b
  WARNING 08: elevation drop exceeds length for Conduit 1_4_b_1
  WARNING 08: elevation drop exceeds length for Conduit 1_5_a
  WARNING 02: maximum depth increased for Node 2
  
  ****************
  Analysis Options
  ****************
  Flow Units ............... CMS
  Process Models:
    Rainfall/Runoff ........ NO
    RDII ................... NO
    Snowmelt ............... NO
    Groundwater ............ NO
    Flow Routing ........... YES
    Ponding Allowed ........ NO
    Water Quality .......... NO
  Flow Routing Method ...... DYNWAVE
  Surcharge Method ......... EXTRAN
  Starting Date ............ 01/01/2000 00:00:00
  Ending Date .............. 01/02/2000 00:00:00
  Antecedent Dry Days ...... 0.0
  Report Time Step ......... 01:00:00
  Routing Time Step ........ 0.50 sec
  Variable Time Step ....... YES
  Maximum Trials ........... 8
  Number of Threads ........ 1
  Head Tolerance ........... 0.001500 m
  
  
  **************************        Volume        Volume
  Flow Routing Continuity        hectare-m      10^6 ltr
  **************************     ---------     ---------
  Dry Weather Inflow .......         0.000         0.000
  Wet Weather Inflow .......         0.000         0.000
  Groundwater Inflow .......         0.000         0.000
  RDII Inflow ..............         0.000         0.000
  External Inflow ..........       207.725      2077.271
  External Outflow .........       146.152      1461.534
  Flooding Loss ............        71.052       710.523
  Evaporation Loss .........         0.000         0.000
  Exfiltration Loss ........         0.000         0.000
  Initial Stored Volume ....         0.057         0.573
  Final Stored Volume ......         0.399         3.990
  Continuity Error (%) .....        -4.726
  
  
  *************************
  Highest Continuity Errors
  *************************
  Node TWT_Intersection_Sonsto_60+345 (-132.27%)
  Node Syst_Est_interm (100.00%)
  Node 2 (97.44%)
  Node SondeGischeren (67.71%)
  Node 54 (58.91%)
  
  
  ***************************
  Time-Step Critical Elements
  ***************************
  Link 1_4_a (30085.02%)
  Link 1_4_b (13.94%)
  
  
  ********************************
  Highest Flow Instability Indexes
  ********************************
  All links are stable.
  
  
  *********************************
  Most Frequent Nonconverging Nodes
  *********************************
  Node Brunnm_Fassung (77.53%)
  Node Brunnmuehle(Teich) (77.53%)
  Node Fensterstollen (77.53%)
  Node Gischeren (77.53%)
  Node Schuettstein (77.53%)
  
  
  *************************
  Routing Time Step Summary
  *************************
  Minimum Time Step           :     0.50 sec
  Average Time Step           :     0.50 sec
  Maximum Time Step           :     0.50 sec
  % of Time in Steady State   :    99.67
  Average Iterations per Step :     7.39
  % of Steps Not Converging   :    77.53
  Time Step Frequencies       :
      0.500 -  0.500 sec      :   100.00 %
      0.500 -  0.500 sec      :     0.00 %
      0.500 -  0.500 sec      :     0.00 %
      0.500 -  0.500 sec      :     0.00 %
      0.500 -  0.500 sec      :     0.00 %
  
  
  ******************
  Node Depth Summary
  ******************
  
  ---------------------------------------------------------------------------------
                                 Average  Maximum  Maximum  Time of Max    Reported
                                   Depth    Depth      HGL   Occurrence   Max Depth
  Node                 Type       Meters   Meters   Meters  days hr:min      Meters
  ---------------------------------------------------------------------------------
  9                    JUNCTION    41.61    53.70   492.20     0  00:00       41.65
  Holiloch_sonde       JUNCTION    38.96    51.10   491.10     0  00:01       39.00
  11                   JUNCTION    31.71    33.72   443.72     0  00:00       31.71
  13                   JUNCTION    47.86    56.15   494.15     0  00:00       47.88
  21                   JUNCTION    38.14    38.15   438.15     0  00:04       38.15
  SonSto_F             JUNCTION     0.50     0.76   438.56     0  00:00        0.50
  Sondierstollen       JUNCTION     0.00     0.00   440.80     0  00:00        0.00
  Aval_Trappe          JUNCTION     0.73     1.01   438.61     0  00:00        0.73
  30                   JUNCTION     0.64     0.75   438.05     0  00:00        0.64
  Gischeren_node       JUNCTION     0.00     0.00   476.50     0  00:00        0.00
  34                   JUNCTION    17.50    17.84   437.84     0  00:00       17.51
  38                   JUNCTION    18.81    18.81   438.81     0  00:04       18.81
  SS6                  JUNCTION     0.07     0.07   448.07     0  00:03        0.07
  40                   JUNCTION    39.81    41.30   460.30     0  00:02       39.84
  41                   JUNCTION    48.24    84.60   522.10     0  00:00       48.26
  SondeSchuettstein    JUNCTION    20.53    21.10   480.10     0  00:01       20.54
  SS4                  JUNCTION     0.06     0.06   448.06     0  00:04        0.06
  47                   JUNCTION    13.40    13.99   478.89     0  00:01       13.41
  48                   JUNCTION     8.39     8.96   479.96     0  00:01        8.40
  SondeGischeren       JUNCTION     0.80     0.80   465.80     0  00:04        0.80
  49                   JUNCTION    12.40    13.33   479.33     0  00:03       12.43
  50                   JUNCTION     0.18     0.18   463.18     0  00:04        0.18
  51                   JUNCTION    66.80    76.93   496.93     0  00:00       66.83
  Amont_C              JUNCTION    71.88   141.12   559.12     0  00:00       71.90
  52                   JUNCTION     0.32     0.32   457.32     0  00:04        0.32
  53                   JUNCTION    10.65    13.20   480.20     0  00:02       10.66
  54                   JUNCTION     1.63     1.63   464.63     0  00:04        1.63
  56                   JUNCTION     7.04     7.45   437.45     0  00:02        7.04
  2                    JUNCTION     1.96    13.23   451.23     0  00:04        1.96
  4                    JUNCTION     8.27     9.16   437.16     0  00:00        8.28
  5                    JUNCTION     5.66     5.67   478.17     0  00:04        5.67
  6                    JUNCTION    20.55    20.58   478.58     0  00:04       20.58
  7                    JUNCTION     3.16     3.16   478.16     0  00:04        3.16
  SS3                  JUNCTION     0.06     0.06   448.06     0  00:04        0.06
  SS5                  JUNCTION     0.65     0.65   439.55     0  00:04        0.65
  8                    JUNCTION     0.21     0.21   474.21     0  00:04        0.21
  10                   JUNCTION    10.39    11.36   479.36     0  00:03       10.41
  SonSto_SS5           JUNCTION     0.15     0.15   439.45     0  00:04        0.15
  SonSto_SS3           JUNCTION     0.08     0.08   439.78     0  00:04        0.08
  SonSto_SS4           JUNCTION     0.15     0.15   439.55     0  00:04        0.15
  Amont_Trappe         JUNCTION     0.55     0.91   438.61     0  00:00        0.55
  SonSto_SS6           JUNCTION     0.14     0.14   438.84     0  00:04        0.14
  SS2                  JUNCTION     0.00     0.00   448.00     0  00:00        0.00
  SonSto_SS2           JUNCTION     0.00     0.00   441.50     0  00:00        0.00
  12                   JUNCTION    24.74    25.24   474.24     0  00:02       24.76
  14                   JUNCTION    11.73    13.55   478.55     0  00:02       11.75
  15                   JUNCTION     0.32     0.32   472.32     0  00:04        0.32
  TWT_PointHaut_60+650 JUNCTION     0.21     0.21   438.71     0  00:04        0.21
  TWT_Fensterstollen_60+375 JUNCTION     0.41     0.41   441.71     0  00:04        0.41
  TWT_Acces_LT_60+110  JUNCTION     0.10     0.10   441.60     0  00:04        0.10
  TWT_Liaison_LT_59+738 JUNCTION     0.00     0.02   450.62     0  00:04        0.00
  Syst_Est_amont       JUNCTION     0.67     0.69   430.69     0  00:03        0.67
  Syst_Est_interm      JUNCTION     0.84     0.84   410.84     0  00:04        0.84
  TWT_Branche_Est_Sonsto_60+540 JUNCTION     0.00     0.00   442.40     0  00:00        0.00
  TWT_Intersection_Sonsto_60+345 JUNCTION     0.24     0.32   441.22     0  00:04        0.24
  TWT_Chrosweg_61+140  JUNCTION     0.11     0.11   432.11     0  00:04        0.11
  SonSto_F_sup         JUNCTION     0.05     0.05   448.05     0  00:04        0.05
  SonSto_porte         JUNCTION     2.99     3.00   441.50     0  00:04        3.00
  Brunnm_Fassung       OUTFALL      0.08     0.08   433.88     0  00:04        0.08
  Brunnmuehle(Teich)   OUTFALL      0.19     0.19   435.69     0  00:04        0.19
  Fensterstollen       OUTFALL      0.64     0.64   437.64     0  00:04        0.64
  Gischeren            OUTFALL      0.00     0.00   480.00     0  00:00        0.00
  Schuettstein         OUTFALL      0.19     0.19   477.74     0  00:04        0.19
  Holiloch             OUTFALL      1.37     1.38   477.88     0  00:04        1.38
  Sauserquelle         OUTFALL      0.41     0.41   435.96     0  00:04        0.41
  Entw_Stollen         OUTFALL      0.18     0.18   436.68     0  00:02        0.18
  Sous_lacustre        OUTFALL      0.09     0.09   429.29     0  00:04        0.09
  Sous_ecoul.          OUTFALL      0.00     0.00   433.00     0  00:00        0.00
  Syst_Est_aval        OUTFALL      0.00     0.00   429.00     0  00:00        0.00
  TWT_Portail_Est_61+665 OUTFALL      0.11     0.11   421.71     0  00:04        0.11
  
  
  *******************
  Node Inflow Summary
  *******************
  
  -------------------------------------------------------------------------------------------------
                                  Maximum  Maximum                  Lateral       Total        Flow
                                  Lateral    Total  Time of Max      Inflow      Inflow     Balance
                                   Inflow   Inflow   Occurrence      Volume      Volume       Error
  Node                 Type           CMS      CMS  days hr:min    10^6 ltr    10^6 ltr     Percent
  -------------------------------------------------------------------------------------------------
  9                    JUNCTION         0     14.5     0  00:00           0         538       0.033
  Holiloch_sonde       JUNCTION         0       13     0  00:01           0         504       0.115
  11                   JUNCTION         0    0.324     0  00:00           0        26.1      -0.004
  13                   JUNCTION         0     22.8     0  00:00           0    1.79e+03       0.015
  21                   JUNCTION         0    0.298     0  00:04           0        25.7       0.010
  SonSto_F             JUNCTION         0     2.82     0  00:00           0        78.9      -2.196
  Sondierstollen       JUNCTION         0        0     0  00:00           0           0       0.000 ltr
  Aval_Trappe          JUNCTION         0     10.3     0  00:04           0         828      -4.153
  30                   JUNCTION         0     10.2     0  00:04           0         870       1.086
  Gischeren_node       JUNCTION         0        0     0  00:00           0           0       0.000 ltr
  34                   JUNCTION         0    0.267     0  00:04           0        23.1       0.005
  38                   JUNCTION         0    0.196     0  00:00           0        9.16       0.019
  SS6                  JUNCTION         0    0.151     0  00:03           0        12.6       0.002
  40                   JUNCTION         0     1.67     0  00:04           0         144      -0.000
  41                   JUNCTION         0     5.23     0  00:00           0        31.9       0.028
  SondeSchuettstein    JUNCTION         0     0.56     0  00:00           0        31.9      -0.022
  SS4                  JUNCTION         0   0.0815     0  00:02           0        6.96       0.064
  47                   JUNCTION         0     7.52     0  00:01           0         392      -0.043
  48                   JUNCTION         0    0.389     0  00:01           0        31.9       0.059
  SondeGischeren       JUNCTION         0    0.253     0  00:04           0        21.9     209.716
  49                   JUNCTION         0    0.886     0  00:02           0        12.7       1.303
  50                   JUNCTION         0   0.0818     0  00:04           0        7.06       1.024
  51                   JUNCTION         0     40.1     0  00:00           0    1.98e+03       0.003
  Amont_C              JUNCTION      22.9     46.8     0  00:00    1.98e+03    1.98e+03       0.013
  52                   JUNCTION         0    0.241     0  00:04           0        20.8      25.651
  53                   JUNCTION         0    0.322     0  00:01           0        21.6       0.037
  54                   JUNCTION         0     0.25     0  00:04           0        21.6     143.392
  56                   JUNCTION         0     1.36     0  00:04           0         117      -0.000
  2                    JUNCTION         0     4.63     0  00:03           0         216    3809.339
  4                    JUNCTION         0    0.243     0  00:04           0          21       0.035
  5                    JUNCTION         0     6.19     0  00:01           0         392       0.101
  6                    JUNCTION         0     9.46     0  00:01           0         404       0.041
  7                    JUNCTION         0     4.78     0  00:03           0         391       0.295
  SS3                  JUNCTION         0    0.081     0  00:04           0        6.99       0.172
  SS5                  JUNCTION         0    0.366     0  00:04           0        31.6       0.093
  8                    JUNCTION         0    0.281     0  00:00           0        21.9       0.084
  10                   JUNCTION         0    0.659     0  00:03           0        12.6      -0.670
  SonSto_SS5           JUNCTION         0    0.464     0  00:04           0          40       0.071
  SonSto_SS3           JUNCTION         0   0.0809     0  00:04           0        6.98       0.818
  SonSto_SS4           JUNCTION         0    0.161     0  00:04           0        13.9       0.325
  Amont_Trappe         JUNCTION         0     3.08     0  00:00           0        75.1      52.949
  SonSto_SS6           JUNCTION         0    0.611     0  00:04           0        52.7       0.054
  SS2                  JUNCTION         0        0     0  00:00           0           0       0.000 ltr
  SonSto_SS2           JUNCTION         0        0     0  00:00           0           0       0.000 ltr
  12                   JUNCTION         0    0.335     0  00:00           0          20       0.021
  14                   JUNCTION         0     1.73     0  00:02           0         116       0.042
  15                   JUNCTION         0    0.393     0  00:04           0        33.9       0.240
  TWT_PointHaut_60+650 JUNCTION         0     1.15     0  00:04           0        99.1      36.257
  TWT_Fensterstollen_60+375 JUNCTION         0     13.7     0  00:04           0    1.18e+03      -0.363
  TWT_Acces_LT_60+110  JUNCTION         0    0.244     0  00:04           0        16.6      99.595
  TWT_Liaison_LT_59+738 JUNCTION         0     1.93     0  00:04           0     0.00286     -99.750
  Syst_Est_amont       JUNCTION      1.15     1.15     0  00:00        98.9        98.9      -2.732
  Syst_Est_interm      JUNCTION         0     1.21     0  00:04           0         102101695268.033 ltr
  TWT_Branche_Est_Sonsto_60+540 JUNCTION         0        0     0  00:00           0           0       0.000 ltr
  TWT_Intersection_Sonsto_60+345 JUNCTION         0     9.48     0  00:04           0         415     -56.946
  TWT_Chrosweg_61+140  JUNCTION         0    0.844     0  00:04           0        72.7     137.817
  SonSto_F_sup         JUNCTION         0    0.393     0  00:04           0        33.9       0.018
  SonSto_porte         JUNCTION         0     13.9     0  00:04           0         963       4.377
  Brunnm_Fassung       OUTFALL          0   0.0246     0  00:04           0        2.13       0.000
  Brunnmuehle(Teich)   OUTFALL          0    0.237     0  00:04           0        20.5       0.000
  Fensterstollen       OUTFALL          0     10.2     0  00:04           0         860       0.000
  Gischeren            OUTFALL          0        0     0  00:00           0           0       0.000 ltr
  Schuettstein         OUTFALL          0    0.369     0  00:04           0        31.8       0.000
  Holiloch             OUTFALL          0     4.53     0  00:04           0         390       0.000
  Sauserquelle         OUTFALL          0     1.36     0  00:04           0         117       0.000
  Entw_Stollen         OUTFALL          0    0.122     0  00:04           0        5.48       0.000
  Sous_lacustre        OUTFALL          0   0.0302     0  00:04           0        2.61       0.000
  Sous_ecoul.          OUTFALL          0   0.0057     0  00:00           0       0.477       0.000
  Syst_Est_aval        OUTFALL          0        0     0  00:00           0           0       0.000 ltr
  TWT_Portail_Est_61+665 OUTFALL          0    0.355     0  00:04           0        30.6       0.000
  
  
  **********************
  Node Surcharge Summary
  **********************
  
  Surcharging occurs when water rises above the top of the highest conduit.
  ---------------------------------------------------------------------
                                               Max. Height   Min. Depth
                                   Hours       Above Crown    Below Rim
  Node                 Type      Surcharged         Meters       Meters
  ---------------------------------------------------------------------
  9                    JUNCTION       23.99         51.900       46.300
  Holiloch_sonde       JUNCTION       23.98         49.198      148.902
  11                   JUNCTION       24.00         32.721      116.279
  13                   JUNCTION       23.99         53.154      343.846
  21                   JUNCTION       24.00         37.554      111.846
  34                   JUNCTION       24.00         17.244       82.156
  38                   JUNCTION       24.00         18.213      131.187
  40                   JUNCTION       24.00         37.304       58.696
  41                   JUNCTION       23.99         83.745      165.405
  SondeSchuettstein    JUNCTION       23.99         20.298        0.000
  47                   JUNCTION       23.97         12.093       86.007
  48                   JUNCTION       23.98          8.164       91.036
  49                   JUNCTION       23.95          5.332      186.668
  51                   JUNCTION       24.00         72.930      323.070
  Amont_C              JUNCTION       24.00        138.123      258.877
  53                   JUNCTION       23.97          8.201      186.799
  56                   JUNCTION       24.00          6.450       92.550
  2                    JUNCTION        0.01         11.232        0.000
  4                    JUNCTION       23.99          8.508       90.842
  5                    JUNCTION       23.95          0.670       44.330
  6                    JUNCTION       23.97         15.581      179.419
  10                   JUNCTION       23.94          3.363      188.637
  12                   JUNCTION       23.99         24.886      174.764
  14                   JUNCTION       23.95          9.552      186.448
  SonSto_porte         JUNCTION       23.92          0.000        0.000
  
  
  *********************
  Node Flooding Summary
  *********************
  
  Flooding refers to all water that overflows a node, whether it ponds or not.
  --------------------------------------------------------------------------
                                                             Total   Maximum
                                 Maximum   Time of Max       Flood    Ponded
                        Hours       Rate    Occurrence      Volume     Depth
  Node                 Flooded       CMS   days hr:min    10^6 ltr    Meters
  --------------------------------------------------------------------------
  SonSto_porte           23.92      8.62      0  00:04     710.522     0.000
  
  
  ***********************
  Outfall Loading Summary
  ***********************
  
  -----------------------------------------------------------
                         Flow       Avg       Max       Total
                         Freq      Flow      Flow      Volume
  Outfall Node           Pcnt       CMS       CMS    10^6 ltr
  -----------------------------------------------------------
  Brunnm_Fassung        99.95    0.0246    0.0246       2.127
  Brunnmuehle(Teich)    99.95     0.237     0.237      20.472
  Fensterstollen        99.97      9.96      10.2     860.246
  Gischeren              0.00         0         0       0.000
  Schuettstein          99.90     0.369     0.369      31.840
  Holiloch              99.81      4.53      4.53     390.212
  Sauserquelle          99.98      1.36      1.36     117.483
  Entw_Stollen          99.95    0.0635     0.122       5.484
  Sous_lacustre         99.99    0.0302    0.0302       2.610
  Sous_ecoul.           99.95   0.00552    0.0057       0.477
  Syst_Est_aval          0.00         0         0       0.000
  TWT_Portail_Est_61+665  99.96     0.354     0.355      30.575
  -----------------------------------------------------------
  System                83.28      16.9      17.2    1461.527
  
  
  ********************
  Link Flow Summary
  ********************
  
  -----------------------------------------------------------------------------
                                 Maximum  Time of Max   Maximum    Max/    Max/
                                  |Flow|   Occurrence   |Veloc|    Full    Full
  Link                 Type          CMS  days hr:min     m/sec    Flow   Depth
  -----------------------------------------------------------------------------
  Brunn_Fassung_L      CONDUIT    0.0246     0  00:04      1.12    0.41    0.72
  11                   CONDUIT        13     0  00:01      8.33    1.94    1.00
  14                   CONDUIT      14.5     0  00:00     10.27    7.89    1.00
  16                   CONDUIT     0.324     0  00:00      3.79    2.26    1.00
  17                   CONDUIT     0.196     0  00:00      0.69    0.33    1.00
  26                   CONDUIT      5.23     0  00:00      9.81    7.09    1.00
  27                   CONDUIT    0.0778     0  00:00      2.05    1.00    1.00
  Gischeren_L          CONDUIT         0     0  00:00      0.00    0.00    0.00
  Schuettstein_L       CONDUIT     0.369     0  00:04      2.54    0.31    0.69
  Brunnmuehle_L        CONDUIT     0.267     0  00:04      0.95    0.13    1.00
  32                   CONDUIT         0     0  00:00      0.00    0.00    0.00
  35                   CONDUIT         0     0  00:00      0.00    0.00    0.33
  45                   CONDUIT      0.61     0  00:04      1.56    0.00    0.13
  46                   CONDUIT      1.36     0  00:04      4.81    1.36    1.00
  47                   CONDUIT     0.121     0  00:00      3.19    7.56    1.00
  50                   CONDUIT     0.389     0  00:01      1.19    0.07    1.00
  51                   CONDUIT     0.304     0  00:02      3.16    0.85    1.00
  53                   CONDUIT     0.196     0  00:00      1.18    1.00    1.00
  Fenster_L            CONDUIT      10.2     0  00:04      9.17    0.10    0.23
  58                   CONDUIT      10.2     0  00:04      8.29    0.13    0.28
  59                   CONDUIT     0.464     0  00:04      3.55    0.00    0.05
  61                   CONDUIT      0.56     0  00:00      3.67    0.79    1.00
  63                   CONDUIT     0.151     0  00:03      2.08    0.68    0.52
  66                   CONDUIT    0.0818     0  00:04      1.46    1.08    0.80
  67                   CONDUIT      22.8     0  00:00      5.44    0.23    1.00
  Amont_L              CONDUIT      40.1     0  00:00      5.67    2.17    1.00
  69                   CONDUIT     0.241     0  00:04      2.04    0.94    0.90
  70                   CONDUIT     0.192     0  00:04      1.60    0.59    0.90
  71                   CONDUIT     0.322     0  00:01      1.78    0.57    1.00
  72                   CONDUIT      0.25     0  00:04      1.38    1.19    0.66
  Sauser_L             CONDUIT      1.36     0  00:04      2.31    0.35    0.70
  75                   CONDUIT    0.0815     0  00:02      2.81    0.83    0.62
  Entw_Sto_L           CONDUIT     0.122     0  00:04      4.80    2.82    1.00
  4                    CONDUIT    0.0239     0  00:02      0.85    1.07    1.00
  5                    CONDUIT    0.0152     0  00:04      0.60    0.54    1.00
  6                    CONDUIT    0.0302     0  00:04      1.22    0.45    0.74
  7                    CONDUIT     0.243     0  00:04      1.24    0.37    1.00
  Brunn_Teich_L        CONDUIT     0.237     0  00:04      1.05    0.18    0.64
  9                    CONDUIT    0.0057     0  00:00      1.43    0.00    0.50
  12                   CONDUIT      6.19     0  00:01      3.69    0.13    1.00
  15                   CONDUIT      9.46     0  00:01      5.47    0.24    1.00
  18                   CONDUIT      7.52     0  00:01      4.09    0.30    1.00
  19                   CONDUIT     0.886     0  00:02      1.19    0.84    1.00
  20                   CONDUIT      3.08     0  00:00      5.12    0.24    0.96
  21                   CONDUIT      4.78     0  00:03      0.61    0.03    0.82
  Hooliloch_L          CONDUIT      4.53     0  00:04      1.10    0.09    0.57
  23                   CONDUIT     0.081     0  00:04      3.08    0.51    0.40
  25                   CONDUIT     0.281     0  00:00      1.85    0.23    0.54
  28                   CONDUIT    0.0802     0  00:04      0.95    0.00    0.04
  29                   CONDUIT    0.0982     0  00:04      0.74    0.00    0.05
  31                   CONDUIT         0     0  00:00      0.00    0.00    0.02
  33                   CONDUIT     0.659     0  00:03      0.78    0.25    1.00
  37                   CONDUIT     0.366     0  00:04      0.65    0.01    0.13
  SS3_L                CONDUIT    0.0809     0  00:04      2.86    0.00    0.03
  40                   CONDUIT      2.82     0  00:00      2.19    0.02    0.21
  SS6_L                CONDUIT     0.151     0  00:03      2.36    0.00    0.05
  1                    CONDUIT         0     0  00:00      0.00    0.00    0.01
  2                    CONDUIT         0     0  00:00      0.00    0.00    0.00
  3                    CONDUIT    0.0806     0  00:04      2.87    0.01    0.10
  10                   CONDUIT    0.0621     0  00:04      0.11    0.00    0.13
  13                   CONDUIT     0.335     0  00:00      4.56    0.72    1.00
  22                   CONDUIT     0.266     0  00:01      2.77    0.66    1.00
  24                   CONDUIT      1.73     0  00:02      2.99    0.00    1.00
  30                   CONDUIT      1.35     0  00:04      1.87    0.56    1.00
  34                   CONDUIT     0.393     0  00:04      1.96    0.44    0.79
  36                   CONDUIT     0.393     0  00:04      5.58    0.42    0.34
  38                   CONDUIT     0.253     0  00:04      2.33    0.10    0.50
  48                   CONDUIT      1.21     0  00:04      2.64    0.81    0.76
  54                   CONDUIT         0     0  00:00      0.00    0.00    0.28
  68                   CONDUIT     0.304     0  00:04      0.98    0.00    0.13
  73                   CONDUIT       4.6     0  00:03      2.25    1.06    0.99
  TWT1                 CONDUIT     0.355     0  00:04      2.44    0.00    0.01
  TWT2                 CONDUIT     0.844     0  00:04      3.55    0.00    0.02
  1_1_b_3              CONDUIT      1.15     0  00:04      2.37    4.12    0.60
  TWT3                 CONDUIT         0     0  00:00      0.00    0.00    0.01
  TWT4                 CONDUIT         0     0  00:00      0.00    0.00    0.03
  1_2_b_               CONDUIT         0     0  00:00      0.00    0.00    0.00
  1_2_b_1              CONDUIT      13.6     0  00:04     22.96    3.69    0.71
  1_2_b_2              CONDUIT    0.0883     0  00:04      0.64    0.01    0.23
  TWT5                 CONDUIT      4.71     0  00:04      8.17    0.01    0.05
  1_4_a                CONDUIT      9.09     0  00:04      9.99    0.04    0.23
  TWT6                 CONDUIT     0.114     0  00:04      0.64    0.00    0.03
  1_4_b                CONDUIT      13.9     0  00:04     19.94    0.02    0.54
  1_4_b_1              CONDUIT     0.208     0  00:04      0.47    0.03    0.55
  TWT7                 CONDUIT     0.036     0  00:04      0.55    0.00    0.01
  1_5_a                CONDUIT      1.93     0  00:04      1.22    0.00    0.51
  
  
  ***************************
  Flow Classification Summary
  ***************************
  
  -------------------------------------------------------------------------------------
                      Adjusted    ---------- Fraction of Time in Flow Class ---------- 
                       /Actual         Up    Down  Sub   Sup   Up    Down  Norm  Inlet 
  Conduit               Length    Dry  Dry   Dry   Crit  Crit  Crit  Crit  Ltd   Ctrl  
  -------------------------------------------------------------------------------------
  Brunn_Fassung_L         1.00   0.00  0.00  0.00  1.00  0.00  0.00  0.00  0.00  0.00
  11                      1.00   0.00  0.00  0.00  1.00  0.00  0.00  0.00  0.00  0.00
  14                      1.00   0.00  0.00  0.00  1.00  0.00  0.00  0.00  0.00  0.00
  16                      1.00   0.00  0.00  0.00  1.00  0.00  0.00  0.00  0.00  0.00
  17                      1.00   0.00  0.00  0.00  1.00  0.00  0.00  0.00  0.00  0.00
  26                      1.00   0.00  0.00  0.00  1.00  0.00  0.00  0.00  0.00  0.00
  27                      1.00   0.00  0.00  0.00  1.00  0.00  0.00  0.00  0.00  0.00
  Gischeren_L             1.00   1.00  0.00  0.00  0.00  0.00  0.00  0.00  0.00  0.00
  Schuettstein_L          1.00   0.00  0.00  0.00  0.00  1.00  0.00  0.00  0.00  0.00
  Brunnmuehle_L           1.00   0.00  0.00  0.00  1.00  0.00  0.00  0.00  0.00  0.00
  32                      1.00   1.00  0.00  0.00  0.00  0.00  0.00  0.00  0.00  0.00
  35                      1.00   0.00  1.00  0.00  0.00  0.00  0.00  0.00  0.00  0.00
  45                      1.00   0.00  0.00  0.00  0.00  1.00  0.00  0.00  1.00  0.00
  46                      1.00   0.00  0.00  0.00  1.00  0.00  0.00  0.00  0.00  0.00
  47                      1.00   0.00  0.00  0.00  1.00  0.00  0.00  0.00  0.00  0.00
  50                      1.00   0.00  0.00  0.00  1.00  0.00  0.00  0.00  0.00  0.00
  51                      1.00   0.00  0.00  0.00  1.00  0.00  0.00  0.00  0.00  0.00
  53                      1.00   0.00  0.00  0.00  1.00  0.00  0.00  0.00  0.00  0.00
  Fenster_L               1.00   0.00  0.00  0.00  0.00  1.00  0.00  0.00  0.00  0.00
  58                      1.00   0.00  0.00  0.00  0.00  1.00  0.00  0.00  0.00  0.00
  59                      1.00   0.00  0.00  0.00  0.00  1.00  0.00  0.00  0.00  0.00
  61                      1.00   0.00  0.00  0.00  1.00  0.00  0.00  0.00  0.00  0.00
  63                      1.00   0.00  0.00  0.00  1.00  0.00  0.00  0.00  0.00  0.00
  66                      1.00   0.00  0.00  0.00  1.00  0.00  0.00  0.00  0.00  0.00
  67                      1.00   0.00  0.00  0.00  1.00  0.00  0.00  0.00  0.00  0.00
  Amont_L                 1.00   0.00  0.00  0.00  1.00  0.00  0.00  0.00  0.00  0.00
  69                      1.00   0.00  0.00  0.00  1.00  0.00  0.00  0.00  0.00  0.00
  70                      1.00   0.00  0.00  0.00  1.00  0.00  0.00  0.00  0.00  0.00
  71                      1.00   0.00  0.00  0.00  1.00  0.00  0.00  0.00  0.00  0.00
  72                      1.00   0.00  0.00  0.00  1.00  0.00  0.00  0.00  0.00  0.00
  Sauser_L                1.00   0.00  0.00  0.00  1.00  0.00  0.00  0.00  0.00  0.00
  75                      1.00   0.00  0.00  0.00  0.00  1.00  0.00  0.00  0.00  0.00
  Entw_Sto_L              1.00   0.00  0.00  0.00  1.00  0.00  0.00  0.00  0.00  0.00
  4                       1.00   0.00  0.00  0.00  1.00  0.00  0.00  0.00  0.00  0.00
  5                       1.00   0.00  0.00  0.00  1.00  0.00  0.00  0.00  0.00  0.00
  6                       1.00   0.00  0.00  0.00  0.00  1.00  0.00  0.00  0.00  0.00
  7                       1.00   0.00  0.00  0.00  1.00  0.00  0.00  0.00  0.00  0.00
  Brunn_Teich_L           1.00   0.00  0.00  0.00  1.00  0.00  0.00  0.00  0.00  0.00
  9                       1.00   0.00  0.00  0.00  0.00  1.00  0.00  0.00  0.00  0.00
  12                      1.00   0.00  0.00  0.00  1.00  0.00  0.00  0.00  0.00  0.00
  15                      1.00   0.00  0.00  0.00  1.00  0.00  0.00  0.00  0.00  0.00
  18                      1.00   0.00  0.00  0.00  1.00  0.00  0.00  0.00  0.00  0.00
  19                      1.00   0.00  0.00  0.00  1.00  0.00  0.00  0.00  0.00  0.00
  20                      1.00   0.00  0.00  0.00  1.00  0.00  0.00  0.00  0.00  0.00
  21                      1.00   0.00  0.00  0.00  1.00  0.00  0.00  0.00  0.00  0.00
  Hooliloch_L             1.00   0.00  0.00  0.00  1.00  0.00  0.00  0.00  0.00  0.00
  23                      1.00   0.00  0.00  0.00  0.00  1.00  0.00  0.00  0.00  0.00
  25                      1.00   0.00  0.00  0.00  1.00  0.00  0.00  0.00  0.00  0.00
  28                      1.00   0.00  0.00  0.00  0.00  1.00  0.00  0.00  1.00  0.00
  29                      1.00   0.00  0.00  0.00  1.00  0.00  0.00  0.00  1.00  0.00
  31                      1.00   0.00  1.00  0.00  0.00  0.00  0.00  0.00  0.00  0.00
  33                      1.00   0.00  0.00  0.00  1.00  0.00  0.00  0.00  0.00  0.00
  37                      1.00   0.00  0.00  0.00  1.00  0.00  0.00  0.00  0.00  0.00
  SS3_L                   1.00   0.00  0.00  0.00  0.00  1.00  0.00  0.00  1.00  0.00
  40                      1.00   0.00  0.00  0.00  1.00  0.00  0.00  0.00  0.00  0.00
  SS6_L                   1.00   0.00  0.00  0.00  0.00  1.00  0.00  0.00  1.00  0.00
  1                       1.00   0.00  1.00  0.00  0.00  0.00  0.00  0.00  0.00  0.00
  2                       1.00   1.00  0.00  0.00  0.00  0.00  0.00  0.00  0.00  0.00
  3                       1.00   0.00  0.00  0.00  0.00  1.00  0.00  0.00  1.00  0.00
  10                      1.00   0.00  0.00  0.00  1.00  0.00  0.00  0.00  0.00  0.00
  13                      1.00   0.00  0.00  0.00  1.00  0.00  0.00  0.00  0.00  0.00
  22                      1.00   0.00  0.00  0.00  1.00  0.00  0.00  0.00  0.00  0.00
  24                      1.00   0.00  0.00  0.00  1.00  0.00  0.00  0.00  0.00  0.00
  30                      1.00   0.00  0.00  0.00  1.00  0.00  0.00  0.00  0.00  0.00
  34                      1.00   0.00  0.00  0.00  1.00  0.00  0.00  0.00  0.00  0.00
  36                      1.00   0.00  0.00  0.00  0.00  1.00  0.00  0.00  0.00  0.00
  38                      1.00   0.00  0.00  0.00  1.00  0.00  0.00  0.00  1.00  0.00
  48                      1.00   0.00  0.00  0.00  1.00  0.00  0.00  0.00  1.00  0.00
  54                      1.00   0.00  1.00  0.00  0.00  0.00  0.00  0.00  0.00  0.00
  68                      1.00   0.00  0.00  0.00  1.00  0.00  0.00  0.00  1.00  0.00
  73                      1.00   0.00  0.00  0.00  1.00  0.00  0.00  0.00  0.00  0.00
  TWT1                    1.00   0.00  0.00  0.00  0.00  1.00  0.00  0.00  0.00  0.00
  TWT2                    1.00   0.00  0.00  0.00  0.00  1.00  0.00  0.00  0.00  0.00
  1_1_b_3                 1.00   0.00  0.00  0.00  0.00  1.00  0.00  0.00  0.00  0.00
  TWT3                    1.00   0.00  1.00  0.00  0.00  0.00  0.00  0.00  0.00  0.00
  TWT4                    1.00   0.00  1.00  0.00  0.00  0.00  0.00  0.00  0.00  0.00
  1_2_b_                  1.00   1.00  0.00  0.00  0.00  0.00  0.00  0.00  0.00  0.00
  1_2_b_1                 1.00   0.00  0.00  0.00  0.00  1.00  0.00  0.00  0.00  0.00
  1_2_b_2                 1.00   0.00  0.00  0.00  1.00  0.00  0.00  0.00  1.00  0.00
  TWT5                    1.00   0.00  0.00  0.00  0.00  1.00  0.00  0.00  0.00  0.00
  1_4_a                   1.00   0.00  0.00  0.00  0.00  1.00  0.00  0.00  1.00  0.00
  TWT6                    1.00   0.00  0.00  0.00  1.00  0.00  0.00  0.00  0.00  0.00
  1_4_b                   1.00   0.00  0.00  0.00  1.00  0.00  0.00  0.00  0.00  0.00
  1_4_b_1                 1.00   0.00  0.00  0.00  1.00  0.00  0.00  0.00  0.00  0.00
  TWT7                    1.00   0.00  0.00  0.00  1.00  0.00  0.00  0.00  1.00  0.00
  1_5_a                   1.00   0.00  0.00  0.00  1.00  0.00  0.00  0.00  1.00  0.00
  
  
  *************************
  Conduit Surcharge Summary
  *************************
  
  ----------------------------------------------------------------------------
                                                           Hours        Hours 
                         --------- Hours Full --------   Above Full   Capacity
  Conduit                Both Ends  Upstream  Dnstream   Normal Flow   Limited
  ----------------------------------------------------------------------------
  Brunn_Fassung_L             0.01      0.01     24.00      0.01         0.01
  11                         23.98     23.98     23.99      0.02         0.01
  14                         23.99     23.99     24.00     23.99         0.01
  16                         24.00     24.00     24.00     23.99        23.99
  17                         24.00     24.00     24.00      0.01         0.01
  26                         23.99     24.00     23.99      0.01         0.01
  27                         23.99     23.99     23.99      0.01         0.01
  Schuettstein_L              0.01      0.01     23.98      0.01         0.01
  Brunnmuehle_L              24.00     24.00     24.00      0.01         0.01
  46                         24.00     24.00     24.00     23.97         0.01
  47                         24.00     24.00     24.00     24.00        24.00
  50                         23.98     23.98     23.99      0.01         0.01
  51                         23.98     23.98     24.00      0.01         0.01
  53                         24.00     24.00     24.00      0.01         0.01
  61                         23.99     23.99     23.99      0.01         0.01
  63                          0.01     23.96      0.01      0.01         0.01
  66                          0.01     23.96      0.01     23.95         0.01
  67                         23.99     23.99     24.00      0.01         0.01
  Amont_L                    24.00     24.00     24.00     24.00         0.01
  69                          0.01      0.01     24.00      0.01         0.01
  70                          0.01      0.01     24.00      0.01         0.01
  71                         23.97     23.97     23.99      0.01         0.01
  72                          0.01     23.97      0.01     23.97         0.01
  Sauser_L                    0.01      0.01     24.00      0.01         0.01
  75                          0.01     23.96      0.01      0.01         0.01
  Entw_Sto_L                 23.96     23.97     23.96     23.96        23.96
  4                          23.96     23.96     23.97      0.01         0.01
  5                          23.97     23.97     24.00      0.01         0.01
  6                           0.01      0.01     24.00      0.01         0.01
  7                          23.99     23.99     24.00      0.01         0.01
  Brunn_Teich_L               0.01      0.01     23.99      0.01         0.01
  9                           0.01      0.01     23.99      0.01         0.01
  12                         23.97     23.97     23.97      0.01         0.01
  15                         23.98     23.98     23.98      0.01         0.01
  18                         23.97     23.97     23.97      0.01         0.01
  19                         23.96     23.96     23.97      0.01         0.01
  20                          0.01      0.01      0.01      0.01         0.01
  21                          0.01      0.01     23.95      0.01         0.01
  25                          0.01      0.01     23.99      0.01         0.01
  33                         23.94     23.94     23.95      0.01         0.01
  13                         23.99     23.99     24.00      0.01         0.01
  22                         23.99     23.99     24.00      0.01         0.01
  24                         23.95     23.95     24.00      0.01         0.01
  30                         23.95     23.95     24.00      0.01         0.01
  34                          0.01      0.01     23.99      0.01         0.01
  73                          0.01     23.93      0.01      0.01         0.01
  1_1_b_3                     0.01     23.98      0.01     23.98         0.01
  1_2_b_1                     0.01      0.01     23.99     23.99         0.01
  1_4_b                       0.01      0.01     23.92      0.01         0.01
  1_4_b_1                     0.01      0.01     24.00      0.01         0.01
  1_5_a                       0.01      0.01      0.01      0.01         0.01
  

  Analysis begun on:  Thu Aug 13 11:13:20 2026
  Analysis ended on:  Thu Aug 13 11:13:22 2026
  Total elapsed time: 00:00:02