
  EPA STORM WATER MANAGEMENT MODEL - VERSION 5.2 (Build 5.2.4)
  ------------------------------------------------------------

  Brunnmuehle (Twann) 
  WARNING 08: elevation drop exceeds length for Conduit SS3_L
  WARNING 08: elevation drop exceeds length for Conduit SS6_L
  WARNING 08: elevation drop exceeds length for Conduit 2
  WARNING 08: elevation drop exceeds length for Conduit 3
  WARNING 08: elevation drop exceeds length for Conduit 68
  WARNING 08: elevation drop exceeds length for Conduit 1_2_b_
  WARNING 08: elevation drop exceeds length for Conduit 1_2_b_2
  WARNING 08: elevation drop exceeds length for Conduit 1_4_b
  WARNING 08: elevation drop exceeds length for Conduit 1_5_a
  WARNING 04: minimum elevation drop used for Conduit 1_7_a
  WARNING 08: elevation drop exceeds length for Conduit 1_7_a_
  WARNING 08: elevation drop exceeds length for Conduit 1_7_a__
  WARNING 02: maximum depth increased for Node 2
  
  ****************
  Analysis Options
  ****************
  Flow Units ............... CMS
  Process Models:
    Rainfall/Runoff ........ NO
    RDII ................... NO
    Snowmelt ............... NO
    Groundwater ............ NO
    Flow Routing ........... YES
    Ponding Allowed ........ NO
    Water Quality .......... NO
  Flow Routing Method ...... DYNWAVE
  Surcharge Method ......... EXTRAN
  Starting Date ............ 01/01/2000 00:00:00
  Ending Date .............. 01/02/2000 00:00:00
  Antecedent Dry Days ...... 0.0
  Report Time Step ......... 01:00:00
  Routing Time Step ........ 0.50 sec
  Variable Time Step ....... YES
  Maximum Trials ........... 8
  Number of Threads ........ 1
  Head Tolerance ........... 0.001500 m
  
  
  **************************        Volume        Volume
  Flow Routing Continuity        hectare-m      10^6 ltr
  **************************     ---------     ---------
  Dry Weather Inflow .......         0.000         0.000
  Wet Weather Inflow .......         0.000         0.000
  Groundwater Inflow .......         0.000         0.000
  RDII Inflow ..............         0.000         0.000
  External Inflow ..........       207.725      2077.271
  External Outflow .........       197.339      1973.412
  Flooding Loss ............         0.000         0.000
  Evaporation Loss .........         0.000         0.000
  Exfiltration Loss ........         0.000         0.000
  Initial Stored Volume ....         0.057         0.565
  Final Stored Volume ......         0.533         5.334
  Continuity Error (%) .....         4.769
  
  
  *************************
  Highest Continuity Errors
  *************************
  Node Amont_Trappe (-454.89%)
  Node 2 (-381.11%)
  Node Aval_Trappe (-106.91%)
  Node TWT_Intersection_Sonsto_60+345 (96.78%)
  Node SonSto_F (73.06%)
  
  
  ***************************
  Time-Step Critical Elements
  ***************************
  Link 1_7_a_ (16556.96%)
  Link 20 (22.67%)
  Link 1_4_a (7.88%)
  Link 1_2_b_1 (4.71%)
  Link 1_7_a_1 (2.69%)
  
  
  ********************************
  Highest Flow Instability Indexes
  ********************************
  All links are stable.
  
  
  *********************************
  Most Frequent Nonconverging Nodes
  *********************************
  Node Brunnm_Fassung (55.04%)
  Node Brunnmuehle(Teich) (55.04%)
  Node Fensterstollen (55.04%)
  Node Gischeren (55.04%)
  Node Schuettstein (55.04%)
  
  
  *************************
  Routing Time Step Summary
  *************************
  Minimum Time Step           :     0.50 sec
  Average Time Step           :     0.50 sec
  Maximum Time Step           :     0.50 sec
  % of Time in Steady State   :    99.40
  Average Iterations per Step :     7.35
  % of Steps Not Converging   :    55.04
  Time Step Frequencies       :
      0.500 -  0.500 sec      :   100.00 %
      0.500 -  0.500 sec      :     0.00 %
      0.500 -  0.500 sec      :     0.00 %
      0.500 -  0.500 sec      :     0.00 %
      0.500 -  0.500 sec      :     0.00 %
  
  
  ******************
  Node Depth Summary
  ******************
  
  ---------------------------------------------------------------------------------
                                 Average  Maximum  Maximum  Time of Max    Reported
                                   Depth    Depth      HGL   Occurrence   Max Depth
  Node                 Type       Meters   Meters   Meters  days hr:min      Meters
  ---------------------------------------------------------------------------------
  9                    JUNCTION    48.68    63.69   502.19     0  00:00       48.70
  Holiloch_sonde       JUNCTION    43.30    57.50   497.50     0  00:00       43.33
  11                   JUNCTION    30.75    34.08   444.08     0  00:00       30.76
  13                   JUNCTION    68.22    71.93   509.93     0  00:00       68.24
  21                   JUNCTION    38.63    39.78   439.78     0  00:03       38.63
  SonSto_F             JUNCTION     0.26     0.43   438.23     0  00:08        0.26
  Sondierstollen       JUNCTION     0.00     0.00   440.80     0  00:00        0.00
  Aval_Trappe          JUNCTION     0.54     0.71   438.31     0  00:08        0.54
  30                   JUNCTION     0.63     0.63   437.93     0  00:08        0.63
  Gischeren_node       JUNCTION     3.85     3.86   480.36     0  00:08        3.86
  34                   JUNCTION    17.85    18.67   438.67     0  00:03       17.86
  38                   JUNCTION    19.02    19.85   439.85     0  00:03       19.03
  SS6                  JUNCTION     0.07     0.07   448.07     0  00:02        0.07
  40                   JUNCTION    21.21    23.24   442.24     0  00:01       21.21
  41                   JUNCTION    68.26    85.27   522.77     0  00:00       68.28
  SondeSchuettstein    JUNCTION    23.94    26.21   485.21     0  00:00       23.95
  SS4                  JUNCTION     0.08     0.08   448.08     0  00:08        0.08
  47                   JUNCTION    14.78    19.13   484.03     0  00:00       14.79
  48                   JUNCTION    11.40    13.31   484.31     0  00:00       11.40
  SondeGischeren       JUNCTION    15.34    15.38   480.38     0  00:08       15.38
  49                   JUNCTION    14.90    16.77   482.77     0  00:02       14.92
  50                   JUNCTION     8.73     8.76   471.76     0  00:08        8.76
  51                   JUNCTION    87.07    92.17   512.17     0  00:00       87.09
  Amont_C              JUNCTION    92.15   141.12   559.12     0  00:00       92.17
  52                   JUNCTION    15.83    31.84   488.84     0  00:03       15.86
  53                   JUNCTION    34.84    36.27   503.27     0  00:07       34.92
  54                   JUNCTION    35.77    37.51   500.51     0  00:07       35.94
  56                   JUNCTION     6.21     6.55   436.55     0  00:01        6.21
  2                    JUNCTION     0.38     0.40   438.40     0  00:08        0.38
  4                    JUNCTION     8.37     9.07   437.07     0  00:00        8.38
  5                    JUNCTION     6.38     6.41   478.91     0  00:02        6.39
  6                    JUNCTION    23.08    27.62   485.62     0  00:00       23.10
  7                    JUNCTION     3.87     3.89   478.89     0  00:02        3.87
  SS3                  JUNCTION     0.08     0.08   448.08     0  00:07        0.08
  SS5                  JUNCTION     0.63     0.63   439.53     0  00:07        0.63
  8                    JUNCTION     6.51     6.54   480.54     0  00:08        6.53
  10                   JUNCTION    12.89    14.81   482.81     0  00:02       12.91
  SonSto_SS5           JUNCTION     0.13     0.14   439.44     0  00:07        0.13
  SonSto_SS3           JUNCTION     0.11     0.11   439.81     0  00:07        0.11
  SonSto_SS4           JUNCTION     0.09     0.09   439.49     0  00:07        0.09
  Amont_Trappe         JUNCTION     0.38     0.71   438.41     0  00:08        0.38
  SonSto_SS6           JUNCTION     0.13     0.13   438.83     0  00:07        0.13
  SS2                  JUNCTION     0.00     0.00   448.00     0  00:00        0.00
  SonSto_SS2           JUNCTION     0.00     0.00   441.50     0  00:00        0.00
  12                   JUNCTION    26.87    34.22   483.22     0  00:00       26.88
  14                   JUNCTION    18.00    24.27   489.27     0  00:01       18.02
  15                   JUNCTION     0.43     0.43   472.43     0  00:03        0.43
  TWT_PointHaut_60+650 JUNCTION     0.18     0.21   438.71     0  00:04        0.18
  TWT_Fensterstollen_60+375 JUNCTION     0.94     0.96   438.26     0  00:08        0.94
  TWT_Acces_LT_60+110  JUNCTION     0.88     0.89   438.39     0  00:08        0.88
  TWT_Liaison_LT_59+738 JUNCTION     0.00     0.00   446.50     0  00:00        0.00
  Syst_Est_amont       JUNCTION    12.81   100.00   530.00     0  00:08       12.88
  Syst_Est_interm      JUNCTION    20.97    38.14   448.14     0  00:08       21.07
  TWT_Branche_Est_Sonsto_60+540 JUNCTION     0.46     0.54   438.94     0  00:01        0.46
  TWT_Intersection_Sonsto_60+345 JUNCTION     1.29     1.29   438.29     0  00:08        1.29
  TWT_Chrosweg_61+140  JUNCTION     0.16     0.16   432.16     0  00:08        0.16
  SonSto_F_sup         JUNCTION     0.05     0.05   448.05     0  00:03        0.05
  SonSto_porte         JUNCTION     0.00     0.00   438.50     0  00:00        0.00
  Brunnm_Fassung       OUTFALL      0.09     0.09   433.89     0  00:03        0.09
  Brunnmuehle(Teich)   OUTFALL      0.20     0.20   435.70     0  00:03        0.20
  Fensterstollen       OUTFALL      0.58     0.60   437.60     0  00:08        0.58
  Gischeren            OUTFALL      0.22     0.22   480.22     0  00:08        0.22
  Schuettstein         OUTFALL      0.28     0.28   477.83     0  00:02        0.28
  Holiloch             OUTFALL      1.89     1.91   478.41     0  00:02        1.89
  Sauserquelle         OUTFALL      0.26     0.27   435.82     0  00:01        0.26
  Entw_Stollen         OUTFALL      0.17     0.18   436.68     0  00:07        0.17
  Sous_lacustre        OUTFALL      0.10     0.10   429.30     0  00:03        0.10
  Sous_ecoul.          OUTFALL      0.00     0.00   433.00     0  00:03        0.00
  Syst_Est_aval        OUTFALL      0.47     0.49   429.49     0  00:08        0.47
  TWT_Portail_Est_61+665 OUTFALL      0.16     0.16   421.76     0  00:08        0.16
  
  
  *******************
  Node Inflow Summary
  *******************
  
  -------------------------------------------------------------------------------------------------
                                  Maximum  Maximum                  Lateral       Total        Flow
                                  Lateral    Total  Time of Max      Inflow      Inflow     Balance
                                   Inflow   Inflow   Occurrence      Volume      Volume       Error
  Node                 Type           CMS      CMS  days hr:min    10^6 ltr    10^6 ltr     Percent
  -------------------------------------------------------------------------------------------------
  9                    JUNCTION         0     17.8     0  00:00           0         980       0.012
  Holiloch_sonde       JUNCTION         0       16     0  00:00           0         928       0.008
  11                   JUNCTION         0    0.372     0  00:00           0        31.6      -0.000
  13                   JUNCTION         0     22.8     0  00:00           0     1.7e+03       0.015
  21                   JUNCTION         0    0.325     0  00:08           0          28      -0.001
  SonSto_F             JUNCTION         0     1.17     0  00:08           0        66.2     271.222
  Sondierstollen       JUNCTION         0        0     0  00:00           0           0       0.000 ltr
  Aval_Trappe          JUNCTION         0     5.67     0  00:08           0         169     -51.670
  30                   JUNCTION         0     9.32     0  00:08           0         803      13.872
  Gischeren_node       JUNCTION         0    0.594     0  00:06           0        48.2       0.129
  34                   JUNCTION         0    0.294     0  00:03           0        25.3      -0.001
  38                   JUNCTION         0    0.183     0  00:00           0        7.06      -0.001
  SS6                  JUNCTION         0    0.167     0  00:02           0        13.7       0.001
  40                   JUNCTION         0      2.6     0  00:02           0         222      -0.000
  41                   JUNCTION         0     5.72     0  00:00           0        61.1       0.024
  SondeSchuettstein    JUNCTION         0    0.949     0  00:00           0        61.1       0.019
  SS4                  JUNCTION         0    0.147     0  00:08           0        12.6       0.003
  47                   JUNCTION         0       13     0  00:00           0         914       0.004
  48                   JUNCTION         0    0.762     0  00:00           0        61.1       0.007
  SondeGischeren       JUNCTION         0    0.452     0  00:01           0        30.1       0.168
  49                   JUNCTION         0     1.13     0  00:01           0        13.7       0.399
  50                   JUNCTION         0    0.181     0  00:03           0        13.6       0.017
  51                   JUNCTION         0     40.1     0  00:00           0    1.98e+03      -0.001
  Amont_C              JUNCTION      22.9     46.8     0  00:00    1.98e+03    1.98e+03       0.013
  52                   JUNCTION         0    0.317     0  00:02           0          21       0.104
  53                   JUNCTION         0    0.528     0  00:00           0        15.7       0.079
  54                   JUNCTION         0    0.411     0  00:07           0        15.7       0.631
  56                   JUNCTION         0    0.613     0  00:01           0        50.3       0.000
  2                    JUNCTION         0     0.54     0  00:06           0        3.75     -79.215
  4                    JUNCTION         0    0.271     0  00:03           0        23.1       0.024
  5                    JUNCTION         0     11.6     0  00:00           0         914       0.028
  6                    JUNCTION         0       14     0  00:00           0         928       0.016
  7                    JUNCTION         0       11     0  00:02           0         914       0.031
  SS3                  JUNCTION         0    0.157     0  00:08           0        13.6       0.003
  SS5                  JUNCTION         0    0.331     0  00:07           0        28.4       0.018
  8                    JUNCTION         0    0.761     0  00:04           0        61.9       0.121
  10                   JUNCTION         0    0.905     0  00:02           0        13.7       0.106
  SonSto_SS5           JUNCTION         0    0.363     0  00:07           0        31.1       0.003
  SonSto_SS3           JUNCTION         0    0.157     0  00:08           0        13.6       0.006
  SonSto_SS4           JUNCTION         0    0.306     0  00:07           0        26.2       0.002
  Amont_Trappe         JUNCTION         0     1.59     0  00:08           0        13.5     -81.978
  SonSto_SS6           JUNCTION         0     0.53     0  00:07           0        44.8       0.003
  SS2                  JUNCTION         0        0     0  00:00           0           0       0.000 ltr
  SonSto_SS2           JUNCTION         0        0     0  00:00           0           0       0.000 ltr
  12                   JUNCTION         0    0.497     0  00:00           0        30.9       0.012
  14                   JUNCTION         0     2.55     0  00:01           0         180       0.025
  15                   JUNCTION         0    0.603     0  00:02           0        51.5       0.037
  TWT_PointHaut_60+650 JUNCTION         0        1     0  00:02           0        64.3      -3.108
  TWT_Fensterstollen_60+375 JUNCTION         0     9.64     0  00:03           0         598       9.979
  TWT_Acces_LT_60+110  JUNCTION         0     4.02     0  00:05           0         166     -36.011
  TWT_Liaison_LT_59+738 JUNCTION         0        0     0  00:00           0           0       0.000 ltr
  Syst_Est_amont       JUNCTION      1.15     1.15     0  00:00        98.9        98.9       0.130
  Syst_Est_interm      JUNCTION         0     1.21     0  00:04           0        98.8       0.413
  TWT_Branche_Est_Sonsto_60+540 JUNCTION         0     4.98     0  00:03           0         428       0.001
  TWT_Intersection_Sonsto_60+345 JUNCTION         0     5.52     0  00:02           0         260    3007.906
  TWT_Chrosweg_61+140  JUNCTION         0     0.88     0  00:05           0        66.4       2.277
  SonSto_F_sup         JUNCTION         0      0.6     0  00:03           0        51.4       0.001
  SonSto_porte         JUNCTION         0        0     0  00:00           0           0       0.000 ltr
  Brunnm_Fassung       OUTFALL          0   0.0275     0  00:03           0        2.26       0.000
  Brunnmuehle(Teich)   OUTFALL          0    0.268     0  00:03           0        22.6       0.000
  Fensterstollen       OUTFALL          0     8.86     0  00:08           0         705       0.000
  Gischeren            OUTFALL          0    0.559     0  00:08           0        48.1       0.000
  Schuettstein         OUTFALL          0    0.726     0  00:02           0        61.1       0.000
  Holiloch             OUTFALL          0     10.8     0  00:02           0         914       0.000
  Sauserquelle         OUTFALL          0    0.614     0  00:01           0        50.3       0.000
  Entw_Stollen         OUTFALL          0   0.0469     0  00:07           0        4.04       0.000
  Sous_lacustre        OUTFALL          0   0.0323     0  00:03           0         2.7       0.000
  Sous_ecoul.          OUTFALL          0   0.0059     0  00:03           0       0.484       0.000
  Syst_Est_aval        OUTFALL          0      1.2     0  00:08           0        98.4       0.000
  TWT_Portail_Est_61+665 OUTFALL          0    0.754     0  00:08           0        64.9       0.000
  
  
  **********************
  Node Surcharge Summary
  **********************
  
  Surcharging occurs when water rises above the top of the highest conduit.
  ---------------------------------------------------------------------
                                               Max. Height   Min. Depth
                                   Hours       Above Crown    Below Rim
  Node                 Type      Surcharged         Meters       Meters
  ---------------------------------------------------------------------
  9                    JUNCTION       23.99         61.888       36.312
  Holiloch_sonde       JUNCTION       23.99         55.596      142.504
  11                   JUNCTION       24.00         33.582      115.918
  13                   JUNCTION       23.99         68.927      328.073
  21                   JUNCTION       24.00         39.177      110.223
  34                   JUNCTION       24.00         18.067       81.333
  38                   JUNCTION       24.00         19.248      130.152
  40                   JUNCTION       24.00         19.240       76.760
  41                   JUNCTION       23.99         84.418      164.732
  SondeSchuettstein    JUNCTION       23.99         25.408        0.000
  47                   JUNCTION       23.99         17.232       80.868
  48                   JUNCTION       23.99         12.506       86.694
  SondeGischeren       JUNCTION       23.95         14.182       84.618
  49                   JUNCTION       23.97          8.769      183.231
  50                   JUNCTION       23.95          8.464      191.236
  51                   JUNCTION       24.00         88.168      307.832
  Amont_C              JUNCTION       24.00        138.121      258.879
  52                   JUNCTION       23.95         31.437       68.163
  53                   JUNCTION       23.98         31.270      163.730
  54                   JUNCTION       23.88         32.512      162.488
  56                   JUNCTION       24.00          5.548       93.452
  4                    JUNCTION       23.99          8.418       90.932
  5                    JUNCTION       23.97          1.412       43.588
  6                    JUNCTION       23.99         22.617      172.383
  8                    JUNCTION       23.89          1.539      193.461
  10                   JUNCTION       23.96          6.813      185.187
  12                   JUNCTION       23.99         33.868      165.782
  14                   JUNCTION       23.98         20.267      175.733
  Syst_Est_amont       JUNCTION       23.86         99.000        0.000
  Syst_Est_interm      JUNCTION       23.88         36.636       61.864
  
  
  *********************
  Node Flooding Summary
  *********************
  
  Flooding refers to all water that overflows a node, whether it ponds or not.
  --------------------------------------------------------------------------
                                                             Total   Maximum
                                 Maximum   Time of Max       Flood    Ponded
                        Hours       Rate    Occurrence      Volume     Depth
  Node                 Flooded       CMS   days hr:min    10^6 ltr    Meters
  --------------------------------------------------------------------------
  Syst_Est_amont          0.01     0.364      0  00:08       0.000     0.000
  
  
  ***********************
  Outfall Loading Summary
  ***********************
  
  -----------------------------------------------------------
                         Flow       Avg       Max       Total
                         Freq      Flow      Flow      Volume
  Outfall Node           Pcnt       CMS       CMS    10^6 ltr
  -----------------------------------------------------------
  Brunnm_Fassung        99.95    0.0261    0.0275       2.257
  Brunnmuehle(Teich)    99.95     0.262     0.268      22.584
  Fensterstollen        99.98      8.16      8.86     704.976
  Gischeren             99.51     0.559     0.559      48.088
  Schuettstein          99.95     0.707     0.726      61.084
  Holiloch              99.91      10.6      10.8     913.586
  Sauserquelle          99.98     0.583     0.614      50.329
  Entw_Stollen          99.92    0.0468    0.0469       4.037
  Sous_lacustre         99.99    0.0313    0.0323       2.702
  Sous_ecoul.           99.95   0.00561    0.0059       0.484
  Syst_Est_aval         99.50      1.14       1.2      98.383
  TWT_Portail_Est_61+665  99.95     0.752     0.754      64.892
  -----------------------------------------------------------
  System                99.88      22.9      22.9    1973.403
  
  
  ********************
  Link Flow Summary
  ********************
  
  -----------------------------------------------------------------------------
                                 Maximum  Time of Max   Maximum    Max/    Max/
                                  |Flow|   Occurrence   |Veloc|    Full    Full
  Link                 Type          CMS  days hr:min     m/sec    Flow   Depth
  -----------------------------------------------------------------------------
  Brunn_Fassung_L      CONDUIT    0.0275     0  00:03      1.23    0.46    0.74
  11                   CONDUIT        16     0  00:00      8.58    2.39    1.00
  14                   CONDUIT      17.8     0  00:00     12.34    9.68    1.00
  16                   CONDUIT     0.372     0  00:00      4.35    2.59    1.00
  17                   CONDUIT     0.184     0  00:00      0.65    0.31    1.00
  26                   CONDUIT      5.72     0  00:00     10.12    7.75    1.00
  27                   CONDUIT    0.0626     0  00:08      1.69    0.81    1.00
  Gischeren_L          CONDUIT     0.559     0  00:08      0.80    0.07    0.59
  Schuettstein_L       CONDUIT     0.726     0  00:02      4.39    0.62    0.78
  Brunnmuehle_L        CONDUIT     0.294     0  00:03      1.04    0.14    1.00
  32                   CONDUIT         0     0  00:00      0.00    0.00    0.00
  35                   CONDUIT     0.294     0  00:05      0.38    0.05    1.00
  45                   CONDUIT     0.528     0  00:07      5.22    0.00    0.09
  46                   CONDUIT     0.613     0  00:01      2.17    0.61    1.00
  47                   CONDUIT     0.136     0  00:00      3.59    8.50    1.00
  50                   CONDUIT     0.762     0  00:00      2.65    0.14    1.00
  51                   CONDUIT    0.0866     0  00:01      0.95    0.24    1.00
  53                   CONDUIT     0.183     0  00:00      1.10    0.93    1.00
  Fenster_L            CONDUIT      8.86     0  00:08      8.79    0.09    0.20
  58                   CONDUIT      4.21     0  00:08      5.24    0.05    0.22
  59                   CONDUIT     0.371     0  00:07      3.25    0.00    0.05
  61                   CONDUIT     0.949     0  00:00      4.66    1.34    1.00
  63                   CONDUIT     0.167     0  00:02      2.30    0.75    0.52
  66                   CONDUIT     0.181     0  00:03      2.82    2.38    1.00
  67                   CONDUIT      22.8     0  00:00      5.51    0.23    1.00
  Amont_L              CONDUIT      40.1     0  00:00      5.67    2.17    1.00
  69                   CONDUIT     0.317     0  00:02      2.69    1.24    1.00
  70                   CONDUIT     0.244     0  00:03      1.94    0.76    1.00
  71                   CONDUIT     0.528     0  00:00      2.32    0.93    1.00
  72                   CONDUIT     0.411     0  00:07      1.94    1.95    1.00
  Sauser_L             CONDUIT     0.614     0  00:01      1.17    0.16    0.63
  75                   CONDUIT     0.147     0  00:08      4.32    1.49    0.66
  Entw_Sto_L           CONDUIT    0.0469     0  00:07      1.85    1.08    1.00
  4                    CONDUIT    0.0348     0  00:07      1.30    1.55    1.00
  5                    CONDUIT   0.00886     0  00:05      0.37    0.32    1.00
  6                    CONDUIT    0.0323     0  00:03      1.29    0.48    0.75
  7                    CONDUIT     0.271     0  00:03      1.38    0.42    1.00
  Brunn_Teich_L        CONDUIT     0.268     0  00:03      1.17    0.20    0.65
  9                    CONDUIT    0.0059     0  00:03      1.48    0.00    0.50
  12                   CONDUIT      11.6     0  00:00      6.40    0.24    1.00
  15                   CONDUIT        14     0  00:00      6.82    0.36    1.00
  18                   CONDUIT        13     0  00:00      6.37    0.52    1.00
  19                   CONDUIT      1.13     0  00:01      1.47    1.07    1.00
  20                   CONDUIT      1.48     0  00:08      5.17    0.12    0.68
  21                   CONDUIT        11     0  00:02      1.12    0.07    0.89
  Hooliloch_L          CONDUIT      10.8     0  00:02      1.63    0.21    0.72
  23                   CONDUIT     0.157     0  00:08      3.36    0.98    0.63
  25                   CONDUIT     0.761     0  00:04      2.67    0.62    1.00
  28                   CONDUIT     0.159     0  00:07      2.42    0.00    0.03
  29                   CONDUIT    0.0316     0  00:07      0.64    0.00    0.04
  31                   CONDUIT     0.428     0  00:06      0.67    0.26    0.89
  33                   CONDUIT     0.905     0  00:02      0.85    0.34    1.00
  37                   CONDUIT     0.331     0  00:07      0.63    0.01    0.13
  SS3_L                CONDUIT     0.157     0  00:08      3.05    0.00    0.05
  40                   CONDUIT      1.56     0  00:08      2.12    0.01    0.13
  SS6_L                CONDUIT     0.167     0  00:02      4.11    0.00    0.05
  1                    CONDUIT         0     0  00:00      0.00    0.00    0.02
  2                    CONDUIT         0     0  00:00      0.00    0.00    0.00
  3                    CONDUIT     0.147     0  00:08      4.63    0.01    0.08
  10                   CONDUIT     0.274     0  00:07      0.58    0.00    0.12
  13                   CONDUIT     0.497     0  00:00      5.42    1.08    1.00
  22                   CONDUIT     0.362     0  00:00      3.76    0.90    1.00
  24                   CONDUIT      2.55     0  00:01      3.82    0.00    1.00
  30                   CONDUIT       2.1     0  00:02      2.92    0.88    1.00
  34                   CONDUIT     0.603     0  00:02      2.72    0.67    0.89
  36                   CONDUIT       0.6     0  00:03      6.01    0.64    0.44
  38                   CONDUIT     0.452     0  00:01      2.91    0.17    1.00
  48                   CONDUIT      1.21     0  00:04      2.64    0.81    1.00
  54                   CONDUIT       1.2     0  00:08      0.97    0.23    0.66
  68                   CONDUIT     0.249     0  00:03      8.81    0.00    0.08
  73                   CONDUIT         0     0  00:00      0.00    0.00    0.10
  TWT1                 CONDUIT     0.754     0  00:08      3.19    0.00    0.02
  TWT2                 CONDUIT      0.88     0  00:05      3.57    0.00    0.02
  TWT3                 CONDUIT         1     0  00:02      1.55    0.00    0.04
  TWT4                 CONDUIT      4.94     0  00:02      3.40    0.01    0.09
  1_2_b_               CONDUIT         0     0  00:00      0.00    0.00    0.09
  1_2_b_1              CONDUIT      2.59     0  00:02     19.02    9.98    1.00
  1_2_b_2              CONDUIT    0.0611     0  00:03      0.55    0.02    0.55
  TWT5                 CONDUIT      5.16     0  00:04      3.79    0.01    0.14
  1_4_a                CONDUIT      5.01     0  00:08      3.64    0.08    0.28
  TWT6                 CONDUIT      3.01     0  00:08      0.81    0.01    0.14
  1_4_b                CONDUIT         0     0  00:00      0.00    0.00    0.21
  1_4_b_1              CONDUIT      0.29     0  00:03      1.81    0.20    1.00
  1_4_b_2              CONDUIT      1.48     0  00:04     10.33   11.67    1.00
  TWT7                 CONDUIT         0     0  00:00      0.00    0.00    0.06
  1_5_a                CONDUIT         0     0  00:00      0.00    0.00    0.10
  1_7_a                CONDUIT      6.15     0  00:08      3.22    1.40    0.16
  1_7_a_               CONDUIT     0.289     0  00:03      2.97    0.02    0.55
  1_7_a__              CONDUIT      1.94     0  00:03     10.07    0.28    1.00
  1_7_a_1              CONDUIT      2.75     0  00:03     14.82   13.99    1.00
  1_8_a                CONDUIT     0.508     0  00:06      0.54    0.00    0.13
  
  
  ***************************
  Flow Classification Summary
  ***************************
  
  -------------------------------------------------------------------------------------
                      Adjusted    ---------- Fraction of Time in Flow Class ---------- 
                       /Actual         Up    Down  Sub   Sup   Up    Down  Norm  Inlet 
  Conduit               Length    Dry  Dry   Dry   Crit  Crit  Crit  Crit  Ltd   Ctrl  
  -------------------------------------------------------------------------------------
  Brunn_Fassung_L         1.00   0.00  0.00  0.00  0.00  1.00  0.00  0.00  0.00  0.00
  11                      1.00   0.00  0.00  0.00  1.00  0.00  0.00  0.00  0.00  0.00
  14                      1.00   0.00  0.00  0.00  1.00  0.00  0.00  0.00  0.00  0.00
  16                      1.00   0.00  0.00  0.00  1.00  0.00  0.00  0.00  0.00  0.00
  17                      1.00   0.00  0.00  0.00  1.00  0.00  0.00  0.00  0.00  0.00
  26                      1.00   0.00  0.00  0.00  1.00  0.00  0.00  0.00  0.00  0.00
  27                      1.00   0.00  0.00  0.00  1.00  0.00  0.00  0.00  0.00  0.00
  Gischeren_L             1.00   0.00  0.00  0.00  1.00  0.00  0.00  0.00  0.00  0.00
  Schuettstein_L          1.00   0.00  0.00  0.00  0.00  1.00  0.00  0.00  0.00  0.00
  Brunnmuehle_L           1.00   0.00  0.00  0.00  1.00  0.00  0.00  0.00  0.00  0.00
  32                      1.00   1.00  0.00  0.00  0.00  0.00  0.00  0.00  0.00  0.00
  35                      1.00   0.00  0.00  0.00  1.00  0.00  0.00  0.00  0.00  0.00
  45                      1.00   0.00  0.00  0.00  0.00  1.00  0.00  0.00  1.00  0.00
  46                      1.00   0.00  0.00  0.00  1.00  0.00  0.00  0.00  0.00  0.00
  47                      1.00   0.00  0.00  0.00  1.00  0.00  0.00  0.00  0.00  0.00
  50                      1.00   0.00  0.00  0.00  1.00  0.00  0.00  0.00  0.00  0.00
  51                      1.00   0.00  0.00  0.00  1.00  0.00  0.00  0.00  0.00  0.00
  53                      1.00   0.00  0.00  0.00  1.00  0.00  0.00  0.00  0.00  0.00
  Fenster_L               1.00   0.00  0.00  0.00  0.00  1.00  0.00  0.00  0.00  0.00
  58                      1.00   0.00  0.00  0.00  0.00  1.00  0.00  0.00  0.00  0.00
  59                      1.00   0.00  0.00  0.00  0.00  1.00  0.00  0.00  0.00  0.00
  61                      1.00   0.00  0.00  0.00  1.00  0.00  0.00  0.00  0.00  0.00
  63                      1.00   0.00  0.00  0.00  1.00  0.00  0.00  0.00  0.00  0.00
  66                      1.00   0.00  0.00  0.00  1.00  0.00  0.00  0.00  0.00  0.00
  67                      1.00   0.00  0.00  0.00  1.00  0.00  0.00  0.00  0.00  0.00
  Amont_L                 1.00   0.00  0.00  0.00  1.00  0.00  0.00  0.00  0.00  0.00
  69                      1.00   0.00  0.00  0.00  1.00  0.00  0.00  0.00  0.00  0.00
  70                      1.00   0.00  0.00  0.00  1.00  0.00  0.00  0.00  0.00  0.00
  71                      1.00   0.00  0.00  0.00  1.00  0.00  0.00  0.00  0.00  0.00
  72                      1.00   0.00  0.00  0.00  1.00  0.00  0.00  0.00  0.00  0.00
  Sauser_L                1.00   0.00  0.00  0.00  1.00  0.00  0.00  0.00  0.00  0.00
  75                      1.00   0.00  0.00  0.00  0.00  1.00  0.00  0.00  0.00  0.00
  Entw_Sto_L              1.00   0.00  0.00  0.00  1.00  0.00  0.00  0.00  0.00  0.00
  4                       1.00   0.00  0.00  0.00  1.00  0.00  0.00  0.00  0.00  0.00
  5                       1.00   0.00  0.00  0.00  1.00  0.00  0.00  0.00  0.00  0.00
  6                       1.00   0.00  0.00  0.00  0.00  1.00  0.00  0.00  0.00  0.00
  7                       1.00   0.00  0.00  0.00  1.00  0.00  0.00  0.00  0.00  0.00
  Brunn_Teich_L           1.00   0.00  0.00  0.00  1.00  0.00  0.00  0.00  0.00  0.00
  9                       1.00   0.00  0.00  0.00  0.00  1.00  0.00  0.00  0.00  0.00
  12                      1.00   0.00  0.00  0.00  1.00  0.00  0.00  0.00  0.00  0.00
  15                      1.00   0.00  0.00  0.00  1.00  0.00  0.00  0.00  0.00  0.00
  18                      1.00   0.00  0.00  0.00  1.00  0.00  0.00  0.00  0.00  0.00
  19                      1.00   0.00  0.00  0.00  1.00  0.00  0.00  0.00  0.00  0.00
  20                      1.00   0.00  0.00  0.00  1.00  0.00  0.00  0.00  0.00  0.00
  21                      1.00   0.00  0.00  0.00  1.00  0.00  0.00  0.00  0.00  0.00
  Hooliloch_L             1.00   0.00  0.00  0.00  1.00  0.00  0.00  0.00  0.00  0.00
  23                      1.00   0.00  0.00  0.00  0.00  1.00  0.00  0.00  0.00  0.00
  25                      1.00   0.00  0.00  0.00  1.00  0.00  0.00  0.00  0.00  0.00
  28                      1.00   0.00  0.00  0.00  0.00  1.00  0.00  0.00  0.00  0.00
  29                      1.00   0.00  0.00  0.00  1.00  0.00  0.00  0.00  1.00  0.00
  31                      1.00   0.00  0.00  0.00  1.00  0.00  0.00  0.00  0.00  0.00
  33                      1.00   0.00  0.00  0.00  1.00  0.00  0.00  0.00  0.00  0.00
  37                      1.00   0.00  0.00  0.00  1.00  0.00  0.00  0.00  0.00  0.00
  SS3_L                   1.00   0.00  0.00  0.00  0.00  1.00  0.00  0.00  1.00  0.00
  40                      1.00   0.00  0.00  0.00  1.00  0.00  0.00  0.00  0.00  0.00
  SS6_L                   1.00   0.00  0.00  0.00  0.00  1.00  0.00  0.00  1.00  0.00
  1                       1.00   0.00  1.00  0.00  0.00  0.00  0.00  0.00  0.00  0.00
  2                       1.00   1.00  0.00  0.00  0.00  0.00  0.00  0.00  0.00  0.00
  3                       1.00   0.00  0.00  0.00  0.00  1.00  0.00  0.00  1.00  0.00
  10                      1.00   0.00  0.00  0.00  1.00  0.00  0.00  0.00  1.00  0.00
  13                      1.00   0.00  0.00  0.00  1.00  0.00  0.00  0.00  0.00  0.00
  22                      1.00   0.00  0.00  0.00  1.00  0.00  0.00  0.00  0.00  0.00
  24                      1.00   0.00  0.00  0.00  1.00  0.00  0.00  0.00  0.00  0.00
  30                      1.00   0.00  0.00  0.00  1.00  0.00  0.00  0.00  0.00  0.00
  34                      1.00   0.00  0.00  0.00  0.00  1.00  0.00  0.00  0.00  0.00
  36                      1.00   0.00  0.00  0.00  0.00  1.00  0.00  0.00  0.00  0.00
  38                      1.00   0.00  0.00  0.00  1.00  0.00  0.00  0.00  0.00  0.00
  48                      1.00   0.00  0.00  0.00  1.00  0.00  0.00  0.00  0.00  0.00
  54                      1.00   0.00  0.01  0.00  0.99  0.00  0.00  0.00  0.00  0.00
  68                      1.00   0.00  0.00  0.00  0.00  1.00  0.00  0.00  1.00  0.00
  73                      1.00   0.00  1.00  0.00  0.00  0.00  0.00  0.00  0.00  0.00
  TWT1                    1.00   0.00  0.00  0.00  0.00  1.00  0.00  0.00  0.00  0.00
  TWT2                    1.00   0.00  0.00  0.00  0.00  1.00  0.00  0.00  0.00  0.00
  TWT3                    1.00   0.00  0.00  0.00  1.00  0.00  0.00  0.00  0.00  0.00
  TWT4                    1.00   0.00  0.00  0.00  1.00  0.00  0.00  0.00  1.00  0.00
  1_2_b_                  1.00   0.00  1.00  0.00  0.00  0.00  0.00  0.00  0.00  0.00
  1_2_b_1                 1.00   0.00  0.00  0.00  1.00  0.00  0.00  0.00  0.00  0.00
  1_2_b_2                 1.00   0.00  0.00  0.00  1.00  0.00  0.00  0.00  1.00  0.00
  TWT5                    1.00   0.00  0.00  0.00  1.00  0.00  0.00  0.00  0.00  0.00
  1_4_a                   1.00   0.00  0.00  0.00  1.00  0.00  0.00  0.00  0.00  0.00
  TWT6                    1.00   0.00  0.00  0.00  1.00  0.00  0.00  0.00  0.00  0.00
  1_4_b                   1.00   0.00  1.00  0.00  0.00  0.00  0.00  0.00  0.00  0.00
  1_4_b_1                 1.00   0.00  0.00  0.00  1.00  0.00  0.00  0.00  0.00  0.00
  1_4_b_2                 1.00   0.00  0.00  0.00  1.00  0.00  0.00  0.00  0.00  0.00
  TWT7                    1.00   0.00  1.00  0.00  0.00  0.00  0.00  0.00  0.00  0.00
  1_5_a                   1.00   0.00  1.00  0.00  0.00  0.00  0.00  0.00  0.00  0.00
  1_7_a                   1.00   0.00  0.00  0.00  0.00  1.00  0.00  0.00  0.00  0.00
  1_7_a_                  1.00   0.00  0.00  0.00  0.00  1.00  0.00  0.00  1.00  0.00
  1_7_a__                 1.00   0.00  0.00  0.00  0.00  1.00  0.00  0.00  0.00  0.00
  1_7_a_1                 1.00   0.00  0.00  0.00  0.00  1.00  0.00  0.00  0.00  0.00
  1_8_a                   1.00   0.00  0.00  0.00  1.00  0.00  0.00  0.00  0.00  0.00
  
  
  *************************
  Conduit Surcharge Summary
  *************************
  
  ----------------------------------------------------------------------------
                                                           Hours        Hours 
                         --------- Hours Full --------   Above Full   Capacity
  Conduit                Both Ends  Upstream  Dnstream   Normal Flow   Limited
  ----------------------------------------------------------------------------
  Brunn_Fassung_L             0.01      0.01     24.00      0.01         0.01
  11                         23.99     23.99     23.99     23.99         0.01
  14                         23.99     23.99     24.00     23.99         0.01
  16                         24.00     24.00     24.00     23.99        23.99
  17                         24.00     24.00     24.00      0.01         0.01
  26                         23.99     24.00     23.99      0.01         0.01
  27                         23.88     23.88     23.97      0.01         0.01
  Gischeren_L                 0.01      0.01     23.88      0.01         0.01
  Schuettstein_L              0.01      0.01     23.99      0.01         0.01
  Brunnmuehle_L              24.00     24.00     24.00      0.01         0.01
  35                         23.90     23.90     23.95      0.01         0.01
  46                         24.00     24.00     24.00      0.01         0.01
  47                         24.00     24.00     24.00     24.00        24.00
  50                         23.99     23.99     23.99      0.01         0.01
  51                         23.98     23.98     24.00      0.01         0.01
  53                         24.00     24.00     24.00      0.01         0.01
  61                         23.99     23.99     23.99      0.04         0.01
  63                          0.01     23.98      0.01      0.01         0.01
  66                         23.95     23.98     23.95     23.97        23.95
  67                         23.99     23.99     24.00      0.01         0.01
  Amont_L                    24.00     24.00     24.00     24.00         0.01
  69                         23.95     23.95     24.00      0.03         0.01
  70                         23.95     23.95     24.00      0.01         0.01
  71                         23.99     23.99     23.99      0.01         0.01
  72                         23.88     23.98     23.88      0.10         0.01
  Sauser_L                    0.01      0.01     24.00      0.01         0.01
  75                          0.01     23.98      0.01     23.88         0.01
  Entw_Sto_L                  0.01     23.90      0.01     23.90         0.01
  4                          23.90     23.98     23.90     23.91        23.90
  5                          23.90     23.90     24.00      0.01         0.01
  6                           0.01      0.01     24.00      0.01         0.01
  7                          23.99     23.99     24.00      0.01         0.01
  Brunn_Teich_L               0.01      0.01     23.99      0.01         0.01
  9                           0.01      0.01     23.99      0.01         0.01
  12                         23.98     23.98     23.99      0.01         0.01
  15                         23.99     23.99     23.99      0.01         0.01
  18                         23.99     23.99     23.99      0.01         0.01
  19                         23.97     23.97     23.99      0.01         0.01
  21                          0.01      0.01     23.97      0.01         0.01
  23                          0.01     23.95      0.01      0.01         0.01
  25                         23.93     23.93     23.99      0.01         0.01
  31                          0.01      0.01     23.89      0.01         0.01
  33                         23.96     23.96     23.97      0.01         0.01
  13                         23.99     23.99     24.00      0.01         0.01
  22                         23.99     23.99     24.00      0.01         0.01
  24                         23.98     23.98     24.00      0.01         0.01
  30                         23.98     23.98     24.00      0.01         0.01
  34                          0.01      0.01     23.99      0.01         0.01
  38                         23.94     23.94     23.96      0.01         0.01
  48                         23.86     23.86     23.91      0.01         0.01
  54                          0.01      0.01     23.88      0.01         0.01
  1_2_b_1                    23.97     24.00     23.97     24.00        23.97
  1_2_b_2                     0.01      0.01     23.97      0.01         0.01
  1_4_b_1                    23.93     23.93     24.00      0.01         0.01
  1_4_b_2                    23.93     24.00     23.93     24.00        23.93
  1_7_a                       0.01      0.01      0.01     23.89         0.01
  1_7_a_                      0.01      0.01      0.01      0.01         0.01
  1_7_a__                     0.01      0.01     24.00      0.01         0.01
  1_7_a_1                     0.01      0.01     24.00     23.99         0.01
  

  Analysis begun on:  Mon Aug 17 10:17:57 2026
  Analysis ended on:  Mon Aug 17 10:18:00 2026
  Total elapsed time: 00:00:03