
  EPA STORM WATER MANAGEMENT MODEL - VERSION 5.2 (Build 5.2.4)
  ------------------------------------------------------------

  Brunnmuehle (Twann) 
  WARNING 08: elevation drop exceeds length for Conduit SS3_L
  WARNING 08: elevation drop exceeds length for Conduit SS6_L
  WARNING 08: elevation drop exceeds length for Conduit 2
  WARNING 08: elevation drop exceeds length for Conduit 3
  WARNING 08: elevation drop exceeds length for Conduit 68
  WARNING 08: elevation drop exceeds length for Conduit 1_2_b_
  WARNING 08: elevation drop exceeds length for Conduit 1_2_b_2
  WARNING 08: elevation drop exceeds length for Conduit 1_2_b_3
  WARNING 08: elevation drop exceeds length for Conduit 1_4_b
  WARNING 08: elevation drop exceeds length for Conduit 1_5_a
  WARNING 08: elevation drop exceeds length for Conduit 1_6_b_1
  WARNING 04: minimum elevation drop used for Conduit 1_7_a
  WARNING 08: elevation drop exceeds length for Conduit 1_7_a_
  WARNING 08: elevation drop exceeds length for Conduit 1_7_a__
  WARNING 02: maximum depth increased for Node 2
  
  ****************
  Analysis Options
  ****************
  Flow Units ............... CMS
  Process Models:
    Rainfall/Runoff ........ NO
    RDII ................... NO
    Snowmelt ............... NO
    Groundwater ............ NO
    Flow Routing ........... YES
    Ponding Allowed ........ NO
    Water Quality .......... NO
  Flow Routing Method ...... DYNWAVE
  Surcharge Method ......... EXTRAN
  Starting Date ............ 01/01/2000 00:00:00
  Ending Date .............. 01/02/2000 00:00:00
  Antecedent Dry Days ...... 0.0
  Report Time Step ......... 01:00:00
  Routing Time Step ........ 0.50 sec
  Variable Time Step ....... YES
  Maximum Trials ........... 8
  Number of Threads ........ 1
  Head Tolerance ........... 0.001500 m
  
  
  **************************        Volume        Volume
  Flow Routing Continuity        hectare-m      10^6 ltr
  **************************     ---------     ---------
  Dry Weather Inflow .......         0.000         0.000
  Wet Weather Inflow .......         0.000         0.000
  Groundwater Inflow .......         0.000         0.000
  RDII Inflow ..............         0.000         0.000
  External Inflow ..........       207.725      2077.272
  External Outflow .........       197.212      1972.141
  Flooding Loss ............         0.000         0.000
  Evaporation Loss .........         0.000         0.000
  Exfiltration Loss ........         0.000         0.000
  Initial Stored Volume ....         0.056         0.564
  Final Stored Volume ......         0.431         4.310
  Continuity Error (%) .....         4.879
  
  
  *************************
  Highest Continuity Errors
  *************************
  Node 30 (-194.00%)
  Node TWT_Acces_LT_60+110 (100.00%)
  Node TWT_Intersection_Sonsto_60+345 (36.84%)
  Node TWT_Fensterstollen_60+375 (30.94%)
  Node 54 (25.80%)
  
  
  ***************************
  Time-Step Critical Elements
  ***************************
  Link 1_7_a_ (21537.62%)
  Link 20 (34.75%)
  Link 1_8_a (22.25%)
  
  
  ********************************
  Highest Flow Instability Indexes
  ********************************
  All links are stable.
  
  
  *********************************
  Most Frequent Nonconverging Nodes
  *********************************
  Node Brunnm_Fassung (66.38%)
  Node Brunnmuehle(Teich) (66.38%)
  Node Fensterstollen (66.38%)
  Node Gischeren (66.38%)
  Node Schuettstein (66.38%)
  
  
  *************************
  Routing Time Step Summary
  *************************
  Minimum Time Step           :     0.50 sec
  Average Time Step           :     0.50 sec
  Maximum Time Step           :     0.50 sec
  % of Time in Steady State   :    99.54
  Average Iterations per Step :     7.34
  % of Steps Not Converging   :    66.38
  Time Step Frequencies       :
      0.500 -  0.500 sec      :   100.00 %
      0.500 -  0.500 sec      :     0.00 %
      0.500 -  0.500 sec      :     0.00 %
      0.500 -  0.500 sec      :     0.00 %
      0.500 -  0.500 sec      :     0.00 %
  
  
  ******************
  Node Depth Summary
  ******************
  
  ---------------------------------------------------------------------------------
                                 Average  Maximum  Maximum  Time of Max    Reported
                                   Depth    Depth      HGL   Occurrence   Max Depth
  Node                 Type       Meters   Meters   Meters  days hr:min      Meters
  ---------------------------------------------------------------------------------
  9                    JUNCTION    53.61    68.60   507.10     0  00:00       53.63
  Holiloch_sonde       JUNCTION    46.07    64.08   504.08     0  00:00       46.10
  11                   JUNCTION    29.24    30.41   440.41     0  00:00       29.24
  13                   JUNCTION    83.53    87.72   525.72     0  00:00       83.56
  21                   JUNCTION    38.50    40.15   440.15     0  00:02       38.51
  SonSto_F             JUNCTION     0.13     0.14   437.94     0  00:06        0.13
  Sondierstollen       JUNCTION     0.00     0.00   440.80     0  00:00        0.00
  Aval_Trappe          JUNCTION     0.32     0.35   437.95     0  00:06        0.32
  30                   JUNCTION     0.47     0.50   437.80     0  00:06        0.47
  Gischeren_node       JUNCTION     3.97     3.98   480.48     0  00:06        3.98
  34                   JUNCTION    17.75    19.17   439.17     0  00:02       17.76
  38                   JUNCTION    18.63    20.11   440.11     0  00:02       18.63
  SS6                  JUNCTION     0.07     0.07   448.07     0  00:02        0.07
  40                   JUNCTION    21.03    23.70   442.70     0  00:01       21.03
  41                   JUNCTION    83.31    94.79   532.29     0  00:00       83.34
  SondeSchuettstein    JUNCTION    26.16    28.27   487.27     0  00:00       26.17
  SS4                  JUNCTION     0.06     0.06   448.06     0  00:01        0.06
  47                   JUNCTION    15.50    20.89   485.79     0  00:00       15.51
  48                   JUNCTION    13.29    15.09   486.09     0  00:00       13.30
  SondeGischeren       JUNCTION    15.49    15.52   480.52     0  00:06       15.52
  49                   JUNCTION    16.42    18.48   484.48     0  00:02       16.43
  50                   JUNCTION     8.84     8.86   471.86     0  00:06        8.86
  51                   JUNCTION   102.36   108.04   528.04     0  00:00      102.39
  Amont_C              JUNCTION   107.45   141.12   559.12     0  00:00      107.47
  52                   JUNCTION    23.40    46.68   503.68     0  00:02       23.44
  53                   JUNCTION    36.27    43.72   510.72     0  00:00       36.28
  54                   JUNCTION     0.69     0.69   463.69     0  00:06        0.69
  56                   JUNCTION     6.20     6.46   436.46     0  00:01        6.20
  2                    JUNCTION     0.01     0.01   438.01     0  00:01        0.01
  4                    JUNCTION     8.34     9.09   437.09     0  00:00        8.35
  5                    JUNCTION     6.66     6.71   479.21     0  00:02        6.67
  6                    JUNCTION    24.60    31.21   489.21     0  00:00       24.62
  7                    JUNCTION     4.14     4.18   479.18     0  00:02        4.14
  SS3                  JUNCTION     0.08     0.08   448.08     0  00:06        0.08
  SS5                  JUNCTION     0.59     0.60   439.50     0  00:06        0.60
  8                    JUNCTION     6.73     6.76   480.76     0  00:06        6.74
  10                   JUNCTION    14.39    16.52   484.52     0  00:02       14.41
  SonSto_SS5           JUNCTION     0.12     0.12   439.42     0  00:06        0.12
  SonSto_SS3           JUNCTION     0.11     0.11   439.81     0  00:05        0.11
  SonSto_SS4           JUNCTION     0.08     0.08   439.48     0  00:06        0.08
  Amont_Trappe         JUNCTION     0.23     0.26   437.96     0  00:06        0.23
  SonSto_SS6           JUNCTION     0.12     0.13   438.83     0  00:03        0.12
  SS2                  JUNCTION     0.00     0.00   448.00     0  00:00        0.00
  SonSto_SS2           JUNCTION     0.00     0.00   441.50     0  00:00        0.00
  12                   JUNCTION    34.94    41.35   490.35     0  00:00       34.95
  14                   JUNCTION    27.72    35.53   500.53     0  00:01       27.74
  15                   JUNCTION     0.51     0.52   472.52     0  00:02        0.51
  TWT_PointHaut_60+749 JUNCTION     0.18     0.18   438.68     0  00:04        0.18
  TWT_Fensterstollen_60+375 JUNCTION     0.74     0.77   438.07     0  00:06        0.74
  TWT_Acces_LT_60+110  JUNCTION     0.49     0.49   437.99     0  00:06        0.49
  TWT_Liaison_LT_59+738 JUNCTION     0.00     0.00   446.50     0  00:00        0.00
  Syst_Est_amont       JUNCTION    10.13    22.08   452.08     0  00:06       10.17
  Syst_Est_interm      JUNCTION    21.35    86.60   496.60     0  00:06       21.44
  TWT_Branche_Est_Sonsto_60+540 JUNCTION     0.46     0.56   438.96     0  00:01        0.46
  TWT_Intersection_Sonsto_60+345 JUNCTION     0.92     1.11   438.11     0  00:05        0.92
  TWT_Chrosweg_61+140  JUNCTION     0.14     0.14   432.14     0  00:06        0.14
  SonSto_F_sup         JUNCTION     0.05     0.05   448.05     0  00:02        0.05
  SonSto_porte         JUNCTION     0.00     0.00   438.50     0  00:00        0.00
  Brunnm_Fassung       OUTFALL      0.09     0.09   433.89     0  00:02        0.09
  Brunnmuehle(Teich)   OUTFALL      0.19     0.20   435.70     0  00:02        0.19
  Fensterstollen       OUTFALL      0.48     0.49   437.49     0  00:06        0.48
  Gischeren            OUTFALL      0.25     0.25   480.25     0  00:06        0.25
  Schuettstein         OUTFALL      0.32     0.33   477.88     0  00:02        0.32
  Holiloch             OUTFALL      2.06     2.08   478.58     0  00:02        2.06
  Sauserquelle         OUTFALL      0.26     0.27   435.82     0  00:01        0.26
  Entw_Stollen         OUTFALL      0.01     0.01   436.51     0  00:01        0.01
  Sous_lacustre        OUTFALL      0.10     0.10   429.30     0  00:02        0.10
  Sous_ecoul.          OUTFALL      0.00     0.00   433.00     0  00:02        0.00
  Syst_Est_aval        OUTFALL      0.39     0.57   429.57     0  00:06        0.39
  TWT_Portail_Est_61+665 OUTFALL      0.14     0.14   421.74     0  00:06        0.14
  CentraleVentilation_1C OUTFALL      0.29     0.29   454.29     0  00:06        0.29
  
  
  *******************
  Node Inflow Summary
  *******************
  
  -------------------------------------------------------------------------------------------------
                                  Maximum  Maximum                  Lateral       Total        Flow
                                  Lateral    Total  Time of Max      Inflow      Inflow     Balance
                                   Inflow   Inflow   Occurrence      Volume      Volume       Error
  Node                 Type           CMS      CMS  days hr:min    10^6 ltr    10^6 ltr     Percent
  -------------------------------------------------------------------------------------------------
  9                    JUNCTION         0     20.5     0  00:00           0    1.22e+03       0.012
  Holiloch_sonde       JUNCTION         0       18     0  00:00           0    1.16e+03       0.011
  11                   JUNCTION         0    0.419     0  00:00           0        35.4      -0.011
  13                   JUNCTION         0     22.8     0  00:00           0    1.67e+03       0.010
  21                   JUNCTION         0    0.325     0  00:02           0        27.4       0.013
  SonSto_F             JUNCTION         0    0.746     0  00:06           0        63.7      -0.049
  Sondierstollen       JUNCTION         0        0     0  00:00           0           0       0.000 ltr
  Aval_Trappe          JUNCTION         0     1.65     0  00:06           0         137      -1.788
  30                   JUNCTION         0     5.73     0  00:06           0         164     -65.986
  Gischeren_node       JUNCTION         0    0.796     0  00:05           0        64.2       0.123
  34                   JUNCTION         0    0.296     0  00:02           0        24.7       0.005
  38                   JUNCTION         0     0.17     0  00:00           0        4.19      -0.044
  SS6                  JUNCTION         0    0.175     0  00:02           0        14.3       0.004
  40                   JUNCTION         0      2.9     0  00:02           0         247       0.006
  41                   JUNCTION         0     5.99     0  00:00           0        76.4      -0.001
  SondeSchuettstein    JUNCTION         0     1.08     0  00:00           0        76.4       0.034
  SS4                  JUNCTION         0   0.0817     0  00:01           0        6.75       0.014
  47                   JUNCTION         0     14.5     0  00:00           0    1.14e+03      -0.013
  48                   JUNCTION         0        1     0  00:00           0        76.4       0.002
  SondeGischeren       JUNCTION         0    0.552     0  00:02           0        37.3       0.197
  49                   JUNCTION         0     1.22     0  00:01           0        14.3       1.046
  50                   JUNCTION         0    0.182     0  00:02           0        13.6       0.026
  51                   JUNCTION         0     40.1     0  00:00           0    1.98e+03       0.001
  Amont_C              JUNCTION      22.9     46.8     0  00:00    1.98e+03    1.98e+03       0.016
  52                   JUNCTION         0    0.367     0  00:02           0        23.2       0.095
  53                   JUNCTION         0    0.615     0  00:00           0        32.2       0.030
  54                   JUNCTION         0    0.373     0  00:06           0        32.2      34.764
  56                   JUNCTION         0    0.613     0  00:01           0        49.3      -0.000
  2                    JUNCTION         0   0.0197     0  00:05           0        1.68      -0.050
  4                    JUNCTION         0    0.273     0  00:02           0        22.5       0.025
  5                    JUNCTION         0     13.8     0  00:02           0    1.14e+03       0.077
  6                    JUNCTION         0     16.1     0  00:00           0    1.16e+03       0.002
  7                    JUNCTION         0     14.3     0  00:01           0    1.14e+03      -0.014
  SS3                  JUNCTION         0    0.158     0  00:06           0        13.6      -0.001
  SS5                  JUNCTION         0    0.262     0  00:06           0        22.6       0.009
  8                    JUNCTION         0    0.949     0  00:03           0        77.9       0.048
  10                   JUNCTION         0     1.01     0  00:01           0        14.2      -0.704
  SonSto_SS5           JUNCTION         0    0.287     0  00:06           0        24.7      -0.001
  SonSto_SS3           JUNCTION         0    0.158     0  00:06           0        13.6       0.016
  SonSto_SS4           JUNCTION         0    0.236     0  00:06           0        20.4       0.009
  Amont_Trappe         JUNCTION         0    0.719     0  00:04           0        60.5      -3.478
  SonSto_SS6           JUNCTION         0    0.452     0  00:06           0          39       0.004
  SS2                  JUNCTION         0        0     0  00:00           0           0       0.000 ltr
  SonSto_SS2           JUNCTION         0        0     0  00:00           0           0       0.000 ltr
  12                   JUNCTION         0    0.518     0  00:00           0        34.3       0.009
  14                   JUNCTION         0     2.99     0  00:01           0         200       0.022
  15                   JUNCTION         0    0.712     0  00:02           0        59.8       0.021
  TWT_PointHaut_60+749 JUNCTION         0     1.65     0  00:06           0         118      98.566
  TWT_Fensterstollen_60+375 JUNCTION         0     6.56     0  00:06           0         409      44.812
  TWT_Acces_LT_60+110  JUNCTION         0     2.34     0  00:05           0         139109854266.034
  TWT_Liaison_LT_59+738 JUNCTION         0        0     0  00:00           0           0       0.000 ltr
  Syst_Est_amont       JUNCTION      1.15     1.49     0  00:04        98.9          99       0.028
  Syst_Est_interm      JUNCTION         0     1.49     0  00:05           0        67.8       1.082
  TWT_Branche_Est_Sonsto_60+540 JUNCTION         0     5.24     0  00:06           0         452       0.046
  TWT_Intersection_Sonsto_60+345 JUNCTION         0     5.07     0  00:02           0         218      58.337
  TWT_Chrosweg_61+140  JUNCTION         0    0.688     0  00:06           0        59.3      28.323
  SonSto_F_sup         JUNCTION         0    0.697     0  00:02           0        59.8       0.001
  SonSto_porte         JUNCTION         0        0     0  00:00           0           0       0.000 ltr
  Brunnm_Fassung       OUTFALL          0   0.0281     0  00:02           0        2.22       0.000
  Brunnmuehle(Teich)   OUTFALL          0    0.271     0  00:02           0          22       0.000
  Fensterstollen       OUTFALL          0     5.76     0  00:06           0         483       0.000
  Gischeren            OUTFALL          0    0.745     0  00:06           0        64.1       0.000
  Schuettstein         OUTFALL          0    0.913     0  00:02           0        76.4       0.000
  Holiloch             OUTFALL          0     13.6     0  00:02           0    1.14e+03       0.000
  Sauserquelle         OUTFALL          0    0.609     0  00:01           0        49.3       0.000
  Entw_Stollen         OUTFALL          0 0.000135     0  00:01           0       0.011       0.000
  Sous_lacustre        OUTFALL          0   0.0326     0  00:02           0        2.68       0.000
  Sous_ecoul.          OUTFALL          0  0.00604     0  00:02           0       0.482       0.000
  Syst_Est_aval        OUTFALL          0     1.63     0  00:06           0        67.1       0.000
  TWT_Portail_Est_61+665 OUTFALL          0    0.537     0  00:06           0        46.2       0.000
  CentraleVentilation_1C OUTFALL          0    0.182     0  00:06           0        15.7       0.000
  
  
  **********************
  Node Surcharge Summary
  **********************
  
  Surcharging occurs when water rises above the top of the highest conduit.
  ---------------------------------------------------------------------
                                               Max. Height   Min. Depth
                                   Hours       Above Crown    Below Rim
  Node                 Type      Surcharged         Meters       Meters
  ---------------------------------------------------------------------
  9                    JUNCTION       23.99         66.799       31.401
  Holiloch_sonde       JUNCTION       23.99         62.175      135.925
  11                   JUNCTION       24.00         29.912      119.588
  13                   JUNCTION       23.99         84.724      312.276
  21                   JUNCTION       24.00         39.553      109.847
  34                   JUNCTION       24.00         18.574       80.826
  38                   JUNCTION       24.00         19.506      129.894
  40                   JUNCTION       24.00         19.696       76.304
  41                   JUNCTION       23.99         93.936      155.214
  SondeSchuettstein    JUNCTION       23.99         27.469        0.000
  47                   JUNCTION       23.99         18.990       79.110
  48                   JUNCTION       23.99         14.290       84.910
  SondeGischeren       JUNCTION       23.96         14.322       84.478
  49                   JUNCTION       23.97         10.477      181.523
  50                   JUNCTION       23.96          8.565      191.135
  51                   JUNCTION       24.00        104.042      291.958
  Amont_C              JUNCTION       24.00        138.123      258.877
  52                   JUNCTION       23.96         46.279       53.321
  53                   JUNCTION       23.99         38.716      156.284
  56                   JUNCTION       24.00          5.455       93.545
  4                    JUNCTION       23.99          8.440       90.910
  5                    JUNCTION       23.98          1.710       43.290
  6                    JUNCTION       23.99         26.212      168.788
  8                    JUNCTION       23.91          1.761      193.239
  10                   JUNCTION       23.97          8.524      183.476
  12                   JUNCTION       23.99         40.999      158.651
  14                   JUNCTION       23.98         31.534      164.466
  Syst_Est_amont       JUNCTION       23.89         21.077       77.923
  Syst_Est_interm      JUNCTION       23.90         85.103       13.397
  
  
  *********************
  Node Flooding Summary
  *********************
  
  No nodes were flooded.
  
  
  ***********************
  Outfall Loading Summary
  ***********************
  
  -----------------------------------------------------------
                         Flow       Avg       Max       Total
                         Freq      Flow      Flow      Volume
  Outfall Node           Pcnt       CMS       CMS    10^6 ltr
  -----------------------------------------------------------
  Brunnm_Fassung        99.95    0.0257    0.0281       2.221
  Brunnmuehle(Teich)    99.95     0.255     0.271      22.018
  Fensterstollen        99.96      5.59      5.76     482.715
  Gischeren             99.62     0.745     0.745      64.146
  Schuettstein          99.95     0.884     0.913      76.369
  Holiloch              99.92      13.2      13.6    1143.176
  Sauserquelle          99.98      0.57     0.609      49.268
  Entw_Stollen          99.92  0.000127  0.000135       0.011
  Sous_lacustre        100.00     0.031    0.0326       2.677
  Sous_ecoul.           99.95   0.00558   0.00604       0.482
  Syst_Est_aval         99.57      0.78      1.63      67.101
  TWT_Portail_Est_61+665  99.96     0.535     0.537      46.222
  CentraleVentilation_1C  99.96     0.182     0.182      15.727
  -----------------------------------------------------------
  System                99.90      22.8        23    1972.133
  
  
  ********************
  Link Flow Summary
  ********************
  
  -----------------------------------------------------------------------------
                                 Maximum  Time of Max   Maximum    Max/    Max/
                                  |Flow|   Occurrence   |Veloc|    Full    Full
  Link                 Type          CMS  days hr:min     m/sec    Flow   Depth
  -----------------------------------------------------------------------------
  Brunn_Fassung_L      CONDUIT    0.0281     0  00:02      1.25    0.46    0.74
  11                   CONDUIT        18     0  00:00      9.13    2.69    1.00
  14                   CONDUIT      20.5     0  00:00     13.88   11.15    1.00
  16                   CONDUIT     0.419     0  00:00      4.90    2.92    1.00
  17                   CONDUIT      0.17     0  00:00      0.60    0.29    1.00
  26                   CONDUIT      5.99     0  00:00     11.06    8.12    1.00
  27                   CONDUIT    0.0434     0  00:03      1.33    0.56    0.81
  Gischeren_L          CONDUIT     0.745     0  00:06      1.04    0.10    0.60
  Schuettstein_L       CONDUIT     0.913     0  00:02      5.23    0.78    0.83
  Brunnmuehle_L        CONDUIT     0.296     0  00:02      1.05    0.14    1.00
  32                   CONDUIT         0     0  00:00      0.00    0.00    0.00
  35                   CONDUIT     0.383     0  00:04      0.47    0.07    1.00
  45                   CONDUIT      0.46     0  00:06      5.39    0.00    0.04
  46                   CONDUIT     0.613     0  00:01      2.17    0.61    1.00
  47                   CONDUIT     0.151     0  00:00      3.97    9.41    1.00
  50                   CONDUIT         1     0  00:00      3.76    0.19    1.00
  51                   CONDUIT    0.0766     0  00:01      0.95    0.21    1.00
  53                   CONDUIT      0.17     0  00:00      1.03    0.87    1.00
  Fenster_L            CONDUIT      5.76     0  00:06      7.83    0.06    0.16
  58                   CONDUIT      1.67     0  00:06      3.15    0.02    0.14
  59                   CONDUIT     0.286     0  00:06      2.91    0.00    0.04
  61                   CONDUIT      1.08     0  00:00      5.47    1.53    1.00
  63                   CONDUIT     0.175     0  00:02      2.41    0.79    0.52
  66                   CONDUIT     0.182     0  00:02      2.79    2.40    1.00
  67                   CONDUIT      22.8     0  00:00      5.43    0.23    1.00
  Amont_L              CONDUIT      40.1     0  00:00      5.67    2.17    1.00
  69                   CONDUIT     0.367     0  00:02      3.09    1.44    1.00
  70                   CONDUIT     0.272     0  00:02      2.16    0.84    1.00
  71                   CONDUIT     0.615     0  00:00      2.75    1.09    1.00
  72                   CONDUIT     0.373     0  00:06      2.29    1.77    0.57
  Sauser_L             CONDUIT     0.609     0  00:01      1.16    0.15    0.63
  75                   CONDUIT    0.0817     0  00:01      2.82    0.83    0.62
  Entw_Sto_L           CONDUIT  0.000135     0  00:01      0.38    0.00    0.04
  4                    CONDUIT     0.017     0  00:01      1.32    0.76    0.52
  5                    CONDUIT   0.00332     0  00:05      0.25    0.12    0.52
  6                    CONDUIT    0.0326     0  00:02      1.30    0.49    0.75
  7                    CONDUIT     0.273     0  00:02      1.39    0.42    1.00
  Brunn_Teich_L        CONDUIT     0.271     0  00:02      1.18    0.21    0.65
  9                    CONDUIT   0.00604     0  00:02      1.52    0.00    0.50
  12                   CONDUIT      13.8     0  00:02      7.42    0.28    1.00
  15                   CONDUIT      16.1     0  00:00      7.75    0.42    1.00
  18                   CONDUIT      14.5     0  00:00      7.22    0.59    1.00
  19                   CONDUIT      1.22     0  00:01      1.61    1.16    1.00
  20                   CONDUIT     0.739     0  00:04      5.14    0.06    0.30
  21                   CONDUIT      14.3     0  00:01      1.27    0.09    0.92
  Hooliloch_L          CONDUIT      13.6     0  00:02      1.90    0.27    0.76
  23                   CONDUIT     0.158     0  00:06      3.37    0.99    0.63
  25                   CONDUIT     0.948     0  00:03      3.28    0.77    1.00
  28                   CONDUIT     0.158     0  00:06      2.46    0.00    0.03
  29                   CONDUIT    0.0244     0  00:06      0.61    0.00    0.03
  31                   CONDUIT     0.543     0  00:05      0.85    0.33    0.90
  33                   CONDUIT      1.01     0  00:01      0.93    0.38    1.00
  37                   CONDUIT     0.262     0  00:06      0.55    0.01    0.12
  SS3_L                CONDUIT     0.158     0  00:06      3.05    0.00    0.05
  40                   CONDUIT     0.719     0  00:04      2.26    0.00    0.05
  SS6_L                CONDUIT     0.175     0  00:02      4.20    0.00    0.05
  1                    CONDUIT         0     0  00:00      0.00    0.00    0.02
  2                    CONDUIT         0     0  00:00      0.00    0.00    0.00
  3                    CONDUIT    0.0816     0  00:01      3.91    0.01    0.07
  10                   CONDUIT     0.212     0  00:06      0.49    0.00    0.11
  13                   CONDUIT     0.518     0  00:00      6.15    1.12    1.00
  22                   CONDUIT     0.404     0  00:02      4.19    1.00    1.00
  24                   CONDUIT      2.99     0  00:01      4.51    0.00    1.00
  30                   CONDUIT      2.35     0  00:02      3.26    0.98    1.00
  34                   CONDUIT     0.712     0  00:02      3.07    0.80    0.97
  36                   CONDUIT     0.697     0  00:02      5.99    0.74    0.52
  38                   CONDUIT     0.552     0  00:02      3.13    0.21    1.00
  48                   CONDUIT      1.49     0  00:05      2.64    1.00    1.00
  54                   CONDUIT      1.63     0  00:06      1.24    0.31    0.70
  68                   CONDUIT     0.288     0  00:02      9.46    0.00    0.03
  73                   CONDUIT         0     0  00:00      0.00    0.00    0.00
  TWT1                 CONDUIT     0.537     0  00:06      2.85    0.00    0.02
  TWT2                 CONDUIT     0.688     0  00:06      3.26    0.00    0.02
  TWT3                 CONDUIT      1.07     0  00:02      1.66    0.00    0.04
  TWT4                 CONDUIT      5.18     0  00:02      3.88    0.01    0.08
  1_2_b_               CONDUIT         0     0  00:00      0.00    0.00    0.09
  1_2_b_2              CONDUIT    0.0713     0  00:02      1.28    0.02    0.55
  1_2_b_3              CONDUIT     0.524     0  00:01      3.22    0.39    1.00
  1_3_b_1              CONDUIT     0.646     0  00:06      4.56    0.52    0.68
  TWT5                 CONDUIT      4.72     0  00:02      3.18    0.01    0.11
  1_4_a                CONDUIT     0.946     0  00:06      1.05    0.01    0.19
  TWT6                 CONDUIT      2.32     0  00:05      0.99    0.01    0.09
  1_4_b                CONDUIT         0     0  00:00      0.00    0.00    0.19
  TWT7                 CONDUIT         0     0  00:00      0.00    0.00    0.03
  1_5_a                CONDUIT         0     0  00:00      0.00    0.00    0.00
  1_6_b_1              CONDUIT     0.365     0  00:02      2.43    0.23    1.00
  1_7_a                CONDUIT      4.07     0  00:06      2.88    0.93    0.13
  1_7_a_               CONDUIT     0.338     0  00:02      3.34    0.02    0.55
  1_7_a__              CONDUIT      1.82     0  00:01      9.45    0.27    1.00
  1_7_a_1              CONDUIT      3.16     0  00:01     17.32   16.06    1.00
  1_8_a                CONDUIT    0.0195     0  00:05      4.81    0.00    0.05
  CV_1C_to_54          CONDUIT     0.182     0  00:06      1.10    0.98    0.79
  
  
  ***************************
  Flow Classification Summary
  ***************************
  
  -------------------------------------------------------------------------------------
                      Adjusted    ---------- Fraction of Time in Flow Class ---------- 
                       /Actual         Up    Down  Sub   Sup   Up    Down  Norm  Inlet 
  Conduit               Length    Dry  Dry   Dry   Crit  Crit  Crit  Crit  Ltd   Ctrl  
  -------------------------------------------------------------------------------------
  Brunn_Fassung_L         1.00   0.00  0.00  0.00  0.00  1.00  0.00  0.00  0.00  0.00
  11                      1.00   0.00  0.00  0.00  1.00  0.00  0.00  0.00  0.00  0.00
  14                      1.00   0.00  0.00  0.00  1.00  0.00  0.00  0.00  0.00  0.00
  16                      1.00   0.00  0.00  0.00  1.00  0.00  0.00  0.00  0.00  0.00
  17                      1.00   0.00  0.00  0.00  1.00  0.00  0.00  0.00  0.00  0.00
  26                      1.00   0.00  0.00  0.00  1.00  0.00  0.00  0.00  0.00  0.00
  27                      1.00   0.00  0.00  0.00  1.00  0.00  0.00  0.00  0.00  0.00
  Gischeren_L             1.00   0.00  0.00  0.00  1.00  0.00  0.00  0.00  0.00  0.00
  Schuettstein_L          1.00   0.00  0.00  0.00  0.00  1.00  0.00  0.00  0.00  0.00
  Brunnmuehle_L           1.00   0.00  0.00  0.00  1.00  0.00  0.00  0.00  0.00  0.00
  32                      1.00   1.00  0.00  0.00  0.00  0.00  0.00  0.00  0.00  0.00
  35                      1.00   0.00  0.00  0.00  1.00  0.00  0.00  0.00  0.00  0.00
  45                      1.00   0.00  0.00  0.00  0.00  1.00  0.00  0.00  1.00  0.00
  46                      1.00   0.00  0.00  0.00  1.00  0.00  0.00  0.00  0.00  0.00
  47                      1.00   0.00  0.00  0.00  1.00  0.00  0.00  0.00  0.00  0.00
  50                      1.00   0.00  0.00  0.00  1.00  0.00  0.00  0.00  0.00  0.00
  51                      1.00   0.00  0.00  0.00  1.00  0.00  0.00  0.00  0.00  0.00
  53                      1.00   0.00  0.00  0.00  1.00  0.00  0.00  0.00  0.00  0.00
  Fenster_L               1.00   0.00  0.00  0.00  0.00  1.00  0.00  0.00  0.00  0.00
  58                      1.00   0.00  0.00  0.00  0.00  1.00  0.00  0.00  0.00  0.00
  59                      1.00   0.00  0.00  0.00  0.00  1.00  0.00  0.00  1.00  0.00
  61                      1.00   0.00  0.00  0.00  1.00  0.00  0.00  0.00  0.00  0.00
  63                      1.00   0.00  0.00  0.00  1.00  0.00  0.00  0.00  0.00  0.00
  66                      1.00   0.00  0.00  0.00  1.00  0.00  0.00  0.00  0.00  0.00
  67                      1.00   0.00  0.00  0.00  1.00  0.00  0.00  0.00  0.00  0.00
  Amont_L                 1.00   0.00  0.00  0.00  1.00  0.00  0.00  0.00  0.00  0.00
  69                      1.00   0.00  0.00  0.00  1.00  0.00  0.00  0.00  0.00  0.00
  70                      1.00   0.00  0.00  0.00  1.00  0.00  0.00  0.00  0.00  0.00
  71                      1.00   0.00  0.00  0.00  1.00  0.00  0.00  0.00  0.00  0.00
  72                      1.00   0.00  0.00  0.00  1.00  0.00  0.00  0.00  0.00  0.00
  Sauser_L                1.00   0.00  0.00  0.00  1.00  0.00  0.00  0.00  0.00  0.00
  75                      1.00   0.00  0.00  0.00  0.00  1.00  0.00  0.00  0.00  0.00
  Entw_Sto_L              1.00   0.00  0.00  0.00  0.00  1.00  0.00  0.00  0.00  0.00
  4                       1.00   0.00  0.00  0.00  0.00  1.00  0.00  0.00  0.00  0.00
  5                       1.00   0.00  0.00  0.00  1.00  0.00  0.00  0.00  0.00  0.00
  6                       1.00   0.00  0.00  0.00  0.00  1.00  0.00  0.00  0.00  0.00
  7                       1.00   0.00  0.00  0.00  1.00  0.00  0.00  0.00  0.00  0.00
  Brunn_Teich_L           1.00   0.00  0.00  0.00  1.00  0.00  0.00  0.00  0.00  0.00
  9                       1.00   0.00  0.00  0.00  0.00  1.00  0.00  0.00  0.00  0.00
  12                      1.00   0.00  0.00  0.00  1.00  0.00  0.00  0.00  0.00  0.00
  15                      1.00   0.00  0.00  0.00  1.00  0.00  0.00  0.00  0.00  0.00
  18                      1.00   0.00  0.00  0.00  1.00  0.00  0.00  0.00  0.00  0.00
  19                      1.00   0.00  0.00  0.00  1.00  0.00  0.00  0.00  0.00  0.00
  20                      1.00   0.00  0.00  0.00  0.00  1.00  0.00  0.00  0.00  0.00
  21                      1.00   0.00  0.00  0.00  1.00  0.00  0.00  0.00  0.00  0.00
  Hooliloch_L             1.00   0.00  0.00  0.00  1.00  0.00  0.00  0.00  0.00  0.00
  23                      1.00   0.00  0.00  0.00  0.00  1.00  0.00  0.00  0.00  0.00
  25                      1.00   0.00  0.00  0.00  1.00  0.00  0.00  0.00  0.00  0.00
  28                      1.00   0.00  0.00  0.00  0.00  1.00  0.00  0.00  0.00  0.00
  29                      1.00   0.00  0.00  0.00  1.00  0.00  0.00  0.00  1.00  0.00
  31                      1.00   0.00  0.00  0.00  1.00  0.00  0.00  0.00  0.00  0.00
  33                      1.00   0.00  0.00  0.00  1.00  0.00  0.00  0.00  0.00  0.00
  37                      1.00   0.00  0.00  0.00  1.00  0.00  0.00  0.00  0.00  0.00
  SS3_L                   1.00   0.00  0.00  0.00  0.00  1.00  0.00  0.00  1.00  0.00
  40                      1.00   0.00  0.00  0.00  1.00  0.00  0.00  0.00  0.00  0.00
  SS6_L                   1.00   0.00  0.00  0.00  0.00  1.00  0.00  0.00  1.00  0.00
  1                       1.00   0.00  1.00  0.00  0.00  0.00  0.00  0.00  0.00  0.00
  2                       1.00   1.00  0.00  0.00  0.00  0.00  0.00  0.00  0.00  0.00
  3                       1.00   0.00  0.00  0.00  0.00  1.00  0.00  0.00  1.00  0.00
  10                      1.00   0.00  0.00  0.00  1.00  0.00  0.00  0.00  1.00  0.00
  13                      1.00   0.00  0.00  0.00  1.00  0.00  0.00  0.00  0.00  0.00
  22                      1.00   0.00  0.00  0.00  1.00  0.00  0.00  0.00  0.00  0.00
  24                      1.00   0.00  0.00  0.00  1.00  0.00  0.00  0.00  0.00  0.00
  30                      1.00   0.00  0.00  0.00  1.00  0.00  0.00  0.00  0.00  0.00
  34                      1.00   0.00  0.00  0.00  1.00  0.00  0.00  0.00  0.00  0.00
  36                      1.00   0.00  0.00  0.00  0.00  1.00  0.00  0.00  0.00  0.00
  38                      1.00   0.00  0.00  0.00  1.00  0.00  0.00  0.00  0.00  0.00
  48                      1.00   0.00  0.00  0.00  1.00  0.00  0.00  0.00  0.00  0.00
  54                      1.00   0.00  0.00  0.00  1.00  0.00  0.00  0.00  0.00  0.00
  68                      1.00   0.00  0.00  0.00  0.00  1.00  0.00  0.00  1.00  0.00
  73                      1.00   0.00  1.00  0.00  0.00  0.00  0.00  0.00  0.00  0.00
  TWT1                    1.00   0.00  0.00  0.00  0.00  1.00  0.00  0.00  0.00  0.00
  TWT2                    1.00   0.00  0.00  0.00  0.00  1.00  0.00  0.00  0.00  0.00
  TWT3                    1.00   0.00  0.00  0.00  0.00  1.00  0.00  0.00  0.00  0.00
  TWT4                    1.00   0.00  0.00  0.00  0.00  1.00  0.00  0.00  1.00  0.00
  1_2_b_                  1.00   0.00  1.00  0.00  0.00  0.00  0.00  0.00  0.00  0.00
  1_2_b_2                 1.00   0.00  0.00  0.00  1.00  0.00  0.00  0.00  1.00  0.00
  1_2_b_3                 1.00   0.00  0.00  0.00  1.00  0.00  0.00  0.00  0.00  0.00
  1_3_b_1                 1.00   0.00  0.00  0.00  0.00  1.00  0.00  0.00  0.00  0.00
  TWT5                    1.00   0.00  0.00  0.00  1.00  0.00  0.00  0.00  0.00  0.00
  1_4_a                   1.00   0.00  0.00  0.00  1.00  0.00  0.00  0.00  0.00  0.00
  TWT6                    1.00   0.00  0.00  0.00  1.00  0.00  0.00  0.00  0.00  0.00
  1_4_b                   1.00   0.00  1.00  0.00  0.00  0.00  0.00  0.00  0.00  0.00
  TWT7                    1.00   0.00  1.00  0.00  0.00  0.00  0.00  0.00  0.00  0.00
  1_5_a                   1.00   0.00  1.00  0.00  0.00  0.00  0.00  0.00  0.00  0.00
  1_6_b_1                 1.00   0.00  0.00  0.00  1.00  0.00  0.00  0.00  0.00  0.00
  1_7_a                   1.00   0.00  0.00  0.00  1.00  0.00  0.00  0.00  0.00  0.00
  1_7_a_                  1.00   0.00  0.00  0.00  0.00  1.00  0.00  0.00  1.00  0.00
  1_7_a__                 1.00   0.00  0.00  0.00  0.00  1.00  0.00  0.00  0.00  0.00
  1_7_a_1                 1.00   0.00  0.00  0.00  0.00  1.00  0.00  0.00  0.00  0.00
  1_8_a                   1.00   0.00  0.00  0.00  1.00  0.00  0.00  0.00  1.00  0.00
  CV_1C_to_54             1.00   0.00  0.00  0.00  1.00  0.00  0.00  0.00  0.00  0.00
  
  
  *************************
  Conduit Surcharge Summary
  *************************
  
  ----------------------------------------------------------------------------
                                                           Hours        Hours 
                         --------- Hours Full --------   Above Full   Capacity
  Conduit                Both Ends  Upstream  Dnstream   Normal Flow   Limited
  ----------------------------------------------------------------------------
  Brunn_Fassung_L             0.01      0.01     24.00      0.01         0.01
  11                         23.99     23.99     23.99     23.99         0.01
  14                         23.99     23.99     24.00     23.99         0.01
  16                         24.00     24.00     24.00     23.99        23.99
  17                         24.00     24.00     24.00      0.01         0.01
  26                         23.99     24.00     23.99     23.99        23.99
  27                          0.01      0.01     23.96      0.01         0.01
  Gischeren_L                 0.01      0.01     23.91      0.01         0.01
  Schuettstein_L              0.01      0.01     23.99      0.01         0.01
  Brunnmuehle_L              24.00     24.00     24.00      0.01         0.01
  35                         23.93     23.93     23.96      0.01         0.01
  46                         24.00     24.00     24.00      0.01         0.01
  47                         24.00     24.00     24.00     24.00        24.00
  50                         23.99     23.99     23.99      0.01         0.01
  51                         23.98     23.98     23.99      0.01         0.01
  53                         24.00     24.00     24.00      0.01         0.01
  61                         23.99     23.99     23.99     23.99         0.01
  63                          0.01     23.98      0.01      0.01         0.01
  66                         23.96     23.98     23.96     23.98        23.96
  67                         23.99     23.99     24.00      0.01         0.01
  Amont_L                    24.00     24.00     24.00     24.00         0.01
  69                         23.96     23.96     24.00     23.98         0.01
  70                         23.96     23.96     24.00      0.01         0.01
  71                         23.99     23.99     23.99      0.01         0.01
  72                          0.01     23.99      0.01     23.99         0.01
  Sauser_L                    0.01      0.01     24.00      0.01         0.01
  75                          0.01     23.97      0.01      0.01         0.01
  4                           0.01     23.97      0.01      0.01         0.01
  5                           0.01      0.01     24.00      0.01         0.01
  6                           0.01      0.01     24.00      0.01         0.01
  7                          23.99     23.99     24.00      0.01         0.01
  Brunn_Teich_L               0.01      0.01     23.99      0.01         0.01
  9                           0.01      0.01     23.99      0.01         0.01
  12                         23.99     23.99     23.99      0.01         0.01
  15                         23.99     23.99     23.99      0.01         0.01
  18                         23.99     23.99     23.99      0.01         0.01
  19                         23.98     23.98     23.99      0.01         0.01
  21                          0.01      0.01     23.98      0.01         0.01
  Hooliloch_L                 0.01      0.01     23.97      0.01         0.01
  23                          0.01     23.96      0.01      0.01         0.01
  25                         23.94     23.94     23.99      0.01         0.01
  31                          0.01      0.01     23.91      0.01         0.01
  33                         23.97     23.97     23.97      0.01         0.01
  13                         23.99     23.99     24.00      0.01         0.01
  22                         23.99     23.99     24.00      0.01         0.01
  24                         23.98     23.98     24.00      0.01         0.01
  30                         23.98     23.98     24.00      0.01         0.01
  34                          0.01      0.01     23.99      0.01         0.01
  38                         23.95     23.95     23.96      0.01         0.01
  48                         23.89     23.89     23.92      0.01         0.01
  54                          0.01      0.01     23.90      0.01         0.01
  1_2_b_2                     0.01      0.01     23.95      0.01         0.01
  1_2_b_3                    23.95     23.95     24.00      0.01         0.01
  1_3_b_1                     0.01      0.01     23.98      0.01         0.01
  1_6_b_1                    23.96     23.96     24.00      0.01         0.01
  1_7_a_                      0.01      0.01      0.02      0.01         0.01
  1_7_a__                     0.02      0.02     24.00      0.01         0.01
  1_7_a_1                     0.02      0.02     24.00     24.00         0.01
  CV_1C_to_54                 0.01     23.92      0.01      0.01         0.01
  

  Analysis begun on:  Mon Oct  5 09:52:00 2026
  Analysis ended on:  Mon Oct  5 09:52:02 2026
  Total elapsed time: 00:00:02