
  EPA STORM WATER MANAGEMENT MODEL - VERSION 5.2 (Build 5.2.4)
  ------------------------------------------------------------

  Brunnmuehle (Twann) 
  WARNING 08: elevation drop exceeds length for Conduit SS3_L
  WARNING 08: elevation drop exceeds length for Conduit SS6_L
  WARNING 08: elevation drop exceeds length for Conduit 2
  WARNING 08: elevation drop exceeds length for Conduit 3
  WARNING 08: elevation drop exceeds length for Conduit 68
  WARNING 08: elevation drop exceeds length for Conduit 1_2_b_
  WARNING 08: elevation drop exceeds length for Conduit 1_2_b_2
  WARNING 08: elevation drop exceeds length for Conduit 1_4_b
  WARNING 08: elevation drop exceeds length for Conduit 1_5_a
  WARNING 04: minimum elevation drop used for Conduit 1_7_a
  WARNING 08: elevation drop exceeds length for Conduit 1_7_a_
  WARNING 08: elevation drop exceeds length for Conduit 1_7_a__
  WARNING 02: maximum depth increased for Node 2
  
  ****************
  Analysis Options
  ****************
  Flow Units ............... CMS
  Process Models:
    Rainfall/Runoff ........ NO
    RDII ................... NO
    Snowmelt ............... NO
    Groundwater ............ NO
    Flow Routing ........... YES
    Ponding Allowed ........ NO
    Water Quality .......... NO
  Flow Routing Method ...... DYNWAVE
  Surcharge Method ......... EXTRAN
  Starting Date ............ 01/01/2000 00:00:00
  Ending Date .............. 01/02/2000 00:00:00
  Antecedent Dry Days ...... 0.0
  Report Time Step ......... 01:00:00
  Routing Time Step ........ 0.50 sec
  Variable Time Step ....... YES
  Maximum Trials ........... 8
  Number of Threads ........ 1
  Head Tolerance ........... 0.001500 m
  
  
  **************************        Volume        Volume
  Flow Routing Continuity        hectare-m      10^6 ltr
  **************************     ---------     ---------
  Dry Weather Inflow .......         0.000         0.000
  Wet Weather Inflow .......         0.000         0.000
  Groundwater Inflow .......         0.000         0.000
  RDII Inflow ..............         0.000         0.000
  External Inflow ..........       133.343      1333.445
  External Outflow .........       126.897      1268.981
  Flooding Loss ............         0.000         0.000
  Evaporation Loss .........         0.000         0.000
  Exfiltration Loss ........         0.000         0.000
  Initial Stored Volume ....         0.056         0.562
  Final Stored Volume ......         0.499         4.991
  Continuity Error (%) .....         4.500
  
  
  *************************
  Highest Continuity Errors
  *************************
  Node TWT_Acces_LT_60+110 (-6729.71%)
  Node Syst_Est_interm (100.00%)
  Node 54 (53.19%)
  Node SondeGischeren (51.07%)
  Node SonSto_F (-47.97%)
  
  
  ***************************
  Time-Step Critical Elements
  ***************************
  Link 1_4_a (14533.45%)
  Link 1_7_a_ (39.53%)
  Link 1_4_a_1 (7.94%)
  Link 20 (4.65%)
  
  
  ********************************
  Highest Flow Instability Indexes
  ********************************
  All links are stable.
  
  
  *********************************
  Most Frequent Nonconverging Nodes
  *********************************
  Node Brunnm_Fassung (37.16%)
  Node Brunnmuehle(Teich) (37.16%)
  Node Fensterstollen (37.16%)
  Node Gischeren (37.16%)
  Node Schuettstein (37.16%)
  
  
  *************************
  Routing Time Step Summary
  *************************
  Minimum Time Step           :     0.50 sec
  Average Time Step           :     0.50 sec
  Maximum Time Step           :     0.50 sec
  % of Time in Steady State   :    99.31
  Average Iterations per Step :     5.29
  % of Steps Not Converging   :    37.16
  Time Step Frequencies       :
      0.500 -  0.500 sec      :   100.00 %
      0.500 -  0.500 sec      :     0.00 %
      0.500 -  0.500 sec      :     0.00 %
      0.500 -  0.500 sec      :     0.00 %
      0.500 -  0.500 sec      :     0.00 %
  
  
  ******************
  Node Depth Summary
  ******************
  
  ---------------------------------------------------------------------------------
                                 Average  Maximum  Maximum  Time of Max    Reported
                                   Depth    Depth      HGL   Occurrence   Max Depth
  Node                 Type       Meters   Meters   Meters  days hr:min      Meters
  ---------------------------------------------------------------------------------
  9                    JUNCTION    40.01    40.05   478.55     0  00:08       40.05
  Holiloch_sonde       JUNCTION    38.20    38.95   478.95     0  00:00       38.23
  11                   JUNCTION    44.19    44.38   454.38     0  00:08       44.21
  13                   JUNCTION    42.23    42.26   480.26     0  00:08       42.26
  21                   JUNCTION    40.11    40.41   440.41     0  00:08       40.13
  SonSto_F             JUNCTION     0.53     0.54   438.34     0  00:09        0.54
  Sondierstollen       JUNCTION     0.00     0.00   440.80     0  00:00        0.00
  Aval_Trappe          JUNCTION     0.65     0.81   438.41     0  00:09        0.66
  30                   JUNCTION     0.74     0.74   438.04     0  00:09        0.74
  Gischeren_node       JUNCTION     0.00     0.00   476.50     0  00:00        0.00
  34                   JUNCTION    18.93    19.14   439.14     0  00:08       18.94
  38                   JUNCTION    22.72    22.98   442.98     0  00:08       22.73
  SS6                  JUNCTION     0.07     0.07   448.07     0  00:09        0.07
  40                   JUNCTION    20.20    20.21   439.21     0  00:08       20.21
  41                   JUNCTION    42.69    42.73   480.23     0  00:08       42.72
  SondeSchuettstein    JUNCTION    19.37    20.81   479.81     0  00:01       19.39
  SS4                  JUNCTION     0.06     0.06   448.06     0  00:02        0.06
  47                   JUNCTION    13.03    13.05   477.95     0  00:08       13.04
  48                   JUNCTION     7.34     8.72   479.72     0  00:01        7.34
  SondeGischeren       JUNCTION     1.18     1.19   466.19     0  00:09        1.19
  49                   JUNCTION    11.88    11.92   477.92     0  00:03       11.90
  50                   JUNCTION     0.19     0.19   463.19     0  00:09        0.19
  51                   JUNCTION    60.59    60.62   480.62     0  00:08       60.62
  Amont_C              JUNCTION    63.85    87.54   505.54     0  00:00       63.88
  52                   JUNCTION     3.35     7.08   464.08     0  00:08        3.37
  53                   JUNCTION     6.73     8.45   475.45     0  00:02        6.74
  54                   JUNCTION     2.33     2.34   465.34     0  00:09        2.34
  56                   JUNCTION     6.12     6.16   436.16     0  00:01        6.12
  2                    JUNCTION     0.11     0.11   438.11     0  00:09        0.11
  4                    JUNCTION     8.64     8.99   436.99     0  00:00        8.64
  5                    JUNCTION     5.37     5.38   477.88     0  00:09        5.38
  6                    JUNCTION    20.03    20.05   478.05     0  00:08       20.05
  7                    JUNCTION     2.87     2.88   477.88     0  00:09        2.88
  SS3                  JUNCTION     0.06     0.06   448.06     0  00:09        0.06
  SS5                  JUNCTION     0.51     0.52   439.42     0  00:09        0.52
  8                    JUNCTION     0.18     0.18   474.18     0  00:09        0.18
  10                   JUNCTION     9.87     9.94   477.94     0  00:03        9.89
  SonSto_SS5           JUNCTION     0.09     0.09   439.39     0  00:09        0.09
  SonSto_SS3           JUNCTION     0.08     0.08   439.78     0  00:09        0.08
  SonSto_SS4           JUNCTION     0.07     0.07   439.47     0  00:09        0.07
  Amont_Trappe         JUNCTION     0.58     0.77   438.47     0  00:09        0.59
  SonSto_SS6           JUNCTION     0.10     0.10   438.80     0  00:09        0.10
  SS2                  JUNCTION     0.00     0.00   448.00     0  00:00        0.00
  SonSto_SS2           JUNCTION     0.00     0.00   441.50     0  00:00        0.00
  12                   JUNCTION    12.28    12.30   461.30     0  00:08       12.29
  14                   JUNCTION     1.95     1.95   466.95     0  00:09        1.95
  15                   JUNCTION     0.30     0.30   472.30     0  00:09        0.30
  TWT_PointHaut_60+650 JUNCTION     0.06     0.06   438.56     0  00:09        0.06
  TWT_Fensterstollen_60+375 JUNCTION     1.06     1.10   438.40     0  00:09        1.06
  TWT_Acces_LT_60+110  JUNCTION     0.96     0.98   438.48     0  00:08        0.96
  TWT_Liaison_LT_59+738 JUNCTION     0.00     0.00   450.60     0  00:00        0.00
  Syst_Est_amont       JUNCTION     0.50     0.52   430.52     0  00:03        0.50
  Syst_Est_interm      JUNCTION     1.34     1.34   411.34     0  00:09        1.34
  TWT_Branche_Est_Sonsto_60+540 JUNCTION     0.25     0.25   438.65     0  00:09        0.25
  TWT_Intersection_Sonsto_60+345 JUNCTION     1.45     1.46   438.46     0  00:09        1.46
  TWT_Chrosweg_61+140  JUNCTION     0.05     0.05   432.05     0  00:09        0.05
  SonSto_F_sup         JUNCTION     0.04     0.04   448.04     0  00:09        0.04
  SonSto_porte         JUNCTION     0.00     0.00   438.50     0  00:00        0.00
  Brunnm_Fassung       OUTFALL      0.10     0.10   433.90     0  00:08        0.10
  Brunnmuehle(Teich)   OUTFALL      0.22     0.22   435.72     0  00:08        0.22
  Fensterstollen       OUTFALL      0.65     0.66   437.66     0  00:09        0.66
  Gischeren            OUTFALL      0.00     0.00   480.00     0  00:00        0.00
  Schuettstein         OUTFALL      0.14     0.14   477.69     0  00:01        0.14
  Holiloch             OUTFALL      1.16     1.17   477.67     0  00:09        1.17
  Sauserquelle         OUTFALL      0.24     0.24   435.79     0  00:09        0.24
  Entw_Stollen         OUTFALL      0.11     0.11   436.61     0  00:09        0.11
  Sous_lacustre        OUTFALL      0.10     0.10   429.30     0  00:08        0.10
  Sous_ecoul.          OUTFALL      0.00     0.00   433.00     0  00:08        0.00
  Syst_Est_aval        OUTFALL      0.00     0.00   429.00     0  00:00        0.00
  TWT_Portail_Est_61+665 OUTFALL      0.03     0.03   421.63     0  00:09        0.03
  
  
  *******************
  Node Inflow Summary
  *******************
  
  -------------------------------------------------------------------------------------------------
                                  Maximum  Maximum                  Lateral       Total        Flow
                                  Lateral    Total  Time of Max      Inflow      Inflow     Balance
                                   Inflow   Inflow   Occurrence      Volume      Volume       Error
  Node                 Type           CMS      CMS  days hr:min    10^6 ltr    10^6 ltr     Percent
  -------------------------------------------------------------------------------------------------
  9                    JUNCTION         0     10.6     0  00:00           0         294       0.039
  Holiloch_sonde       JUNCTION         0     9.76     0  00:00           0         264       0.030
  11                   JUNCTION         0    0.231     0  00:08           0          20      -0.001
  13                   JUNCTION         0     14.8     0  00:00           0     1.1e+03       0.022
  21                   JUNCTION         0    0.398     0  00:08           0        34.3      -0.000
  SonSto_F             JUNCTION         0     1.28     0  00:09           0          37     -32.417
  Sondierstollen       JUNCTION         0        0     0  00:00           0           0       0.000 ltr
  Aval_Trappe          JUNCTION         0     7.65     0  00:09           0         572      -3.379
  30                   JUNCTION         0     11.8     0  00:09           0    1.01e+03      10.918
  Gischeren_node       JUNCTION         0        0     0  00:00           0           0       0.000 ltr
  34                   JUNCTION         0    0.364     0  00:08           0        31.3      -0.000
  38                   JUNCTION         0    0.217     0  00:01           0        18.2       0.000
  SS6                  JUNCTION         0    0.144     0  00:08           0        12.4       0.001
  40                   JUNCTION         0     1.57     0  00:09           0         135       0.000
  41                   JUNCTION         0     1.56     0  00:00           0        17.3       0.089
  SondeSchuettstein    JUNCTION         0    0.536     0  00:01           0        17.3       0.070
  SS4                  JUNCTION         0   0.0824     0  00:09           0        7.11       0.036
  47                   JUNCTION         0     5.55     0  00:01           0         252       0.014
  48                   JUNCTION         0     0.35     0  00:01           0        17.3       0.030
  SondeGischeren       JUNCTION         0    0.181     0  00:09           0        15.6     104.392
  49                   JUNCTION         0    0.831     0  00:02           0        12.5       0.447
  50                   JUNCTION         0   0.0884     0  00:09           0        7.63       0.615
  51                   JUNCTION         0     28.4     0  00:00           0    1.27e+03      -0.001
  Amont_C              JUNCTION      14.7     39.7     0  00:00    1.27e+03    1.27e+03       0.020
  52                   JUNCTION         0    0.215     0  00:07           0        16.1       0.136
  53                   JUNCTION         0    0.252     0  00:01           0        19.2       0.032
  54                   JUNCTION         0    0.223     0  00:09           0        19.2     113.640
  56                   JUNCTION         0    0.512     0  00:09           0        44.2       0.000
  2                    JUNCTION         0   0.0424     0  00:09           0        3.65      50.050
  4                    JUNCTION         0    0.334     0  00:08           0        28.7       0.020
  5                    JUNCTION         0     4.11     0  00:01           0         252       0.107
  6                    JUNCTION         0     6.88     0  00:00           0         264       0.055
  7                    JUNCTION         0     3.17     0  00:03           0         251       0.185
  SS3                  JUNCTION         0   0.0879     0  00:09           0        7.58       0.101
  SS5                  JUNCTION         0    0.152     0  00:09           0        13.1       0.241
  8                    JUNCTION         0    0.181     0  00:09           0        15.6       0.047
  10                   JUNCTION         0    0.561     0  00:03           0        12.5       0.132
  SonSto_SS5           JUNCTION         0    0.138     0  00:09           0        11.9       0.181
  SonSto_SS3           JUNCTION         0   0.0878     0  00:09           0        7.57       0.487
  SonSto_SS4           JUNCTION         0     0.17     0  00:09           0        14.6       0.085
  Amont_Trappe         JUNCTION         0      1.6     0  00:09           0        49.5     -14.708
  SonSto_SS6           JUNCTION         0    0.282     0  00:09           0        24.3       0.086
  SS2                  JUNCTION         0        0     0  00:00           0           0       0.000 ltr
  SonSto_SS2           JUNCTION         0        0     0  00:00           0           0       0.000 ltr
  12                   JUNCTION         0    0.311     0  00:01           0        24.3       0.015
  14                   JUNCTION         0     1.15     0  00:09           0        99.1       0.047
  15                   JUNCTION         0    0.342     0  00:09           0        29.5       0.046
  TWT_PointHaut_60+650 JUNCTION         0    0.105     0  00:09           0        9.04       2.076
  TWT_Fensterstollen_60+375 JUNCTION         0     9.72     0  00:09           0         759     -18.322
  TWT_Acces_LT_60+110  JUNCTION         0     3.65     0  00:05           0        1.04     -98.536
  TWT_Liaison_LT_59+738 JUNCTION         0        0     0  00:00           0           0       0.000 ltr
  Syst_Est_amont       JUNCTION     0.735    0.735     0  00:00        63.5        63.5       0.052
  Syst_Est_interm      JUNCTION         0    0.781     0  00:04           0        63.563464360.371 ltr
  TWT_Branche_Est_Sonsto_60+540 JUNCTION         0     1.21     0  00:09           0         105       0.119
  TWT_Intersection_Sonsto_60+345 JUNCTION         0     7.56     0  00:09           0         652      33.618
  TWT_Chrosweg_61+140  JUNCTION         0    0.103     0  00:09           0        8.86      26.426
  SonSto_F_sup         JUNCTION         0    0.342     0  00:09           0        29.5       0.002
  SonSto_porte         JUNCTION         0        0     0  00:00           0           0       0.000 ltr
  Brunnm_Fassung       OUTFALL          0   0.0308     0  00:08           0        2.63       0.000
  Brunnmuehle(Teich)   OUTFALL          0    0.328     0  00:08           0        28.2       0.000
  Fensterstollen       OUTFALL          0     10.6     0  00:09           0         913       0.000
  Gischeren            OUTFALL          0        0     0  00:00           0           0       0.000 ltr
  Schuettstein         OUTFALL          0    0.206     0  00:01           0        17.3       0.000
  Holiloch             OUTFALL          0     2.91     0  00:09           0         251       0.000
  Sauserquelle         OUTFALL          0    0.512     0  00:09           0        44.2       0.000
  Entw_Stollen         OUTFALL          0   0.0283     0  00:09           0        2.43       0.000
  Sous_lacustre        OUTFALL          0   0.0347     0  00:08           0        2.97       0.000
  Sous_ecoul.          OUTFALL          0  0.00588     0  00:08           0       0.503       0.000
  Syst_Est_aval        OUTFALL          0        0     0  00:00           0           0       0.000 ltr
  TWT_Portail_Est_61+665 OUTFALL          0   0.0815     0  00:09           0        7.01       0.000
  
  
  **********************
  Node Surcharge Summary
  **********************
  
  Surcharging occurs when water rises above the top of the highest conduit.
  ---------------------------------------------------------------------
                                               Max. Height   Min. Depth
                                   Hours       Above Crown    Below Rim
  Node                 Type      Surcharged         Meters       Meters
  ---------------------------------------------------------------------
  9                    JUNCTION       23.99         38.253       59.947
  Holiloch_sonde       JUNCTION       23.99         37.046      161.054
  11                   JUNCTION       24.00         43.923      105.617
  13                   JUNCTION       23.99         39.262      357.738
  21                   JUNCTION       24.00         39.808      109.592
  34                   JUNCTION       24.00         18.539       80.861
  38                   JUNCTION       24.00         22.380      127.020
  40                   JUNCTION       24.00         16.210       79.790
  41                   JUNCTION       23.99         41.876      207.274
  SondeSchuettstein    JUNCTION       23.98         20.012        0.000
  47                   JUNCTION       23.98         11.147       86.953
  48                   JUNCTION       23.97          7.921       91.279
  49                   JUNCTION       23.95          3.918      188.082
  51                   JUNCTION       24.00         56.620      339.380
  Amont_C              JUNCTION       24.00         84.542      312.458
  52                   JUNCTION       23.87          6.683       92.917
  53                   JUNCTION       23.96          3.453      191.547
  56                   JUNCTION       23.99          5.161       93.839
  4                    JUNCTION       23.99          8.340       91.010
  5                    JUNCTION       23.94          0.383       44.617
  6                    JUNCTION       23.98         15.053      179.947
  10                   JUNCTION       23.95          1.941      190.059
  12                   JUNCTION       23.98         11.947      187.703
  
  
  *********************
  Node Flooding Summary
  *********************
  
  No nodes were flooded.
  
  
  ***********************
  Outfall Loading Summary
  ***********************
  
  -----------------------------------------------------------
                         Flow       Avg       Max       Total
                         Freq      Flow      Flow      Volume
  Outfall Node           Pcnt       CMS       CMS    10^6 ltr
  -----------------------------------------------------------
  Brunnm_Fassung        99.94    0.0305    0.0308       2.633
  Brunnmuehle(Teich)    99.94     0.326     0.328      28.182
  Fensterstollen        99.97      10.6      10.6     912.944
  Gischeren              0.00         0         0       0.000
  Schuettstein          99.89       0.2     0.206      17.285
  Holiloch              99.80      2.91      2.91     250.806
  Sauserquelle          99.96     0.512     0.512      44.210
  Entw_Stollen          99.94    0.0282    0.0283       2.435
  Sous_lacustre        100.00    0.0344    0.0347       2.973
  Sous_ecoul.           99.94   0.00583   0.00588       0.503
  Syst_Est_aval          0.00         0         0       0.000
  TWT_Portail_Est_61+665  99.86    0.0812    0.0815       7.006
  -----------------------------------------------------------
  System                83.27      14.7      14.7    1268.975
  
  
  ********************
  Link Flow Summary
  ********************
  
  -----------------------------------------------------------------------------
                                 Maximum  Time of Max   Maximum    Max/    Max/
                                  |Flow|   Occurrence   |Veloc|    Full    Full
  Link                 Type          CMS  days hr:min     m/sec    Flow   Depth
  -----------------------------------------------------------------------------
  Brunn_Fassung_L      CONDUIT    0.0308     0  00:08      1.35    0.51    0.75
  11                   CONDUIT      9.76     0  00:00      5.52    1.46    1.00
  14                   CONDUIT      10.6     0  00:00      7.39    5.78    1.00
  16                   CONDUIT     0.231     0  00:08      2.70    1.61    1.00
  17                   CONDUIT     0.217     0  00:01      0.77    0.37    1.00
  26                   CONDUIT      1.56     0  00:00      2.77    2.11    1.00
  27                   CONDUIT    0.0728     0  00:09      1.92    0.94    1.00
  Gischeren_L          CONDUIT         0     0  00:00      0.00    0.00    0.00
  Schuettstein_L       CONDUIT     0.206     0  00:01      1.54    0.18    0.64
  Brunnmuehle_L        CONDUIT     0.364     0  00:08      1.29    0.17    1.00
  32                   CONDUIT         0     0  00:00      0.00    0.00    0.00
  35                   CONDUIT         0     0  00:00      0.00    0.00    0.50
  45                   CONDUIT     0.281     0  00:09      3.83    0.00    0.11
  46                   CONDUIT     0.512     0  00:09      1.81    0.51    1.00
  47                   CONDUIT     0.103     0  00:08      2.72    6.43    1.00
  50                   CONDUIT      0.35     0  00:01      1.26    0.07    1.00
  51                   CONDUIT    0.0327     0  00:03      0.34    0.09    1.00
  53                   CONDUIT     0.217     0  00:01      1.31    1.11    1.00
  Fenster_L            CONDUIT      10.6     0  00:09      9.13    0.10    0.23
  58                   CONDUIT      6.88     0  00:09      6.55    0.09    0.24
  59                   CONDUIT     0.138     0  00:09      2.11    0.00    0.03
  61                   CONDUIT     0.536     0  00:01      2.43    0.75    1.00
  63                   CONDUIT     0.144     0  00:08      2.01    0.65    0.52
  66                   CONDUIT    0.0884     0  00:09      1.42    1.16    0.82
  67                   CONDUIT      14.8     0  00:00      3.98    0.15    1.00
  Amont_L              CONDUIT      28.4     0  00:00      4.02    1.54    1.00
  69                   CONDUIT     0.215     0  00:07      1.82    0.84    1.00
  70                   CONDUIT     0.187     0  00:09      1.53    0.58    1.00
  71                   CONDUIT     0.252     0  00:01      1.12    0.44    1.00
  72                   CONDUIT     0.223     0  00:09      1.18    1.06    0.73
  Sauser_L             CONDUIT     0.512     0  00:09      1.00    0.13    0.62
  75                   CONDUIT    0.0824     0  00:09      2.81    0.84    0.63
  Entw_Sto_L           CONDUIT    0.0283     0  00:09      1.81    0.65    0.59
  4                    CONDUIT    0.0218     0  00:09      1.21    0.98    0.78
  5                    CONDUIT    0.0205     0  00:09      0.95    0.73    0.80
  6                    CONDUIT    0.0347     0  00:08      1.36    0.52    0.76
  7                    CONDUIT     0.334     0  00:08      1.70    0.51    1.00
  Brunn_Teich_L        CONDUIT     0.328     0  00:08      1.39    0.25    0.67
  9                    CONDUIT   0.00588     0  00:08      1.48    0.00    0.50
  12                   CONDUIT      4.11     0  00:01      2.59    0.08    1.00
  15                   CONDUIT      6.88     0  00:00      3.79    0.18    1.00
  18                   CONDUIT      5.55     0  00:01      3.10    0.22    1.00
  19                   CONDUIT     0.831     0  00:02      1.16    0.79    1.00
  20                   CONDUIT      1.37     0  00:07      2.84    0.11    0.79
  21                   CONDUIT      3.17     0  00:03      0.42    0.02    0.79
  Hooliloch_L          CONDUIT      2.91     0  00:09      0.89    0.06    0.51
  23                   CONDUIT    0.0879     0  00:09      3.13    0.55    0.42
  25                   CONDUIT     0.181     0  00:09      1.13    0.15    0.54
  28                   CONDUIT    0.0874     0  00:09      1.91    0.00    0.02
  29                   CONDUIT    0.0175     0  00:09      0.66    0.00    0.03
  31                   CONDUIT         0     0  00:00      0.00    0.00    0.02
  33                   CONDUIT     0.561     0  00:03      0.75    0.21    1.00
  37                   CONDUIT      0.12     0  00:09      0.33    0.00    0.10
  SS3_L                CONDUIT    0.0878     0  00:09      2.55    0.00    0.03
  40                   CONDUIT       1.6     0  00:09      1.28    0.01    0.15
  SS6_L                CONDUIT     0.144     0  00:09      3.90    0.00    0.04
  1                    CONDUIT         0     0  00:00      0.00    0.00    0.01
  2                    CONDUIT         0     0  00:00      0.00    0.00    0.00
  3                    CONDUIT    0.0824     0  00:09      4.26    0.01    0.06
  10                   CONDUIT     0.152     0  00:09      1.03    0.00    0.10
  13                   CONDUIT     0.311     0  00:01      3.45    0.67    1.00
  22                   CONDUIT     0.282     0  00:08      2.93    0.70    1.00
  24                   CONDUIT      1.15     0  00:09      2.14    0.00    0.74
  30                   CONDUIT      1.15     0  00:09      2.14    0.48    0.74
  34                   CONDUIT     0.342     0  00:09      1.74    0.38    0.77
  36                   CONDUIT     0.342     0  00:09      5.62    0.37    0.30
  38                   CONDUIT     0.181     0  00:09      2.24    0.07    0.59
  48                   CONDUIT     0.781     0  00:04      2.40    0.52    0.75
  54                   CONDUIT         0     0  00:00      0.00    0.00    0.45
  68                   CONDUIT     0.148     0  00:09      6.73    0.00    0.10
  73                   CONDUIT         0     0  00:00      0.00    0.00    0.03
  TWT1                 CONDUIT    0.0815     0  00:09      2.10    0.00    0.00
  TWT2                 CONDUIT     0.103     0  00:09      1.70    0.00    0.01
  TWT3                 CONDUIT     0.105     0  00:09      0.48    0.00    0.02
  TWT4                 CONDUIT      1.11     0  00:09      0.72    0.00    0.08
  1_2_b_               CONDUIT         0     0  00:00      0.00    0.00    0.04
  1_2_b_1              CONDUIT      2.01     0  00:05     11.32    7.74    1.00
  1_2_b_2              CONDUIT    0.0339     0  00:09      0.32    0.01    0.54
  TWT5                 CONDUIT      6.56     0  00:09      1.51    0.01    0.16
  1_4_a                CONDUIT      7.65     0  00:09      4.54    0.12    0.32
  1_4_a_1              CONDUIT      6.77     0  00:04     36.19    9.07    1.00
  TWT6                 CONDUIT      3.65     0  00:05      1.24    0.01    0.15
  1_4_b                CONDUIT         0     0  00:00      0.00    0.00    0.24
  TWT7                 CONDUIT         0     0  00:00      0.00    0.00    0.06
  1_5_a                CONDUIT         0     0  00:00      0.00    0.00    0.03
  1_7_a                CONDUIT      6.71     0  00:09      3.25    1.53    0.18
  1_7_a_               CONDUIT      0.16     0  00:09      3.60    0.01    0.28
  1_7_a__              CONDUIT      1.05     0  00:09      6.70    0.15    0.75
  
  
  ***************************
  Flow Classification Summary
  ***************************
  
  -------------------------------------------------------------------------------------
                      Adjusted    ---------- Fraction of Time in Flow Class ---------- 
                       /Actual         Up    Down  Sub   Sup   Up    Down  Norm  Inlet 
  Conduit               Length    Dry  Dry   Dry   Crit  Crit  Crit  Crit  Ltd   Ctrl  
  -------------------------------------------------------------------------------------
  Brunn_Fassung_L         1.00   0.00  0.00  0.00  0.00  1.00  0.00  0.00  0.00  0.00
  11                      1.00   0.00  0.00  0.00  1.00  0.00  0.00  0.00  0.00  0.00
  14                      1.00   0.00  0.00  0.00  1.00  0.00  0.00  0.00  0.00  0.00
  16                      1.00   0.00  0.00  0.00  1.00  0.00  0.00  0.00  0.00  0.00
  17                      1.00   0.00  0.00  0.00  1.00  0.00  0.00  0.00  0.00  0.00
  26                      1.00   0.00  0.00  0.00  1.00  0.00  0.00  0.00  0.00  0.00
  27                      1.00   0.00  0.00  0.00  1.00  0.00  0.00  0.00  0.00  0.00
  Gischeren_L             1.00   1.00  0.00  0.00  0.00  0.00  0.00  0.00  0.00  0.00
  Schuettstein_L          1.00   0.00  0.00  0.00  1.00  0.00  0.00  0.00  0.00  0.00
  Brunnmuehle_L           1.00   0.00  0.00  0.00  1.00  0.00  0.00  0.00  0.00  0.00
  32                      1.00   1.00  0.00  0.00  0.00  0.00  0.00  0.00  0.00  0.00
  35                      1.00   0.00  1.00  0.00  0.00  0.00  0.00  0.00  0.00  0.00
  45                      1.00   0.00  0.00  0.00  0.99  0.00  0.00  0.00  1.00  0.00
  46                      1.00   0.00  0.00  0.00  1.00  0.00  0.00  0.00  0.00  0.00
  47                      1.00   0.00  0.00  0.00  1.00  0.00  0.00  0.00  0.00  0.00
  50                      1.00   0.00  0.00  0.00  1.00  0.00  0.00  0.00  0.00  0.00
  51                      1.00   0.00  0.00  0.00  1.00  0.00  0.00  0.00  0.00  0.00
  53                      1.00   0.00  0.00  0.00  1.00  0.00  0.00  0.00  0.00  0.00
  Fenster_L               1.00   0.00  0.00  0.00  0.00  1.00  0.00  0.00  0.00  0.00
  58                      1.00   0.00  0.00  0.00  0.00  1.00  0.00  0.00  0.00  0.00
  59                      1.00   0.00  0.00  0.00  0.00  1.00  0.00  0.00  1.00  0.00
  61                      1.00   0.00  0.00  0.00  1.00  0.00  0.00  0.00  0.00  0.00
  63                      1.00   0.00  0.00  0.00  1.00  0.00  0.00  0.00  0.00  0.00
  66                      1.00   0.00  0.00  0.00  1.00  0.00  0.00  0.00  0.00  0.00
  67                      1.00   0.00  0.00  0.00  1.00  0.00  0.00  0.00  0.00  0.00
  Amont_L                 1.00   0.00  0.00  0.00  1.00  0.00  0.00  0.00  0.00  0.00
  69                      1.00   0.00  0.00  0.00  1.00  0.00  0.00  0.00  0.00  0.00
  70                      1.00   0.00  0.00  0.00  1.00  0.00  0.00  0.00  0.00  0.00
  71                      1.00   0.00  0.00  0.00  1.00  0.00  0.00  0.00  0.00  0.00
  72                      1.00   0.00  0.00  0.00  1.00  0.00  0.00  0.00  0.00  0.00
  Sauser_L                1.00   0.00  0.00  0.00  1.00  0.00  0.00  0.00  0.00  0.00
  75                      1.00   0.00  0.00  0.00  0.00  1.00  0.00  0.00  0.00  0.00
  Entw_Sto_L              1.00   0.00  0.00  0.00  0.00  1.00  0.00  0.00  0.00  0.00
  4                       1.00   0.00  0.00  0.00  1.00  0.00  0.00  0.00  0.00  0.00
  5                       1.00   0.00  0.00  0.00  1.00  0.00  0.00  0.00  0.00  0.00
  6                       1.00   0.00  0.00  0.00  0.00  1.00  0.00  0.00  0.00  0.00
  7                       1.00   0.00  0.00  0.00  1.00  0.00  0.00  0.00  0.00  0.00
  Brunn_Teich_L           1.00   0.00  0.00  0.00  1.00  0.00  0.00  0.00  0.00  0.00
  9                       1.00   0.00  0.00  0.00  0.00  1.00  0.00  0.00  0.00  0.00
  12                      1.00   0.00  0.00  0.00  1.00  0.00  0.00  0.00  0.00  0.00
  15                      1.00   0.00  0.00  0.00  1.00  0.00  0.00  0.00  0.00  0.00
  18                      1.00   0.00  0.00  0.00  1.00  0.00  0.00  0.00  0.00  0.00
  19                      1.00   0.00  0.00  0.00  1.00  0.00  0.00  0.00  0.00  0.00
  20                      1.00   0.00  0.00  0.00  1.00  0.00  0.00  0.00  0.00  0.00
  21                      1.00   0.00  0.00  0.00  1.00  0.00  0.00  0.00  0.00  0.00
  Hooliloch_L             1.00   0.00  0.00  0.00  1.00  0.00  0.00  0.00  0.00  0.00
  23                      1.00   0.00  0.00  0.00  0.00  1.00  0.00  0.00  0.00  0.00
  25                      1.00   0.00  0.00  0.00  1.00  0.00  0.00  0.00  0.00  0.00
  28                      1.00   0.00  0.00  0.00  0.00  1.00  0.00  0.00  0.00  0.00
  29                      1.00   0.00  0.00  0.00  1.00  0.00  0.00  0.00  1.00  0.00
  31                      1.00   0.00  1.00  0.00  0.00  0.00  0.00  0.00  0.00  0.00
  33                      1.00   0.00  0.00  0.00  1.00  0.00  0.00  0.00  0.00  0.00
  37                      1.00   0.00  0.00  0.00  1.00  0.00  0.00  0.00  0.00  0.00
  SS3_L                   1.00   0.00  0.00  0.00  0.00  1.00  0.00  0.00  1.00  0.00
  40                      1.00   0.00  0.00  0.00  1.00  0.00  0.00  0.00  0.00  0.00
  SS6_L                   1.00   0.00  0.00  0.00  0.00  1.00  0.00  0.00  1.00  0.00
  1                       1.00   0.00  1.00  0.00  0.00  0.00  0.00  0.00  0.00  0.00
  2                       1.00   1.00  0.00  0.00  0.00  0.00  0.00  0.00  0.00  0.00
  3                       1.00   0.00  0.00  0.00  0.00  1.00  0.00  0.00  1.00  0.00
  10                      1.00   0.00  0.00  0.00  1.00  0.00  0.00  0.00  1.00  0.00
  13                      1.00   0.00  0.00  0.00  1.00  0.00  0.00  0.00  0.00  0.00
  22                      1.00   0.00  0.00  0.00  1.00  0.00  0.00  0.00  0.00  0.00
  24                      1.00   0.00  0.00  0.00  1.00  0.00  0.00  0.00  0.00  0.00
  30                      1.00   0.00  0.00  0.00  1.00  0.00  0.00  0.00  1.00  0.00
  34                      1.00   0.00  0.00  0.00  1.00  0.00  0.00  0.00  0.00  0.00
  36                      1.00   0.00  0.00  0.00  0.00  1.00  0.00  0.00  0.00  0.00
  38                      1.00   0.00  0.00  0.00  1.00  0.00  0.00  0.00  1.00  0.00
  48                      1.00   0.00  0.00  0.00  1.00  0.00  0.00  0.00  1.00  0.00
  54                      1.00   0.00  1.00  0.00  0.00  0.00  0.00  0.00  0.00  0.00
  68                      1.00   0.00  0.00  0.00  1.00  0.00  0.00  0.00  1.00  0.00
  73                      1.00   0.00  1.00  0.00  0.00  0.00  0.00  0.00  0.00  0.00
  TWT1                    1.00   0.00  0.00  0.00  0.00  1.00  0.00  0.00  0.00  0.00
  TWT2                    1.00   0.00  0.00  0.00  0.00  1.00  0.00  0.00  0.00  0.00
  TWT3                    1.00   0.00  0.00  0.00  1.00  0.00  0.00  0.00  0.00  0.00
  TWT4                    1.00   0.00  0.00  0.00  1.00  0.00  0.00  0.00  1.00  0.00
  1_2_b_                  1.00   0.00  1.00  0.00  0.00  0.00  0.00  0.00  0.00  0.00
  1_2_b_1                 1.00   0.00  0.00  0.00  1.00  0.00  0.00  0.00  0.00  0.00
  1_2_b_2                 1.00   0.00  0.00  0.00  1.00  0.00  0.00  0.00  1.00  0.00
  TWT5                    1.00   0.00  0.00  0.00  1.00  0.00  0.00  0.00  0.00  0.00
  1_4_a                   1.00   0.00  0.00  0.00  0.00  1.00  0.00  0.00  0.00  0.00
  1_4_a_1                 1.00   0.00  0.00  0.00  1.00  0.00  0.00  0.00  0.00  0.00
  TWT6                    1.00   0.00  0.00  0.00  1.00  0.00  0.00  0.00  0.00  0.00
  1_4_b                   1.00   0.00  1.00  0.00  0.00  0.00  0.00  0.00  0.00  0.00
  TWT7                    1.00   0.00  1.00  0.00  0.00  0.00  0.00  0.00  0.00  0.00
  1_5_a                   1.00   0.00  1.00  0.00  0.00  0.00  0.00  0.00  0.00  0.00
  1_7_a                   1.00   0.00  0.00  0.00  1.00  0.00  0.00  0.00  0.00  0.00
  1_7_a_                  1.00   0.00  0.00  0.00  0.00  1.00  0.00  0.00  1.00  0.00
  1_7_a__                 1.00   0.00  0.00  0.00  0.00  1.00  0.00  0.00  0.00  0.00
  
  
  *************************
  Conduit Surcharge Summary
  *************************
  
  ----------------------------------------------------------------------------
                                                           Hours        Hours 
                         --------- Hours Full --------   Above Full   Capacity
  Conduit                Both Ends  Upstream  Dnstream   Normal Flow   Limited
  ----------------------------------------------------------------------------
  Brunn_Fassung_L             0.01      0.01     24.00      0.01         0.01
  11                         23.99     23.99     23.99      0.01         0.01
  14                         23.99     23.99     23.99     23.99         0.01
  16                         24.00     24.00     24.00     23.99        23.99
  17                         24.00     24.00     24.00      0.01         0.01
  26                         23.99     23.99     23.99      0.01         0.01
  27                         23.93     23.93     23.96      0.01         0.01
  Schuettstein_L              0.01      0.01     23.97      0.01         0.01
  Brunnmuehle_L              24.00     24.00     24.00      0.01         0.01
  46                         24.00     24.00     24.00      0.01         0.01
  47                         24.00     24.00     24.00     24.00        24.00
  50                         23.97     23.97     23.98      0.01         0.01
  51                         23.95     23.95     24.00      0.01         0.01
  53                         24.00     24.00     24.00     23.98         0.01
  61                         23.98     23.98     23.99      0.01         0.01
  63                          0.01     23.96      0.01      0.01         0.01
  66                          0.01     23.95      0.01     23.93         0.01
  67                         23.99     23.99     24.00      0.01         0.01
  Amont_L                    24.00     24.00     24.00      0.01         0.01
  69                         23.87     23.87     24.00      0.01         0.01
  70                         23.87     23.87     24.00      0.01         0.01
  71                         23.97     23.97     23.99      0.01         0.01
  72                          0.01     23.96      0.01     23.88         0.01
  Sauser_L                    0.01      0.01     24.00      0.01         0.01
  75                          0.01     23.95      0.01      0.01         0.01
  4                           0.01     23.96      0.01      0.01         0.01
  5                           0.01      0.01     24.00      0.01         0.01
  6                           0.01      0.01     24.00      0.01         0.01
  7                          23.99     23.99     24.00      0.01         0.01
  Brunn_Teich_L               0.01      0.01     23.99      0.01         0.01
  9                           0.01      0.01     23.99      0.01         0.01
  12                         23.97     23.97     23.98      0.01         0.01
  15                         23.98     23.98     23.99      0.01         0.01
  18                         23.98     23.98     23.98      0.01         0.01
  19                         23.96     23.96     23.98      0.01         0.01
  21                          0.01      0.01     23.94      0.01         0.01
  25                          0.01      0.01     23.98      0.01         0.01
  33                         23.95     23.95     23.95      0.01         0.01
  13                         23.98     23.98     24.00      0.01         0.01
  22                         23.98     23.98     24.00      0.01         0.01
  24                          0.01      0.01     24.00      0.01         0.01
  30                          0.01      0.01     24.00      0.01         0.01
  34                          0.01      0.01     23.99      0.01         0.01
  38                          0.01      0.01     23.86      0.01         0.01
  48                          0.01      0.01     23.87      0.01         0.01
  1_2_b_1                    23.97     24.00     23.97     23.99        23.97
  1_2_b_2                     0.01      0.01     23.97      0.01         0.01
  1_4_a_1                    23.98     24.00     23.98     23.99        23.98
  1_7_a                       0.01      0.01      0.01     23.89         0.01
  1_7_a__                     0.01      0.01     24.00      0.01         0.01
  

  Analysis begun on:  Thu Aug 20 12:58:24 2026
  Analysis ended on:  Thu Aug 20 12:58:28 2026
  Total elapsed time: 00:00:04