
  EPA STORM WATER MANAGEMENT MODEL - VERSION 5.2 (Build 5.2.4)
  ------------------------------------------------------------

  Brunnmuehle (Twann) 
  WARNING 08: elevation drop exceeds length for Conduit SS3_L
  WARNING 08: elevation drop exceeds length for Conduit SS6_L
  WARNING 08: elevation drop exceeds length for Conduit 2
  WARNING 08: elevation drop exceeds length for Conduit 3
  WARNING 08: elevation drop exceeds length for Conduit 68
  WARNING 08: elevation drop exceeds length for Conduit 1_2_b_
  WARNING 08: elevation drop exceeds length for Conduit 1_2_b_2
  WARNING 08: elevation drop exceeds length for Conduit 1_2_b_3
  WARNING 08: elevation drop exceeds length for Conduit 1_4_b
  WARNING 08: elevation drop exceeds length for Conduit 1_5_a
  WARNING 08: elevation drop exceeds length for Conduit 1_6_b_1
  WARNING 04: minimum elevation drop used for Conduit 1_7_a
  WARNING 08: elevation drop exceeds length for Conduit 1_7_a_
  WARNING 08: elevation drop exceeds length for Conduit 1_7_a__
  WARNING 02: maximum depth increased for Node 2
  
  ****************
  Analysis Options
  ****************
  Flow Units ............... CMS
  Process Models:
    Rainfall/Runoff ........ NO
    RDII ................... NO
    Snowmelt ............... NO
    Groundwater ............ NO
    Flow Routing ........... YES
    Ponding Allowed ........ NO
    Water Quality .......... NO
  Flow Routing Method ...... DYNWAVE
  Surcharge Method ......... EXTRAN
  Starting Date ............ 01/01/2000 00:00:00
  Ending Date .............. 01/02/2000 00:00:00
  Antecedent Dry Days ...... 0.0
  Report Time Step ......... 01:00:00
  Routing Time Step ........ 0.50 sec
  Variable Time Step ....... YES
  Maximum Trials ........... 8
  Number of Threads ........ 1
  Head Tolerance ........... 0.001500 m
  
  
  **************************        Volume        Volume
  Flow Routing Continuity        hectare-m      10^6 ltr
  **************************     ---------     ---------
  Dry Weather Inflow .......         0.000         0.000
  Wet Weather Inflow .......         0.000         0.000
  Groundwater Inflow .......         0.000         0.000
  RDII Inflow ..............         0.000         0.000
  External Inflow ..........       207.725      2077.271
  External Outflow .........       196.925      1969.266
  Flooding Loss ............         0.000         0.000
  Evaporation Loss .........         0.000         0.000
  Exfiltration Loss ........         0.000         0.000
  Initial Stored Volume ....         0.056         0.564
  Final Stored Volume ......         0.578         5.779
  Continuity Error (%) .....         4.947
  
  
  *************************
  Highest Continuity Errors
  *************************
  Node Amont_Trappe (86.30%)
  Node TWT_Acces_LT_60+110 (70.52%)
  Node 54 (62.09%)
  Node 8 (55.69%)
  Node 2 (26.97%)
  
  
  ***************************
  Time-Step Critical Elements
  ***************************
  Link 1_4_a (17221.66%)
  Link 1_4_a_1 (6.49%)
  Link 1_8_a (5.99%)
  Link 1_7_a_ (4.39%)
  Link 20 (4.29%)
  
  
  ********************************
  Highest Flow Instability Indexes
  ********************************
  All links are stable.
  
  
  *********************************
  Most Frequent Nonconverging Nodes
  *********************************
  Node Brunnm_Fassung (48.60%)
  Node Brunnmuehle(Teich) (48.60%)
  Node Fensterstollen (48.60%)
  Node Gischeren (48.60%)
  Node Schuettstein (48.60%)
  
  
  *************************
  Routing Time Step Summary
  *************************
  Minimum Time Step           :     0.50 sec
  Average Time Step           :     0.50 sec
  Maximum Time Step           :     0.50 sec
  % of Time in Steady State   :    99.42
  Average Iterations per Step :     6.84
  % of Steps Not Converging   :    48.60
  Time Step Frequencies       :
      0.500 -  0.500 sec      :   100.00 %
      0.500 -  0.500 sec      :     0.00 %
      0.500 -  0.500 sec      :     0.00 %
      0.500 -  0.500 sec      :     0.00 %
      0.500 -  0.500 sec      :     0.00 %
  
  
  ******************
  Node Depth Summary
  ******************
  
  ---------------------------------------------------------------------------------
                                 Average  Maximum  Maximum  Time of Max    Reported
                                   Depth    Depth      HGL   Occurrence   Max Depth
  Node                 Type       Meters   Meters   Meters  days hr:min      Meters
  ---------------------------------------------------------------------------------
  9                    JUNCTION    42.60    52.68   491.18     0  00:00       42.62
  Holiloch_sonde       JUNCTION    39.81    48.96   488.96     0  00:00       39.84
  11                   JUNCTION    29.15    29.15   439.15     0  00:08       29.15
  13                   JUNCTION    49.56    49.98   487.98     0  00:02       49.58
  21                   JUNCTION    37.76    38.32   438.32     0  00:05       37.77
  SonSto_F             JUNCTION     0.42     0.55   438.35     0  00:04        0.42
  Sondierstollen       JUNCTION     0.00     0.00   440.80     0  00:00        0.00
  Aval_Trappe          JUNCTION     0.67     0.75   438.35     0  00:03        0.67
  30                   JUNCTION     0.76     0.79   438.09     0  00:07        0.76
  Gischeren_node       JUNCTION     0.01     0.01   476.51     0  00:08        0.01
  34                   JUNCTION    17.21    17.62   437.62     0  00:05       17.22
  38                   JUNCTION    18.01    18.38   438.38     0  00:05       18.02
  SS6                  JUNCTION     0.07     0.07   448.07     0  00:02        0.07
  40                   JUNCTION    20.47    20.62   439.62     0  00:03       20.47
  41                   JUNCTION    49.91    68.68   506.18     0  00:00       49.93
  SondeSchuettstein    JUNCTION    20.86    22.74   481.74     0  00:00       20.87
  SS4                  JUNCTION     0.06     0.06   448.06     0  00:01        0.06
  47                   JUNCTION    13.74    13.77   478.67     0  00:03       13.75
  48                   JUNCTION     8.69    10.31   481.31     0  00:00        8.69
  SondeGischeren       JUNCTION    11.50    11.55   476.55     0  00:08       11.55
  49                   JUNCTION    12.93    14.36   480.36     0  00:02       12.95
  50                   JUNCTION     5.97     7.00   470.00     0  00:05        5.99
  51                   JUNCTION    68.45    69.06   489.06     0  00:00       68.47
  Amont_C              JUNCTION    73.53   141.12   559.12     0  00:00       73.55
  52                   JUNCTION     6.10    12.95   469.95     0  00:05        6.12
  53                   JUNCTION     9.49    16.34   483.34     0  00:01        9.48
  54                   JUNCTION     3.93     3.94   466.94     0  00:08        3.94
  56                   JUNCTION     6.14     6.17   436.17     0  00:03        6.15
  2                    JUNCTION     0.56     0.56   438.56     0  00:08        0.56
  4                    JUNCTION     8.19     8.64   436.64     0  00:00        8.20
  5                    JUNCTION     5.88     5.90   478.40     0  00:03        5.88
  6                    JUNCTION    21.08    21.50   479.50     0  00:00       21.10
  7                    JUNCTION     3.37     3.39   478.39     0  00:05        3.38
  SS3                  JUNCTION     0.07     0.07   448.07     0  00:08        0.07
  SS5                  JUNCTION     0.57     0.57   439.47     0  00:08        0.57
  8                    JUNCTION     2.60     2.61   476.61     0  00:08        2.61
  10                   JUNCTION    10.91    12.40   480.40     0  00:02       10.93
  SonSto_SS5           JUNCTION     0.11     0.11   439.41     0  00:08        0.11
  SonSto_SS3           JUNCTION     0.10     0.10   439.80     0  00:05        0.10
  SonSto_SS4           JUNCTION     0.08     0.08   439.48     0  00:08        0.08
  Amont_Trappe         JUNCTION     0.49     0.71   438.41     0  00:03        0.49
  SonSto_SS6           JUNCTION     0.12     0.12   438.82     0  00:08        0.12
  SS2                  JUNCTION     0.00     0.00   448.00     0  00:00        0.00
  SonSto_SS2           JUNCTION     0.00     0.00   441.50     0  00:00        0.00
  12                   JUNCTION    16.59    16.84   465.84     0  00:03       16.60
  14                   JUNCTION     5.82     6.57   471.57     0  00:03        5.83
  15                   JUNCTION     0.34     0.34   472.34     0  00:05        0.34
  TWT_PointHaut_60+650 JUNCTION     0.16     0.16   438.66     0  00:07        0.16
  TWT_Fensterstollen_60+375 JUNCTION     1.08     1.12   438.42     0  00:07        1.08
  TWT_Acces_LT_60+110  JUNCTION     1.06     1.06   438.56     0  00:08        1.06
  TWT_Liaison_LT_59+738 JUNCTION     0.00     0.00   446.50     0  00:00        0.00
  Syst_Est_amont       JUNCTION    12.81   100.00   530.00     0  00:08       12.88
  Syst_Est_interm      JUNCTION    20.97    38.14   448.14     0  00:08       21.07
  TWT_Branche_Est_Sonsto_60+540 JUNCTION     0.41     0.41   438.81     0  00:07        0.41
  TWT_Intersection_Sonsto_60+345 JUNCTION     1.52     1.52   438.52     0  00:08        1.52
  TWT_Chrosweg_61+140  JUNCTION     0.12     0.12   432.12     0  00:08        0.12
  SonSto_F_sup         JUNCTION     0.04     0.04   448.04     0  00:05        0.04
  SonSto_porte         JUNCTION     0.02     0.02   438.52     0  00:08        0.02
  Brunnm_Fassung       OUTFALL      0.08     0.08   433.88     0  00:05        0.08
  Brunnmuehle(Teich)   OUTFALL      0.18     0.18   435.68     0  00:05        0.18
  Fensterstollen       OUTFALL      0.75     0.76   437.76     0  00:08        0.75
  Gischeren            OUTFALL      0.00     0.00   480.00     0  00:00        0.00
  Schuettstein         OUTFALL      0.20     0.21   477.76     0  00:00        0.20
  Holiloch             OUTFALL      1.53     1.54   478.04     0  00:05        1.53
  Sauserquelle         OUTFALL      0.25     0.25   435.80     0  00:03        0.25
  Entw_Stollen         OUTFALL      0.18     0.18   436.68     0  00:05        0.18
  Sous_lacustre        OUTFALL      0.09     0.09   429.29     0  00:05        0.09
  Sous_ecoul.          OUTFALL      0.00     0.00   433.00     0  00:00        0.00
  Syst_Est_aval        OUTFALL      0.47     0.49   429.49     0  00:08        0.47
  TWT_Portail_Est_61+665 OUTFALL      0.12     0.12   421.72     0  00:08        0.12
  
  
  *******************
  Node Inflow Summary
  *******************
  
  -------------------------------------------------------------------------------------------------
                                  Maximum  Maximum                  Lateral       Total        Flow
                                  Lateral    Total  Time of Max      Inflow      Inflow     Balance
                                   Inflow   Inflow   Occurrence      Volume      Volume       Error
  Node                 Type           CMS      CMS  days hr:min    10^6 ltr    10^6 ltr     Percent
  -------------------------------------------------------------------------------------------------
  9                    JUNCTION         0     14.4     0  00:00           0         571       0.026
  Holiloch_sonde       JUNCTION         0     12.9     0  00:00           0         534       0.005
  11                   JUNCTION         0    0.319     0  00:00           0        27.3       0.022
  13                   JUNCTION         0     22.8     0  00:00           0    1.74e+03       0.017
  21                   JUNCTION         0    0.275     0  00:08           0        23.7       0.013
  SonSto_F             JUNCTION         0     1.33     0  00:03           0        48.8      25.662
  Sondierstollen       JUNCTION         0        0     0  00:00           0           0       0.000 ltr
  Aval_Trappe          JUNCTION         0     8.85     0  00:07           0         625      -6.464
  30                   JUNCTION         0     14.4     0  00:08           0    1.24e+03       3.075
  Gischeren_node       JUNCTION         0   0.0596     0  00:08           0        5.12 5120633.574 ltr
  34                   JUNCTION         0    0.246     0  00:08           0        21.2      -0.000
  38                   JUNCTION         0    0.164     0  00:00           0         5.7      -0.025
  SS6                  JUNCTION         0    0.156     0  00:02           0        12.9       0.001
  40                   JUNCTION         0     2.21     0  00:03           0         190       0.015
  41                   JUNCTION         0     5.12     0  00:00           0        35.2       0.066
  SondeSchuettstein    JUNCTION         0    0.717     0  00:00           0        35.1       0.010
  SS4                  JUNCTION         0   0.0864     0  00:08           0        7.45       0.066
  47                   JUNCTION         0     8.86     0  00:00           0         521       0.033
  48                   JUNCTION         0    0.516     0  00:00           0        35.1       0.031
  SondeGischeren       JUNCTION         0     0.28     0  00:01           0        13.8       0.412
  49                   JUNCTION         0    0.951     0  00:01           0        12.9       1.325
  50                   JUNCTION         0     0.18     0  00:05           0        12.7       0.026
  51                   JUNCTION         0     40.1     0  00:00           0    1.98e+03      -0.001
  Amont_C              JUNCTION      22.9     46.8     0  00:00    1.98e+03    1.98e+03       0.011
  52                   JUNCTION         0     0.25     0  00:04           0        18.1       0.120
  53                   JUNCTION         0    0.358     0  00:01           0        25.1       0.030
  54                   JUNCTION         0    0.291     0  00:08           0        25.1     163.773
  56                   JUNCTION         0    0.534     0  00:03           0        45.9       0.005
  2                    JUNCTION         0    0.691     0  00:05           0        9.82      36.939
  4                    JUNCTION         0    0.223     0  00:05           0        19.2       0.024
  5                    JUNCTION         0     7.48     0  00:00           0         520       0.032
  6                    JUNCTION         0     10.1     0  00:00           0         534       0.020
  7                    JUNCTION         0     6.38     0  00:02           0         520      -0.070
  SS3                  JUNCTION         0    0.147     0  00:08           0        12.7       0.044
  SS5                  JUNCTION         0    0.211     0  00:08           0        18.2       0.059
  8                    JUNCTION         0     0.47     0  00:08           0        40.4     125.704
  10                   JUNCTION         0    0.739     0  00:02           0        12.8      -0.703
  SonSto_SS5           JUNCTION         0    0.235     0  00:08           0        20.3       0.040
  SonSto_SS3           JUNCTION         0    0.147     0  00:08           0        12.7       0.356
  SonSto_SS4           JUNCTION         0    0.233     0  00:08           0        20.1       0.097
  Amont_Trappe         JUNCTION         0     1.61     0  00:03           0        34.9     630.009
  SonSto_SS6           JUNCTION         0    0.384     0  00:08           0        33.1       0.028
  SS2                  JUNCTION         0        0     0  00:00           0           0       0.000 ltr
  SonSto_SS2           JUNCTION         0        0     0  00:00           0           0       0.000 ltr
  12                   JUNCTION         0    0.385     0  00:00           0        26.5       0.009
  14                   JUNCTION         0     1.88     0  00:03           0         154       0.024
  15                   JUNCTION         0    0.431     0  00:05           0        36.9      -0.046
  TWT_PointHaut_60+650 JUNCTION         0    0.524     0  00:05           0        44.5      -1.328
  TWT_Fensterstollen_60+375 JUNCTION         0     13.2     0  00:08           0    1.14e+03      -4.336
  TWT_Acces_LT_60+110  JUNCTION         0     4.86     0  00:04           0        25.2     239.177
  TWT_Liaison_LT_59+738 JUNCTION         0        0     0  00:00           0           0       0.000 ltr
  Syst_Est_amont       JUNCTION      1.15     1.15     0  00:00        98.9        98.9       0.130
  Syst_Est_interm      JUNCTION         0     1.21     0  00:04           0        98.8       0.413
  TWT_Branche_Est_Sonsto_60+540 JUNCTION         0     3.88     0  00:07           0         334      -0.024
  TWT_Intersection_Sonsto_60+345 JUNCTION         0     9.31     0  00:00           0         704       6.642
  TWT_Chrosweg_61+140  JUNCTION         0    0.524     0  00:08           0        45.1      22.416
  SonSto_F_sup         JUNCTION         0    0.431     0  00:05           0          37      -0.002
  SonSto_porte         JUNCTION         0    0.175     0  00:08           0        9.01 2775685.180
  Brunnm_Fassung       OUTFALL          0    0.024     0  00:05           0        2.02       0.000
  Brunnmuehle(Teich)   OUTFALL          0    0.218     0  00:05           0        18.7       0.000
  Fensterstollen       OUTFALL          0     14.1     0  00:08           0     1.2e+03       0.000
  Gischeren            OUTFALL          0        0     0  00:00           0           0       0.000 ltr
  Schuettstein         OUTFALL          0    0.422     0  00:00           0        35.1       0.000
  Holiloch             OUTFALL          0     6.12     0  00:05           0         521       0.000
  Sauserquelle         OUTFALL          0    0.535     0  00:03           0        45.9       0.000
  Entw_Stollen         OUTFALL          0   0.0485     0  00:08           0        4.18       0.000
  Sous_lacustre        OUTFALL          0   0.0298     0  00:05           0        2.54       0.000
  Sous_ecoul.          OUTFALL          0  0.00559     0  00:00           0       0.471       0.000
  Syst_Est_aval        OUTFALL          0      1.2     0  00:08           0        98.4       0.000
  TWT_Portail_Est_61+665 OUTFALL          0    0.428     0  00:08           0        36.9       0.000
  
  
  **********************
  Node Surcharge Summary
  **********************
  
  Surcharging occurs when water rises above the top of the highest conduit.
  ---------------------------------------------------------------------
                                               Max. Height   Min. Depth
                                   Hours       Above Crown    Below Rim
  Node                 Type      Surcharged         Meters       Meters
  ---------------------------------------------------------------------
  9                    JUNCTION       23.99         50.878       47.322
  Holiloch_sonde       JUNCTION       23.99         47.059      151.041
  11                   JUNCTION       24.00         28.651      120.849
  13                   JUNCTION       23.99         46.982      350.018
  21                   JUNCTION       24.00         37.715      111.685
  34                   JUNCTION       24.00         17.022       82.378
  38                   JUNCTION       24.00         17.780      131.620
  40                   JUNCTION       24.00         16.618       79.382
  41                   JUNCTION       23.99         67.834      181.316
  SondeSchuettstein    JUNCTION       23.99         21.940        0.000
  47                   JUNCTION       23.98         11.874       86.226
  48                   JUNCTION       23.98          9.512       89.688
  SondeGischeren       JUNCTION       23.92         10.347       88.453
  49                   JUNCTION       23.96          6.362      185.638
  50                   JUNCTION       23.91          6.695      193.005
  51                   JUNCTION       24.00         65.057      330.943
  Amont_C              JUNCTION       24.00        138.123      258.877
  52                   JUNCTION       23.92         12.549       87.051
  53                   JUNCTION       23.98         11.340      183.660
  56                   JUNCTION       24.00          5.169       93.831
  4                    JUNCTION       23.99          7.989       91.361
  5                    JUNCTION       23.97          0.898       44.102
  6                    JUNCTION       23.99         16.496      178.504
  10                   JUNCTION       23.96          4.400      187.600
  12                   JUNCTION       23.99         16.488      183.162
  14                   JUNCTION       23.94          2.573      193.427
  Syst_Est_amont       JUNCTION       23.86         99.000        0.000
  Syst_Est_interm      JUNCTION       23.88         36.640       61.860
  
  
  *********************
  Node Flooding Summary
  *********************
  
  Flooding refers to all water that overflows a node, whether it ponds or not.
  --------------------------------------------------------------------------
                                                             Total   Maximum
                                 Maximum   Time of Max       Flood    Ponded
                        Hours       Rate    Occurrence      Volume     Depth
  Node                 Flooded       CMS   days hr:min    10^6 ltr    Meters
  --------------------------------------------------------------------------
  Syst_Est_amont          0.01     0.364      0  00:08       0.000     0.000
  
  
  ***********************
  Outfall Loading Summary
  ***********************
  
  -----------------------------------------------------------
                         Flow       Avg       Max       Total
                         Freq      Flow      Flow      Volume
  Outfall Node           Pcnt       CMS       CMS    10^6 ltr
  -----------------------------------------------------------
  Brunnm_Fassung        99.95    0.0234     0.024       2.019
  Brunnmuehle(Teich)    99.95     0.217     0.218      18.702
  Fensterstollen        99.98      13.9      14.1    1204.519
  Gischeren              0.00         0         0       0.000
  Schuettstein          99.94     0.407     0.422      35.135
  Holiloch              99.88      6.03      6.12     520.586
  Sauserquelle          99.98     0.531     0.535      45.872
  Entw_Stollen          99.90    0.0484    0.0485       4.177
  Sous_lacustre         99.99    0.0294    0.0298       2.537
  Sous_ecoul.           99.95   0.00545   0.00559       0.471
  Syst_Est_aval         99.50      1.14       1.2      98.383
  TWT_Portail_Est_61+665  99.95     0.427     0.428      36.855
  -----------------------------------------------------------
  System                91.58      22.8      22.8    1969.257
  
  
  ********************
  Link Flow Summary
  ********************
  
  -----------------------------------------------------------------------------
                                 Maximum  Time of Max   Maximum    Max/    Max/
                                  |Flow|   Occurrence   |Veloc|    Full    Full
  Link                 Type          CMS  days hr:min     m/sec    Flow   Depth
  -----------------------------------------------------------------------------
  Brunn_Fassung_L      CONDUIT     0.024     0  00:05      1.10    0.40    0.72
  11                   CONDUIT      12.9     0  00:00      7.36    1.93    1.00
  14                   CONDUIT      14.4     0  00:00      9.65    7.85    1.00
  16                   CONDUIT     0.319     0  00:00      3.72    2.22    1.00
  17                   CONDUIT     0.164     0  00:00      0.58    0.28    1.00
  26                   CONDUIT      5.12     0  00:00      9.23    6.94    1.00
  27                   CONDUIT    0.0666     0  00:07      1.75    0.86    1.00
  Gischeren_L          CONDUIT         0     0  00:00      0.00    0.00    0.00
  Schuettstein_L       CONDUIT     0.422     0  00:00      2.84    0.36    0.71
  Brunnmuehle_L        CONDUIT     0.246     0  00:08      0.87    0.12    1.00
  32                   CONDUIT         0     0  00:00      0.00    0.00    0.00
  35                   CONDUIT    0.0119     0  00:08      0.02    0.00    0.50
  45                   CONDUIT     0.384     0  00:08      3.47    0.00    0.11
  46                   CONDUIT     0.534     0  00:03      1.89    0.53    1.00
  47                   CONDUIT     0.113     0  00:00      2.97    7.05    1.00
  50                   CONDUIT     0.516     0  00:00      1.79    0.10    1.00
  51                   CONDUIT    0.0243     0  00:02      0.25    0.07    1.00
  53                   CONDUIT     0.164     0  00:00      0.98    0.83    1.00
  Fenster_L            CONDUIT      14.1     0  00:08     10.08    0.14    0.26
  58                   CONDUIT      8.57     0  00:07      6.69    0.11    0.25
  59                   CONDUIT     0.235     0  00:08      2.70    0.00    0.04
  61                   CONDUIT     0.717     0  00:00      3.44    1.01    1.00
  63                   CONDUIT     0.156     0  00:02      2.15    0.70    0.52
  66                   CONDUIT      0.18     0  00:05      2.69    2.37    1.00
  67                   CONDUIT      22.8     0  00:00      5.46    0.23    1.00
  Amont_L              CONDUIT      40.1     0  00:00      5.67    2.17    1.00
  69                   CONDUIT      0.25     0  00:04      2.11    0.98    1.00
  70                   CONDUIT      0.21     0  00:05      1.67    0.65    1.00
  71                   CONDUIT     0.358     0  00:01      1.57    0.63    1.00
  72                   CONDUIT     0.291     0  00:08      1.45    1.38    0.89
  Sauser_L             CONDUIT     0.535     0  00:03      1.04    0.14    0.62
  75                   CONDUIT    0.0864     0  00:08      2.80    0.88    0.63
  Entw_Sto_L           CONDUIT    0.0485     0  00:08      1.91    1.12    1.00
  4                    CONDUIT    0.0246     0  00:04      1.32    1.10    1.00
  5                    CONDUIT   0.00513     0  00:04      0.22    0.18    1.00
  6                    CONDUIT    0.0298     0  00:05      1.21    0.45    0.73
  7                    CONDUIT     0.223     0  00:05      1.15    0.34    1.00
  Brunn_Teich_L        CONDUIT     0.218     0  00:05      0.98    0.17    0.64
  9                    CONDUIT   0.00559     0  00:00      1.41    0.00    0.50
  12                   CONDUIT      7.48     0  00:00      4.41    0.15    1.00
  15                   CONDUIT      10.1     0  00:00      5.48    0.26    1.00
  18                   CONDUIT      8.86     0  00:00      4.64    0.36    1.00
  19                   CONDUIT     0.951     0  00:01      1.26    0.90    1.00
  20                   CONDUIT      1.41     0  00:04      2.59    0.11    0.72
  21                   CONDUIT      6.38     0  00:02      0.77    0.04    0.84
  Hooliloch_L          CONDUIT      6.12     0  00:05      1.26    0.12    0.62
  23                   CONDUIT     0.147     0  00:08      3.20    0.92    0.62
  25                   CONDUIT      0.47     0  00:08      1.69    0.38    1.00
  28                   CONDUIT     0.147     0  00:08      2.38    0.00    0.03
  29                   CONDUIT    0.0241     0  00:08      0.67    0.00    0.03
  31                   CONDUIT    0.0478     0  00:08      0.21    0.03    0.26
  33                   CONDUIT     0.739     0  00:02      0.80    0.28    1.00
  37                   CONDUIT     0.211     0  00:08      0.48    0.00    0.11
  SS3_L                CONDUIT     0.147     0  00:08      3.04    0.00    0.04
  40                   CONDUIT      1.61     0  00:03      1.24    0.01    0.14
  SS6_L                CONDUIT     0.156     0  00:02      4.00    0.00    0.05
  1                    CONDUIT         0     0  00:00      0.00    0.00    0.02
  2                    CONDUIT         0     0  00:00      0.00    0.00    0.00
  3                    CONDUIT    0.0863     0  00:08      4.33    0.01    0.07
  10                   CONDUIT     0.209     0  00:08      1.32    0.00    0.11
  13                   CONDUIT     0.385     0  00:00      4.37    0.83    1.00
  22                   CONDUIT     0.308     0  00:02      3.20    0.76    1.00
  24                   CONDUIT      1.88     0  00:03      2.71    0.00    1.00
  30                   CONDUIT      1.79     0  00:03      2.49    0.75    1.00
  34                   CONDUIT     0.431     0  00:05      2.09    0.48    0.81
  36                   CONDUIT     0.431     0  00:05      5.85    0.46    0.35
  38                   CONDUIT      0.28     0  00:01      2.52    0.10    1.00
  48                   CONDUIT      1.21     0  00:04      2.64    0.81    1.00
  54                   CONDUIT       1.2     0  00:08      0.97    0.23    0.66
  68                   CONDUIT     0.183     0  00:05      7.73    0.00    0.10
  73                   CONDUIT    0.0348     0  00:08      0.12    0.01    0.15
  TWT1                 CONDUIT     0.428     0  00:08      2.65    0.00    0.02
  TWT2                 CONDUIT     0.524     0  00:08      2.81    0.00    0.02
  TWT3                 CONDUIT     0.524     0  00:05      0.97    0.00    0.04
  TWT4                 CONDUIT      3.36     0  00:07      1.70    0.01    0.10
  1_2_b_               CONDUIT         0     0  00:00      0.00    0.00    0.07
  1_2_b_1              CONDUIT      2.19     0  00:02     14.21    8.42    1.00
  1_2_b_2              CONDUIT    0.0432     0  00:05      0.40    0.01    0.54
  1_2_b_3              CONDUIT      0.38     0  00:01      2.15    0.29    1.00
  TWT5                 CONDUIT       7.3     0  00:08      1.48    0.01    0.16
  1_4_a                CONDUIT      8.04     0  00:07      4.56    0.12    0.31
  1_4_a_1              CONDUIT      8.01     0  00:00    >50.00   10.73    1.00
  TWT6                 CONDUIT      4.86     0  00:04      1.46    0.01    0.16
  1_4_b                CONDUIT     0.143     0  00:08      0.10    0.00    0.26
  TWT7                 CONDUIT         0     0  00:00      0.00    0.00    0.07
  1_5_a                CONDUIT         0     0  00:00      0.00    0.00    0.14
  1_6_b_1              CONDUIT     0.251     0  00:05      1.28    0.16    1.00
  1_7_a                CONDUIT      7.15     0  00:03      3.35    1.63    0.19
  1_7_a_               CONDUIT     0.205     0  00:05      2.38    0.01    0.45
  1_7_a__              CONDUIT      1.35     0  00:07      7.20    0.20    0.91
  1_7_a_1              CONDUIT      2.33     0  00:05     12.51   11.85    0.91
  1_8_a                CONDUIT     0.664     0  00:05      1.44    0.00    0.16
  
  
  ***************************
  Flow Classification Summary
  ***************************
  
  -------------------------------------------------------------------------------------
                      Adjusted    ---------- Fraction of Time in Flow Class ---------- 
                       /Actual         Up    Down  Sub   Sup   Up    Down  Norm  Inlet 
  Conduit               Length    Dry  Dry   Dry   Crit  Crit  Crit  Crit  Ltd   Ctrl  
  -------------------------------------------------------------------------------------
  Brunn_Fassung_L         1.00   0.00  0.00  0.00  1.00  0.00  0.00  0.00  0.00  0.00
  11                      1.00   0.00  0.00  0.00  1.00  0.00  0.00  0.00  0.00  0.00
  14                      1.00   0.00  0.00  0.00  1.00  0.00  0.00  0.00  0.00  0.00
  16                      1.00   0.00  0.00  0.00  1.00  0.00  0.00  0.00  0.00  0.00
  17                      1.00   0.00  0.00  0.00  1.00  0.00  0.00  0.00  0.00  0.00
  26                      1.00   0.00  0.00  0.00  1.00  0.00  0.00  0.00  0.00  0.00
  27                      1.00   0.00  0.00  0.00  1.00  0.00  0.00  0.00  0.00  0.00
  Gischeren_L             1.00   0.01  0.99  0.00  0.00  0.00  0.00  0.00  0.00  0.00
  Schuettstein_L          1.00   0.00  0.00  0.00  0.00  1.00  0.00  0.00  0.00  0.00
  Brunnmuehle_L           1.00   0.00  0.00  0.00  1.00  0.00  0.00  0.00  0.00  0.00
  32                      1.00   1.00  0.00  0.00  0.00  0.00  0.00  0.00  0.00  0.00
  35                      1.00   0.00  0.01  0.00  0.99  0.00  0.00  0.00  0.00  0.00
  45                      1.00   0.00  0.00  0.00  1.00  0.00  0.00  0.00  1.00  0.00
  46                      1.00   0.00  0.00  0.00  1.00  0.00  0.00  0.00  0.00  0.00
  47                      1.00   0.00  0.00  0.00  1.00  0.00  0.00  0.00  0.00  0.00
  50                      1.00   0.00  0.00  0.00  1.00  0.00  0.00  0.00  0.00  0.00
  51                      1.00   0.00  0.00  0.00  1.00  0.00  0.00  0.00  0.00  0.00
  53                      1.00   0.00  0.00  0.00  1.00  0.00  0.00  0.00  0.00  0.00
  Fenster_L               1.00   0.00  0.00  0.00  0.00  1.00  0.00  0.00  0.00  0.00
  58                      1.00   0.00  0.00  0.00  0.00  1.00  0.00  0.00  0.00  0.00
  59                      1.00   0.00  0.00  0.00  0.00  1.00  0.00  0.00  1.00  0.00
  61                      1.00   0.00  0.00  0.00  1.00  0.00  0.00  0.00  0.00  0.00
  63                      1.00   0.00  0.00  0.00  1.00  0.00  0.00  0.00  0.00  0.00
  66                      1.00   0.00  0.00  0.00  1.00  0.00  0.00  0.00  0.00  0.00
  67                      1.00   0.00  0.00  0.00  1.00  0.00  0.00  0.00  0.00  0.00
  Amont_L                 1.00   0.00  0.00  0.00  1.00  0.00  0.00  0.00  0.00  0.00
  69                      1.00   0.00  0.00  0.00  1.00  0.00  0.00  0.00  0.00  0.00
  70                      1.00   0.00  0.00  0.00  1.00  0.00  0.00  0.00  0.00  0.00
  71                      1.00   0.00  0.00  0.00  1.00  0.00  0.00  0.00  0.00  0.00
  72                      1.00   0.00  0.00  0.00  1.00  0.00  0.00  0.00  0.00  0.00
  Sauser_L                1.00   0.00  0.00  0.00  1.00  0.00  0.00  0.00  0.00  0.00
  75                      1.00   0.00  0.00  0.00  0.00  1.00  0.00  0.00  0.00  0.00
  Entw_Sto_L              1.00   0.00  0.00  0.00  1.00  0.00  0.00  0.00  0.00  0.00
  4                       1.00   0.00  0.00  0.00  1.00  0.00  0.00  0.00  0.00  0.00
  5                       1.00   0.00  0.00  0.00  1.00  0.00  0.00  0.00  0.00  0.00
  6                       1.00   0.00  0.00  0.00  0.00  1.00  0.00  0.00  0.00  0.00
  7                       1.00   0.00  0.00  0.00  1.00  0.00  0.00  0.00  0.00  0.00
  Brunn_Teich_L           1.00   0.00  0.00  0.00  1.00  0.00  0.00  0.00  0.00  0.00
  9                       1.00   0.00  0.00  0.00  0.00  1.00  0.00  0.00  0.00  0.00
  12                      1.00   0.00  0.00  0.00  1.00  0.00  0.00  0.00  0.00  0.00
  15                      1.00   0.00  0.00  0.00  1.00  0.00  0.00  0.00  0.00  0.00
  18                      1.00   0.00  0.00  0.00  1.00  0.00  0.00  0.00  0.00  0.00
  19                      1.00   0.00  0.00  0.00  1.00  0.00  0.00  0.00  0.00  0.00
  20                      1.00   0.00  0.00  0.00  1.00  0.00  0.00  0.00  0.00  0.00
  21                      1.00   0.00  0.00  0.00  1.00  0.00  0.00  0.00  0.00  0.00
  Hooliloch_L             1.00   0.00  0.00  0.00  1.00  0.00  0.00  0.00  0.00  0.00
  23                      1.00   0.00  0.00  0.00  0.00  1.00  0.00  0.00  0.00  0.00
  25                      1.00   0.00  0.00  0.00  1.00  0.00  0.00  0.00  0.00  0.00
  28                      1.00   0.00  0.00  0.00  0.00  1.00  0.00  0.00  0.00  0.00
  29                      1.00   0.00  0.00  0.00  1.00  0.00  0.00  0.00  1.00  0.00
  31                      1.00   0.00  0.01  0.00  0.99  0.00  0.00  0.00  0.00  0.00
  33                      1.00   0.00  0.00  0.00  1.00  0.00  0.00  0.00  0.00  0.00
  37                      1.00   0.00  0.00  0.00  1.00  0.00  0.00  0.00  0.00  0.00
  SS3_L                   1.00   0.00  0.00  0.00  0.00  1.00  0.00  0.00  1.00  0.00
  40                      1.00   0.00  0.00  0.00  1.00  0.00  0.00  0.00  0.00  0.00
  SS6_L                   1.00   0.00  0.00  0.00  0.00  1.00  0.00  0.00  1.00  0.00
  1                       1.00   0.00  1.00  0.00  0.00  0.00  0.00  0.00  0.00  0.00
  2                       1.00   1.00  0.00  0.00  0.00  0.00  0.00  0.00  0.00  0.00
  3                       1.00   0.00  0.00  0.00  0.00  1.00  0.00  0.00  1.00  0.00
  10                      1.00   0.00  0.00  0.00  1.00  0.00  0.00  0.00  1.00  0.00
  13                      1.00   0.00  0.00  0.00  1.00  0.00  0.00  0.00  0.00  0.00
  22                      1.00   0.00  0.00  0.00  1.00  0.00  0.00  0.00  0.00  0.00
  24                      1.00   0.00  0.00  0.00  1.00  0.00  0.00  0.00  0.00  0.00
  30                      1.00   0.00  0.00  0.00  1.00  0.00  0.00  0.00  0.00  0.00
  34                      1.00   0.00  0.00  0.00  1.00  0.00  0.00  0.00  0.00  0.00
  36                      1.00   0.00  0.00  0.00  0.00  1.00  0.00  0.00  0.00  0.00
  38                      1.00   0.00  0.00  0.00  1.00  0.00  0.00  0.00  0.00  0.00
  48                      1.00   0.00  0.00  0.00  1.00  0.00  0.00  0.00  0.00  0.00
  54                      1.00   0.00  0.01  0.00  0.99  0.00  0.00  0.00  0.00  0.00
  68                      1.00   0.00  0.00  0.00  1.00  0.00  0.00  0.00  1.00  0.00
  73                      1.00   0.00  0.00  0.00  1.00  0.00  0.00  0.00  0.00  0.00
  TWT1                    1.00   0.00  0.00  0.00  0.00  1.00  0.00  0.00  0.00  0.00
  TWT2                    1.00   0.00  0.00  0.00  0.00  1.00  0.00  0.00  0.00  0.00
  TWT3                    1.00   0.00  0.00  0.00  1.00  0.00  0.00  0.00  0.00  0.00
  TWT4                    1.00   0.00  0.00  0.00  1.00  0.00  0.00  0.00  1.00  0.00
  1_2_b_                  1.00   0.00  1.00  0.00  0.00  0.00  0.00  0.00  0.00  0.00
  1_2_b_1                 1.00   0.00  0.00  0.00  1.00  0.00  0.00  0.00  0.00  0.00
  1_2_b_2                 1.00   0.00  0.00  0.00  1.00  0.00  0.00  0.00  1.00  0.00
  1_2_b_3                 1.00   0.00  0.00  0.00  1.00  0.00  0.00  0.00  0.00  0.00
  TWT5                    1.00   0.00  0.00  0.00  1.00  0.00  0.00  0.00  0.00  0.00
  1_4_a                   1.00   0.00  0.00  0.00  0.00  1.00  0.00  0.00  0.00  0.00
  1_4_a_1                 1.00   0.00  0.00  0.00  1.00  0.00  0.00  0.00  0.00  0.00
  TWT6                    1.00   0.00  0.00  0.00  1.00  0.00  0.00  0.00  0.00  0.00
  1_4_b                   1.00   0.00  0.00  0.00  1.00  0.00  0.00  0.00  0.00  0.00
  TWT7                    1.00   0.00  1.00  0.00  0.00  0.00  0.00  0.00  0.00  0.00
  1_5_a                   1.00   0.00  1.00  0.00  0.00  0.00  0.00  0.00  0.00  0.00
  1_6_b_1                 1.00   0.00  0.00  0.00  1.00  0.00  0.00  0.00  0.00  0.00
  1_7_a                   1.00   0.00  0.00  0.00  0.00  1.00  0.00  0.00  0.00  0.00
  1_7_a_                  1.00   0.00  0.00  0.00  0.00  1.00  0.00  0.00  1.00  0.00
  1_7_a__                 1.00   0.00  0.00  0.00  0.00  1.00  0.00  0.00  0.00  0.00
  1_7_a_1                 1.00   0.00  0.00  0.00  0.00  1.00  0.00  0.00  0.00  0.00
  1_8_a                   1.00   0.00  0.00  0.00  1.00  0.00  0.00  0.00  0.00  0.00
  
  
  *************************
  Conduit Surcharge Summary
  *************************
  
  ----------------------------------------------------------------------------
                                                           Hours        Hours 
                         --------- Hours Full --------   Above Full   Capacity
  Conduit                Both Ends  Upstream  Dnstream   Normal Flow   Limited
  ----------------------------------------------------------------------------
  Brunn_Fassung_L             0.01      0.01     24.00      0.01         0.01
  11                         23.99     23.99     23.99      0.02         0.01
  14                         23.99     23.99     24.00     23.99         0.01
  16                         24.00     24.00     24.00     23.99        23.99
  17                         24.00     24.00     24.00      0.01         0.01
  26                         23.99     24.00     23.99      0.01         0.01
  27                         23.97     23.97     23.97      0.01         0.01
  Schuettstein_L              0.01      0.01     23.98      0.01         0.01
  Brunnmuehle_L              24.00     24.00     24.00      0.01         0.01
  35                          0.01      0.01     23.86      0.01         0.01
  46                         24.00     24.00     24.00      0.01         0.01
  47                         24.00     24.00     24.00     24.00        24.00
  50                         23.98     23.98     23.99      0.01         0.01
  51                         23.97     23.97     23.99      0.01         0.01
  53                         24.00     24.00     24.00      0.01         0.01
  61                         23.99     23.99     23.99      0.01         0.01
  63                          0.01     23.97      0.01      0.01         0.01
  66                         23.91     23.97     23.91     23.96        23.91
  67                         23.99     23.99     24.00      0.01         0.01
  Amont_L                    24.00     24.00     24.00     24.00         0.01
  69                         23.92     23.92     24.00      0.01         0.01
  70                         23.92     23.92     24.00      0.01         0.01
  71                         23.98     23.98     23.99      0.01         0.01
  72                          0.01     23.98      0.01     23.98         0.01
  Sauser_L                    0.01      0.01     24.00      0.01         0.01
  75                          0.01     23.97      0.01      0.01         0.01
  Entw_Sto_L                 23.90     23.92     23.90     23.92        23.90
  4                          23.92     23.97     23.92     23.93        23.92
  5                          23.92     23.92     24.00      0.01         0.01
  6                           0.01      0.01     24.00      0.01         0.01
  7                          23.99     23.99     24.00      0.01         0.01
  Brunn_Teich_L               0.01      0.01     23.99      0.01         0.01
  9                           0.01      0.01     23.99      0.01         0.01
  12                         23.98     23.98     23.98      0.01         0.01
  15                         23.99     23.99     23.99      0.01         0.01
  18                         23.98     23.98     23.99      0.01         0.01
  19                         23.97     23.97     23.99      0.01         0.01
  21                          0.01      0.01     23.97      0.01         0.01
  23                          0.01     23.91      0.01      0.01         0.01
  25                         23.86     23.86     23.99      0.01         0.01
  33                         23.96     23.96     23.96      0.01         0.01
  13                         23.99     23.99     24.00      0.01         0.01
  22                         23.99     23.99     24.00      0.01         0.01
  24                         23.94     23.94     24.00      0.01         0.01
  30                         23.94     23.94     24.00      0.01         0.01
  34                          0.01      0.01     23.99      0.01         0.01
  38                         23.88     23.88     23.93      0.01         0.01
  48                         23.86     23.86     23.91      0.01         0.01
  54                          0.01      0.01     23.88      0.01         0.01
  1_2_b_1                    23.98     24.00     23.98     24.00        23.98
  1_2_b_2                     0.01      0.01     23.98      0.01         0.01
  1_2_b_3                    23.98     23.98     24.00      0.01         0.01
  1_4_a_1                    23.99     24.00     23.99     24.00        23.99
  1_6_b_1                    23.99     23.99     24.00      0.01         0.01
  1_7_a                       0.01      0.01      0.01     23.93         0.01
  1_7_a__                     0.01      0.01     24.00      0.01         0.01
  1_7_a_1                     0.01      0.01     24.00     23.99         0.01
  

  Analysis begun on:  Mon Aug 17 10:19:52 2026
  Analysis ended on:  Mon Aug 17 10:19:54 2026
  Total elapsed time: 00:00:02