
  EPA STORM WATER MANAGEMENT MODEL - VERSION 5.2 (Build 5.2.4)
  ------------------------------------------------------------

  Brunnmuehle (Twann) 
  WARNING 08: elevation drop exceeds length for Conduit SS3_L
  WARNING 08: elevation drop exceeds length for Conduit SS6_L
  WARNING 08: elevation drop exceeds length for Conduit 2
  WARNING 08: elevation drop exceeds length for Conduit 3
  WARNING 08: elevation drop exceeds length for Conduit 68
  WARNING 08: elevation drop exceeds length for Conduit 1_1_b_2
  WARNING 08: elevation drop exceeds length for Conduit 1_2_b_
  WARNING 08: elevation drop exceeds length for Conduit 1_2_b_2
  WARNING 08: elevation drop exceeds length for Conduit 1_3_b_2
  WARNING 08: elevation drop exceeds length for Conduit 1_4_b
  WARNING 08: elevation drop exceeds length for Conduit 1_5_a
  WARNING 04: minimum elevation drop used for Conduit 1_7_a
  WARNING 08: elevation drop exceeds length for Conduit 1_7_a_
  WARNING 08: elevation drop exceeds length for Conduit 1_7_a__
  WARNING 08: elevation drop exceeds length for Conduit 1_7_a_4
  WARNING 02: maximum depth increased for Node 2
  
  ****************
  Analysis Options
  ****************
  Flow Units ............... CMS
  Process Models:
    Rainfall/Runoff ........ NO
    RDII ................... NO
    Snowmelt ............... NO
    Groundwater ............ NO
    Flow Routing ........... YES
    Ponding Allowed ........ NO
    Water Quality .......... NO
  Flow Routing Method ...... DYNWAVE
  Surcharge Method ......... EXTRAN
  Starting Date ............ 01/01/2000 00:00:00
  Ending Date .............. 01/02/2000 00:00:00
  Antecedent Dry Days ...... 0.0
  Report Time Step ......... 01:00:00
  Routing Time Step ........ 0.50 sec
  Variable Time Step ....... YES
  Maximum Trials ........... 8
  Number of Threads ........ 1
  Head Tolerance ........... 0.001500 m
  
  
  **************************        Volume        Volume
  Flow Routing Continuity        hectare-m      10^6 ltr
  **************************     ---------     ---------
  Dry Weather Inflow .......         0.000         0.000
  Wet Weather Inflow .......         0.000         0.000
  Groundwater Inflow .......         0.000         0.000
  RDII Inflow ..............         0.000         0.000
  External Inflow ..........       207.725      2077.271
  External Outflow .........       197.690      1976.922
  Flooding Loss ............         0.000         0.001
  Evaporation Loss .........         0.000         0.000
  Exfiltration Loss ........         0.000         0.000
  Initial Stored Volume ....         0.057         0.565
  Final Stored Volume ......         0.583         5.831
  Continuity Error (%) .....         4.576
  
  
  *************************
  Highest Continuity Errors
  *************************
  Node TWT_Intersection_Sonsto_60+345 (-2635.31%)
  Node SonSto_F_sup (-252.33%)
  Node TWT_Acces_LT_60+110 (100.00%)
  Node 47 (99.68%)
  Node SondeSchuettstein (90.59%)
  
  
  ***************************
  Time-Step Critical Elements
  ***************************
  Link 1_4_a (20464.34%)
  Link 1_2_b_1 (3.55%)
  
  
  ********************************
  Highest Flow Instability Indexes
  ********************************
  All links are stable.
  
  
  *********************************
  Most Frequent Nonconverging Nodes
  *********************************
  Node Brunnm_Fassung (45.62%)
  Node Brunnmuehle(Teich) (45.62%)
  Node Fensterstollen (45.62%)
  Node Gischeren (45.62%)
  Node Schuettstein (45.62%)
  
  
  *************************
  Routing Time Step Summary
  *************************
  Minimum Time Step           :     0.50 sec
  Average Time Step           :     0.50 sec
  Maximum Time Step           :     0.50 sec
  % of Time in Steady State   :    99.51
  Average Iterations per Step :     5.42
  % of Steps Not Converging   :    45.62
  Time Step Frequencies       :
      0.500 -  0.500 sec      :   100.00 %
      0.500 -  0.500 sec      :     0.00 %
      0.500 -  0.500 sec      :     0.00 %
      0.500 -  0.500 sec      :     0.00 %
      0.500 -  0.500 sec      :     0.00 %
  
  
  ******************
  Node Depth Summary
  ******************
  
  ---------------------------------------------------------------------------------
                                 Average  Maximum  Maximum  Time of Max    Reported
                                   Depth    Depth      HGL   Occurrence   Max Depth
  Node                 Type       Meters   Meters   Meters  days hr:min      Meters
  ---------------------------------------------------------------------------------
  9                    JUNCTION    29.83    35.55   474.05     0  00:00       29.85
  Holiloch_sonde       JUNCTION    28.33    34.26   474.26     0  00:00       28.35
  11                   JUNCTION    39.44    41.58   451.58     0  00:00       39.45
  13                   JUNCTION    30.33    31.58   469.58     0  00:00       30.35
  21                   JUNCTION    38.34    38.35   438.35     0  00:07       38.35
  SonSto_F             JUNCTION     0.67     0.67   438.47     0  00:07        0.67
  Sondierstollen       JUNCTION     0.00     0.00   440.80     0  00:00        0.00
  Aval_Trappe          JUNCTION     0.87     0.87   438.47     0  00:07        0.87
  30                   JUNCTION     0.94     0.94   438.24     0  00:07        0.94
  Gischeren_node       JUNCTION     0.00     0.00   476.50     0  00:00        0.00
  34                   JUNCTION    17.64    18.00   438.00     0  00:00       17.65
  38                   JUNCTION    20.39    20.40   440.40     0  00:07       20.40
  SS6                  JUNCTION     0.02     0.02   448.02     0  00:03        0.02
  40                   JUNCTION    20.07    20.24   439.24     0  00:01       20.07
  41                   JUNCTION    30.83    46.21   483.71     0  00:00       30.85
  SondeSchuettstein    JUNCTION     9.34    13.54   472.54     0  00:01        9.35
  SS4                  JUNCTION     0.03     0.03   448.03     0  00:07        0.03
  47                   JUNCTION     3.44     3.50   468.40     0  00:03        3.45
  48                   JUNCTION     0.00     0.03   471.03     0  00:01        0.00
  SondeGischeren       JUNCTION     0.00     0.00   465.00     0  00:00        0.00
  49                   JUNCTION     2.33     2.40   468.40     0  00:03        2.33
  50                   JUNCTION     0.00     0.00   463.00     0  00:00        0.00
  51                   JUNCTION    49.37    52.63   472.63     0  00:00       49.39
  Amont_C              JUNCTION    54.45   141.12   559.12     0  00:00       54.47
  52                   JUNCTION     0.17     0.17   457.17     0  00:07        0.17
  53                   JUNCTION     1.13     1.14   468.14     0  00:06        1.13
  54                   JUNCTION     0.09     0.09   463.09     0  00:07        0.09
  56                   JUNCTION     6.11     6.15   436.15     0  00:00        6.11
  2                    JUNCTION     0.06     0.06   438.06     0  00:07        0.06
  4                    JUNCTION     8.31     9.26   437.26     0  00:00        8.32
  5                    JUNCTION     0.00     0.00   472.50     0  00:00        0.00
  6                    JUNCTION    10.34    10.40   468.40     0  00:03       10.35
  7                    JUNCTION     0.00     0.00   475.00     0  00:00        0.00
  SS3                  JUNCTION     0.00     0.00   448.00     0  00:00        0.00
  SS5                  JUNCTION     0.22     0.22   439.12     0  00:07        0.22
  8                    JUNCTION     0.00     0.00   474.00     0  00:00        0.00
  10                   JUNCTION     0.32     0.39   468.39     0  00:03        0.32
  SonSto_SS5           JUNCTION     0.00     0.00   439.30     0  00:07        0.00
  SonSto_SS3           JUNCTION     0.00     0.00   439.70     0  00:00        0.00
  SonSto_SS4           JUNCTION     0.02     0.02   439.42     0  00:07        0.02
  Amont_Trappe         JUNCTION     0.77     0.78   438.48     0  00:02        0.77
  SonSto_SS6           JUNCTION     0.02     0.02   438.72     0  00:06        0.02
  SS2                  JUNCTION     0.00     0.00   448.00     0  00:00        0.00
  SonSto_SS2           JUNCTION     0.00     0.00   441.50     0  00:00        0.00
  12                   JUNCTION     6.23     6.26   455.26     0  00:05        6.24
  14                   JUNCTION     0.83     0.83   465.83     0  00:06        0.83
  15                   JUNCTION     0.00     0.00   472.00     0  00:00        0.00
  TWT_PointHaut_60+650 JUNCTION     0.20     0.21   438.71     0  00:02        0.20
  TWT_Fensterstollen_60+375 JUNCTION     1.27     1.27   438.57     0  00:07        1.27
  TWT_Acces_LT_60+110  JUNCTION     1.29     1.29   438.79     0  00:07        1.29
  TWT_Liaison_LT_59+738 JUNCTION     0.00     0.00   450.60     0  00:00        0.00
  Syst_Est_amont       JUNCTION    18.46   100.00   530.00     0  00:04       18.51
  Syst_Est_interm      JUNCTION    26.64    32.89   442.89     0  00:03       26.71
  TWT_Branche_Est_Sonsto_60+540 JUNCTION     0.66     0.82   439.22     0  00:01        0.66
  TWT_Intersection_Sonsto_60+345 JUNCTION     1.48     1.63   438.63     0  00:06        1.48
  TWT_Chrosweg_61+140  JUNCTION     0.17     0.17   432.17     0  00:07        0.17
  SonSto_F_sup         JUNCTION     0.00     0.00   448.00     0  00:00        0.00
  SonSto_porte         JUNCTION     0.03     0.14   438.64     0  00:06        0.03
  Brunnm_Fassung       OUTFALL      0.09     0.09   433.89     0  00:07        0.09
  Brunnmuehle(Teich)   OUTFALL      0.19     0.19   435.69     0  00:07        0.19
  Fensterstollen       OUTFALL      0.87     0.87   437.87     0  00:07        0.87
  Gischeren            OUTFALL      0.00     0.00   480.00     0  00:00        0.00
  Schuettstein         OUTFALL      0.00     0.00   477.55     0  00:00        0.00
  Holiloch             OUTFALL      0.00     0.00   476.50     0  00:00        0.00
  Sauserquelle         OUTFALL      0.24     0.24   435.79     0  00:01        0.24
  Entw_Stollen         OUTFALL      0.06     0.06   436.56     0  00:07        0.06
  Sous_lacustre        OUTFALL      0.10     0.10   429.30     0  00:07        0.10
  Sous_ecoul.          OUTFALL      0.00     0.00   433.00     0  00:00        0.00
  Syst_Est_aval        OUTFALL      0.80     0.81   429.81     0  00:04        0.80
  TWT_Portail_Est_61+665 OUTFALL      0.16     0.16   421.76     0  00:07        0.16
  
  
  *******************
  Node Inflow Summary
  *******************
  
  -------------------------------------------------------------------------------------------------
                                  Maximum  Maximum                  Lateral       Total        Flow
                                  Lateral    Total  Time of Max      Inflow      Inflow     Balance
                                   Inflow   Inflow   Occurrence      Volume      Volume       Error
  Node                 Type           CMS      CMS  days hr:min    10^6 ltr    10^6 ltr     Percent
  -------------------------------------------------------------------------------------------------
  9                    JUNCTION         0     10.5     0  00:00           0        2.98       4.017
  Holiloch_sonde       JUNCTION         0     8.87     0  00:00           0        2.87       2.591
  11                   JUNCTION         0    0.208     0  00:00           0        17.3      -0.001
  13                   JUNCTION         0       23     0  00:00           0    1.88e+03       0.013
  21                   JUNCTION         0    0.309     0  00:07           0        26.7       0.003
  SonSto_F             JUNCTION         0    0.959     0  00:03           0        10.7     126.313
  Sondierstollen       JUNCTION         0        0     0  00:00           0           0       0.000 ltr
  Aval_Trappe          JUNCTION         0     9.91     0  00:07           0         854       0.508
  30                   JUNCTION         0     19.5     0  00:07           0    1.68e+03       6.286
  Gischeren_node       JUNCTION         0        0     0  00:00           0           0       0.000 ltr
  34                   JUNCTION         0    0.278     0  00:07           0          24       0.001
  38                   JUNCTION         0    0.203     0  00:00           0        16.1       0.001
  SS6                  JUNCTION         0   0.0284     0  00:03           0        2.02       0.247
  40                   JUNCTION         0    0.815     0  00:06           0        70.3       0.001
  41                   JUNCTION         0     3.12     0  00:00           0      0.0268      85.016
  SondeSchuettstein    JUNCTION         0    0.334     0  00:01           0      0.0122     962.670
  SS4                  JUNCTION         0   0.0188     0  00:07           0        1.62       0.156
  47                   JUNCTION         0     1.57     0  00:01           0      0.0345   31137.248
  48                   JUNCTION         0    0.158     0  00:01           0    0.000117      10.797
  SondeGischeren       JUNCTION         0        0     0  00:00           0           0       0.000 ltr
  49                   JUNCTION         0    0.211     0  00:02           0        2.62      21.918
  50                   JUNCTION         0        0     0  00:00           0           0       0.000 ltr
  51                   JUNCTION         0     40.1     0  00:00           0    1.98e+03      -0.001
  Amont_C              JUNCTION      22.9     46.8     0  00:00    1.98e+03    1.98e+03       0.013
  52                   JUNCTION         0    0.125     0  00:07           0        10.8       2.503
  53                   JUNCTION         0   0.0422     0  00:03           0        2.38      -0.742
  54                   JUNCTION         0    0.028     0  00:06           0         2.4       2.205
  56                   JUNCTION         0    0.514     0  00:01           0        43.3       0.000
  2                    JUNCTION         0   0.0399     0  00:06           0        2.04     132.634
  4                    JUNCTION         0    0.253     0  00:07           0        21.8       0.027
  5                    JUNCTION         0        0     0  00:00           0           0       0.000 ltr
  6                    JUNCTION         0     5.03     0  00:00           0         2.8       5.468
  7                    JUNCTION         0        0     0  00:00           0           0       0.000 ltr
  SS3                  JUNCTION         0        0     0  00:00           0           0       0.000 ltr
  SS5                  JUNCTION         0   0.0254     0  00:01           0        1.56      12.298
  8                    JUNCTION         0        0     0  00:00           0           0       0.000 ltr
  10                   JUNCTION         0   0.0416     0  00:03           0        2.15       6.058
  SonSto_SS5           JUNCTION         0 0.000914     0  00:07           0      0.0788       0.410
  SonSto_SS3           JUNCTION         0        0     0  00:00           0           0       0.000 ltr
  SonSto_SS4           JUNCTION         0   0.0188     0  00:07           0        1.62       0.191
  Amont_Trappe         JUNCTION         0     1.15     0  00:02           0        10.7      11.570
  SonSto_SS6           JUNCTION         0   0.0138     0  00:03           0        1.06       0.557
  SS2                  JUNCTION         0        0     0  00:00           0           0       0.000 ltr
  SonSto_SS2           JUNCTION         0        0     0  00:00           0           0       0.000 ltr
  12                   JUNCTION         0    0.263     0  00:01           0        20.8       0.018
  14                   JUNCTION         0    0.471     0  00:05           0        40.4      -0.008
  15                   JUNCTION         0   0.0535     0  00:00           0     2.7e-05     -98.541
  TWT_PointHaut_60+650 JUNCTION         0     3.77     0  00:03           0         232       0.284
  TWT_Fensterstollen_60+375 JUNCTION         0       22     0  00:06           0    1.82e+03       7.470
  TWT_Acces_LT_60+110  JUNCTION         0      6.7     0  00:04           0         162162433632.586 ltr
  TWT_Liaison_LT_59+738 JUNCTION         0        0     0  00:00           0           0       0.000 ltr
  Syst_Est_amont       JUNCTION      1.15     1.52     0  00:04        98.9        98.9       0.129
  Syst_Est_interm      JUNCTION         0     3.26     0  00:02           0         253       0.167
  TWT_Branche_Est_Sonsto_60+540 JUNCTION         0     11.3     0  00:04           0         974       0.602
  TWT_Intersection_Sonsto_60+345 JUNCTION         0     10.4     0  00:01           0        11.7     -96.344
  TWT_Chrosweg_61+140  JUNCTION         0    0.917     0  00:05           0        76.8      11.559
  SonSto_F_sup         JUNCTION         0 5.93e-05     0  00:00           0    0.000758     -71.618
  SonSto_porte         JUNCTION         0    0.491     0  00:06           0      0.0184     -99.806
  Brunnm_Fassung       OUTFALL          0   0.0253     0  00:07           0        2.18       0.000
  Brunnmuehle(Teich)   OUTFALL          0    0.247     0  00:07           0        21.4       0.000
  Fensterstollen       OUTFALL          0     18.4     0  00:07           0    1.58e+03       0.000
  Gischeren            OUTFALL          0        0     0  00:00           0           0       0.000 ltr
  Schuettstein         OUTFALL          0        0     0  00:00           0           0       0.000 ltr
  Holiloch             OUTFALL          0        0     0  00:00           0           0       0.000 ltr
  Sauserquelle         OUTFALL          0    0.514     0  00:01           0        43.3       0.000
  Entw_Stollen         OUTFALL          0   0.0102     0  00:07           0       0.878       0.000
  Sous_lacustre        OUTFALL          0   0.0307     0  00:07           0        2.65       0.000
  Sous_ecoul.          OUTFALL          0  0.00575     0  00:00           0        0.48       0.000
  Syst_Est_aval        OUTFALL          0     3.02     0  00:04           0         253       0.000
  TWT_Portail_Est_61+665 OUTFALL          0    0.799     0  00:07           0        68.9       0.000
  
  
  **********************
  Node Surcharge Summary
  **********************
  
  Surcharging occurs when water rises above the top of the highest conduit.
  ---------------------------------------------------------------------
                                               Max. Height   Min. Depth
                                   Hours       Above Crown    Below Rim
  Node                 Type      Surcharged         Meters       Meters
  ---------------------------------------------------------------------
  9                    JUNCTION       23.99         33.745       64.455
  Holiloch_sonde       JUNCTION       23.99         32.363      165.737
  11                   JUNCTION       24.00         41.121      108.419
  13                   JUNCTION       23.99         28.580      368.420
  21                   JUNCTION       24.00         37.747      111.653
  34                   JUNCTION       24.00         17.402       81.998
  38                   JUNCTION       24.00         19.802      129.598
  40                   JUNCTION       24.00         16.242       79.758
  41                   JUNCTION       23.99         45.359      203.791
  SondeSchuettstein    JUNCTION       23.98         12.739        0.000
  47                   JUNCTION       23.97          1.599       96.501
  51                   JUNCTION       24.00         48.635      347.365
  Amont_C              JUNCTION       24.00        138.119      258.881
  56                   JUNCTION       24.00          5.148       93.852
  4                    JUNCTION       23.99          8.613       90.737
  6                    JUNCTION       23.98          5.396      189.604
  12                   JUNCTION       23.98          5.906      193.744
  Syst_Est_amont       JUNCTION       23.93         99.000        0.000
  Syst_Est_interm      JUNCTION       23.94         31.394       67.106
  
  
  *********************
  Node Flooding Summary
  *********************
  
  Flooding refers to all water that overflows a node, whether it ponds or not.
  --------------------------------------------------------------------------
                                                             Total   Maximum
                                 Maximum   Time of Max       Flood    Ponded
                        Hours       Rate    Occurrence      Volume     Depth
  Node                 Flooded       CMS   days hr:min    10^6 ltr    Meters
  --------------------------------------------------------------------------
  Syst_Est_amont          0.01      1.16      0  00:04       0.001     0.000
  
  
  ***********************
  Outfall Loading Summary
  ***********************
  
  -----------------------------------------------------------
                         Flow       Avg       Max       Total
                         Freq      Flow      Flow      Volume
  Outfall Node           Pcnt       CMS       CMS    10^6 ltr
  -----------------------------------------------------------
  Brunnm_Fassung        99.95    0.0252    0.0253       2.180
  Brunnmuehle(Teich)    99.95     0.247     0.247      21.357
  Fensterstollen        99.98      18.3      18.4    1584.283
  Gischeren              0.00         0         0       0.000
  Schuettstein           0.00         0         0       0.000
  Holiloch               0.00         0         0       0.000
  Sauserquelle          99.98     0.502     0.514      43.329
  Entw_Stollen          99.96    0.0102    0.0102       0.878
  Sous_lacustre        100.00    0.0306    0.0307       2.647
  Sous_ecoul.           99.95   0.00556   0.00575       0.480
  Syst_Est_aval         99.73      2.94      3.02     252.890
  TWT_Portail_Est_61+665  99.96     0.797     0.799      68.869
  -----------------------------------------------------------
  System                74.95      22.9      22.9    1976.913
  
  
  ********************
  Link Flow Summary
  ********************
  
  -----------------------------------------------------------------------------
                                 Maximum  Time of Max   Maximum    Max/    Max/
                                  |Flow|   Occurrence   |Veloc|    Full    Full
  Link                 Type          CMS  days hr:min     m/sec    Flow   Depth
  -----------------------------------------------------------------------------
  Brunn_Fassung_L      CONDUIT    0.0253     0  00:07      1.15    0.42    0.73
  11                   CONDUIT      8.87     0  00:00      5.31    1.33    1.00
  14                   CONDUIT      10.5     0  00:00      7.14    5.69    1.00
  16                   CONDUIT     0.208     0  00:00      2.43    1.45    1.00
  17                   CONDUIT     0.206     0  00:00      0.73    0.35    1.00
  26                   CONDUIT      3.12     0  00:00      5.66    4.22    1.00
  27                   CONDUIT    0.0652     0  00:05      1.71    0.84    1.00
  Gischeren_L          CONDUIT         0     0  00:00      0.00    0.00    0.00
  Schuettstein_L       CONDUIT         0     0  00:00      0.00    0.00    0.03
  Brunnmuehle_L        CONDUIT     0.278     0  00:07      0.98    0.13    1.00
  32                   CONDUIT         0     0  00:00      0.00    0.00    0.00
  35                   CONDUIT         0     0  00:00      0.00    0.00    0.00
  45                   CONDUIT    0.0136     0  00:06      0.08    0.00    0.12
  46                   CONDUIT     0.514     0  00:01      1.82    0.51    1.00
  47                   CONDUIT    0.0887     0  00:00      2.33    5.53    1.00
  50                   CONDUIT     0.158     0  00:01      0.62    0.03    0.52
  51                   CONDUIT    0.0254     0  00:01      0.37    0.07    0.82
  53                   CONDUIT     0.203     0  00:00      1.22    1.03    1.00
  Fenster_L            CONDUIT      18.4     0  00:07     10.80    0.18    0.30
  58                   CONDUIT      9.82     0  00:03      7.25    0.13    0.30
  59                   CONDUIT  0.000626     0  00:07      0.15    0.00    0.00
  61                   CONDUIT     0.334     0  00:01      1.80    0.47    1.00
  63                   CONDUIT    0.0284     0  00:03      1.98    0.13    0.10
  66                   CONDUIT         0     0  00:00      0.00    0.00    0.00
  67                   CONDUIT        23     0  00:00      5.49    0.23    1.00
  Amont_L              CONDUIT      40.1     0  00:00      5.67    2.17    1.00
  69                   CONDUIT     0.125     0  00:07      1.30    0.49    0.72
  70                   CONDUIT     0.122     0  00:07      1.27    0.38    0.72
  71                   CONDUIT    0.0422     0  00:03      0.30    0.07    0.69
  72                   CONDUIT     0.028     0  00:06      0.87    0.13    0.12
  Sauser_L             CONDUIT     0.514     0  00:01      1.00    0.13    0.62
  75                   CONDUIT    0.0188     0  00:07      2.08    0.19    0.24
  Entw_Sto_L           CONDUIT    0.0102     0  00:07      1.38    0.24    0.33
  4                    CONDUIT   0.00844     0  00:07      0.86    0.38    0.38
  5                    CONDUIT    0.0139     0  00:07      0.77    0.49    0.67
  6                    CONDUIT    0.0307     0  00:07      1.23    0.46    0.74
  7                    CONDUIT     0.253     0  00:07      1.37    0.39    1.00
  Brunn_Teich_L        CONDUIT     0.247     0  00:07      1.09    0.19    0.65
  9                    CONDUIT   0.00575     0  00:00      1.45    0.00    0.50
  12                   CONDUIT         0     0  00:00      0.00    0.00    0.50
  15                   CONDUIT      5.03     0  00:00      3.21    0.13    1.00
  18                   CONDUIT      1.57     0  00:01      1.02    0.06    1.00
  19                   CONDUIT     0.211     0  00:02      0.46    0.20    0.74
  20                   CONDUIT     0.573     0  00:03      1.42    0.05    0.82
  21                   CONDUIT         0     0  00:00      0.00    0.00    0.00
  Hooliloch_L          CONDUIT         0     0  00:00      0.00    0.00    0.00
  23                   CONDUIT         0     0  00:00      0.00    0.00    0.00
  25                   CONDUIT         0     0  00:00      0.00    0.00    0.50
  28                   CONDUIT         0     0  00:00      0.00    0.00    0.00
  29                   CONDUIT  0.000914     0  00:07      0.21    0.00    0.00
  31                   CONDUIT         0     0  00:00      0.00    0.00    0.00
  33                   CONDUIT    0.0416     0  00:03      0.25    0.02    0.17
  37                   CONDUIT  0.000284     0  00:07      0.00    0.00    0.04
  SS3_L                CONDUIT         0     0  00:00      0.00    0.00    0.00
  40                   CONDUIT     0.959     0  00:03      0.76    0.01    0.18
  SS6_L                CONDUIT    0.0136     0  00:03      2.55    0.00    0.01
  1                    CONDUIT         0     0  00:00      0.00    0.00    0.00
  2                    CONDUIT         0     0  00:00      0.00    0.00    0.00
  3                    CONDUIT    0.0188     0  00:07      3.15    0.00    0.03
  10                   CONDUIT    0.0178     0  00:07      0.19    0.00    0.04
  13                   CONDUIT     0.263     0  00:01      2.95    0.57    1.00
  22                   CONDUIT     0.241     0  00:03      2.51    0.60    1.00
  24                   CONDUIT     0.471     0  00:05      1.09    0.00    0.60
  30                   CONDUIT      0.47     0  00:06      1.08    0.20    0.60
  34                   CONDUIT    0.0535     0  00:00      0.45    0.06    0.50
  36                   CONDUIT  5.93e-05     0  00:00      0.00    0.00    0.00
  38                   CONDUIT         0     0  00:00      0.00    0.00    0.00
  48                   CONDUIT      1.15     0  00:04      2.62    0.77    1.00
  54                   CONDUIT      3.02     0  00:04      2.06    0.57    0.77
  68                   CONDUIT  4.95e-05     0  00:01      0.02    0.00    0.11
  73                   CONDUIT    0.0182     0  00:06      0.34    0.00    0.05
  TWT1                 CONDUIT     0.799     0  00:07      3.23    0.00    0.02
  TWT2                 CONDUIT     0.917     0  00:05      3.92    0.00    0.02
  1_1_b_2              CONDUIT      1.06     0  00:02      3.77    0.10    0.61
  TWT3                 CONDUIT      3.26     0  00:02      2.93    0.01    0.06
  TWT4                 CONDUIT      10.7     0  00:02      3.62    0.02    0.12
  1_2_b_               CONDUIT         0     0  00:00      0.00    0.00    0.14
  1_2_b_1              CONDUIT      10.8     0  00:04     18.98    6.55    1.00
  1_2_b_2              CONDUIT  5.28e-06     0  00:00      0.00    0.00    0.50
  1_3_b_2              CONDUIT      1.06     0  00:02      3.77    0.10    0.61
  TWT5                 CONDUIT      10.4     0  00:01      4.96    0.01    0.17
  1_4_a                CONDUIT      9.91     0  00:07      4.83    0.15    0.36
  TWT6                 CONDUIT       6.7     0  00:04      1.79    0.02    0.18
  1_4_b                CONDUIT      2.14     0  00:06      1.26    0.00    0.29
  TWT7                 CONDUIT         0     0  00:00      0.00    0.00    0.08
  1_5_a                CONDUIT         0     0  00:00      0.00    0.00    0.02
  1_7_a                CONDUIT      10.1     0  00:03      3.50    2.30    0.22
  1_7_a_               CONDUIT   2.5e-05     0  00:00      0.00    0.00    0.41
  1_7_a__              CONDUIT     0.396     0  00:00      0.92    0.01    0.91
  1_7_a_1              CONDUIT      11.1     0  00:02     15.76    8.90    0.91
  1_7_a_4              CONDUIT     0.015     0  00:03      0.06    0.00    0.41
  
  
  ***************************
  Flow Classification Summary
  ***************************
  
  -------------------------------------------------------------------------------------
                      Adjusted    ---------- Fraction of Time in Flow Class ---------- 
                       /Actual         Up    Down  Sub   Sup   Up    Down  Norm  Inlet 
  Conduit               Length    Dry  Dry   Dry   Crit  Crit  Crit  Crit  Ltd   Ctrl  
  -------------------------------------------------------------------------------------
  Brunn_Fassung_L         1.00   0.00  0.00  0.00  0.00  1.00  0.00  0.00  0.00  0.00
  11                      1.00   0.00  0.00  0.00  1.00  0.00  0.00  0.00  0.00  0.00
  14                      1.00   0.00  0.00  0.00  1.00  0.00  0.00  0.00  0.00  0.00
  16                      1.00   0.00  0.00  0.00  1.00  0.00  0.00  0.00  0.00  0.00
  17                      1.00   0.00  0.00  0.00  1.00  0.00  0.00  0.00  0.00  0.00
  26                      1.00   0.00  0.00  0.00  1.00  0.00  0.00  0.00  0.00  0.00
  27                      1.00   0.00  0.00  0.00  1.00  0.00  0.00  0.00  0.00  0.00
  Gischeren_L             1.00   1.00  0.00  0.00  0.00  0.00  0.00  0.00  0.00  0.00
  Schuettstein_L          1.00   1.00  0.00  0.00  0.00  0.00  0.00  0.00  0.00  0.00
  Brunnmuehle_L           1.00   0.00  0.00  0.00  1.00  0.00  0.00  0.00  0.00  0.00
  32                      1.00   1.00  0.00  0.00  0.00  0.00  0.00  0.00  0.00  0.00
  35                      1.00   1.00  0.00  0.00  0.00  0.00  0.00  0.00  0.00  0.00
  45                      1.00   0.00  0.00  0.00  1.00  0.00  0.00  0.00  1.00  0.00
  46                      1.00   0.00  0.00  0.00  1.00  0.00  0.00  0.00  0.00  0.00
  47                      1.00   0.00  0.00  0.00  1.00  0.00  0.00  0.00  0.00  0.00
  50                      1.00   0.00  1.00  0.00  0.00  0.00  0.00  0.00  1.00  0.00
  51                      1.00   0.00  0.00  0.00  1.00  0.00  0.00  0.00  0.00  0.00
  53                      1.00   0.00  0.00  0.00  1.00  0.00  0.00  0.00  0.00  0.00
  Fenster_L               1.00   0.00  0.00  0.00  0.00  1.00  0.00  0.00  0.00  0.00
  58                      1.00   0.00  0.00  0.00  0.00  1.00  0.00  0.00  0.00  0.00
  59                      1.00   0.00  0.00  0.00  1.00  0.00  0.00  0.00  1.00  0.00
  61                      1.00   0.00  0.00  0.00  1.00  0.00  0.00  0.00  0.00  0.00
  63                      1.00   0.00  0.00  0.00  0.00  1.00  0.00  0.00  0.00  0.00
  66                      1.00   1.00  0.00  0.00  0.00  0.00  0.00  0.00  0.00  0.00
  67                      1.00   0.00  0.00  0.00  1.00  0.00  0.00  0.00  0.00  0.00
  Amont_L                 1.00   0.00  0.00  0.00  1.00  0.00  0.00  0.00  0.00  0.00
  69                      1.00   0.00  0.00  0.00  1.00  0.00  0.00  0.00  0.00  0.00
  70                      1.00   0.00  0.00  0.00  1.00  0.00  0.00  0.00  0.00  0.00
  71                      1.00   0.00  0.00  0.00  1.00  0.00  0.00  0.00  0.00  0.00
  72                      1.00   0.00  0.00  0.00  1.00  0.00  0.00  0.00  0.00  0.00
  Sauser_L                1.00   0.00  0.00  0.00  1.00  0.00  0.00  0.00  0.00  0.00
  75                      1.00   0.00  0.00  0.00  0.00  1.00  0.00  0.00  0.00  0.00
  Entw_Sto_L              1.00   0.00  0.00  0.00  0.00  1.00  0.00  0.00  0.00  0.00
  4                       1.00   0.00  0.00  0.00  0.00  1.00  0.00  0.00  0.00  0.00
  5                       1.00   0.00  0.00  0.00  1.00  0.00  0.00  0.00  0.00  0.00
  6                       1.00   0.00  0.00  0.00  0.00  1.00  0.00  0.00  0.00  0.00
  7                       1.00   0.00  0.00  0.00  1.00  0.00  0.00  0.00  0.00  0.00
  Brunn_Teich_L           1.00   0.00  0.00  0.00  1.00  0.00  0.00  0.00  0.00  0.00
  9                       1.00   0.00  0.00  0.00  0.00  1.00  0.00  0.00  0.00  0.00
  12                      1.00   0.00  1.00  0.00  0.00  0.00  0.00  0.00  0.00  0.00
  15                      1.00   0.00  0.00  0.00  1.00  0.00  0.00  0.00  0.00  0.00
  18                      1.00   0.00  0.00  0.00  1.00  0.00  0.00  0.00  0.00  0.00
  19                      1.00   0.00  0.00  0.00  1.00  0.00  0.00  0.00  0.00  0.00
  20                      1.00   0.00  0.00  0.00  1.00  0.00  0.00  0.00  0.00  0.00
  21                      1.00   1.00  0.00  0.00  0.00  0.00  0.00  0.00  0.00  0.00
  Hooliloch_L             1.00   1.00  0.00  0.00  0.00  0.00  0.00  0.00  0.00  0.00
  23                      1.00   1.00  0.00  0.00  0.00  0.00  0.00  0.00  0.00  0.00
  25                      1.00   0.00  1.00  0.00  0.00  0.00  0.00  0.00  0.00  0.00
  28                      1.00   0.00  1.00  0.00  0.00  0.00  0.00  0.00  0.00  0.00
  29                      1.00   0.00  0.00  0.00  1.00  0.00  0.00  0.00  0.00  0.00
  31                      1.00   1.00  0.00  0.00  0.00  0.00  0.00  0.00  0.00  0.00
  33                      1.00   0.00  0.00  0.00  1.00  0.00  0.00  0.00  0.00  0.00
  37                      1.00   0.00  0.00  0.00  1.00  0.00  0.00  0.00  1.00  0.00
  SS3_L                   1.00   1.00  0.00  0.00  0.00  0.00  0.00  0.00  0.00  0.00
  40                      1.00   0.00  0.00  0.00  1.00  0.00  0.00  0.00  0.00  0.00
  SS6_L                   1.00   0.00  0.00  0.00  0.00  1.00  0.00  0.00  1.00  0.00
  1                       1.00   1.00  0.00  0.00  0.00  0.00  0.00  0.00  0.00  0.00
  2                       1.00   1.00  0.00  0.00  0.00  0.00  0.00  0.00  0.00  0.00
  3                       1.00   0.00  0.00  0.00  0.00  1.00  0.00  0.00  0.00  0.00
  10                      1.00   0.00  0.00  0.00  1.00  0.00  0.00  0.00  1.00  0.00
  13                      1.00   0.00  0.00  0.00  1.00  0.00  0.00  0.00  0.00  0.00
  22                      1.00   0.00  0.00  0.00  1.00  0.00  0.00  0.00  0.00  0.00
  24                      1.00   0.00  0.00  0.00  1.00  0.00  0.00  0.00  0.00  0.00
  30                      1.00   0.00  0.00  0.00  1.00  0.00  0.00  0.00  1.00  0.00
  34                      1.00   0.00  0.00  0.00  1.00  0.00  0.00  0.00  1.00  0.00
  36                      1.00   0.00  0.00  0.00  0.00  1.00  0.00  0.00  0.00  0.00
  38                      1.00   1.00  0.00  0.00  0.00  0.00  0.00  0.00  0.00  0.00
  48                      1.00   0.00  0.00  0.00  1.00  0.00  0.00  0.00  0.00  0.00
  54                      1.00   0.00  0.00  0.00  1.00  0.00  0.00  0.00  0.00  0.00
  68                      1.00   0.00  0.00  0.00  1.00  0.00  0.00  0.00  1.00  0.00
  73                      1.00   0.00  0.00  0.00  1.00  0.00  0.00  0.00  1.00  0.00
  TWT1                    1.00   0.00  0.00  0.00  0.00  1.00  0.00  0.00  0.00  0.00
  TWT2                    1.00   0.00  0.00  0.00  0.00  1.00  0.00  0.00  0.00  0.00
  1_1_b_2                 1.00   0.00  0.00  0.00  1.00  0.00  0.00  0.00  1.00  0.00
  TWT3                    1.00   0.00  0.00  0.00  0.00  1.00  0.00  0.00  0.00  0.00
  TWT4                    1.00   0.00  0.00  0.00  1.00  0.00  0.00  0.00  0.00  0.00
  1_2_b_                  1.00   0.00  1.00  0.00  0.00  0.00  0.00  0.00  0.00  0.00
  1_2_b_1                 1.00   0.00  0.00  0.00  1.00  0.00  0.00  0.00  0.00  0.00
  1_2_b_2                 1.00   0.00  0.00  0.00  1.00  0.00  0.00  0.00  1.00  0.00
  1_3_b_2                 1.00   0.00  0.00  0.00  1.00  0.00  0.00  0.00  1.00  0.00
  TWT5                    1.00   0.00  0.00  0.00  1.00  0.00  0.00  0.00  0.00  0.00
  1_4_a                   1.00   0.00  0.00  0.00  0.00  1.00  0.00  0.00  0.00  0.00
  TWT6                    1.00   0.00  0.00  0.00  1.00  0.00  0.00  0.00  0.00  0.00
  1_4_b                   1.00   0.00  0.00  0.00  1.00  0.00  0.00  0.00  1.00  0.00
  TWT7                    1.00   0.00  1.00  0.00  0.00  0.00  0.00  0.00  0.00  0.00
  1_5_a                   1.00   0.00  1.00  0.00  0.00  0.00  0.00  0.00  0.00  0.00
  1_7_a                   1.00   0.00  0.00  0.00  0.00  1.00  0.00  0.00  0.00  0.00
  1_7_a_                  1.00   0.00  0.00  0.00  1.00  0.00  0.00  0.00  1.00  0.00
  1_7_a__                 1.00   0.00  0.00  0.00  1.00  0.00  0.00  0.00  0.00  0.00
  1_7_a_1                 1.00   0.00  0.00  0.00  0.00  1.00  0.00  0.00  0.00  0.00
  1_7_a_4                 1.00   0.00  0.00  0.00  1.00  0.00  0.00  0.00  1.00  0.00
  
  
  *************************
  Conduit Surcharge Summary
  *************************
  
  ----------------------------------------------------------------------------
                                                           Hours        Hours 
                         --------- Hours Full --------   Above Full   Capacity
  Conduit                Both Ends  Upstream  Dnstream   Normal Flow   Limited
  ----------------------------------------------------------------------------
  Brunn_Fassung_L             0.01      0.01     24.00      0.01         0.01
  11                         23.99     23.99     23.99      0.01         0.01
  14                         23.99     23.99     24.00      0.02         0.01
  16                         24.00     24.00     24.00     23.99        23.99
  17                         24.00     24.00     24.00      0.01         0.01
  26                         23.99     24.00     23.99      0.01         0.01
  27                         23.97     23.97     23.98      0.01         0.01
  Brunnmuehle_L              24.00     24.00     24.00      0.01         0.01
  46                         24.00     24.00     24.00      0.01         0.01
  47                         24.00     24.00     24.00     24.00        24.00
  50                          0.01      0.01     23.98      0.01         0.01
  51                          0.01      0.01     23.99      0.01         0.01
  53                         24.00     24.00     24.00      0.01         0.01
  61                         23.98     23.98     23.99      0.01         0.01
  67                         23.99     23.99     24.00      0.01         0.01
  Amont_L                    24.00     24.00     24.00     24.00         0.01
  69                          0.01      0.01     24.00      0.01         0.01
  70                          0.01      0.01     24.00      0.01         0.01
  71                          0.01      0.01     23.99      0.01         0.01
  Sauser_L                    0.01      0.01     24.00      0.01         0.01
  5                           0.01      0.01     24.00      0.01         0.01
  6                           0.01      0.01     24.00      0.01         0.01
  7                          23.99     23.99     24.00      0.01         0.01
  Brunn_Teich_L               0.01      0.01     23.99      0.01         0.01
  9                           0.01      0.01     23.99      0.01         0.01
  15                         23.98     23.98     23.99      0.01         0.01
  18                         23.97     23.97     23.98      0.01         0.01
  19                          0.01      0.01     23.98      0.01         0.01
  13                         23.98     23.98     24.00      0.01         0.01
  22                         23.98     23.98     24.00      0.01         0.01
  24                          0.01      0.01     24.00      0.01         0.01
  30                          0.01      0.01     24.00      0.01         0.01
  34                          0.01      0.01     23.99      0.01         0.01
  48                         23.93     23.93     23.95      0.01         0.01
  54                          0.01      0.01     23.94      0.01         0.01
  1_1_b_2                     0.01      0.01     23.95      0.01         0.01
  1_2_b_1                    23.95     24.00     23.95     24.00        23.95
  1_2_b_2                     0.01      0.01     23.95      0.01         0.01
  1_3_b_2                     0.01      0.01     23.95      0.01         0.01
  1_7_a                       0.01      0.01      0.01     23.95         0.01
  1_7_a__                     0.01      0.01     24.00      0.01         0.01
  1_7_a_1                     0.01      0.01     24.00     23.99         0.01
  

  Analysis begun on:  Thu Aug 13 11:40:32 2026
  Analysis ended on:  Thu Aug 13 11:40:34 2026
  Total elapsed time: 00:00:02