
  EPA STORM WATER MANAGEMENT MODEL - VERSION 5.2 (Build 5.2.4)
  ------------------------------------------------------------

  Brunnmuehle (Twann) 
  WARNING 08: elevation drop exceeds length for Conduit SS3_L
  WARNING 08: elevation drop exceeds length for Conduit SS6_L
  WARNING 08: elevation drop exceeds length for Conduit 2
  WARNING 08: elevation drop exceeds length for Conduit 3
  WARNING 08: elevation drop exceeds length for Conduit 68
  WARNING 08: elevation drop exceeds length for Conduit 1_2_b_
  WARNING 08: elevation drop exceeds length for Conduit 1_2_b_2
  WARNING 08: elevation drop exceeds length for Conduit 1_2_b_3
  WARNING 08: elevation drop exceeds length for Conduit 1_2_b_6
  WARNING 02: maximum depth increased for Node 2
  
  ****************
  Analysis Options
  ****************
  Flow Units ............... CMS
  Process Models:
    Rainfall/Runoff ........ NO
    RDII ................... NO
    Snowmelt ............... NO
    Groundwater ............ NO
    Flow Routing ........... YES
    Ponding Allowed ........ NO
    Water Quality .......... NO
  Flow Routing Method ...... DYNWAVE
  Surcharge Method ......... EXTRAN
  Starting Date ............ 01/01/2000 00:00:00
  Ending Date .............. 01/02/2000 00:00:00
  Antecedent Dry Days ...... 0.0
  Report Time Step ......... 01:00:00
  Routing Time Step ........ 0.50 sec
  Variable Time Step ....... YES
  Maximum Trials ........... 8
  Number of Threads ........ 1
  Head Tolerance ........... 0.001500 m
  
  
  **************************        Volume        Volume
  Flow Routing Continuity        hectare-m      10^6 ltr
  **************************     ---------     ---------
  Dry Weather Inflow .......         0.000         0.000
  Wet Weather Inflow .......         0.000         0.000
  Groundwater Inflow .......         0.000         0.000
  RDII Inflow ..............         0.000         0.000
  External Inflow ..........       166.906      1669.074
  External Outflow .........       158.540      1585.412
  Flooding Loss ............         0.000         0.000
  Evaporation Loss .........         0.000         0.000
  Exfiltration Loss ........         0.000         0.000
  Initial Stored Volume ....         0.056         0.562
  Final Stored Volume ......         0.349         3.491
  Continuity Error (%) .....         4.835
  
  
  *************************
  Highest Continuity Errors
  *************************
  Node Syst_Est_interm (100.00%)
  Node 54 (72.08%)
  Node 2 (60.29%)
  Node 8 (59.06%)
  Node TWT_Chrosweg_61+140 (40.66%)
  
  
  ***************************
  Time-Step Critical Elements
  ***************************
  Link 20 (28868.23%)
  Link 1_2_b_1 (5.35%)
  Link 1_2_b_2 (1.51%)
  
  
  ********************************
  Highest Flow Instability Indexes
  ********************************
  All links are stable.
  
  
  *********************************
  Most Frequent Nonconverging Nodes
  *********************************
  Node Brunnm_Fassung (70.07%)
  Node Brunnmuehle(Teich) (70.07%)
  Node Fensterstollen (70.07%)
  Node Gischeren (70.07%)
  Node Schuettstein (70.07%)
  
  
  *************************
  Routing Time Step Summary
  *************************
  Minimum Time Step           :     0.50 sec
  Average Time Step           :     0.50 sec
  Maximum Time Step           :     0.50 sec
  % of Time in Steady State   :    99.65
  Average Iterations per Step :     7.79
  % of Steps Not Converging   :    70.07
  Time Step Frequencies       :
      0.500 -  0.500 sec      :   100.00 %
      0.500 -  0.500 sec      :     0.00 %
      0.500 -  0.500 sec      :     0.00 %
      0.500 -  0.500 sec      :     0.00 %
      0.500 -  0.500 sec      :     0.00 %
  
  
  ******************
  Node Depth Summary
  ******************
  
  ---------------------------------------------------------------------------------
                                 Average  Maximum  Maximum  Time of Max    Reported
                                   Depth    Depth      HGL   Occurrence   Max Depth
  Node                 Type       Meters   Meters   Meters  days hr:min      Meters
  ---------------------------------------------------------------------------------
  9                    JUNCTION    48.39    56.46   494.96     0  00:00       48.43
  Holiloch_sonde       JUNCTION    43.05    45.53   485.53     0  00:01       43.08
  11                   JUNCTION    54.95    56.48   466.48     0  00:03       54.96
  13                   JUNCTION    67.68    69.14   507.14     0  00:03       67.71
  21                   JUNCTION    42.63    44.12   444.12     0  00:03       42.65
  SonSto_F             JUNCTION     0.75     0.75   438.55     0  00:04        0.75
  Sondierstollen       JUNCTION     1.45     1.51   442.31     0  00:04        1.45
  Aval_Trappe          JUNCTION     0.85     0.85   438.45     0  00:04        0.85
  30                   JUNCTION     0.69     0.69   437.99     0  00:04        0.69
  Gischeren_node       JUNCTION     0.03     0.03   476.53     0  00:04        0.03
  34                   JUNCTION    20.73    21.59   441.59     0  00:03       20.74
  38                   JUNCTION    26.76    28.17   448.17     0  00:03       26.78
  SS6                  JUNCTION     0.05     0.06   448.06     0  00:02        0.05
  40                   JUNCTION    33.04    33.59   452.59     0  00:01       33.05
  41                   JUNCTION    67.73    69.16   506.66     0  00:03       67.76
  SondeSchuettstein    JUNCTION    23.87    24.09   483.09     0  00:03       23.88
  SS4                  JUNCTION     0.06     0.06   448.06     0  00:04        0.06
  47                   JUNCTION    14.72    16.19   481.09     0  00:01       14.73
  48                   JUNCTION    11.32    11.52   482.52     0  00:03       11.33
  SondeGischeren       JUNCTION    11.61    13.33   478.33     0  00:03       11.63
  49                   JUNCTION    14.77    16.59   482.59     0  00:02       14.80
  50                   JUNCTION     6.04     6.87   469.87     0  00:03        6.05
  51                   JUNCTION    86.22    87.67   507.67     0  00:03       86.25
  Amont_C              JUNCTION    90.20    93.26   511.26     0  00:00       90.23
  52                   JUNCTION    17.40    32.56   489.56     0  00:03       17.44
  53                   JUNCTION    20.77    29.05   496.05     0  00:01       20.78
  54                   JUNCTION     2.45     2.46   465.46     0  00:04        2.46
  56                   JUNCTION     6.81     7.22   437.22     0  00:01        6.82
  2                    JUNCTION     0.08     0.08   438.08     0  00:04        0.08
  4                    JUNCTION     9.03     9.43   437.43     0  00:00        9.03
  5                    JUNCTION     6.35     6.40   478.90     0  00:03        6.36
  6                    JUNCTION    22.95    25.60   483.60     0  00:01       22.97
  7                    JUNCTION     3.84     3.87   478.87     0  00:03        3.85
  SS3                  JUNCTION     0.07     0.07   448.07     0  00:04        0.07
  SS5                  JUNCTION     0.93     1.23   440.13     0  00:04        0.93
  8                    JUNCTION     2.77     2.78   476.78     0  00:04        2.78
  10                   JUNCTION    12.76    14.64   482.64     0  00:02       12.78
  SonSto_SS5           JUNCTION     0.45     0.59   439.89     0  00:04        0.45
  SonSto_SS3           JUNCTION     0.46     0.58   440.28     0  00:04        0.47
  SonSto_SS4           JUNCTION     0.45     0.54   439.94     0  00:04        0.45
  Amont_Trappe         JUNCTION     0.81     0.81   438.51     0  00:04        0.81
  SonSto_SS6           JUNCTION     0.42     0.51   439.21     0  00:04        0.42
  SS2                  JUNCTION     0.00     0.00   448.00     0  00:00        0.00
  SonSto_SS2           JUNCTION     0.33     0.33   441.83     0  00:04        0.33
  12                   JUNCTION    31.93    32.80   481.80     0  00:03       31.95
  14                   JUNCTION    21.71    26.00   491.00     0  00:01       21.73
  15                   JUNCTION     0.42     0.42   472.42     0  00:03        0.42
  TWT_PointHaut_60+650 JUNCTION     0.03     0.03   442.53     0  00:04        0.03
  TWT_Fensterstollen_60+375 JUNCTION     1.64     1.65   442.95     0  00:04        1.65
  TWT_Acces_LT_60+110  JUNCTION     0.00     0.00   441.50     0  00:00        0.00
  TWT_Liaison_LT_59+738 JUNCTION     0.00     0.00   450.60     0  00:00        0.00
  Syst_Est_amont       JUNCTION     0.58     0.60   430.60     0  00:03        0.58
  Syst_Est_interm      JUNCTION     0.72     0.72   410.72     0  00:04        0.72
  TWT_Branche_Est_Sonsto_60+540 JUNCTION     0.31     0.31   442.71     0  00:04        0.31
  TWT_Intersection_Sonsto_60+345 JUNCTION     0.00     0.00   440.90     0  00:00        0.00
  TWT_Chrosweg_61+140  JUNCTION     0.07     0.07   432.07     0  00:04        0.07
  SonSto_F_sup         JUNCTION     0.07     0.07   448.07     0  00:03        0.07
  SonSto_porte         JUNCTION     0.00     0.00   438.50     0  00:00        0.00
  Brunnm_Fassung       OUTFALL      0.11     0.11   433.91     0  00:03        0.11
  Brunnmuehle(Teich)   OUTFALL      0.25     0.25   435.75     0  00:03        0.25
  Fensterstollen       OUTFALL      0.47     0.48   437.48     0  00:04        0.48
  Gischeren            OUTFALL      0.00     0.00   480.00     0  00:00        0.00
  Schuettstein         OUTFALL      0.28     0.28   477.83     0  00:03        0.28
  Holiloch             OUTFALL      1.88     1.89   478.39     0  00:03        1.88
  Sauserquelle         OUTFALL      0.37     0.37   435.92     0  00:03        0.37
  Entw_Stollen         OUTFALL      0.08     0.08   436.58     0  00:04        0.08
  Sous_lacustre        OUTFALL      0.11     0.11   429.31     0  00:03        0.11
  Sous_ecoul.          OUTFALL      0.00     0.00   433.00     0  00:03        0.00
  Syst_Est_aval        OUTFALL      0.00     0.00   429.00     0  00:00        0.00
  TWT_Portail_Est_61+665 OUTFALL      0.05     0.05   421.65     0  00:04        0.05
  
  
  *******************
  Node Inflow Summary
  *******************
  
  -------------------------------------------------------------------------------------------------
                                  Maximum  Maximum                  Lateral       Total        Flow
                                  Lateral    Total  Time of Max      Inflow      Inflow     Balance
                                   Inflow   Inflow   Occurrence      Volume      Volume       Error
  Node                 Type           CMS      CMS  days hr:min    10^6 ltr    10^6 ltr     Percent
  -------------------------------------------------------------------------------------------------
  9                    JUNCTION         0     16.6     0  00:00           0         973       0.014
  Holiloch_sonde       JUNCTION         0     14.3     0  00:00           0         923       0.031
  11                   JUNCTION         0    0.296     0  00:00           0          25       0.001
  13                   JUNCTION         0     18.3     0  00:00           0    1.34e+03       0.011
  21                   JUNCTION         0    0.506     0  00:03           0        43.1       0.003
  SonSto_F             JUNCTION         0     6.55     0  00:04           0         561       1.546
  Sondierstollen       JUNCTION         0     3.28     0  00:04           0         283       0.000
  Aval_Trappe          JUNCTION         0     6.31     0  00:04           0         543       2.130
  30                   JUNCTION         0     6.26     0  00:04           0         539      13.131
  Gischeren_node       JUNCTION         0    0.163     0  00:04           0        14.114072025.297 ltr
  34                   JUNCTION         0    0.467     0  00:03           0        39.7      -0.000
  38                   JUNCTION         0    0.285     0  00:00           0        22.9      -0.002
  SS6                  JUNCTION         0    0.166     0  00:02           0        13.6       0.003
  40                   JUNCTION         0     2.34     0  00:03           0         200       0.002
  41                   JUNCTION         0     3.46     0  00:00           0        60.5       0.003
  SondeSchuettstein    JUNCTION         0    0.778     0  00:00           0        60.5       0.056
  SS4                  JUNCTION         0   0.0827     0  00:04           0        7.14       0.077
  47                   JUNCTION         0     11.6     0  00:01           0         892       0.019
  48                   JUNCTION         0    0.719     0  00:03           0        60.5      -0.008
  SondeGischeren       JUNCTION         0    0.439     0  00:03           0        17.4       0.308
  49                   JUNCTION         0     1.12     0  00:01           0        13.7       1.016
  50                   JUNCTION         0    0.181     0  00:03           0        12.7       0.025
  51                   JUNCTION         0       34     0  00:00           0    1.59e+03       0.004
  Amont_C              JUNCTION      18.4     43.2     0  00:00    1.59e+03    1.59e+03       0.016
  52                   JUNCTION         0    0.316     0  00:03           0        20.2       0.104
  53                   JUNCTION         0    0.491     0  00:01           0        31.9       0.028
  54                   JUNCTION         0    0.369     0  00:04           0        31.9     258.215
  56                   JUNCTION         0     1.14     0  00:03           0        98.2       0.001
  2                    JUNCTION         0   0.0442     0  00:04           0        3.82     151.855
  4                    JUNCTION         0    0.431     0  00:03           0        36.5       0.015
  5                    JUNCTION         0     10.7     0  00:02           0         891      -0.013
  6                    JUNCTION         0     12.8     0  00:01           0         905       0.020
  7                    JUNCTION         0     10.7     0  00:02           0         891      -0.138
  SS3                  JUNCTION         0    0.148     0  00:04           0        12.7       0.071
  SS5                  JUNCTION         0     3.09     0  00:04           0         263       1.223
  8                    JUNCTION         0    0.765     0  00:04           0        65.6     144.268
  10                   JUNCTION         0    0.896     0  00:02           0        13.5      -0.526
  SonSto_SS5           JUNCTION         0     5.15     0  00:04           0         350     -11.617
  SonSto_SS3           JUNCTION         0     3.77     0  00:04           0         324       5.130
  SonSto_SS4           JUNCTION         0     4.07     0  00:04           0         316      -4.843
  Amont_Trappe         JUNCTION         0     6.33     0  00:04           0         545       0.347
  SonSto_SS6           JUNCTION         0     5.31     0  00:04           0         404     -22.162
  SS2                  JUNCTION         0        0     0  00:00           0           0       0.000 ltr
  SonSto_SS2           JUNCTION         0     3.77     0  00:04           0         324       4.042
  12                   JUNCTION         0    0.394     0  00:00           0        27.8       0.012
  14                   JUNCTION         0     2.48     0  00:01           0         162       0.026
  15                   JUNCTION         0    0.596     0  00:03           0        50.6      -0.292
  TWT_PointHaut_60+650 JUNCTION         0    0.167     0  00:04           0        14.4     213.616
  TWT_Fensterstollen_60+375 JUNCTION         0     3.61     0  00:02           0         307       0.293
  TWT_Acces_LT_60+110  JUNCTION         0        0     0  00:00           0           0       0.000 ltr
  TWT_Liaison_LT_59+738 JUNCTION         0        0     0  00:00           0           0       0.000 ltr
  Syst_Est_amont       JUNCTION      0.92     0.92     0  00:00        79.5        79.5      -2.916
  Syst_Est_interm      JUNCTION         0    0.974     0  00:04           0        81.981866881.502 ltr
  TWT_Branche_Est_Sonsto_60+540 JUNCTION         0     3.55     0  00:04           0         306       3.070
  TWT_Intersection_Sonsto_60+345 JUNCTION         0        0     0  00:00           0           0       0.000 ltr
  TWT_Chrosweg_61+140  JUNCTION         0     0.25     0  00:04           0        21.6      68.507
  SonSto_F_sup         JUNCTION         0    0.595     0  00:03           0        50.8      -0.020
  SonSto_porte         JUNCTION         0        0     0  00:00           0           0       0.000 ltr
  Brunnm_Fassung       OUTFALL          0   0.0388     0  00:03           0        3.21       0.000
  Brunnmuehle(Teich)   OUTFALL          0    0.427     0  00:03           0        35.9       0.000
  Fensterstollen       OUTFALL          0     5.53     0  00:04           0         477       0.000
  Gischeren            OUTFALL          0        0     0  00:00           0           0       0.000 ltr
  Schuettstein         OUTFALL          0    0.719     0  00:03           0        60.5       0.000
  Holiloch             OUTFALL          0     10.6     0  00:03           0         893       0.000
  Sauserquelle         OUTFALL          0     1.14     0  00:03           0        98.2       0.000
  Entw_Stollen         OUTFALL          0   0.0176     0  00:04           0        1.52       0.000
  Sous_lacustre        OUTFALL          0   0.0406     0  00:03           0        3.41       0.000
  Sous_ecoul.          OUTFALL          0   0.0064     0  00:03           0       0.529       0.000
  Syst_Est_aval        OUTFALL          0        0     0  00:00           0           0       0.000 ltr
  TWT_Portail_Est_61+665 OUTFALL          0    0.149     0  00:04           0        12.8       0.000
  
  
  **********************
  Node Surcharge Summary
  **********************
  
  Surcharging occurs when water rises above the top of the highest conduit.
  ---------------------------------------------------------------------
                                               Max. Height   Min. Depth
                                   Hours       Above Crown    Below Rim
  Node                 Type      Surcharged         Meters       Meters
  ---------------------------------------------------------------------
  9                    JUNCTION       23.99         54.657       43.543
  Holiloch_sonde       JUNCTION       23.98         43.634      154.466
  11                   JUNCTION       24.00         56.019       93.521
  13                   JUNCTION       23.99         66.137      330.863
  21                   JUNCTION       24.00         43.521      105.879
  34                   JUNCTION       24.00         20.993       78.407
  38                   JUNCTION       24.00         27.573      121.827
  40                   JUNCTION       24.00         29.588       66.412
  41                   JUNCTION       23.99         68.314      180.836
  SondeSchuettstein    JUNCTION       23.99         23.293        0.000
  47                   JUNCTION       23.98         14.292       83.808
  48                   JUNCTION       23.98         10.723       88.477
  SondeGischeren       JUNCTION       23.94         12.129       86.671
  49                   JUNCTION       23.96          8.593      183.407
  50                   JUNCTION       23.94          6.571      193.129
  51                   JUNCTION       24.00         83.669      312.331
  Amont_C              JUNCTION       24.00         90.259      306.741
  52                   JUNCTION       23.95         32.162       67.438
  53                   JUNCTION       23.98         24.046      170.954
  56                   JUNCTION       24.00          6.223       92.777
  4                    JUNCTION       23.99          8.776       90.574
  5                    JUNCTION       23.97          1.398       43.602
  6                    JUNCTION       23.98         20.597      174.403
  10                   JUNCTION       23.96          6.637      185.363
  12                   JUNCTION       23.99         32.451      167.199
  14                   JUNCTION       23.97         22.003      173.997
  TWT_Acces_LT_60+110  JUNCTION       24.00          0.000        0.000
  TWT_Liaison_LT_59+738 JUNCTION       24.00          0.000        0.000
  TWT_Intersection_Sonsto_60+345 JUNCTION       24.00          0.000        0.000
  
  
  *********************
  Node Flooding Summary
  *********************
  
  No nodes were flooded.
  
  
  ***********************
  Outfall Loading Summary
  ***********************
  
  -----------------------------------------------------------
                         Flow       Avg       Max       Total
                         Freq      Flow      Flow      Volume
  Outfall Node           Pcnt       CMS       CMS    10^6 ltr
  -----------------------------------------------------------
  Brunnm_Fassung        99.95    0.0372    0.0388       3.212
  Brunnmuehle(Teich)    99.95     0.416     0.427      35.944
  Fensterstollen        99.92      5.52      5.53     476.559
  Gischeren              0.00         0         0       0.000
  Schuettstein          99.93       0.7     0.719      60.474
  Holiloch              99.88      10.3      10.6     892.711
  Sauserquelle          99.97      1.14      1.14      98.246
  Entw_Stollen          99.96    0.0175    0.0176       1.515
  Sous_lacustre        100.00    0.0395    0.0406       3.409
  Sous_ecoul.           99.95   0.00613    0.0064       0.529
  Syst_Est_aval          0.00         0         0       0.000
  TWT_Portail_Est_61+665  99.96     0.148     0.149      12.806
  -----------------------------------------------------------
  System                83.29      18.4      18.4    1585.405
  
  
  ********************
  Link Flow Summary
  ********************
  
  -----------------------------------------------------------------------------
                                 Maximum  Time of Max   Maximum    Max/    Max/
                                  |Flow|   Occurrence   |Veloc|    Full    Full
  Link                 Type          CMS  days hr:min     m/sec    Flow   Depth
  -----------------------------------------------------------------------------
  Brunn_Fassung_L      CONDUIT    0.0388     0  00:03      1.61    0.64    0.79
  11                   CONDUIT      14.3     0  00:00      9.59    2.13    1.00
  14                   CONDUIT      16.6     0  00:00     11.84    9.02    1.00
  16                   CONDUIT     0.296     0  00:00      3.46    2.06    1.00
  17                   CONDUIT     0.288     0  00:00      1.02    0.49    1.00
  26                   CONDUIT      3.46     0  00:00      6.31    4.68    1.00
  27                   CONDUIT    0.0866     0  00:04      2.28    1.11    1.00
  Gischeren_L          CONDUIT         0     0  00:00      0.00    0.00    0.01
  Schuettstein_L       CONDUIT     0.719     0  00:03      4.36    0.61    0.78
  Brunnmuehle_L        CONDUIT     0.467     0  00:03      1.65    0.22    1.00
  32                   CONDUIT      3.77     0  00:04      2.14    0.06    0.30
  35                   CONDUIT    0.0535     0  00:04      0.09    0.01    0.51
  45                   CONDUIT      6.06     0  00:04      6.14    0.04    0.20
  46                   CONDUIT      1.14     0  00:03      4.05    1.14    1.00
  47                   CONDUIT     0.132     0  00:00      3.48    8.24    1.00
  50                   CONDUIT     0.719     0  00:03      1.71    0.13    1.00
  51                   CONDUIT     0.247     0  00:03      2.56    0.69    1.00
  53                   CONDUIT     0.285     0  00:00      1.72    1.45    1.00
  Fenster_L            CONDUIT      5.53     0  00:04      5.70    0.05    0.19
  58                   CONDUIT      6.17     0  00:04      4.30    0.08    0.26
  59                   CONDUIT      5.22     0  00:04      7.35    0.06    0.18
  61                   CONDUIT     0.778     0  00:00      4.46    1.10    1.00
  63                   CONDUIT     0.166     0  00:02      2.31    0.75    0.51
  66                   CONDUIT     0.181     0  00:03      2.82    2.38    1.00
  67                   CONDUIT      18.3     0  00:00      4.86    0.18    1.00
  Amont_L              CONDUIT        34     0  00:00      4.80    1.84    1.00
  69                   CONDUIT     0.316     0  00:03      2.65    1.23    1.00
  70                   CONDUIT     0.236     0  00:03      1.88    0.73    1.00
  71                   CONDUIT     0.491     0  00:01      2.19    0.87    1.00
  72                   CONDUIT     0.369     0  00:04      1.90    1.75    0.75
  Sauser_L             CONDUIT      1.14     0  00:03      2.00    0.29    0.68
  75                   CONDUIT    0.0827     0  00:04      2.81    0.84    0.63
  Entw_Sto_L           CONDUIT    0.0176     0  00:04      1.60    0.41    0.45
  4                    CONDUIT    0.0204     0  00:04      1.22    0.91    0.71
  5                    CONDUIT    0.0238     0  00:04      1.21    0.85    0.72
  6                    CONDUIT    0.0406     0  00:03      1.54    0.61    0.78
  7                    CONDUIT     0.431     0  00:03      2.20    0.66    1.00
  Brunn_Teich_L        CONDUIT     0.427     0  00:03      1.73    0.32    0.70
  9                    CONDUIT    0.0064     0  00:03      1.61    0.00    0.51
  12                   CONDUIT      10.7     0  00:02      5.95    0.22    1.00
  15                   CONDUIT      12.8     0  00:01      6.13    0.33    1.00
  18                   CONDUIT      11.6     0  00:01      5.79    0.47    1.00
  19                   CONDUIT      1.12     0  00:01      1.45    1.06    1.00
  20                   CONDUIT      6.31     0  00:04      7.61    0.50    0.83
  21                   CONDUIT      10.7     0  00:02      1.07    0.07    0.89
  Hooliloch_L          CONDUIT      10.6     0  00:03      1.62    0.21    0.72
  23                   CONDUIT     0.148     0  00:04      3.20    0.92    0.62
  25                   CONDUIT     0.765     0  00:04      2.64    0.62    1.00
  28                   CONDUIT      3.98     0  00:04      5.27    0.06    0.17
  29                   CONDUIT      1.27     0  00:04      1.63    0.06    0.19
  31                   CONDUIT      0.11     0  00:04      0.46    0.07    0.28
  33                   CONDUIT     0.896     0  00:02      0.85    0.34    1.00
  37                   CONDUIT      3.96     0  00:04      2.81    0.09    0.30
  SS3_L                CONDUIT     0.148     0  00:04      3.16    0.00    0.16
  40                   CONDUIT      6.33     0  00:04      2.70    0.04    0.20
  SS6_L                CONDUIT    0.0981     0  00:02      1.80    0.00    0.14
  1                    CONDUIT      3.62     0  00:04      6.51    0.03    0.15
  2                    CONDUIT         0     0  00:00      0.00    0.00    0.08
  3                    CONDUIT    0.0827     0  00:04      3.39    0.01    0.30
  10                   CONDUIT      2.85     0  00:04      2.28    0.02    0.30
  13                   CONDUIT     0.394     0  00:00      5.16    0.85    1.00
  22                   CONDUIT     0.334     0  00:01      3.48    0.83    1.00
  24                   CONDUIT      2.48     0  00:01      3.58    0.00    1.00
  30                   CONDUIT       1.9     0  00:03      2.64    0.79    1.00
  34                   CONDUIT     0.596     0  00:03      2.70    0.67    0.88
  36                   CONDUIT     0.595     0  00:03      5.85    0.64    0.44
  38                   CONDUIT     0.439     0  00:03      2.51    0.16    1.00
  48                   CONDUIT     0.974     0  00:04      2.53    0.65    0.65
  54                   CONDUIT         0     0  00:00      0.00    0.00    0.24
  68                   CONDUIT     0.498     0  00:03      7.72    0.00    0.14
  73                   CONDUIT         0     0  00:00      0.00    0.00    0.02
  TWT1                 CONDUIT     0.149     0  00:04      2.27    0.00    0.01
  1_1_a_3              CONDUIT     0.197     0  00:04      1.75    1.94    0.57
  TWT2                 CONDUIT    0.0533     0  00:04      0.95    0.00    0.01
  TWT3                 CONDUIT     0.167     0  00:04      0.63    0.00    0.02
  TWT4                 CONDUIT      3.55     0  00:04      1.01    0.01    0.12
  1_2_b_               CONDUIT      3.28     0  00:04      3.00    0.02    0.30
  1_2_b_1              CONDUIT      2.49     0  00:03     13.19    4.29    1.00
  1_2_b_2              CONDUIT    0.0974     0  00:03      0.85    0.04    0.57
  1_2_b_3              CONDUIT     0.959     0  00:01      4.88    0.65    1.00
  1_2_b_6              CONDUIT    0.0683     0  00:02      0.61    0.03    0.56
  
  
  ***************************
  Flow Classification Summary
  ***************************
  
  -------------------------------------------------------------------------------------
                      Adjusted    ---------- Fraction of Time in Flow Class ---------- 
                       /Actual         Up    Down  Sub   Sup   Up    Down  Norm  Inlet 
  Conduit               Length    Dry  Dry   Dry   Crit  Crit  Crit  Crit  Ltd   Ctrl  
  -------------------------------------------------------------------------------------
  Brunn_Fassung_L         1.00   0.00  0.00  0.00  0.00  1.00  0.00  0.00  0.00  0.00
  11                      1.00   0.00  0.00  0.00  1.00  0.00  0.00  0.00  0.00  0.00
  14                      1.00   0.00  0.00  0.00  1.00  0.00  0.00  0.00  0.00  0.00
  16                      1.00   0.00  0.00  0.00  1.00  0.00  0.00  0.00  0.00  0.00
  17                      1.00   0.00  0.00  0.00  1.00  0.00  0.00  0.00  0.00  0.00
  26                      1.00   0.00  0.00  0.00  1.00  0.00  0.00  0.00  0.00  0.00
  27                      1.00   0.00  0.00  0.00  1.00  0.00  0.00  0.00  0.00  0.00
  Gischeren_L             1.00   0.00  1.00  0.00  0.00  0.00  0.00  0.00  0.00  0.00
  Schuettstein_L          1.00   0.00  0.00  0.00  0.00  1.00  0.00  0.00  0.00  0.00
  Brunnmuehle_L           1.00   0.00  0.00  0.00  1.00  0.00  0.00  0.00  0.00  0.00
  32                      1.00   0.00  0.00  0.00  1.00  0.00  0.00  0.00  0.00  0.00
  35                      1.00   0.00  0.00  0.00  1.00  0.00  0.00  0.00  0.00  0.00
  45                      1.00   0.00  0.00  0.00  0.00  1.00  0.00  0.00  1.00  0.00
  46                      1.00   0.00  0.00  0.00  1.00  0.00  0.00  0.00  0.00  0.00
  47                      1.00   0.00  0.00  0.00  1.00  0.00  0.00  0.00  0.00  0.00
  50                      1.00   0.00  0.00  0.00  1.00  0.00  0.00  0.00  0.00  0.00
  51                      1.00   0.00  0.00  0.00  1.00  0.00  0.00  0.00  0.00  0.00
  53                      1.00   0.00  0.00  0.00  1.00  0.00  0.00  0.00  0.00  0.00
  Fenster_L               1.00   0.00  0.00  0.00  0.00  1.00  0.00  0.00  0.00  0.00
  58                      1.00   0.00  0.00  0.00  0.00  1.00  0.00  0.00  0.00  0.00
  59                      1.00   0.00  0.00  0.00  0.00  1.00  0.00  0.00  1.00  0.00
  61                      1.00   0.00  0.00  0.00  1.00  0.00  0.00  0.00  0.00  0.00
  63                      1.00   0.00  0.00  0.00  1.00  0.00  0.00  0.00  0.00  0.00
  66                      1.00   0.00  0.00  0.00  1.00  0.00  0.00  0.00  0.00  0.00
  67                      1.00   0.00  0.00  0.00  1.00  0.00  0.00  0.00  0.00  0.00
  Amont_L                 1.00   0.00  0.00  0.00  1.00  0.00  0.00  0.00  0.00  0.00
  69                      1.00   0.00  0.00  0.00  1.00  0.00  0.00  0.00  0.00  0.00
  70                      1.00   0.00  0.00  0.00  1.00  0.00  0.00  0.00  0.00  0.00
  71                      1.00   0.00  0.00  0.00  1.00  0.00  0.00  0.00  0.00  0.00
  72                      1.00   0.00  0.00  0.00  1.00  0.00  0.00  0.00  0.00  0.00
  Sauser_L                1.00   0.00  0.00  0.00  1.00  0.00  0.00  0.00  0.00  0.00
  75                      1.00   0.00  0.00  0.00  0.00  1.00  0.00  0.00  0.00  0.00
  Entw_Sto_L              1.00   0.00  0.00  0.00  0.00  1.00  0.00  0.00  0.00  0.00
  4                       1.00   0.00  0.00  0.00  1.00  0.00  0.00  0.00  0.00  0.00
  5                       1.00   0.00  0.00  0.00  0.00  1.00  0.00  0.00  0.00  0.00
  6                       1.00   0.00  0.00  0.00  0.00  1.00  0.00  0.00  0.00  0.00
  7                       1.00   0.00  0.00  0.00  1.00  0.00  0.00  0.00  0.00  0.00
  Brunn_Teich_L           1.00   0.00  0.00  0.00  1.00  0.00  0.00  0.00  0.00  0.00
  9                       1.00   0.00  0.00  0.00  0.00  1.00  0.00  0.00  0.00  0.00
  12                      1.00   0.00  0.00  0.00  1.00  0.00  0.00  0.00  0.00  0.00
  15                      1.00   0.00  0.00  0.00  1.00  0.00  0.00  0.00  0.00  0.00
  18                      1.00   0.00  0.00  0.00  1.00  0.00  0.00  0.00  0.00  0.00
  19                      1.00   0.00  0.00  0.00  1.00  0.00  0.00  0.00  0.00  0.00
  20                      1.00   0.00  0.00  0.00  0.00  1.00  0.00  0.00  0.00  0.00
  21                      1.00   0.00  0.00  0.00  1.00  0.00  0.00  0.00  0.00  0.00
  Hooliloch_L             1.00   0.00  0.00  0.00  1.00  0.00  0.00  0.00  0.00  0.00
  23                      1.00   0.00  0.00  0.00  0.00  1.00  0.00  0.00  0.00  0.00
  25                      1.00   0.00  0.00  0.00  1.00  0.00  0.00  0.00  0.00  0.00
  28                      1.00   0.00  0.00  0.00  0.00  1.00  0.00  0.00  0.00  0.00
  29                      1.00   0.00  0.00  0.00  1.00  0.00  0.00  0.00  0.00  0.00
  31                      1.00   0.00  0.00  0.00  1.00  0.00  0.00  0.00  0.00  0.00
  33                      1.00   0.00  0.00  0.00  1.00  0.00  0.00  0.00  0.00  0.00
  37                      1.00   0.00  0.00  0.00  0.00  1.00  0.00  0.00  0.00  0.00
  SS3_L                   1.00   0.00  0.00  0.00  1.00  0.00  0.00  0.00  1.00  0.00
  40                      1.00   0.00  0.00  0.00  1.00  0.00  0.00  0.00  0.00  0.00
  SS6_L                   1.00   0.00  0.00  0.00  1.00  0.00  0.00  0.00  1.00  0.00
  1                       1.00   0.00  0.00  0.00  0.00  1.00  0.00  0.00  0.00  0.00
  2                       1.00   0.00  1.00  0.00  0.00  0.00  0.00  0.00  0.00  0.00
  3                       1.00   0.00  0.00  0.00  1.00  0.00  0.00  0.00  1.00  0.00
  10                      1.00   0.00  0.00  0.00  0.00  1.00  0.00  0.00  0.00  0.00
  13                      1.00   0.00  0.00  0.00  1.00  0.00  0.00  0.00  0.00  0.00
  22                      1.00   0.00  0.00  0.00  1.00  0.00  0.00  0.00  0.00  0.00
  24                      1.00   0.00  0.00  0.00  1.00  0.00  0.00  0.00  0.00  0.00
  30                      1.00   0.00  0.00  0.00  1.00  0.00  0.00  0.00  0.00  0.00
  34                      1.00   0.00  0.00  0.00  0.00  1.00  0.00  0.00  0.00  0.00
  36                      1.00   0.00  0.00  0.00  0.00  1.00  0.00  0.00  0.00  0.00
  38                      1.00   0.00  0.00  0.00  1.00  0.00  0.00  0.00  0.00  0.00
  48                      1.00   0.00  0.00  0.00  1.00  0.00  0.00  0.00  1.00  0.00
  54                      1.00   0.00  1.00  0.00  0.00  0.00  0.00  0.00  0.00  0.00
  68                      1.00   0.00  0.00  0.00  1.00  0.00  0.00  0.00  1.00  0.00
  73                      1.00   0.00  1.00  0.00  0.00  0.00  0.00  0.00  0.00  0.00
  TWT1                    1.00   0.00  0.00  0.00  0.00  1.00  0.00  0.00  0.00  0.00
  1_1_a_3                 1.00   0.00  0.00  0.00  0.00  1.00  0.00  0.00  0.00  0.00
  TWT2                    1.00   0.00  0.00  0.00  0.00  1.00  0.00  0.00  1.00  0.00
  TWT3                    1.00   0.00  0.00  0.00  1.00  0.00  0.00  0.00  0.00  0.00
  TWT4                    1.00   0.00  0.00  0.00  1.00  0.00  0.00  0.00  0.00  0.00
  1_2_b_                  1.00   0.00  0.00  0.00  1.00  0.00  0.00  0.00  1.00  0.00
  1_2_b_1                 1.00   0.00  0.00  0.00  1.00  0.00  0.00  0.00  0.00  0.00
  1_2_b_2                 1.00   0.00  0.00  0.00  1.00  0.00  0.00  0.00  1.00  0.00
  1_2_b_3                 1.00   0.00  0.00  0.00  1.00  0.00  0.00  0.00  0.00  0.00
  1_2_b_6                 1.00   0.00  0.00  0.00  1.00  0.00  0.00  0.00  1.00  0.00
  
  
  *************************
  Conduit Surcharge Summary
  *************************
  
  ----------------------------------------------------------------------------
                                                           Hours        Hours 
                         --------- Hours Full --------   Above Full   Capacity
  Conduit                Both Ends  Upstream  Dnstream   Normal Flow   Limited
  ----------------------------------------------------------------------------
  Brunn_Fassung_L             0.01      0.01     24.00      0.01         0.01
  11                         23.98     23.98     23.99     23.99         0.01
  14                         23.99     23.99     23.99     23.99         0.01
  16                         24.00     24.00     24.00     23.99        23.99
  17                         24.00     24.00     24.00      0.01         0.01
  26                         23.99     24.00     23.99      0.01         0.01
  27                         23.92     23.92     23.93     23.92        23.92
  Schuettstein_L              0.01      0.01     23.98      0.01         0.01
  Brunnmuehle_L              24.00     24.00     24.00      0.01         0.01
  35                          0.01      0.01     23.94      0.01         0.01
  46                         24.00     24.00     24.00     23.97         0.01
  47                         24.00     24.00     24.00     24.00        24.00
  50                         23.98     23.98     23.99      0.01         0.01
  51                         23.98     23.98     24.00      0.01         0.01
  53                         24.00     24.00     24.00     23.99         0.01
  61                         23.99     23.99     23.99      0.03         0.01
  63                          0.01     23.97      0.01      0.01         0.01
  66                         23.94     23.98     23.94     23.97        23.94
  67                         23.99     23.99     24.00      0.01         0.01
  Amont_L                    24.00     24.00     24.00      0.01         0.01
  69                         23.95     23.95     24.00      0.02         0.01
  70                         23.95     23.95     24.00      0.01         0.01
  71                         23.98     23.98     23.99      0.01         0.01
  72                          0.01     23.98      0.01     23.98         0.01
  Sauser_L                    0.01      0.01     24.00      0.01         0.01
  75                          0.01     23.97      0.01      0.01         0.01
  4                           0.01     23.98      0.01      0.01         0.01
  5                           0.01      0.01     24.00      0.01         0.01
  6                           0.01      0.01     24.00      0.01         0.01
  7                          23.99     23.99     24.00      0.01         0.01
  Brunn_Teich_L               0.01      0.01     23.99      0.01         0.01
  9                           0.01      0.01     23.99      0.01         0.01
  12                         23.98     23.98     23.98      0.01         0.01
  15                         23.98     23.98     23.98      0.01         0.01
  18                         23.98     23.98     23.98      0.01         0.01
  19                         23.97     23.97     23.98      0.01         0.01
  21                          0.01      0.01     23.97      0.01         0.01
  23                          0.01     23.94      0.01      0.01         0.01
  25                         23.92     23.92     23.99      0.01         0.01
  33                         23.96     23.96     23.96      0.01         0.01
  13                         23.99     23.99     24.00      0.01         0.01
  22                         23.99     23.99     24.00      0.01         0.01
  24                         23.97     23.97     23.99      0.01         0.01
  30                         23.97     23.97     23.99      0.01         0.01
  34                          0.01      0.01     23.99      0.01         0.01
  38                         23.93     23.93     23.95      0.01         0.01
  1_1_a_3                     0.01     23.99      0.01     23.98         0.01
  1_2_b_1                    23.98     23.98     23.99     23.99         0.01
  1_2_b_2                     0.01      0.01     23.98      0.01         0.01
  1_2_b_3                    23.98     23.98     23.99      0.01         0.01
  1_2_b_6                     0.01      0.01     23.97      0.01         0.01
  

  Analysis begun on:  Fri Aug 14 15:20:56 2026
  Analysis ended on:  Fri Aug 14 15:21:00 2026
  Total elapsed time: 00:00:04