
  EPA STORM WATER MANAGEMENT MODEL - VERSION 5.2 (Build 5.2.4)
  ------------------------------------------------------------

  Brunnmuehle (Twann) 
  WARNING 08: elevation drop exceeds length for Conduit SS3_L
  WARNING 08: elevation drop exceeds length for Conduit SS6_L
  WARNING 08: elevation drop exceeds length for Conduit 2
  WARNING 08: elevation drop exceeds length for Conduit 3
  WARNING 08: elevation drop exceeds length for Conduit 68
  WARNING 08: elevation drop exceeds length for Conduit 1_2_b_
  WARNING 08: elevation drop exceeds length for Conduit 1_2_b_2
  WARNING 08: elevation drop exceeds length for Conduit 1_3_a_2
  WARNING 08: elevation drop exceeds length for Conduit 1_4_a
  WARNING 08: elevation drop exceeds length for Conduit 1_4_b
  WARNING 08: elevation drop exceeds length for Conduit 1_5_a
  WARNING 02: maximum depth increased for Node 2
  
  ****************
  Analysis Options
  ****************
  Flow Units ............... CMS
  Process Models:
    Rainfall/Runoff ........ NO
    RDII ................... NO
    Snowmelt ............... NO
    Groundwater ............ NO
    Flow Routing ........... YES
    Ponding Allowed ........ NO
    Water Quality .......... NO
  Flow Routing Method ...... DYNWAVE
  Surcharge Method ......... EXTRAN
  Starting Date ............ 01/01/2000 00:00:00
  Ending Date .............. 01/02/2000 00:00:00
  Antecedent Dry Days ...... 0.0
  Report Time Step ......... 01:00:00
  Routing Time Step ........ 0.50 sec
  Variable Time Step ....... YES
  Maximum Trials ........... 8
  Number of Threads ........ 1
  Head Tolerance ........... 0.001500 m
  
  
  **************************        Volume        Volume
  Flow Routing Continuity        hectare-m      10^6 ltr
  **************************     ---------     ---------
  Dry Weather Inflow .......         0.000         0.000
  Wet Weather Inflow .......         0.000         0.000
  Groundwater Inflow .......         0.000         0.000
  RDII Inflow ..............         0.000         0.000
  External Inflow ..........       166.906      1669.074
  External Outflow .........       117.878      1178.794
  Flooding Loss ............        55.644       556.443
  Evaporation Loss .........         0.000         0.000
  Exfiltration Loss ........         0.000         0.000
  Initial Stored Volume ....         0.056         0.561
  Final Stored Volume ......         0.389         3.887
  Continuity Error (%) .....        -4.162
  
  
  *************************
  Highest Continuity Errors
  *************************
  Node TWT_Acces_LT_60+110 (-22069.01%)
  Node Amont_Trappe (-103.28%)
  Node Syst_Est_interm (100.00%)
  Node TWT_Intersection_Sonsto_60+345 (-96.67%)
  Node 2 (95.73%)
  
  
  ***************************
  Time-Step Critical Elements
  ***************************
  Link 1_4_a (23235.53%)
  Link 1_4_b (9.96%)
  
  
  ********************************
  Highest Flow Instability Indexes
  ********************************
  All links are stable.
  
  
  *********************************
  Most Frequent Nonconverging Nodes
  *********************************
  Node Brunnm_Fassung (73.35%)
  Node Brunnmuehle(Teich) (73.35%)
  Node Fensterstollen (73.35%)
  Node Gischeren (73.35%)
  Node Schuettstein (73.35%)
  
  
  *************************
  Routing Time Step Summary
  *************************
  Minimum Time Step           :     0.50 sec
  Average Time Step           :     0.50 sec
  Maximum Time Step           :     0.50 sec
  % of Time in Steady State   :    99.57
  Average Iterations per Step :     7.48
  % of Steps Not Converging   :    73.35
  Time Step Frequencies       :
      0.500 -  0.500 sec      :   100.00 %
      0.500 -  0.500 sec      :     0.00 %
      0.500 -  0.500 sec      :     0.00 %
      0.500 -  0.500 sec      :     0.00 %
      0.500 -  0.500 sec      :     0.00 %
  
  
  ******************
  Node Depth Summary
  ******************
  
  ---------------------------------------------------------------------------------
                                 Average  Maximum  Maximum  Time of Max    Reported
                                   Depth    Depth      HGL   Occurrence   Max Depth
  Node                 Type       Meters   Meters   Meters  days hr:min      Meters
  ---------------------------------------------------------------------------------
  9                    JUNCTION    39.68    41.68   480.18     0  00:00       39.71
  Holiloch_sonde       JUNCTION    37.96    40.97   480.97     0  00:00       38.00
  11                   JUNCTION    43.90    46.85   456.85     0  00:00       43.91
  13                   JUNCTION    41.39    41.57   479.57     0  00:05       41.42
  21                   JUNCTION    39.88    39.92   439.92     0  00:05       39.90
  SonSto_F             JUNCTION     0.42     0.68   438.48     0  00:01        0.42
  Sondierstollen       JUNCTION     0.00     0.00   440.80     0  00:00        0.00
  Aval_Trappe          JUNCTION     0.66     0.90   438.50     0  00:01        0.66
  30                   JUNCTION     0.58     0.69   437.99     0  00:01        0.58
  Gischeren_node       JUNCTION     0.00     0.00   476.50     0  00:00        0.00
  34                   JUNCTION    18.76    18.79   438.79     0  00:05       18.77
  38                   JUNCTION    22.48    22.71   442.71     0  00:05       22.49
  SS6                  JUNCTION     0.07     0.07   448.07     0  00:05        0.07
  40                   JUNCTION    36.82    37.35   456.35     0  00:05       36.85
  41                   JUNCTION    41.86    42.04   479.54     0  00:05       41.89
  SondeSchuettstein    JUNCTION    19.19    20.71   479.71     0  00:01       19.21
  SS4                  JUNCTION     0.06     0.06   448.06     0  00:02        0.06
  47                   JUNCTION    12.89    12.91   477.81     0  00:05       12.90
  48                   JUNCTION     7.18     8.63   479.63     0  00:01        7.18
  SondeGischeren       JUNCTION     0.62     0.63   465.63     0  00:06        0.63
  49                   JUNCTION    11.71    11.74   477.74     0  00:05       11.73
  50                   JUNCTION     0.18     0.18   463.18     0  00:06        0.18
  51                   JUNCTION    59.98    60.19   480.19     0  00:05       60.01
  Amont_C              JUNCTION    63.97    93.25   511.25     0  00:00       64.00
  52                   JUNCTION     0.30     0.30   457.30     0  00:06        0.30
  53                   JUNCTION     6.75     8.10   475.10     0  00:02        6.76
  54                   JUNCTION     1.53     1.53   464.53     0  00:06        1.53
  56                   JUNCTION     6.94     7.06   437.06     0  00:05        6.95
  2                    JUNCTION     1.96    12.98   450.98     0  00:05        1.97
  4                    JUNCTION     8.60     9.08   437.08     0  00:00        8.61
  5                    JUNCTION     5.26     5.26   477.76     0  00:06        5.26
  6                    JUNCTION    19.86    19.90   477.90     0  00:05       19.88
  7                    JUNCTION     2.76     2.76   477.76     0  00:06        2.76
  SS3                  JUNCTION     0.06     0.06   448.06     0  00:06        0.06
  SS5                  JUNCTION     0.64     0.64   439.54     0  00:06        0.64
  8                    JUNCTION     0.17     0.17   474.17     0  00:06        0.17
  10                   JUNCTION     9.70     9.74   477.74     0  00:05        9.72
  SonSto_SS5           JUNCTION     0.15     0.15   439.45     0  00:05        0.15
  SonSto_SS3           JUNCTION     0.08     0.08   439.78     0  00:06        0.08
  SonSto_SS4           JUNCTION     0.14     0.14   439.54     0  00:06        0.14
  Amont_Trappe         JUNCTION     0.57     0.79   438.49     0  00:01        0.57
  SonSto_SS6           JUNCTION     0.14     0.14   438.84     0  00:06        0.14
  SS2                  JUNCTION     0.00     0.00   448.00     0  00:00        0.00
  SonSto_SS2           JUNCTION     0.00     0.00   441.50     0  00:00        0.00
  12                   JUNCTION    19.71    20.01   469.01     0  00:05       19.73
  14                   JUNCTION     6.29     7.63   472.63     0  00:05        6.31
  15                   JUNCTION     0.28     0.29   472.29     0  00:06        0.29
  TWT_PointHaut_60+650 JUNCTION     0.29     0.29   438.79     0  00:05        0.29
  TWT_Fensterstollen_60+375 JUNCTION     0.37     0.38   441.68     0  00:05        0.37
  TWT_Acces_LT_60+110  JUNCTION     0.00     0.00   441.50     0  00:06        0.00
  TWT_Liaison_LT_59+738 JUNCTION     0.00     0.03   450.63     0  00:05        0.00
  Syst_Est_amont       JUNCTION     0.57     0.59   430.59     0  00:03        0.57
  Syst_Est_interm      JUNCTION     1.31     1.32   411.32     0  00:06        1.32
  TWT_Branche_Est_Sonsto_60+540 JUNCTION     0.00     0.00   442.40     0  00:00        0.00
  TWT_Intersection_Sonsto_60+345 JUNCTION     0.19     0.41   441.31     0  00:06        0.19
  TWT_Chrosweg_61+140  JUNCTION     0.19     0.19   432.19     0  00:06        0.19
  SonSto_F_sup         JUNCTION     0.05     0.05   448.05     0  00:06        0.05
  SonSto_porte         JUNCTION     2.99     3.00   441.50     0  00:06        3.00
  Brunnm_Fassung       OUTFALL      0.09     0.09   433.89     0  00:05        0.09
  Brunnmuehle(Teich)   OUTFALL      0.22     0.22   435.72     0  00:05        0.22
  Fensterstollen       OUTFALL      0.58     0.60   437.60     0  00:03        0.58
  Gischeren            OUTFALL      0.00     0.00   480.00     0  00:00        0.00
  Schuettstein         OUTFALL      0.12     0.14   477.69     0  00:01        0.13
  Holiloch             OUTFALL      1.08     1.08   477.58     0  00:06        1.08
  Sauserquelle         OUTFALL      0.39     0.39   435.94     0  00:05        0.39
  Entw_Stollen         OUTFALL      0.18     0.18   436.68     0  00:02        0.18
  Sous_lacustre        OUTFALL      0.10     0.10   429.30     0  00:05        0.10
  Sous_ecoul.          OUTFALL      0.00     0.00   433.00     0  00:05        0.00
  Syst_Est_aval        OUTFALL      0.00     0.00   429.00     0  00:00        0.00
  TWT_Portail_Est_61+665 OUTFALL      0.18     0.18   421.78     0  00:06        0.18
  
  
  *******************
  Node Inflow Summary
  *******************
  
  -------------------------------------------------------------------------------------------------
                                  Maximum  Maximum                  Lateral       Total        Flow
                                  Lateral    Total  Time of Max      Inflow      Inflow     Balance
                                   Inflow   Inflow   Occurrence      Volume      Volume       Error
  Node                 Type           CMS      CMS  days hr:min    10^6 ltr    10^6 ltr     Percent
  -------------------------------------------------------------------------------------------------
  9                    JUNCTION         0     11.9     0  00:00           0         246       0.049
  Holiloch_sonde       JUNCTION         0     10.5     0  00:00           0         218       0.030
  11                   JUNCTION         0    0.232     0  00:02           0        19.8       0.002
  13                   JUNCTION         0     18.5     0  00:00           0    1.42e+03       0.036
  21                   JUNCTION         0    0.387     0  00:05           0        33.4       0.015
  SonSto_F             JUNCTION         0     2.06     0  00:00           0          72      41.435
  Sondierstollen       JUNCTION         0        0     0  00:00           0           0       0.000 ltr
  Aval_Trappe          JUNCTION         0     8.77     0  00:05           0         731       2.737
  30                   JUNCTION         0     8.66     0  00:03           0         717      -0.995
  Gischeren_node       JUNCTION         0        0     0  00:00           0           0       0.000 ltr
  34                   JUNCTION         0    0.353     0  00:05           0        30.4       0.006
  38                   JUNCTION         0    0.221     0  00:00           0        18.1       0.006
  SS6                  JUNCTION         0    0.143     0  00:05           0        12.4       0.002
  40                   JUNCTION         0     1.55     0  00:05           0         133       0.000
  41                   JUNCTION         0     1.35     0  00:00           0        13.9       0.105
  SondeSchuettstein    JUNCTION         0     0.52     0  00:01           0        13.9       0.089
  SS4                  JUNCTION         0   0.0816     0  00:02           0        6.93       0.047
  47                   JUNCTION         0     5.97     0  00:01           0         205       0.012
  48                   JUNCTION         0    0.342     0  00:01           0        13.9       0.035
  SondeGischeren       JUNCTION         0    0.167     0  00:06           0        14.4     112.011
  49                   JUNCTION         0    0.825     0  00:02           0        12.4       0.468
  50                   JUNCTION         0   0.0789     0  00:06           0        6.81       0.556
  51                   JUNCTION         0       34     0  00:00           0    1.59e+03      -0.001
  Amont_C              JUNCTION      18.4     43.2     0  00:00    1.59e+03    1.59e+03       0.016
  52                   JUNCTION         0    0.208     0  00:06           0        17.9      17.687
  53                   JUNCTION         0    0.248     0  00:01           0        17.9       0.038
  54                   JUNCTION         0    0.207     0  00:06           0        17.9     102.348
  56                   JUNCTION         0     1.27     0  00:05           0         109       0.000
  2                    JUNCTION         0      3.8     0  00:03           0         131    2243.277
  4                    JUNCTION         0    0.323     0  00:05           0        27.9       0.023
  5                    JUNCTION         0     4.51     0  00:01           0         205       0.162
  6                    JUNCTION         0     7.51     0  00:01           0         218       0.076
  7                    JUNCTION         0     2.62     0  00:04           0         205       0.784
  SS3                  JUNCTION         0   0.0785     0  00:06           0        6.77       0.095
  SS5                  JUNCTION         0    0.353     0  00:05           0        30.2      -0.123
  8                    JUNCTION         0    0.169     0  00:05           0        14.4       0.110
  10                   JUNCTION         0    0.544     0  00:03           0        12.4       0.197
  SonSto_SS5           JUNCTION         0    0.438     0  00:06           0        37.7       0.030
  SonSto_SS3           JUNCTION         0   0.0784     0  00:06           0        6.76       0.450
  SonSto_SS4           JUNCTION         0    0.158     0  00:06           0        13.7       0.623
  Amont_Trappe         JUNCTION         0     2.26     0  00:00           0        45.4     -50.807
  SonSto_SS6           JUNCTION         0    0.581     0  00:06           0        50.1       0.053
  SS2                  JUNCTION         0        0     0  00:00           0           0       0.000 ltr
  SonSto_SS2           JUNCTION         0        0     0  00:00           0           0       0.000 ltr
  12                   JUNCTION         0     0.32     0  00:01           0        18.6       0.020
  14                   JUNCTION         0      1.4     0  00:05           0         108       0.042
  15                   JUNCTION         0    0.328     0  00:05           0        28.3       0.135
  TWT_PointHaut_60+650 JUNCTION         0     1.88     0  00:05           0         162      -1.017
  TWT_Fensterstollen_60+375 JUNCTION         0     11.3     0  00:05           0         969      -0.011
  TWT_Acces_LT_60+110  JUNCTION         0     0.02     0  00:05           0    0.000252     -99.549
  TWT_Liaison_LT_59+738 JUNCTION         0      1.5     0  00:05           0     0.00231      41.348
  Syst_Est_amont       JUNCTION      0.92     0.92     0  00:00        79.5        79.5      -0.559
  Syst_Est_interm      JUNCTION         0     1.63     0  00:06           0         141140522445.304 ltr
  TWT_Branche_Est_Sonsto_60+540 JUNCTION         0        0     0  00:00           0           0       0.000 ltr
  TWT_Intersection_Sonsto_60+345 JUNCTION         0     8.76     0  00:05           0         331     -49.153
  TWT_Chrosweg_61+140  JUNCTION         0      1.9     0  00:06           0         164       9.284
  SonSto_F_sup         JUNCTION         0    0.327     0  00:06           0        28.2       0.010
  SonSto_porte         JUNCTION         0     15.3     0  00:06           0         651      -4.830
  Brunnm_Fassung       OUTFALL          0   0.0299     0  00:05           0        2.58       0.000
  Brunnmuehle(Teich)   OUTFALL          0    0.318     0  00:05           0        27.4       0.000
  Fensterstollen       OUTFALL          0     8.85     0  00:03           0         724       0.000
  Gischeren            OUTFALL          0        0     0  00:00           0           0       0.000 ltr
  Schuettstein         OUTFALL          0    0.197     0  00:01           0        13.9       0.000
  Holiloch             OUTFALL          0     2.36     0  00:06           0         203       0.000
  Sauserquelle         OUTFALL          0     1.27     0  00:05           0         109       0.000
  Entw_Stollen         OUTFALL          0    0.121     0  00:05           0        5.51       0.000
  Sous_lacustre        OUTFALL          0    0.034     0  00:05           0        2.93       0.000
  Sous_ecoul.          OUTFALL          0   0.0058     0  00:05           0         0.5       0.000
  Syst_Est_aval        OUTFALL          0        0     0  00:00           0           0       0.000 ltr
  TWT_Portail_Est_61+665 OUTFALL          0     1.04     0  00:06           0        89.4       0.000
  
  
  **********************
  Node Surcharge Summary
  **********************
  
  Surcharging occurs when water rises above the top of the highest conduit.
  ---------------------------------------------------------------------
                                               Max. Height   Min. Depth
                                   Hours       Above Crown    Below Rim
  Node                 Type      Surcharged         Meters       Meters
  ---------------------------------------------------------------------
  9                    JUNCTION       23.99         39.877       58.323
  Holiloch_sonde       JUNCTION       23.98         39.073      159.027
  11                   JUNCTION       24.00         46.390      103.150
  13                   JUNCTION       23.99         38.567      358.433
  21                   JUNCTION       24.00         39.318      110.082
  34                   JUNCTION       24.00         18.188       81.212
  38                   JUNCTION       24.00         22.114      127.286
  40                   JUNCTION       24.00         33.352       62.648
  41                   JUNCTION       23.99         41.191      207.959
  SondeSchuettstein    JUNCTION       23.98         19.908        0.000
  47                   JUNCTION       23.98         11.007       87.093
  48                   JUNCTION       23.97          7.830       91.370
  49                   JUNCTION       23.95          3.741      188.259
  51                   JUNCTION       24.00         56.192      339.808
  Amont_C              JUNCTION       24.00         90.250      306.750
  53                   JUNCTION       23.95          3.101      191.899
  56                   JUNCTION       24.00          6.056       92.944
  2                    JUNCTION        0.01         10.984        0.000
  4                    JUNCTION       23.99          8.431       90.919
  5                    JUNCTION       23.93          0.264       44.736
  6                    JUNCTION       23.98         14.896      180.104
  10                   JUNCTION       23.94          1.738      190.262
  12                   JUNCTION       23.98         19.663      179.987
  14                   JUNCTION       23.91          3.627      192.373
  SonSto_porte         JUNCTION       23.90          0.000        0.000
  
  
  *********************
  Node Flooding Summary
  *********************
  
  Flooding refers to all water that overflows a node, whether it ponds or not.
  --------------------------------------------------------------------------
                                                             Total   Maximum
                                 Maximum   Time of Max       Flood    Ponded
                        Hours       Rate    Occurrence      Volume     Depth
  Node                 Flooded       CMS   days hr:min    10^6 ltr    Meters
  --------------------------------------------------------------------------
  SonSto_porte           23.90      14.6      0  00:06     556.442     0.000
  
  
  ***********************
  Outfall Loading Summary
  ***********************
  
  -----------------------------------------------------------
                         Flow       Avg       Max       Total
                         Freq      Flow      Flow      Volume
  Outfall Node           Pcnt       CMS       CMS    10^6 ltr
  -----------------------------------------------------------
  Brunnm_Fassung        99.94    0.0298    0.0299       2.576
  Brunnmuehle(Teich)    99.94     0.317     0.318      27.362
  Fensterstollen        99.95      8.38      8.85     723.783
  Gischeren              0.00         0         0       0.000
  Schuettstein          99.89     0.161     0.197      13.861
  Holiloch              99.79      2.36      2.36     203.457
  Sauserquelle          99.97      1.27      1.27     109.356
  Entw_Stollen          99.94    0.0639     0.121       5.514
  Sous_lacustre        100.00    0.0339     0.034       2.931
  Sous_ecoul.           99.94   0.00579    0.0058       0.500
  Syst_Est_aval          0.00         0         0       0.000
  TWT_Portail_Est_61+665  99.97      1.04      1.04      89.449
  -----------------------------------------------------------
  System                83.28      13.7      13.8    1178.789
  
  
  ********************
  Link Flow Summary
  ********************
  
  -----------------------------------------------------------------------------
                                 Maximum  Time of Max   Maximum    Max/    Max/
                                  |Flow|   Occurrence   |Veloc|    Full    Full
  Link                 Type          CMS  days hr:min     m/sec    Flow   Depth
  -----------------------------------------------------------------------------
  Brunn_Fassung_L      CONDUIT    0.0299     0  00:05      1.31    0.49    0.75
  11                   CONDUIT      10.5     0  00:00      6.06    1.57    1.00
  14                   CONDUIT      11.9     0  00:00      8.35    6.50    1.00
  16                   CONDUIT     0.232     0  00:02      2.72    1.62    1.00
  17                   CONDUIT     0.225     0  00:00      0.80    0.38    1.00
  26                   CONDUIT      1.35     0  00:00      2.40    1.83    1.00
  27                   CONDUIT    0.0752     0  00:01      1.98    0.97    1.00
  Gischeren_L          CONDUIT         0     0  00:00      0.00    0.00    0.00
  Schuettstein_L       CONDUIT     0.197     0  00:01      1.48    0.17    0.64
  Brunnmuehle_L        CONDUIT     0.353     0  00:05      1.25    0.17    1.00
  32                   CONDUIT         0     0  00:00      0.00    0.00    0.00
  35                   CONDUIT         0     0  00:00      0.00    0.00    0.26
  45                   CONDUIT     0.581     0  00:06      1.77    0.00    0.11
  46                   CONDUIT      1.27     0  00:05      4.49    1.27    1.00
  47                   CONDUIT     0.103     0  00:00      2.70    6.40    1.00
  50                   CONDUIT     0.342     0  00:01      1.23    0.06    1.00
  51                   CONDUIT     0.281     0  00:05      2.92    0.79    1.00
  53                   CONDUIT     0.221     0  00:00      1.33    1.13    1.00
  Fenster_L            CONDUIT      8.85     0  00:03      8.79    0.09    0.21
  58                   CONDUIT       8.6     0  00:03      7.86    0.11    0.25
  59                   CONDUIT     0.438     0  00:06      3.48    0.00    0.05
  61                   CONDUIT      0.52     0  00:01      2.48    0.73    1.00
  63                   CONDUIT     0.143     0  00:05      2.01    0.64    0.52
  66                   CONDUIT    0.0789     0  00:06      1.42    1.04    0.80
  67                   CONDUIT      18.5     0  00:00      4.96    0.18    1.00
  Amont_L              CONDUIT        34     0  00:00      4.80    1.84    1.00
  69                   CONDUIT     0.208     0  00:06      1.80    0.81    0.88
  70                   CONDUIT     0.177     0  00:06      1.51    0.55    0.88
  71                   CONDUIT     0.248     0  00:01      1.11    0.44    1.00
  72                   CONDUIT     0.207     0  00:06      1.16    0.98    0.65
  Sauser_L             CONDUIT      1.27     0  00:05      2.18    0.32    0.70
  75                   CONDUIT    0.0816     0  00:02      2.82    0.83    0.62
  Entw_Sto_L           CONDUIT     0.121     0  00:05      4.76    2.80    1.00
  4                    CONDUIT    0.0239     0  00:02      0.86    1.07    1.00
  5                    CONDUIT    0.0214     0  00:02      0.88    0.76    1.00
  6                    CONDUIT     0.034     0  00:05      1.34    0.51    0.75
  7                    CONDUIT     0.323     0  00:05      1.65    0.50    1.00
  Brunn_Teich_L        CONDUIT     0.318     0  00:05      1.35    0.24    0.67
  9                    CONDUIT    0.0058     0  00:05      1.46    0.00    0.50
  12                   CONDUIT      4.51     0  00:01      2.82    0.09    1.00
  15                   CONDUIT      7.51     0  00:01      4.13    0.19    1.00
  18                   CONDUIT      5.97     0  00:01      3.34    0.24    1.00
  19                   CONDUIT     0.825     0  00:02      1.16    0.78    1.00
  20                   CONDUIT      2.26     0  00:00      4.29    0.18    0.84
  21                   CONDUIT      2.62     0  00:04      0.41    0.02    0.78
  Hooliloch_L          CONDUIT      2.36     0  00:06      0.80    0.05    0.48
  23                   CONDUIT    0.0785     0  00:06      3.06    0.49    0.39
  25                   CONDUIT     0.169     0  00:05      1.06    0.14    0.53
  28                   CONDUIT    0.0781     0  00:06      1.04    0.00    0.04
  29                   CONDUIT    0.0867     0  00:06      0.70    0.00    0.05
  31                   CONDUIT         0     0  00:00      0.00    0.00    0.02
  33                   CONDUIT     0.544     0  00:03      0.74    0.21    1.00
  37                   CONDUIT     0.351     0  00:06      0.64    0.01    0.13
  SS3_L                CONDUIT    0.0784     0  00:06      2.69    0.00    0.03
  40                   CONDUIT      2.06     0  00:00      1.85    0.01    0.17
  SS6_L                CONDUIT     0.143     0  00:05      3.11    0.00    0.05
  1                    CONDUIT         0     0  00:00      0.00    0.00    0.01
  2                    CONDUIT         0     0  00:00      0.00    0.00    0.00
  3                    CONDUIT    0.0809     0  00:02      2.70    0.01    0.10
  10                   CONDUIT    0.0827     0  00:03      0.16    0.00    0.13
  13                   CONDUIT      0.32     0  00:01      3.66    0.69    1.00
  22                   CONDUIT      0.26     0  00:01      2.70    0.64    1.00
  24                   CONDUIT       1.4     0  00:05      2.04    0.00    1.00
  30                   CONDUIT      1.25     0  00:05      1.84    0.53    1.00
  34                   CONDUIT     0.328     0  00:05      1.70    0.37    0.76
  36                   CONDUIT     0.327     0  00:06      5.38    0.35    0.30
  38                   CONDUIT     0.167     0  00:06      2.21    0.06    0.40
  48                   CONDUIT     0.973     0  00:03      2.53    0.65    0.79
  54                   CONDUIT         0     0  00:00      0.00    0.00    0.44
  68                   CONDUIT     0.254     0  00:06      1.01    0.00    0.11
  73                   CONDUIT      3.76     0  00:03      2.28    0.87    1.00
  TWT1                 CONDUIT      1.04     0  00:06      3.47    0.00    0.02
  TWT2                 CONDUIT       1.9     0  00:06      4.42    0.00    0.03
  TWT3                 CONDUIT         0     0  00:00      0.00    0.00    0.02
  TWT4                 CONDUIT         0     0  00:00      0.00    0.00    0.02
  1_2_b_               CONDUIT         0     0  00:00      0.00    0.00    0.00
  1_2_b_1              CONDUIT      11.2     0  00:05     19.46    3.04    0.69
  1_2_b_2              CONDUIT    0.0728     0  00:06      0.61    0.00    0.21
  1_3_a_2              CONDUIT     0.703     0  00:06      1.47    0.08    0.59
  1_3_b_3              CONDUIT      1.88     0  00:05      3.51    6.75    0.65
  TWT5                 CONDUIT      3.84     0  00:06      7.61    0.00    0.05
  1_4_a                CONDUIT      7.54     0  00:05      9.87    0.03    0.21
  TWT6                 CONDUIT  0.000665     0  00:06      0.01    0.00    0.03
  1_4_b                CONDUIT      15.3     0  00:06     18.20    0.02    0.56
  TWT7                 CONDUIT      0.02     0  00:05      2.52    0.00    0.00
  1_5_a                CONDUIT       1.5     0  00:05      0.94    0.00    0.51
  
  
  ***************************
  Flow Classification Summary
  ***************************
  
  -------------------------------------------------------------------------------------
                      Adjusted    ---------- Fraction of Time in Flow Class ---------- 
                       /Actual         Up    Down  Sub   Sup   Up    Down  Norm  Inlet 
  Conduit               Length    Dry  Dry   Dry   Crit  Crit  Crit  Crit  Ltd   Ctrl  
  -------------------------------------------------------------------------------------
  Brunn_Fassung_L         1.00   0.00  0.00  0.00  0.00  1.00  0.00  0.00  0.00  0.00
  11                      1.00   0.00  0.00  0.00  1.00  0.00  0.00  0.00  0.00  0.00
  14                      1.00   0.00  0.00  0.00  1.00  0.00  0.00  0.00  0.00  0.00
  16                      1.00   0.00  0.00  0.00  1.00  0.00  0.00  0.00  0.00  0.00
  17                      1.00   0.00  0.00  0.00  1.00  0.00  0.00  0.00  0.00  0.00
  26                      1.00   0.00  0.00  0.00  1.00  0.00  0.00  0.00  0.00  0.00
  27                      1.00   0.00  0.00  0.00  1.00  0.00  0.00  0.00  0.00  0.00
  Gischeren_L             1.00   1.00  0.00  0.00  0.00  0.00  0.00  0.00  0.00  0.00
  Schuettstein_L          1.00   0.00  0.00  0.00  1.00  0.00  0.00  0.00  0.00  0.00
  Brunnmuehle_L           1.00   0.00  0.00  0.00  1.00  0.00  0.00  0.00  0.00  0.00
  32                      1.00   1.00  0.00  0.00  0.00  0.00  0.00  0.00  0.00  0.00
  35                      1.00   0.00  1.00  0.00  0.00  0.00  0.00  0.00  0.00  0.00
  45                      1.00   0.00  0.00  0.00  0.00  1.00  0.00  0.00  1.00  0.00
  46                      1.00   0.00  0.00  0.00  1.00  0.00  0.00  0.00  0.00  0.00
  47                      1.00   0.00  0.00  0.00  1.00  0.00  0.00  0.00  0.00  0.00
  50                      1.00   0.00  0.00  0.00  1.00  0.00  0.00  0.00  0.00  0.00
  51                      1.00   0.00  0.00  0.00  1.00  0.00  0.00  0.00  0.00  0.00
  53                      1.00   0.00  0.00  0.00  1.00  0.00  0.00  0.00  0.00  0.00
  Fenster_L               1.00   0.00  0.00  0.00  0.00  1.00  0.00  0.00  0.00  0.00
  58                      1.00   0.00  0.00  0.00  0.00  1.00  0.00  0.00  0.00  0.00
  59                      1.00   0.00  0.00  0.00  0.00  1.00  0.00  0.00  0.00  0.00
  61                      1.00   0.00  0.00  0.00  1.00  0.00  0.00  0.00  0.00  0.00
  63                      1.00   0.00  0.00  0.00  1.00  0.00  0.00  0.00  0.00  0.00
  66                      1.00   0.00  0.00  0.00  1.00  0.00  0.00  0.00  0.00  0.00
  67                      1.00   0.00  0.00  0.00  1.00  0.00  0.00  0.00  0.00  0.00
  Amont_L                 1.00   0.00  0.00  0.00  1.00  0.00  0.00  0.00  0.00  0.00
  69                      1.00   0.00  0.00  0.00  1.00  0.00  0.00  0.00  0.00  0.00
  70                      1.00   0.00  0.00  0.00  1.00  0.00  0.00  0.00  0.00  0.00
  71                      1.00   0.00  0.00  0.00  1.00  0.00  0.00  0.00  0.00  0.00
  72                      1.00   0.00  0.00  0.00  1.00  0.00  0.00  0.00  0.00  0.00
  Sauser_L                1.00   0.00  0.00  0.00  1.00  0.00  0.00  0.00  0.00  0.00
  75                      1.00   0.00  0.00  0.00  0.00  1.00  0.00  0.00  0.00  0.00
  Entw_Sto_L              1.00   0.00  0.00  0.00  1.00  0.00  0.00  0.00  0.00  0.00
  4                       1.00   0.00  0.00  0.00  1.00  0.00  0.00  0.00  0.00  0.00
  5                       1.00   0.00  0.00  0.00  1.00  0.00  0.00  0.00  0.00  0.00
  6                       1.00   0.00  0.00  0.00  0.00  1.00  0.00  0.00  0.00  0.00
  7                       1.00   0.00  0.00  0.00  1.00  0.00  0.00  0.00  0.00  0.00
  Brunn_Teich_L           1.00   0.00  0.00  0.00  1.00  0.00  0.00  0.00  0.00  0.00
  9                       1.00   0.00  0.00  0.00  0.00  1.00  0.00  0.00  0.00  0.00
  12                      1.00   0.00  0.00  0.00  1.00  0.00  0.00  0.00  0.00  0.00
  15                      1.00   0.00  0.00  0.00  1.00  0.00  0.00  0.00  0.00  0.00
  18                      1.00   0.00  0.00  0.00  1.00  0.00  0.00  0.00  0.00  0.00
  19                      1.00   0.00  0.00  0.00  1.00  0.00  0.00  0.00  0.00  0.00
  20                      1.00   0.00  0.00  0.00  1.00  0.00  0.00  0.00  0.00  0.00
  21                      1.00   0.00  0.00  0.00  1.00  0.00  0.00  0.00  0.00  0.00
  Hooliloch_L             1.00   0.00  0.00  0.00  1.00  0.00  0.00  0.00  0.00  0.00
  23                      1.00   0.00  0.00  0.00  0.00  1.00  0.00  0.00  0.00  0.00
  25                      1.00   0.00  0.00  0.00  1.00  0.00  0.00  0.00  0.00  0.00
  28                      1.00   0.00  0.00  0.00  0.00  1.00  0.00  0.00  1.00  0.00
  29                      1.00   0.00  0.00  0.00  1.00  0.00  0.00  0.00  1.00  0.00
  31                      1.00   0.00  1.00  0.00  0.00  0.00  0.00  0.00  0.00  0.00
  33                      1.00   0.00  0.00  0.00  1.00  0.00  0.00  0.00  0.00  0.00
  37                      1.00   0.00  0.00  0.00  1.00  0.00  0.00  0.00  0.00  0.00
  SS3_L                   1.00   0.00  0.00  0.00  0.00  1.00  0.00  0.00  1.00  0.00
  40                      1.00   0.00  0.00  0.00  1.00  0.00  0.00  0.00  0.00  0.00
  SS6_L                   1.00   0.00  0.00  0.00  0.00  1.00  0.00  0.00  1.00  0.00
  1                       1.00   0.00  1.00  0.00  0.00  0.00  0.00  0.00  0.00  0.00
  2                       1.00   1.00  0.00  0.00  0.00  0.00  0.00  0.00  0.00  0.00
  3                       1.00   0.00  0.00  0.00  0.00  1.00  0.00  0.00  1.00  0.00
  10                      1.00   0.00  0.00  0.00  1.00  0.00  0.00  0.00  0.00  0.00
  13                      1.00   0.00  0.00  0.00  1.00  0.00  0.00  0.00  0.00  0.00
  22                      1.00   0.00  0.00  0.00  1.00  0.00  0.00  0.00  0.00  0.00
  24                      1.00   0.00  0.00  0.00  1.00  0.00  0.00  0.00  0.00  0.00
  30                      1.00   0.00  0.00  0.00  1.00  0.00  0.00  0.00  0.00  0.00
  34                      1.00   0.00  0.00  0.00  1.00  0.00  0.00  0.00  0.00  0.00
  36                      1.00   0.00  0.00  0.00  0.00  1.00  0.00  0.00  0.00  0.00
  38                      1.00   0.00  0.00  0.00  1.00  0.00  0.00  0.00  1.00  0.00
  48                      1.00   0.00  0.00  0.00  1.00  0.00  0.00  0.00  1.00  0.00
  54                      1.00   0.00  1.00  0.00  0.00  0.00  0.00  0.00  0.00  0.00
  68                      1.00   0.00  0.00  0.00  1.00  0.00  0.00  0.00  1.00  0.00
  73                      1.00   0.00  0.00  0.00  1.00  0.00  0.00  0.00  0.00  0.00
  TWT1                    1.00   0.00  0.00  0.00  0.00  1.00  0.00  0.00  0.00  0.00
  TWT2                    1.00   0.00  0.00  0.00  0.00  1.00  0.00  0.00  0.00  0.00
  TWT3                    1.00   0.00  1.00  0.00  0.00  0.00  0.00  0.00  0.00  0.00
  TWT4                    1.00   0.00  1.00  0.00  0.00  0.00  0.00  0.00  0.00  0.00
  1_2_b_                  1.00   1.00  0.00  0.00  0.00  0.00  0.00  0.00  0.00  0.00
  1_2_b_1                 1.00   0.00  0.00  0.00  0.00  1.00  0.00  0.00  0.00  0.00
  1_2_b_2                 1.00   0.00  0.00  0.00  1.00  0.00  0.00  0.00  1.00  0.00
  1_3_a_2                 1.00   0.00  0.00  0.00  1.00  0.00  0.00  0.00  1.00  0.00
  1_3_b_3                 1.00   0.00  0.00  0.00  0.00  1.00  0.00  0.00  0.00  0.00
  TWT5                    1.00   0.00  0.00  0.00  0.00  1.00  0.00  0.00  0.00  0.00
  1_4_a                   1.00   0.00  0.00  0.00  0.00  1.00  0.00  0.00  1.00  0.00
  TWT6                    1.00   0.00  0.00  0.00  1.00  0.00  0.00  0.00  1.00  0.00
  1_4_b                   1.00   0.00  0.00  0.00  1.00  0.00  0.00  0.00  1.00  0.00
  TWT7                    1.00   0.00  1.00  0.00  0.00  0.00  0.00  0.00  1.00  0.00
  1_5_a                   1.00   0.00  1.00  0.00  0.00  0.00  0.00  0.00  1.00  0.00
  
  
  *************************
  Conduit Surcharge Summary
  *************************
  
  ----------------------------------------------------------------------------
                                                           Hours        Hours 
                         --------- Hours Full --------   Above Full   Capacity
  Conduit                Both Ends  Upstream  Dnstream   Normal Flow   Limited
  ----------------------------------------------------------------------------
  Brunn_Fassung_L             0.01      0.01     24.00      0.01         0.01
  11                         23.98     23.98     23.99      0.01         0.01
  14                         23.99     23.99     23.99     23.99         0.01
  16                         24.00     24.00     24.00     23.99        23.99
  17                         24.00     24.00     24.00      0.01         0.01
  26                         23.99     23.99     23.99      0.01         0.01
  27                         23.98     23.98     23.99      0.01         0.01
  Schuettstein_L              0.01      0.01     23.97      0.01         0.01
  Brunnmuehle_L              24.00     24.00     24.00      0.01         0.01
  46                         24.00     24.00     24.00     23.97         0.01
  47                         24.00     24.00     24.00     24.00        24.00
  50                         23.97     23.97     23.98      0.01         0.01
  51                         23.97     23.97     24.00      0.01         0.01
  53                         24.00     24.00     24.00     23.98         0.01
  61                         23.98     23.98     23.99      0.01         0.01
  63                          0.01     23.96      0.01      0.01         0.01
  66                          0.01     23.94      0.01     23.92         0.01
  67                         23.99     23.99     24.00      0.01         0.01
  Amont_L                    24.00     24.00     24.00      0.01         0.01
  69                          0.01      0.01     24.00      0.01         0.01
  70                          0.01      0.01     24.00      0.01         0.01
  71                         23.97     23.97     23.99      0.01         0.01
  72                          0.01     23.95      0.01      0.01         0.01
  Sauser_L                    0.01      0.01     24.00      0.01         0.01
  75                          0.01     23.95      0.01      0.01         0.01
  Entw_Sto_L                 23.95     23.96     23.95     23.96        23.95
  4                          23.96     23.96     23.96      0.01         0.01
  5                          23.96     23.96     24.00      0.01         0.01
  6                           0.01      0.01     24.00      0.01         0.01
  7                          23.99     23.99     24.00      0.01         0.01
  Brunn_Teich_L               0.01      0.01     23.99      0.01         0.01
  9                           0.01      0.01     23.99      0.01         0.01
  12                         23.97     23.97     23.98      0.01         0.01
  15                         23.98     23.98     23.98      0.01         0.01
  18                         23.98     23.98     23.98      0.01         0.01
  19                         23.96     23.96     23.98      0.01         0.01
  21                          0.01      0.01     23.93      0.01         0.01
  25                          0.01      0.01     23.99      0.01         0.01
  33                         23.94     23.94     23.95      0.01         0.01
  13                         23.98     23.98     24.00      0.01         0.01
  22                         23.98     23.98     24.00      0.01         0.01
  24                         23.91     23.91     23.99      0.01         0.01
  30                         23.91     23.91     23.99      0.01         0.01
  34                          0.01      0.01     23.99      0.01         0.01
  48                          0.01      0.01     23.91      0.01         0.01
  73                          0.01     23.91      0.01      0.01         0.01
  1_2_b_1                     0.01      0.01     23.99     23.99         0.01
  1_3_a_2                     0.01      0.01     23.91      0.01         0.01
  1_3_b_3                     0.01      0.01     23.99     23.99         0.01
  1_4_b                       0.01      0.01     23.90      0.01         0.01
  1_5_a                       0.01      0.01      0.01      0.01         0.01
  

  Analysis begun on:  Wed Aug 12 18:17:49 2026
  Analysis ended on:  Wed Aug 12 18:17:52 2026
  Total elapsed time: 00:00:03