
  EPA STORM WATER MANAGEMENT MODEL - VERSION 5.2 (Build 5.2.4)
  ------------------------------------------------------------

  Brunnmuehle (Twann) 
  WARNING 08: elevation drop exceeds length for Conduit SS3_L
  WARNING 08: elevation drop exceeds length for Conduit SS6_L
  WARNING 08: elevation drop exceeds length for Conduit 2
  WARNING 08: elevation drop exceeds length for Conduit 3
  WARNING 08: elevation drop exceeds length for Conduit 68
  WARNING 08: elevation drop exceeds length for Conduit 1_2_b_
  WARNING 08: elevation drop exceeds length for Conduit 1_2_b_2
  WARNING 08: elevation drop exceeds length for Conduit 1_4_b
  WARNING 08: elevation drop exceeds length for Conduit 1_5_a
  WARNING 04: minimum elevation drop used for Conduit 1_7_a
  WARNING 08: elevation drop exceeds length for Conduit 1_7_a_
  WARNING 08: elevation drop exceeds length for Conduit 1_7_a__
  WARNING 02: maximum depth increased for Node 2
  
  ****************
  Analysis Options
  ****************
  Flow Units ............... CMS
  Process Models:
    Rainfall/Runoff ........ NO
    RDII ................... NO
    Snowmelt ............... NO
    Groundwater ............ NO
    Flow Routing ........... YES
    Ponding Allowed ........ NO
    Water Quality .......... NO
  Flow Routing Method ...... DYNWAVE
  Surcharge Method ......... EXTRAN
  Starting Date ............ 01/01/2000 00:00:00
  Ending Date .............. 01/02/2000 00:00:00
  Antecedent Dry Days ...... 0.0
  Report Time Step ......... 01:00:00
  Routing Time Step ........ 0.50 sec
  Variable Time Step ....... YES
  Maximum Trials ........... 8
  Number of Threads ........ 1
  Head Tolerance ........... 0.001500 m
  
  
  **************************        Volume        Volume
  Flow Routing Continuity        hectare-m      10^6 ltr
  **************************     ---------     ---------
  Dry Weather Inflow .......         0.000         0.000
  Wet Weather Inflow .......         0.000         0.000
  Groundwater Inflow .......         0.000         0.000
  RDII Inflow ..............         0.000         0.000
  External Inflow ..........       195.026      1950.277
  External Outflow .........       184.827      1848.294
  Flooding Loss ............         0.000         0.000
  Evaporation Loss .........         0.000         0.000
  Exfiltration Loss ........         0.000         0.000
  Initial Stored Volume ....         0.056         0.562
  Final Stored Volume ......         0.580         5.797
  Continuity Error (%) .....         4.959
  
  
  *************************
  Highest Continuity Errors
  *************************
  Node TWT_Acces_LT_60+110 (-11015.36%)
  Node 54 (57.47%)
  Node Amont_Trappe (-44.59%)
  Node 2 (43.11%)
  Node 8 (42.80%)
  
  
  ***************************
  Time-Step Critical Elements
  ***************************
  Link 1_4_a (16221.24%)
  Link 1_4_a_1 (6.02%)
  Link 20 (4.32%)
  
  
  ********************************
  Highest Flow Instability Indexes
  ********************************
  All links are stable.
  
  
  *********************************
  Most Frequent Nonconverging Nodes
  *********************************
  Node Brunnm_Fassung (43.42%)
  Node Brunnmuehle(Teich) (43.42%)
  Node Fensterstollen (43.42%)
  Node Gischeren (43.42%)
  Node Schuettstein (43.42%)
  
  
  *************************
  Routing Time Step Summary
  *************************
  Minimum Time Step           :     0.50 sec
  Average Time Step           :     0.50 sec
  Maximum Time Step           :     0.50 sec
  % of Time in Steady State   :    99.38
  Average Iterations per Step :     6.10
  % of Steps Not Converging   :    43.42
  Time Step Frequencies       :
      0.500 -  0.500 sec      :   100.00 %
      0.500 -  0.500 sec      :     0.00 %
      0.500 -  0.500 sec      :     0.00 %
      0.500 -  0.500 sec      :     0.00 %
      0.500 -  0.500 sec      :     0.00 %
  
  
  ******************
  Node Depth Summary
  ******************
  
  ---------------------------------------------------------------------------------
                                 Average  Maximum  Maximum  Time of Max    Reported
                                   Depth    Depth      HGL   Occurrence   Max Depth
  Node                 Type       Meters   Meters   Meters  days hr:min      Meters
  ---------------------------------------------------------------------------------
  9                    JUNCTION    41.10    47.03   485.53     0  00:00       41.12
  Holiloch_sonde       JUNCTION    38.91    43.12   483.12     0  00:00       38.93
  11                   JUNCTION    45.58    46.00   456.00     0  00:06       45.59
  13                   JUNCTION    45.17    45.26   483.26     0  00:03       45.19
  21                   JUNCTION    40.44    40.87   440.87     0  00:06       40.45
  SonSto_F             JUNCTION     0.55     0.58   438.38     0  00:08        0.55
  Sondierstollen       JUNCTION     0.00     0.00   440.80     0  00:00        0.00
  Aval_Trappe          JUNCTION     0.76     0.78   438.38     0  00:08        0.76
  30                   JUNCTION     0.85     0.85   438.15     0  00:08        0.85
  Gischeren_node       JUNCTION     0.00     0.00   476.50     0  00:00        0.00
  34                   JUNCTION    19.17    19.52   439.52     0  00:06       19.18
  38                   JUNCTION    23.25    23.76   443.76     0  00:06       23.26
  SS6                  JUNCTION     0.07     0.07   448.07     0  00:02        0.07
  40                   JUNCTION    20.40    20.42   439.42     0  00:08       20.41
  41                   JUNCTION    45.59    62.94   500.44     0  00:00       45.61
  SondeSchuettstein    JUNCTION    19.98    21.66   480.66     0  00:01       20.00
  SS4                  JUNCTION     0.06     0.06   448.06     0  00:02        0.06
  47                   JUNCTION    13.37    13.40   478.30     0  00:08       13.38
  48                   JUNCTION     7.90     9.46   480.46     0  00:01        7.91
  SondeGischeren       JUNCTION     9.50    10.11   475.11     0  00:07        9.55
  49                   JUNCTION    12.35    13.25   479.25     0  00:02       12.37
  50                   JUNCTION     4.52     6.94   469.94     0  00:07        4.54
  51                   JUNCTION    63.98    64.08   484.08     0  00:03       64.00
  Amont_C              JUNCTION    68.69   101.03   519.03     0  00:00       68.71
  52                   JUNCTION     5.21    11.29   468.29     0  00:05        5.23
  53                   JUNCTION     8.16    11.95   478.95     0  00:01        8.17
  54                   JUNCTION     2.61     2.62   465.62     0  00:08        2.62
  56                   JUNCTION     6.14     6.17   436.17     0  00:00        6.14
  2                    JUNCTION     0.11     0.11   438.11     0  00:08        0.11
  4                    JUNCTION     8.69     9.14   437.14     0  00:00        8.70
  5                    JUNCTION     5.64     5.65   478.15     0  00:06        5.65
  6                    JUNCTION    20.51    20.54   478.54     0  00:04       20.53
  7                    JUNCTION     3.14     3.15   478.15     0  00:04        3.14
  SS3                  JUNCTION     0.07     0.07   448.07     0  00:08        0.07
  SS5                  JUNCTION     0.55     0.56   439.46     0  00:07        0.56
  8                    JUNCTION     0.57     0.57   474.57     0  00:08        0.57
  10                   JUNCTION    10.35    11.28   479.28     0  00:02       10.37
  SonSto_SS5           JUNCTION     0.10     0.11   439.41     0  00:07        0.10
  SonSto_SS3           JUNCTION     0.10     0.10   439.80     0  00:07        0.10
  SonSto_SS4           JUNCTION     0.07     0.08   439.48     0  00:07        0.08
  Amont_Trappe         JUNCTION     0.62     0.74   438.44     0  00:03        0.62
  SonSto_SS6           JUNCTION     0.11     0.11   438.81     0  00:07        0.11
  SS2                  JUNCTION     0.00     0.00   448.00     0  00:00        0.00
  SonSto_SS2           JUNCTION     0.00     0.00   441.50     0  00:00        0.00
  12                   JUNCTION    14.19    14.22   463.22     0  00:06       14.20
  14                   JUNCTION     2.65     2.65   467.65     0  00:08        2.65
  15                   JUNCTION     0.32     0.32   472.32     0  00:06        0.32
  TWT_PointHaut_60+650 JUNCTION     0.15     0.15   438.65     0  00:08        0.15
  TWT_Fensterstollen_60+375 JUNCTION     1.17     1.18   438.48     0  00:08        1.18
  TWT_Acces_LT_60+110  JUNCTION     1.11     1.15   438.65     0  00:07        1.11
  TWT_Liaison_LT_59+738 JUNCTION     0.00     0.00   450.60     0  00:00        0.00
  Syst_Est_amont       JUNCTION     1.15    98.60   528.60     0  00:08        1.15
  Syst_Est_interm      JUNCTION    19.07    40.17   450.17     0  00:08       19.17
  TWT_Branche_Est_Sonsto_60+540 JUNCTION     0.40     0.40   438.80     0  00:08        0.40
  TWT_Intersection_Sonsto_60+345 JUNCTION     1.56     1.56   438.56     0  00:08        1.56
  TWT_Chrosweg_61+140  JUNCTION     0.12     0.12   432.12     0  00:08        0.12
  SonSto_F_sup         JUNCTION     0.04     0.04   448.04     0  00:06        0.04
  SonSto_porte         JUNCTION     0.05     0.05   438.55     0  00:08        0.05
  Brunnm_Fassung       OUTFALL      0.10     0.10   433.90     0  00:06        0.10
  Brunnmuehle(Teich)   OUTFALL      0.23     0.23   435.73     0  00:06        0.23
  Fensterstollen       OUTFALL      0.77     0.78   437.78     0  00:08        0.77
  Gischeren            OUTFALL      0.00     0.00   480.00     0  00:00        0.00
  Schuettstein         OUTFALL      0.17     0.18   477.73     0  00:01        0.17
  Holiloch             OUTFALL      1.36     1.36   477.86     0  00:04        1.36
  Sauserquelle         OUTFALL      0.25     0.25   435.80     0  00:08        0.25
  Entw_Stollen         OUTFALL      0.10     0.10   436.60     0  00:08        0.10
  Sous_lacustre        OUTFALL      0.10     0.10   429.30     0  00:06        0.10
  Sous_ecoul.          OUTFALL      0.00     0.00   433.00     0  00:06        0.00
  Syst_Est_aval        OUTFALL      0.37     0.51   429.51     0  00:07        0.37
  TWT_Portail_Est_61+665 OUTFALL      0.12     0.12   421.72     0  00:08        0.12
  
  
  *******************
  Node Inflow Summary
  *******************
  
  -------------------------------------------------------------------------------------------------
                                  Maximum  Maximum                  Lateral       Total        Flow
                                  Lateral    Total  Time of Max      Inflow      Inflow     Balance
                                   Inflow   Inflow   Occurrence      Volume      Volume       Error
  Node                 Type           CMS      CMS  days hr:min    10^6 ltr    10^6 ltr     Percent
  -------------------------------------------------------------------------------------------------
  9                    JUNCTION         0     13.1     0  00:00           0         425       0.043
  Holiloch_sonde       JUNCTION         0     11.7     0  00:00           0         392       0.035
  11                   JUNCTION         0     0.24     0  00:03           0        20.7      -0.003
  13                   JUNCTION         0     21.4     0  00:00           0    1.66e+03       0.018
  21                   JUNCTION         0    0.413     0  00:06           0        35.6      -0.003
  SonSto_F             JUNCTION         0     1.58     0  00:05           0        44.8      64.762
  Sondierstollen       JUNCTION         0        0     0  00:00           0           0       0.000 ltr
  Aval_Trappe          JUNCTION         0     9.71     0  00:08           0         820       0.474
  30                   JUNCTION         0     15.9     0  00:08           0    1.37e+03       8.688
  Gischeren_node       JUNCTION         0        0     0  00:00           0           0       0.000 ltr
  34                   JUNCTION         0    0.379     0  00:06           0        32.5       0.004
  38                   JUNCTION         0    0.232     0  00:00           0        18.9      -0.002
  SS6                  JUNCTION         0     0.15     0  00:02           0        12.6       0.005
  40                   JUNCTION         0     1.82     0  00:08           0         157      -0.010
  41                   JUNCTION         0      3.3     0  00:00           0        25.9       0.123
  SondeSchuettstein    JUNCTION         0    0.597     0  00:00           0        25.9      -0.023
  SS4                  JUNCTION         0   0.0831     0  00:08           0        7.17       0.042
  47                   JUNCTION         0     7.31     0  00:01           0         379      -0.040
  48                   JUNCTION         0    0.439     0  00:01           0        25.9       0.046
  SondeGischeren       JUNCTION         0    0.222     0  00:03           0        12.3       0.464
  49                   JUNCTION         0    0.887     0  00:01           0        12.7       0.094
  50                   JUNCTION         0     0.18     0  00:07           0        12.2       0.018
  51                   JUNCTION         0     38.2     0  00:00           0    1.86e+03      -0.003
  Amont_C              JUNCTION      21.5     46.6     0  00:00    1.86e+03    1.86e+03       0.011
  52                   JUNCTION         0    0.231     0  00:05           0        16.7       0.127
  53                   JUNCTION         0    0.296     0  00:01           0        21.3       0.033
  54                   JUNCTION         0    0.247     0  00:08           0        21.3     135.119
  56                   JUNCTION         0    0.527     0  00:08           0        45.5      -0.000
  2                    JUNCTION         0   0.0488     0  00:08           0        4.21      75.781
  4                    JUNCTION         0    0.348     0  00:06           0        29.8       0.021
  5                    JUNCTION         0     5.88     0  00:01           0         379       0.054
  6                    JUNCTION         0     8.64     0  00:00           0         392       0.034
  7                    JUNCTION         0     4.68     0  00:02           0         379       0.052
  SS3                  JUNCTION         0    0.143     0  00:07           0        12.2       0.018
  SS5                  JUNCTION         0    0.204     0  00:07           0        17.4       0.140
  8                    JUNCTION         0    0.249     0  00:08           0        21.5      74.827
  10                   JUNCTION         0    0.657     0  00:02           0        12.7       0.729
  SonSto_SS5           JUNCTION         0    0.212     0  00:07           0        18.1       0.080
  SonSto_SS3           JUNCTION         0    0.142     0  00:08           0        12.2       0.065
  SonSto_SS4           JUNCTION         0    0.228     0  00:07           0        19.4       0.030
  Amont_Trappe         JUNCTION         0     1.58     0  00:04           0        22.5     -30.840
  SonSto_SS6           JUNCTION         0     0.36     0  00:07           0        30.8       0.052
  SS2                  JUNCTION         0        0     0  00:00           0           0       0.000 ltr
  SonSto_SS2           JUNCTION         0        0     0  00:00           0           0       0.000 ltr
  12                   JUNCTION         0    0.347     0  00:00           0        25.3       0.015
  14                   JUNCTION         0     1.41     0  00:08           0         122       0.372
  15                   JUNCTION         0     0.38     0  00:06           0        32.7       0.008
  TWT_PointHaut_60+650 JUNCTION         0    0.479     0  00:05           0        41.3      -0.814
  TWT_Fensterstollen_60+375 JUNCTION         0     15.6     0  00:08           0    1.23e+03      -8.371
  TWT_Acces_LT_60+110  JUNCTION         0     5.21     0  00:04           0         1.3     -99.100
  TWT_Liaison_LT_59+738 JUNCTION         0        0     0  00:00           0           0       0.000 ltr
  Syst_Est_amont       JUNCTION      1.08     1.08     0  00:00        92.9        92.9      50.865
  Syst_Est_interm      JUNCTION         0     1.32     0  00:08           0        61.6       0.506
  TWT_Branche_Est_Sonsto_60+540 JUNCTION         0     3.68     0  00:08           0         318       0.114
  TWT_Intersection_Sonsto_60+345 JUNCTION         0       11     0  00:08           0         945      20.002
  TWT_Chrosweg_61+140  JUNCTION         0    0.483     0  00:08           0        41.6      18.432
  SonSto_F_sup         JUNCTION         0    0.379     0  00:06           0        32.7       0.000
  SonSto_porte         JUNCTION         0     0.19     0  00:08           0        16.3    3295.314
  Brunnm_Fassung       OUTFALL          0    0.032     0  00:06           0        2.71       0.000
  Brunnmuehle(Teich)   OUTFALL          0    0.343     0  00:06           0        29.3       0.000
  Fensterstollen       OUTFALL          0     14.8     0  00:08           0    1.26e+03       0.000
  Gischeren            OUTFALL          0        0     0  00:00           0           0       0.000 ltr
  Schuettstein         OUTFALL          0    0.319     0  00:01           0        25.9       0.000
  Holiloch             OUTFALL          0     4.41     0  00:04           0         378       0.000
  Sauserquelle         OUTFALL          0    0.527     0  00:08           0        45.5       0.000
  Entw_Stollen         OUTFALL          0   0.0278     0  00:08           0        2.39       0.000
  Sous_lacustre        OUTFALL          0   0.0355     0  00:06           0        3.03       0.000
  Sous_ecoul.          OUTFALL          0  0.00598     0  00:06           0       0.507       0.000
  Syst_Est_aval        OUTFALL          0     1.32     0  00:07           0        61.2       0.000
  TWT_Portail_Est_61+665 OUTFALL          0    0.408     0  00:08           0        35.1       0.000
  
  
  **********************
  Node Surcharge Summary
  **********************
  
  Surcharging occurs when water rises above the top of the highest conduit.
  ---------------------------------------------------------------------
                                               Max. Height   Min. Depth
                                   Hours       Above Crown    Below Rim
  Node                 Type      Surcharged         Meters       Meters
  ---------------------------------------------------------------------
  9                    JUNCTION       23.99         45.230       52.970
  Holiloch_sonde       JUNCTION       23.99         41.216      156.884
  11                   JUNCTION       24.00         45.544      103.996
  13                   JUNCTION       23.99         42.263      354.737
  21                   JUNCTION       24.00         40.265      109.135
  34                   JUNCTION       24.00         18.924       80.476
  38                   JUNCTION       24.00         23.162      126.238
  40                   JUNCTION       24.00         16.421       79.579
  41                   JUNCTION       23.99         62.091      187.059
  SondeSchuettstein    JUNCTION       23.99         20.856        0.000
  47                   JUNCTION       23.98         11.498       86.602
  48                   JUNCTION       23.98          8.656       90.544
  SondeGischeren       JUNCTION       23.88          8.905       89.895
  49                   JUNCTION       23.96          5.246      186.754
  50                   JUNCTION       23.88          6.640      193.060
  51                   JUNCTION       24.00         60.082      335.918
  Amont_C              JUNCTION       24.00         98.030      298.970
  52                   JUNCTION       23.90         10.892       88.708
  53                   JUNCTION       23.97          6.952      188.048
  56                   JUNCTION       24.00          5.169       93.831
  4                    JUNCTION       23.99          8.489       90.861
  5                    JUNCTION       23.95          0.652       44.348
  6                    JUNCTION       23.98         15.544      179.456
  10                   JUNCTION       23.95          3.278      188.722
  12                   JUNCTION       23.99         13.875      185.775
  Syst_Est_amont       JUNCTION       23.85         97.601        1.399
  Syst_Est_interm      JUNCTION       23.87         38.667       59.833
  
  
  *********************
  Node Flooding Summary
  *********************
  
  No nodes were flooded.
  
  
  ***********************
  Outfall Loading Summary
  ***********************
  
  -----------------------------------------------------------
                         Flow       Avg       Max       Total
                         Freq      Flow      Flow      Volume
  Outfall Node           Pcnt       CMS       CMS    10^6 ltr
  -----------------------------------------------------------
  Brunnm_Fassung        99.95    0.0314     0.032       2.714
  Brunnmuehle(Teich)    99.95     0.339     0.343      29.314
  Fensterstollen        99.97      14.6      14.8    1264.097
  Gischeren              0.00         0         0       0.000
  Schuettstein          99.92       0.3     0.319      25.874
  Holiloch              99.85      4.39      4.41     378.418
  Sauserquelle          99.98     0.527     0.527      45.548
  Entw_Stollen          99.96    0.0277    0.0278       2.394
  Sous_lacustre         99.99    0.0351    0.0355       3.033
  Sous_ecoul.           99.95   0.00587   0.00598       0.507
  Syst_Est_aval         99.47     0.713      1.32      61.248
  TWT_Portail_Est_61+665  99.95     0.407     0.408      35.138
  -----------------------------------------------------------
  System                91.58      21.4      21.4    1848.285
  
  
  ********************
  Link Flow Summary
  ********************
  
  -----------------------------------------------------------------------------
                                 Maximum  Time of Max   Maximum    Max/    Max/
                                  |Flow|   Occurrence   |Veloc|    Full    Full
  Link                 Type          CMS  days hr:min     m/sec    Flow   Depth
  -----------------------------------------------------------------------------
  Brunn_Fassung_L      CONDUIT     0.032     0  00:06      1.39    0.53    0.76
  11                   CONDUIT      11.7     0  00:00      6.73    1.76    1.00
  14                   CONDUIT      13.1     0  00:00      8.75    7.14    1.00
  16                   CONDUIT      0.24     0  00:03      2.81    1.67    1.00
  17                   CONDUIT     0.233     0  00:00      0.82    0.40    1.00
  26                   CONDUIT       3.3     0  00:00      6.06    4.48    1.00
  27                   CONDUIT    0.0734     0  00:05      1.93    0.94    1.00
  Gischeren_L          CONDUIT         0     0  00:00      0.00    0.00    0.00
  Schuettstein_L       CONDUIT     0.319     0  00:01      2.24    0.27    0.68
  Brunnmuehle_L        CONDUIT     0.379     0  00:06      1.34    0.18    1.00
  32                   CONDUIT         0     0  00:00      0.00    0.00    0.00
  35                   CONDUIT         0     0  00:00      0.00    0.00    0.50
  45                   CONDUIT     0.358     0  00:07      2.10    0.00    0.12
  46                   CONDUIT     0.527     0  00:08      1.87    0.53    1.00
  47                   CONDUIT     0.107     0  00:03      2.82    6.69    1.00
  50                   CONDUIT     0.439     0  00:01      1.40    0.08    1.00
  51                   CONDUIT    0.0232     0  00:01      0.30    0.06    1.00
  53                   CONDUIT     0.232     0  00:00      1.40    1.18    1.00
  Fenster_L            CONDUIT      14.8     0  00:08     10.18    0.15    0.27
  58                   CONDUIT      9.49     0  00:08      6.44    0.12    0.27
  59                   CONDUIT     0.213     0  00:07      2.60    0.00    0.04
  61                   CONDUIT     0.597     0  00:00      2.93    0.84    1.00
  63                   CONDUIT      0.15     0  00:02      2.08    0.68    0.52
  66                   CONDUIT      0.18     0  00:07      2.63    2.37    1.00
  67                   CONDUIT      21.4     0  00:00      5.56    0.21    1.00
  Amont_L              CONDUIT      38.2     0  00:00      5.40    2.07    1.00
  69                   CONDUIT     0.231     0  00:05      1.95    0.90    1.00
  70                   CONDUIT     0.194     0  00:05      1.54    0.60    1.00
  71                   CONDUIT     0.296     0  00:01      1.31    0.52    1.00
  72                   CONDUIT     0.247     0  00:08      1.30    1.17    0.76
  Sauser_L             CONDUIT     0.527     0  00:08      1.02    0.13    0.62
  75                   CONDUIT    0.0831     0  00:08      2.80    0.85    0.63
  Entw_Sto_L           CONDUIT    0.0278     0  00:08      1.80    0.64    0.59
  4                    CONDUIT    0.0219     0  00:08      1.22    0.98    0.78
  5                    CONDUIT    0.0213     0  00:08      0.98    0.76    0.79
  6                    CONDUIT    0.0355     0  00:06      1.39    0.53    0.76
  7                    CONDUIT     0.348     0  00:06      1.77    0.54    1.00
  Brunn_Teich_L        CONDUIT     0.343     0  00:06      1.44    0.26    0.67
  9                    CONDUIT   0.00598     0  00:06      1.50    0.00    0.50
  12                   CONDUIT      5.88     0  00:01      3.56    0.12    1.00
  15                   CONDUIT      8.64     0  00:00      4.82    0.22    1.00
  18                   CONDUIT      7.31     0  00:01      3.94    0.29    1.00
  19                   CONDUIT     0.887     0  00:01      1.20    0.84    1.00
  20                   CONDUIT      1.45     0  00:05      2.55    0.12    0.75
  21                   CONDUIT      4.68     0  00:02      0.60    0.03    0.81
  Hooliloch_L          CONDUIT      4.41     0  00:04      1.08    0.09    0.56
  23                   CONDUIT     0.143     0  00:07      3.20    0.90    0.62
  25                   CONDUIT     0.249     0  00:08      1.37    0.20    0.61
  28                   CONDUIT     0.146     0  00:07      2.38    0.00    0.03
  29                   CONDUIT    0.0235     0  00:07      0.67    0.00    0.03
  31                   CONDUIT         0     0  00:00      0.00    0.00    0.06
  33                   CONDUIT     0.657     0  00:02      0.78    0.25    1.00
  37                   CONDUIT     0.188     0  00:07      0.44    0.00    0.11
  SS3_L                CONDUIT     0.142     0  00:08      3.04    0.00    0.04
  40                   CONDUIT      1.58     0  00:04      1.23    0.01    0.16
  SS6_L                CONDUIT      0.15     0  00:02      3.94    0.00    0.05
  1                    CONDUIT         0     0  00:00      0.00    0.00    0.02
  2                    CONDUIT         0     0  00:00      0.00    0.00    0.00
  3                    CONDUIT    0.0831     0  00:08      4.26    0.01    0.07
  10                   CONDUIT     0.204     0  00:07      0.60    0.00    0.11
  13                   CONDUIT     0.347     0  00:00      3.96    0.75    1.00
  22                   CONDUIT     0.293     0  00:03      3.04    0.73    1.00
  24                   CONDUIT      1.41     0  00:08      2.39    0.00    0.83
  30                   CONDUIT      1.41     0  00:08      2.35    0.59    0.83
  34                   CONDUIT      0.38     0  00:06      1.89    0.42    0.79
  36                   CONDUIT     0.379     0  00:06      5.73    0.41    0.32
  38                   CONDUIT     0.222     0  00:03      2.39    0.08    0.78
  48                   CONDUIT      1.32     0  00:08      2.61    0.89    1.00
  54                   CONDUIT      1.32     0  00:07      1.08    0.25    0.66
  68                   CONDUIT     0.163     0  00:06      7.37    0.00    0.10
  73                   CONDUIT    0.0056     0  00:08      0.13    0.00    0.04
  TWT1                 CONDUIT     0.408     0  00:08      2.61    0.00    0.01
  TWT2                 CONDUIT     0.483     0  00:08      2.73    0.00    0.02
  TWT3                 CONDUIT     0.479     0  00:05      0.94    0.00    0.03
  TWT4                 CONDUIT       3.2     0  00:08      1.63    0.00    0.10
  1_2_b_               CONDUIT         0     0  00:00      0.00    0.00    0.07
  1_2_b_1              CONDUIT      2.08     0  00:06     13.26    8.00    1.00
  1_2_b_2              CONDUIT    0.0378     0  00:06      0.35    0.01    0.54
  TWT5                 CONDUIT      10.3     0  00:08      1.92    0.01    0.17
  1_4_a                CONDUIT       9.2     0  00:08      4.68    0.14    0.33
  1_4_a_1              CONDUIT      7.23     0  00:03     47.03    9.69    1.00
  TWT6                 CONDUIT      5.21     0  00:04      1.49    0.01    0.17
  1_4_b                CONDUIT      0.19     0  00:08      0.12    0.00    0.27
  TWT7                 CONDUIT         0     0  00:00      0.00    0.00    0.07
  1_5_a                CONDUIT         0     0  00:00      0.00    0.00    0.03
  1_6_b_2              CONDUIT      2.08     0  00:03     12.04    6.68    1.00
  1_7_a                CONDUIT      8.45     0  00:08      3.32    1.92    0.20
  1_7_a_               CONDUIT     0.179     0  00:06      2.17    0.01    0.44
  1_7_a__              CONDUIT      1.29     0  00:08      6.95    0.19    0.90
  1_7_a_1              CONDUIT      2.21     0  00:08     11.86   11.23    0.90
  
  
  ***************************
  Flow Classification Summary
  ***************************
  
  -------------------------------------------------------------------------------------
                      Adjusted    ---------- Fraction of Time in Flow Class ---------- 
                       /Actual         Up    Down  Sub   Sup   Up    Down  Norm  Inlet 
  Conduit               Length    Dry  Dry   Dry   Crit  Crit  Crit  Crit  Ltd   Ctrl  
  -------------------------------------------------------------------------------------
  Brunn_Fassung_L         1.00   0.00  0.00  0.00  0.00  1.00  0.00  0.00  0.00  0.00
  11                      1.00   0.00  0.00  0.00  1.00  0.00  0.00  0.00  0.00  0.00
  14                      1.00   0.00  0.00  0.00  1.00  0.00  0.00  0.00  0.00  0.00
  16                      1.00   0.00  0.00  0.00  1.00  0.00  0.00  0.00  0.00  0.00
  17                      1.00   0.00  0.00  0.00  1.00  0.00  0.00  0.00  0.00  0.00
  26                      1.00   0.00  0.00  0.00  1.00  0.00  0.00  0.00  0.00  0.00
  27                      1.00   0.00  0.00  0.00  1.00  0.00  0.00  0.00  0.00  0.00
  Gischeren_L             1.00   1.00  0.00  0.00  0.00  0.00  0.00  0.00  0.00  0.00
  Schuettstein_L          1.00   0.00  0.00  0.00  0.00  1.00  0.00  0.00  0.00  0.00
  Brunnmuehle_L           1.00   0.00  0.00  0.00  1.00  0.00  0.00  0.00  0.00  0.00
  32                      1.00   1.00  0.00  0.00  0.00  0.00  0.00  0.00  0.00  0.00
  35                      1.00   0.00  1.00  0.00  0.00  0.00  0.00  0.00  0.00  0.00
  45                      1.00   0.00  0.00  0.00  1.00  0.00  0.00  0.00  1.00  0.00
  46                      1.00   0.00  0.00  0.00  1.00  0.00  0.00  0.00  0.00  0.00
  47                      1.00   0.00  0.00  0.00  1.00  0.00  0.00  0.00  0.00  0.00
  50                      1.00   0.00  0.00  0.00  1.00  0.00  0.00  0.00  0.00  0.00
  51                      1.00   0.00  0.00  0.00  1.00  0.00  0.00  0.00  0.00  0.00
  53                      1.00   0.00  0.00  0.00  1.00  0.00  0.00  0.00  0.00  0.00
  Fenster_L               1.00   0.00  0.00  0.00  0.00  1.00  0.00  0.00  0.00  0.00
  58                      1.00   0.00  0.00  0.00  0.00  1.00  0.00  0.00  0.00  0.00
  59                      1.00   0.00  0.00  0.00  0.00  1.00  0.00  0.00  1.00  0.00
  61                      1.00   0.00  0.00  0.00  1.00  0.00  0.00  0.00  0.00  0.00
  63                      1.00   0.00  0.00  0.00  1.00  0.00  0.00  0.00  0.00  0.00
  66                      1.00   0.00  0.00  0.00  1.00  0.00  0.00  0.00  0.00  0.00
  67                      1.00   0.00  0.00  0.00  1.00  0.00  0.00  0.00  0.00  0.00
  Amont_L                 1.00   0.00  0.00  0.00  1.00  0.00  0.00  0.00  0.00  0.00
  69                      1.00   0.00  0.00  0.00  1.00  0.00  0.00  0.00  0.00  0.00
  70                      1.00   0.00  0.00  0.00  1.00  0.00  0.00  0.00  0.00  0.00
  71                      1.00   0.00  0.00  0.00  1.00  0.00  0.00  0.00  0.00  0.00
  72                      1.00   0.00  0.00  0.00  1.00  0.00  0.00  0.00  0.00  0.00
  Sauser_L                1.00   0.00  0.00  0.00  1.00  0.00  0.00  0.00  0.00  0.00
  75                      1.00   0.00  0.00  0.00  0.00  1.00  0.00  0.00  0.00  0.00
  Entw_Sto_L              1.00   0.00  0.00  0.00  0.00  1.00  0.00  0.00  0.00  0.00
  4                       1.00   0.00  0.00  0.00  1.00  0.00  0.00  0.00  0.00  0.00
  5                       1.00   0.00  0.00  0.00  1.00  0.00  0.00  0.00  0.00  0.00
  6                       1.00   0.00  0.00  0.00  0.00  1.00  0.00  0.00  0.00  0.00
  7                       1.00   0.00  0.00  0.00  1.00  0.00  0.00  0.00  0.00  0.00
  Brunn_Teich_L           1.00   0.00  0.00  0.00  1.00  0.00  0.00  0.00  0.00  0.00
  9                       1.00   0.00  0.00  0.00  0.00  1.00  0.00  0.00  0.00  0.00
  12                      1.00   0.00  0.00  0.00  1.00  0.00  0.00  0.00  0.00  0.00
  15                      1.00   0.00  0.00  0.00  1.00  0.00  0.00  0.00  0.00  0.00
  18                      1.00   0.00  0.00  0.00  1.00  0.00  0.00  0.00  0.00  0.00
  19                      1.00   0.00  0.00  0.00  1.00  0.00  0.00  0.00  0.00  0.00
  20                      1.00   0.00  0.00  0.00  1.00  0.00  0.00  0.00  0.00  0.00
  21                      1.00   0.00  0.00  0.00  1.00  0.00  0.00  0.00  0.00  0.00
  Hooliloch_L             1.00   0.00  0.00  0.00  1.00  0.00  0.00  0.00  0.00  0.00
  23                      1.00   0.00  0.00  0.00  0.00  1.00  0.00  0.00  0.00  0.00
  25                      1.00   0.00  0.00  0.00  1.00  0.00  0.00  0.00  0.00  0.00
  28                      1.00   0.00  0.00  0.00  0.00  1.00  0.00  0.00  0.00  0.00
  29                      1.00   0.00  0.00  0.00  1.00  0.00  0.00  0.00  1.00  0.00
  31                      1.00   0.00  1.00  0.00  0.00  0.00  0.00  0.00  0.00  0.00
  33                      1.00   0.00  0.00  0.00  1.00  0.00  0.00  0.00  0.00  0.00
  37                      1.00   0.00  0.00  0.00  1.00  0.00  0.00  0.00  0.00  0.00
  SS3_L                   1.00   0.00  0.00  0.00  0.00  1.00  0.00  0.00  1.00  0.00
  40                      1.00   0.00  0.00  0.00  1.00  0.00  0.00  0.00  0.00  0.00
  SS6_L                   1.00   0.00  0.00  0.00  0.00  1.00  0.00  0.00  1.00  0.00
  1                       1.00   0.00  1.00  0.00  0.00  0.00  0.00  0.00  0.00  0.00
  2                       1.00   1.00  0.00  0.00  0.00  0.00  0.00  0.00  0.00  0.00
  3                       1.00   0.00  0.00  0.00  0.00  1.00  0.00  0.00  1.00  0.00
  10                      1.00   0.00  0.00  0.00  1.00  0.00  0.00  0.00  1.00  0.00
  13                      1.00   0.00  0.00  0.00  1.00  0.00  0.00  0.00  0.00  0.00
  22                      1.00   0.00  0.00  0.00  1.00  0.00  0.00  0.00  0.00  0.00
  24                      1.00   0.00  0.00  0.00  1.00  0.00  0.00  0.00  0.00  0.00
  30                      1.00   0.00  0.00  0.00  1.00  0.00  0.00  0.00  0.00  0.00
  34                      1.00   0.00  0.00  0.00  1.00  0.00  0.00  0.00  0.00  0.00
  36                      1.00   0.00  0.00  0.00  0.00  1.00  0.00  0.00  0.00  0.00
  38                      1.00   0.00  0.00  0.00  1.00  0.00  0.00  0.00  0.00  0.00
  48                      1.00   0.00  0.00  0.00  1.00  0.00  0.00  0.00  0.00  0.00
  54                      1.00   0.00  0.01  0.00  0.99  0.00  0.00  0.00  0.00  0.00
  68                      1.00   0.00  0.00  0.00  1.00  0.00  0.00  0.00  1.00  0.00
  73                      1.00   0.00  0.01  0.00  0.99  0.00  0.00  0.00  0.99  0.00
  TWT1                    1.00   0.00  0.00  0.00  0.00  1.00  0.00  0.00  0.00  0.00
  TWT2                    1.00   0.00  0.00  0.00  0.00  1.00  0.00  0.00  0.00  0.00
  TWT3                    1.00   0.00  0.00  0.00  1.00  0.00  0.00  0.00  0.00  0.00
  TWT4                    1.00   0.00  0.00  0.00  1.00  0.00  0.00  0.00  1.00  0.00
  1_2_b_                  1.00   0.00  1.00  0.00  0.00  0.00  0.00  0.00  0.00  0.00
  1_2_b_1                 1.00   0.00  0.00  0.00  1.00  0.00  0.00  0.00  0.00  0.00
  1_2_b_2                 1.00   0.00  0.00  0.00  1.00  0.00  0.00  0.00  1.00  0.00
  TWT5                    1.00   0.00  0.00  0.00  1.00  0.00  0.00  0.00  0.00  0.00
  1_4_a                   1.00   0.00  0.00  0.00  0.00  1.00  0.00  0.00  0.00  0.00
  1_4_a_1                 1.00   0.00  0.00  0.00  1.00  0.00  0.00  0.00  0.00  0.00
  TWT6                    1.00   0.00  0.00  0.00  1.00  0.00  0.00  0.00  0.00  0.00
  1_4_b                   1.00   0.00  0.01  0.00  0.99  0.00  0.00  0.00  0.00  0.00
  TWT7                    1.00   0.00  1.00  0.00  0.00  0.00  0.00  0.00  0.00  0.00
  1_5_a                   1.00   0.00  1.00  0.00  0.00  0.00  0.00  0.00  0.00  0.00
  1_6_b_2                 1.00   0.00  0.00  0.00  1.00  0.00  0.00  0.00  0.00  0.00
  1_7_a                   1.00   0.00  0.00  0.00  1.00  0.00  0.00  0.00  0.00  0.00
  1_7_a_                  1.00   0.00  0.00  0.00  0.00  1.00  0.00  0.00  1.00  0.00
  1_7_a__                 1.00   0.00  0.00  0.00  0.00  1.00  0.00  0.00  0.00  0.00
  1_7_a_1                 1.00   0.00  0.00  0.00  0.00  1.00  0.00  0.00  0.00  0.00
  
  
  *************************
  Conduit Surcharge Summary
  *************************
  
  ----------------------------------------------------------------------------
                                                           Hours        Hours 
                         --------- Hours Full --------   Above Full   Capacity
  Conduit                Both Ends  Upstream  Dnstream   Normal Flow   Limited
  ----------------------------------------------------------------------------
  Brunn_Fassung_L             0.01      0.01     24.00      0.01         0.01
  11                         23.99     23.99     23.99      0.01         0.01
  14                         23.99     23.99     24.00     23.99         0.01
  16                         24.00     24.00     24.00     23.99        23.99
  17                         24.00     24.00     24.00      0.01         0.01
  26                         23.99     24.00     23.99      0.01         0.01
  27                         23.97     23.97     23.97      0.01         0.01
  Schuettstein_L              0.01      0.01     23.98      0.01         0.01
  Brunnmuehle_L              24.00     24.00     24.00      0.01         0.01
  46                         24.00     24.00     24.00      0.01         0.01
  47                         24.00     24.00     24.00     24.00        24.00
  50                         23.98     23.98     23.99      0.01         0.01
  51                         23.96     23.96     24.00      0.01         0.01
  53                         24.00     24.00     24.00     23.99         0.01
  61                         23.99     23.99     23.99      0.01         0.01
  63                          0.01     23.97      0.01      0.01         0.01
  66                         23.88     23.96     23.88     23.95        23.88
  67                         23.99     23.99     24.00      0.01         0.01
  Amont_L                    24.00     24.00     24.00     24.00         0.01
  69                         23.90     23.90     24.00      0.01         0.01
  70                         23.90     23.90     24.00      0.01         0.01
  71                         23.98     23.98     23.99      0.01         0.01
  72                          0.01     23.97      0.01     23.95         0.01
  Sauser_L                    0.01      0.01     24.00      0.01         0.01
  75                          0.01     23.96      0.01      0.01         0.01
  4                           0.01     23.97      0.01      0.01         0.01
  5                           0.01      0.01     24.00      0.01         0.01
  6                           0.01      0.01     24.00      0.01         0.01
  7                          23.99     23.99     24.00      0.01         0.01
  Brunn_Teich_L               0.01      0.01     23.99      0.01         0.01
  9                           0.01      0.01     23.99      0.01         0.01
  12                         23.98     23.98     23.98      0.01         0.01
  15                         23.99     23.99     23.99      0.01         0.01
  18                         23.98     23.98     23.98      0.01         0.01
  19                         23.97     23.97     23.98      0.01         0.01
  21                          0.01      0.01     23.95      0.01         0.01
  23                          0.01     23.88      0.01      0.01         0.01
  25                          0.01      0.01     23.99      0.01         0.01
  33                         23.95     23.95     23.96      0.01         0.01
  13                         23.99     23.99     24.00      0.01         0.01
  22                         23.99     23.99     24.00      0.01         0.01
  24                          0.01      0.01     24.00      0.01         0.01
  30                          0.01      0.01     24.00      0.01         0.01
  34                          0.01      0.01     23.99      0.01         0.01
  38                          0.01      0.01     23.90      0.01         0.01
  48                         23.85     23.85     23.91      0.01         0.01
  54                          0.01      0.01     23.87      0.01         0.01
  1_2_b_1                    23.98     24.00     23.98     24.00        23.98
  1_2_b_2                     0.01      0.01     23.98      0.01         0.01
  1_4_a_1                    23.99     24.00     23.99     24.00        23.99
  1_6_b_2                    23.99     24.00     23.99     24.00        23.99
  1_7_a                       0.01      0.01      0.01     23.94         0.01
  1_7_a__                     0.01      0.01     24.00      0.01         0.01
  1_7_a_1                     0.01      0.01     24.00     23.99         0.01
  

  Analysis begun on:  Mon Aug 17 08:39:16 2026
  Analysis ended on:  Mon Aug 17 08:39:18 2026
  Total elapsed time: 00:00:02