
  EPA STORM WATER MANAGEMENT MODEL - VERSION 5.2 (Build 5.2.4)
  ------------------------------------------------------------

  Brunnmuehle (Twann) 
  WARNING 08: elevation drop exceeds length for Conduit SS3_L
  WARNING 08: elevation drop exceeds length for Conduit SS6_L
  WARNING 08: elevation drop exceeds length for Conduit 2
  WARNING 08: elevation drop exceeds length for Conduit 3
  WARNING 08: elevation drop exceeds length for Conduit 68
  WARNING 08: elevation drop exceeds length for Conduit 1_1_a_2
  WARNING 08: elevation drop exceeds length for Conduit 1_2_b_
  WARNING 08: elevation drop exceeds length for Conduit 1_2_b_2
  WARNING 08: elevation drop exceeds length for Conduit 1_2_b_3
  WARNING 08: elevation drop exceeds length for Conduit 1_4_b
  WARNING 08: elevation drop exceeds length for Conduit 1_5_a
  WARNING 04: minimum elevation drop used for Conduit 1_7_a
  WARNING 08: elevation drop exceeds length for Conduit 1_7_a_
  WARNING 08: elevation drop exceeds length for Conduit 1_7_a__
  WARNING 02: maximum depth increased for Node 2
  
  ****************
  Analysis Options
  ****************
  Flow Units ............... CMS
  Process Models:
    Rainfall/Runoff ........ NO
    RDII ................... NO
    Snowmelt ............... NO
    Groundwater ............ NO
    Flow Routing ........... YES
    Ponding Allowed ........ NO
    Water Quality .......... NO
  Flow Routing Method ...... DYNWAVE
  Surcharge Method ......... EXTRAN
  Starting Date ............ 01/01/2000 00:00:00
  Ending Date .............. 01/02/2000 00:00:00
  Antecedent Dry Days ...... 0.0
  Report Time Step ......... 01:00:00
  Routing Time Step ........ 0.50 sec
  Variable Time Step ....... YES
  Maximum Trials ........... 8
  Number of Threads ........ 1
  Head Tolerance ........... 0.001500 m
  
  
  **************************        Volume        Volume
  Flow Routing Continuity        hectare-m      10^6 ltr
  **************************     ---------     ---------
  Dry Weather Inflow .......         0.000         0.000
  Wet Weather Inflow .......         0.000         0.000
  Groundwater Inflow .......         0.000         0.000
  RDII Inflow ..............         0.000         0.000
  External Inflow ..........       195.026      1950.277
  External Outflow .........       185.215      1852.168
  Flooding Loss ............         0.000         0.000
  Evaporation Loss .........         0.000         0.000
  Exfiltration Loss ........         0.000         0.000
  Initial Stored Volume ....         0.056         0.563
  Final Stored Volume ......         0.371         3.714
  Continuity Error (%) .....         4.868
  
  
  *************************
  Highest Continuity Errors
  *************************
  Node TWT_Acces_LT_60+110 (100.00%)
  Node TWT_Intersection_Sonsto_60+345 (-95.59%)
  Node 2 (48.30%)
  Node TWT_Fensterstollen_60+375 (-17.36%)
  Node 30 (13.27%)
  
  
  ***************************
  Time-Step Critical Elements
  ***************************
  Link 1_7_a_ (18550.22%)
  Link 20 (60.56%)
  
  
  ********************************
  Highest Flow Instability Indexes
  ********************************
  All links are stable.
  
  
  *********************************
  Most Frequent Nonconverging Nodes
  *********************************
  Node Brunnm_Fassung (59.81%)
  Node Brunnmuehle(Teich) (59.81%)
  Node Fensterstollen (59.81%)
  Node Gischeren (59.81%)
  Node Schuettstein (59.81%)
  
  
  *************************
  Routing Time Step Summary
  *************************
  Minimum Time Step           :     0.50 sec
  Average Time Step           :     0.50 sec
  Maximum Time Step           :     0.50 sec
  % of Time in Steady State   :    99.46
  Average Iterations per Step :     6.85
  % of Steps Not Converging   :    59.81
  Time Step Frequencies       :
      0.500 -  0.500 sec      :   100.00 %
      0.500 -  0.500 sec      :     0.00 %
      0.500 -  0.500 sec      :     0.00 %
      0.500 -  0.500 sec      :     0.00 %
      0.500 -  0.500 sec      :     0.00 %
  
  
  ******************
  Node Depth Summary
  ******************
  
  ---------------------------------------------------------------------------------
                                 Average  Maximum  Maximum  Time of Max    Reported
                                   Depth    Depth      HGL   Occurrence   Max Depth
  Node                 Type       Meters   Meters   Meters  days hr:min      Meters
  ---------------------------------------------------------------------------------
  9                    JUNCTION    56.97    69.04   507.54     0  00:00       56.99
  Holiloch_sonde       JUNCTION    47.94    65.35   505.35     0  00:00       47.97
  11                   JUNCTION    65.06    67.84   477.84     0  00:02       65.07
  13                   JUNCTION    93.72    94.92   532.92     0  00:02       93.75
  21                   JUNCTION    45.04    47.03   447.03     0  00:02       45.05
  SonSto_F             JUNCTION     0.13     0.14   437.94     0  00:07        0.13
  Sondierstollen       JUNCTION     0.00     0.00   440.80     0  00:00        0.00
  Aval_Trappe          JUNCTION     0.29     0.31   437.91     0  00:07        0.29
  30                   JUNCTION     0.39     0.39   437.69     0  00:07        0.39
  Gischeren_node       JUNCTION     4.04     4.05   480.55     0  00:07        4.05
  34                   JUNCTION    22.43    23.91   443.91     0  00:02       22.44
  38                   JUNCTION    30.59    33.04   453.04     0  00:02       30.61
  SS6                  JUNCTION     0.07     0.07   448.07     0  00:01        0.07
  40                   JUNCTION    21.22    25.69   444.69     0  00:01       21.22
  41                   JUNCTION    93.33    94.51   532.01     0  00:02       93.36
  SondeSchuettstein    JUNCTION    27.54    29.23   488.23     0  00:00       27.56
  SS4                  JUNCTION     0.09     0.09   448.09     0  00:06        0.09
  47                   JUNCTION    15.99    22.38   487.28     0  00:00       16.00
  48                   JUNCTION    14.47    15.59   486.59     0  00:00       14.48
  SondeGischeren       JUNCTION    15.56    15.60   480.60     0  00:07       15.59
  49                   JUNCTION    17.42    19.26   485.26     0  00:01       17.44
  50                   JUNCTION     8.89     8.92   471.92     0  00:07        8.91
  51                   JUNCTION   112.42   113.63   533.63     0  00:02      112.45
  Amont_C              JUNCTION   117.12   118.35   536.35     0  00:02      117.15
  52                   JUNCTION    31.70    52.03   509.03     0  00:02       31.75
  53                   JUNCTION    58.47    59.73   526.73     0  00:05       58.58
  54                   JUNCTION    58.08    59.84   522.84     0  00:05       58.31
  56                   JUNCTION     6.21     6.90   436.90     0  00:01        6.22
  2                    JUNCTION     0.13     0.13   438.13     0  00:07        0.13
  4                    JUNCTION     9.35    10.49   438.49     0  00:00        9.36
  5                    JUNCTION     6.82     6.86   479.36     0  00:02        6.82
  6                    JUNCTION    25.64    32.36   490.36     0  00:00       25.66
  7                    JUNCTION     4.30     4.32   479.32     0  00:02        4.30
  SS3                  JUNCTION     0.08     0.08   448.08     0  00:07        0.08
  SS5                  JUNCTION     0.64     0.64   439.54     0  00:06        0.64
  8                    JUNCTION     6.87     6.90   480.90     0  00:07        6.88
  10                   JUNCTION    15.41    17.31   485.31     0  00:01       15.43
  SonSto_SS5           JUNCTION     0.14     0.15   439.45     0  00:06        0.14
  SonSto_SS3           JUNCTION     0.11     0.11   439.81     0  00:05        0.11
  SonSto_SS4           JUNCTION     0.09     0.09   439.49     0  00:06        0.09
  Amont_Trappe         JUNCTION     0.20     0.24   437.94     0  00:07        0.20
  SonSto_SS6           JUNCTION     0.14     0.15   438.85     0  00:06        0.14
  SS2                  JUNCTION     0.00     0.00   448.00     0  00:00        0.00
  SonSto_SS2           JUNCTION     0.00     0.00   441.50     0  00:00        0.00
  12                   JUNCTION    40.39    41.01   490.01     0  00:02       40.41
  14                   JUNCTION    34.23    44.29   509.29     0  00:01       34.25
  15                   JUNCTION     1.85     2.98   474.98     0  00:02        1.86
  TWT_PointHaut_60+650 JUNCTION     0.11     0.11   438.61     0  00:07        0.11
  TWT_Fensterstollen_60+375 JUNCTION     0.61     0.62   437.92     0  00:07        0.61
  TWT_Acces_LT_60+110  JUNCTION     0.33     0.33   437.83     0  00:07        0.33
  TWT_Liaison_LT_59+738 JUNCTION     0.00     0.00   450.60     0  00:00        0.00
  Syst_Est_amont       JUNCTION     0.67     0.67   430.67     0  00:07        0.67
  Syst_Est_interm      JUNCTION    19.48    32.70   442.70     0  00:07       19.58
  TWT_Branche_Est_Sonsto_60+540 JUNCTION     0.32     0.36   438.76     0  00:02        0.32
  TWT_Intersection_Sonsto_60+345 JUNCTION     0.79     0.94   437.94     0  00:06        0.79
  TWT_Chrosweg_61+140  JUNCTION     0.07     0.07   432.07     0  00:07        0.07
  SonSto_F_sup         JUNCTION     0.05     0.05   448.05     0  00:01        0.05
  SonSto_porte         JUNCTION     0.00     0.00   438.50     0  00:00        0.00
  Brunnm_Fassung       OUTFALL      0.12     0.12   433.92     0  00:02        0.12
  Brunnmuehle(Teich)   OUTFALL      0.27     0.28   435.78     0  00:02        0.27
  Fensterstollen       OUTFALL      0.35     0.36   437.36     0  00:05        0.35
  Gischeren            OUTFALL      0.27     0.27   480.27     0  00:07        0.27
  Schuettstein         OUTFALL      0.35     0.35   477.90     0  00:02        0.35
  Holiloch             OUTFALL      2.15     2.16   478.66     0  00:02        2.15
  Sauserquelle         OUTFALL      0.26     0.28   435.83     0  00:01        0.26
  Entw_Stollen         OUTFALL      0.13     0.13   436.63     0  00:07        0.13
  Sous_lacustre        OUTFALL      0.12     0.12   429.32     0  00:02        0.12
  Sous_ecoul.          OUTFALL      0.00     0.00   433.00     0  00:02        0.00
  Syst_Est_aval        OUTFALL      0.31     0.37   429.37     0  00:07        0.31
  TWT_Portail_Est_61+665 OUTFALL      0.05     0.05   421.65     0  00:07        0.05
  
  
  *******************
  Node Inflow Summary
  *******************
  
  -------------------------------------------------------------------------------------------------
                                  Maximum  Maximum                  Lateral       Total        Flow
                                  Lateral    Total  Time of Max      Inflow      Inflow     Balance
                                   Inflow   Inflow   Occurrence      Volume      Volume       Error
  Node                 Type           CMS      CMS  days hr:min    10^6 ltr    10^6 ltr     Percent
  -------------------------------------------------------------------------------------------------
  9                    JUNCTION         0     20.8     0  00:00           0    1.35e+03       0.007
  Holiloch_sonde       JUNCTION         0     18.3     0  00:00           0    1.29e+03       0.000
  11                   JUNCTION         0    0.343     0  00:02           0        29.4       0.002
  13                   JUNCTION         0     21.4     0  00:00           0    1.54e+03       0.018
  21                   JUNCTION         0    0.591     0  00:02           0        50.2       0.000
  SonSto_F             JUNCTION         0    0.874     0  00:06           0        72.5      -5.041
  Sondierstollen       JUNCTION         0        0     0  00:00           0           0       0.000 ltr
  Aval_Trappe          JUNCTION         0     1.22     0  00:07           0         102      -2.077
  30                   JUNCTION         0     3.44     0  00:07           0         296      15.300
  Gischeren_node       JUNCTION         0    0.884     0  00:04           0        73.3       0.121
  34                   JUNCTION         0    0.547     0  00:02           0        46.4       0.001
  38                   JUNCTION         0    0.327     0  00:00           0        26.5      -0.003
  SS6                  JUNCTION         0    0.179     0  00:01           0        14.7      -0.000
  40                   JUNCTION         0     3.04     0  00:02           0         261      -0.004
  41                   JUNCTION         0     5.93     0  00:00           0        85.1       0.004
  SondeSchuettstein    JUNCTION         0     1.12     0  00:00           0        85.1       0.025
  SS4                  JUNCTION         0    0.178     0  00:06           0        15.3       0.001
  47                   JUNCTION         0     15.4     0  00:00           0    1.28e+03       0.017
  48                   JUNCTION         0     1.04     0  00:00           0        85.1       0.002
  SondeGischeren       JUNCTION         0      0.6     0  00:01           0        41.3       0.128
  49                   JUNCTION         0     1.26     0  00:01           0        14.8       0.706
  50                   JUNCTION         0    0.182     0  00:02           0        13.6       0.012
  51                   JUNCTION         0     38.2     0  00:00           0    1.86e+03      -0.002
  Amont_C              JUNCTION      21.5     46.6     0  00:00    1.86e+03    1.86e+03       0.012
  52                   JUNCTION         0    0.388     0  00:02           0        23.7       0.092
  53                   JUNCTION         0    0.658     0  00:00           0        18.8       0.079
  54                   JUNCTION         0    0.529     0  00:05           0        18.8       0.581
  56                   JUNCTION         0    0.677     0  00:01           0        50.4      -0.001
  2                    JUNCTION         0   0.0718     0  00:07           0        6.19      93.433
  4                    JUNCTION         0    0.506     0  00:02           0        42.7       0.013
  5                    JUNCTION         0       15     0  00:02           0    1.28e+03      -0.032
  6                    JUNCTION         0     16.8     0  00:00           0    1.29e+03       0.020
  7                    JUNCTION         0     15.2     0  00:01           0    1.28e+03       0.063
  SS3                  JUNCTION         0    0.158     0  00:07           0        13.6       0.002
  SS5                  JUNCTION         0    0.359     0  00:06           0        30.9       0.029
  8                    JUNCTION         0     1.04     0  00:03           0          87       0.054
  10                   JUNCTION         0     1.06     0  00:01           0        14.7      -0.154
  SonSto_SS5           JUNCTION         0    0.393     0  00:06           0        33.9       0.107
  SonSto_SS3           JUNCTION         0    0.158     0  00:07           0        13.6       0.016
  SonSto_SS4           JUNCTION         0    0.339     0  00:06           0          29       0.003
  Amont_Trappe         JUNCTION         0    0.868     0  00:07           0        72.4      -5.130
  SonSto_SS6           JUNCTION         0    0.579     0  00:06           0        48.6       0.722
  SS2                  JUNCTION         0        0     0  00:00           0           0       0.000 ltr
  SonSto_SS2           JUNCTION         0        0     0  00:00           0           0       0.000 ltr
  12                   JUNCTION         0    0.515     0  00:00           0        36.3       0.009
  14                   JUNCTION         0     3.21     0  00:01           0         211       0.021
  15                   JUNCTION         0    0.743     0  00:01           0        58.7       0.019
  TWT_PointHaut_60+650 JUNCTION         0    0.282     0  00:02           0          21       0.822
  TWT_Fensterstollen_60+375 JUNCTION         0     4.07     0  00:07           0         218     -14.793
  TWT_Acces_LT_60+110  JUNCTION         0     1.29     0  00:06           0        83.383319153.742 ltr
  TWT_Liaison_LT_59+738 JUNCTION         0        0     0  00:00           0           0       0.000 ltr
  Syst_Est_amont       JUNCTION      1.08     1.08     0  00:00        92.9        92.9     145.040
  Syst_Est_interm      JUNCTION         0     1.16     0  00:04           0        43.5       1.005
  TWT_Branche_Est_Sonsto_60+540 JUNCTION         0     2.27     0  00:01           0         193       0.547
  TWT_Intersection_Sonsto_60+345 JUNCTION         0     3.04     0  00:06           0        42.6     -48.874
  TWT_Chrosweg_61+140  JUNCTION         0    0.703     0  00:07           0        20.9      11.468
  SonSto_F_sup         JUNCTION         0    0.698     0  00:01           0        58.7      -0.000
  SonSto_porte         JUNCTION         0        0     0  00:00           0           0       0.000 ltr
  Brunnm_Fassung       OUTFALL          0   0.0454     0  00:02           0        3.71       0.000
  Brunnmuehle(Teich)   OUTFALL          0    0.502     0  00:02           0        42.2       0.000
  Fensterstollen       OUTFALL          0     3.21     0  00:05           0         256       0.000
  Gischeren            OUTFALL          0     0.85     0  00:07           0        73.2       0.000
  Schuettstein         OUTFALL          0    0.997     0  00:02           0        85.1       0.000
  Holiloch             OUTFALL          0     14.9     0  00:02           0    1.28e+03       0.000
  Sauserquelle         OUTFALL          0    0.669     0  00:01           0        50.4       0.000
  Entw_Stollen         OUTFALL          0   0.0372     0  00:07           0         3.2       0.000
  Sous_lacustre        OUTFALL          0   0.0457     0  00:02           0         3.8       0.000
  Sous_ecoul.          OUTFALL          0  0.00684     0  00:02           0       0.551       0.000
  Syst_Est_aval        OUTFALL          0      0.7     0  00:07           0        43.1       0.000
  TWT_Portail_Est_61+665 OUTFALL          0    0.152     0  00:07           0        13.1       0.000
  
  
  **********************
  Node Surcharge Summary
  **********************
  
  Surcharging occurs when water rises above the top of the highest conduit.
  ---------------------------------------------------------------------
                                               Max. Height   Min. Depth
                                   Hours       Above Crown    Below Rim
  Node                 Type      Surcharged         Meters       Meters
  ---------------------------------------------------------------------
  9                    JUNCTION       23.99         67.240       30.960
  Holiloch_sonde       JUNCTION       23.99         63.447      134.653
  11                   JUNCTION       24.00         67.375       82.165
  13                   JUNCTION       23.99         91.922      305.078
  21                   JUNCTION       24.00         46.432      102.968
  34                   JUNCTION       24.00         23.309       76.091
  38                   JUNCTION       24.00         32.438      116.962
  40                   JUNCTION       24.00         21.688       74.312
  41                   JUNCTION       23.99         93.664      155.486
  SondeSchuettstein    JUNCTION       23.99         28.434        0.000
  47                   JUNCTION       23.99         20.477       77.623
  48                   JUNCTION       23.99         14.786       84.414
  SondeGischeren       JUNCTION       23.96         14.404       84.396
  49                   JUNCTION       23.97         11.264      180.736
  50                   JUNCTION       23.96          8.621      191.079
  51                   JUNCTION       24.00        109.628      286.372
  Amont_C              JUNCTION       24.00        115.352      281.648
  52                   JUNCTION       23.96         51.628       47.972
  53                   JUNCTION       23.99         54.732      140.268
  54                   JUNCTION       23.90         54.844      140.156
  56                   JUNCTION       24.00          5.902       93.098
  4                    JUNCTION       23.99          9.843       89.507
  5                    JUNCTION       23.98          1.855       43.145
  6                    JUNCTION       23.99         27.363      167.637
  8                    JUNCTION       23.92          1.898      193.102
  10                   JUNCTION       23.97          9.311      182.689
  12                   JUNCTION       23.99         40.660      158.990
  14                   JUNCTION       23.98         40.293      155.707
  15                   JUNCTION       23.96          2.434       97.016
  Syst_Est_interm      JUNCTION       23.88         31.202       67.298
  
  
  *********************
  Node Flooding Summary
  *********************
  
  No nodes were flooded.
  
  
  ***********************
  Outfall Loading Summary
  ***********************
  
  -----------------------------------------------------------
                         Flow       Avg       Max       Total
                         Freq      Flow      Flow      Volume
  Outfall Node           Pcnt       CMS       CMS    10^6 ltr
  -----------------------------------------------------------
  Brunnm_Fassung        99.96     0.043    0.0454       3.715
  Brunnmuehle(Teich)    99.96     0.488     0.502      42.174
  Fensterstollen        99.96      2.97      3.21     256.462
  Gischeren             99.65      0.85      0.85      73.202
  Schuettstein          99.95     0.986     0.997      85.101
  Holiloch              99.92      14.8      14.9    1277.354
  Sauserquelle          99.98     0.584     0.669      50.417
  Entw_Stollen          99.97    0.0371    0.0372       3.201
  Sous_lacustre         99.99     0.044    0.0457       3.800
  Sous_ecoul.           99.96   0.00638   0.00684       0.551
  Syst_Est_aval         99.48     0.501       0.7      43.054
  TWT_Portail_Est_61+665  99.93     0.152     0.152      13.130
  -----------------------------------------------------------
  System                99.89      21.5      21.5    1852.160
  
  
  ********************
  Link Flow Summary
  ********************
  
  -----------------------------------------------------------------------------
                                 Maximum  Time of Max   Maximum    Max/    Max/
                                  |Flow|   Occurrence   |Veloc|    Full    Full
  Link                 Type          CMS  days hr:min     m/sec    Flow   Depth
  -----------------------------------------------------------------------------
  Brunn_Fassung_L      CONDUIT    0.0454     0  00:02      1.82    0.75    0.82
  11                   CONDUIT      18.3     0  00:00      9.20    2.74    1.00
  14                   CONDUIT      20.8     0  00:00     14.01   11.34    1.00
  16                   CONDUIT     0.343     0  00:02      4.01    2.39    1.00
  17                   CONDUIT     0.329     0  00:00      1.16    0.56    1.00
  26                   CONDUIT      5.93     0  00:00     10.82    8.04    1.00
  27                   CONDUIT    0.0476     0  00:07      1.44    0.61    0.83
  Gischeren_L          CONDUIT      0.85     0  00:07      1.17    0.11    0.61
  Schuettstein_L       CONDUIT     0.997     0  00:02      5.58    0.85    0.85
  Brunnmuehle_L        CONDUIT     0.547     0  00:02      1.94    0.26    1.00
  32                   CONDUIT         0     0  00:00      0.00    0.00    0.00
  35                   CONDUIT     0.423     0  00:03      0.51    0.08    1.00
  45                   CONDUIT     0.593     0  00:06      5.95    0.00    0.05
  46                   CONDUIT     0.677     0  00:01      2.39    0.67    1.00
  47                   CONDUIT     0.155     0  00:02      4.08    9.67    1.00
  50                   CONDUIT      1.04     0  00:00      3.92    0.20    1.00
  51                   CONDUIT    0.0957     0  00:01      1.27    0.27    1.00
  53                   CONDUIT     0.327     0  00:00      1.97    1.66    1.00
  Fenster_L            CONDUIT      3.21     0  00:05      6.55    0.03    0.12
  58                   CONDUIT      1.21     0  00:07      2.78    0.02    0.11
  59                   CONDUIT     0.409     0  00:06      3.29    0.00    0.05
  61                   CONDUIT      1.12     0  00:00      5.55    1.58    1.00
  63                   CONDUIT     0.179     0  00:01      2.46    0.80    0.52
  66                   CONDUIT     0.182     0  00:02      2.87    2.40    1.00
  67                   CONDUIT      21.4     0  00:00      5.53    0.21    1.00
  Amont_L              CONDUIT      38.2     0  00:00      5.40    2.07    1.00
  69                   CONDUIT     0.388     0  00:02      3.26    1.52    1.00
  70                   CONDUIT     0.276     0  00:02      2.20    0.85    1.00
  71                   CONDUIT     0.658     0  00:00      2.78    1.16    1.00
  72                   CONDUIT     0.529     0  00:05      2.42    2.51    1.00
  Sauser_L             CONDUIT     0.669     0  00:01      1.26    0.17    0.64
  75                   CONDUIT     0.178     0  00:06      5.11    1.81    0.68
  Entw_Sto_L           CONDUIT    0.0372     0  00:07      1.90    0.86    0.72
  4                    CONDUIT    0.0386     0  00:07      1.58    1.73    0.84
  5                    CONDUIT    0.0332     0  00:07      1.44    1.18    0.86
  6                    CONDUIT    0.0457     0  00:02      1.69    0.69    0.80
  7                    CONDUIT     0.506     0  00:02      2.58    0.78    1.00
  Brunn_Teich_L        CONDUIT     0.502     0  00:02      1.98    0.38    0.71
  9                    CONDUIT   0.00684     0  00:02      1.72    0.00    0.51
  12                   CONDUIT        15     0  00:02      7.82    0.31    1.00
  15                   CONDUIT      16.8     0  00:00      7.92    0.44    1.00
  18                   CONDUIT      15.4     0  00:00      7.50    0.62    1.00
  19                   CONDUIT      1.26     0  00:01      1.65    1.20    1.00
  20                   CONDUIT     0.916     0  00:07      5.56    0.07    0.26
  21                   CONDUIT      15.2     0  00:01      1.35    0.10    0.93
  Hooliloch_L          CONDUIT      14.9     0  00:02      2.04    0.30    0.77
  23                   CONDUIT     0.158     0  00:07      3.37    0.99    0.63
  25                   CONDUIT      1.04     0  00:03      3.56    0.85    1.00
  28                   CONDUIT     0.161     0  00:06      2.44    0.00    0.03
  29                   CONDUIT     0.035     0  00:06      0.62    0.00    0.04
  31                   CONDUIT     0.597     0  00:04      0.94    0.37    0.91
  33                   CONDUIT      1.06     0  00:01      0.98    0.40    1.00
  37                   CONDUIT     0.359     0  00:07      0.66    0.01    0.13
  SS3_L                CONDUIT     0.158     0  00:07      3.06    0.00    0.05
  40                   CONDUIT     0.868     0  00:07      2.44    0.01    0.05
  SS6_L                CONDUIT     0.179     0  00:01      4.23    0.00    0.06
  1                    CONDUIT         0     0  00:00      0.00    0.00    0.02
  2                    CONDUIT         0     0  00:00      0.00    0.00    0.00
  3                    CONDUIT     0.179     0  00:06      5.09    0.02    0.09
  10                   CONDUIT     0.304     0  00:06      0.63    0.00    0.12
  13                   CONDUIT     0.515     0  00:00      6.21    1.12    1.00
  22                   CONDUIT     0.423     0  00:02      4.40    1.05    1.00
  24                   CONDUIT      3.21     0  00:01      4.57    0.00    1.00
  30                   CONDUIT      2.46     0  00:02      3.42    1.03    1.00
  34                   CONDUIT     0.743     0  00:01      3.25    0.83    1.00
  36                   CONDUIT     0.698     0  00:01      5.98    0.75    0.55
  38                   CONDUIT       0.6     0  00:01      3.17    0.22    1.00
  48                   CONDUIT      1.14     0  00:04      2.61    0.76    0.84
  54                   CONDUIT       0.7     0  00:07      0.61    0.13    0.62
  68                   CONDUIT     0.288     0  00:01      9.67    0.00    0.03
  73                   CONDUIT         0     0  00:00      0.00    0.00    0.03
  TWT1                 CONDUIT     0.152     0  00:07      2.29    0.00    0.01
  1_1_a_2              CONDUIT     0.463     0  00:07      4.00    0.32    0.57
  TWT2                 CONDUIT     0.242     0  00:07      2.32    0.00    0.01
  TWT3                 CONDUIT     0.282     0  00:02      0.80    0.00    0.03
  TWT4                 CONDUIT      2.32     0  00:02      2.95    0.00    0.06
  1_2_b_               CONDUIT         0     0  00:00      0.00    0.00    0.06
  1_2_b_2              CONDUIT    0.0715     0  00:01      2.15    0.02    0.55
  1_2_b_3              CONDUIT     0.521     0  00:06      3.75    0.39    1.00
  TWT5                 CONDUIT      3.04     0  00:06      2.94    0.00    0.09
  1_4_a                CONDUIT      0.45     0  00:06      1.49    0.01    0.15
  TWT6                 CONDUIT      1.29     0  00:06      0.75    0.00    0.08
  1_4_b                CONDUIT         0     0  00:00      0.00    0.00    0.16
  TWT7                 CONDUIT         0     0  00:00      0.00    0.00    0.02
  1_5_a                CONDUIT         0     0  00:00      0.00    0.00    0.03
  1_7_a                CONDUIT      2.18     0  00:07      2.37    0.50    0.10
  1_7_a_               CONDUIT     0.338     0  00:01      5.05    0.02    0.42
  1_7_a__              CONDUIT      1.94     0  00:01     13.05    0.28    0.86
  
  
  ***************************
  Flow Classification Summary
  ***************************
  
  -------------------------------------------------------------------------------------
                      Adjusted    ---------- Fraction of Time in Flow Class ---------- 
                       /Actual         Up    Down  Sub   Sup   Up    Down  Norm  Inlet 
  Conduit               Length    Dry  Dry   Dry   Crit  Crit  Crit  Crit  Ltd   Ctrl  
  -------------------------------------------------------------------------------------
  Brunn_Fassung_L         1.00   0.00  0.00  0.00  0.00  1.00  0.00  0.00  0.00  0.00
  11                      1.00   0.00  0.00  0.00  1.00  0.00  0.00  0.00  0.00  0.00
  14                      1.00   0.00  0.00  0.00  1.00  0.00  0.00  0.00  0.00  0.00
  16                      1.00   0.00  0.00  0.00  1.00  0.00  0.00  0.00  0.00  0.00
  17                      1.00   0.00  0.00  0.00  1.00  0.00  0.00  0.00  0.00  0.00
  26                      1.00   0.00  0.00  0.00  1.00  0.00  0.00  0.00  0.00  0.00
  27                      1.00   0.00  0.00  0.00  0.00  1.00  0.00  0.00  0.00  0.00
  Gischeren_L             1.00   0.00  0.00  0.00  1.00  0.00  0.00  0.00  0.00  0.00
  Schuettstein_L          1.00   0.00  0.00  0.00  0.00  1.00  0.00  0.00  0.00  0.00
  Brunnmuehle_L           1.00   0.00  0.00  0.00  1.00  0.00  0.00  0.00  0.00  0.00
  32                      1.00   1.00  0.00  0.00  0.00  0.00  0.00  0.00  0.00  0.00
  35                      1.00   0.00  0.00  0.00  1.00  0.00  0.00  0.00  0.00  0.00
  45                      1.00   0.00  0.00  0.00  0.00  1.00  0.00  0.00  0.00  0.00
  46                      1.00   0.00  0.00  0.00  1.00  0.00  0.00  0.00  0.00  0.00
  47                      1.00   0.00  0.00  0.00  1.00  0.00  0.00  0.00  0.00  0.00
  50                      1.00   0.00  0.00  0.00  1.00  0.00  0.00  0.00  0.00  0.00
  51                      1.00   0.00  0.00  0.00  1.00  0.00  0.00  0.00  0.00  0.00
  53                      1.00   0.00  0.00  0.00  1.00  0.00  0.00  0.00  0.00  0.00
  Fenster_L               1.00   0.00  0.00  0.00  0.00  1.00  0.00  0.00  0.00  0.00
  58                      1.00   0.00  0.00  0.00  0.00  1.00  0.00  0.00  0.00  0.00
  59                      1.00   0.00  0.00  0.00  0.00  1.00  0.00  0.00  0.00  0.00
  61                      1.00   0.00  0.00  0.00  1.00  0.00  0.00  0.00  0.00  0.00
  63                      1.00   0.00  0.00  0.00  1.00  0.00  0.00  0.00  0.00  0.00
  66                      1.00   0.00  0.00  0.00  1.00  0.00  0.00  0.00  0.00  0.00
  67                      1.00   0.00  0.00  0.00  1.00  0.00  0.00  0.00  0.00  0.00
  Amont_L                 1.00   0.00  0.00  0.00  1.00  0.00  0.00  0.00  0.00  0.00
  69                      1.00   0.00  0.00  0.00  1.00  0.00  0.00  0.00  0.00  0.00
  70                      1.00   0.00  0.00  0.00  1.00  0.00  0.00  0.00  0.00  0.00
  71                      1.00   0.00  0.00  0.00  1.00  0.00  0.00  0.00  0.00  0.00
  72                      1.00   0.00  0.00  0.00  1.00  0.00  0.00  0.00  0.00  0.00
  Sauser_L                1.00   0.00  0.00  0.00  1.00  0.00  0.00  0.00  0.00  0.00
  75                      1.00   0.00  0.00  0.00  0.00  1.00  0.00  0.00  0.00  0.00
  Entw_Sto_L              1.00   0.00  0.00  0.00  0.00  1.00  0.00  0.00  0.00  0.00
  4                       1.00   0.00  0.00  0.00  0.00  1.00  0.00  0.00  0.00  0.00
  5                       1.00   0.00  0.00  0.00  0.00  1.00  0.00  0.00  0.00  0.00
  6                       1.00   0.00  0.00  0.00  0.00  1.00  0.00  0.00  0.00  0.00
  7                       1.00   0.00  0.00  0.00  1.00  0.00  0.00  0.00  0.00  0.00
  Brunn_Teich_L           1.00   0.00  0.00  0.00  1.00  0.00  0.00  0.00  0.00  0.00
  9                       1.00   0.00  0.00  0.00  0.00  1.00  0.00  0.00  0.00  0.00
  12                      1.00   0.00  0.00  0.00  1.00  0.00  0.00  0.00  0.00  0.00
  15                      1.00   0.00  0.00  0.00  1.00  0.00  0.00  0.00  0.00  0.00
  18                      1.00   0.00  0.00  0.00  1.00  0.00  0.00  0.00  0.00  0.00
  19                      1.00   0.00  0.00  0.00  1.00  0.00  0.00  0.00  0.00  0.00
  20                      1.00   0.00  0.00  0.00  0.00  1.00  0.00  0.00  0.00  0.00
  21                      1.00   0.00  0.00  0.00  1.00  0.00  0.00  0.00  0.00  0.00
  Hooliloch_L             1.00   0.00  0.00  0.00  1.00  0.00  0.00  0.00  0.00  0.00
  23                      1.00   0.00  0.00  0.00  0.00  1.00  0.00  0.00  0.00  0.00
  25                      1.00   0.00  0.00  0.00  1.00  0.00  0.00  0.00  0.00  0.00
  28                      1.00   0.00  0.00  0.00  0.00  1.00  0.00  0.00  0.00  0.00
  29                      1.00   0.00  0.00  0.00  1.00  0.00  0.00  0.00  1.00  0.00
  31                      1.00   0.00  0.00  0.00  1.00  0.00  0.00  0.00  0.00  0.00
  33                      1.00   0.00  0.00  0.00  1.00  0.00  0.00  0.00  0.00  0.00
  37                      1.00   0.00  0.00  0.00  1.00  0.00  0.00  0.00  0.00  0.00
  SS3_L                   1.00   0.00  0.00  0.00  0.00  1.00  0.00  0.00  1.00  0.00
  40                      1.00   0.00  0.00  0.00  0.00  1.00  0.00  0.00  0.00  0.00
  SS6_L                   1.00   0.00  0.00  0.00  0.00  1.00  0.00  0.00  1.00  0.00
  1                       1.00   0.00  1.00  0.00  0.00  0.00  0.00  0.00  0.00  0.00
  2                       1.00   1.00  0.00  0.00  0.00  0.00  0.00  0.00  0.00  0.00
  3                       1.00   0.00  0.00  0.00  0.00  1.00  0.00  0.00  1.00  0.00
  10                      1.00   0.00  0.00  0.00  1.00  0.00  0.00  0.00  1.00  0.00
  13                      1.00   0.00  0.00  0.00  1.00  0.00  0.00  0.00  0.00  0.00
  22                      1.00   0.00  0.00  0.00  1.00  0.00  0.00  0.00  0.00  0.00
  24                      1.00   0.00  0.00  0.00  1.00  0.00  0.00  0.00  0.00  0.00
  30                      1.00   0.00  0.00  0.00  1.00  0.00  0.00  0.00  0.00  0.00
  34                      1.00   0.00  0.00  0.00  1.00  0.00  0.00  0.00  0.00  0.00
  36                      1.00   0.00  0.00  0.00  0.00  1.00  0.00  0.00  0.00  0.00
  38                      1.00   0.00  0.00  0.00  1.00  0.00  0.00  0.00  0.00  0.00
  48                      1.00   0.00  0.00  0.00  1.00  0.00  0.00  0.00  0.00  0.00
  54                      1.00   0.00  0.01  0.00  0.99  0.00  0.00  0.00  0.00  0.00
  68                      1.00   0.00  0.00  0.00  0.00  1.00  0.00  0.00  1.00  0.00
  73                      1.00   0.00  1.00  0.00  0.00  0.00  0.00  0.00  0.00  0.00
  TWT1                    1.00   0.00  0.00  0.00  0.00  1.00  0.00  0.00  0.00  0.00
  1_1_a_2                 1.00   0.00  0.00  0.00  1.00  0.00  0.00  0.00  1.00  0.00
  TWT2                    1.00   0.00  0.00  0.00  0.00  1.00  0.00  0.00  0.00  0.00
  TWT3                    1.00   0.00  0.00  0.00  1.00  0.00  0.00  0.00  0.00  0.00
  TWT4                    1.00   0.00  0.00  0.00  1.00  0.00  0.00  0.00  1.00  0.00
  1_2_b_                  1.00   0.00  1.00  0.00  0.00  0.00  0.00  0.00  0.00  0.00
  1_2_b_2                 1.00   0.00  0.00  0.00  1.00  0.00  0.00  0.00  1.00  0.00
  1_2_b_3                 1.00   0.00  0.00  0.00  1.00  0.00  0.00  0.00  0.00  0.00
  TWT5                    1.00   0.00  0.00  0.00  1.00  0.00  0.00  0.00  0.00  0.00
  1_4_a                   1.00   0.00  0.00  0.00  1.00  0.00  0.00  0.00  0.00  0.00
  TWT6                    1.00   0.00  0.00  0.00  1.00  0.00  0.00  0.00  0.00  0.00
  1_4_b                   1.00   0.00  1.00  0.00  0.00  0.00  0.00  0.00  0.00  0.00
  TWT7                    1.00   0.00  1.00  0.00  0.00  0.00  0.00  0.00  0.00  0.00
  1_5_a                   1.00   0.00  1.00  0.00  0.00  0.00  0.00  0.00  0.00  0.00
  1_7_a                   1.00   0.00  0.00  0.00  0.00  1.00  0.00  0.00  0.00  0.00
  1_7_a_                  1.00   0.00  0.00  0.00  0.00  1.00  0.00  0.00  1.00  0.00
  1_7_a__                 1.00   0.00  0.00  0.00  0.00  1.00  0.00  0.00  0.00  0.00
  
  
  *************************
  Conduit Surcharge Summary
  *************************
  
  ----------------------------------------------------------------------------
                                                           Hours        Hours 
                         --------- Hours Full --------   Above Full   Capacity
  Conduit                Both Ends  Upstream  Dnstream   Normal Flow   Limited
  ----------------------------------------------------------------------------
  Brunn_Fassung_L             0.01      0.01     24.00      0.01         0.01
  11                         23.99     23.99     23.99     23.99         0.01
  14                         23.99     23.99     24.00     23.99         0.01
  16                         24.00     24.00     24.00     23.99        23.99
  17                         24.00     24.00     24.00      0.01         0.01
  26                         23.99     24.00     23.99     23.99        23.99
  27                          0.01      0.01     23.94      0.01         0.01
  Gischeren_L                 0.01      0.01     23.92      0.01         0.01
  Schuettstein_L              0.01      0.01     23.99      0.01         0.01
  Brunnmuehle_L              24.00     24.00     24.00      0.01         0.01
  35                         23.93     23.93     23.96      0.01         0.01
  46                         24.00     24.00     24.00      0.01         0.01
  47                         24.00     24.00     24.00     24.00        24.00
  50                         23.99     23.99     23.99      0.01         0.01
  51                         23.98     23.98     23.99      0.01         0.01
  53                         24.00     24.00     24.00     23.99         0.01
  61                         23.99     23.99     23.99     23.99         0.01
  63                          0.01     23.98      0.01      0.01         0.01
  66                         23.96     23.98     23.96     23.98        23.96
  67                         23.99     23.99     24.00      0.01         0.01
  Amont_L                    24.00     24.00     24.00     24.00         0.01
  69                         23.96     23.96     24.00     23.98         0.01
  70                         23.96     23.96     24.00      0.01         0.01
  71                         23.99     23.99     23.99      0.01         0.01
  72                         23.90     23.99     23.90     23.99        23.90
  Sauser_L                    0.01      0.01     24.00      0.01         0.01
  75                          0.01     23.98      0.01     23.90         0.01
  4                           0.01     23.98      0.01     23.90         0.01
  5                           0.01      0.01     24.00     23.93         0.01
  6                           0.01      0.01     24.00      0.01         0.01
  7                          23.99     23.99     24.00      0.01         0.01
  Brunn_Teich_L               0.01      0.01     23.99      0.01         0.01
  9                           0.01      0.01     23.99      0.01         0.01
  12                         23.99     23.99     23.99      0.01         0.01
  15                         23.99     23.99     23.99      0.01         0.01
  18                         23.99     23.99     23.99      0.01         0.01
  19                         23.98     23.98     23.99      0.01         0.01
  21                          0.01      0.01     23.98      0.01         0.01
  Hooliloch_L                 0.01      0.01     23.97      0.01         0.01
  23                          0.01     23.96      0.01      0.01         0.01
  25                         23.95     23.95     23.99      0.01         0.01
  31                          0.01      0.01     23.92      0.01         0.01
  33                         23.97     23.97     23.97      0.01         0.01
  13                         23.99     23.99     24.00      0.01         0.01
  22                         23.99     23.99     24.00     23.99        23.99
  24                         23.98     23.98     24.00      0.01         0.01
  30                         23.98     23.98     24.00     23.98        23.98
  34                         23.96     23.96     23.99      0.01         0.01
  36                          0.01     23.96      0.01      0.01         0.01
  38                         23.95     23.95     23.97      0.01         0.01
  48                          0.01      0.01     23.91      0.01         0.01
  54                          0.01      0.01     23.87      0.01         0.01
  1_1_a_2                     0.01      0.01     23.94      0.01         0.01
  1_2_b_2                     0.01      0.01     23.90      0.01         0.01
  1_2_b_3                    23.90     23.90     24.00      0.01         0.01
  1_7_a__                     0.01      0.01     23.99      0.01         0.01
  

  Analysis begun on:  Mon Aug 17 08:45:14 2026
  Analysis ended on:  Mon Aug 17 08:45:16 2026
  Total elapsed time: 00:00:02